000 (10419563.073.000) 05/04 16:51:58 Job submitted from host: <188.185.6.50:9618?addrs=188.185.6.50-9618+[2001-1458-d00-62--100-2b1]-9618&alias=bigbird25.cern.ch&noUDP&sock=schedd_5459_ff98>
...
040 (10419563.073.000) 05/04 16:53:22 Started transferring input files
	Transferring to host: <188.185.215.150:9618?addrs=188.185.215.150-9618+[2001-1458-303-26--100-12]-9618&alias=b9p18p6006.cern.ch&noUDP&sock=slot1_2_5169_c72b_229065>
...
040 (10419563.073.000) 05/04 16:53:22 Finished transferring input files
...
001 (10419563.073.000) 05/04 16:53:23 Job executing on host: <188.185.215.150:9618?addrs=188.185.215.150-9618+[2001-1458-303-26--100-12]-9618&alias=b9p18p6006.cern.ch&noUDP&sock=startd_4031_825a>
	SlotName: slot1_2@b9p18p6006.cern.ch
	CondorScratchDir = "/pool/condor/dir_960691"
	Cpus = 1
	Disk = 3866
	GPUs = 0
	Memory = 3000
...
006 (10419563.073.000) 05/04 16:53:36 Image size of job updated: 201928
	198  -  MemoryUsage of job (MB)
	201928  -  ResidentSetSize of job (KB)
...
006 (10419563.073.000) 05/04 16:58:37 Image size of job updated: 296192
	290  -  MemoryUsage of job (MB)
	296192  -  ResidentSetSize of job (KB)
...
006 (10419563.073.000) 05/04 17:03:38 Image size of job updated: 299592
	293  -  MemoryUsage of job (MB)
	299592  -  ResidentSetSize of job (KB)
...
006 (10419563.073.000) 05/04 17:08:38 Image size of job updated: 299784
	293  -  MemoryUsage of job (MB)
	299784  -  ResidentSetSize of job (KB)
...
006 (10419563.073.000) 05/04 17:13:38 Image size of job updated: 299920
	293  -  MemoryUsage of job (MB)
	299816  -  ResidentSetSize of job (KB)
...
006 (10419563.073.000) 05/04 17:18:39 Image size of job updated: 299920
	293  -  MemoryUsage of job (MB)
	299840  -  ResidentSetSize of job (KB)
...
006 (10419563.073.000) 05/04 17:23:39 Image size of job updated: 300220
	293  -  MemoryUsage of job (MB)
	299840  -  ResidentSetSize of job (KB)
...
006 (10419563.073.000) 05/04 17:29:32 Image size of job updated: 340308
	293  -  MemoryUsage of job (MB)
	299840  -  ResidentSetSize of job (KB)
...
040 (10419563.073.000) 05/04 17:29:32 Started transferring output files
...
040 (10419563.073.000) 05/04 17:29:32 Finished transferring output files
...
005 (10419563.073.000) 05/04 17:29:32 Job terminated.
	(1) Normal termination (return value 0)
		Usr 0 00:32:01, Sys 0 00:00:05  -  Run Remote Usage
		Usr 0 00:00:00, Sys 0 00:00:00  -  Run Local Usage
		Usr 0 00:32:01, Sys 0 00:00:05  -  Total Remote Usage
		Usr 0 00:00:00, Sys 0 00:00:00  -  Total Local Usage
	15090  -  Run Bytes Sent By Job
	17206  -  Run Bytes Received By Job
	15090  -  Total Bytes Sent By Job
	17206  -  Total Bytes Received By Job
	Partitionable Resources :    Usage  Request Allocated 
	   Cpus                 :     0.75        1         1 
	   Disk (KB)            :    55          20      3866 
	   GPUs                 :                           0 
	   Memory (MB)          :   293        3000      3000 
	   TimeExecute (s)      :  2169                       
	   TimeSlotBusy (s)     :  2171                       

	Job terminated of its own accord at 2026-05-04T15:29:32Z with exit-code 0.
...
