000 (10419563.232.000) 05/04 16:51:59 Job submitted from host: <188.185.6.50:9618?addrs=188.185.6.50-9618+[2001-1458-d00-62--100-2b1]-9618&alias=bigbird25.cern.ch&noUDP&sock=schedd_5459_ff98>
...
040 (10419563.232.000) 05/04 16:54:14 Started transferring input files
	Transferring to host: <188.185.192.110:9618?addrs=188.185.192.110-9618+[2001-1458-303-1f--100-6a]-9618&alias=b9p13p9473.cern.ch&noUDP&sock=slot1_11_7644_a3b0_228982>
...
040 (10419563.232.000) 05/04 16:54:14 Finished transferring input files
...
001 (10419563.232.000) 05/04 16:54:15 Job executing on host: <188.185.192.110:9618?addrs=188.185.192.110-9618+[2001-1458-303-1f--100-6a]-9618&alias=b9p13p9473.cern.ch&noUDP&sock=startd_6583_f80b>
	SlotName: slot1_11@b9p13p9473.cern.ch
	CondorScratchDir = "/pool/condor/dir_1234611"
	Cpus = 1
	Disk = 3919
	GPUs = 0
	Memory = 3000
...
006 (10419563.232.000) 05/04 16:54:29 Image size of job updated: 201672
	197  -  MemoryUsage of job (MB)
	201672  -  ResidentSetSize of job (KB)
...
006 (10419563.232.000) 05/04 16:59:30 Image size of job updated: 297904
	291  -  MemoryUsage of job (MB)
	297904  -  ResidentSetSize of job (KB)
...
006 (10419563.232.000) 05/04 17:04:30 Image size of job updated: 299764
	293  -  MemoryUsage of job (MB)
	299764  -  ResidentSetSize of job (KB)
...
006 (10419563.232.000) 05/04 17:09:30 Image size of job updated: 302176
	296  -  MemoryUsage of job (MB)
	302176  -  ResidentSetSize of job (KB)
...
006 (10419563.232.000) 05/04 17:14:31 Image size of job updated: 302248
	296  -  MemoryUsage of job (MB)
	302176  -  ResidentSetSize of job (KB)
...
040 (10419563.232.000) 05/04 17:25:15 Started transferring output files
...
040 (10419563.232.000) 05/04 17:25:15 Finished transferring output files
...
005 (10419563.232.000) 05/04 17:25:15 Job terminated.
	(1) Normal termination (return value 0)
		Usr 0 00:30:16, Sys 0 00:00:05  -  Run Remote Usage
		Usr 0 00:00:00, Sys 0 00:00:00  -  Run Local Usage
		Usr 0 00:30:16, Sys 0 00:00:05  -  Total Remote Usage
		Usr 0 00:00:00, Sys 0 00:00:00  -  Total Local Usage
	15139  -  Run Bytes Sent By Job
	17206  -  Run Bytes Received By Job
	15139  -  Total Bytes Sent By Job
	17206  -  Total Bytes Received By Job
	Partitionable Resources :    Usage  Request Allocated 
	   Cpus                 :     0.99        1         1 
	   Disk (KB)            :    55          20      3919 
	   GPUs                 :                           0 
	   Memory (MB)          :   296        3000      3000 
	   TimeExecute (s)      :  1860                       
	   TimeSlotBusy (s)     :  1862                       

	Job terminated of its own accord at 2026-05-04T15:25:15Z with exit-code 0.
...
