000 (10419563.214.000) 05/04 16:51:58 Job submitted from host: <188.185.6.50:9618?addrs=188.185.6.50-9618+[2001-1458-d00-62--100-2b1]-9618&alias=bigbird25.cern.ch&noUDP&sock=schedd_5459_ff98>
...
040 (10419563.214.000) 05/04 16:54:54 Started transferring input files
	Transferring to host: <188.185.193.133:9618?addrs=188.185.193.133-9618+[2001-1458-303-20--100-81]-9618&alias=b9p19p3628.cern.ch&noUDP&sock=slot1_31_4762_027b_222099>
...
040 (10419563.214.000) 05/04 16:54:54 Finished transferring input files
...
001 (10419563.214.000) 05/04 16:54:55 Job executing on host: <188.185.193.133:9618?addrs=188.185.193.133-9618+[2001-1458-303-20--100-81]-9618&alias=b9p19p3628.cern.ch&noUDP&sock=startd_3744_a6ac>
	SlotName: slot1_31@b9p19p3628.cern.ch
	CondorScratchDir = "/pool/condor/dir_1034669"
	Cpus = 1
	Disk = 3756
	GPUs = 0
	Memory = 3000
...
006 (10419563.214.000) 05/04 16:55:08 Image size of job updated: 12384
	13  -  MemoryUsage of job (MB)
	12384  -  ResidentSetSize of job (KB)
...
006 (10419563.214.000) 05/04 17:00:08 Image size of job updated: 296544
	290  -  MemoryUsage of job (MB)
	296544  -  ResidentSetSize of job (KB)
...
006 (10419563.214.000) 05/04 17:05:08 Image size of job updated: 301292
	295  -  MemoryUsage of job (MB)
	301292  -  ResidentSetSize of job (KB)
...
006 (10419563.214.000) 05/04 17:10:09 Image size of job updated: 301364
	295  -  MemoryUsage of job (MB)
	301364  -  ResidentSetSize of job (KB)
...
006 (10419563.214.000) 05/04 17:15:09 Image size of job updated: 301376
	295  -  MemoryUsage of job (MB)
	301364  -  ResidentSetSize of job (KB)
...
040 (10419563.214.000) 05/04 17:27:09 Started transferring output files
...
040 (10419563.214.000) 05/04 17:27:09 Finished transferring output files
...
005 (10419563.214.000) 05/04 17:27:09 Job terminated.
	(1) Normal termination (return value 0)
		Usr 0 00:29:59, Sys 0 00:00:08  -  Run Remote Usage
		Usr 0 00:00:00, Sys 0 00:00:00  -  Run Local Usage
		Usr 0 00:29:59, Sys 0 00:00:08  -  Total Remote Usage
		Usr 0 00:00:00, Sys 0 00:00:00  -  Total Local Usage
	14707  -  Run Bytes Sent By Job
	17206  -  Run Bytes Received By Job
	14707  -  Total Bytes Sent By Job
	17206  -  Total Bytes Received By Job
	Partitionable Resources :    Usage  Request Allocated 
	   Cpus                 :     0.96        1         1 
	   Disk (KB)            :    54          20      3756 
	   GPUs                 :                           0 
	   Memory (MB)          :   295        3000      3000 
	   TimeExecute (s)      :  1934                       
	   TimeSlotBusy (s)     :  1936                       

	Job terminated of its own accord at 2026-05-04T15:27:09Z with exit-code 0.
...
