000 (10419563.275.000) 05/04 16:51:59 Job submitted from host: <188.185.6.50:9618?addrs=188.185.6.50-9618+[2001-1458-d00-62--100-2b1]-9618&alias=bigbird25.cern.ch&noUDP&sock=schedd_5459_ff98>
...
040 (10419563.275.000) 05/04 16:54:29 Started transferring input files
	Transferring to host: <188.185.196.50:9618?addrs=188.185.196.50-9618+[2001-1458-303-23--100-2e]-9618&alias=b9p16p7356.cern.ch&noUDP&sock=slot1_10_7735_c1d4_225143>
...
040 (10419563.275.000) 05/04 16:54:29 Finished transferring input files
...
001 (10419563.275.000) 05/04 16:54:30 Job executing on host: <188.185.196.50:9618?addrs=188.185.196.50-9618+[2001-1458-303-23--100-2e]-9618&alias=b9p16p7356.cern.ch&noUDP&sock=startd_6415_bc22>
	SlotName: slot1_10@b9p16p7356.cern.ch
	CondorScratchDir = "/pool/condor/dir_2544498"
	Cpus = 1
	Disk = 3841
	GPUs = 0
	Memory = 3000
...
006 (10419563.275.000) 05/04 16:54:44 Image size of job updated: 202972
	199  -  MemoryUsage of job (MB)
	202972  -  ResidentSetSize of job (KB)
...
006 (10419563.275.000) 05/04 16:59:45 Image size of job updated: 296124
	290  -  MemoryUsage of job (MB)
	296124  -  ResidentSetSize of job (KB)
...
006 (10419563.275.000) 05/04 17:04:45 Image size of job updated: 299708
	293  -  MemoryUsage of job (MB)
	299708  -  ResidentSetSize of job (KB)
...
006 (10419563.275.000) 05/04 17:09:45 Image size of job updated: 299828
	293  -  MemoryUsage of job (MB)
	299828  -  ResidentSetSize of job (KB)
...
040 (10419563.275.000) 05/04 17:22:35 Started transferring output files
...
040 (10419563.275.000) 05/04 17:22:35 Finished transferring output files
...
005 (10419563.275.000) 05/04 17:22:36 Job terminated.
	(1) Normal termination (return value 0)
		Usr 0 00:26:44, Sys 0 00:00:08  -  Run Remote Usage
		Usr 0 00:00:00, Sys 0 00:00:00  -  Run Local Usage
		Usr 0 00:26:44, Sys 0 00:00:08  -  Total Remote Usage
		Usr 0 00:00:00, Sys 0 00:00:00  -  Total Local Usage
	14595  -  Run Bytes Sent By Job
	17206  -  Run Bytes Received By Job
	14595  -  Total Bytes Sent By Job
	17206  -  Total Bytes Received By Job
	Partitionable Resources :    Usage  Request Allocated 
	   Cpus                 :     0.95        1         1 
	   Disk (KB)            :    54          20      3841 
	   GPUs                 :                           0 
	   Memory (MB)          :   293        3000      3000 
	   TimeExecute (s)      :  1685                       
	   TimeSlotBusy (s)     :  1687                       

	Job terminated of its own accord at 2026-05-04T15:22:35Z with exit-code 0.
...
