000 (10419563.281.000) 05/04 16:51:59 Job submitted from host: <188.185.6.50:9618?addrs=188.185.6.50-9618+[2001-1458-d00-62--100-2b1]-9618&alias=bigbird25.cern.ch&noUDP&sock=schedd_5459_ff98>
...
040 (10419563.281.000) 05/04 16:54:31 Started transferring input files
	Transferring to host: <188.185.214.140:9618?addrs=188.185.214.140-9618+[2001-1458-303-1d--100-8]-9618&alias=b9p30p5740.cern.ch&noUDP&sock=slot1_5_4163_f5c2_250859>
...
040 (10419563.281.000) 05/04 16:54:31 Finished transferring input files
...
001 (10419563.281.000) 05/04 16:54:32 Job executing on host: <188.185.214.140:9618?addrs=188.185.214.140-9618+[2001-1458-303-1d--100-8]-9618&alias=b9p30p5740.cern.ch&noUDP&sock=startd_3544_77bb>
	SlotName: slot1_5@b9p30p5740.cern.ch
	CondorScratchDir = "/pool/condor/dir_1318092"
	Cpus = 1
	Disk = 3840
	GPUs = 0
	Memory = 3000
...
006 (10419563.281.000) 05/04 16:54:45 Image size of job updated: 206172
	202  -  MemoryUsage of job (MB)
	206172  -  ResidentSetSize of job (KB)
...
006 (10419563.281.000) 05/04 16:59:45 Image size of job updated: 299236
	293  -  MemoryUsage of job (MB)
	299236  -  ResidentSetSize of job (KB)
...
006 (10419563.281.000) 05/04 17:04:46 Image size of job updated: 299432
	293  -  MemoryUsage of job (MB)
	299236  -  ResidentSetSize of job (KB)
...
006 (10419563.281.000) 05/04 17:14:46 Image size of job updated: 299892
	293  -  MemoryUsage of job (MB)
	299892  -  ResidentSetSize of job (KB)
...
006 (10419563.281.000) 05/04 17:15:34 Image size of job updated: 302428
	293  -  MemoryUsage of job (MB)
	299892  -  ResidentSetSize of job (KB)
...
040 (10419563.281.000) 05/04 17:15:34 Started transferring output files
...
040 (10419563.281.000) 05/04 17:15:34 Finished transferring output files
...
005 (10419563.281.000) 05/04 17:15:34 Job terminated.
	(1) Normal termination (return value 0)
		Usr 0 00:20:14, Sys 0 00:00:09  -  Run Remote Usage
		Usr 0 00:00:00, Sys 0 00:00:00  -  Run Local Usage
		Usr 0 00:20:14, Sys 0 00:00:09  -  Total Remote Usage
		Usr 0 00:00:00, Sys 0 00:00:00  -  Total Local Usage
	14931  -  Run Bytes Sent By Job
	17206  -  Run Bytes Received By Job
	14931  -  Total Bytes Sent By Job
	17206  -  Total Bytes Received By Job
	Partitionable Resources :    Usage  Request Allocated 
	   Cpus                 :     0.98        1         1 
	   Disk (KB)            :    55          20      3840 
	   GPUs                 :                           0 
	   Memory (MB)          :   293        3000      3000 
	   TimeExecute (s)      :  1262                       
	   TimeSlotBusy (s)     :  1264                       

	Job terminated of its own accord at 2026-05-04T15:15:34Z with exit-code 0.
...
