000 (10419563.332.000) 05/04 16:51:59 Job submitted from host: <188.185.6.50:9618?addrs=188.185.6.50-9618+[2001-1458-d00-62--100-2b1]-9618&alias=bigbird25.cern.ch&noUDP&sock=schedd_5459_ff98>
...
040 (10419563.332.000) 05/04 16:54:46 Started transferring input files
	Transferring to host: <188.185.210.99:9618?addrs=188.185.210.99-9618+[2001-1458-303-1--100-5f]-9618&alias=b9p21p4631.cern.ch&noUDP&sock=slot1_9_7140_869b_248726>
...
040 (10419563.332.000) 05/04 16:54:46 Finished transferring input files
...
001 (10419563.332.000) 05/04 16:54:47 Job executing on host: <188.185.210.99:9618?addrs=188.185.210.99-9618+[2001-1458-303-1--100-5f]-9618&alias=b9p21p4631.cern.ch&noUDP&sock=startd_6450_bdf2>
	SlotName: slot1_9@b9p21p4631.cern.ch
	CondorScratchDir = "/pool/condor/dir_3997343"
	Cpus = 1
	Disk = 3848
	GPUs = 0
	Memory = 3000
...
006 (10419563.332.000) 05/04 16:55:01 Image size of job updated: 208148
	204  -  MemoryUsage of job (MB)
	208148  -  ResidentSetSize of job (KB)
...
006 (10419563.332.000) 05/04 17:00:02 Image size of job updated: 299036
	293  -  MemoryUsage of job (MB)
	299036  -  ResidentSetSize of job (KB)
...
006 (10419563.332.000) 05/04 17:05:02 Image size of job updated: 300636
	294  -  MemoryUsage of job (MB)
	300636  -  ResidentSetSize of job (KB)
...
006 (10419563.332.000) 05/04 17:12:03 Image size of job updated: 301648
	294  -  MemoryUsage of job (MB)
	300636  -  ResidentSetSize of job (KB)
...
040 (10419563.332.000) 05/04 17:12:03 Started transferring output files
...
040 (10419563.332.000) 05/04 17:12:03 Finished transferring output files
...
005 (10419563.332.000) 05/04 17:12:03 Job terminated.
	(1) Normal termination (return value 0)
		Usr 0 00:16:40, Sys 0 00:00:06  -  Run Remote Usage
		Usr 0 00:00:00, Sys 0 00:00:00  -  Run Local Usage
		Usr 0 00:16:40, Sys 0 00:00:06  -  Total Remote Usage
		Usr 0 00:00:00, Sys 0 00:00:00  -  Total Local Usage
	14707  -  Run Bytes Sent By Job
	17206  -  Run Bytes Received By Job
	14707  -  Total Bytes Sent By Job
	17206  -  Total Bytes Received By Job
	Partitionable Resources :    Usage  Request Allocated 
	   Cpus                 :     0.98        1         1 
	   Disk (KB)            :    54          20      3848 
	   GPUs                 :                           0 
	   Memory (MB)          :   294        3000      3000 
	   TimeExecute (s)      :  1036                       
	   TimeSlotBusy (s)     :  1038                       

	Job terminated of its own accord at 2026-05-04T15:12:03Z with exit-code 0.
...
