000 (10419563.188.000) 05/04 16:51:58 Job submitted from host: <188.185.6.50:9618?addrs=188.185.6.50-9618+[2001-1458-d00-62--100-2b1]-9618&alias=bigbird25.cern.ch&noUDP&sock=schedd_5459_ff98>
...
040 (10419563.188.000) 05/04 16:54:00 Started transferring input files
	Transferring to host: <188.185.212.63:9618?addrs=188.185.212.63-9618+[2001-1458-303-18--100-3b]-9618&alias=b9p25p8096.cern.ch&noUDP&sock=slot1_18_6373_1adc_248187>
...
040 (10419563.188.000) 05/04 16:54:00 Finished transferring input files
...
001 (10419563.188.000) 05/04 16:54:01 Job executing on host: <188.185.212.63:9618?addrs=188.185.212.63-9618+[2001-1458-303-18--100-3b]-9618&alias=b9p25p8096.cern.ch&noUDP&sock=startd_5324_664f>
	SlotName: slot1_18@b9p25p8096.cern.ch
	CondorScratchDir = "/pool/condor/dir_3234693"
	Cpus = 1
	Disk = 3858
	GPUs = 0
	Memory = 3000
...
006 (10419563.188.000) 05/04 16:54:15 Image size of job updated: 204900
	201  -  MemoryUsage of job (MB)
	204900  -  ResidentSetSize of job (KB)
...
006 (10419563.188.000) 05/04 16:59:16 Image size of job updated: 298308
	292  -  MemoryUsage of job (MB)
	298308  -  ResidentSetSize of job (KB)
...
006 (10419563.188.000) 05/04 17:04:16 Image size of job updated: 299480
	293  -  MemoryUsage of job (MB)
	299480  -  ResidentSetSize of job (KB)
...
006 (10419563.188.000) 05/04 17:09:17 Image size of job updated: 304024
	297  -  MemoryUsage of job (MB)
	304024  -  ResidentSetSize of job (KB)
...
006 (10419563.188.000) 05/04 17:14:17 Image size of job updated: 304076
	297  -  MemoryUsage of job (MB)
	304024  -  ResidentSetSize of job (KB)
...
006 (10419563.188.000) 05/04 18:17:58 Image size of job updated: 306200
	297  -  MemoryUsage of job (MB)
	304024  -  ResidentSetSize of job (KB)
...
040 (10419563.188.000) 05/04 18:17:58 Started transferring output files
...
040 (10419563.188.000) 05/04 18:17:58 Finished transferring output files
...
005 (10419563.188.000) 05/04 18:17:58 Job terminated.
	(1) Normal termination (return value 0)
		Usr 0 01:08:30, Sys 0 00:00:19  -  Run Remote Usage
		Usr 0 00:00:00, Sys 0 00:00:00  -  Run Local Usage
		Usr 0 01:08:30, Sys 0 00:00:19  -  Total Remote Usage
		Usr 0 00:00:00, Sys 0 00:00:00  -  Total Local Usage
	19683  -  Run Bytes Sent By Job
	17206  -  Run Bytes Received By Job
	19683  -  Total Bytes Sent By Job
	17206  -  Total Bytes Received By Job
	Partitionable Resources :    Usage  Request Allocated 
	   Cpus                 :     0.71        1         1 
	   Disk (KB)            :    59          20      3858 
	   GPUs                 :                           0 
	   Memory (MB)          :   297        3000      3000 
	   TimeExecute (s)      :  5037                       
	   TimeSlotBusy (s)     :  5039                       

	Job terminated of its own accord at 2026-05-04T16:17:58Z with exit-code 0.
...
