000 (10419563.225.000) 05/04 16:51:59 Job submitted from host: <188.185.6.50:9618?addrs=188.185.6.50-9618+[2001-1458-d00-62--100-2b1]-9618&alias=bigbird25.cern.ch&noUDP&sock=schedd_5459_ff98>
...
040 (10419563.225.000) 05/04 16:54:12 Started transferring input files
	Transferring to host: <188.185.207.167:9618?addrs=188.185.207.167-9618+[2001-1458-303-e--100-24]-9618&alias=b9p08p3918.cern.ch&noUDP&sock=slot1_21_3787_08b3_213580>
...
040 (10419563.225.000) 05/04 16:54:12 Finished transferring input files
...
001 (10419563.225.000) 05/04 16:54:13 Job executing on host: <188.185.207.167:9618?addrs=188.185.207.167-9618+[2001-1458-303-e--100-24]-9618&alias=b9p08p3918.cern.ch&noUDP&sock=startd_3345_f862>
	SlotName: slot1_21@b9p08p3918.cern.ch
	CondorScratchDir = "/pool/condor/dir_3878461"
	Cpus = 1
	Disk = 3581
	GPUs = 0
	Memory = 3000
...
006 (10419563.225.000) 05/04 16:54:27 Image size of job updated: 117712
	115  -  MemoryUsage of job (MB)
	117712  -  ResidentSetSize of job (KB)
...
006 (10419563.225.000) 05/04 16:59:28 Image size of job updated: 300760
	294  -  MemoryUsage of job (MB)
	300760  -  ResidentSetSize of job (KB)
...
006 (10419563.225.000) 05/04 17:04:28 Image size of job updated: 300848
	294  -  MemoryUsage of job (MB)
	300760  -  ResidentSetSize of job (KB)
...
040 (10419563.225.000) 05/04 17:11:16 Started transferring output files
...
040 (10419563.225.000) 05/04 17:11:16 Finished transferring output files
...
005 (10419563.225.000) 05/04 17:11:16 Job terminated.
	(1) Normal termination (return value 0)
		Usr 0 00:16:16, Sys 0 00:00:06  -  Run Remote Usage
		Usr 0 00:00:00, Sys 0 00:00:00  -  Run Local Usage
		Usr 0 00:16:16, Sys 0 00:00:06  -  Total Remote Usage
		Usr 0 00:00:00, Sys 0 00:00:00  -  Total Local Usage
	14851  -  Run Bytes Sent By Job
	17206  -  Run Bytes Received By Job
	14851  -  Total Bytes Sent By Job
	17206  -  Total Bytes Received By Job
	Partitionable Resources :    Usage  Request Allocated 
	   Cpus                 :     0.98        1         1 
	   Disk (KB)            :    57          20      3581 
	   GPUs                 :                           0 
	   Memory (MB)          :   294        3000      3000 
	   TimeExecute (s)      :  1023                       
	   TimeSlotBusy (s)     :  1025                       

	Job terminated of its own accord at 2026-05-04T15:11:16Z with exit-code 0.
...
