000 (10419563.057.000) 05/04 16:51:58 Job submitted from host: <188.185.6.50:9618?addrs=188.185.6.50-9618+[2001-1458-d00-62--100-2b1]-9618&alias=bigbird25.cern.ch&noUDP&sock=schedd_5459_ff98>
...
040 (10419563.057.000) 05/04 16:53:17 Started transferring input files
	Transferring to host: <188.185.214.51:9618?addrs=188.185.214.51-9618+[2001-1458-303-1c--100-2f]-9618&alias=b9p29p9485.cern.ch&noUDP&sock=slot1_35_213758_992d_171249>
...
040 (10419563.057.000) 05/04 16:53:17 Finished transferring input files
...
001 (10419563.057.000) 05/04 16:53:18 Job executing on host: <188.185.214.51:9618?addrs=188.185.214.51-9618+[2001-1458-303-1c--100-2f]-9618&alias=b9p29p9485.cern.ch&noUDP&sock=startd_3721_dffe>
	SlotName: slot1_35@b9p29p9485.cern.ch
	CondorScratchDir = "/pool/condor/dir_2100855"
	Cpus = 1
	Disk = 3760
	GPUs = 0
	Memory = 3000
...
006 (10419563.057.000) 05/04 16:53:32 Image size of job updated: 203712
	199  -  MemoryUsage of job (MB)
	203712  -  ResidentSetSize of job (KB)
...
006 (10419563.057.000) 05/04 16:58:33 Image size of job updated: 298340
	292  -  MemoryUsage of job (MB)
	298340  -  ResidentSetSize of job (KB)
...
006 (10419563.057.000) 05/04 17:03:34 Image size of job updated: 298724
	292  -  MemoryUsage of job (MB)
	298340  -  ResidentSetSize of job (KB)
...
006 (10419563.057.000) 05/04 17:13:35 Image size of job updated: 299116
	293  -  MemoryUsage of job (MB)
	299116  -  ResidentSetSize of job (KB)
...
006 (10419563.057.000) 05/04 17:15:24 Image size of job updated: 300712
	293  -  MemoryUsage of job (MB)
	299116  -  ResidentSetSize of job (KB)
...
040 (10419563.057.000) 05/04 17:15:24 Started transferring output files
...
040 (10419563.057.000) 05/04 17:15:24 Finished transferring output files
...
005 (10419563.057.000) 05/04 17:15:24 Job terminated.
	(1) Normal termination (return value 0)
		Usr 0 00:19:16, Sys 0 00:00:08  -  Run Remote Usage
		Usr 0 00:00:00, Sys 0 00:00:00  -  Run Local Usage
		Usr 0 00:19:16, Sys 0 00:00:08  -  Total Remote Usage
		Usr 0 00:00:00, Sys 0 00:00:00  -  Total Local Usage
	14531  -  Run Bytes Sent By Job
	17206  -  Run Bytes Received By Job
	14531  -  Total Bytes Sent By Job
	17206  -  Total Bytes Received By Job
	Partitionable Resources :    Usage  Request Allocated 
	   Cpus                 :     0.93        1         1 
	   Disk (KB)            :    54          20      3760 
	   GPUs                 :                           0 
	   Memory (MB)          :   293        3000      3000 
	   TimeExecute (s)      :  1326                       
	   TimeSlotBusy (s)     :  1328                       

	Job terminated of its own accord at 2026-05-04T15:15:24Z with exit-code 0.
...
