000 (10419563.033.000) 05/04 16:51:58 Job submitted from host: <188.185.6.50:9618?addrs=188.185.6.50-9618+[2001-1458-d00-62--100-2b1]-9618&alias=bigbird25.cern.ch&noUDP&sock=schedd_5459_ff98>
...
040 (10419563.033.000) 05/04 16:53:09 Started transferring input files
	Transferring to host: <188.185.193.105:9618?addrs=188.185.193.105-9618+[2001-1458-303-20--100-65]-9618&alias=b9p19p4239.cern.ch&noUDP&sock=slot1_10_5279_4870_221259>
...
040 (10419563.033.000) 05/04 16:53:09 Finished transferring input files
...
001 (10419563.033.000) 05/04 16:53:10 Job executing on host: <188.185.193.105:9618?addrs=188.185.193.105-9618+[2001-1458-303-20--100-65]-9618&alias=b9p19p4239.cern.ch&noUDP&sock=startd_4136_87cc>
	SlotName: slot1_10@b9p19p4239.cern.ch
	CondorScratchDir = "/pool/condor/dir_2332900"
	Cpus = 1
	Disk = 3763
	GPUs = 0
	Memory = 3000
...
006 (10419563.033.000) 05/04 16:53:24 Image size of job updated: 202080
	198  -  MemoryUsage of job (MB)
	202080  -  ResidentSetSize of job (KB)
...
006 (10419563.033.000) 05/04 16:58:25 Image size of job updated: 295840
	289  -  MemoryUsage of job (MB)
	295840  -  ResidentSetSize of job (KB)
...
006 (10419563.033.000) 05/04 17:03:25 Image size of job updated: 296652
	290  -  MemoryUsage of job (MB)
	296652  -  ResidentSetSize of job (KB)
...
006 (10419563.033.000) 05/04 17:08:26 Image size of job updated: 297204
	291  -  MemoryUsage of job (MB)
	297204  -  ResidentSetSize of job (KB)
...
006 (10419563.033.000) 05/04 17:13:26 Image size of job updated: 299004
	292  -  MemoryUsage of job (MB)
	298748  -  ResidentSetSize of job (KB)
...
006 (10419563.033.000) 05/04 17:18:26 Image size of job updated: 299004
	292  -  MemoryUsage of job (MB)
	298932  -  ResidentSetSize of job (KB)
...
006 (10419563.033.000) 05/04 17:21:48 Image size of job updated: 300860
	292  -  MemoryUsage of job (MB)
	298932  -  ResidentSetSize of job (KB)
...
040 (10419563.033.000) 05/04 17:21:48 Started transferring output files
...
040 (10419563.033.000) 05/04 17:21:48 Finished transferring output files
...
005 (10419563.033.000) 05/04 17:21:48 Job terminated.
	(1) Normal termination (return value 0)
		Usr 0 00:27:40, Sys 0 00:00:07  -  Run Remote Usage
		Usr 0 00:00:00, Sys 0 00:00:00  -  Run Local Usage
		Usr 0 00:27:40, Sys 0 00:00:07  -  Total Remote Usage
		Usr 0 00:00:00, Sys 0 00:00:00  -  Total Local Usage
	14635  -  Run Bytes Sent By Job
	17206  -  Run Bytes Received By Job
	14635  -  Total Bytes Sent By Job
	17206  -  Total Bytes Received By Job
	Partitionable Resources :    Usage  Request Allocated 
	   Cpus                 :     0.98        1         1 
	   Disk (KB)            :    54          20      3763 
	   GPUs                 :                           0 
	   Memory (MB)          :   292        3000      3000 
	   TimeExecute (s)      :  1718                       
	   TimeSlotBusy (s)     :  1720                       

	Job terminated of its own accord at 2026-05-04T15:21:48Z with exit-code 0.
...
