000 (10419563.213.000) 05/04 16:51:58 Job submitted from host: <188.185.6.50:9618?addrs=188.185.6.50-9618+[2001-1458-d00-62--100-2b1]-9618&alias=bigbird25.cern.ch&noUDP&sock=schedd_5459_ff98>
...
040 (10419563.213.000) 05/04 16:54:08 Started transferring input files
	Transferring to host: <188.185.211.77:9618?addrs=188.185.211.77-9618+[2001-1458-303-16--100-49]-9618&alias=b9p23p1235.cern.ch&noUDP&sock=slot1_27_4046228_6a34_61007>
...
040 (10419563.213.000) 05/04 16:54:08 Finished transferring input files
...
001 (10419563.213.000) 05/04 16:54:09 Job executing on host: <188.185.211.77:9618?addrs=188.185.211.77-9618+[2001-1458-303-16--100-49]-9618&alias=b9p23p1235.cern.ch&noUDP&sock=startd_4046188_ffbe>
	SlotName: slot1_27@b9p23p1235.cern.ch
	CondorScratchDir = "/pool/condor/dir_1901753"
	Cpus = 1
	Disk = 3776
	GPUs = 0
	Memory = 3000
...
006 (10419563.213.000) 05/04 16:54:23 Image size of job updated: 12384
	13  -  MemoryUsage of job (MB)
	12384  -  ResidentSetSize of job (KB)
...
006 (10419563.213.000) 05/04 16:59:24 Image size of job updated: 297984
	291  -  MemoryUsage of job (MB)
	297984  -  ResidentSetSize of job (KB)
...
006 (10419563.213.000) 05/04 17:04:24 Image size of job updated: 298972
	292  -  MemoryUsage of job (MB)
	298972  -  ResidentSetSize of job (KB)
...
006 (10419563.213.000) 05/04 17:09:24 Image size of job updated: 301676
	295  -  MemoryUsage of job (MB)
	301676  -  ResidentSetSize of job (KB)
...
006 (10419563.213.000) 05/04 17:14:25 Image size of job updated: 301744
	295  -  MemoryUsage of job (MB)
	301676  -  ResidentSetSize of job (KB)
...
040 (10419563.213.000) 05/04 17:14:47 Started transferring output files
...
040 (10419563.213.000) 05/04 17:14:47 Finished transferring output files
...
005 (10419563.213.000) 05/04 17:14:47 Job terminated.
	(1) Normal termination (return value 0)
		Usr 0 00:19:37, Sys 0 00:00:09  -  Run Remote Usage
		Usr 0 00:00:00, Sys 0 00:00:00  -  Run Local Usage
		Usr 0 00:19:37, Sys 0 00:00:09  -  Total Remote Usage
		Usr 0 00:00:00, Sys 0 00:00:00  -  Total Local Usage
	14755  -  Run Bytes Sent By Job
	17206  -  Run Bytes Received By Job
	14755  -  Total Bytes Sent By Job
	17206  -  Total Bytes Received By Job
	Partitionable Resources :    Usage  Request Allocated 
	   Cpus                 :     0.95        1         1 
	   Disk (KB)            :    54          20      3776 
	   GPUs                 :                           0 
	   Memory (MB)          :   295        3000      3000 
	   TimeExecute (s)      :  1238                       
	   TimeSlotBusy (s)     :  1240                       

	Job terminated of its own accord at 2026-05-04T15:14:47Z with exit-code 0.
...
