000 (10419563.324.000) 05/04 16:51:59 Job submitted from host: <188.185.6.50:9618?addrs=188.185.6.50-9618+[2001-1458-d00-62--100-2b1]-9618&alias=bigbird25.cern.ch&noUDP&sock=schedd_5459_ff98>
...
040 (10419563.324.000) 05/04 16:54:43 Started transferring input files
	Transferring to host: <188.185.206.221:9618?addrs=188.185.206.221-9618+[2001-1458-303-c--100-5a]-9618&alias=b9p06p2951.cern.ch&noUDP&sock=slot1_18_4009_73fc_214759>
...
040 (10419563.324.000) 05/04 16:54:43 Finished transferring input files
...
001 (10419563.324.000) 05/04 16:54:44 Job executing on host: <188.185.206.221:9618?addrs=188.185.206.221-9618+[2001-1458-303-c--100-5a]-9618&alias=b9p06p2951.cern.ch&noUDP&sock=startd_3551_44e4>
	SlotName: slot1_18@b9p06p2951.cern.ch
	CondorScratchDir = "/pool/condor/dir_3763188"
	Cpus = 1
	Disk = 3619
	GPUs = 0
	Memory = 3000
...
006 (10419563.324.000) 05/04 16:54:58 Image size of job updated: 241924
	237  -  MemoryUsage of job (MB)
	241924  -  ResidentSetSize of job (KB)
...
006 (10419563.324.000) 05/04 16:59:59 Image size of job updated: 299440
	293  -  MemoryUsage of job (MB)
	299440  -  ResidentSetSize of job (KB)
...
006 (10419563.324.000) 05/04 17:05:00 Image size of job updated: 299468
	293  -  MemoryUsage of job (MB)
	299440  -  ResidentSetSize of job (KB)
...
006 (10419563.324.000) 05/04 17:08:07 Image size of job updated: 299496
	293  -  MemoryUsage of job (MB)
	299440  -  ResidentSetSize of job (KB)
...
040 (10419563.324.000) 05/04 17:08:07 Started transferring output files
...
040 (10419563.324.000) 05/04 17:08:07 Finished transferring output files
...
005 (10419563.324.000) 05/04 17:08:07 Job terminated.
	(1) Normal termination (return value 0)
		Usr 0 00:12:55, Sys 0 00:00:03  -  Run Remote Usage
		Usr 0 00:00:00, Sys 0 00:00:00  -  Run Local Usage
		Usr 0 00:12:55, Sys 0 00:00:03  -  Total Remote Usage
		Usr 0 00:00:00, Sys 0 00:00:00  -  Total Local Usage
	14803  -  Run Bytes Sent By Job
	17206  -  Run Bytes Received By Job
	14803  -  Total Bytes Sent By Job
	17206  -  Total Bytes Received By Job
	Partitionable Resources :    Usage  Request Allocated 
	   Cpus                 :     0.98        1         1 
	   Disk (KB)            :    56          20      3619 
	   GPUs                 :                           0 
	   Memory (MB)          :   293        3000      3000 
	   TimeExecute (s)      :   803                       
	   TimeSlotBusy (s)     :   805                       

	Job terminated of its own accord at 2026-05-04T15:08:07Z with exit-code 0.
...
