000 (10419563.196.000) 05/04 16:51:58 Job submitted from host: <188.185.6.50:9618?addrs=188.185.6.50-9618+[2001-1458-d00-62--100-2b1]-9618&alias=bigbird25.cern.ch&noUDP&sock=schedd_5459_ff98>
...
040 (10419563.196.000) 05/04 16:54:09 Started transferring input files
	Transferring to host: <188.185.210.147:9618?addrs=188.185.210.147-9618+[2001-1458-303-15--100-f]-9618&alias=b9p22p5119.cern.ch&noUDP&sock=slot1_15_9013_3948_91234>
...
040 (10419563.196.000) 05/04 16:54:09 Finished transferring input files
...
001 (10419563.196.000) 05/04 16:54:10 Job executing on host: <188.185.210.147:9618?addrs=188.185.210.147-9618+[2001-1458-303-15--100-f]-9618&alias=b9p22p5119.cern.ch&noUDP&sock=startd_8189_8d24>
	SlotName: slot1_15@b9p22p5119.cern.ch
	CondorScratchDir = "/pool/condor/dir_3672771"
	Cpus = 1
	Disk = 3694
	GPUs = 0
	Memory = 3000
...
006 (10419563.196.000) 05/04 16:54:18 Image size of job updated: 204460
	200  -  MemoryUsage of job (MB)
	204460  -  ResidentSetSize of job (KB)
...
006 (10419563.196.000) 05/04 16:59:18 Image size of job updated: 296136
	290  -  MemoryUsage of job (MB)
	296136  -  ResidentSetSize of job (KB)
...
006 (10419563.196.000) 05/04 17:04:19 Image size of job updated: 296700
	290  -  MemoryUsage of job (MB)
	296700  -  ResidentSetSize of job (KB)
...
006 (10419563.196.000) 05/04 17:09:19 Image size of job updated: 297116
	291  -  MemoryUsage of job (MB)
	297116  -  ResidentSetSize of job (KB)
...
006 (10419563.196.000) 05/04 17:14:20 Image size of job updated: 297124
	291  -  MemoryUsage of job (MB)
	297116  -  ResidentSetSize of job (KB)
...
006 (10419563.196.000) 05/04 17:16:29 Image size of job updated: 297660
	291  -  MemoryUsage of job (MB)
	297116  -  ResidentSetSize of job (KB)
...
040 (10419563.196.000) 05/04 17:16:29 Started transferring output files
...
040 (10419563.196.000) 05/04 17:16:29 Finished transferring output files
...
005 (10419563.196.000) 05/04 17:16:29 Job terminated.
	(1) Normal termination (return value 0)
		Usr 0 00:21:27, Sys 0 00:00:11  -  Run Remote Usage
		Usr 0 00:00:00, Sys 0 00:00:00  -  Run Local Usage
		Usr 0 00:21:27, Sys 0 00:00:11  -  Total Remote Usage
		Usr 0 00:00:00, Sys 0 00:00:00  -  Total Local Usage
	14867  -  Run Bytes Sent By Job
	17206  -  Run Bytes Received By Job
	14867  -  Total Bytes Sent By Job
	17206  -  Total Bytes Received By Job
	Partitionable Resources :    Usage  Request Allocated 
	   Cpus                 :     0.98        1         1 
	   Disk (KB)            :    55          20      3694 
	   GPUs                 :                           0 
	   Memory (MB)          :   291        3000      3000 
	   TimeExecute (s)      :  1339                       
	   TimeSlotBusy (s)     :  1347                       
...
