000 (10419563.181.000) 05/04 16:51:58 Job submitted from host: <188.185.6.50:9618?addrs=188.185.6.50-9618+[2001-1458-d00-62--100-2b1]-9618&alias=bigbird25.cern.ch&noUDP&sock=schedd_5459_ff98>
...
040 (10419563.181.000) 05/04 16:53:58 Started transferring input files
	Transferring to host: <188.185.211.57:9618?addrs=188.185.211.57-9618+[2001-1458-303-16--100-35]-9618&alias=b9p23p9814.cern.ch&noUDP&sock=slot1_8_5407_7875_248775>
...
040 (10419563.181.000) 05/04 16:53:58 Finished transferring input files
...
001 (10419563.181.000) 05/04 16:53:59 Job executing on host: <188.185.211.57:9618?addrs=188.185.211.57-9618+[2001-1458-303-16--100-35]-9618&alias=b9p23p9814.cern.ch&noUDP&sock=startd_4390_c0da>
	SlotName: slot1_8@b9p23p9814.cern.ch
	CondorScratchDir = "/pool/condor/dir_4140033"
	Cpus = 1
	Disk = 3767
	GPUs = 0
	Memory = 3000
...
006 (10419563.181.000) 05/04 16:54:13 Image size of job updated: 208104
	204  -  MemoryUsage of job (MB)
	208104  -  ResidentSetSize of job (KB)
...
006 (10419563.181.000) 05/04 16:59:14 Image size of job updated: 300224
	294  -  MemoryUsage of job (MB)
	300224  -  ResidentSetSize of job (KB)
...
006 (10419563.181.000) 05/04 17:04:15 Image size of job updated: 300692
	294  -  MemoryUsage of job (MB)
	300520  -  ResidentSetSize of job (KB)
...
006 (10419563.181.000) 05/04 17:09:15 Image size of job updated: 300816
	294  -  MemoryUsage of job (MB)
	300816  -  ResidentSetSize of job (KB)
...
006 (10419563.181.000) 05/04 17:13:11 Image size of job updated: 301844
	294  -  MemoryUsage of job (MB)
	300816  -  ResidentSetSize of job (KB)
...
040 (10419563.181.000) 05/04 17:13:11 Started transferring output files
...
040 (10419563.181.000) 05/04 17:13:11 Finished transferring output files
...
005 (10419563.181.000) 05/04 17:13:11 Job terminated.
	(1) Normal termination (return value 0)
		Usr 0 00:18:31, Sys 0 00:00:07  -  Run Remote Usage
		Usr 0 00:00:00, Sys 0 00:00:00  -  Run Local Usage
		Usr 0 00:18:31, Sys 0 00:00:07  -  Total Remote Usage
		Usr 0 00:00:00, Sys 0 00:00:00  -  Total Local Usage
	14979  -  Run Bytes Sent By Job
	17206  -  Run Bytes Received By Job
	14979  -  Total Bytes Sent By Job
	17206  -  Total Bytes Received By Job
	Partitionable Resources :    Usage  Request Allocated 
	   Cpus                 :     0.99        1         1 
	   Disk (KB)            :    55          20      3767 
	   GPUs                 :                           0 
	   Memory (MB)          :   294        3000      3000 
	   TimeExecute (s)      :  1152                       
	   TimeSlotBusy (s)     :  1154                       

	Job terminated of its own accord at 2026-05-04T15:13:11Z with exit-code 0.
...
