000 (10419563.145.000) 05/04 16:51:58 Job submitted from host: <188.185.6.50:9618?addrs=188.185.6.50-9618+[2001-1458-d00-62--100-2b1]-9618&alias=bigbird25.cern.ch&noUDP&sock=schedd_5459_ff98>
...
040 (10419563.145.000) 05/04 16:53:46 Started transferring input files
	Transferring to host: <188.185.206.174:9618?addrs=188.185.206.174-9618+[2001-1458-303-c--100-2b]-9618&alias=b9p06p8622.cern.ch&noUDP&sock=slot1_17_1646889_08f3_48055>
...
040 (10419563.145.000) 05/04 16:53:46 Finished transferring input files
...
001 (10419563.145.000) 05/04 16:53:47 Job executing on host: <188.185.206.174:9618?addrs=188.185.206.174-9618+[2001-1458-303-c--100-2b]-9618&alias=b9p06p8622.cern.ch&noUDP&sock=startd_1646848_53d9>
	SlotName: slot1_17@b9p06p8622.cern.ch
	CondorScratchDir = "/pool/condor/dir_2040641"
	Cpus = 1
	Disk = 3770
	GPUs = 0
	Memory = 3000
...
006 (10419563.145.000) 05/04 16:54:01 Image size of job updated: 239572
	234  -  MemoryUsage of job (MB)
	239572  -  ResidentSetSize of job (KB)
...
006 (10419563.145.000) 05/04 16:59:02 Image size of job updated: 301148
	295  -  MemoryUsage of job (MB)
	301148  -  ResidentSetSize of job (KB)
...
006 (10419563.145.000) 05/04 17:04:02 Image size of job updated: 301220
	295  -  MemoryUsage of job (MB)
	301148  -  ResidentSetSize of job (KB)
...
040 (10419563.145.000) 05/04 17:06:52 Started transferring output files
...
040 (10419563.145.000) 05/04 17:06:52 Finished transferring output files
...
005 (10419563.145.000) 05/04 17:06:52 Job terminated.
	(1) Normal termination (return value 0)
		Usr 0 00:12:31, Sys 0 00:00:04  -  Run Remote Usage
		Usr 0 00:00:00, Sys 0 00:00:00  -  Run Local Usage
		Usr 0 00:12:31, Sys 0 00:00:04  -  Total Remote Usage
		Usr 0 00:00:00, Sys 0 00:00:00  -  Total Local Usage
	14723  -  Run Bytes Sent By Job
	17206  -  Run Bytes Received By Job
	14723  -  Total Bytes Sent By Job
	17206  -  Total Bytes Received By Job
	Partitionable Resources :    Usage  Request Allocated 
	   Cpus                 :     0.98        1         1 
	   Disk (KB)            :    56          20      3770 
	   GPUs                 :                           0 
	   Memory (MB)          :   295        3000      3000 
	   TimeExecute (s)      :   785                       
	   TimeSlotBusy (s)     :   787                       

	Job terminated of its own accord at 2026-05-04T15:06:52Z with exit-code 0.
...
