000 (10419563.345.000) 05/04 16:51:59 Job submitted from host: <188.185.6.50:9618?addrs=188.185.6.50-9618+[2001-1458-d00-62--100-2b1]-9618&alias=bigbird25.cern.ch&noUDP&sock=schedd_5459_ff98>
...
040 (10419563.345.000) 05/04 16:54:50 Started transferring input files
	Transferring to host: <188.185.213.33:9618?addrs=188.185.213.33-9618+[2001-1458-303-1a--100-1d]-9618&alias=b9p27p3404.cern.ch&noUDP&sock=slot1_17_4545_1d12_242902>
...
040 (10419563.345.000) 05/04 16:54:50 Finished transferring input files
...
001 (10419563.345.000) 05/04 16:54:51 Job executing on host: <188.185.213.33:9618?addrs=188.185.213.33-9618+[2001-1458-303-1a--100-1d]-9618&alias=b9p27p3404.cern.ch&noUDP&sock=startd_3853_6a7e>
	SlotName: slot1_17@b9p27p3404.cern.ch
	CondorScratchDir = "/pool/condor/dir_3217737"
	Cpus = 1
	Disk = 3723
	GPUs = 0
	Memory = 3000
...
006 (10419563.345.000) 05/04 16:55:05 Image size of job updated: 12388
	13  -  MemoryUsage of job (MB)
	12388  -  ResidentSetSize of job (KB)
...
006 (10419563.345.000) 05/04 17:00:06 Image size of job updated: 291720
	285  -  MemoryUsage of job (MB)
	291720  -  ResidentSetSize of job (KB)
...
006 (10419563.345.000) 05/04 17:05:07 Image size of job updated: 292520
	286  -  MemoryUsage of job (MB)
	292520  -  ResidentSetSize of job (KB)
...
006 (10419563.345.000) 05/04 17:10:07 Image size of job updated: 294316
	288  -  MemoryUsage of job (MB)
	294116  -  ResidentSetSize of job (KB)
...
006 (10419563.345.000) 05/04 17:12:13 Image size of job updated: 294548
	288  -  MemoryUsage of job (MB)
	294116  -  ResidentSetSize of job (KB)
...
040 (10419563.345.000) 05/04 17:12:13 Started transferring output files
...
040 (10419563.345.000) 05/04 17:12:13 Finished transferring output files
...
005 (10419563.345.000) 05/04 17:12:13 Job terminated.
	(1) Normal termination (return value 0)
		Usr 0 00:16:38, Sys 0 00:00:04  -  Run Remote Usage
		Usr 0 00:00:00, Sys 0 00:00:00  -  Run Local Usage
		Usr 0 00:16:38, Sys 0 00:00:04  -  Total Remote Usage
		Usr 0 00:00:00, Sys 0 00:00:00  -  Total Local Usage
	11478  -  Run Bytes Sent By Job
	17206  -  Run Bytes Received By Job
	11478  -  Total Bytes Sent By Job
	17206  -  Total Bytes Received By Job
	Partitionable Resources :    Usage  Request Allocated 
	   Cpus                 :     0.98        1         1 
	   Disk (KB)            :    51          20      3723 
	   GPUs                 :                           0 
	   Memory (MB)          :   288        3000      3000 
	   TimeExecute (s)      :  1042                       
	   TimeSlotBusy (s)     :  1044                       

	Job terminated of its own accord at 2026-05-04T15:12:13Z with exit-code 0.
...
