000 (10419563.116.000) 05/04 16:51:58 Job submitted from host: <188.185.6.50:9618?addrs=188.185.6.50-9618+[2001-1458-d00-62--100-2b1]-9618&alias=bigbird25.cern.ch&noUDP&sock=schedd_5459_ff98>
...
040 (10419563.116.000) 05/04 16:53:37 Started transferring input files
	Transferring to host: <188.185.210.12:9618?addrs=188.185.210.12-9618+[2001-1458-303-1--100-8]-9618&alias=b9p21p9278.cern.ch&noUDP&sock=slot1_18_3101_af57_247035>
...
040 (10419563.116.000) 05/04 16:53:37 Finished transferring input files
...
001 (10419563.116.000) 05/04 16:53:38 Job executing on host: <188.185.210.12:9618?addrs=188.185.210.12-9618+[2001-1458-303-1--100-8]-9618&alias=b9p21p9278.cern.ch&noUDP&sock=startd_2640_661d>
	SlotName: slot1_18@b9p21p9278.cern.ch
	CondorScratchDir = "/pool/condor/dir_2298611"
	Cpus = 1
	Disk = 3801
	GPUs = 0
	Memory = 3000
...
006 (10419563.116.000) 05/04 16:53:51 Image size of job updated: 202280
	198  -  MemoryUsage of job (MB)
	202280  -  ResidentSetSize of job (KB)
...
006 (10419563.116.000) 05/04 16:58:51 Image size of job updated: 294352
	288  -  MemoryUsage of job (MB)
	294352  -  ResidentSetSize of job (KB)
...
006 (10419563.116.000) 05/04 17:03:51 Image size of job updated: 295332
	289  -  MemoryUsage of job (MB)
	295332  -  ResidentSetSize of job (KB)
...
006 (10419563.116.000) 05/04 17:08:52 Image size of job updated: 295720
	289  -  MemoryUsage of job (MB)
	295720  -  ResidentSetSize of job (KB)
...
006 (10419563.116.000) 05/04 17:13:52 Image size of job updated: 295828
	289  -  MemoryUsage of job (MB)
	295828  -  ResidentSetSize of job (KB)
...
006 (10419563.116.000) 05/04 17:18:53 Image size of job updated: 297180
	291  -  MemoryUsage of job (MB)
	297180  -  ResidentSetSize of job (KB)
...
006 (10419563.116.000) 05/04 17:21:01 Image size of job updated: 324888
	291  -  MemoryUsage of job (MB)
	297180  -  ResidentSetSize of job (KB)
...
040 (10419563.116.000) 05/04 17:21:01 Started transferring output files
...
040 (10419563.116.000) 05/04 17:21:01 Finished transferring output files
...
005 (10419563.116.000) 05/04 17:21:01 Job terminated.
	(1) Normal termination (return value 0)
		Usr 0 00:22:26, Sys 0 00:00:11  -  Run Remote Usage
		Usr 0 00:00:00, Sys 0 00:00:00  -  Run Local Usage
		Usr 0 00:22:26, Sys 0 00:00:11  -  Total Remote Usage
		Usr 0 00:00:00, Sys 0 00:00:00  -  Total Local Usage
	14787  -  Run Bytes Sent By Job
	17206  -  Run Bytes Received By Job
	14787  -  Total Bytes Sent By Job
	17206  -  Total Bytes Received By Job
	Partitionable Resources :    Usage  Request Allocated 
	   Cpus                 :     0.98        1         1 
	   Disk (KB)            :    54          20      3801 
	   GPUs                 :                           0 
	   Memory (MB)          :   291        3000      3000 
	   TimeExecute (s)      :  1643                       
	   TimeSlotBusy (s)     :  1646                       

	Job terminated of its own accord at 2026-05-04T15:21:01Z with exit-code 0.
...
