000 (10419563.068.000) 05/04 16:51:58 Job submitted from host: <188.185.6.50:9618?addrs=188.185.6.50-9618+[2001-1458-d00-62--100-2b1]-9618&alias=bigbird25.cern.ch&noUDP&sock=schedd_5459_ff98>
...
040 (10419563.068.000) 05/04 16:53:21 Started transferring input files
	Transferring to host: <188.185.192.151:9618?addrs=188.185.192.151-9618+[2001-1458-303-1f--100-93]-9618&alias=b9p13p0528.cern.ch&noUDP&sock=slot1_3_1724942_6f39_50928>
...
040 (10419563.068.000) 05/04 16:53:21 Finished transferring input files
...
001 (10419563.068.000) 05/04 16:53:22 Job executing on host: <188.185.192.151:9618?addrs=188.185.192.151-9618+[2001-1458-303-1f--100-93]-9618&alias=b9p13p0528.cern.ch&noUDP&sock=startd_3830_a3d1>
	SlotName: slot1_3@b9p13p0528.cern.ch
	CondorScratchDir = "/pool/condor/dir_1430186"
	Cpus = 1
	Disk = 3853
	GPUs = 0
	Memory = 3000
...
006 (10419563.068.000) 05/04 16:53:31 Image size of job updated: 203852
	200  -  MemoryUsage of job (MB)
	203852  -  ResidentSetSize of job (KB)
...
006 (10419563.068.000) 05/04 16:58:33 Image size of job updated: 297276
	291  -  MemoryUsage of job (MB)
	297276  -  ResidentSetSize of job (KB)
...
006 (10419563.068.000) 05/04 17:03:33 Image size of job updated: 297736
	291  -  MemoryUsage of job (MB)
	297736  -  ResidentSetSize of job (KB)
...
006 (10419563.068.000) 05/04 17:08:33 Image size of job updated: 300184
	294  -  MemoryUsage of job (MB)
	300184  -  ResidentSetSize of job (KB)
...
006 (10419563.068.000) 05/04 17:13:34 Image size of job updated: 300252
	294  -  MemoryUsage of job (MB)
	300252  -  ResidentSetSize of job (KB)
...
006 (10419563.068.000) 05/04 17:18:34 Image size of job updated: 300292
	294  -  MemoryUsage of job (MB)
	300292  -  ResidentSetSize of job (KB)
...
006 (10419563.068.000) 05/04 17:23:34 Image size of job updated: 302496
	296  -  MemoryUsage of job (MB)
	302496  -  ResidentSetSize of job (KB)
...
006 (10419563.068.000) 05/04 17:54:14 Image size of job updated: 352076
	296  -  MemoryUsage of job (MB)
	302496  -  ResidentSetSize of job (KB)
...
040 (10419563.068.000) 05/04 17:54:14 Started transferring output files
...
040 (10419563.068.000) 05/04 17:54:14 Finished transferring output files
...
005 (10419563.068.000) 05/04 17:54:14 Job terminated.
	(1) Normal termination (return value 0)
		Usr 0 00:59:58, Sys 0 00:00:08  -  Run Remote Usage
		Usr 0 00:00:00, Sys 0 00:00:00  -  Run Local Usage
		Usr 0 00:59:58, Sys 0 00:00:08  -  Total Remote Usage
		Usr 0 00:00:00, Sys 0 00:00:00  -  Total Local Usage
	18451  -  Run Bytes Sent By Job
	17206  -  Run Bytes Received By Job
	18451  -  Total Bytes Sent By Job
	17206  -  Total Bytes Received By Job
	Partitionable Resources :    Usage  Request Allocated 
	   Cpus                 :     0.97        1         1 
	   Disk (KB)            :    58          20      3853 
	   GPUs                 :                           0 
	   Memory (MB)          :   296        3000      3000 
	   TimeExecute (s)      :  3652                       
	   TimeSlotBusy (s)     :  3654                       
...
