i am in this directory
/pool/condor/dir_2960295
 will run this source reweightingBRandctau_new.py /eos/cms/store/group/comm_luminosity/mleoncoe/test/merged_stopLL_400_380_BR_0.3.root /eos/cms/store/group/comm_luminosity/mleoncoe/test2
input_mstop = 400
input_mx0 = 380
input_BR = 0.3
output file will be writen in /eos/cms/store/group/comm_luminosity/mleoncoe/test2/merged_stopLL_400_380_BR_0.3_processed.root
#####################
#####################
Delta m 20.0
closest key Delta m 20.0
closest value of width to this Delta m 5.86e-14
.............................
.................................
ejecuta 1
.................................
Disabled branch: GenModel_T2tt_4bd_625_615_1.000
Disabled branch: GenModel_T2tt_4bd_850_840_0.300
Disabled branch: GenModel_T2tt_4bd_750_740_1.000
Disabled branch: GenModel_T2tt_4bd_250_240_1.000
Disabled branch: GenModel_T2tt_4bd_400_380_0.300
Disabled branch: GenModel_T2tt_4bd_525_500_1.000
Disabled branch: GenModel_T2tt_4bd_575_565_1.000
Disabled branch: GenModel_T2tt_4bd_925_915_1.000
Disabled branch: GenModel_T2tt_4bd_250_225_0.300
Disabled branch: GenModel_T2tt_4bd_1050_1040_0.300
Disabled branch: GenModel_T2tt_4bd_600_590_0.300
Disabled branch: GenModel_T2tt_4bd_1050_1035_1.000
Disabled branch: GenModel_T2tt_4bd_350_330_1.000
Disabled branch: GenModel_T2tt_4bd_250_240_0.300
Disabled branch: GenModel_T2tt_4bd_525_515_1.000
Disabled branch: GenModel_T2tt_4bd_250_220_0.300
Disabled branch: GenModel_T2tt_4bd_450_435_1.000
Disabled branch: GenModel_T2tt_4bd_600_590_1.000
Disabled branch: GenModel_T2tt_4bd_750_720_1.000
Disabled branch: GenModel_T2tt_4bd_750_740_0.300
Disabled branch: GenModel_T2tt_4bd_400_370_0.300
Disabled branch: GenModel_T2tt_4bd_300_290_0.300
Disabled branch: GenModel_T2tt_4bd_275_260_0.300
Disabled branch: GenModel_T2tt_4bd_850_820_1.000
Disabled branch: GenModel_T2tt_4bd_675_665_0.300
Disabled branch: GenModel_T2tt_4bd_775_765_1.000
Disabled branch: GenModel_T2tt_4bd_1075_1045_1.000
Disabled branch: GenModel_T2tt_4bd_275_245_0.300
Disabled branch: GenModel_T2tt_4bd_675_655_1.000
Disabled branch: GenModel_T2tt_4bd_425_395_1.000
Disabled branch: GenModel_T2tt_4bd_1000_985_1.000
Disabled branch: GenModel_T2tt_4bd_400_390_0.300
Disabled branch: GenModel_T2tt_4bd_1100_1090_1.000
Disabled branch: GenModel_T2tt_4bd_675_665_1.000
Disabled branch: GenModel_T2tt_4bd_825_800_1.000
Disabled branch: GenModel_T2tt_4bd_1075_1065_1.000
Disabled branch: GenModel_T2tt_4bd_875_865_0.300
Disabled branch: GenModel_T2tt_4bd_375_350_0.300
Disabled branch: GenModel_T2tt_4bd_825_815_1.000
Disabled branch: GenModel_T2tt_4bd_950_940_1.000
Disabled branch: GenModel_T2tt_4bd_275_265_0.300
Disabled branch: GenModel_T2tt_4bd_1050_1040_1.000
Disabled branch: GenModel_T2tt_4bd_625_605_0.300
Disabled branch: GenModel_T2tt_4bd_325_295_0.300
Disabled branch: GenModel_T2tt_4bd_425_415_1.000
Disabled branch: GenModel_T2tt_4bd_325_310_1.000
Disabled branch: GenModel_T2tt_4bd_650_630_0.300
Disabled branch: GenModel_T2tt_4bd_850_840_1.000
Disabled branch: GenModel_T2tt_4bd_750_725_0.300
Disabled branch: GenModel_T2tt_4bd_450_425_1.000
Disabled branch: GenModel_T2tt_4bd_700_690_0.300
Disabled branch: GenModel_T2tt_4bd_700_690_1.000
Disabled branch: GenModel_T2tt_4bd_775_750_1.000
Disabled branch: GenModel_T2tt_4bd_625_615_0.300
Disabled branch: GenModel_T2tt_4bd_375_365_0.300
Disabled branch: GenModel_T2tt_4bd_275_265_1.000
Disabled branch: GenModel_T2tt_4bd_1050_1025_0.300
Disabled branch: GenModel_T2tt_4bd_1025_1015_1.000
Disabled branch: GenModel_T2tt_4bd_625_595_1.000
Disabled branch: GenModel_T2tt_4bd_300_270_1.000
Disabled branch: GenModel_T2tt_4bd_650_640_0.300
Disabled branch: GenModel_T2tt_4bd_775_745_1.000
Disabled branch: GenModel_T2tt_4bd_725_695_0.300
Disabled branch: GenModel_T2tt_4bd_575_550_0.300
Disabled branch: GenModel_T2tt_4bd_1025_1005_0.300
Disabled branch: GenModel_T2tt_4bd_725_705_1.000
Disabled branch: GenModel_T2tt_4bd_375_365_1.000
Disabled branch: GenModel_T2tt_4bd_500_480_0.300
Disabled branch: GenModel_T2tt_4bd_1025_1015_0.300
Disabled branch: GenModel_T2tt_4bd_800_770_1.000
Disabled branch: GenModel_T2tt_4bd_1075_1065_0.300
Disabled branch: GenModel_T2tt_4bd_475_465_0.300
Disabled branch: GenModel_T2tt_4bd_925_910_0.300
Disabled branch: GenModel_T2tt_4bd_425_415_0.300
Disabled branch: GenModel_T2tt_4bd_825_805_0.300
Disabled branch: GenModel_T2tt_4bd_925_905_0.300
Disabled branch: GenModel_T2tt_4bd_575_545_1.000
Disabled branch: GenModel_T2tt_4bd_725_715_0.300
Disabled branch: GenModel_T2tt_4bd_575_565_0.300
Disabled branch: GenModel_T2tt_4bd_275_260_1.000
Disabled branch: GenModel_T2tt_4bd_975_960_1.000
Disabled branch: GenModel_T2tt_4bd_875_855_1.000
Disabled branch: GenModel_T2tt_4bd_350_325_0.300
Disabled branch: GenModel_T2tt_4bd_650_640_1.000
Disabled branch: GenModel_T2tt_4bd_450_435_0.300
Disabled branch: GenModel_T2tt_4bd_600_580_1.000
Disabled branch: GenModel_T2tt_4bd_250_230_0.300
Disabled branch: GenModel_T2tt_4bd_775_755_0.300
Disabled branch: GenModel_T2tt_4bd_550_540_0.300
Disabled branch: GenModel_T2tt_4bd_900_885_0.300
Disabled branch: GenModel_T2tt_4bd_900_890_0.300
Disabled branch: GenModel_T2tt_4bd_775_765_0.300
Disabled branch: GenModel_T2tt_4bd_800_780_1.000
Disabled branch: GenModel_T2tt_4bd_500_490_1.000
Disabled branch: GenModel_T2tt_4bd_900_875_1.000
Disabled branch: GenModel_T2tt_4bd_1075_1055_0.300
Disabled branch: GenModel_T2tt_4bd_250_230_1.000
Disabled branch: GenModel_T2tt_4bd_1100_1090_0.300
Disabled branch: GenModel_T2tt_4bd_525_515_0.300
Disabled branch: GenModel_T2tt_4bd_325_315_0.300
Disabled branch: GenModel_T2tt_4bd_500_490_0.300
Disabled branch: GenModel_T2tt_4bd_1000_990_0.300
Disabled branch: GenModel_T2tt_4bd_1000_990_1.000
Disabled branch: GenModel_T2tt_4bd_400_385_0.300
Disabled branch: GenModel_T2tt_4bd_975_955_0.300
Disabled branch: GenModel_T2tt_4bd_675_655_0.300
Disabled branch: GenModel_T2tt_4bd_1025_995_0.300
Disabled branch: GenModel_T2tt_4bd_825_815_0.300
Disabled branch: GenModel_T2tt_4bd_600_585_1.000
[INFO] Disabled 109 branches starting with 'GenModel_T2tt_4bd_'
total events = 168377
event num1000
event num2000
event num3000
event num4000
event num5000
event num6000
event num7000
event num8000
event num9000
event num10000
event num11000
event num12000
event num13000
event num14000
event num15000
event num16000
event num17000
event num18000
event num19000
event num20000
event num21000
event num22000
event num23000
event num24000
event num25000
event num26000
event num27000
event num28000
event num29000
event num30000
event num31000
event num32000
event num33000
event num34000
event num35000
event num36000
event num37000
event num38000
event num39000
event num40000
event num41000
event num42000
event num43000
event num44000
event num45000
event num46000
event num47000
event num48000
event num49000
event num50000
event num51000
event num52000
event num53000
event num54000
event num55000
event num56000
event num57000
event num58000
event num59000
event num60000
event num61000
event num62000
event num63000
event num64000
event num65000
event num66000
event num67000
event num68000
event num69000
event num70000
event num71000
event num72000
event num73000
event num74000
event num75000
event num76000
event num77000
event num78000
event num79000
event num80000
event num81000
event num82000
event num83000
event num84000
event num85000
event num86000
event num87000
event num88000
event num89000
event num90000
event num91000
event num92000
event num93000
event num94000
event num95000
event num96000
event num97000
event num98000
event num99000
event num100000
event num101000
event num102000
event num103000
event num104000
event num105000
event num106000
event num107000
event num108000
event num109000
event num110000
event num111000
event num112000
event num113000
event num114000
event num115000
event num116000
event num117000
event num118000
event num119000
event num120000
event num121000
event num122000
event num123000
event num124000
event num125000
event num126000
event num127000
event num128000
event num129000
event num130000
event num131000
event num132000
event num133000
event num134000
event num135000
event num136000
event num137000
event num138000
event num139000
event num140000
event num141000
event num142000
event num143000
event num144000
event num145000
event num146000
event num147000
event num148000
event num149000
event num150000
event num151000
event num152000
event num153000
event num154000
event num155000
event num156000
event num157000
event num158000
event num159000
event num160000
event num161000
event num162000
event num163000
event num164000
event num165000
event num166000
event num167000
event num168000
finished all events
events_large_ctau=41
Summary of run saved to /eos/cms/store/group/comm_luminosity/mleoncoe/test2/merged_stopLL_400_380_BR_0.3_processed.json
done
