000 (10419563.061.000) 05/04 16:51:58 Job submitted from host: <188.185.6.50:9618?addrs=188.185.6.50-9618+[2001-1458-d00-62--100-2b1]-9618&alias=bigbird25.cern.ch&noUDP&sock=schedd_5459_ff98>
...
040 (10419563.061.000) 05/04 16:53:18 Started transferring input files
	Transferring to host: <188.185.196.84:9618?addrs=188.185.196.84-9618+[2001-1458-303-23--100-50]-9618&alias=b9p16p0283.cern.ch&noUDP&sock=slot1_4_5382_db14_33594>
...
040 (10419563.061.000) 05/04 16:53:18 Finished transferring input files
...
001 (10419563.061.000) 05/04 16:53:19 Job executing on host: <188.185.196.84:9618?addrs=188.185.196.84-9618+[2001-1458-303-23--100-50]-9618&alias=b9p16p0283.cern.ch&noUDP&sock=startd_4184_7457>
	SlotName: slot1_4@b9p16p0283.cern.ch
	CondorScratchDir = "/pool/condor/dir_3758488"
	Cpus = 1
	Disk = 3907
	GPUs = 0
	Memory = 3000
...
006 (10419563.061.000) 05/04 16:53:28 Image size of job updated: 203960
	200  -  MemoryUsage of job (MB)
	203960  -  ResidentSetSize of job (KB)
...
006 (10419563.061.000) 05/04 16:58:29 Image size of job updated: 296780
	290  -  MemoryUsage of job (MB)
	296780  -  ResidentSetSize of job (KB)
...
006 (10419563.061.000) 05/04 17:03:30 Image size of job updated: 300664
	294  -  MemoryUsage of job (MB)
	300664  -  ResidentSetSize of job (KB)
...
006 (10419563.061.000) 05/04 17:08:30 Image size of job updated: 300744
	294  -  MemoryUsage of job (MB)
	300744  -  ResidentSetSize of job (KB)
...
006 (10419563.061.000) 05/04 17:13:31 Image size of job updated: 301068
	295  -  MemoryUsage of job (MB)
	301068  -  ResidentSetSize of job (KB)
...
006 (10419563.061.000) 05/04 17:15:33 Image size of job updated: 302220
	295  -  MemoryUsage of job (MB)
	301068  -  ResidentSetSize of job (KB)
...
040 (10419563.061.000) 05/04 17:15:33 Started transferring output files
...
040 (10419563.061.000) 05/04 17:15:33 Finished transferring output files
...
005 (10419563.061.000) 05/04 17:15:33 Job terminated.
	(1) Normal termination (return value 0)
		Usr 0 00:21:48, Sys 0 00:00:04  -  Run Remote Usage
		Usr 0 00:00:00, Sys 0 00:00:00  -  Run Local Usage
		Usr 0 00:21:48, Sys 0 00:00:04  -  Total Remote Usage
		Usr 0 00:00:00, Sys 0 00:00:00  -  Total Local Usage
	14307  -  Run Bytes Sent By Job
	17206  -  Run Bytes Received By Job
	14307  -  Total Bytes Sent By Job
	17206  -  Total Bytes Received By Job
	Partitionable Resources :    Usage  Request Allocated 
	   Cpus                 :     0.99        1         1 
	   Disk (KB)            :    54          20      3907 
	   GPUs                 :                           0 
	   Memory (MB)          :   295        3000      3000 
	   TimeExecute (s)      :  1334                       
	   TimeSlotBusy (s)     :  1336                       
...
