000 (10419563.072.000) 05/04 16:51:58 Job submitted from host: <188.185.6.50:9618?addrs=188.185.6.50-9618+[2001-1458-d00-62--100-2b1]-9618&alias=bigbird25.cern.ch&noUDP&sock=schedd_5459_ff98>
...
040 (10419563.072.000) 05/04 16:53:22 Started transferring input files
	Transferring to host: <188.185.212.145:9618?addrs=188.185.212.145-9618+[2001-1458-303-19--100-d]-9618&alias=b9p26p0891.cern.ch&noUDP&sock=slot1_11_4432_7ead_246838>
...
040 (10419563.072.000) 05/04 16:53:22 Finished transferring input files
...
001 (10419563.072.000) 05/04 16:53:23 Job executing on host: <188.185.212.145:9618?addrs=188.185.212.145-9618+[2001-1458-303-19--100-d]-9618&alias=b9p26p0891.cern.ch&noUDP&sock=startd_3775_ea1b>
	SlotName: slot1_11@b9p26p0891.cern.ch
	CondorScratchDir = "/pool/condor/dir_526028"
	Cpus = 1
	Disk = 3843
	GPUs = 0
	Memory = 3000
...
006 (10419563.072.000) 05/04 16:53:36 Image size of job updated: 205924
	202  -  MemoryUsage of job (MB)
	205924  -  ResidentSetSize of job (KB)
...
006 (10419563.072.000) 05/04 16:58:36 Image size of job updated: 300576
	294  -  MemoryUsage of job (MB)
	300576  -  ResidentSetSize of job (KB)
...
006 (10419563.072.000) 05/04 17:03:37 Image size of job updated: 300984
	294  -  MemoryUsage of job (MB)
	300984  -  ResidentSetSize of job (KB)
...
006 (10419563.072.000) 05/04 17:08:37 Image size of job updated: 301032
	294  -  MemoryUsage of job (MB)
	300984  -  ResidentSetSize of job (KB)
...
006 (10419563.072.000) 05/04 17:10:53 Image size of job updated: 301524
	294  -  MemoryUsage of job (MB)
	300984  -  ResidentSetSize of job (KB)
...
040 (10419563.072.000) 05/04 17:10:53 Started transferring output files
...
040 (10419563.072.000) 05/04 17:10:53 Finished transferring output files
...
005 (10419563.072.000) 05/04 17:10:53 Job terminated.
	(1) Normal termination (return value 0)
		Usr 0 00:16:55, Sys 0 00:00:06  -  Run Remote Usage
		Usr 0 00:00:00, Sys 0 00:00:00  -  Run Local Usage
		Usr 0 00:16:55, Sys 0 00:00:06  -  Total Remote Usage
		Usr 0 00:00:00, Sys 0 00:00:00  -  Total Local Usage
	14850  -  Run Bytes Sent By Job
	17206  -  Run Bytes Received By Job
	14850  -  Total Bytes Sent By Job
	17206  -  Total Bytes Received By Job
	Partitionable Resources :    Usage  Request Allocated 
	   Cpus                 :     0.99        1         1 
	   Disk (KB)            :    54          20      3843 
	   GPUs                 :                           0 
	   Memory (MB)          :   294        3000      3000 
	   TimeExecute (s)      :  1050                       
	   TimeSlotBusy (s)     :  1052                       

	Job terminated of its own accord at 2026-05-04T15:10:53Z with exit-code 0.
...
