000 (10419563.161.000) 05/04 16:51:58 Job submitted from host: <188.185.6.50:9618?addrs=188.185.6.50-9618+[2001-1458-d00-62--100-2b1]-9618&alias=bigbird25.cern.ch&noUDP&sock=schedd_5459_ff98>
...
040 (10419563.161.000) 05/04 16:53:51 Started transferring input files
	Transferring to host: <188.185.212.77:9618?addrs=188.185.212.77-9618+[2001-1458-303-18--100-49]-9618&alias=b9p25p8856.cern.ch&noUDP&sock=slot1_16_9050_4b29_255453>
...
040 (10419563.161.000) 05/04 16:53:51 Finished transferring input files
...
001 (10419563.161.000) 05/04 16:53:52 Job executing on host: <188.185.212.77:9618?addrs=188.185.212.77-9618+[2001-1458-303-18--100-49]-9618&alias=b9p25p8856.cern.ch&noUDP&sock=startd_7749_bf79>
	SlotName: slot1_16@b9p25p8856.cern.ch
	CondorScratchDir = "/pool/condor/dir_4010609"
	Cpus = 1
	Disk = 3857
	GPUs = 0
	Memory = 3000
...
006 (10419563.161.000) 05/04 16:54:06 Image size of job updated: 202524
	198  -  MemoryUsage of job (MB)
	202524  -  ResidentSetSize of job (KB)
...
006 (10419563.161.000) 05/04 16:59:07 Image size of job updated: 295720
	289  -  MemoryUsage of job (MB)
	295720  -  ResidentSetSize of job (KB)
...
006 (10419563.161.000) 05/04 17:04:07 Image size of job updated: 296000
	290  -  MemoryUsage of job (MB)
	296000  -  ResidentSetSize of job (KB)
...
006 (10419563.161.000) 05/04 17:09:07 Image size of job updated: 298152
	292  -  MemoryUsage of job (MB)
	298152  -  ResidentSetSize of job (KB)
...
040 (10419563.161.000) 05/04 17:14:39 Started transferring output files
...
040 (10419563.161.000) 05/04 17:14:39 Finished transferring output files
...
005 (10419563.161.000) 05/04 17:14:39 Job terminated.
	(1) Normal termination (return value 0)
		Usr 0 00:19:52, Sys 0 00:00:10  -  Run Remote Usage
		Usr 0 00:00:00, Sys 0 00:00:00  -  Run Local Usage
		Usr 0 00:19:52, Sys 0 00:00:10  -  Total Remote Usage
		Usr 0 00:00:00, Sys 0 00:00:00  -  Total Local Usage
	11884  -  Run Bytes Sent By Job
	17206  -  Run Bytes Received By Job
	11884  -  Total Bytes Sent By Job
	17206  -  Total Bytes Received By Job
	Partitionable Resources :    Usage  Request Allocated 
	   Cpus                 :     0.97        1         1 
	   Disk (KB)            :    52          20      3857 
	   GPUs                 :                           0 
	   Memory (MB)          :   292        3000      3000 
	   TimeExecute (s)      :  1247                       
	   TimeSlotBusy (s)     :  1249                       

	Job terminated of its own accord at 2026-05-04T15:14:39Z with exit-code 0.
...
