000 (10419563.040.000) 05/04 16:51:58 Job submitted from host: <188.185.6.50:9618?addrs=188.185.6.50-9618+[2001-1458-d00-62--100-2b1]-9618&alias=bigbird25.cern.ch&noUDP&sock=schedd_5459_ff98>
...
040 (10419563.040.000) 05/04 16:53:12 Started transferring input files
	Transferring to host: <188.185.206.155:9618?addrs=188.185.206.155-9618+[2001-1458-303-c--100-18]-9618&alias=b9p06p0477.cern.ch&noUDP&sock=slot1_5_3103111_2b84_31468>
...
040 (10419563.040.000) 05/04 16:53:12 Finished transferring input files
...
001 (10419563.040.000) 05/04 16:53:13 Job executing on host: <188.185.206.155:9618?addrs=188.185.206.155-9618+[2001-1458-303-c--100-18]-9618&alias=b9p06p0477.cern.ch&noUDP&sock=startd_3683_cf65>
	SlotName: slot1_5@b9p06p0477.cern.ch
	CondorScratchDir = "/pool/condor/dir_1760441"
	Cpus = 1
	Disk = 3485
	GPUs = 0
	Memory = 3000
...
006 (10419563.040.000) 05/04 16:53:26 Image size of job updated: 203856
	200  -  MemoryUsage of job (MB)
	203856  -  ResidentSetSize of job (KB)
...
006 (10419563.040.000) 05/04 16:58:26 Image size of job updated: 299628
	293  -  MemoryUsage of job (MB)
	299628  -  ResidentSetSize of job (KB)
...
006 (10419563.040.000) 05/04 17:03:26 Image size of job updated: 299800
	293  -  MemoryUsage of job (MB)
	299628  -  ResidentSetSize of job (KB)
...
006 (10419563.040.000) 05/04 17:13:27 Image size of job updated: 299940
	293  -  MemoryUsage of job (MB)
	299940  -  ResidentSetSize of job (KB)
...
006 (10419563.040.000) 05/04 17:14:28 Image size of job updated: 301292
	293  -  MemoryUsage of job (MB)
	299940  -  ResidentSetSize of job (KB)
...
040 (10419563.040.000) 05/04 17:14:28 Started transferring output files
...
040 (10419563.040.000) 05/04 17:14:28 Finished transferring output files
...
005 (10419563.040.000) 05/04 17:14:28 Job terminated.
	(1) Normal termination (return value 0)
		Usr 0 00:19:50, Sys 0 00:00:07  -  Run Remote Usage
		Usr 0 00:00:00, Sys 0 00:00:00  -  Run Local Usage
		Usr 0 00:19:50, Sys 0 00:00:07  -  Total Remote Usage
		Usr 0 00:00:00, Sys 0 00:00:00  -  Total Local Usage
	15067  -  Run Bytes Sent By Job
	17206  -  Run Bytes Received By Job
	15067  -  Total Bytes Sent By Job
	17206  -  Total Bytes Received By Job
	Partitionable Resources :    Usage  Request Allocated 
	   Cpus                 :     0.88        1         1 
	   Disk (KB)            :    58          20      3485 
	   GPUs                 :                           0 
	   Memory (MB)          :   293        3000      3000 
	   TimeExecute (s)      :  1275                       
	   TimeSlotBusy (s)     :  1278                       

	Job terminated of its own accord at 2026-05-04T15:14:28Z with exit-code 0.
...
