000 (10419563.327.000) 05/04 16:51:59 Job submitted from host: <188.185.6.50:9618?addrs=188.185.6.50-9618+[2001-1458-d00-62--100-2b1]-9618&alias=bigbird25.cern.ch&noUDP&sock=schedd_5459_ff98>
...
040 (10419563.327.000) 05/04 16:54:45 Started transferring input files
	Transferring to host: <188.185.212.25:9618?addrs=188.185.212.25-9618+[2001-1458-303-18--100-15]-9618&alias=b9p25p0187.cern.ch&noUDP&sock=slot1_20_5518_ae19_250017>
...
040 (10419563.327.000) 05/04 16:54:45 Finished transferring input files
...
001 (10419563.327.000) 05/04 16:54:46 Job executing on host: <188.185.212.25:9618?addrs=188.185.212.25-9618+[2001-1458-303-18--100-15]-9618&alias=b9p25p0187.cern.ch&noUDP&sock=startd_4558_fcc3>
	SlotName: slot1_20@b9p25p0187.cern.ch
	CondorScratchDir = "/pool/condor/dir_726474"
	Cpus = 1
	Disk = 3736
	GPUs = 0
	Memory = 3000
...
006 (10419563.327.000) 05/04 16:54:59 Image size of job updated: 203440
	199  -  MemoryUsage of job (MB)
	203440  -  ResidentSetSize of job (KB)
...
006 (10419563.327.000) 05/04 16:59:59 Image size of job updated: 300320
	294  -  MemoryUsage of job (MB)
	300320  -  ResidentSetSize of job (KB)
...
006 (10419563.327.000) 05/04 17:05:00 Image size of job updated: 301096
	294  -  MemoryUsage of job (MB)
	301040  -  ResidentSetSize of job (KB)
...
006 (10419563.327.000) 05/04 17:10:00 Image size of job updated: 301408
	295  -  MemoryUsage of job (MB)
	301408  -  ResidentSetSize of job (KB)
...
040 (10419563.327.000) 05/04 17:15:06 Started transferring output files
...
040 (10419563.327.000) 05/04 17:15:06 Finished transferring output files
...
005 (10419563.327.000) 05/04 17:15:06 Job terminated.
	(1) Normal termination (return value 0)
		Usr 0 00:19:37, Sys 0 00:00:08  -  Run Remote Usage
		Usr 0 00:00:00, Sys 0 00:00:00  -  Run Local Usage
		Usr 0 00:19:37, Sys 0 00:00:08  -  Total Remote Usage
		Usr 0 00:00:00, Sys 0 00:00:00  -  Total Local Usage
	14690  -  Run Bytes Sent By Job
	17206  -  Run Bytes Received By Job
	14690  -  Total Bytes Sent By Job
	17206  -  Total Bytes Received By Job
	Partitionable Resources :    Usage  Request Allocated 
	   Cpus                 :     0.98        1         1 
	   Disk (KB)            :    54          20      3736 
	   GPUs                 :                           0 
	   Memory (MB)          :   295        3000      3000 
	   TimeExecute (s)      :  1220                       
	   TimeSlotBusy (s)     :  1222                       

	Job terminated of its own accord at 2026-05-04T15:15:06Z with exit-code 0.
...
