000 (10419563.091.000) 05/04 16:51:58 Job submitted from host: <188.185.6.50:9618?addrs=188.185.6.50-9618+[2001-1458-d00-62--100-2b1]-9618&alias=bigbird25.cern.ch&noUDP&sock=schedd_5459_ff98>
...
040 (10419563.091.000) 05/04 16:53:28 Started transferring input files
	Transferring to host: <188.185.212.23:9618?addrs=188.185.212.23-9618+[2001-1458-303-18--100-13]-9618&alias=b9p25p5701.cern.ch&noUDP&sock=slot1_27_5270_f10f_247027>
...
040 (10419563.091.000) 05/04 16:53:28 Finished transferring input files
...
001 (10419563.091.000) 05/04 16:53:29 Job executing on host: <188.185.212.23:9618?addrs=188.185.212.23-9618+[2001-1458-303-18--100-13]-9618&alias=b9p25p5701.cern.ch&noUDP&sock=startd_4273_8045>
	SlotName: slot1_27@b9p25p5701.cern.ch
	CondorScratchDir = "/pool/condor/dir_329790"
	Cpus = 1
	Disk = 3722
	GPUs = 0
	Memory = 3000
...
006 (10419563.091.000) 05/04 16:53:43 Image size of job updated: 206676
	202  -  MemoryUsage of job (MB)
	206676  -  ResidentSetSize of job (KB)
...
006 (10419563.091.000) 05/04 16:58:44 Image size of job updated: 299312
	293  -  MemoryUsage of job (MB)
	299312  -  ResidentSetSize of job (KB)
...
006 (10419563.091.000) 05/04 17:03:44 Image size of job updated: 300664
	293  -  MemoryUsage of job (MB)
	299312  -  ResidentSetSize of job (KB)
...
006 (10419563.091.000) 05/04 17:08:29 Image size of job updated: 301836
	293  -  MemoryUsage of job (MB)
	299312  -  ResidentSetSize of job (KB)
...
040 (10419563.091.000) 05/04 17:08:29 Started transferring output files
...
040 (10419563.091.000) 05/04 17:08:29 Finished transferring output files
...
005 (10419563.091.000) 05/04 17:08:29 Job terminated.
	(1) Normal termination (return value 0)
		Usr 0 00:14:29, Sys 0 00:00:05  -  Run Remote Usage
		Usr 0 00:00:00, Sys 0 00:00:00  -  Run Local Usage
		Usr 0 00:14:29, Sys 0 00:00:05  -  Total Remote Usage
		Usr 0 00:00:00, Sys 0 00:00:00  -  Total Local Usage
	14866  -  Run Bytes Sent By Job
	17206  -  Run Bytes Received By Job
	14866  -  Total Bytes Sent By Job
	17206  -  Total Bytes Received By Job
	Partitionable Resources :    Usage  Request Allocated 
	   Cpus                 :     0.98        1         1 
	   Disk (KB)            :    54          20      3722 
	   GPUs                 :                           0 
	   Memory (MB)          :   293        3000      3000 
	   TimeExecute (s)      :   900                       
	   TimeSlotBusy (s)     :   902                       

	Job terminated of its own accord at 2026-05-04T15:08:29Z with exit-code 0.
...
