000 (10419563.269.000) 05/04 16:51:59 Job submitted from host: <188.185.6.50:9618?addrs=188.185.6.50-9618+[2001-1458-d00-62--100-2b1]-9618&alias=bigbird25.cern.ch&noUDP&sock=schedd_5459_ff98>
...
040 (10419563.269.000) 05/04 16:54:27 Started transferring input files
	Transferring to host: <188.185.210.18:9618?addrs=188.185.210.18-9618+[2001-1458-303-1--100-e]-9618&alias=b9p21p5034.cern.ch&noUDP&sock=slot1_18_4272_c2a7_248564>
...
040 (10419563.269.000) 05/04 16:54:27 Finished transferring input files
...
001 (10419563.269.000) 05/04 16:54:28 Job executing on host: <188.185.210.18:9618?addrs=188.185.210.18-9618+[2001-1458-303-1--100-e]-9618&alias=b9p21p5034.cern.ch&noUDP&sock=startd_3646_6e64>
	SlotName: slot1_18@b9p21p5034.cern.ch
	CondorScratchDir = "/pool/condor/dir_4176711"
	Cpus = 1
	Disk = 3850
	GPUs = 0
	Memory = 3000
...
006 (10419563.269.000) 05/04 16:54:42 Image size of job updated: 207368
	203  -  MemoryUsage of job (MB)
	207368  -  ResidentSetSize of job (KB)
...
006 (10419563.269.000) 05/04 16:59:43 Image size of job updated: 298888
	292  -  MemoryUsage of job (MB)
	298888  -  ResidentSetSize of job (KB)
...
006 (10419563.269.000) 05/04 17:04:43 Image size of job updated: 303680
	297  -  MemoryUsage of job (MB)
	303680  -  ResidentSetSize of job (KB)
...
006 (10419563.269.000) 05/04 17:09:43 Image size of job updated: 303776
	297  -  MemoryUsage of job (MB)
	303680  -  ResidentSetSize of job (KB)
...
006 (10419563.269.000) 05/04 17:56:34 Image size of job updated: 336280
	297  -  MemoryUsage of job (MB)
	303680  -  ResidentSetSize of job (KB)
...
040 (10419563.269.000) 05/04 17:56:34 Started transferring output files
...
040 (10419563.269.000) 05/04 17:56:34 Finished transferring output files
...
005 (10419563.269.000) 05/04 17:56:34 Job terminated.
	(1) Normal termination (return value 0)
		Usr 0 01:00:05, Sys 0 00:00:24  -  Run Remote Usage
		Usr 0 00:00:00, Sys 0 00:00:00  -  Run Local Usage
		Usr 0 01:00:05, Sys 0 00:00:24  -  Total Remote Usage
		Usr 0 00:00:00, Sys 0 00:00:00  -  Total Local Usage
	20179  -  Run Bytes Sent By Job
	17206  -  Run Bytes Received By Job
	20179  -  Total Bytes Sent By Job
	17206  -  Total Bytes Received By Job
	Partitionable Resources :    Usage  Request Allocated 
	   Cpus                 :     0.97        1         1 
	   Disk (KB)            :    60          20      3850 
	   GPUs                 :                           0 
	   Memory (MB)          :   297        3000      3000 
	   TimeExecute (s)      :  3726                       
	   TimeSlotBusy (s)     :  3728                       

	Job terminated of its own accord at 2026-05-04T15:56:34Z with exit-code 0.
...
