000 (10419563.271.000) 05/04 16:51:59 Job submitted from host: <188.185.6.50:9618?addrs=188.185.6.50-9618+[2001-1458-d00-62--100-2b1]-9618&alias=bigbird25.cern.ch&noUDP&sock=schedd_5459_ff98>
...
040 (10419563.271.000) 05/04 16:54:27 Started transferring input files
	Transferring to host: <188.185.214.94:9618?addrs=188.185.214.94-9618+[2001-1458-303-1c--100-5a]-9618&alias=b9p29p9729.cern.ch&noUDP&sock=slot1_8_5098_c088_253843>
...
040 (10419563.271.000) 05/04 16:54:27 Finished transferring input files
...
001 (10419563.271.000) 05/04 16:54:28 Job executing on host: <188.185.214.94:9618?addrs=188.185.214.94-9618+[2001-1458-303-1c--100-5a]-9618&alias=b9p29p9729.cern.ch&noUDP&sock=startd_4142_a55d>
	SlotName: slot1_8@b9p29p9729.cern.ch
	CondorScratchDir = "/pool/condor/dir_1060334"
	Cpus = 1
	Disk = 3808
	GPUs = 0
	Memory = 3000
...
006 (10419563.271.000) 05/04 16:54:42 Image size of job updated: 206860
	203  -  MemoryUsage of job (MB)
	206860  -  ResidentSetSize of job (KB)
...
006 (10419563.271.000) 05/04 16:59:43 Image size of job updated: 300980
	294  -  MemoryUsage of job (MB)
	300980  -  ResidentSetSize of job (KB)
...
006 (10419563.271.000) 05/04 17:04:43 Image size of job updated: 301512
	294  -  MemoryUsage of job (MB)
	300980  -  ResidentSetSize of job (KB)
...
006 (10419563.271.000) 05/04 17:09:43 Image size of job updated: 301524
	295  -  MemoryUsage of job (MB)
	301524  -  ResidentSetSize of job (KB)
...
006 (10419563.271.000) 05/04 17:10:54 Image size of job updated: 303380
	295  -  MemoryUsage of job (MB)
	301524  -  ResidentSetSize of job (KB)
...
040 (10419563.271.000) 05/04 17:10:54 Started transferring output files
...
040 (10419563.271.000) 05/04 17:10:54 Finished transferring output files
...
005 (10419563.271.000) 05/04 17:10:54 Job terminated.
	(1) Normal termination (return value 0)
		Usr 0 00:15:53, Sys 0 00:00:05  -  Run Remote Usage
		Usr 0 00:00:00, Sys 0 00:00:00  -  Run Local Usage
		Usr 0 00:15:53, Sys 0 00:00:05  -  Total Remote Usage
		Usr 0 00:00:00, Sys 0 00:00:00  -  Total Local Usage
	14739  -  Run Bytes Sent By Job
	17206  -  Run Bytes Received By Job
	14739  -  Total Bytes Sent By Job
	17206  -  Total Bytes Received By Job
	Partitionable Resources :    Usage  Request Allocated 
	   Cpus                 :     0.97        1         1 
	   Disk (KB)            :    54          20      3808 
	   GPUs                 :                           0 
	   Memory (MB)          :   295        3000      3000 
	   TimeExecute (s)      :   986                       
	   TimeSlotBusy (s)     :   988                       

	Job terminated of its own accord at 2026-05-04T15:10:54Z with exit-code 0.
...
