000 (10419563.142.000) 05/04 16:51:58 Job submitted from host: <188.185.6.50:9618?addrs=188.185.6.50-9618+[2001-1458-d00-62--100-2b1]-9618&alias=bigbird25.cern.ch&noUDP&sock=schedd_5459_ff98>
...
040 (10419563.142.000) 05/04 16:53:48 Started transferring input files
	Transferring to host: <188.185.214.161:9618?addrs=188.185.214.161-9618+[2001-1458-303-1d--100-1d]-9618&alias=b9p30p3631.cern.ch&noUDP&sock=slot1_37_7039_5cb7_251326>
...
040 (10419563.142.000) 05/04 16:53:48 Finished transferring input files
...
001 (10419563.142.000) 05/04 16:53:49 Job executing on host: <188.185.214.161:9618?addrs=188.185.214.161-9618+[2001-1458-303-1d--100-1d]-9618&alias=b9p30p3631.cern.ch&noUDP&sock=startd_6139_6bfe>
	SlotName: slot1_37@b9p30p3631.cern.ch
	CondorScratchDir = "/pool/condor/dir_2463397"
	Cpus = 1
	Disk = 3733
	GPUs = 0
	Memory = 3000
...
006 (10419563.142.000) 05/04 16:54:02 Image size of job updated: 199020
	195  -  MemoryUsage of job (MB)
	199020  -  ResidentSetSize of job (KB)
...
006 (10419563.142.000) 05/04 16:59:02 Image size of job updated: 291444
	285  -  MemoryUsage of job (MB)
	291444  -  ResidentSetSize of job (KB)
...
006 (10419563.142.000) 05/04 17:04:03 Image size of job updated: 293600
	287  -  MemoryUsage of job (MB)
	293600  -  ResidentSetSize of job (KB)
...
006 (10419563.142.000) 05/04 17:09:03 Image size of job updated: 293620
	287  -  MemoryUsage of job (MB)
	293600  -  ResidentSetSize of job (KB)
...
006 (10419563.142.000) 05/04 17:14:03 Image size of job updated: 293876
	287  -  MemoryUsage of job (MB)
	293876  -  ResidentSetSize of job (KB)
...
006 (10419563.142.000) 05/04 17:14:23 Image size of job updated: 294396
	287  -  MemoryUsage of job (MB)
	293876  -  ResidentSetSize of job (KB)
...
040 (10419563.142.000) 05/04 17:14:23 Started transferring output files
...
040 (10419563.142.000) 05/04 17:14:23 Finished transferring output files
...
005 (10419563.142.000) 05/04 17:14:24 Job terminated.
	(1) Normal termination (return value 0)
		Usr 0 00:19:34, Sys 0 00:00:15  -  Run Remote Usage
		Usr 0 00:00:00, Sys 0 00:00:00  -  Run Local Usage
		Usr 0 00:19:34, Sys 0 00:00:15  -  Total Remote Usage
		Usr 0 00:00:00, Sys 0 00:00:00  -  Total Local Usage
	11382  -  Run Bytes Sent By Job
	17206  -  Run Bytes Received By Job
	11382  -  Total Bytes Sent By Job
	17206  -  Total Bytes Received By Job
	Partitionable Resources :    Usage  Request Allocated 
	   Cpus                 :     0.98        1         1 
	   Disk (KB)            :    51          20      3733 
	   GPUs                 :                           0 
	   Memory (MB)          :   287        3000      3000 
	   TimeExecute (s)      :  1234                       
	   TimeSlotBusy (s)     :  1240                       

	Job terminated of its own accord at 2026-05-04T15:14:23Z with exit-code 0.
...
