000 (10419563.077.000) 05/04 16:51:58 Job submitted from host: <188.185.6.50:9618?addrs=188.185.6.50-9618+[2001-1458-d00-62--100-2b1]-9618&alias=bigbird25.cern.ch&noUDP&sock=schedd_5459_ff98>
...
040 (10419563.077.000) 05/04 16:53:23 Started transferring input files
	Transferring to host: <188.185.215.172:9618?addrs=188.185.215.172-9618+[2001-1458-303-26--100-28]-9618&alias=b9p18p7744.cern.ch&noUDP&sock=slot1_34_2488704_db4b_166831>
...
040 (10419563.077.000) 05/04 16:53:23 Finished transferring input files
...
001 (10419563.077.000) 05/04 16:53:24 Job executing on host: <188.185.215.172:9618?addrs=188.185.215.172-9618+[2001-1458-303-26--100-28]-9618&alias=b9p18p7744.cern.ch&noUDP&sock=startd_6761_0fe7>
	SlotName: slot1_34@b9p18p7744.cern.ch
	CondorScratchDir = "/pool/condor/dir_1035007"
	Cpus = 1
	Disk = 3688
	GPUs = 0
	Memory = 3000
...
006 (10419563.077.000) 05/04 16:53:38 Image size of job updated: 203392
	199  -  MemoryUsage of job (MB)
	203392  -  ResidentSetSize of job (KB)
...
006 (10419563.077.000) 05/04 16:58:39 Image size of job updated: 298620
	292  -  MemoryUsage of job (MB)
	298620  -  ResidentSetSize of job (KB)
...
006 (10419563.077.000) 05/04 17:03:39 Image size of job updated: 299468
	293  -  MemoryUsage of job (MB)
	299468  -  ResidentSetSize of job (KB)
...
006 (10419563.077.000) 05/04 17:08:40 Image size of job updated: 299480
	293  -  MemoryUsage of job (MB)
	299468  -  ResidentSetSize of job (KB)
...
006 (10419563.077.000) 05/04 17:23:35 Image size of job updated: 300156
	293  -  MemoryUsage of job (MB)
	299468  -  ResidentSetSize of job (KB)
...
040 (10419563.077.000) 05/04 17:23:35 Started transferring output files
...
040 (10419563.077.000) 05/04 17:23:35 Finished transferring output files
...
005 (10419563.077.000) 05/04 17:23:35 Job terminated.
	(1) Normal termination (return value 0)
		Usr 0 00:22:01, Sys 0 00:00:08  -  Run Remote Usage
		Usr 0 00:00:00, Sys 0 00:00:00  -  Run Local Usage
		Usr 0 00:22:01, Sys 0 00:00:08  -  Total Remote Usage
		Usr 0 00:00:00, Sys 0 00:00:00  -  Total Local Usage
	14883  -  Run Bytes Sent By Job
	17206  -  Run Bytes Received By Job
	14883  -  Total Bytes Sent By Job
	17206  -  Total Bytes Received By Job
	Partitionable Resources :    Usage  Request Allocated 
	   Cpus                 :     0.93        1         1 
	   Disk (KB)            :    55          20      3688 
	   GPUs                 :                           0 
	   Memory (MB)          :   293        3000      3000 
	   TimeExecute (s)      :  1811                       
	   TimeSlotBusy (s)     :  1813                       

	Job terminated of its own accord at 2026-05-04T15:23:35Z with exit-code 0.
...
