000 (10419563.070.000) 05/04 16:51:58 Job submitted from host: <188.185.6.50:9618?addrs=188.185.6.50-9618+[2001-1458-d00-62--100-2b1]-9618&alias=bigbird25.cern.ch&noUDP&sock=schedd_5459_ff98>
...
040 (10419563.070.000) 05/04 16:53:21 Started transferring input files
	Transferring to host: <188.185.209.188:9618?addrs=188.185.209.188-9618+[2001-1458-303-12--100-39]-9618&alias=b9p12p4540.cern.ch&noUDP&sock=slot1_22_7125_f4fb_214530>
...
040 (10419563.070.000) 05/04 16:53:21 Finished transferring input files
...
001 (10419563.070.000) 05/04 16:53:22 Job executing on host: <188.185.209.188:9618?addrs=188.185.209.188-9618+[2001-1458-303-12--100-39]-9618&alias=b9p12p4540.cern.ch&noUDP&sock=startd_6137_0cce>
	SlotName: slot1_22@b9p12p4540.cern.ch
	CondorScratchDir = "/pool/condor/dir_1757752"
	Cpus = 1
	Disk = 3791
	GPUs = 0
	Memory = 3000
...
006 (10419563.070.000) 05/04 16:53:36 Image size of job updated: 208528
	204  -  MemoryUsage of job (MB)
	208528  -  ResidentSetSize of job (KB)
...
006 (10419563.070.000) 05/04 16:58:37 Image size of job updated: 297552
	291  -  MemoryUsage of job (MB)
	297552  -  ResidentSetSize of job (KB)
...
006 (10419563.070.000) 05/04 17:03:37 Image size of job updated: 299520
	291  -  MemoryUsage of job (MB)
	297552  -  ResidentSetSize of job (KB)
...
006 (10419563.070.000) 05/04 17:08:37 Image size of job updated: 300340
	294  -  MemoryUsage of job (MB)
	300340  -  ResidentSetSize of job (KB)
...
006 (10419563.070.000) 05/04 17:11:47 Image size of job updated: 301464
	294  -  MemoryUsage of job (MB)
	300340  -  ResidentSetSize of job (KB)
...
040 (10419563.070.000) 05/04 17:11:47 Started transferring output files
...
040 (10419563.070.000) 05/04 17:11:47 Finished transferring output files
...
005 (10419563.070.000) 05/04 17:11:47 Job terminated.
	(1) Normal termination (return value 0)
		Usr 0 00:17:51, Sys 0 00:00:04  -  Run Remote Usage
		Usr 0 00:00:00, Sys 0 00:00:00  -  Run Local Usage
		Usr 0 00:17:51, Sys 0 00:00:04  -  Total Remote Usage
		Usr 0 00:00:00, Sys 0 00:00:00  -  Total Local Usage
	15043  -  Run Bytes Sent By Job
	17206  -  Run Bytes Received By Job
	15043  -  Total Bytes Sent By Job
	17206  -  Total Bytes Received By Job
	Partitionable Resources :    Usage  Request Allocated 
	   Cpus                 :     0.98        1         1 
	   Disk (KB)            :    57          20      3791 
	   GPUs                 :                           0 
	   Memory (MB)          :   294        3000      3000 
	   TimeExecute (s)      :  1105                       
	   TimeSlotBusy (s)     :  1107                       

	Job terminated of its own accord at 2026-05-04T15:11:47Z with exit-code 0.
...
