000 (10419563.237.000) 05/04 16:51:59 Job submitted from host: <188.185.6.50:9618?addrs=188.185.6.50-9618+[2001-1458-d00-62--100-2b1]-9618&alias=bigbird25.cern.ch&noUDP&sock=schedd_5459_ff98>
...
040 (10419563.237.000) 05/04 16:54:18 Started transferring input files
	Transferring to host: <188.185.209.190:9618?addrs=188.185.209.190-9618+[2001-1458-303-12--100-3b]-9618&alias=b9p12p6813.cern.ch&noUDP&sock=slot1_19_6035_f40e_217428>
...
040 (10419563.237.000) 05/04 16:54:18 Finished transferring input files
...
001 (10419563.237.000) 05/04 16:54:19 Job executing on host: <188.185.209.190:9618?addrs=188.185.209.190-9618+[2001-1458-303-12--100-3b]-9618&alias=b9p12p6813.cern.ch&noUDP&sock=startd_5034_7bd8>
	SlotName: slot1_19@b9p12p6813.cern.ch
	CondorScratchDir = "/pool/condor/dir_456876"
	Cpus = 1
	Disk = 3694
	GPUs = 0
	Memory = 3000
...
006 (10419563.237.000) 05/04 16:54:33 Image size of job updated: 242304
	237  -  MemoryUsage of job (MB)
	242304  -  ResidentSetSize of job (KB)
...
006 (10419563.237.000) 05/04 16:59:34 Image size of job updated: 300164
	294  -  MemoryUsage of job (MB)
	300164  -  ResidentSetSize of job (KB)
...
006 (10419563.237.000) 05/04 17:04:34 Image size of job updated: 300916
	294  -  MemoryUsage of job (MB)
	300164  -  ResidentSetSize of job (KB)
...
040 (10419563.237.000) 05/04 17:05:24 Started transferring output files
...
040 (10419563.237.000) 05/04 17:05:24 Finished transferring output files
...
005 (10419563.237.000) 05/04 17:05:24 Job terminated.
	(1) Normal termination (return value 0)
		Usr 0 00:10:40, Sys 0 00:00:04  -  Run Remote Usage
		Usr 0 00:00:00, Sys 0 00:00:00  -  Run Local Usage
		Usr 0 00:10:40, Sys 0 00:00:04  -  Total Remote Usage
		Usr 0 00:00:00, Sys 0 00:00:00  -  Total Local Usage
	14866  -  Run Bytes Sent By Job
	17206  -  Run Bytes Received By Job
	14866  -  Total Bytes Sent By Job
	17206  -  Total Bytes Received By Job
	Partitionable Resources :    Usage  Request Allocated 
	   Cpus                 :     0.99        1         1 
	   Disk (KB)            :    57          20      3694 
	   GPUs                 :                           0 
	   Memory (MB)          :   294        3000      3000 
	   TimeExecute (s)      :   665                       
	   TimeSlotBusy (s)     :   669                       

	Job terminated of its own accord at 2026-05-04T15:05:24Z with exit-code 0.
...
