000 (10419563.195.000) 05/04 16:51:58 Job submitted from host: <188.185.6.50:9618?addrs=188.185.6.50-9618+[2001-1458-d00-62--100-2b1]-9618&alias=bigbird25.cern.ch&noUDP&sock=schedd_5459_ff98>
...
040 (10419563.195.000) 05/04 16:54:02 Started transferring input files
	Transferring to host: <188.185.210.211:9618?addrs=188.185.210.211-9618+[2001-1458-303-15--100-4f]-9618&alias=b9p22p6834.cern.ch&noUDP&sock=slot1_1_9821_8868_247000>
...
040 (10419563.195.000) 05/04 16:54:02 Finished transferring input files
...
001 (10419563.195.000) 05/04 16:54:03 Job executing on host: <188.185.210.211:9618?addrs=188.185.210.211-9618+[2001-1458-303-15--100-4f]-9618&alias=b9p22p6834.cern.ch&noUDP&sock=startd_8882_e446>
	SlotName: slot1_1@b9p22p6834.cern.ch
	CondorScratchDir = "/pool/condor/dir_1797672"
	Cpus = 1
	Disk = 3743
	GPUs = 0
	Memory = 3000
...
006 (10419563.195.000) 05/04 16:54:16 Image size of job updated: 206300
	202  -  MemoryUsage of job (MB)
	206300  -  ResidentSetSize of job (KB)
...
006 (10419563.195.000) 05/04 16:59:16 Image size of job updated: 300632
	294  -  MemoryUsage of job (MB)
	300632  -  ResidentSetSize of job (KB)
...
006 (10419563.195.000) 05/04 17:04:17 Image size of job updated: 300940
	294  -  MemoryUsage of job (MB)
	300632  -  ResidentSetSize of job (KB)
...
040 (10419563.195.000) 05/04 17:09:58 Started transferring output files
...
040 (10419563.195.000) 05/04 17:09:58 Finished transferring output files
...
005 (10419563.195.000) 05/04 17:09:58 Job terminated.
	(1) Normal termination (return value 0)
		Usr 0 00:15:26, Sys 0 00:00:04  -  Run Remote Usage
		Usr 0 00:00:00, Sys 0 00:00:00  -  Run Local Usage
		Usr 0 00:15:26, Sys 0 00:00:04  -  Total Remote Usage
		Usr 0 00:00:00, Sys 0 00:00:00  -  Total Local Usage
	14835  -  Run Bytes Sent By Job
	17206  -  Run Bytes Received By Job
	14835  -  Total Bytes Sent By Job
	17206  -  Total Bytes Received By Job
	Partitionable Resources :    Usage  Request Allocated 
	   Cpus                 :     0.99        1         1 
	   Disk (KB)            :    54          20      3743 
	   GPUs                 :                           0 
	   Memory (MB)          :   294        3000      3000 
	   TimeExecute (s)      :   955                       
	   TimeSlotBusy (s)     :   957                       

	Job terminated of its own accord at 2026-05-04T15:09:58Z with exit-code 0.
...
