000 (10419563.078.000) 05/04 16:51:58 Job submitted from host: <188.185.6.50:9618?addrs=188.185.6.50-9618+[2001-1458-d00-62--100-2b1]-9618&alias=bigbird25.cern.ch&noUDP&sock=schedd_5459_ff98>
...
040 (10419563.078.000) 05/04 16:53:24 Started transferring input files
	Transferring to host: <188.185.212.17:9618?addrs=188.185.212.17-9618+[2001-1458-303-18--100-d]-9618&alias=b9p25p5550.cern.ch&noUDP&sock=slot1_29_4388_7e2c_246739>
...
040 (10419563.078.000) 05/04 16:53:24 Finished transferring input files
...
001 (10419563.078.000) 05/04 16:53:25 Job executing on host: <188.185.212.17:9618?addrs=188.185.212.17-9618+[2001-1458-303-18--100-d]-9618&alias=b9p25p5550.cern.ch&noUDP&sock=startd_3714_12d4>
	SlotName: slot1_29@b9p25p5550.cern.ch
	CondorScratchDir = "/pool/condor/dir_958949"
	Cpus = 1
	Disk = 3872
	GPUs = 0
	Memory = 3000
...
006 (10419563.078.000) 05/04 16:53:39 Image size of job updated: 208420
	204  -  MemoryUsage of job (MB)
	208420  -  ResidentSetSize of job (KB)
...
006 (10419563.078.000) 05/04 16:58:40 Image size of job updated: 298032
	292  -  MemoryUsage of job (MB)
	298032  -  ResidentSetSize of job (KB)
...
006 (10419563.078.000) 05/04 17:03:41 Image size of job updated: 302260
	296  -  MemoryUsage of job (MB)
	302260  -  ResidentSetSize of job (KB)
...
006 (10419563.078.000) 05/04 17:08:41 Image size of job updated: 302556
	296  -  MemoryUsage of job (MB)
	302260  -  ResidentSetSize of job (KB)
...
006 (10419563.078.000) 05/04 17:48:47 Image size of job updated: 302556
	296  -  MemoryUsage of job (MB)
	302272  -  ResidentSetSize of job (KB)
...
040 (10419563.078.000) 05/04 17:48:54 Started transferring output files
...
040 (10419563.078.000) 05/04 17:48:54 Finished transferring output files
...
005 (10419563.078.000) 05/04 17:48:54 Job terminated.
	(1) Normal termination (return value 0)
		Usr 0 00:53:33, Sys 0 00:00:22  -  Run Remote Usage
		Usr 0 00:00:00, Sys 0 00:00:00  -  Run Local Usage
		Usr 0 00:53:33, Sys 0 00:00:22  -  Total Remote Usage
		Usr 0 00:00:00, Sys 0 00:00:00  -  Total Local Usage
	20002  -  Run Bytes Sent By Job
	17206  -  Run Bytes Received By Job
	20002  -  Total Bytes Sent By Job
	17206  -  Total Bytes Received By Job
	Partitionable Resources :    Usage  Request Allocated 
	   Cpus                 :     0.98        1         1 
	   Disk (KB)            :    59          20      3872 
	   GPUs                 :                           0 
	   Memory (MB)          :   296        3000      3000 
	   TimeExecute (s)      :  3329                       
	   TimeSlotBusy (s)     :  3331                       

	Job terminated of its own accord at 2026-05-04T15:48:54Z with exit-code 0.
...
