000 (10419563.016.000) 05/04 16:51:58 Job submitted from host: <188.185.6.50:9618?addrs=188.185.6.50-9618+[2001-1458-d00-62--100-2b1]-9618&alias=bigbird25.cern.ch&noUDP&sock=schedd_5459_ff98>
...
040 (10419563.016.000) 05/04 16:53:03 Started transferring input files
	Transferring to host: <188.185.192.145:9618?addrs=188.185.192.145-9618+[2001-1458-303-1f--100-8d]-9618&alias=b9p13p9370.cern.ch&noUDP&sock=slot1_22_5412_fe55_223934>
...
040 (10419563.016.000) 05/04 16:53:03 Finished transferring input files
...
001 (10419563.016.000) 05/04 16:53:04 Job executing on host: <188.185.192.145:9618?addrs=188.185.192.145-9618+[2001-1458-303-1f--100-8d]-9618&alias=b9p13p9370.cern.ch&noUDP&sock=startd_4308_8216>
	SlotName: slot1_22@b9p13p9370.cern.ch
	CondorScratchDir = "/pool/condor/dir_1858355"
	Cpus = 1
	Disk = 3780
	GPUs = 0
	Memory = 3000
...
006 (10419563.016.000) 05/04 16:53:18 Image size of job updated: 203772
	199  -  MemoryUsage of job (MB)
	203772  -  ResidentSetSize of job (KB)
...
006 (10419563.016.000) 05/04 16:58:19 Image size of job updated: 299192
	293  -  MemoryUsage of job (MB)
	299192  -  ResidentSetSize of job (KB)
...
006 (10419563.016.000) 05/04 17:03:19 Image size of job updated: 300184
	294  -  MemoryUsage of job (MB)
	300184  -  ResidentSetSize of job (KB)
...
006 (10419563.016.000) 05/04 17:08:19 Image size of job updated: 302700
	296  -  MemoryUsage of job (MB)
	302700  -  ResidentSetSize of job (KB)
...
006 (10419563.016.000) 05/04 17:13:20 Image size of job updated: 302712
	296  -  MemoryUsage of job (MB)
	302700  -  ResidentSetSize of job (KB)
...
006 (10419563.016.000) 05/04 17:33:21 Image size of job updated: 303288
	297  -  MemoryUsage of job (MB)
	303288  -  ResidentSetSize of job (KB)
...
006 (10419563.016.000) 05/04 17:38:22 Image size of job updated: 303292
	297  -  MemoryUsage of job (MB)
	303292  -  ResidentSetSize of job (KB)
...
006 (10419563.016.000) 05/04 17:43:23 Image size of job updated: 303296
	297  -  MemoryUsage of job (MB)
	303292  -  ResidentSetSize of job (KB)
...
006 (10419563.016.000) 05/04 17:48:23 Image size of job updated: 304028
	297  -  MemoryUsage of job (MB)
	304028  -  ResidentSetSize of job (KB)
...
006 (10419563.016.000) 05/04 17:53:24 Image size of job updated: 304052
	297  -  MemoryUsage of job (MB)
	304052  -  ResidentSetSize of job (KB)
...
006 (10419563.016.000) 05/04 17:58:25 Image size of job updated: 304060
	297  -  MemoryUsage of job (MB)
	304052  -  ResidentSetSize of job (KB)
...
006 (10419563.016.000) 05/04 18:08:26 Image size of job updated: 304388
	298  -  MemoryUsage of job (MB)
	304388  -  ResidentSetSize of job (KB)
...
006 (10419563.016.000) 05/04 18:13:26 Image size of job updated: 304412
	298  -  MemoryUsage of job (MB)
	304412  -  ResidentSetSize of job (KB)
...
006 (10419563.016.000) 05/04 18:18:26 Image size of job updated: 304424
	298  -  MemoryUsage of job (MB)
	304424  -  ResidentSetSize of job (KB)
...
006 (10419563.016.000) 05/04 18:23:27 Image size of job updated: 304440
	298  -  MemoryUsage of job (MB)
	304424  -  ResidentSetSize of job (KB)
...
040 (10419563.016.000) 05/04 18:35:06 Started transferring output files
...
040 (10419563.016.000) 05/04 18:35:06 Finished transferring output files
...
005 (10419563.016.000) 05/04 18:35:06 Job terminated.
	(1) Normal termination (return value 0)
		Usr 0 01:31:45, Sys 0 00:00:18  -  Run Remote Usage
		Usr 0 00:00:00, Sys 0 00:00:00  -  Run Local Usage
		Usr 0 01:31:45, Sys 0 00:00:18  -  Total Remote Usage
		Usr 0 00:00:00, Sys 0 00:00:00  -  Total Local Usage
	19675  -  Run Bytes Sent By Job
	17206  -  Run Bytes Received By Job
	19675  -  Total Bytes Sent By Job
	17206  -  Total Bytes Received By Job
	Partitionable Resources :    Usage  Request Allocated 
	   Cpus                 :     0.97        1         1 
	   Disk (KB)            :    59          20      3780 
	   GPUs                 :                           0 
	   Memory (MB)          :   298        3000      3000 
	   TimeExecute (s)      :  6122                       
	   TimeSlotBusy (s)     :  6124                       

	Job terminated of its own accord at 2026-05-04T16:35:06Z with exit-code 0.
...
