000 (10419563.037.000) 05/04 16:51:58 Job submitted from host: <188.185.6.50:9618?addrs=188.185.6.50-9618+[2001-1458-d00-62--100-2b1]-9618&alias=bigbird25.cern.ch&noUDP&sock=schedd_5459_ff98>
...
040 (10419563.037.000) 05/04 16:53:10 Started transferring input files
	Transferring to host: <188.185.192.26:9618?addrs=188.185.192.26-9618+[2001-1458-303-1f--100-16]-9618&alias=b9p13p7848.cern.ch&noUDP&sock=slot1_25_6402_89bd_229996>
...
040 (10419563.037.000) 05/04 16:53:10 Finished transferring input files
...
001 (10419563.037.000) 05/04 16:53:11 Job executing on host: <188.185.192.26:9618?addrs=188.185.192.26-9618+[2001-1458-303-1f--100-16]-9618&alias=b9p13p7848.cern.ch&noUDP&sock=startd_4757_7c1c>
	SlotName: slot1_25@b9p13p7848.cern.ch
	CondorScratchDir = "/pool/condor/dir_1155055"
	Cpus = 1
	Disk = 3867
	GPUs = 0
	Memory = 3000
...
006 (10419563.037.000) 05/04 16:53:25 Image size of job updated: 197524
	193  -  MemoryUsage of job (MB)
	197524  -  ResidentSetSize of job (KB)
...
006 (10419563.037.000) 05/04 16:58:26 Image size of job updated: 294544
	288  -  MemoryUsage of job (MB)
	294544  -  ResidentSetSize of job (KB)
...
006 (10419563.037.000) 05/04 17:03:26 Image size of job updated: 295344
	288  -  MemoryUsage of job (MB)
	294544  -  ResidentSetSize of job (KB)
...
006 (10419563.037.000) 05/04 17:08:27 Image size of job updated: 295344
	288  -  MemoryUsage of job (MB)
	294864  -  ResidentSetSize of job (KB)
...
006 (10419563.037.000) 05/04 17:13:28 Image size of job updated: 295344
	289  -  MemoryUsage of job (MB)
	294932  -  ResidentSetSize of job (KB)
...
006 (10419563.037.000) 05/04 17:20:39 Image size of job updated: 296032
	289  -  MemoryUsage of job (MB)
	294932  -  ResidentSetSize of job (KB)
...
040 (10419563.037.000) 05/04 17:20:39 Started transferring output files
...
040 (10419563.037.000) 05/04 17:20:39 Finished transferring output files
...
005 (10419563.037.000) 05/04 17:20:39 Job terminated.
	(1) Normal termination (return value 0)
		Usr 0 00:26:31, Sys 0 00:00:07  -  Run Remote Usage
		Usr 0 00:00:00, Sys 0 00:00:00  -  Run Local Usage
		Usr 0 00:26:31, Sys 0 00:00:07  -  Total Remote Usage
		Usr 0 00:00:00, Sys 0 00:00:00  -  Total Local Usage
	11636  -  Run Bytes Sent By Job
	17206  -  Run Bytes Received By Job
	11636  -  Total Bytes Sent By Job
	17206  -  Total Bytes Received By Job
	Partitionable Resources :    Usage  Request Allocated 
	   Cpus                 :     0.98        1         1 
	   Disk (KB)            :    51          20      3867 
	   GPUs                 :                           0 
	   Memory (MB)          :   289        3000      3000 
	   TimeExecute (s)      :  1648                       
	   TimeSlotBusy (s)     :  1650                       

	Job terminated of its own accord at 2026-05-04T15:20:39Z with exit-code 0.
...
