000 (10419563.045.000) 05/04 16:51:58 Job submitted from host: <188.185.6.50:9618?addrs=188.185.6.50-9618+[2001-1458-d00-62--100-2b1]-9618&alias=bigbird25.cern.ch&noUDP&sock=schedd_5459_ff98>
...
040 (10419563.045.000) 05/04 16:53:17 Started transferring input files
	Transferring to host: <128.142.33.25:9618?addrs=128.142.33.25-9618+[2001-1458-301-53--100-16]-9618&alias=b9g34p3939.cern.ch&noUDP&sock=slot1_20_7297_2582_222862>
...
040 (10419563.045.000) 05/04 16:53:17 Finished transferring input files
...
001 (10419563.045.000) 05/04 16:53:18 Job executing on host: <128.142.33.25:9618?addrs=128.142.33.25-9618+[2001-1458-301-53--100-16]-9618&alias=b9g34p3939.cern.ch&noUDP&sock=startd_6425_9814>
	SlotName: slot1_20@b9g34p3939.cern.ch
	CondorScratchDir = "/pool/condor/dir_352432"
	Cpus = 1
	Disk = 3813
	GPUs = 0
	Memory = 3000
...
006 (10419563.045.000) 05/04 16:53:31 Image size of job updated: 200848
	197  -  MemoryUsage of job (MB)
	200848  -  ResidentSetSize of job (KB)
...
006 (10419563.045.000) 05/04 16:58:31 Image size of job updated: 295648
	289  -  MemoryUsage of job (MB)
	295648  -  ResidentSetSize of job (KB)
...
006 (10419563.045.000) 05/04 17:03:32 Image size of job updated: 297576
	291  -  MemoryUsage of job (MB)
	297576  -  ResidentSetSize of job (KB)
...
006 (10419563.045.000) 05/04 17:08:32 Image size of job updated: 299616
	293  -  MemoryUsage of job (MB)
	299616  -  ResidentSetSize of job (KB)
...
006 (10419563.045.000) 05/04 17:18:33 Image size of job updated: 300104
	294  -  MemoryUsage of job (MB)
	300104  -  ResidentSetSize of job (KB)
...
006 (10419563.045.000) 05/04 17:23:34 Image size of job updated: 300132
	294  -  MemoryUsage of job (MB)
	300104  -  ResidentSetSize of job (KB)
...
040 (10419563.045.000) 05/04 17:36:10 Started transferring output files
...
040 (10419563.045.000) 05/04 17:36:10 Finished transferring output files
...
005 (10419563.045.000) 05/04 17:36:10 Job terminated.
	(1) Normal termination (return value 0)
		Usr 0 00:33:50, Sys 0 00:00:12  -  Run Remote Usage
		Usr 0 00:00:00, Sys 0 00:00:00  -  Run Local Usage
		Usr 0 00:33:50, Sys 0 00:00:12  -  Total Remote Usage
		Usr 0 00:00:00, Sys 0 00:00:00  -  Total Local Usage
	14602  -  Run Bytes Sent By Job
	17206  -  Run Bytes Received By Job
	14602  -  Total Bytes Sent By Job
	17206  -  Total Bytes Received By Job
	Partitionable Resources :    Usage  Request Allocated 
	   Cpus                 :     0.97        1         1 
	   Disk (KB)            :    54          20      3813 
	   GPUs                 :                           0 
	   Memory (MB)          :   294        3000      3000 
	   TimeExecute (s)      :  2572                       
	   TimeSlotBusy (s)     :  2578                       

	Job terminated of its own accord at 2026-05-04T15:36:10Z with exit-code 0.
...
