000 (10419563.190.000) 05/04 16:51:58 Job submitted from host: <188.185.6.50:9618?addrs=188.185.6.50-9618+[2001-1458-d00-62--100-2b1]-9618&alias=bigbird25.cern.ch&noUDP&sock=schedd_5459_ff98>
...
040 (10419563.190.000) 05/04 16:54:02 Started transferring input files
	Transferring to host: <188.185.212.217:9618?addrs=188.185.212.217-9618+[2001-1458-303-19--100-55]-9618&alias=b9p26p2089.cern.ch&noUDP&sock=slot1_40_4022729_3e58_170401>
...
040 (10419563.190.000) 05/04 16:54:02 Finished transferring input files
...
001 (10419563.190.000) 05/04 16:54:03 Job executing on host: <188.185.212.217:9618?addrs=188.185.212.217-9618+[2001-1458-303-19--100-55]-9618&alias=b9p26p2089.cern.ch&noUDP&sock=startd_4564_1a54>
	SlotName: slot1_40@b9p26p2089.cern.ch
	CondorScratchDir = "/pool/condor/dir_189965"
	Cpus = 1
	Disk = 3768
	GPUs = 0
	Memory = 3000
...
006 (10419563.190.000) 05/04 16:54:16 Image size of job updated: 205048
	201  -  MemoryUsage of job (MB)
	205048  -  ResidentSetSize of job (KB)
...
006 (10419563.190.000) 05/04 16:59:16 Image size of job updated: 299536
	293  -  MemoryUsage of job (MB)
	299536  -  ResidentSetSize of job (KB)
...
006 (10419563.190.000) 05/04 17:04:16 Image size of job updated: 300048
	293  -  MemoryUsage of job (MB)
	299536  -  ResidentSetSize of job (KB)
...
006 (10419563.190.000) 05/04 17:14:17 Image size of job updated: 300048
	293  -  MemoryUsage of job (MB)
	299884  -  ResidentSetSize of job (KB)
...
006 (10419563.190.000) 05/04 17:17:28 Image size of job updated: 301184
	293  -  MemoryUsage of job (MB)
	299884  -  ResidentSetSize of job (KB)
...
040 (10419563.190.000) 05/04 17:17:28 Started transferring output files
...
040 (10419563.190.000) 05/04 17:17:28 Finished transferring output files
...
005 (10419563.190.000) 05/04 17:17:28 Job terminated.
	(1) Normal termination (return value 0)
		Usr 0 00:22:28, Sys 0 00:00:09  -  Run Remote Usage
		Usr 0 00:00:00, Sys 0 00:00:00  -  Run Local Usage
		Usr 0 00:22:28, Sys 0 00:00:09  -  Total Remote Usage
		Usr 0 00:00:00, Sys 0 00:00:00  -  Total Local Usage
	14978  -  Run Bytes Sent By Job
	17206  -  Run Bytes Received By Job
	14978  -  Total Bytes Sent By Job
	17206  -  Total Bytes Received By Job
	Partitionable Resources :    Usage  Request Allocated 
	   Cpus                 :     0.98        1         1 
	   Disk (KB)            :    55          20      3768 
	   GPUs                 :                           0 
	   Memory (MB)          :   293        3000      3000 
	   TimeExecute (s)      :  1405                       
	   TimeSlotBusy (s)     :  1408                       

	Job terminated of its own accord at 2026-05-04T15:17:28Z with exit-code 0.
...
