000 (10419563.133.000) 05/04 16:51:58 Job submitted from host: <188.185.6.50:9618?addrs=188.185.6.50-9618+[2001-1458-d00-62--100-2b1]-9618&alias=bigbird25.cern.ch&noUDP&sock=schedd_5459_ff98>
...
040 (10419563.133.000) 05/04 16:53:42 Started transferring input files
	Transferring to host: <188.185.213.12:9618?addrs=188.185.213.12-9618+[2001-1458-303-1a--100-8]-9618&alias=b9p27p7000.cern.ch&noUDP&sock=slot1_41_3957_d07a_249324>
...
040 (10419563.133.000) 05/04 16:53:42 Finished transferring input files
...
001 (10419563.133.000) 05/04 16:53:43 Job executing on host: <188.185.213.12:9618?addrs=188.185.213.12-9618+[2001-1458-303-1a--100-8]-9618&alias=b9p27p7000.cern.ch&noUDP&sock=startd_3308_9761>
	SlotName: slot1_41@b9p27p7000.cern.ch
	CondorScratchDir = "/pool/condor/dir_2721365"
	Cpus = 1
	Disk = 3772
	GPUs = 0
	Memory = 3000
...
006 (10419563.133.000) 05/04 16:53:57 Image size of job updated: 202548
	198  -  MemoryUsage of job (MB)
	202548  -  ResidentSetSize of job (KB)
...
006 (10419563.133.000) 05/04 16:58:58 Image size of job updated: 297356
	291  -  MemoryUsage of job (MB)
	297356  -  ResidentSetSize of job (KB)
...
006 (10419563.133.000) 05/04 17:03:59 Image size of job updated: 298432
	292  -  MemoryUsage of job (MB)
	298432  -  ResidentSetSize of job (KB)
...
006 (10419563.133.000) 05/04 17:08:59 Image size of job updated: 300752
	294  -  MemoryUsage of job (MB)
	300752  -  ResidentSetSize of job (KB)
...
006 (10419563.133.000) 05/04 17:14:00 Image size of job updated: 301008
	294  -  MemoryUsage of job (MB)
	301008  -  ResidentSetSize of job (KB)
...
006 (10419563.133.000) 05/04 17:15:14 Image size of job updated: 302340
	294  -  MemoryUsage of job (MB)
	301008  -  ResidentSetSize of job (KB)
...
040 (10419563.133.000) 05/04 17:15:14 Started transferring output files
...
040 (10419563.133.000) 05/04 17:15:14 Finished transferring output files
...
005 (10419563.133.000) 05/04 17:15:14 Job terminated.
	(1) Normal termination (return value 0)
		Usr 0 00:18:50, Sys 0 00:00:07  -  Run Remote Usage
		Usr 0 00:00:00, Sys 0 00:00:00  -  Run Local Usage
		Usr 0 00:18:50, Sys 0 00:00:07  -  Total Remote Usage
		Usr 0 00:00:00, Sys 0 00:00:00  -  Total Local Usage
	14371  -  Run Bytes Sent By Job
	17206  -  Run Bytes Received By Job
	14371  -  Total Bytes Sent By Job
	17206  -  Total Bytes Received By Job
	Partitionable Resources :    Usage  Request Allocated 
	   Cpus                 :     0.91        1         1 
	   Disk (KB)            :    54          20      3772 
	   GPUs                 :                           0 
	   Memory (MB)          :   294        3000      3000 
	   TimeExecute (s)      :  1291                       
	   TimeSlotBusy (s)     :  1293                       

	Job terminated of its own accord at 2026-05-04T15:15:14Z with exit-code 0.
...
