000 (10419563.325.000) 05/04 16:51:59 Job submitted from host: <188.185.6.50:9618?addrs=188.185.6.50-9618+[2001-1458-d00-62--100-2b1]-9618&alias=bigbird25.cern.ch&noUDP&sock=schedd_5459_ff98>
...
040 (10419563.325.000) 05/04 16:54:44 Started transferring input files
	Transferring to host: <188.185.208.153:9618?addrs=188.185.208.153-9618+[2001-1458-303-10--100-16]-9618&alias=b9p10p5024.cern.ch&noUDP&sock=slot1_8_1215722_e0d6_102885>
...
040 (10419563.325.000) 05/04 16:54:44 Finished transferring input files
...
001 (10419563.325.000) 05/04 16:54:45 Job executing on host: <188.185.208.153:9618?addrs=188.185.208.153-9618+[2001-1458-303-10--100-16]-9618&alias=b9p10p5024.cern.ch&noUDP&sock=startd_9152_16d8>
	SlotName: slot1_8@b9p10p5024.cern.ch
	CondorScratchDir = "/pool/condor/dir_527687"
	Cpus = 1
	Disk = 3587
	GPUs = 0
	Memory = 3000
...
006 (10419563.325.000) 05/04 16:54:59 Image size of job updated: 205116
	201  -  MemoryUsage of job (MB)
	205116  -  ResidentSetSize of job (KB)
...
006 (10419563.325.000) 05/04 17:00:00 Image size of job updated: 291888
	286  -  MemoryUsage of job (MB)
	291888  -  ResidentSetSize of job (KB)
...
006 (10419563.325.000) 05/04 17:05:00 Image size of job updated: 294336
	288  -  MemoryUsage of job (MB)
	294336  -  ResidentSetSize of job (KB)
...
006 (10419563.325.000) 05/04 17:07:45 Image size of job updated: 295616
	288  -  MemoryUsage of job (MB)
	294336  -  ResidentSetSize of job (KB)
...
040 (10419563.325.000) 05/04 17:07:46 Started transferring output files
...
040 (10419563.325.000) 05/04 17:07:46 Finished transferring output files
...
005 (10419563.325.000) 05/04 17:07:46 Job terminated.
	(1) Normal termination (return value 0)
		Usr 0 00:12:33, Sys 0 00:00:03  -  Run Remote Usage
		Usr 0 00:00:00, Sys 0 00:00:00  -  Run Local Usage
		Usr 0 00:12:33, Sys 0 00:00:03  -  Total Remote Usage
		Usr 0 00:00:00, Sys 0 00:00:00  -  Total Local Usage
	11301  -  Run Bytes Sent By Job
	17206  -  Run Bytes Received By Job
	11301  -  Total Bytes Sent By Job
	17206  -  Total Bytes Received By Job
	Partitionable Resources :    Usage  Request Allocated 
	   Cpus                 :     0.98        1         1 
	   Disk (KB)            :    53          20      3587 
	   GPUs                 :                           0 
	   Memory (MB)          :   288        3000      3000 
	   TimeExecute (s)      :   780                       
	   TimeSlotBusy (s)     :   783                       

	Job terminated of its own accord at 2026-05-04T15:07:45Z with exit-code 0.
...
