000 (10419563.240.000) 05/04 16:51:59 Job submitted from host: <188.185.6.50:9618?addrs=188.185.6.50-9618+[2001-1458-d00-62--100-2b1]-9618&alias=bigbird25.cern.ch&noUDP&sock=schedd_5459_ff98>
...
040 (10419563.240.000) 05/04 16:54:18 Started transferring input files
	Transferring to host: <188.185.213.136:9618?addrs=188.185.213.136-9618+[2001-1458-303-1b--100-4]-9618&alias=b9p28p6769.cern.ch&noUDP&sock=slot1_34_6579_4025_224557>
...
040 (10419563.240.000) 05/04 16:54:18 Finished transferring input files
...
001 (10419563.240.000) 05/04 16:54:19 Job executing on host: <188.185.213.136:9618?addrs=188.185.213.136-9618+[2001-1458-303-1b--100-4]-9618&alias=b9p28p6769.cern.ch&noUDP&sock=startd_6239_0377>
	SlotName: slot1_34@b9p28p6769.cern.ch
	CondorScratchDir = "/pool/condor/dir_1421012"
	Cpus = 1
	Disk = 3909
	GPUs = 0
	Memory = 3000
...
006 (10419563.240.000) 05/04 16:54:33 Image size of job updated: 203508
	199  -  MemoryUsage of job (MB)
	203508  -  ResidentSetSize of job (KB)
...
006 (10419563.240.000) 05/04 16:59:34 Image size of job updated: 300152
	294  -  MemoryUsage of job (MB)
	300152  -  ResidentSetSize of job (KB)
...
006 (10419563.240.000) 05/04 17:04:34 Image size of job updated: 300424
	294  -  MemoryUsage of job (MB)
	300152  -  ResidentSetSize of job (KB)
...
006 (10419563.240.000) 05/04 17:09:35 Image size of job updated: 300676
	294  -  MemoryUsage of job (MB)
	300676  -  ResidentSetSize of job (KB)
...
006 (10419563.240.000) 05/04 17:13:59 Image size of job updated: 302124
	294  -  MemoryUsage of job (MB)
	300676  -  ResidentSetSize of job (KB)
...
040 (10419563.240.000) 05/04 17:13:59 Started transferring output files
...
040 (10419563.240.000) 05/04 17:13:59 Finished transferring output files
...
005 (10419563.240.000) 05/04 17:13:59 Job terminated.
	(1) Normal termination (return value 0)
		Usr 0 00:18:47, Sys 0 00:00:10  -  Run Remote Usage
		Usr 0 00:00:00, Sys 0 00:00:00  -  Run Local Usage
		Usr 0 00:18:47, Sys 0 00:00:10  -  Total Remote Usage
		Usr 0 00:00:00, Sys 0 00:00:00  -  Total Local Usage
	14851  -  Run Bytes Sent By Job
	17206  -  Run Bytes Received By Job
	14851  -  Total Bytes Sent By Job
	17206  -  Total Bytes Received By Job
	Partitionable Resources :    Usage  Request Allocated 
	   Cpus                 :     0.98        1         1 
	   Disk (KB)            :    54          20      3909 
	   GPUs                 :                           0 
	   Memory (MB)          :   294        3000      3000 
	   TimeExecute (s)      :  1180                       
	   TimeSlotBusy (s)     :  1183                       

	Job terminated of its own accord at 2026-05-04T15:13:59Z with exit-code 0.
...
