000 (10419563.056.000) 05/04 16:51:58 Job submitted from host: <188.185.6.50:9618?addrs=188.185.6.50-9618+[2001-1458-d00-62--100-2b1]-9618&alias=bigbird25.cern.ch&noUDP&sock=schedd_5459_ff98>
...
040 (10419563.056.000) 05/04 16:53:17 Started transferring input files
	Transferring to host: <188.185.213.222:9618?addrs=188.185.213.222-9618+[2001-1458-303-1b--100-5a]-9618&alias=b9p28p3831.cern.ch&noUDP&sock=slot1_30_6619_6f26_253604>
...
040 (10419563.056.000) 05/04 16:53:17 Finished transferring input files
...
001 (10419563.056.000) 05/04 16:53:18 Job executing on host: <188.185.213.222:9618?addrs=188.185.213.222-9618+[2001-1458-303-1b--100-5a]-9618&alias=b9p28p3831.cern.ch&noUDP&sock=startd_5775_bf85>
	SlotName: slot1_30@b9p28p3831.cern.ch
	CondorScratchDir = "/pool/condor/dir_2316359"
	Cpus = 1
	Disk = 3747
	GPUs = 0
	Memory = 3000
...
006 (10419563.056.000) 05/04 16:53:31 Image size of job updated: 202296
	198  -  MemoryUsage of job (MB)
	202296  -  ResidentSetSize of job (KB)
...
006 (10419563.056.000) 05/04 16:58:31 Image size of job updated: 294844
	288  -  MemoryUsage of job (MB)
	294844  -  ResidentSetSize of job (KB)
...
006 (10419563.056.000) 05/04 17:03:32 Image size of job updated: 300444
	294  -  MemoryUsage of job (MB)
	300444  -  ResidentSetSize of job (KB)
...
006 (10419563.056.000) 05/04 17:08:32 Image size of job updated: 300448
	294  -  MemoryUsage of job (MB)
	300444  -  ResidentSetSize of job (KB)
...
006 (10419563.056.000) 05/04 17:15:01 Image size of job updated: 334160
	294  -  MemoryUsage of job (MB)
	300444  -  ResidentSetSize of job (KB)
...
040 (10419563.056.000) 05/04 17:15:01 Started transferring output files
...
040 (10419563.056.000) 05/04 17:15:01 Finished transferring output files
...
005 (10419563.056.000) 05/04 17:15:01 Job terminated.
	(1) Normal termination (return value 0)
		Usr 0 00:20:18, Sys 0 00:00:06  -  Run Remote Usage
		Usr 0 00:00:00, Sys 0 00:00:00  -  Run Local Usage
		Usr 0 00:20:18, Sys 0 00:00:06  -  Total Remote Usage
		Usr 0 00:00:00, Sys 0 00:00:00  -  Total Local Usage
	14595  -  Run Bytes Sent By Job
	17206  -  Run Bytes Received By Job
	14595  -  Total Bytes Sent By Job
	17206  -  Total Bytes Received By Job
	Partitionable Resources :    Usage  Request Allocated 
	   Cpus                 :     0.98        1         1 
	   Disk (KB)            :    54          20      3747 
	   GPUs                 :                           0 
	   Memory (MB)          :   294        3000      3000 
	   TimeExecute (s)      :  1303                       
	   TimeSlotBusy (s)     :  1305                       

	Job terminated of its own accord at 2026-05-04T15:15:01Z with exit-code 0.
...
