000 (10419563.117.000) 05/04 16:51:58 Job submitted from host: <188.185.6.50:9618?addrs=188.185.6.50-9618+[2001-1458-d00-62--100-2b1]-9618&alias=bigbird25.cern.ch&noUDP&sock=schedd_5459_ff98>
...
040 (10419563.117.000) 05/04 16:53:37 Started transferring input files
	Transferring to host: <188.185.192.141:9618?addrs=188.185.192.141-9618+[2001-1458-303-1f--100-89]-9618&alias=b9p13p6301.cern.ch&noUDP&sock=slot1_22_193885_45a5_221208>
...
040 (10419563.117.000) 05/04 16:53:37 Finished transferring input files
...
001 (10419563.117.000) 05/04 16:53:38 Job executing on host: <188.185.192.141:9618?addrs=188.185.192.141-9618+[2001-1458-303-1f--100-89]-9618&alias=b9p13p6301.cern.ch&noUDP&sock=startd_4757_7c1c>
	SlotName: slot1_22@b9p13p6301.cern.ch
	CondorScratchDir = "/pool/condor/dir_589780"
	Cpus = 1
	Disk = 3818
	GPUs = 0
	Memory = 3000
...
006 (10419563.117.000) 05/04 16:53:51 Image size of job updated: 196952
	193  -  MemoryUsage of job (MB)
	196952  -  ResidentSetSize of job (KB)
...
006 (10419563.117.000) 05/04 16:58:51 Image size of job updated: 292060
	286  -  MemoryUsage of job (MB)
	292060  -  ResidentSetSize of job (KB)
...
006 (10419563.117.000) 05/04 17:03:51 Image size of job updated: 294388
	288  -  MemoryUsage of job (MB)
	294388  -  ResidentSetSize of job (KB)
...
006 (10419563.117.000) 05/04 17:08:52 Image size of job updated: 297304
	291  -  MemoryUsage of job (MB)
	297304  -  ResidentSetSize of job (KB)
...
006 (10419563.117.000) 05/04 17:13:52 Image size of job updated: 297360
	291  -  MemoryUsage of job (MB)
	297304  -  ResidentSetSize of job (KB)
...
006 (10419563.117.000) 05/04 17:22:28 Image size of job updated: 298024
	291  -  MemoryUsage of job (MB)
	297304  -  ResidentSetSize of job (KB)
...
040 (10419563.117.000) 05/04 17:22:28 Started transferring output files
...
040 (10419563.117.000) 05/04 17:22:28 Finished transferring output files
...
005 (10419563.117.000) 05/04 17:22:28 Job terminated.
	(1) Normal termination (return value 0)
		Usr 0 00:27:08, Sys 0 00:00:05  -  Run Remote Usage
		Usr 0 00:00:00, Sys 0 00:00:00  -  Run Local Usage
		Usr 0 00:27:08, Sys 0 00:00:05  -  Total Remote Usage
		Usr 0 00:00:00, Sys 0 00:00:00  -  Total Local Usage
	10998  -  Run Bytes Sent By Job
	17206  -  Run Bytes Received By Job
	10998  -  Total Bytes Sent By Job
	17206  -  Total Bytes Received By Job
	Partitionable Resources :    Usage  Request Allocated 
	   Cpus                 :     0.95        1         1 
	   Disk (KB)            :    51          20      3818 
	   GPUs                 :                           0 
	   Memory (MB)          :   291        3000      3000 
	   TimeExecute (s)      :  1730                       
	   TimeSlotBusy (s)     :  1733                       

	Job terminated of its own accord at 2026-05-04T15:22:28Z with exit-code 0.
...
