000 (10419563.272.000) 05/04 16:51:59 Job submitted from host: <188.185.6.50:9618?addrs=188.185.6.50-9618+[2001-1458-d00-62--100-2b1]-9618&alias=bigbird25.cern.ch&noUDP&sock=schedd_5459_ff98>
...
040 (10419563.272.000) 05/04 16:54:28 Started transferring input files
	Transferring to host: <188.185.212.15:9618?addrs=188.185.212.15-9618+[2001-1458-303-18--100-b]-9618&alias=b9p25p2497.cern.ch&noUDP&sock=slot1_17_4568_51b3_251734>
...
040 (10419563.272.000) 05/04 16:54:28 Finished transferring input files
...
001 (10419563.272.000) 05/04 16:54:29 Job executing on host: <188.185.212.15:9618?addrs=188.185.212.15-9618+[2001-1458-303-18--100-b]-9618&alias=b9p25p2497.cern.ch&noUDP&sock=startd_3866_5539>
	SlotName: slot1_17@b9p25p2497.cern.ch
	CondorScratchDir = "/pool/condor/dir_1025474"
	Cpus = 1
	Disk = 3906
	GPUs = 0
	Memory = 3000
...
006 (10419563.272.000) 05/04 16:54:42 Image size of job updated: 203872
	200  -  MemoryUsage of job (MB)
	203872  -  ResidentSetSize of job (KB)
...
006 (10419563.272.000) 05/04 16:59:42 Image size of job updated: 300128
	294  -  MemoryUsage of job (MB)
	300128  -  ResidentSetSize of job (KB)
...
006 (10419563.272.000) 05/04 17:04:43 Image size of job updated: 300340
	294  -  MemoryUsage of job (MB)
	300340  -  ResidentSetSize of job (KB)
...
006 (10419563.272.000) 05/04 17:09:43 Image size of job updated: 301736
	294  -  MemoryUsage of job (MB)
	300836  -  ResidentSetSize of job (KB)
...
006 (10419563.272.000) 05/04 17:14:44 Image size of job updated: 301736
	295  -  MemoryUsage of job (MB)
	301396  -  ResidentSetSize of job (KB)
...
006 (10419563.272.000) 05/04 17:15:29 Image size of job updated: 302036
	295  -  MemoryUsage of job (MB)
	301396  -  ResidentSetSize of job (KB)
...
040 (10419563.272.000) 05/04 17:15:29 Started transferring output files
...
040 (10419563.272.000) 05/04 17:15:29 Finished transferring output files
...
005 (10419563.272.000) 05/04 17:15:29 Job terminated.
	(1) Normal termination (return value 0)
		Usr 0 00:20:19, Sys 0 00:00:06  -  Run Remote Usage
		Usr 0 00:00:00, Sys 0 00:00:00  -  Run Local Usage
		Usr 0 00:20:19, Sys 0 00:00:06  -  Total Remote Usage
		Usr 0 00:00:00, Sys 0 00:00:00  -  Total Local Usage
	14931  -  Run Bytes Sent By Job
	17206  -  Run Bytes Received By Job
	14931  -  Total Bytes Sent By Job
	17206  -  Total Bytes Received By Job
	Partitionable Resources :    Usage  Request Allocated 
	   Cpus                 :     0.98        1         1 
	   Disk (KB)            :    55          20      3906 
	   GPUs                 :                           0 
	   Memory (MB)          :   295        3000      3000 
	   TimeExecute (s)      :  1260                       
	   TimeSlotBusy (s)     :  1262                       

	Job terminated of its own accord at 2026-05-04T15:15:29Z with exit-code 0.
...
