000 (10419563.060.000) 05/04 16:51:58 Job submitted from host: <188.185.6.50:9618?addrs=188.185.6.50-9618+[2001-1458-d00-62--100-2b1]-9618&alias=bigbird25.cern.ch&noUDP&sock=schedd_5459_ff98>
...
040 (10419563.060.000) 05/04 16:53:18 Started transferring input files
	Transferring to host: <188.185.205.153:9618?addrs=188.185.205.153-9618+[2001-1458-303-a--100-16]-9618&alias=b9p04p2708.cern.ch&noUDP&sock=slot1_6_4021_e87d_212791>
...
040 (10419563.060.000) 05/04 16:53:18 Finished transferring input files
...
001 (10419563.060.000) 05/04 16:53:19 Job executing on host: <188.185.205.153:9618?addrs=188.185.205.153-9618+[2001-1458-303-a--100-16]-9618&alias=b9p04p2708.cern.ch&noUDP&sock=startd_3585_971d>
	SlotName: slot1_6@b9p04p2708.cern.ch
	CondorScratchDir = "/pool/condor/dir_1401963"
	Cpus = 1
	Disk = 3787
	GPUs = 0
	Memory = 3000
...
006 (10419563.060.000) 05/04 16:53:32 Image size of job updated: 240488
	235  -  MemoryUsage of job (MB)
	240488  -  ResidentSetSize of job (KB)
...
006 (10419563.060.000) 05/04 16:58:32 Image size of job updated: 299480
	293  -  MemoryUsage of job (MB)
	299064  -  ResidentSetSize of job (KB)
...
006 (10419563.060.000) 05/04 17:03:33 Image size of job updated: 299884
	293  -  MemoryUsage of job (MB)
	299884  -  ResidentSetSize of job (KB)
...
006 (10419563.060.000) 05/04 17:04:36 Image size of job updated: 328468
	293  -  MemoryUsage of job (MB)
	299884  -  ResidentSetSize of job (KB)
...
040 (10419563.060.000) 05/04 17:04:36 Started transferring output files
...
040 (10419563.060.000) 05/04 17:04:36 Finished transferring output files
...
005 (10419563.060.000) 05/04 17:04:36 Job terminated.
	(1) Normal termination (return value 0)
		Usr 0 00:10:54, Sys 0 00:00:03  -  Run Remote Usage
		Usr 0 00:00:00, Sys 0 00:00:00  -  Run Local Usage
		Usr 0 00:10:54, Sys 0 00:00:03  -  Total Remote Usage
		Usr 0 00:00:00, Sys 0 00:00:00  -  Total Local Usage
	14515  -  Run Bytes Sent By Job
	17206  -  Run Bytes Received By Job
	14515  -  Total Bytes Sent By Job
	17206  -  Total Bytes Received By Job
	Partitionable Resources :    Usage  Request Allocated 
	   Cpus                 :     0.99        1         1 
	   Disk (KB)            :    57          20      3787 
	   GPUs                 :                           0 
	   Memory (MB)          :   293        3000      3000 
	   TimeExecute (s)      :   677                       
	   TimeSlotBusy (s)     :   679                       

	Job terminated of its own accord at 2026-05-04T15:04:36Z with exit-code 0.
...
