000 (10419563.173.000) 05/04 16:51:58 Job submitted from host: <188.185.6.50:9618?addrs=188.185.6.50-9618+[2001-1458-d00-62--100-2b1]-9618&alias=bigbird25.cern.ch&noUDP&sock=schedd_5459_ff98>
...
040 (10419563.173.000) 05/04 16:53:55 Started transferring input files
	Transferring to host: <188.185.213.16:9618?addrs=188.185.213.16-9618+[2001-1458-303-1a--100-c]-9618&alias=b9p27p4428.cern.ch&noUDP&sock=slot1_19_4303_9a48_253435>
...
040 (10419563.173.000) 05/04 16:53:55 Finished transferring input files
...
001 (10419563.173.000) 05/04 16:53:56 Job executing on host: <188.185.213.16:9618?addrs=188.185.213.16-9618+[2001-1458-303-1a--100-c]-9618&alias=b9p27p4428.cern.ch&noUDP&sock=startd_3535_4b60>
	SlotName: slot1_19@b9p27p4428.cern.ch
	CondorScratchDir = "/pool/condor/dir_95346"
	Cpus = 1
	Disk = 3781
	GPUs = 0
	Memory = 3000
...
006 (10419563.173.000) 05/04 16:54:10 Image size of job updated: 237284
	232  -  MemoryUsage of job (MB)
	237284  -  ResidentSetSize of job (KB)
...
006 (10419563.173.000) 05/04 16:59:11 Image size of job updated: 293804
	287  -  MemoryUsage of job (MB)
	293804  -  ResidentSetSize of job (KB)
...
006 (10419563.173.000) 05/04 17:04:11 Image size of job updated: 296608
	290  -  MemoryUsage of job (MB)
	296608  -  ResidentSetSize of job (KB)
...
006 (10419563.173.000) 05/04 17:09:11 Image size of job updated: 296776
	290  -  MemoryUsage of job (MB)
	296776  -  ResidentSetSize of job (KB)
...
006 (10419563.173.000) 05/04 17:11:04 Image size of job updated: 298180
	290  -  MemoryUsage of job (MB)
	296776  -  ResidentSetSize of job (KB)
...
040 (10419563.173.000) 05/04 17:11:04 Started transferring output files
...
040 (10419563.173.000) 05/04 17:11:04 Finished transferring output files
...
005 (10419563.173.000) 05/04 17:11:04 Job terminated.
	(1) Normal termination (return value 0)
		Usr 0 00:16:40, Sys 0 00:00:03  -  Run Remote Usage
		Usr 0 00:00:00, Sys 0 00:00:00  -  Run Local Usage
		Usr 0 00:16:40, Sys 0 00:00:03  -  Total Remote Usage
		Usr 0 00:00:00, Sys 0 00:00:00  -  Total Local Usage
	12170  -  Run Bytes Sent By Job
	17206  -  Run Bytes Received By Job
	12170  -  Total Bytes Sent By Job
	17206  -  Total Bytes Received By Job
	Partitionable Resources :    Usage  Request Allocated 
	   Cpus                 :     0.99        1         1 
	   Disk (KB)            :    52          20      3781 
	   GPUs                 :                           0 
	   Memory (MB)          :   290        3000      3000 
	   TimeExecute (s)      :  1028                       
	   TimeSlotBusy (s)     :  1030                       

	Job terminated of its own accord at 2026-05-04T15:11:04Z with exit-code 0.
...
