000 (10419563.321.000) 05/04 16:51:59 Job submitted from host: <188.185.6.50:9618?addrs=188.185.6.50-9618+[2001-1458-d00-62--100-2b1]-9618&alias=bigbird25.cern.ch&noUDP&sock=schedd_5459_ff98>
...
040 (10419563.321.000) 05/04 16:54:42 Started transferring input files
	Transferring to host: <188.185.214.192:9618?addrs=188.185.214.192-9618+[2001-1458-303-1d--100-3c]-9618&alias=b9p30p0511.cern.ch&noUDP&sock=slot1_16_1943354_726b_172854>
...
040 (10419563.321.000) 05/04 16:54:42 Finished transferring input files
...
001 (10419563.321.000) 05/04 16:54:43 Job executing on host: <188.185.214.192:9618?addrs=188.185.214.192-9618+[2001-1458-303-1d--100-3c]-9618&alias=b9p30p0511.cern.ch&noUDP&sock=startd_6128_e074>
	SlotName: slot1_16@b9p30p0511.cern.ch
	CondorScratchDir = "/pool/condor/dir_2252817"
	Cpus = 1
	Disk = 3795
	GPUs = 0
	Memory = 3000
...
006 (10419563.321.000) 05/04 16:54:56 Image size of job updated: 241744
	237  -  MemoryUsage of job (MB)
	241744  -  ResidentSetSize of job (KB)
...
006 (10419563.321.000) 05/04 16:59:56 Image size of job updated: 299956
	293  -  MemoryUsage of job (MB)
	299956  -  ResidentSetSize of job (KB)
...
006 (10419563.321.000) 05/04 17:04:57 Image size of job updated: 300064
	293  -  MemoryUsage of job (MB)
	300008  -  ResidentSetSize of job (KB)
...
040 (10419563.321.000) 05/04 17:09:43 Started transferring output files
...
040 (10419563.321.000) 05/04 17:09:43 Finished transferring output files
...
005 (10419563.321.000) 05/04 17:09:43 Job terminated.
	(1) Normal termination (return value 0)
		Usr 0 00:14:28, Sys 0 00:00:05  -  Run Remote Usage
		Usr 0 00:00:00, Sys 0 00:00:00  -  Run Local Usage
		Usr 0 00:14:28, Sys 0 00:00:05  -  Total Remote Usage
		Usr 0 00:00:00, Sys 0 00:00:00  -  Total Local Usage
	14835  -  Run Bytes Sent By Job
	17206  -  Run Bytes Received By Job
	14835  -  Total Bytes Sent By Job
	17206  -  Total Bytes Received By Job
	Partitionable Resources :    Usage  Request Allocated 
	   Cpus                 :     0.98        1         1 
	   Disk (KB)            :    54          20      3795 
	   GPUs                 :                           0 
	   Memory (MB)          :   293        3000      3000 
	   TimeExecute (s)      :   900                       
	   TimeSlotBusy (s)     :   902                       

	Job terminated of its own accord at 2026-05-04T15:09:43Z with exit-code 0.
...
