000 (10419563.124.000) 05/04 16:51:58 Job submitted from host: <188.185.6.50:9618?addrs=188.185.6.50-9618+[2001-1458-d00-62--100-2b1]-9618&alias=bigbird25.cern.ch&noUDP&sock=schedd_5459_ff98>
...
040 (10419563.124.000) 05/04 16:53:39 Started transferring input files
	Transferring to host: <188.185.210.78:9618?addrs=188.185.210.78-9618+[2001-1458-303-1--100-4a]-9618&alias=b9p21p8482.cern.ch&noUDP&sock=slot1_18_3719_1f30_252159>
...
040 (10419563.124.000) 05/04 16:53:39 Finished transferring input files
...
001 (10419563.124.000) 05/04 16:53:40 Job executing on host: <188.185.210.78:9618?addrs=188.185.210.78-9618+[2001-1458-303-1--100-4a]-9618&alias=b9p21p8482.cern.ch&noUDP&sock=startd_3023_1ae3>
	SlotName: slot1_18@b9p21p8482.cern.ch
	CondorScratchDir = "/pool/condor/dir_881292"
	Cpus = 1
	Disk = 3731
	GPUs = 0
	Memory = 3000
...
006 (10419563.124.000) 05/04 16:53:53 Image size of job updated: 205352
	201  -  MemoryUsage of job (MB)
	205352  -  ResidentSetSize of job (KB)
...
006 (10419563.124.000) 05/04 16:58:53 Image size of job updated: 298724
	292  -  MemoryUsage of job (MB)
	298724  -  ResidentSetSize of job (KB)
...
006 (10419563.124.000) 05/04 17:03:54 Image size of job updated: 298828
	292  -  MemoryUsage of job (MB)
	298724  -  ResidentSetSize of job (KB)
...
006 (10419563.124.000) 05/04 17:08:49 Image size of job updated: 299064
	292  -  MemoryUsage of job (MB)
	298724  -  ResidentSetSize of job (KB)
...
040 (10419563.124.000) 05/04 17:08:49 Started transferring output files
...
040 (10419563.124.000) 05/04 17:08:49 Finished transferring output files
...
005 (10419563.124.000) 05/04 17:08:49 Job terminated.
	(1) Normal termination (return value 0)
		Usr 0 00:14:36, Sys 0 00:00:05  -  Run Remote Usage
		Usr 0 00:00:00, Sys 0 00:00:00  -  Run Local Usage
		Usr 0 00:14:36, Sys 0 00:00:05  -  Total Remote Usage
		Usr 0 00:00:00, Sys 0 00:00:00  -  Total Local Usage
	14514  -  Run Bytes Sent By Job
	17206  -  Run Bytes Received By Job
	14514  -  Total Bytes Sent By Job
	17206  -  Total Bytes Received By Job
	Partitionable Resources :    Usage  Request Allocated 
	   Cpus                 :     0.98        1         1 
	   Disk (KB)            :    54          20      3731 
	   GPUs                 :                           0 
	   Memory (MB)          :   292        3000      3000 
	   TimeExecute (s)      :   909                       
	   TimeSlotBusy (s)     :   911                       

	Job terminated of its own accord at 2026-05-04T15:08:49Z with exit-code 0.
...
