000 (10419563.052.000) 05/04 16:51:58 Job submitted from host: <188.185.6.50:9618?addrs=188.185.6.50-9618+[2001-1458-d00-62--100-2b1]-9618&alias=bigbird25.cern.ch&noUDP&sock=schedd_5459_ff98>
...
040 (10419563.052.000) 05/04 16:53:15 Started transferring input files
	Transferring to host: <188.185.208.150:9618?addrs=188.185.208.150-9618+[2001-1458-303-10--100-13]-9618&alias=b9p10p3260.cern.ch&noUDP&sock=slot1_14_1600989_5529_107542>
...
040 (10419563.052.000) 05/04 16:53:15 Finished transferring input files
...
001 (10419563.052.000) 05/04 16:53:16 Job executing on host: <188.185.208.150:9618?addrs=188.185.208.150-9618+[2001-1458-303-10--100-13]-9618&alias=b9p10p3260.cern.ch&noUDP&sock=startd_3313_055a>
	SlotName: slot1_14@b9p10p3260.cern.ch
	CondorScratchDir = "/pool/condor/dir_1008330"
	Cpus = 1
	Disk = 3570
	GPUs = 0
	Memory = 3000
...
006 (10419563.052.000) 05/04 16:53:30 Image size of job updated: 204392
	200  -  MemoryUsage of job (MB)
	204392  -  ResidentSetSize of job (KB)
...
006 (10419563.052.000) 05/04 16:58:31 Image size of job updated: 298404
	292  -  MemoryUsage of job (MB)
	298404  -  ResidentSetSize of job (KB)
...
006 (10419563.052.000) 05/04 17:03:31 Image size of job updated: 298744
	292  -  MemoryUsage of job (MB)
	298744  -  ResidentSetSize of job (KB)
...
006 (10419563.052.000) 05/04 17:08:32 Image size of job updated: 299540
	293  -  MemoryUsage of job (MB)
	299540  -  ResidentSetSize of job (KB)
...
006 (10419563.052.000) 05/04 17:12:48 Image size of job updated: 300948
	293  -  MemoryUsage of job (MB)
	299540  -  ResidentSetSize of job (KB)
...
040 (10419563.052.000) 05/04 17:12:48 Started transferring output files
...
040 (10419563.052.000) 05/04 17:12:48 Finished transferring output files
...
005 (10419563.052.000) 05/04 17:12:48 Job terminated.
	(1) Normal termination (return value 0)
		Usr 0 00:16:41, Sys 0 00:00:09  -  Run Remote Usage
		Usr 0 00:00:00, Sys 0 00:00:00  -  Run Local Usage
		Usr 0 00:16:41, Sys 0 00:00:09  -  Total Remote Usage
		Usr 0 00:00:00, Sys 0 00:00:00  -  Total Local Usage
	14499  -  Run Bytes Sent By Job
	17206  -  Run Bytes Received By Job
	14499  -  Total Bytes Sent By Job
	17206  -  Total Bytes Received By Job
	Partitionable Resources :    Usage  Request Allocated 
	   Cpus                 :     0.94        1         1 
	   Disk (KB)            :    57          20      3570 
	   GPUs                 :                           0 
	   Memory (MB)          :   293        3000      3000 
	   TimeExecute (s)      :  1172                       
	   TimeSlotBusy (s)     :  1174                       

	Job terminated of its own accord at 2026-05-04T15:12:48Z with exit-code 0.
...
