000 (10419563.347.000) 05/04 16:51:59 Job submitted from host: <188.185.6.50:9618?addrs=188.185.6.50-9618+[2001-1458-d00-62--100-2b1]-9618&alias=bigbird25.cern.ch&noUDP&sock=schedd_5459_ff98>
...
040 (10419563.347.000) 05/04 16:54:52 Started transferring input files
	Transferring to host: <188.185.214.145:9618?addrs=188.185.214.145-9618+[2001-1458-303-1d--100-d]-9618&alias=b9p30p1671.cern.ch&noUDP&sock=slot1_25_7296_7122_250320>
...
040 (10419563.347.000) 05/04 16:54:52 Finished transferring input files
...
001 (10419563.347.000) 05/04 16:54:53 Job executing on host: <188.185.214.145:9618?addrs=188.185.214.145-9618+[2001-1458-303-1d--100-d]-9618&alias=b9p30p1671.cern.ch&noUDP&sock=startd_6631_e497>
	SlotName: slot1_25@b9p30p1671.cern.ch
	CondorScratchDir = "/pool/condor/dir_3747263"
	Cpus = 1
	Disk = 3705
	GPUs = 0
	Memory = 3000
...
006 (10419563.347.000) 05/04 16:55:07 Image size of job updated: 203080
	199  -  MemoryUsage of job (MB)
	203080  -  ResidentSetSize of job (KB)
...
006 (10419563.347.000) 05/04 17:00:08 Image size of job updated: 299428
	293  -  MemoryUsage of job (MB)
	299428  -  ResidentSetSize of job (KB)
...
006 (10419563.347.000) 05/04 17:05:08 Image size of job updated: 300628
	294  -  MemoryUsage of job (MB)
	300628  -  ResidentSetSize of job (KB)
...
006 (10419563.347.000) 05/04 17:10:09 Image size of job updated: 301244
	295  -  MemoryUsage of job (MB)
	301244  -  ResidentSetSize of job (KB)
...
040 (10419563.347.000) 05/04 17:14:01 Started transferring output files
...
040 (10419563.347.000) 05/04 17:14:01 Finished transferring output files
...
005 (10419563.347.000) 05/04 17:14:01 Job terminated.
	(1) Normal termination (return value 0)
		Usr 0 00:18:26, Sys 0 00:00:06  -  Run Remote Usage
		Usr 0 00:00:00, Sys 0 00:00:00  -  Run Local Usage
		Usr 0 00:18:26, Sys 0 00:00:06  -  Total Remote Usage
		Usr 0 00:00:00, Sys 0 00:00:00  -  Total Local Usage
	14755  -  Run Bytes Sent By Job
	17206  -  Run Bytes Received By Job
	14755  -  Total Bytes Sent By Job
	17206  -  Total Bytes Received By Job
	Partitionable Resources :    Usage  Request Allocated 
	   Cpus                 :     0.98        1         1 
	   Disk (KB)            :    54          20      3705 
	   GPUs                 :                           0 
	   Memory (MB)          :   295        3000      3000 
	   TimeExecute (s)      :  1148                       
	   TimeSlotBusy (s)     :  1150                       

	Job terminated of its own accord at 2026-05-04T15:14:01Z with exit-code 0.
...
