000 (10419563.063.000) 05/04 16:51:58 Job submitted from host: <188.185.6.50:9618?addrs=188.185.6.50-9618+[2001-1458-d00-62--100-2b1]-9618&alias=bigbird25.cern.ch&noUDP&sock=schedd_5459_ff98>
...
040 (10419563.063.000) 05/04 16:53:19 Started transferring input files
	Transferring to host: <188.185.211.92:9618?addrs=188.185.211.92-9618+[2001-1458-303-16--100-58]-9618&alias=b9p23p5547.cern.ch&noUDP&sock=slot1_17_8444_4fd0_248544>
...
040 (10419563.063.000) 05/04 16:53:19 Finished transferring input files
...
001 (10419563.063.000) 05/04 16:53:20 Job executing on host: <188.185.211.92:9618?addrs=188.185.211.92-9618+[2001-1458-303-16--100-58]-9618&alias=b9p23p5547.cern.ch&noUDP&sock=startd_7288_8a50>
	SlotName: slot1_17@b9p23p5547.cern.ch
	CondorScratchDir = "/pool/condor/dir_4094194"
	Cpus = 1
	Disk = 3785
	GPUs = 0
	Memory = 3000
...
006 (10419563.063.000) 05/04 16:53:34 Image size of job updated: 202468
	198  -  MemoryUsage of job (MB)
	202468  -  ResidentSetSize of job (KB)
...
006 (10419563.063.000) 05/04 16:58:35 Image size of job updated: 295076
	289  -  MemoryUsage of job (MB)
	295076  -  ResidentSetSize of job (KB)
...
006 (10419563.063.000) 05/04 17:03:35 Image size of job updated: 297320
	291  -  MemoryUsage of job (MB)
	297320  -  ResidentSetSize of job (KB)
...
006 (10419563.063.000) 05/04 17:08:03 Image size of job updated: 310216
	291  -  MemoryUsage of job (MB)
	297320  -  ResidentSetSize of job (KB)
...
040 (10419563.063.000) 05/04 17:08:03 Started transferring output files
...
040 (10419563.063.000) 05/04 17:08:03 Finished transferring output files
...
005 (10419563.063.000) 05/04 17:08:03 Job terminated.
	(1) Normal termination (return value 0)
		Usr 0 00:14:08, Sys 0 00:00:05  -  Run Remote Usage
		Usr 0 00:00:00, Sys 0 00:00:00  -  Run Local Usage
		Usr 0 00:14:08, Sys 0 00:00:05  -  Total Remote Usage
		Usr 0 00:00:00, Sys 0 00:00:00  -  Total Local Usage
	10711  -  Run Bytes Sent By Job
	17206  -  Run Bytes Received By Job
	10711  -  Total Bytes Sent By Job
	17206  -  Total Bytes Received By Job
	Partitionable Resources :    Usage  Request Allocated 
	   Cpus                 :     0.98        1         1 
	   Disk (KB)            :    50          20      3785 
	   GPUs                 :                           0 
	   Memory (MB)          :   291        3000      3000 
	   TimeExecute (s)      :   883                       
	   TimeSlotBusy (s)     :   885                       

	Job terminated of its own accord at 2026-05-04T15:08:03Z with exit-code 0.
...
