000 (10419563.167.000) 05/04 16:51:58 Job submitted from host: <188.185.6.50:9618?addrs=188.185.6.50-9618+[2001-1458-d00-62--100-2b1]-9618&alias=bigbird25.cern.ch&noUDP&sock=schedd_5459_ff98>
...
040 (10419563.167.000) 05/04 16:53:53 Started transferring input files
	Transferring to host: <188.185.212.84:9618?addrs=188.185.212.84-9618+[2001-1458-303-18--100-50]-9618&alias=b9p25p7067.cern.ch&noUDP&sock=slot1_37_3779826_1b22_167976>
...
040 (10419563.167.000) 05/04 16:53:53 Finished transferring input files
...
001 (10419563.167.000) 05/04 16:53:54 Job executing on host: <188.185.212.84:9618?addrs=188.185.212.84-9618+[2001-1458-303-18--100-50]-9618&alias=b9p25p7067.cern.ch&noUDP&sock=startd_4246_fb37>
	SlotName: slot1_37@b9p25p7067.cern.ch
	CondorScratchDir = "/pool/condor/dir_2192326"
	Cpus = 1
	Disk = 3796
	GPUs = 0
	Memory = 3000
...
006 (10419563.167.000) 05/04 16:54:08 Image size of job updated: 202616
	198  -  MemoryUsage of job (MB)
	202616  -  ResidentSetSize of job (KB)
...
006 (10419563.167.000) 05/04 16:59:09 Image size of job updated: 299140
	293  -  MemoryUsage of job (MB)
	299140  -  ResidentSetSize of job (KB)
...
006 (10419563.167.000) 05/04 17:04:09 Image size of job updated: 300392
	294  -  MemoryUsage of job (MB)
	300392  -  ResidentSetSize of job (KB)
...
006 (10419563.167.000) 05/04 17:09:10 Image size of job updated: 300396
	294  -  MemoryUsage of job (MB)
	300392  -  ResidentSetSize of job (KB)
...
006 (10419563.167.000) 05/04 17:14:11 Image size of job updated: 300984
	294  -  MemoryUsage of job (MB)
	300984  -  ResidentSetSize of job (KB)
...
006 (10419563.167.000) 05/04 17:18:11 Image size of job updated: 301816
	294  -  MemoryUsage of job (MB)
	300984  -  ResidentSetSize of job (KB)
...
040 (10419563.167.000) 05/04 17:18:11 Started transferring output files
...
040 (10419563.167.000) 05/04 17:18:11 Finished transferring output files
...
005 (10419563.167.000) 05/04 17:18:11 Job terminated.
	(1) Normal termination (return value 0)
		Usr 0 00:21:59, Sys 0 00:00:06  -  Run Remote Usage
		Usr 0 00:00:00, Sys 0 00:00:00  -  Run Local Usage
		Usr 0 00:21:59, Sys 0 00:00:06  -  Total Remote Usage
		Usr 0 00:00:00, Sys 0 00:00:00  -  Total Local Usage
	14819  -  Run Bytes Sent By Job
	17206  -  Run Bytes Received By Job
	14819  -  Total Bytes Sent By Job
	17206  -  Total Bytes Received By Job
	Partitionable Resources :    Usage  Request Allocated 
	   Cpus                 :     0.93        1         1 
	   Disk (KB)            :    55          20      3796 
	   GPUs                 :                           0 
	   Memory (MB)          :   294        3000      3000 
	   TimeExecute (s)      :  1457                       
	   TimeSlotBusy (s)     :  1459                       

	Job terminated of its own accord at 2026-05-04T15:18:11Z with exit-code 0.
...
