000 (10419563.252.000) 05/04 16:51:59 Job submitted from host: <188.185.6.50:9618?addrs=188.185.6.50-9618+[2001-1458-d00-62--100-2b1]-9618&alias=bigbird25.cern.ch&noUDP&sock=schedd_5459_ff98>
...
040 (10419563.252.000) 05/04 16:54:21 Started transferring input files
	Transferring to host: <188.185.211.140:9618?addrs=188.185.211.140-9618+[2001-1458-303-17--100-8]-9618&alias=b9p24p7546.cern.ch&noUDP&sock=slot1_15_4361_780a_250276>
...
040 (10419563.252.000) 05/04 16:54:21 Finished transferring input files
...
001 (10419563.252.000) 05/04 16:54:22 Job executing on host: <188.185.211.140:9618?addrs=188.185.211.140-9618+[2001-1458-303-17--100-8]-9618&alias=b9p24p7546.cern.ch&noUDP&sock=startd_3744_a6ac>
	SlotName: slot1_15@b9p24p7546.cern.ch
	CondorScratchDir = "/pool/condor/dir_4154020"
	Cpus = 1
	Disk = 3768
	GPUs = 0
	Memory = 3000
...
006 (10419563.252.000) 05/04 16:54:35 Image size of job updated: 203176
	199  -  MemoryUsage of job (MB)
	203176  -  ResidentSetSize of job (KB)
...
006 (10419563.252.000) 05/04 16:59:35 Image size of job updated: 299312
	293  -  MemoryUsage of job (MB)
	299312  -  ResidentSetSize of job (KB)
...
006 (10419563.252.000) 05/04 17:04:36 Image size of job updated: 299480
	293  -  MemoryUsage of job (MB)
	299480  -  ResidentSetSize of job (KB)
...
006 (10419563.252.000) 05/04 17:09:36 Image size of job updated: 301528
	294  -  MemoryUsage of job (MB)
	300736  -  ResidentSetSize of job (KB)
...
006 (10419563.252.000) 05/04 17:16:02 Image size of job updated: 301576
	294  -  MemoryUsage of job (MB)
	300736  -  ResidentSetSize of job (KB)
...
040 (10419563.252.000) 05/04 17:16:02 Started transferring output files
...
040 (10419563.252.000) 05/04 17:16:02 Finished transferring output files
...
005 (10419563.252.000) 05/04 17:16:02 Job terminated.
	(1) Normal termination (return value 0)
		Usr 0 00:20:51, Sys 0 00:00:11  -  Run Remote Usage
		Usr 0 00:00:00, Sys 0 00:00:00  -  Run Local Usage
		Usr 0 00:20:51, Sys 0 00:00:11  -  Total Remote Usage
		Usr 0 00:00:00, Sys 0 00:00:00  -  Total Local Usage
	14707  -  Run Bytes Sent By Job
	17206  -  Run Bytes Received By Job
	14707  -  Total Bytes Sent By Job
	17206  -  Total Bytes Received By Job
	Partitionable Resources :    Usage  Request Allocated 
	   Cpus                 :     0.97        1         1 
	   Disk (KB)            :    54          20      3768 
	   GPUs                 :                           0 
	   Memory (MB)          :   294        3000      3000 
	   TimeExecute (s)      :  1300                       
	   TimeSlotBusy (s)     :  1302                       

	Job terminated of its own accord at 2026-05-04T15:16:02Z with exit-code 0.
...
