000 (10419563.295.000) 05/04 16:51:59 Job submitted from host: <188.185.6.50:9618?addrs=188.185.6.50-9618+[2001-1458-d00-62--100-2b1]-9618&alias=bigbird25.cern.ch&noUDP&sock=schedd_5459_ff98>
...
040 (10419563.295.000) 05/04 16:54:35 Started transferring input files
	Transferring to host: <188.185.210.88:9618?addrs=188.185.210.88-9618+[2001-1458-303-1--100-54]-9618&alias=b9p21p0205.cern.ch&noUDP&sock=slot1_10_3358103_1a05_169434>
...
040 (10419563.295.000) 05/04 16:54:35 Finished transferring input files
...
001 (10419563.295.000) 05/04 16:54:36 Job executing on host: <188.185.210.88:9618?addrs=188.185.210.88-9618+[2001-1458-303-1--100-54]-9618&alias=b9p21p0205.cern.ch&noUDP&sock=startd_3358028_7a49>
	SlotName: slot1_10@b9p21p0205.cern.ch
	CondorScratchDir = "/pool/condor/dir_1697651"
	Cpus = 1
	Disk = 3833
	GPUs = 0
	Memory = 3000
...
006 (10419563.295.000) 05/04 16:54:50 Image size of job updated: 207952
	204  -  MemoryUsage of job (MB)
	207952  -  ResidentSetSize of job (KB)
...
006 (10419563.295.000) 05/04 16:59:51 Image size of job updated: 301044
	294  -  MemoryUsage of job (MB)
	301044  -  ResidentSetSize of job (KB)
...
006 (10419563.295.000) 05/04 17:04:51 Image size of job updated: 301228
	294  -  MemoryUsage of job (MB)
	301044  -  ResidentSetSize of job (KB)
...
006 (10419563.295.000) 05/04 17:09:52 Image size of job updated: 301280
	294  -  MemoryUsage of job (MB)
	301044  -  ResidentSetSize of job (KB)
...
040 (10419563.295.000) 05/04 17:15:41 Started transferring output files
...
040 (10419563.295.000) 05/04 17:15:41 Finished transferring output files
...
005 (10419563.295.000) 05/04 17:15:41 Job terminated.
	(1) Normal termination (return value 0)
		Usr 0 00:20:24, Sys 0 00:00:06  -  Run Remote Usage
		Usr 0 00:00:00, Sys 0 00:00:00  -  Run Local Usage
		Usr 0 00:20:24, Sys 0 00:00:06  -  Total Remote Usage
		Usr 0 00:00:00, Sys 0 00:00:00  -  Total Local Usage
	15267  -  Run Bytes Sent By Job
	17206  -  Run Bytes Received By Job
	15267  -  Total Bytes Sent By Job
	17206  -  Total Bytes Received By Job
	Partitionable Resources :    Usage  Request Allocated 
	   Cpus                 :     0.98        1         1 
	   Disk (KB)            :    55          20      3833 
	   GPUs                 :                           0 
	   Memory (MB)          :   294        3000      3000 
	   TimeExecute (s)      :  1265                       
	   TimeSlotBusy (s)     :  1267                       

	Job terminated of its own accord at 2026-05-04T15:15:41Z with exit-code 0.
...
