000 (10419563.264.000) 05/04 16:51:59 Job submitted from host: <188.185.6.50:9618?addrs=188.185.6.50-9618+[2001-1458-d00-62--100-2b1]-9618&alias=bigbird25.cern.ch&noUDP&sock=schedd_5459_ff98>
...
040 (10419563.264.000) 05/04 16:54:25 Started transferring input files
	Transferring to host: <188.185.213.9:9618?addrs=188.185.213.9-9618+[2001-1458-303-1a--100-5]-9618&alias=b9p27p1480.cern.ch&noUDP&sock=slot1_29_4167355_5811_55082>
...
040 (10419563.264.000) 05/04 16:54:25 Finished transferring input files
...
001 (10419563.264.000) 05/04 16:54:26 Job executing on host: <188.185.213.9:9618?addrs=188.185.213.9-9618+[2001-1458-303-1a--100-5]-9618&alias=b9p27p1480.cern.ch&noUDP&sock=startd_4167298_62af>
	SlotName: slot1_29@b9p27p1480.cern.ch
	CondorScratchDir = "/pool/condor/dir_1318808"
	Cpus = 1
	Disk = 3874
	GPUs = 0
	Memory = 3000
...
006 (10419563.264.000) 05/04 16:54:40 Image size of job updated: 205832
	202  -  MemoryUsage of job (MB)
	205832  -  ResidentSetSize of job (KB)
...
006 (10419563.264.000) 05/04 16:59:41 Image size of job updated: 301988
	295  -  MemoryUsage of job (MB)
	301988  -  ResidentSetSize of job (KB)
...
006 (10419563.264.000) 05/04 17:04:41 Image size of job updated: 302208
	295  -  MemoryUsage of job (MB)
	301988  -  ResidentSetSize of job (KB)
...
040 (10419563.264.000) 05/04 17:10:47 Started transferring output files
...
040 (10419563.264.000) 05/04 17:10:47 Finished transferring output files
...
005 (10419563.264.000) 05/04 17:10:47 Job terminated.
	(1) Normal termination (return value 0)
		Usr 0 00:15:44, Sys 0 00:00:05  -  Run Remote Usage
		Usr 0 00:00:00, Sys 0 00:00:00  -  Run Local Usage
		Usr 0 00:15:44, Sys 0 00:00:05  -  Total Remote Usage
		Usr 0 00:00:00, Sys 0 00:00:00  -  Total Local Usage
	14659  -  Run Bytes Sent By Job
	17206  -  Run Bytes Received By Job
	14659  -  Total Bytes Sent By Job
	17206  -  Total Bytes Received By Job
	Partitionable Resources :    Usage  Request Allocated 
	   Cpus                 :     0.98        1         1 
	   Disk (KB)            :    54          20      3874 
	   GPUs                 :                           0 
	   Memory (MB)          :   295        3000      3000 
	   TimeExecute (s)      :   981                       
	   TimeSlotBusy (s)     :   983                       

	Job terminated of its own accord at 2026-05-04T15:10:47Z with exit-code 0.
...
