000 (10419563.130.000) 05/04 16:51:58 Job submitted from host: <188.185.6.50:9618?addrs=188.185.6.50-9618+[2001-1458-d00-62--100-2b1]-9618&alias=bigbird25.cern.ch&noUDP&sock=schedd_5459_ff98>
...
040 (10419563.130.000) 05/04 16:53:41 Started transferring input files
	Transferring to host: <188.185.208.204:9618?addrs=188.185.208.204-9618+[2001-1458-303-10--100-49]-9618&alias=b9p10p7122.cern.ch&noUDP&sock=slot1_23_8290_ce0a_211505>
...
040 (10419563.130.000) 05/04 16:53:41 Finished transferring input files
...
001 (10419563.130.000) 05/04 16:53:42 Job executing on host: <188.185.208.204:9618?addrs=188.185.208.204-9618+[2001-1458-303-10--100-49]-9618&alias=b9p10p7122.cern.ch&noUDP&sock=startd_7188_f2d7>
	SlotName: slot1_23@b9p10p7122.cern.ch
	CondorScratchDir = "/pool/condor/dir_3268660"
	Cpus = 1
	Disk = 3578
	GPUs = 0
	Memory = 3000
...
006 (10419563.130.000) 05/04 16:53:56 Image size of job updated: 241660
	236  -  MemoryUsage of job (MB)
	241660  -  ResidentSetSize of job (KB)
...
006 (10419563.130.000) 05/04 16:58:57 Image size of job updated: 292684
	286  -  MemoryUsage of job (MB)
	292684  -  ResidentSetSize of job (KB)
...
006 (10419563.130.000) 05/04 17:03:57 Image size of job updated: 292876
	286  -  MemoryUsage of job (MB)
	292684  -  ResidentSetSize of job (KB)
...
006 (10419563.130.000) 05/04 17:08:58 Image size of job updated: 293668
	287  -  MemoryUsage of job (MB)
	293668  -  ResidentSetSize of job (KB)
...
006 (10419563.130.000) 05/04 17:10:52 Image size of job updated: 295564
	287  -  MemoryUsage of job (MB)
	293668  -  ResidentSetSize of job (KB)
...
040 (10419563.130.000) 05/04 17:10:52 Started transferring output files
...
040 (10419563.130.000) 05/04 17:10:52 Finished transferring output files
...
005 (10419563.130.000) 05/04 17:10:52 Job terminated.
	(1) Normal termination (return value 0)
		Usr 0 00:16:16, Sys 0 00:00:05  -  Run Remote Usage
		Usr 0 00:00:00, Sys 0 00:00:00  -  Run Local Usage
		Usr 0 00:16:16, Sys 0 00:00:05  -  Total Remote Usage
		Usr 0 00:00:00, Sys 0 00:00:00  -  Total Local Usage
	11079  -  Run Bytes Sent By Job
	17206  -  Run Bytes Received By Job
	11079  -  Total Bytes Sent By Job
	17206  -  Total Bytes Received By Job
	Partitionable Resources :    Usage  Request Allocated 
	   Cpus                 :     0.96        1         1 
	   Disk (KB)            :    53          20      3578 
	   GPUs                 :                           0 
	   Memory (MB)          :   287        3000      3000 
	   TimeExecute (s)      :  1030                       
	   TimeSlotBusy (s)     :  1032                       

	Job terminated of its own accord at 2026-05-04T15:10:52Z with exit-code 0.
...
