000 (10419563.322.000) 05/04 16:51:59 Job submitted from host: <188.185.6.50:9618?addrs=188.185.6.50-9618+[2001-1458-d00-62--100-2b1]-9618&alias=bigbird25.cern.ch&noUDP&sock=schedd_5459_ff98>
...
040 (10419563.322.000) 05/04 16:54:43 Started transferring input files
	Transferring to host: <188.185.210.226:9618?addrs=188.185.210.226-9618+[2001-1458-303-15--100-5e]-9618&alias=b9p22p4931.cern.ch&noUDP&sock=slot1_7_3641_29ed_251882>
...
040 (10419563.322.000) 05/04 16:54:43 Finished transferring input files
...
001 (10419563.322.000) 05/04 16:54:44 Job executing on host: <188.185.210.226:9618?addrs=188.185.210.226-9618+[2001-1458-303-15--100-5e]-9618&alias=b9p22p4931.cern.ch&noUDP&sock=startd_3007_215f>
	SlotName: slot1_7@b9p22p4931.cern.ch
	CondorScratchDir = "/pool/condor/dir_1050486"
	Cpus = 1
	Disk = 3671
	GPUs = 0
	Memory = 3000
...
006 (10419563.322.000) 05/04 16:54:57 Image size of job updated: 203328
	199  -  MemoryUsage of job (MB)
	203328  -  ResidentSetSize of job (KB)
...
006 (10419563.322.000) 05/04 16:59:57 Image size of job updated: 291500
	285  -  MemoryUsage of job (MB)
	291500  -  ResidentSetSize of job (KB)
...
006 (10419563.322.000) 05/04 17:04:58 Image size of job updated: 292660
	286  -  MemoryUsage of job (MB)
	292024  -  ResidentSetSize of job (KB)
...
006 (10419563.322.000) 05/04 17:09:58 Image size of job updated: 292908
	287  -  MemoryUsage of job (MB)
	292908  -  ResidentSetSize of job (KB)
...
006 (10419563.322.000) 05/04 17:11:29 Image size of job updated: 294440
	287  -  MemoryUsage of job (MB)
	292908  -  ResidentSetSize of job (KB)
...
040 (10419563.322.000) 05/04 17:11:29 Started transferring output files
...
040 (10419563.322.000) 05/04 17:11:29 Finished transferring output files
...
005 (10419563.322.000) 05/04 17:11:29 Job terminated.
	(1) Normal termination (return value 0)
		Usr 0 00:16:00, Sys 0 00:00:05  -  Run Remote Usage
		Usr 0 00:00:00, Sys 0 00:00:00  -  Run Local Usage
		Usr 0 00:16:00, Sys 0 00:00:05  -  Total Remote Usage
		Usr 0 00:00:00, Sys 0 00:00:00  -  Total Local Usage
	10839  -  Run Bytes Sent By Job
	17206  -  Run Bytes Received By Job
	10839  -  Total Bytes Sent By Job
	17206  -  Total Bytes Received By Job
	Partitionable Resources :    Usage  Request Allocated 
	   Cpus                 :     0.91        1         1 
	   Disk (KB)            :    51          20      3671 
	   GPUs                 :                           0 
	   Memory (MB)          :   287        3000      3000 
	   TimeExecute (s)      :  1005                       
	   TimeSlotBusy (s)     :  1007                       

	Job terminated of its own accord at 2026-05-04T15:11:29Z with exit-code 0.
...
