000 (10419563.263.000) 05/04 16:51:59 Job submitted from host: <188.185.6.50:9618?addrs=188.185.6.50-9618+[2001-1458-d00-62--100-2b1]-9618&alias=bigbird25.cern.ch&noUDP&sock=schedd_5459_ff98>
...
040 (10419563.263.000) 05/04 16:54:25 Started transferring input files
	Transferring to host: <188.185.211.151:9618?addrs=188.185.211.151-9618+[2001-1458-303-17--100-13]-9618&alias=b9p24p7898.cern.ch&noUDP&sock=slot1_17_8833_65c0_240495>
...
040 (10419563.263.000) 05/04 16:54:25 Finished transferring input files
...
001 (10419563.263.000) 05/04 16:54:26 Job executing on host: <188.185.211.151:9618?addrs=188.185.211.151-9618+[2001-1458-303-17--100-13]-9618&alias=b9p24p7898.cern.ch&noUDP&sock=startd_7549_9088>
	SlotName: slot1_17@b9p24p7898.cern.ch
	CondorScratchDir = "/pool/condor/dir_1352513"
	Cpus = 1
	Disk = 3842
	GPUs = 0
	Memory = 3000
...
006 (10419563.263.000) 05/04 16:54:40 Image size of job updated: 206980
	203  -  MemoryUsage of job (MB)
	206980  -  ResidentSetSize of job (KB)
...
006 (10419563.263.000) 05/04 16:59:42 Image size of job updated: 297308
	291  -  MemoryUsage of job (MB)
	297308  -  ResidentSetSize of job (KB)
...
006 (10419563.263.000) 05/04 17:04:42 Image size of job updated: 300076
	294  -  MemoryUsage of job (MB)
	300076  -  ResidentSetSize of job (KB)
...
006 (10419563.263.000) 05/04 17:09:41 Image size of job updated: 301912
	294  -  MemoryUsage of job (MB)
	300076  -  ResidentSetSize of job (KB)
...
040 (10419563.263.000) 05/04 17:09:41 Started transferring output files
...
040 (10419563.263.000) 05/04 17:09:41 Finished transferring output files
...
005 (10419563.263.000) 05/04 17:09:41 Job terminated.
	(1) Normal termination (return value 0)
		Usr 0 00:14:45, Sys 0 00:00:04  -  Run Remote Usage
		Usr 0 00:00:00, Sys 0 00:00:00  -  Run Local Usage
		Usr 0 00:14:45, Sys 0 00:00:04  -  Total Remote Usage
		Usr 0 00:00:00, Sys 0 00:00:00  -  Total Local Usage
	14659  -  Run Bytes Sent By Job
	17206  -  Run Bytes Received By Job
	14659  -  Total Bytes Sent By Job
	17206  -  Total Bytes Received By Job
	Partitionable Resources :    Usage  Request Allocated 
	   Cpus                 :     0.98        1         1 
	   Disk (KB)            :    54          20      3842 
	   GPUs                 :                           0 
	   Memory (MB)          :   294        3000      3000 
	   TimeExecute (s)      :   915                       
	   TimeSlotBusy (s)     :   917                       

	Job terminated of its own accord at 2026-05-04T15:09:41Z with exit-code 0.
...
