000 (10419563.053.000) 05/04 16:51:58 Job submitted from host: <188.185.6.50:9618?addrs=188.185.6.50-9618+[2001-1458-d00-62--100-2b1]-9618&alias=bigbird25.cern.ch&noUDP&sock=schedd_5459_ff98>
...
040 (10419563.053.000) 05/04 16:53:16 Started transferring input files
	Transferring to host: <188.185.204.207:9618?addrs=188.185.204.207-9618+[2001-1458-303-8--100-c3]-9618&alias=b9p02p9959.cern.ch&noUDP&sock=slot1_1_7173_c6fd_212268>
...
040 (10419563.053.000) 05/04 16:53:16 Finished transferring input files
...
001 (10419563.053.000) 05/04 16:53:17 Job executing on host: <188.185.204.207:9618?addrs=188.185.204.207-9618+[2001-1458-303-8--100-c3]-9618&alias=b9p02p9959.cern.ch&noUDP&sock=startd_6250_8f01>
	SlotName: slot1_1@b9p02p9959.cern.ch
	CondorScratchDir = "/pool/condor/dir_488510"
	Cpus = 1
	Disk = 3582
	GPUs = 0
	Memory = 3000
...
006 (10419563.053.000) 05/04 16:53:31 Image size of job updated: 233212
	228  -  MemoryUsage of job (MB)
	233212  -  ResidentSetSize of job (KB)
...
006 (10419563.053.000) 05/04 16:58:32 Image size of job updated: 292652
	286  -  MemoryUsage of job (MB)
	292652  -  ResidentSetSize of job (KB)
...
006 (10419563.053.000) 05/04 17:03:33 Image size of job updated: 292828
	286  -  MemoryUsage of job (MB)
	292680  -  ResidentSetSize of job (KB)
...
006 (10419563.053.000) 05/04 17:09:47 Image size of job updated: 293544
	286  -  MemoryUsage of job (MB)
	292680  -  ResidentSetSize of job (KB)
...
040 (10419563.053.000) 05/04 17:09:47 Started transferring output files
...
040 (10419563.053.000) 05/04 17:09:47 Finished transferring output files
...
005 (10419563.053.000) 05/04 17:09:47 Job terminated.
	(1) Normal termination (return value 0)
		Usr 0 00:15:28, Sys 0 00:00:06  -  Run Remote Usage
		Usr 0 00:00:00, Sys 0 00:00:00  -  Run Local Usage
		Usr 0 00:15:28, Sys 0 00:00:06  -  Total Remote Usage
		Usr 0 00:00:00, Sys 0 00:00:00  -  Total Local Usage
	11174  -  Run Bytes Sent By Job
	17206  -  Run Bytes Received By Job
	11174  -  Total Bytes Sent By Job
	17206  -  Total Bytes Received By Job
	Partitionable Resources :    Usage  Request Allocated 
	   Cpus                 :     0.98        1         1 
	   Disk (KB)            :    55          20      3582 
	   GPUs                 :                           0 
	   Memory (MB)          :   286        3000      3000 
	   TimeExecute (s)      :   990                       
	   TimeSlotBusy (s)     :   992                       

	Job terminated of its own accord at 2026-05-04T15:09:47Z with exit-code 0.
...
