000 (10419563.297.000) 05/04 16:51:59 Job submitted from host: <188.185.6.50:9618?addrs=188.185.6.50-9618+[2001-1458-d00-62--100-2b1]-9618&alias=bigbird25.cern.ch&noUDP&sock=schedd_5459_ff98>
...
040 (10419563.297.000) 05/04 16:54:51 Started transferring input files
	Transferring to host: <188.185.211.99:9618?addrs=188.185.211.99-9618+[2001-1458-303-16--100-5f]-9618&alias=b9p23p6264.cern.ch&noUDP&sock=slot1_17_10050_e252_247413>
...
040 (10419563.297.000) 05/04 16:54:51 Finished transferring input files
...
001 (10419563.297.000) 05/04 16:54:52 Job executing on host: <188.185.211.99:9618?addrs=188.185.211.99-9618+[2001-1458-303-16--100-5f]-9618&alias=b9p23p6264.cern.ch&noUDP&sock=startd_9322_b1f2>
	SlotName: slot1_17@b9p23p6264.cern.ch
	CondorScratchDir = "/pool/condor/dir_3803643"
	Cpus = 1
	Disk = 3821
	GPUs = 0
	Memory = 3000
...
006 (10419563.297.000) 05/04 16:55:06 Image size of job updated: 197952
	194  -  MemoryUsage of job (MB)
	197952  -  ResidentSetSize of job (KB)
...
006 (10419563.297.000) 05/04 17:00:07 Image size of job updated: 295896
	289  -  MemoryUsage of job (MB)
	295896  -  ResidentSetSize of job (KB)
...
006 (10419563.297.000) 05/04 17:05:07 Image size of job updated: 295980
	289  -  MemoryUsage of job (MB)
	295896  -  ResidentSetSize of job (KB)
...
006 (10419563.297.000) 05/04 17:10:07 Image size of job updated: 296492
	289  -  MemoryUsage of job (MB)
	295896  -  ResidentSetSize of job (KB)
...
040 (10419563.297.000) 05/04 17:13:08 Started transferring output files
...
040 (10419563.297.000) 05/04 17:13:08 Finished transferring output files
...
005 (10419563.297.000) 05/04 17:13:08 Job terminated.
	(1) Normal termination (return value 0)
		Usr 0 00:17:32, Sys 0 00:00:05  -  Run Remote Usage
		Usr 0 00:00:00, Sys 0 00:00:00  -  Run Local Usage
		Usr 0 00:17:32, Sys 0 00:00:05  -  Total Remote Usage
		Usr 0 00:00:00, Sys 0 00:00:00  -  Total Local Usage
	11580  -  Run Bytes Sent By Job
	17206  -  Run Bytes Received By Job
	11580  -  Total Bytes Sent By Job
	17206  -  Total Bytes Received By Job
	Partitionable Resources :    Usage  Request Allocated 
	   Cpus                 :     0.98        1         1 
	   Disk (KB)            :    51          20      3821 
	   GPUs                 :                           0 
	   Memory (MB)          :   289        3000      3000 
	   TimeExecute (s)      :  1096                       
	   TimeSlotBusy (s)     :  1098                       

	Job terminated of its own accord at 2026-05-04T15:13:08Z with exit-code 0.
...
