000 (10419563.022.000) 05/04 16:51:58 Job submitted from host: <188.185.6.50:9618?addrs=188.185.6.50-9618+[2001-1458-d00-62--100-2b1]-9618&alias=bigbird25.cern.ch&noUDP&sock=schedd_5459_ff98>
...
040 (10419563.022.000) 05/04 16:53:05 Started transferring input files
	Transferring to host: <188.185.196.33:9618?addrs=188.185.196.33-9618+[2001-1458-303-23--100-1d]-9618&alias=b9p16p1711.cern.ch&noUDP&sock=slot1_15_3211_309c_223826>
...
040 (10419563.022.000) 05/04 16:53:05 Finished transferring input files
...
001 (10419563.022.000) 05/04 16:53:06 Job executing on host: <188.185.196.33:9618?addrs=188.185.196.33-9618+[2001-1458-303-23--100-1d]-9618&alias=b9p16p1711.cern.ch&noUDP&sock=startd_2541_7e3d>
	SlotName: slot1_15@b9p16p1711.cern.ch
	CondorScratchDir = "/pool/condor/dir_1487099"
	Cpus = 1
	Disk = 3738
	GPUs = 0
	Memory = 3000
...
006 (10419563.022.000) 05/04 16:53:20 Image size of job updated: 203552
	199  -  MemoryUsage of job (MB)
	203552  -  ResidentSetSize of job (KB)
...
006 (10419563.022.000) 05/04 16:58:21 Image size of job updated: 293964
	288  -  MemoryUsage of job (MB)
	293964  -  ResidentSetSize of job (KB)
...
006 (10419563.022.000) 05/04 17:03:21 Image size of job updated: 297184
	291  -  MemoryUsage of job (MB)
	297184  -  ResidentSetSize of job (KB)
...
006 (10419563.022.000) 05/04 17:08:22 Image size of job updated: 297600
	291  -  MemoryUsage of job (MB)
	297600  -  ResidentSetSize of job (KB)
...
006 (10419563.022.000) 05/04 17:13:23 Image size of job updated: 301608
	295  -  MemoryUsage of job (MB)
	301608  -  ResidentSetSize of job (KB)
...
006 (10419563.022.000) 05/04 17:18:23 Image size of job updated: 301632
	295  -  MemoryUsage of job (MB)
	301632  -  ResidentSetSize of job (KB)
...
040 (10419563.022.000) 05/04 17:24:53 Started transferring output files
...
040 (10419563.022.000) 05/04 17:24:53 Finished transferring output files
...
005 (10419563.022.000) 05/04 17:24:53 Job terminated.
	(1) Normal termination (return value 0)
		Usr 0 00:30:41, Sys 0 00:00:07  -  Run Remote Usage
		Usr 0 00:00:00, Sys 0 00:00:00  -  Run Local Usage
		Usr 0 00:30:41, Sys 0 00:00:07  -  Total Remote Usage
		Usr 0 00:00:00, Sys 0 00:00:00  -  Total Local Usage
	14795  -  Run Bytes Sent By Job
	17206  -  Run Bytes Received By Job
	14795  -  Total Bytes Sent By Job
	17206  -  Total Bytes Received By Job
	Partitionable Resources :    Usage  Request Allocated 
	   Cpus                 :     0.97        1         1 
	   Disk (KB)            :    54          20      3738 
	   GPUs                 :                           0 
	   Memory (MB)          :   295        3000      3000 
	   TimeExecute (s)      :  1907                       
	   TimeSlotBusy (s)     :  1909                       

	Job terminated of its own accord at 2026-05-04T15:24:53Z with exit-code 0.
...
