000 (10419563.165.000) 05/04 16:51:58 Job submitted from host: <188.185.6.50:9618?addrs=188.185.6.50-9618+[2001-1458-d00-62--100-2b1]-9618&alias=bigbird25.cern.ch&noUDP&sock=schedd_5459_ff98>
...
040 (10419563.165.000) 05/04 16:53:52 Started transferring input files
	Transferring to host: <188.185.214.82:9618?addrs=188.185.214.82-9618+[2001-1458-303-1c--100-4e]-9618&alias=b9p29p5269.cern.ch&noUDP&sock=slot1_17_3098_9237_295261>
...
040 (10419563.165.000) 05/04 16:53:52 Finished transferring input files
...
001 (10419563.165.000) 05/04 16:53:53 Job executing on host: <188.185.214.82:9618?addrs=188.185.214.82-9618+[2001-1458-303-1c--100-4e]-9618&alias=b9p29p5269.cern.ch&noUDP&sock=startd_2640_661d>
	SlotName: slot1_17@b9p29p5269.cern.ch
	CondorScratchDir = "/pool/condor/dir_264802"
	Cpus = 1
	Disk = 3802
	GPUs = 0
	Memory = 3000
...
006 (10419563.165.000) 05/04 16:54:07 Image size of job updated: 235648
	231  -  MemoryUsage of job (MB)
	235648  -  ResidentSetSize of job (KB)
...
006 (10419563.165.000) 05/04 16:59:08 Image size of job updated: 291904
	285  -  MemoryUsage of job (MB)
	291704  -  ResidentSetSize of job (KB)
...
006 (10419563.165.000) 05/04 17:04:08 Image size of job updated: 295224
	289  -  MemoryUsage of job (MB)
	295224  -  ResidentSetSize of job (KB)
...
006 (10419563.165.000) 05/04 17:08:16 Image size of job updated: 296780
	289  -  MemoryUsage of job (MB)
	295224  -  ResidentSetSize of job (KB)
...
040 (10419563.165.000) 05/04 17:08:16 Started transferring output files
...
040 (10419563.165.000) 05/04 17:08:16 Finished transferring output files
...
005 (10419563.165.000) 05/04 17:08:16 Job terminated.
	(1) Normal termination (return value 0)
		Usr 0 00:13:38, Sys 0 00:00:05  -  Run Remote Usage
		Usr 0 00:00:00, Sys 0 00:00:00  -  Run Local Usage
		Usr 0 00:13:38, Sys 0 00:00:05  -  Total Remote Usage
		Usr 0 00:00:00, Sys 0 00:00:00  -  Total Local Usage
	10998  -  Run Bytes Sent By Job
	17206  -  Run Bytes Received By Job
	10998  -  Total Bytes Sent By Job
	17206  -  Total Bytes Received By Job
	Partitionable Resources :    Usage  Request Allocated 
	   Cpus                 :     0.98        1         1 
	   Disk (KB)            :    50          20      3802 
	   GPUs                 :                           0 
	   Memory (MB)          :   289        3000      3000 
	   TimeExecute (s)      :   863                       
	   TimeSlotBusy (s)     :   865                       

	Job terminated of its own accord at 2026-05-04T15:08:16Z with exit-code 0.
...
