000 (10419563.198.000) 05/04 16:51:58 Job submitted from host: <188.185.6.50:9618?addrs=188.185.6.50-9618+[2001-1458-d00-62--100-2b1]-9618&alias=bigbird25.cern.ch&noUDP&sock=schedd_5459_ff98>
...
040 (10419563.198.000) 05/04 16:54:03 Started transferring input files
	Transferring to host: <188.185.213.182:9618?addrs=188.185.213.182-9618+[2001-1458-303-1b--100-32]-9618&alias=b9p28p3646.cern.ch&noUDP&sock=slot1_45_4730_7679_308977>
...
040 (10419563.198.000) 05/04 16:54:03 Finished transferring input files
...
001 (10419563.198.000) 05/04 16:54:04 Job executing on host: <188.185.213.182:9618?addrs=188.185.213.182-9618+[2001-1458-303-1b--100-32]-9618&alias=b9p28p3646.cern.ch&noUDP&sock=startd_3933_4a12>
	SlotName: slot1_45@b9p28p3646.cern.ch
	CondorScratchDir = "/pool/condor/dir_3990842"
	Cpus = 1
	Disk = 3808
	GPUs = 0
	Memory = 3000
...
006 (10419563.198.000) 05/04 16:54:17 Image size of job updated: 203840
	200  -  MemoryUsage of job (MB)
	203840  -  ResidentSetSize of job (KB)
...
006 (10419563.198.000) 05/04 16:59:17 Image size of job updated: 298880
	292  -  MemoryUsage of job (MB)
	298880  -  ResidentSetSize of job (KB)
...
006 (10419563.198.000) 05/04 17:04:18 Image size of job updated: 303268
	297  -  MemoryUsage of job (MB)
	303268  -  ResidentSetSize of job (KB)
...
006 (10419563.198.000) 05/04 17:09:18 Image size of job updated: 303312
	297  -  MemoryUsage of job (MB)
	303312  -  ResidentSetSize of job (KB)
...
006 (10419563.198.000) 05/04 17:14:19 Image size of job updated: 303324
	297  -  MemoryUsage of job (MB)
	303312  -  ResidentSetSize of job (KB)
...
040 (10419563.198.000) 05/04 17:58:03 Started transferring output files
...
040 (10419563.198.000) 05/04 17:58:03 Finished transferring output files
...
005 (10419563.198.000) 05/04 17:58:03 Job terminated.
	(1) Normal termination (return value 0)
		Usr 0 01:01:09, Sys 0 00:00:27  -  Run Remote Usage
		Usr 0 00:00:00, Sys 0 00:00:00  -  Run Local Usage
		Usr 0 01:01:09, Sys 0 00:00:27  -  Total Remote Usage
		Usr 0 00:00:00, Sys 0 00:00:00  -  Total Local Usage
	20244  -  Run Bytes Sent By Job
	17206  -  Run Bytes Received By Job
	20244  -  Total Bytes Sent By Job
	17206  -  Total Bytes Received By Job
	Partitionable Resources :    Usage  Request Allocated 
	   Cpus                 :     0.98        1         1 
	   Disk (KB)            :    59          20      3808 
	   GPUs                 :                           0 
	   Memory (MB)          :   297        3000      3000 
	   TimeExecute (s)      :  3839                       
	   TimeSlotBusy (s)     :  3841                       

	Job terminated of its own accord at 2026-05-04T15:58:03Z with exit-code 0.
...
