000 (10419563.029.000) 05/04 16:51:58 Job submitted from host: <188.185.6.50:9618?addrs=188.185.6.50-9618+[2001-1458-d00-62--100-2b1]-9618&alias=bigbird25.cern.ch&noUDP&sock=schedd_5459_ff98>
...
040 (10419563.029.000) 05/04 16:53:08 Started transferring input files
	Transferring to host: <188.185.192.53:9618?addrs=188.185.192.53-9618+[2001-1458-303-1f--100-31]-9618&alias=b9p13p1061.cern.ch&noUDP&sock=slot1_35_6028_056e_231807>
...
040 (10419563.029.000) 05/04 16:53:08 Finished transferring input files
...
001 (10419563.029.000) 05/04 16:53:09 Job executing on host: <188.185.192.53:9618?addrs=188.185.192.53-9618+[2001-1458-303-1f--100-31]-9618&alias=b9p13p1061.cern.ch&noUDP&sock=startd_4510_1037>
	SlotName: slot1_35@b9p13p1061.cern.ch
	CondorScratchDir = "/pool/condor/dir_4036193"
	Cpus = 1
	Disk = 3832
	GPUs = 0
	Memory = 3000
...
006 (10419563.029.000) 05/04 16:53:23 Image size of job updated: 202968
	199  -  MemoryUsage of job (MB)
	202968  -  ResidentSetSize of job (KB)
...
006 (10419563.029.000) 05/04 16:58:24 Image size of job updated: 298368
	292  -  MemoryUsage of job (MB)
	298368  -  ResidentSetSize of job (KB)
...
006 (10419563.029.000) 05/04 17:03:25 Image size of job updated: 299168
	293  -  MemoryUsage of job (MB)
	299168  -  ResidentSetSize of job (KB)
...
006 (10419563.029.000) 05/04 17:08:25 Image size of job updated: 303372
	297  -  MemoryUsage of job (MB)
	303372  -  ResidentSetSize of job (KB)
...
006 (10419563.029.000) 05/04 17:13:26 Image size of job updated: 303724
	297  -  MemoryUsage of job (MB)
	303724  -  ResidentSetSize of job (KB)
...
006 (10419563.029.000) 05/04 17:18:26 Image size of job updated: 303740
	297  -  MemoryUsage of job (MB)
	303724  -  ResidentSetSize of job (KB)
...
006 (10419563.029.000) 05/04 18:03:29 Image size of job updated: 303740
	297  -  MemoryUsage of job (MB)
	303736  -  ResidentSetSize of job (KB)
...
006 (10419563.029.000) 05/04 18:24:32 Image size of job updated: 303820
	297  -  MemoryUsage of job (MB)
	303736  -  ResidentSetSize of job (KB)
...
040 (10419563.029.000) 05/04 18:24:32 Started transferring output files
...
040 (10419563.029.000) 05/04 18:24:32 Finished transferring output files
...
005 (10419563.029.000) 05/04 18:24:32 Job terminated.
	(1) Normal termination (return value 0)
		Usr 0 01:26:30, Sys 0 00:00:16  -  Run Remote Usage
		Usr 0 00:00:00, Sys 0 00:00:00  -  Run Local Usage
		Usr 0 01:26:30, Sys 0 00:00:16  -  Total Remote Usage
		Usr 0 00:00:00, Sys 0 00:00:00  -  Total Local Usage
	19547  -  Run Bytes Sent By Job
	17206  -  Run Bytes Received By Job
	19547  -  Total Bytes Sent By Job
	17206  -  Total Bytes Received By Job
	Partitionable Resources :    Usage  Request Allocated 
	   Cpus                 :     0.97        1         1 
	   Disk (KB)            :    59          20      3832 
	   GPUs                 :                           0 
	   Memory (MB)          :   297        3000      3000 
	   TimeExecute (s)      :  5483                       
	   TimeSlotBusy (s)     :  5485                       

	Job terminated of its own accord at 2026-05-04T16:24:32Z with exit-code 0.
...
