000 (10419563.254.000) 05/04 16:51:59 Job submitted from host: <188.185.6.50:9618?addrs=188.185.6.50-9618+[2001-1458-d00-62--100-2b1]-9618&alias=bigbird25.cern.ch&noUDP&sock=schedd_5459_ff98>
...
040 (10419563.254.000) 05/04 16:54:22 Started transferring input files
	Transferring to host: <188.185.213.146:9618?addrs=188.185.213.146-9618+[2001-1458-303-1b--100-e]-9618&alias=b9p28p9929.cern.ch&noUDP&sock=slot1_17_6160_06f4_248783>
...
040 (10419563.254.000) 05/04 16:54:22 Finished transferring input files
...
001 (10419563.254.000) 05/04 16:54:23 Job executing on host: <188.185.213.146:9618?addrs=188.185.213.146-9618+[2001-1458-303-1b--100-e]-9618&alias=b9p28p9929.cern.ch&noUDP&sock=startd_5491_f2a0>
	SlotName: slot1_17@b9p28p9929.cern.ch
	CondorScratchDir = "/pool/condor/dir_3737342"
	Cpus = 1
	Disk = 3843
	GPUs = 0
	Memory = 3000
...
006 (10419563.254.000) 05/04 16:54:36 Image size of job updated: 200440
	196  -  MemoryUsage of job (MB)
	200440  -  ResidentSetSize of job (KB)
...
006 (10419563.254.000) 05/04 16:59:36 Image size of job updated: 290976
	285  -  MemoryUsage of job (MB)
	290976  -  ResidentSetSize of job (KB)
...
006 (10419563.254.000) 05/04 17:04:37 Image size of job updated: 291248
	285  -  MemoryUsage of job (MB)
	291160  -  ResidentSetSize of job (KB)
...
006 (10419563.254.000) 05/04 17:09:37 Image size of job updated: 292232
	286  -  MemoryUsage of job (MB)
	292232  -  ResidentSetSize of job (KB)
...
006 (10419563.254.000) 05/04 17:10:35 Image size of job updated: 294684
	286  -  MemoryUsage of job (MB)
	292232  -  ResidentSetSize of job (KB)
...
040 (10419563.254.000) 05/04 17:10:35 Started transferring output files
...
040 (10419563.254.000) 05/04 17:10:35 Finished transferring output files
...
005 (10419563.254.000) 05/04 17:10:35 Job terminated.
	(1) Normal termination (return value 0)
		Usr 0 00:15:36, Sys 0 00:00:06  -  Run Remote Usage
		Usr 0 00:00:00, Sys 0 00:00:00  -  Run Local Usage
		Usr 0 00:15:36, Sys 0 00:00:06  -  Total Remote Usage
		Usr 0 00:00:00, Sys 0 00:00:00  -  Total Local Usage
	10823  -  Run Bytes Sent By Job
	17206  -  Run Bytes Received By Job
	10823  -  Total Bytes Sent By Job
	17206  -  Total Bytes Received By Job
	Partitionable Resources :    Usage  Request Allocated 
	   Cpus                 :     0.98        1         1 
	   Disk (KB)            :    51          20      3843 
	   GPUs                 :                           0 
	   Memory (MB)          :   286        3000      3000 
	   TimeExecute (s)      :   972                       
	   TimeSlotBusy (s)     :   974                       

	Job terminated of its own accord at 2026-05-04T15:10:35Z with exit-code 0.
...
