000 (10419563.101.000) 05/04 16:51:58 Job submitted from host: <188.185.6.50:9618?addrs=188.185.6.50-9618+[2001-1458-d00-62--100-2b1]-9618&alias=bigbird25.cern.ch&noUDP&sock=schedd_5459_ff98>
...
040 (10419563.101.000) 05/04 16:53:31 Started transferring input files
	Transferring to host: <188.185.193.73:9618?addrs=188.185.193.73-9618+[2001-1458-303-20--100-45]-9618&alias=b9p19p2233.cern.ch&noUDP&sock=slot1_6_4136440_ee08_172698>
...
040 (10419563.101.000) 05/04 16:53:31 Finished transferring input files
...
001 (10419563.101.000) 05/04 16:53:32 Job executing on host: <188.185.193.73:9618?addrs=188.185.193.73-9618+[2001-1458-303-20--100-45]-9618&alias=b9p19p2233.cern.ch&noUDP&sock=startd_4193_a0b2>
	SlotName: slot1_6@b9p19p2233.cern.ch
	CondorScratchDir = "/pool/condor/dir_3870770"
	Cpus = 1
	Disk = 3831
	GPUs = 0
	Memory = 3000
...
006 (10419563.101.000) 05/04 16:53:45 Image size of job updated: 197040
	193  -  MemoryUsage of job (MB)
	197040  -  ResidentSetSize of job (KB)
...
006 (10419563.101.000) 05/04 16:58:45 Image size of job updated: 290968
	285  -  MemoryUsage of job (MB)
	290968  -  ResidentSetSize of job (KB)
...
006 (10419563.101.000) 05/04 17:03:46 Image size of job updated: 295232
	289  -  MemoryUsage of job (MB)
	295232  -  ResidentSetSize of job (KB)
...
006 (10419563.101.000) 05/04 17:08:46 Image size of job updated: 295300
	289  -  MemoryUsage of job (MB)
	295280  -  ResidentSetSize of job (KB)
...
006 (10419563.101.000) 05/04 17:13:46 Image size of job updated: 295324
	289  -  MemoryUsage of job (MB)
	295280  -  ResidentSetSize of job (KB)
...
006 (10419563.101.000) 05/04 17:18:25 Image size of job updated: 295544
	289  -  MemoryUsage of job (MB)
	295280  -  ResidentSetSize of job (KB)
...
040 (10419563.101.000) 05/04 17:18:25 Started transferring output files
...
040 (10419563.101.000) 05/04 17:18:25 Finished transferring output files
...
005 (10419563.101.000) 05/04 17:18:25 Job terminated.
	(1) Normal termination (return value 0)
		Usr 0 00:24:15, Sys 0 00:00:05  -  Run Remote Usage
		Usr 0 00:00:00, Sys 0 00:00:00  -  Run Local Usage
		Usr 0 00:24:15, Sys 0 00:00:05  -  Total Remote Usage
		Usr 0 00:00:00, Sys 0 00:00:00  -  Total Local Usage
	10935  -  Run Bytes Sent By Job
	17206  -  Run Bytes Received By Job
	10935  -  Total Bytes Sent By Job
	17206  -  Total Bytes Received By Job
	Partitionable Resources :    Usage  Request Allocated 
	   Cpus                 :     0.99        1         1 
	   Disk (KB)            :    51          20      3831 
	   GPUs                 :                           0 
	   Memory (MB)          :   289        3000      3000 
	   TimeExecute (s)      :  1493                       
	   TimeSlotBusy (s)     :  1495                       

	Job terminated of its own accord at 2026-05-04T15:18:25Z with exit-code 0.
...
