000 (10419563.326.000) 05/04 16:51:59 Job submitted from host: <188.185.6.50:9618?addrs=188.185.6.50-9618+[2001-1458-d00-62--100-2b1]-9618&alias=bigbird25.cern.ch&noUDP&sock=schedd_5459_ff98>
...
040 (10419563.326.000) 05/04 16:54:44 Started transferring input files
	Transferring to host: <188.185.205.206:9618?addrs=188.185.205.206-9618+[2001-1458-303-a--100-4b]-9618&alias=b9p04p2719.cern.ch&noUDP&sock=slot1_16_10976_55b7_215176>
...
040 (10419563.326.000) 05/04 16:54:44 Finished transferring input files
...
001 (10419563.326.000) 05/04 16:54:45 Job executing on host: <188.185.205.206:9618?addrs=188.185.205.206-9618+[2001-1458-303-a--100-4b]-9618&alias=b9p04p2719.cern.ch&noUDP&sock=startd_10489_28f8>
	SlotName: slot1_16@b9p04p2719.cern.ch
	CondorScratchDir = "/pool/condor/dir_3596642"
	Cpus = 1
	Disk = 3730
	GPUs = 0
	Memory = 3000
...
006 (10419563.326.000) 05/04 16:54:59 Image size of job updated: 204880
	201  -  MemoryUsage of job (MB)
	204880  -  ResidentSetSize of job (KB)
...
006 (10419563.326.000) 05/04 17:00:00 Image size of job updated: 300480
	294  -  MemoryUsage of job (MB)
	300480  -  ResidentSetSize of job (KB)
...
006 (10419563.326.000) 05/04 17:05:00 Image size of job updated: 300720
	294  -  MemoryUsage of job (MB)
	300480  -  ResidentSetSize of job (KB)
...
040 (10419563.326.000) 05/04 17:06:51 Started transferring output files
...
040 (10419563.326.000) 05/04 17:06:51 Finished transferring output files
...
005 (10419563.326.000) 05/04 17:06:51 Job terminated.
	(1) Normal termination (return value 0)
		Usr 0 00:11:40, Sys 0 00:00:04  -  Run Remote Usage
		Usr 0 00:00:00, Sys 0 00:00:00  -  Run Local Usage
		Usr 0 00:11:40, Sys 0 00:00:04  -  Total Remote Usage
		Usr 0 00:00:00, Sys 0 00:00:00  -  Total Local Usage
	14739  -  Run Bytes Sent By Job
	17206  -  Run Bytes Received By Job
	14739  -  Total Bytes Sent By Job
	17206  -  Total Bytes Received By Job
	Partitionable Resources :    Usage  Request Allocated 
	   Cpus                 :     0.98        1         1 
	   Disk (KB)            :    56          20      3730 
	   GPUs                 :                           0 
	   Memory (MB)          :   294        3000      3000 
	   TimeExecute (s)      :   726                       
	   TimeSlotBusy (s)     :   728                       

	Job terminated of its own accord at 2026-05-04T15:06:51Z with exit-code 0.
...
