000 (10419563.277.000) 05/04 16:51:59 Job submitted from host: <188.185.6.50:9618?addrs=188.185.6.50-9618+[2001-1458-d00-62--100-2b1]-9618&alias=bigbird25.cern.ch&noUDP&sock=schedd_5459_ff98>
...
040 (10419563.277.000) 05/04 16:54:30 Started transferring input files
	Transferring to host: <188.185.211.191:9618?addrs=188.185.211.191-9618+[2001-1458-303-17--100-3b]-9618&alias=b9p24p1303.cern.ch&noUDP&sock=slot1_27_4302_e5e8_63867>
...
040 (10419563.277.000) 05/04 16:54:30 Finished transferring input files
...
001 (10419563.277.000) 05/04 16:54:31 Job executing on host: <188.185.211.191:9618?addrs=188.185.211.191-9618+[2001-1458-303-17--100-3b]-9618&alias=b9p24p1303.cern.ch&noUDP&sock=startd_3688_3d5e>
	SlotName: slot1_27@b9p24p1303.cern.ch
	CondorScratchDir = "/pool/condor/dir_4080562"
	Cpus = 1
	Disk = 3788
	GPUs = 0
	Memory = 3000
...
006 (10419563.277.000) 05/04 16:54:44 Image size of job updated: 203728
	199  -  MemoryUsage of job (MB)
	203728  -  ResidentSetSize of job (KB)
...
006 (10419563.277.000) 05/04 16:59:44 Image size of job updated: 297508
	291  -  MemoryUsage of job (MB)
	297508  -  ResidentSetSize of job (KB)
...
006 (10419563.277.000) 05/04 17:04:45 Image size of job updated: 297736
	291  -  MemoryUsage of job (MB)
	297508  -  ResidentSetSize of job (KB)
...
006 (10419563.277.000) 05/04 17:09:45 Image size of job updated: 299644
	291  -  MemoryUsage of job (MB)
	297508  -  ResidentSetSize of job (KB)
...
040 (10419563.277.000) 05/04 17:12:16 Started transferring output files
...
040 (10419563.277.000) 05/04 17:12:16 Finished transferring output files
...
005 (10419563.277.000) 05/04 17:12:16 Job terminated.
	(1) Normal termination (return value 0)
		Usr 0 00:17:08, Sys 0 00:00:05  -  Run Remote Usage
		Usr 0 00:00:00, Sys 0 00:00:00  -  Run Local Usage
		Usr 0 00:17:08, Sys 0 00:00:05  -  Total Remote Usage
		Usr 0 00:00:00, Sys 0 00:00:00  -  Total Local Usage
	14722  -  Run Bytes Sent By Job
	17206  -  Run Bytes Received By Job
	14722  -  Total Bytes Sent By Job
	17206  -  Total Bytes Received By Job
	Partitionable Resources :    Usage  Request Allocated 
	   Cpus                 :     0.98        1         1 
	   Disk (KB)            :    54          20      3788 
	   GPUs                 :                           0 
	   Memory (MB)          :   291        3000      3000 
	   TimeExecute (s)      :  1065                       
	   TimeSlotBusy (s)     :  1067                       

	Job terminated of its own accord at 2026-05-04T15:12:16Z with exit-code 0.
...
