000 (10419563.291.000) 05/04 16:51:59 Job submitted from host: <188.185.6.50:9618?addrs=188.185.6.50-9618+[2001-1458-d00-62--100-2b1]-9618&alias=bigbird25.cern.ch&noUDP&sock=schedd_5459_ff98>
...
040 (10419563.291.000) 05/04 16:54:34 Started transferring input files
	Transferring to host: <188.185.193.174:9618?addrs=188.185.193.174-9618+[2001-1458-303-20--100-aa]-9618&alias=b9p19p1461.cern.ch&noUDP&sock=slot1_2_9119_e90c_225935>
...
040 (10419563.291.000) 05/04 16:54:34 Finished transferring input files
...
001 (10419563.291.000) 05/04 16:54:35 Job executing on host: <188.185.193.174:9618?addrs=188.185.193.174-9618+[2001-1458-303-20--100-aa]-9618&alias=b9p19p1461.cern.ch&noUDP&sock=startd_7870_be6e>
	SlotName: slot1_2@b9p19p1461.cern.ch
	CondorScratchDir = "/pool/condor/dir_3965472"
	Cpus = 1
	Disk = 3909
	GPUs = 0
	Memory = 3000
...
006 (10419563.291.000) 05/04 16:54:49 Image size of job updated: 202636
	198  -  MemoryUsage of job (MB)
	202636  -  ResidentSetSize of job (KB)
...
006 (10419563.291.000) 05/04 16:59:50 Image size of job updated: 296544
	290  -  MemoryUsage of job (MB)
	296544  -  ResidentSetSize of job (KB)
...
006 (10419563.291.000) 05/04 17:04:50 Image size of job updated: 301408
	295  -  MemoryUsage of job (MB)
	301408  -  ResidentSetSize of job (KB)
...
006 (10419563.291.000) 05/04 17:09:51 Image size of job updated: 301972
	295  -  MemoryUsage of job (MB)
	301972  -  ResidentSetSize of job (KB)
...
006 (10419563.291.000) 05/04 17:14:52 Image size of job updated: 302064
	295  -  MemoryUsage of job (MB)
	301972  -  ResidentSetSize of job (KB)
...
040 (10419563.291.000) 05/04 17:34:14 Started transferring output files
...
040 (10419563.291.000) 05/04 17:34:14 Finished transferring output files
...
005 (10419563.291.000) 05/04 17:34:14 Job terminated.
	(1) Normal termination (return value 0)
		Usr 0 00:31:40, Sys 0 00:00:07  -  Run Remote Usage
		Usr 0 00:00:00, Sys 0 00:00:00  -  Run Local Usage
		Usr 0 00:31:40, Sys 0 00:00:07  -  Total Remote Usage
		Usr 0 00:00:00, Sys 0 00:00:00  -  Total Local Usage
	14963  -  Run Bytes Sent By Job
	17206  -  Run Bytes Received By Job
	14963  -  Total Bytes Sent By Job
	17206  -  Total Bytes Received By Job
	Partitionable Resources :    Usage  Request Allocated 
	   Cpus                 :     0.89        1         1 
	   Disk (KB)            :    54          20      3909 
	   GPUs                 :                           0 
	   Memory (MB)          :   295        3000      3000 
	   TimeExecute (s)      :  2379                       
	   TimeSlotBusy (s)     :  2381                       

	Job terminated of its own accord at 2026-05-04T15:34:14Z with exit-code 0.
...
