000 (10419563.303.000) 05/04 16:51:59 Job submitted from host: <188.185.6.50:9618?addrs=188.185.6.50-9618+[2001-1458-d00-62--100-2b1]-9618&alias=bigbird25.cern.ch&noUDP&sock=schedd_5459_ff98>
...
040 (10419563.303.000) 05/04 16:54:38 Started transferring input files
	Transferring to host: <188.185.206.97:9618?addrs=188.185.206.97-9618+[2001-1458-303-b--100-5e]-9618&alias=b9p05p8220.cern.ch&noUDP&sock=slot1_4_3628793_b1c5_213147>
...
040 (10419563.303.000) 05/04 16:54:38 Finished transferring input files
...
001 (10419563.303.000) 05/04 16:54:39 Job executing on host: <188.185.206.97:9618?addrs=188.185.206.97-9618+[2001-1458-303-b--100-5e]-9618&alias=b9p05p8220.cern.ch&noUDP&sock=startd_6210_1f38>
	SlotName: slot1_4@b9p05p8220.cern.ch
	CondorScratchDir = "/pool/condor/dir_339410"
	Cpus = 1
	Disk = 3699
	GPUs = 0
	Memory = 3000
...
006 (10419563.303.000) 05/04 16:54:52 Image size of job updated: 243856
	239  -  MemoryUsage of job (MB)
	243856  -  ResidentSetSize of job (KB)
...
006 (10419563.303.000) 05/04 16:59:52 Image size of job updated: 296480
	290  -  MemoryUsage of job (MB)
	296480  -  ResidentSetSize of job (KB)
...
006 (10419563.303.000) 05/04 17:04:53 Image size of job updated: 299188
	292  -  MemoryUsage of job (MB)
	298156  -  ResidentSetSize of job (KB)
...
006 (10419563.303.000) 05/04 17:07:04 Image size of job updated: 299968
	292  -  MemoryUsage of job (MB)
	298156  -  ResidentSetSize of job (KB)
...
040 (10419563.303.000) 05/04 17:07:04 Started transferring output files
...
040 (10419563.303.000) 05/04 17:07:04 Finished transferring output files
...
005 (10419563.303.000) 05/04 17:07:04 Job terminated.
	(1) Normal termination (return value 0)
		Usr 0 00:11:58, Sys 0 00:00:04  -  Run Remote Usage
		Usr 0 00:00:00, Sys 0 00:00:00  -  Run Local Usage
		Usr 0 00:11:58, Sys 0 00:00:04  -  Total Remote Usage
		Usr 0 00:00:00, Sys 0 00:00:00  -  Total Local Usage
	14738  -  Run Bytes Sent By Job
	17206  -  Run Bytes Received By Job
	14738  -  Total Bytes Sent By Job
	17206  -  Total Bytes Received By Job
	Partitionable Resources :    Usage  Request Allocated 
	   Cpus                 :     0.98        1         1 
	   Disk (KB)            :    56          20      3699 
	   GPUs                 :                           0 
	   Memory (MB)          :   292        3000      3000 
	   TimeExecute (s)      :   745                       
	   TimeSlotBusy (s)     :   748                       

	Job terminated of its own accord at 2026-05-04T15:07:04Z with exit-code 0.
...
