000 (10419563.058.000) 05/04 16:51:58 Job submitted from host: <188.185.6.50:9618?addrs=188.185.6.50-9618+[2001-1458-d00-62--100-2b1]-9618&alias=bigbird25.cern.ch&noUDP&sock=schedd_5459_ff98>
...
040 (10419563.058.000) 05/04 16:53:17 Started transferring input files
	Transferring to host: <188.185.213.150:9618?addrs=188.185.213.150-9618+[2001-1458-303-1b--100-12]-9618&alias=b9p28p4011.cern.ch&noUDP&sock=slot1_24_3220_87fc_120112>
...
040 (10419563.058.000) 05/04 16:53:17 Finished transferring input files
...
001 (10419563.058.000) 05/04 16:53:18 Job executing on host: <188.185.213.150:9618?addrs=188.185.213.150-9618+[2001-1458-303-1b--100-12]-9618&alias=b9p28p4011.cern.ch&noUDP&sock=startd_3170_ef4f>
	SlotName: slot1_24@b9p28p4011.cern.ch
	CondorScratchDir = "/pool/condor/dir_756456"
	Cpus = 1
	Disk = 3781
	GPUs = 0
	Memory = 3000
...
006 (10419563.058.000) 05/04 16:53:31 Image size of job updated: 206428
	202  -  MemoryUsage of job (MB)
	206428  -  ResidentSetSize of job (KB)
...
006 (10419563.058.000) 05/04 16:58:31 Image size of job updated: 299288
	293  -  MemoryUsage of job (MB)
	299288  -  ResidentSetSize of job (KB)
...
006 (10419563.058.000) 05/04 17:03:32 Image size of job updated: 304428
	298  -  MemoryUsage of job (MB)
	304428  -  ResidentSetSize of job (KB)
...
006 (10419563.058.000) 05/04 17:08:32 Image size of job updated: 304448
	298  -  MemoryUsage of job (MB)
	304428  -  ResidentSetSize of job (KB)
...
006 (10419563.058.000) 05/04 17:18:33 Image size of job updated: 304892
	298  -  MemoryUsage of job (MB)
	304892  -  ResidentSetSize of job (KB)
...
006 (10419563.058.000) 05/04 17:23:33 Image size of job updated: 304944
	298  -  MemoryUsage of job (MB)
	304944  -  ResidentSetSize of job (KB)
...
006 (10419563.058.000) 05/04 17:39:32 Image size of job updated: 342300
	298  -  MemoryUsage of job (MB)
	304944  -  ResidentSetSize of job (KB)
...
040 (10419563.058.000) 05/04 17:39:32 Started transferring output files
...
040 (10419563.058.000) 05/04 17:39:32 Finished transferring output files
...
005 (10419563.058.000) 05/04 17:39:32 Job terminated.
	(1) Normal termination (return value 0)
		Usr 0 00:44:50, Sys 0 00:00:16  -  Run Remote Usage
		Usr 0 00:00:00, Sys 0 00:00:00  -  Run Local Usage
		Usr 0 00:44:50, Sys 0 00:00:16  -  Total Remote Usage
		Usr 0 00:00:00, Sys 0 00:00:00  -  Total Local Usage
	20133  -  Run Bytes Sent By Job
	17206  -  Run Bytes Received By Job
	20133  -  Total Bytes Sent By Job
	17206  -  Total Bytes Received By Job
	Partitionable Resources :    Usage  Request Allocated 
	   Cpus                 :     0.98        1         1 
	   Disk (KB)            :    59          20      3781 
	   GPUs                 :                           0 
	   Memory (MB)          :   298        3000      3000 
	   TimeExecute (s)      :  2774                       
	   TimeSlotBusy (s)     :  2776                       

	Job terminated of its own accord at 2026-05-04T15:39:32Z with exit-code 0.
...
