000 (10419563.152.000) 05/04 16:51:58 Job submitted from host: <188.185.6.50:9618?addrs=188.185.6.50-9618+[2001-1458-d00-62--100-2b1]-9618&alias=bigbird25.cern.ch&noUDP&sock=schedd_5459_ff98>
...
040 (10419563.152.000) 05/04 16:53:48 Started transferring input files
	Transferring to host: <188.185.212.61:9618?addrs=188.185.212.61-9618+[2001-1458-303-18--100-39]-9618&alias=b9p25p4435.cern.ch&noUDP&sock=slot1_16_5561_fa3b_246624>
...
040 (10419563.152.000) 05/04 16:53:48 Finished transferring input files
...
001 (10419563.152.000) 05/04 16:53:49 Job executing on host: <188.185.212.61:9618?addrs=188.185.212.61-9618+[2001-1458-303-18--100-39]-9618&alias=b9p25p4435.cern.ch&noUDP&sock=startd_4622_e2d3>
	SlotName: slot1_16@b9p25p4435.cern.ch
	CondorScratchDir = "/pool/condor/dir_1644170"
	Cpus = 1
	Disk = 3780
	GPUs = 0
	Memory = 3000
...
006 (10419563.152.000) 05/04 16:54:03 Image size of job updated: 199124
	195  -  MemoryUsage of job (MB)
	199124  -  ResidentSetSize of job (KB)
...
006 (10419563.152.000) 05/04 16:59:04 Image size of job updated: 290272
	284  -  MemoryUsage of job (MB)
	290272  -  ResidentSetSize of job (KB)
...
006 (10419563.152.000) 05/04 17:04:05 Image size of job updated: 290492
	284  -  MemoryUsage of job (MB)
	290376  -  ResidentSetSize of job (KB)
...
006 (10419563.152.000) 05/04 17:09:05 Image size of job updated: 290492
	284  -  MemoryUsage of job (MB)
	290392  -  ResidentSetSize of job (KB)
...
006 (10419563.152.000) 05/04 17:14:06 Image size of job updated: 290536
	284  -  MemoryUsage of job (MB)
	290536  -  ResidentSetSize of job (KB)
...
006 (10419563.152.000) 05/04 17:17:44 Image size of job updated: 292196
	284  -  MemoryUsage of job (MB)
	290536  -  ResidentSetSize of job (KB)
...
040 (10419563.152.000) 05/04 17:17:44 Started transferring output files
...
040 (10419563.152.000) 05/04 17:17:44 Finished transferring output files
...
005 (10419563.152.000) 05/04 17:17:44 Job terminated.
	(1) Normal termination (return value 0)
		Usr 0 00:20:55, Sys 0 00:00:07  -  Run Remote Usage
		Usr 0 00:00:00, Sys 0 00:00:00  -  Run Local Usage
		Usr 0 00:20:55, Sys 0 00:00:07  -  Total Remote Usage
		Usr 0 00:00:00, Sys 0 00:00:00  -  Total Local Usage
	10951  -  Run Bytes Sent By Job
	17206  -  Run Bytes Received By Job
	10951  -  Total Bytes Sent By Job
	17206  -  Total Bytes Received By Job
	Partitionable Resources :    Usage  Request Allocated 
	   Cpus                 :     0.87        1         1 
	   Disk (KB)            :    51          20      3780 
	   GPUs                 :                           0 
	   Memory (MB)          :   284        3000      3000 
	   TimeExecute (s)      :  1435                       
	   TimeSlotBusy (s)     :  1437                       

	Job terminated of its own accord at 2026-05-04T15:17:44Z with exit-code 0.
...
