000 (10419563.074.000) 05/04 16:51:58 Job submitted from host: <188.185.6.50:9618?addrs=188.185.6.50-9618+[2001-1458-d00-62--100-2b1]-9618&alias=bigbird25.cern.ch&noUDP&sock=schedd_5459_ff98>
...
040 (10419563.074.000) 05/04 16:53:22 Started transferring input files
	Transferring to host: <188.185.207.27:9618?addrs=188.185.207.27-9618+[2001-1458-303-d--100-18]-9618&alias=b9p07p3688.cern.ch&noUDP&sock=slot1_19_5503_1c79_214581>
...
040 (10419563.074.000) 05/04 16:53:22 Finished transferring input files
...
001 (10419563.074.000) 05/04 16:53:23 Job executing on host: <188.185.207.27:9618?addrs=188.185.207.27-9618+[2001-1458-303-d--100-18]-9618&alias=b9p07p3688.cern.ch&noUDP&sock=startd_4538_44de>
	SlotName: slot1_19@b9p07p3688.cern.ch
	CondorScratchDir = "/pool/condor/dir_558030"
	Cpus = 1
	Disk = 3802
	GPUs = 0
	Memory = 3000
...
006 (10419563.074.000) 05/04 16:53:36 Image size of job updated: 237592
	233  -  MemoryUsage of job (MB)
	237592  -  ResidentSetSize of job (KB)
...
006 (10419563.074.000) 05/04 16:58:36 Image size of job updated: 296376
	290  -  MemoryUsage of job (MB)
	296376  -  ResidentSetSize of job (KB)
...
006 (10419563.074.000) 05/04 17:03:08 Image size of job updated: 296460
	290  -  MemoryUsage of job (MB)
	296376  -  ResidentSetSize of job (KB)
...
040 (10419563.074.000) 05/04 17:03:09 Started transferring output files
...
040 (10419563.074.000) 05/04 17:03:09 Finished transferring output files
...
005 (10419563.074.000) 05/04 17:03:09 Job terminated.
	(1) Normal termination (return value 0)
		Usr 0 00:09:23, Sys 0 00:00:02  -  Run Remote Usage
		Usr 0 00:00:00, Sys 0 00:00:00  -  Run Local Usage
		Usr 0 00:09:23, Sys 0 00:00:02  -  Total Remote Usage
		Usr 0 00:00:00, Sys 0 00:00:00  -  Total Local Usage
	11301  -  Run Bytes Sent By Job
	17206  -  Run Bytes Received By Job
	11301  -  Total Bytes Sent By Job
	17206  -  Total Bytes Received By Job
	Partitionable Resources :    Usage  Request Allocated 
	   Cpus                 :     0.99        1         1 
	   Disk (KB)            :    53          20      3802 
	   GPUs                 :                           0 
	   Memory (MB)          :   290        3000      3000 
	   TimeExecute (s)      :   585                       
	   TimeSlotBusy (s)     :   588                       

	Job terminated of its own accord at 2026-05-04T15:03:08Z with exit-code 0.
...
