000 (10419563.286.000) 05/04 16:51:59 Job submitted from host: <188.185.6.50:9618?addrs=188.185.6.50-9618+[2001-1458-d00-62--100-2b1]-9618&alias=bigbird25.cern.ch&noUDP&sock=schedd_5459_ff98>
...
040 (10419563.286.000) 05/04 16:54:32 Started transferring input files
	Transferring to host: <188.185.208.184:9618?addrs=188.185.208.184-9618+[2001-1458-303-10--100-35]-9618&alias=b9p10p5676.cern.ch&noUDP&sock=slot1_14_10246_fbda_217330>
...
040 (10419563.286.000) 05/04 16:54:32 Finished transferring input files
...
001 (10419563.286.000) 05/04 16:54:33 Job executing on host: <188.185.208.184:9618?addrs=188.185.208.184-9618+[2001-1458-303-10--100-35]-9618&alias=b9p10p5676.cern.ch&noUDP&sock=startd_9015_1e5f>
	SlotName: slot1_14@b9p10p5676.cern.ch
	CondorScratchDir = "/pool/condor/dir_3074367"
	Cpus = 1
	Disk = 3799
	GPUs = 0
	Memory = 3000
...
006 (10419563.286.000) 05/04 16:54:47 Image size of job updated: 242056
	237  -  MemoryUsage of job (MB)
	242056  -  ResidentSetSize of job (KB)
...
006 (10419563.286.000) 05/04 16:59:48 Image size of job updated: 296780
	290  -  MemoryUsage of job (MB)
	296780  -  ResidentSetSize of job (KB)
...
006 (10419563.286.000) 05/04 17:04:48 Image size of job updated: 297504
	291  -  MemoryUsage of job (MB)
	297504  -  ResidentSetSize of job (KB)
...
006 (10419563.286.000) 05/04 17:06:35 Image size of job updated: 299296
	291  -  MemoryUsage of job (MB)
	297504  -  ResidentSetSize of job (KB)
...
040 (10419563.286.000) 05/04 17:06:35 Started transferring output files
...
040 (10419563.286.000) 05/04 17:06:35 Finished transferring output files
...
005 (10419563.286.000) 05/04 17:06:35 Job terminated.
	(1) Normal termination (return value 0)
		Usr 0 00:11:36, Sys 0 00:00:04  -  Run Remote Usage
		Usr 0 00:00:00, Sys 0 00:00:00  -  Run Local Usage
		Usr 0 00:11:36, Sys 0 00:00:04  -  Total Remote Usage
		Usr 0 00:00:00, Sys 0 00:00:00  -  Total Local Usage
	14755  -  Run Bytes Sent By Job
	17206  -  Run Bytes Received By Job
	14755  -  Total Bytes Sent By Job
	17206  -  Total Bytes Received By Job
	Partitionable Resources :    Usage  Request Allocated 
	   Cpus                 :     0.98        1         1 
	   Disk (KB)            :    56          20      3799 
	   GPUs                 :                           0 
	   Memory (MB)          :   291        3000      3000 
	   TimeExecute (s)      :   722                       
	   TimeSlotBusy (s)     :   724                       

	Job terminated of its own accord at 2026-05-04T15:06:35Z with exit-code 0.
...
