000 (10419563.189.000) 05/04 16:51:58 Job submitted from host: <188.185.6.50:9618?addrs=188.185.6.50-9618+[2001-1458-d00-62--100-2b1]-9618&alias=bigbird25.cern.ch&noUDP&sock=schedd_5459_ff98>
...
040 (10419563.189.000) 05/04 16:54:00 Started transferring input files
	Transferring to host: <188.185.193.107:9618?addrs=188.185.193.107-9618+[2001-1458-303-20--100-67]-9618&alias=b9p19p7223.cern.ch&noUDP&sock=slot1_22_4448_c4ae_223953>
...
040 (10419563.189.000) 05/04 16:54:00 Finished transferring input files
...
001 (10419563.189.000) 05/04 16:54:01 Job executing on host: <188.185.193.107:9618?addrs=188.185.193.107-9618+[2001-1458-303-20--100-67]-9618&alias=b9p19p7223.cern.ch&noUDP&sock=startd_3441_d179>
	SlotName: slot1_22@b9p19p7223.cern.ch
	CondorScratchDir = "/pool/condor/dir_1482711"
	Cpus = 1
	Disk = 3767
	GPUs = 0
	Memory = 3000
...
006 (10419563.189.000) 05/04 16:54:15 Image size of job updated: 207072
	203  -  MemoryUsage of job (MB)
	207072  -  ResidentSetSize of job (KB)
...
006 (10419563.189.000) 05/04 16:59:16 Image size of job updated: 296812
	290  -  MemoryUsage of job (MB)
	296812  -  ResidentSetSize of job (KB)
...
006 (10419563.189.000) 05/04 17:04:16 Image size of job updated: 297704
	291  -  MemoryUsage of job (MB)
	297704  -  ResidentSetSize of job (KB)
...
006 (10419563.189.000) 05/04 17:09:17 Image size of job updated: 302104
	296  -  MemoryUsage of job (MB)
	302104  -  ResidentSetSize of job (KB)
...
006 (10419563.189.000) 05/04 17:14:18 Image size of job updated: 302116
	296  -  MemoryUsage of job (MB)
	302104  -  ResidentSetSize of job (KB)
...
006 (10419563.189.000) 05/04 18:16:59 Image size of job updated: 303688
	296  -  MemoryUsage of job (MB)
	302104  -  ResidentSetSize of job (KB)
...
040 (10419563.189.000) 05/04 18:17:00 Started transferring output files
...
040 (10419563.189.000) 05/04 18:17:00 Finished transferring output files
...
005 (10419563.189.000) 05/04 18:17:00 Job terminated.
	(1) Normal termination (return value 0)
		Usr 0 01:21:32, Sys 0 00:00:15  -  Run Remote Usage
		Usr 0 00:00:00, Sys 0 00:00:00  -  Run Local Usage
		Usr 0 01:21:32, Sys 0 00:00:15  -  Total Remote Usage
		Usr 0 00:00:00, Sys 0 00:00:00  -  Total Local Usage
	19940  -  Run Bytes Sent By Job
	17206  -  Run Bytes Received By Job
	19940  -  Total Bytes Sent By Job
	17206  -  Total Bytes Received By Job
	Partitionable Resources :    Usage  Request Allocated 
	   Cpus                 :     0.99        1         1 
	   Disk (KB)            :    60          20      3767 
	   GPUs                 :                           0 
	   Memory (MB)          :   296        3000      3000 
	   TimeExecute (s)      :  4978                       
	   TimeSlotBusy (s)     :  4981                       

	Job terminated of its own accord at 2026-05-04T16:16:59Z with exit-code 0.
...
