000 (10419563.079.000) 05/04 16:51:58 Job submitted from host: <188.185.6.50:9618?addrs=188.185.6.50-9618+[2001-1458-d00-62--100-2b1]-9618&alias=bigbird25.cern.ch&noUDP&sock=schedd_5459_ff98>
...
040 (10419563.079.000) 05/04 16:53:24 Started transferring input files
	Transferring to host: <188.185.209.187:9618?addrs=188.185.209.187-9618+[2001-1458-303-12--100-38]-9618&alias=b9p12p4999.cern.ch&noUDP&sock=slot1_14_5605_fabd_215321>
...
040 (10419563.079.000) 05/04 16:53:24 Finished transferring input files
...
001 (10419563.079.000) 05/04 16:53:25 Job executing on host: <188.185.209.187:9618?addrs=188.185.209.187-9618+[2001-1458-303-12--100-38]-9618&alias=b9p12p4999.cern.ch&noUDP&sock=startd_4676_ecf0>
	SlotName: slot1_14@b9p12p4999.cern.ch
	CondorScratchDir = "/pool/condor/dir_2143327"
	Cpus = 1
	Disk = 3667
	GPUs = 0
	Memory = 3000
...
006 (10419563.079.000) 05/04 16:53:39 Image size of job updated: 244824
	240  -  MemoryUsage of job (MB)
	244824  -  ResidentSetSize of job (KB)
...
006 (10419563.079.000) 05/04 16:58:40 Image size of job updated: 302616
	296  -  MemoryUsage of job (MB)
	302616  -  ResidentSetSize of job (KB)
...
006 (10419563.079.000) 05/04 17:03:40 Image size of job updated: 302712
	296  -  MemoryUsage of job (MB)
	302712  -  ResidentSetSize of job (KB)
...
040 (10419563.079.000) 05/04 17:27:37 Started transferring output files
...
040 (10419563.079.000) 05/04 17:27:37 Finished transferring output files
...
005 (10419563.079.000) 05/04 17:27:37 Job terminated.
	(1) Normal termination (return value 0)
		Usr 0 00:33:09, Sys 0 00:00:08  -  Run Remote Usage
		Usr 0 00:00:00, Sys 0 00:00:00  -  Run Local Usage
		Usr 0 00:33:09, Sys 0 00:00:08  -  Total Remote Usage
		Usr 0 00:00:00, Sys 0 00:00:00  -  Total Local Usage
	19972  -  Run Bytes Sent By Job
	17206  -  Run Bytes Received By Job
	19972  -  Total Bytes Sent By Job
	17206  -  Total Bytes Received By Job
	Partitionable Resources :    Usage  Request Allocated 
	   Cpus                 :     0.98        1         1 
	   Disk (KB)            :    62          20      3667 
	   GPUs                 :                           0 
	   Memory (MB)          :   296        3000      3000 
	   TimeExecute (s)      :  2052                       
	   TimeSlotBusy (s)     :  2054                       

	Job terminated of its own accord at 2026-05-04T15:27:37Z with exit-code 0.
...
