000 (10419563.348.000) 05/04 16:51:59 Job submitted from host: <188.185.6.50:9618?addrs=188.185.6.50-9618+[2001-1458-d00-62--100-2b1]-9618&alias=bigbird25.cern.ch&noUDP&sock=schedd_5459_ff98>
...
040 (10419563.348.000) 05/04 16:54:55 Started transferring input files
	Transferring to host: <188.185.211.228:9618?addrs=188.185.211.228-9618+[2001-1458-303-17--100-60]-9618&alias=b9p24p7251.cern.ch&noUDP&sock=slot1_18_4398_89ec_249431>
...
040 (10419563.348.000) 05/04 16:54:55 Finished transferring input files
...
001 (10419563.348.000) 05/04 16:54:56 Job executing on host: <188.185.211.228:9618?addrs=188.185.211.228-9618+[2001-1458-303-17--100-60]-9618&alias=b9p24p7251.cern.ch&noUDP&sock=startd_3753_d306>
	SlotName: slot1_18@b9p24p7251.cern.ch
	CondorScratchDir = "/pool/condor/dir_3448649"
	Cpus = 1
	Disk = 3843
	GPUs = 0
	Memory = 3000
...
006 (10419563.348.000) 05/04 16:55:09 Image size of job updated: 199048
	195  -  MemoryUsage of job (MB)
	199048  -  ResidentSetSize of job (KB)
...
006 (10419563.348.000) 05/04 17:00:09 Image size of job updated: 297208
	291  -  MemoryUsage of job (MB)
	297208  -  ResidentSetSize of job (KB)
...
006 (10419563.348.000) 05/04 17:05:09 Image size of job updated: 300280
	294  -  MemoryUsage of job (MB)
	300280  -  ResidentSetSize of job (KB)
...
006 (10419563.348.000) 05/04 17:10:10 Image size of job updated: 300428
	294  -  MemoryUsage of job (MB)
	300428  -  ResidentSetSize of job (KB)
...
006 (10419563.348.000) 05/04 17:15:10 Image size of job updated: 300456
	294  -  MemoryUsage of job (MB)
	300428  -  ResidentSetSize of job (KB)
...
006 (10419563.348.000) 05/04 17:20:10 Image size of job updated: 301136
	295  -  MemoryUsage of job (MB)
	301136  -  ResidentSetSize of job (KB)
...
006 (10419563.348.000) 05/04 17:25:11 Image size of job updated: 301156
	295  -  MemoryUsage of job (MB)
	301156  -  ResidentSetSize of job (KB)
...
006 (10419563.348.000) 05/04 17:30:11 Image size of job updated: 301504
	295  -  MemoryUsage of job (MB)
	301504  -  ResidentSetSize of job (KB)
...
006 (10419563.348.000) 05/04 17:45:15 Image size of job updated: 327804
	295  -  MemoryUsage of job (MB)
	301504  -  ResidentSetSize of job (KB)
...
040 (10419563.348.000) 05/04 17:45:15 Started transferring output files
...
040 (10419563.348.000) 05/04 17:45:15 Finished transferring output files
...
005 (10419563.348.000) 05/04 17:45:15 Job terminated.
	(1) Normal termination (return value 0)
		Usr 0 00:48:48, Sys 0 00:00:13  -  Run Remote Usage
		Usr 0 00:00:00, Sys 0 00:00:00  -  Run Local Usage
		Usr 0 00:48:48, Sys 0 00:00:13  -  Total Remote Usage
		Usr 0 00:00:00, Sys 0 00:00:00  -  Total Local Usage
	19523  -  Run Bytes Sent By Job
	17206  -  Run Bytes Received By Job
	19523  -  Total Bytes Sent By Job
	17206  -  Total Bytes Received By Job
	Partitionable Resources :    Usage  Request Allocated 
	   Cpus                 :     0.99        1         1 
	   Disk (KB)            :    59          20      3843 
	   GPUs                 :                           0 
	   Memory (MB)          :   295        3000      3000 
	   TimeExecute (s)      :  3019                       
	   TimeSlotBusy (s)     :  3022                       

	Job terminated of its own accord at 2026-05-04T15:45:15Z with exit-code 0.
...
