000 (10419563.306.000) 05/04 16:51:59 Job submitted from host: <188.185.6.50:9618?addrs=188.185.6.50-9618+[2001-1458-d00-62--100-2b1]-9618&alias=bigbird25.cern.ch&noUDP&sock=schedd_5459_ff98>
...
040 (10419563.306.000) 05/04 16:54:38 Started transferring input files
	Transferring to host: <188.185.215.192:9618?addrs=188.185.215.192-9618+[2001-1458-303-26--100-3c]-9618&alias=b9p18p7291.cern.ch&noUDP&sock=slot1_20_4516_ae31_252625>
...
040 (10419563.306.000) 05/04 16:54:38 Finished transferring input files
...
001 (10419563.306.000) 05/04 16:54:39 Job executing on host: <188.185.215.192:9618?addrs=188.185.215.192-9618+[2001-1458-303-26--100-3c]-9618&alias=b9p18p7291.cern.ch&noUDP&sock=startd_3863_4671>
	SlotName: slot1_20@b9p18p7291.cern.ch
	CondorScratchDir = "/pool/condor/dir_2002829"
	Cpus = 1
	Disk = 3704
	GPUs = 0
	Memory = 3000
...
006 (10419563.306.000) 05/04 16:54:53 Image size of job updated: 201492
	197  -  MemoryUsage of job (MB)
	201492  -  ResidentSetSize of job (KB)
...
006 (10419563.306.000) 05/04 16:59:53 Image size of job updated: 294016
	288  -  MemoryUsage of job (MB)
	294016  -  ResidentSetSize of job (KB)
...
006 (10419563.306.000) 05/04 17:04:53 Image size of job updated: 294100
	288  -  MemoryUsage of job (MB)
	294016  -  ResidentSetSize of job (KB)
...
006 (10419563.306.000) 05/04 17:12:50 Image size of job updated: 294888
	288  -  MemoryUsage of job (MB)
	294016  -  ResidentSetSize of job (KB)
...
040 (10419563.306.000) 05/04 17:12:50 Started transferring output files
...
040 (10419563.306.000) 05/04 17:12:50 Finished transferring output files
...
005 (10419563.306.000) 05/04 17:12:50 Job terminated.
	(1) Normal termination (return value 0)
		Usr 0 00:17:32, Sys 0 00:00:07  -  Run Remote Usage
		Usr 0 00:00:00, Sys 0 00:00:00  -  Run Local Usage
		Usr 0 00:17:32, Sys 0 00:00:07  -  Total Remote Usage
		Usr 0 00:00:00, Sys 0 00:00:00  -  Total Local Usage
	11692  -  Run Bytes Sent By Job
	17206  -  Run Bytes Received By Job
	11692  -  Total Bytes Sent By Job
	17206  -  Total Bytes Received By Job
	Partitionable Resources :    Usage  Request Allocated 
	   Cpus                 :     0.98        1         1 
	   Disk (KB)            :    51          20      3704 
	   GPUs                 :                           0 
	   Memory (MB)          :   288        3000      3000 
	   TimeExecute (s)      :  1091                       
	   TimeSlotBusy (s)     :  1093                       

	Job terminated of its own accord at 2026-05-04T15:12:50Z with exit-code 0.
...
