000 (10419563.304.000) 05/04 16:51:59 Job submitted from host: <188.185.6.50:9618?addrs=188.185.6.50-9618+[2001-1458-d00-62--100-2b1]-9618&alias=bigbird25.cern.ch&noUDP&sock=schedd_5459_ff98>
...
040 (10419563.304.000) 05/04 16:54:38 Started transferring input files
	Transferring to host: <188.185.209.157:9618?addrs=188.185.209.157-9618+[2001-1458-303-12--100-1a]-9618&alias=b9p12p8632.cern.ch&noUDP&sock=slot1_13_5933_15ca_220807>
...
040 (10419563.304.000) 05/04 16:54:38 Finished transferring input files
...
001 (10419563.304.000) 05/04 16:54:39 Job executing on host: <188.185.209.157:9618?addrs=188.185.209.157-9618+[2001-1458-303-12--100-1a]-9618&alias=b9p12p8632.cern.ch&noUDP&sock=startd_4869_4eb7>
	SlotName: slot1_13@b9p12p8632.cern.ch
	CondorScratchDir = "/pool/condor/dir_3581234"
	Cpus = 1
	Disk = 3748
	GPUs = 0
	Memory = 3000
...
006 (10419563.304.000) 05/04 16:54:52 Image size of job updated: 206500
	202  -  MemoryUsage of job (MB)
	206500  -  ResidentSetSize of job (KB)
...
006 (10419563.304.000) 05/04 16:59:52 Image size of job updated: 302128
	296  -  MemoryUsage of job (MB)
	302128  -  ResidentSetSize of job (KB)
...
006 (10419563.304.000) 05/04 17:04:53 Image size of job updated: 302252
	296  -  MemoryUsage of job (MB)
	302128  -  ResidentSetSize of job (KB)
...
040 (10419563.304.000) 05/04 17:10:05 Started transferring output files
...
040 (10419563.304.000) 05/04 17:10:05 Finished transferring output files
...
005 (10419563.304.000) 05/04 17:10:05 Job terminated.
	(1) Normal termination (return value 0)
		Usr 0 00:14:54, Sys 0 00:00:06  -  Run Remote Usage
		Usr 0 00:00:00, Sys 0 00:00:00  -  Run Local Usage
		Usr 0 00:14:54, Sys 0 00:00:06  -  Total Remote Usage
		Usr 0 00:00:00, Sys 0 00:00:00  -  Total Local Usage
	14819  -  Run Bytes Sent By Job
	17206  -  Run Bytes Received By Job
	14819  -  Total Bytes Sent By Job
	17206  -  Total Bytes Received By Job
	Partitionable Resources :    Usage  Request Allocated 
	   Cpus                 :     0.99        1         1 
	   Disk (KB)            :    56          20      3748 
	   GPUs                 :                           0 
	   Memory (MB)          :   296        3000      3000 
	   TimeExecute (s)      :   926                       
	   TimeSlotBusy (s)     :   929                       

	Job terminated of its own accord at 2026-05-04T15:10:05Z with exit-code 0.
...
