000 (10419563.148.000) 05/04 16:51:58 Job submitted from host: <188.185.6.50:9618?addrs=188.185.6.50-9618+[2001-1458-d00-62--100-2b1]-9618&alias=bigbird25.cern.ch&noUDP&sock=schedd_5459_ff98>
...
040 (10419563.148.000) 05/04 16:53:47 Started transferring input files
	Transferring to host: <188.185.195.26:9618?addrs=188.185.195.26-9618+[2001-1458-303-22--100-16]-9618&alias=b9p17p1611.cern.ch&noUDP&sock=slot1_15_1926004_cd69_169961>
...
040 (10419563.148.000) 05/04 16:53:47 Finished transferring input files
...
001 (10419563.148.000) 05/04 16:53:48 Job executing on host: <188.185.195.26:9618?addrs=188.185.195.26-9618+[2001-1458-303-22--100-16]-9618&alias=b9p17p1611.cern.ch&noUDP&sock=startd_4008_bbac>
	SlotName: slot1_15@b9p17p1611.cern.ch
	CondorScratchDir = "/pool/condor/dir_1863292"
	Cpus = 1
	Disk = 3942
	GPUs = 0
	Memory = 3000
...
006 (10419563.148.000) 05/04 16:54:02 Image size of job updated: 205500
	201  -  MemoryUsage of job (MB)
	205500  -  ResidentSetSize of job (KB)
...
006 (10419563.148.000) 05/04 16:59:03 Image size of job updated: 296800
	290  -  MemoryUsage of job (MB)
	296800  -  ResidentSetSize of job (KB)
...
006 (10419563.148.000) 05/04 17:04:04 Image size of job updated: 298780
	292  -  MemoryUsage of job (MB)
	298780  -  ResidentSetSize of job (KB)
...
006 (10419563.148.000) 05/04 17:09:04 Image size of job updated: 303464
	297  -  MemoryUsage of job (MB)
	303464  -  ResidentSetSize of job (KB)
...
006 (10419563.148.000) 05/04 17:14:04 Image size of job updated: 303532
	297  -  MemoryUsage of job (MB)
	303464  -  ResidentSetSize of job (KB)
...
006 (10419563.148.000) 05/04 18:16:30 Image size of job updated: 338092
	297  -  MemoryUsage of job (MB)
	303464  -  ResidentSetSize of job (KB)
...
040 (10419563.148.000) 05/04 18:16:30 Started transferring output files
...
040 (10419563.148.000) 05/04 18:16:30 Finished transferring output files
...
005 (10419563.148.000) 05/04 18:16:30 Job terminated.
	(1) Normal termination (return value 0)
		Usr 0 01:20:53, Sys 0 00:00:20  -  Run Remote Usage
		Usr 0 00:00:00, Sys 0 00:00:00  -  Run Local Usage
		Usr 0 01:20:53, Sys 0 00:00:20  -  Total Remote Usage
		Usr 0 00:00:00, Sys 0 00:00:00  -  Total Local Usage
	20180  -  Run Bytes Sent By Job
	17206  -  Run Bytes Received By Job
	20180  -  Total Bytes Sent By Job
	17206  -  Total Bytes Received By Job
	Partitionable Resources :    Usage  Request Allocated 
	   Cpus                 :     0.99        1         1 
	   Disk (KB)            :    60          20      3942 
	   GPUs                 :                           0 
	   Memory (MB)          :   297        3000      3000 
	   TimeExecute (s)      :  4962                       
	   TimeSlotBusy (s)     :  4964                       

	Job terminated of its own accord at 2026-05-04T16:16:30Z with exit-code 0.
...
