000 (10419563.050.000) 05/04 16:51:58 Job submitted from host: <188.185.6.50:9618?addrs=188.185.6.50-9618+[2001-1458-d00-62--100-2b1]-9618&alias=bigbird25.cern.ch&noUDP&sock=schedd_5459_ff98>
...
040 (10419563.050.000) 05/04 16:53:15 Started transferring input files
	Transferring to host: <188.185.214.182:9618?addrs=188.185.214.182-9618+[2001-1458-303-1d--100-32]-9618&alias=b9p30p9629.cern.ch&noUDP&sock=slot1_26_4331_54c9_243225>
...
040 (10419563.050.000) 05/04 16:53:15 Finished transferring input files
...
001 (10419563.050.000) 05/04 16:53:16 Job executing on host: <188.185.214.182:9618?addrs=188.185.214.182-9618+[2001-1458-303-1d--100-32]-9618&alias=b9p30p9629.cern.ch&noUDP&sock=startd_3711_040c>
	SlotName: slot1_26@b9p30p9629.cern.ch
	CondorScratchDir = "/pool/condor/dir_4007354"
	Cpus = 1
	Disk = 3779
	GPUs = 0
	Memory = 3000
...
006 (10419563.050.000) 05/04 16:53:30 Image size of job updated: 203728
	199  -  MemoryUsage of job (MB)
	203728  -  ResidentSetSize of job (KB)
...
006 (10419563.050.000) 05/04 16:58:31 Image size of job updated: 300748
	294  -  MemoryUsage of job (MB)
	300748  -  ResidentSetSize of job (KB)
...
006 (10419563.050.000) 05/04 17:03:32 Image size of job updated: 301432
	294  -  MemoryUsage of job (MB)
	300748  -  ResidentSetSize of job (KB)
...
040 (10419563.050.000) 05/04 17:15:42 Started transferring output files
...
040 (10419563.050.000) 05/04 17:15:42 Finished transferring output files
...
005 (10419563.050.000) 05/04 17:15:42 Job terminated.
	(1) Normal termination (return value 0)
		Usr 0 00:21:20, Sys 0 00:00:05  -  Run Remote Usage
		Usr 0 00:00:00, Sys 0 00:00:00  -  Run Local Usage
		Usr 0 00:21:20, Sys 0 00:00:05  -  Total Remote Usage
		Usr 0 00:00:00, Sys 0 00:00:00  -  Total Local Usage
	14771  -  Run Bytes Sent By Job
	17206  -  Run Bytes Received By Job
	14771  -  Total Bytes Sent By Job
	17206  -  Total Bytes Received By Job
	Partitionable Resources :    Usage  Request Allocated 
	   Cpus                 :     0.95        1         1 
	   Disk (KB)            :    54          20      3779 
	   GPUs                 :                           0 
	   Memory (MB)          :   294        3000      3000 
	   TimeExecute (s)      :  1346                       
	   TimeSlotBusy (s)     :  1348                       

	Job terminated of its own accord at 2026-05-04T15:15:42Z with exit-code 0.
...
