000 (10419563.222.000) 05/04 16:51:59 Job submitted from host: <188.185.6.50:9618?addrs=188.185.6.50-9618+[2001-1458-d00-62--100-2b1]-9618&alias=bigbird25.cern.ch&noUDP&sock=schedd_5459_ff98>
...
040 (10419563.222.000) 05/04 16:54:11 Started transferring input files
	Transferring to host: <128.142.52.12:9618?addrs=128.142.52.12-9618+[2001-1458-301-1b--100-9]-9618&alias=b9g02p6546.cern.ch&noUDP&sock=slot1_28_11377_e028_230495>
...
040 (10419563.222.000) 05/04 16:54:11 Finished transferring input files
...
001 (10419563.222.000) 05/04 16:54:12 Job executing on host: <128.142.52.12:9618?addrs=128.142.52.12-9618+[2001-1458-301-1b--100-9]-9618&alias=b9g02p6546.cern.ch&noUDP&sock=startd_9642_3040>
	SlotName: slot1_28@b9g02p6546.cern.ch
	CondorScratchDir = "/pool/condor/dir_3867020"
	Cpus = 1
	Disk = 3769
	GPUs = 0
	Memory = 3000
...
006 (10419563.222.000) 05/04 16:54:26 Image size of job updated: 12388
	13  -  MemoryUsage of job (MB)
	12388  -  ResidentSetSize of job (KB)
...
006 (10419563.222.000) 05/04 16:59:27 Image size of job updated: 290328
	284  -  MemoryUsage of job (MB)
	290328  -  ResidentSetSize of job (KB)
...
006 (10419563.222.000) 05/04 17:04:28 Image size of job updated: 292280
	286  -  MemoryUsage of job (MB)
	292280  -  ResidentSetSize of job (KB)
...
006 (10419563.222.000) 05/04 17:09:28 Image size of job updated: 292548
	286  -  MemoryUsage of job (MB)
	292280  -  ResidentSetSize of job (KB)
...
006 (10419563.222.000) 05/04 17:19:30 Image size of job updated: 292836
	286  -  MemoryUsage of job (MB)
	292836  -  ResidentSetSize of job (KB)
...
006 (10419563.222.000) 05/04 17:33:57 Image size of job updated: 326604
	286  -  MemoryUsage of job (MB)
	292836  -  ResidentSetSize of job (KB)
...
040 (10419563.222.000) 05/04 17:33:57 Started transferring output files
...
040 (10419563.222.000) 05/04 17:33:57 Finished transferring output files
...
005 (10419563.222.000) 05/04 17:33:57 Job terminated.
	(1) Normal termination (return value 0)
		Usr 0 00:30:20, Sys 0 00:00:07  -  Run Remote Usage
		Usr 0 00:00:00, Sys 0 00:00:00  -  Run Local Usage
		Usr 0 00:30:20, Sys 0 00:00:07  -  Total Remote Usage
		Usr 0 00:00:00, Sys 0 00:00:00  -  Total Local Usage
	11303  -  Run Bytes Sent By Job
	17206  -  Run Bytes Received By Job
	11303  -  Total Bytes Sent By Job
	17206  -  Total Bytes Received By Job
	Partitionable Resources :    Usage  Request Allocated 
	   Cpus                 :     0.50        1         1 
	   Disk (KB)            :    51          20      3769 
	   GPUs                 :                           0 
	   Memory (MB)          :   286        3000      3000 
	   TimeExecute (s)      :  2385                       
	   TimeSlotBusy (s)     :  2387                       

	Job terminated of its own accord at 2026-05-04T15:33:57Z with exit-code 0.
...
