000 (10419563.102.000) 05/04 16:51:58 Job submitted from host: <188.185.6.50:9618?addrs=188.185.6.50-9618+[2001-1458-d00-62--100-2b1]-9618&alias=bigbird25.cern.ch&noUDP&sock=schedd_5459_ff98>
...
040 (10419563.102.000) 05/04 16:53:32 Started transferring input files
	Transferring to host: <188.185.195.113:9618?addrs=188.185.195.113-9618+[2001-1458-303-22--100-6d]-9618&alias=b9p17p8780.cern.ch&noUDP&sock=slot1_26_5804_3165_118839>
...
040 (10419563.102.000) 05/04 16:53:32 Finished transferring input files
...
001 (10419563.102.000) 05/04 16:53:33 Job executing on host: <188.185.195.113:9618?addrs=188.185.195.113-9618+[2001-1458-303-22--100-6d]-9618&alias=b9p17p8780.cern.ch&noUDP&sock=startd_4520_ec2a>
	SlotName: slot1_26@b9p17p8780.cern.ch
	CondorScratchDir = "/pool/condor/dir_906591"
	Cpus = 1
	Disk = 3746
	GPUs = 0
	Memory = 3000
...
006 (10419563.102.000) 05/04 16:53:46 Image size of job updated: 202580
	198  -  MemoryUsage of job (MB)
	202580  -  ResidentSetSize of job (KB)
...
006 (10419563.102.000) 05/04 16:58:46 Image size of job updated: 294616
	288  -  MemoryUsage of job (MB)
	294616  -  ResidentSetSize of job (KB)
...
006 (10419563.102.000) 05/04 17:03:47 Image size of job updated: 298888
	292  -  MemoryUsage of job (MB)
	298888  -  ResidentSetSize of job (KB)
...
006 (10419563.102.000) 05/04 17:08:47 Image size of job updated: 299364
	293  -  MemoryUsage of job (MB)
	299364  -  ResidentSetSize of job (KB)
...
006 (10419563.102.000) 05/04 17:13:47 Image size of job updated: 299368
	293  -  MemoryUsage of job (MB)
	299364  -  ResidentSetSize of job (KB)
...
040 (10419563.102.000) 05/04 17:16:55 Started transferring output files
...
040 (10419563.102.000) 05/04 17:16:55 Finished transferring output files
...
005 (10419563.102.000) 05/04 17:16:55 Job terminated.
	(1) Normal termination (return value 0)
		Usr 0 00:22:48, Sys 0 00:00:05  -  Run Remote Usage
		Usr 0 00:00:00, Sys 0 00:00:00  -  Run Local Usage
		Usr 0 00:22:48, Sys 0 00:00:05  -  Total Remote Usage
		Usr 0 00:00:00, Sys 0 00:00:00  -  Total Local Usage
	14530  -  Run Bytes Sent By Job
	17206  -  Run Bytes Received By Job
	14530  -  Total Bytes Sent By Job
	17206  -  Total Bytes Received By Job
	Partitionable Resources :    Usage  Request Allocated 
	   Cpus                 :     0.99        1         1 
	   Disk (KB)            :    54          20      3746 
	   GPUs                 :                           0 
	   Memory (MB)          :   293        3000      3000 
	   TimeExecute (s)      :  1402                       
	   TimeSlotBusy (s)     :  1404                       

	Job terminated of its own accord at 2026-05-04T15:16:55Z with exit-code 0.
...
