000 (11078646.014.000) 06/08 14:39:00 Job submitted from host: <188.185.6.50:9618?addrs=188.185.6.50-9618+[2001-1458-d00-62--100-2b1]-9618&alias=bigbird25.cern.ch&noUDP&sock=schedd_4036832_8faa>
...
040 (11078646.014.000) 06/08 14:45:16 Started transferring input files
	Transferring to host: <188.185.192.69:9618?addrs=188.185.192.69-9618+[2001-1458-303-1f--100-41]-9618&alias=b9p13p8505.cern.ch&noUDP&sock=slot1_27_6110_cc32_267068>
...
040 (11078646.014.000) 06/08 14:45:16 Finished transferring input files
...
001 (11078646.014.000) 06/08 14:45:17 Job executing on host: <188.185.192.69:9618?addrs=188.185.192.69-9618+[2001-1458-303-1f--100-41]-9618&alias=b9p13p8505.cern.ch&noUDP&sock=startd_4457_b5b2>
	SlotName: slot1_27@b9p13p8505.cern.ch
	CondorScratchDir = "/pool/condor/dir_1425288"
	Cpus = 1
	Disk = 3920
	GPUs = 0
	Memory = 3000
...
006 (11078646.014.000) 06/08 14:45:30 Image size of job updated: 201388
	197  -  MemoryUsage of job (MB)
	201388  -  ResidentSetSize of job (KB)
...
006 (11078646.014.000) 06/08 14:50:30 Image size of job updated: 295264
	289  -  MemoryUsage of job (MB)
	295264  -  ResidentSetSize of job (KB)
...
006 (11078646.014.000) 06/08 14:55:31 Image size of job updated: 296284
	290  -  MemoryUsage of job (MB)
	296284  -  ResidentSetSize of job (KB)
...
006 (11078646.014.000) 06/08 15:00:32 Image size of job updated: 297572
	291  -  MemoryUsage of job (MB)
	297572  -  ResidentSetSize of job (KB)
...
006 (11078646.014.000) 06/08 15:05:32 Image size of job updated: 298668
	292  -  MemoryUsage of job (MB)
	298668  -  ResidentSetSize of job (KB)
...
006 (11078646.014.000) 06/08 15:06:59 Image size of job updated: 299340
	292  -  MemoryUsage of job (MB)
	298668  -  ResidentSetSize of job (KB)
...
040 (11078646.014.000) 06/08 15:06:59 Started transferring output files
...
040 (11078646.014.000) 06/08 15:06:59 Finished transferring output files
...
005 (11078646.014.000) 06/08 15:06:59 Job terminated.
	(1) Normal termination (return value 0)
		Usr 0 00:21:15, Sys 0 00:00:04  -  Run Remote Usage
		Usr 0 00:00:00, Sys 0 00:00:00  -  Run Local Usage
		Usr 0 00:21:15, Sys 0 00:00:04  -  Total Remote Usage
		Usr 0 00:00:00, Sys 0 00:00:00  -  Total Local Usage
	13841  -  Run Bytes Sent By Job
	17206  -  Run Bytes Received By Job
	13841  -  Total Bytes Sent By Job
	17206  -  Total Bytes Received By Job
	Partitionable Resources :    Usage  Request Allocated 
	   Cpus                 :     0.99        1         1 
	   Disk (KB)            :    54          20      3920 
	   GPUs                 :                           0 
	   Memory (MB)          :   292        3000      3000 
	   TimeExecute (s)      :  1302                       
	   TimeSlotBusy (s)     :  1304                       
...
