000 (11078646.206.000) 06/08 14:39:00 Job submitted from host: <188.185.6.50:9618?addrs=188.185.6.50-9618+[2001-1458-d00-62--100-2b1]-9618&alias=bigbird25.cern.ch&noUDP&sock=schedd_4036832_8faa>
...
040 (11078646.206.000) 06/08 14:44:27 Started transferring input files
	Transferring to host: <188.185.210.182:9618?addrs=188.185.210.182-9618+[2001-1458-303-15--100-32]-9618&alias=b9p22p0222.cern.ch&noUDP&sock=slot1_27_7306_7ce2_292249>
...
040 (11078646.206.000) 06/08 14:44:27 Finished transferring input files
...
001 (11078646.206.000) 06/08 14:44:28 Job executing on host: <188.185.210.182:9618?addrs=188.185.210.182-9618+[2001-1458-303-15--100-32]-9618&alias=b9p22p0222.cern.ch&noUDP&sock=startd_6773_4b0a>
	SlotName: slot1_27@b9p22p0222.cern.ch
	CondorScratchDir = "/pool/condor/dir_1232025"
	Cpus = 1
	Disk = 3693
	GPUs = 0
	Memory = 3000
...
006 (11078646.206.000) 06/08 14:44:41 Image size of job updated: 200844
	197  -  MemoryUsage of job (MB)
	200844  -  ResidentSetSize of job (KB)
...
006 (11078646.206.000) 06/08 14:49:41 Image size of job updated: 294504
	288  -  MemoryUsage of job (MB)
	294504  -  ResidentSetSize of job (KB)
...
006 (11078646.206.000) 06/08 14:54:42 Image size of job updated: 298328
	292  -  MemoryUsage of job (MB)
	298328  -  ResidentSetSize of job (KB)
...
006 (11078646.206.000) 06/08 14:59:42 Image size of job updated: 298548
	292  -  MemoryUsage of job (MB)
	298548  -  ResidentSetSize of job (KB)
...
006 (11078646.206.000) 06/08 15:01:21 Image size of job updated: 299164
	292  -  MemoryUsage of job (MB)
	298548  -  ResidentSetSize of job (KB)
...
040 (11078646.206.000) 06/08 15:01:21 Started transferring output files
...
040 (11078646.206.000) 06/08 15:01:21 Finished transferring output files
...
005 (11078646.206.000) 06/08 15:01:21 Job terminated.
	(1) Normal termination (return value 0)
		Usr 0 00:16:19, Sys 0 00:00:05  -  Run Remote Usage
		Usr 0 00:00:00, Sys 0 00:00:00  -  Run Local Usage
		Usr 0 00:16:19, Sys 0 00:00:05  -  Total Remote Usage
		Usr 0 00:00:00, Sys 0 00:00:00  -  Total Local Usage
	13993  -  Run Bytes Sent By Job
	17206  -  Run Bytes Received By Job
	13993  -  Total Bytes Sent By Job
	17206  -  Total Bytes Received By Job
	Partitionable Resources :    Usage  Request Allocated 
	   Cpus                 :     0.98        1         1 
	   Disk (KB)            :    54          20      3693 
	   GPUs                 :                           0 
	   Memory (MB)          :   292        3000      3000 
	   TimeExecute (s)      :  1013                       
	   TimeSlotBusy (s)     :  1015                       
...
