000 (11078646.094.000) 06/08 14:39:01 Job submitted from host: <188.185.6.50:9618?addrs=188.185.6.50-9618+[2001-1458-d00-62--100-2b1]-9618&alias=bigbird25.cern.ch&noUDP&sock=schedd_4036832_8faa>
...
040 (11078646.094.000) 06/08 14:43:50 Started transferring input files
	Transferring to host: <188.185.207.207:9618?addrs=188.185.207.207-9618+[2001-1458-303-e--100-4c]-9618&alias=b9p08p5785.cern.ch&noUDP&sock=slot1_44_210734_eab3_141955>
...
040 (11078646.094.000) 06/08 14:43:50 Finished transferring input files
...
001 (11078646.094.000) 06/08 14:43:51 Job executing on host: <188.185.207.207:9618?addrs=188.185.207.207-9618+[2001-1458-303-e--100-4c]-9618&alias=b9p08p5785.cern.ch&noUDP&sock=startd_7109_c2dc>
	SlotName: slot1_44@b9p08p5785.cern.ch
	CondorScratchDir = "/pool/condor/dir_724218"
	Cpus = 1
	Disk = 3600
	GPUs = 0
	Memory = 3000
...
006 (11078646.094.000) 06/08 14:44:05 Image size of job updated: 202796
	199  -  MemoryUsage of job (MB)
	202796  -  ResidentSetSize of job (KB)
...
006 (11078646.094.000) 06/08 14:49:06 Image size of job updated: 300880
	294  -  MemoryUsage of job (MB)
	300880  -  ResidentSetSize of job (KB)
...
006 (11078646.094.000) 06/08 14:54:06 Image size of job updated: 301396
	294  -  MemoryUsage of job (MB)
	300880  -  ResidentSetSize of job (KB)
...
040 (11078646.094.000) 06/08 15:01:42 Started transferring output files
...
040 (11078646.094.000) 06/08 15:01:42 Finished transferring output files
...
005 (11078646.094.000) 06/08 15:01:42 Job terminated.
	(1) Normal termination (return value 0)
		Usr 0 00:16:51, Sys 0 00:00:07  -  Run Remote Usage
		Usr 0 00:00:00, Sys 0 00:00:00  -  Run Local Usage
		Usr 0 00:16:51, Sys 0 00:00:07  -  Total Remote Usage
		Usr 0 00:00:00, Sys 0 00:00:00  -  Total Local Usage
	14136  -  Run Bytes Sent By Job
	17206  -  Run Bytes Received By Job
	14136  -  Total Bytes Sent By Job
	17206  -  Total Bytes Received By Job
	Partitionable Resources :    Usage  Request Allocated 
	   Cpus                 :     0.98        1         1 
	   Disk (KB)            :    58          20      3600 
	   GPUs                 :                           0 
	   Memory (MB)          :   294        3000      3000 
	   TimeExecute (s)      :  1071                       
	   TimeSlotBusy (s)     :  1073                       
...
