000 (11078646.061.000) 06/08 14:39:01 Job submitted from host: <188.185.6.50:9618?addrs=188.185.6.50-9618+[2001-1458-d00-62--100-2b1]-9618&alias=bigbird25.cern.ch&noUDP&sock=schedd_4036832_8faa>
...
040 (11078646.061.000) 06/08 14:43:40 Started transferring input files
	Transferring to host: <188.185.210.32:9618?addrs=188.185.210.32-9618+[2001-1458-303-1--100-1c]-9618&alias=b9p21p2110.cern.ch&noUDP&sock=slot1_1_4113_bb00_289951>
...
040 (11078646.061.000) 06/08 14:43:40 Finished transferring input files
...
001 (11078646.061.000) 06/08 14:43:41 Job executing on host: <188.185.210.32:9618?addrs=188.185.210.32-9618+[2001-1458-303-1--100-1c]-9618&alias=b9p21p2110.cern.ch&noUDP&sock=startd_3516_4314>
	SlotName: slot1_1@b9p21p2110.cern.ch
	CondorScratchDir = "/pool/condor/dir_2779681"
	Cpus = 1
	Disk = 3716
	GPUs = 0
	Memory = 3000
...
006 (11078646.061.000) 06/08 14:43:55 Image size of job updated: 203916
	200  -  MemoryUsage of job (MB)
	203916  -  ResidentSetSize of job (KB)
...
006 (11078646.061.000) 06/08 14:48:56 Image size of job updated: 300508
	294  -  MemoryUsage of job (MB)
	300508  -  ResidentSetSize of job (KB)
...
006 (11078646.061.000) 06/08 14:53:56 Image size of job updated: 302088
	296  -  MemoryUsage of job (MB)
	302088  -  ResidentSetSize of job (KB)
...
006 (11078646.061.000) 06/08 14:58:56 Image size of job updated: 302112
	296  -  MemoryUsage of job (MB)
	302088  -  ResidentSetSize of job (KB)
...
040 (11078646.061.000) 06/08 15:02:38 Started transferring output files
...
040 (11078646.061.000) 06/08 15:02:38 Finished transferring output files
...
005 (11078646.061.000) 06/08 15:02:38 Job terminated.
	(1) Normal termination (return value 0)
		Usr 0 00:18:21, Sys 0 00:00:05  -  Run Remote Usage
		Usr 0 00:00:00, Sys 0 00:00:00  -  Run Local Usage
		Usr 0 00:18:21, Sys 0 00:00:05  -  Total Remote Usage
		Usr 0 00:00:00, Sys 0 00:00:00  -  Total Local Usage
	14073  -  Run Bytes Sent By Job
	17206  -  Run Bytes Received By Job
	14073  -  Total Bytes Sent By Job
	17206  -  Total Bytes Received By Job
	Partitionable Resources :    Usage  Request Allocated 
	   Cpus                 :     0.98        1         1 
	   Disk (KB)            :    54          20      3716 
	   GPUs                 :                           0 
	   Memory (MB)          :   296        3000      3000 
	   TimeExecute (s)      :  1137                       
	   TimeSlotBusy (s)     :  1139                       
...
