000 (11078646.289.000) 06/08 14:39:00 Job submitted from host: <188.185.6.50:9618?addrs=188.185.6.50-9618+[2001-1458-d00-62--100-2b1]-9618&alias=bigbird25.cern.ch&noUDP&sock=schedd_4036832_8faa>
...
040 (11078646.289.000) 06/08 14:44:54 Started transferring input files
	Transferring to host: <188.185.211.174:9618?addrs=188.185.211.174-9618+[2001-1458-303-17--100-2a]-9618&alias=b9p24p8227.cern.ch&noUDP&sock=slot1_3_5662_241f_291637>
...
040 (11078646.289.000) 06/08 14:44:54 Finished transferring input files
...
001 (11078646.289.000) 06/08 14:44:55 Job executing on host: <188.185.211.174:9618?addrs=188.185.211.174-9618+[2001-1458-303-17--100-2a]-9618&alias=b9p24p8227.cern.ch&noUDP&sock=startd_4646_5919>
	SlotName: slot1_3@b9p24p8227.cern.ch
	CondorScratchDir = "/pool/condor/dir_642560"
	Cpus = 1
	Disk = 3740
	GPUs = 0
	Memory = 3000
...
006 (11078646.289.000) 06/08 14:45:09 Image size of job updated: 203856
	200  -  MemoryUsage of job (MB)
	203856  -  ResidentSetSize of job (KB)
...
006 (11078646.289.000) 06/08 14:50:10 Image size of job updated: 299000
	292  -  MemoryUsage of job (MB)
	299000  -  ResidentSetSize of job (KB)
...
006 (11078646.289.000) 06/08 14:55:11 Image size of job updated: 299376
	293  -  MemoryUsage of job (MB)
	299376  -  ResidentSetSize of job (KB)
...
006 (11078646.289.000) 06/08 15:00:11 Image size of job updated: 301028
	294  -  MemoryUsage of job (MB)
	301028  -  ResidentSetSize of job (KB)
...
006 (11078646.289.000) 06/08 15:05:13 Image size of job updated: 301040
	294  -  MemoryUsage of job (MB)
	301028  -  ResidentSetSize of job (KB)
...
006 (11078646.289.000) 06/08 15:25:13 Image size of job updated: 302356
	296  -  MemoryUsage of job (MB)
	302356  -  ResidentSetSize of job (KB)
...
006 (11078646.289.000) 06/08 15:30:13 Image size of job updated: 302360
	296  -  MemoryUsage of job (MB)
	302356  -  ResidentSetSize of job (KB)
...
040 (11078646.289.000) 06/08 15:49:41 Started transferring output files
...
040 (11078646.289.000) 06/08 15:49:41 Finished transferring output files
...
005 (11078646.289.000) 06/08 15:49:41 Job terminated.
	(1) Normal termination (return value 0)
		Usr 0 01:02:50, Sys 0 00:00:23  -  Run Remote Usage
		Usr 0 00:00:00, Sys 0 00:00:00  -  Run Local Usage
		Usr 0 01:02:50, Sys 0 00:00:23  -  Total Remote Usage
		Usr 0 00:00:00, Sys 0 00:00:00  -  Total Local Usage
	19497  -  Run Bytes Sent By Job
	17206  -  Run Bytes Received By Job
	19497  -  Total Bytes Sent By Job
	17206  -  Total Bytes Received By Job
	Partitionable Resources :    Usage  Request Allocated 
	   Cpus                 :     0.98        1         1 
	   Disk (KB)            :    59          20      3740 
	   GPUs                 :                           0 
	   Memory (MB)          :   296        3000      3000 
	   TimeExecute (s)      :  3886                       
	   TimeSlotBusy (s)     :  3888                       
...
