000 (11078646.141.000) 06/08 14:39:00 Job submitted from host: <188.185.6.50:9618?addrs=188.185.6.50-9618+[2001-1458-d00-62--100-2b1]-9618&alias=bigbird25.cern.ch&noUDP&sock=schedd_4036832_8faa>
...
040 (11078646.141.000) 06/08 14:44:06 Started transferring input files
	Transferring to host: <188.185.211.229:9618?addrs=188.185.211.229-9618+[2001-1458-303-17--100-61]-9618&alias=b9p24p1603.cern.ch&noUDP&sock=slot1_42_6283_b119_288376>
...
040 (11078646.141.000) 06/08 14:44:06 Finished transferring input files
...
001 (11078646.141.000) 06/08 14:44:07 Job executing on host: <188.185.211.229:9618?addrs=188.185.211.229-9618+[2001-1458-303-17--100-61]-9618&alias=b9p24p1603.cern.ch&noUDP&sock=startd_5530_b2d1>
	SlotName: slot1_42@b9p24p1603.cern.ch
	CondorScratchDir = "/pool/condor/dir_3345777"
	Cpus = 1
	Disk = 3796
	GPUs = 0
	Memory = 3000
...
006 (11078646.141.000) 06/08 14:44:21 Image size of job updated: 202844
	199  -  MemoryUsage of job (MB)
	202844  -  ResidentSetSize of job (KB)
...
006 (11078646.141.000) 06/08 14:49:22 Image size of job updated: 297896
	291  -  MemoryUsage of job (MB)
	297896  -  ResidentSetSize of job (KB)
...
006 (11078646.141.000) 06/08 14:54:23 Image size of job updated: 298376
	292  -  MemoryUsage of job (MB)
	298376  -  ResidentSetSize of job (KB)
...
006 (11078646.141.000) 06/08 14:59:23 Image size of job updated: 298416
	292  -  MemoryUsage of job (MB)
	298416  -  ResidentSetSize of job (KB)
...
006 (11078646.141.000) 06/08 15:00:35 Image size of job updated: 299528
	292  -  MemoryUsage of job (MB)
	298416  -  ResidentSetSize of job (KB)
...
040 (11078646.141.000) 06/08 15:00:35 Started transferring output files
...
040 (11078646.141.000) 06/08 15:00:35 Finished transferring output files
...
005 (11078646.141.000) 06/08 15:00:35 Job terminated.
	(1) Normal termination (return value 0)
		Usr 0 00:15:42, Sys 0 00:00:10  -  Run Remote Usage
		Usr 0 00:00:00, Sys 0 00:00:00  -  Run Local Usage
		Usr 0 00:15:42, Sys 0 00:00:10  -  Total Remote Usage
		Usr 0 00:00:00, Sys 0 00:00:00  -  Total Local Usage
	13625  -  Run Bytes Sent By Job
	17206  -  Run Bytes Received By Job
	13625  -  Total Bytes Sent By Job
	17206  -  Total Bytes Received By Job
	Partitionable Resources :    Usage  Request Allocated 
	   Cpus                 :     0.97        1         1 
	   Disk (KB)            :    53          20      3796 
	   GPUs                 :                           0 
	   Memory (MB)          :   292        3000      3000 
	   TimeExecute (s)      :   988                       
	   TimeSlotBusy (s)     :   990                       
...
