000 (11078646.107.000) 06/08 14:39:00 Job submitted from host: <188.185.6.50:9618?addrs=188.185.6.50-9618+[2001-1458-d00-62--100-2b1]-9618&alias=bigbird25.cern.ch&noUDP&sock=schedd_4036832_8faa>
...
040 (11078646.107.000) 06/08 14:43:56 Started transferring input files
	Transferring to host: <188.185.206.137:9618?addrs=188.185.206.137-9618+[2001-1458-303-c--100-6]-9618&alias=b9p06p0312.cern.ch&noUDP&sock=slot1_29_2188621_3c81_126068>
...
040 (11078646.107.000) 06/08 14:43:56 Finished transferring input files
...
001 (11078646.107.000) 06/08 14:43:57 Job executing on host: <188.185.206.137:9618?addrs=188.185.206.137-9618+[2001-1458-303-c--100-6]-9618&alias=b9p06p0312.cern.ch&noUDP&sock=startd_4719_6b82>
	SlotName: slot1_29@b9p06p0312.cern.ch
	CondorScratchDir = "/pool/condor/dir_3089467"
	Cpus = 1
	Disk = 3656
	GPUs = 0
	Memory = 3000
...
006 (11078646.107.000) 06/08 14:44:11 Image size of job updated: 206520
	202  -  MemoryUsage of job (MB)
	206520  -  ResidentSetSize of job (KB)
...
006 (11078646.107.000) 06/08 14:49:12 Image size of job updated: 297576
	291  -  MemoryUsage of job (MB)
	297576  -  ResidentSetSize of job (KB)
...
006 (11078646.107.000) 06/08 14:54:12 Image size of job updated: 299828
	293  -  MemoryUsage of job (MB)
	299828  -  ResidentSetSize of job (KB)
...
006 (11078646.107.000) 06/08 14:57:00 Image size of job updated: 302196
	293  -  MemoryUsage of job (MB)
	299828  -  ResidentSetSize of job (KB)
...
040 (11078646.107.000) 06/08 14:57:00 Started transferring output files
...
040 (11078646.107.000) 06/08 14:57:00 Finished transferring output files
...
005 (11078646.107.000) 06/08 14:57:00 Job terminated.
	(1) Normal termination (return value 0)
		Usr 0 00:12:31, Sys 0 00:00:06  -  Run Remote Usage
		Usr 0 00:00:00, Sys 0 00:00:00  -  Run Local Usage
		Usr 0 00:12:31, Sys 0 00:00:06  -  Total Remote Usage
		Usr 0 00:00:00, Sys 0 00:00:00  -  Total Local Usage
	13769  -  Run Bytes Sent By Job
	17206  -  Run Bytes Received By Job
	13769  -  Total Bytes Sent By Job
	17206  -  Total Bytes Received By Job
	Partitionable Resources :    Usage  Request Allocated 
	   Cpus                 :     0.99        1         1 
	   Disk (KB)            :    58          20      3656 
	   GPUs                 :                           0 
	   Memory (MB)          :   293        3000      3000 
	   TimeExecute (s)      :   783                       
	   TimeSlotBusy (s)     :   785                       
...
