000 (11078646.030.000) 06/08 14:39:00 Job submitted from host: <188.185.6.50:9618?addrs=188.185.6.50-9618+[2001-1458-d00-62--100-2b1]-9618&alias=bigbird25.cern.ch&noUDP&sock=schedd_4036832_8faa>
...
040 (11078646.030.000) 06/08 14:43:30 Started transferring input files
	Transferring to host: <188.185.193.72:9618?addrs=188.185.193.72-9618+[2001-1458-303-20--100-44]-9618&alias=b9p19p1459.cern.ch&noUDP&sock=slot1_18_3949_2d7a_5603>
...
040 (11078646.030.000) 06/08 14:43:30 Finished transferring input files
...
001 (11078646.030.000) 06/08 14:43:31 Job executing on host: <188.185.193.72:9618?addrs=188.185.193.72-9618+[2001-1458-303-20--100-44]-9618&alias=b9p19p1459.cern.ch&noUDP&sock=startd_3902_06a2>
	SlotName: slot1_18@b9p19p1459.cern.ch
	CondorScratchDir = "/pool/condor/dir_3685539"
	Cpus = 1
	Disk = 3818
	GPUs = 0
	Memory = 3000
...
006 (11078646.030.000) 06/08 14:43:40 Image size of job updated: 201200
	197  -  MemoryUsage of job (MB)
	201200  -  ResidentSetSize of job (KB)
...
006 (11078646.030.000) 06/08 14:48:41 Image size of job updated: 292676
	286  -  MemoryUsage of job (MB)
	292676  -  ResidentSetSize of job (KB)
...
006 (11078646.030.000) 06/08 14:53:41 Image size of job updated: 297164
	291  -  MemoryUsage of job (MB)
	297164  -  ResidentSetSize of job (KB)
...
006 (11078646.030.000) 06/08 14:58:42 Image size of job updated: 299300
	293  -  MemoryUsage of job (MB)
	299300  -  ResidentSetSize of job (KB)
...
006 (11078646.030.000) 06/08 15:03:42 Image size of job updated: 299424
	293  -  MemoryUsage of job (MB)
	299300  -  ResidentSetSize of job (KB)
...
006 (11078646.030.000) 06/08 15:06:50 Image size of job updated: 299456
	293  -  MemoryUsage of job (MB)
	299300  -  ResidentSetSize of job (KB)
...
040 (11078646.030.000) 06/08 15:06:50 Started transferring output files
...
040 (11078646.030.000) 06/08 15:06:50 Finished transferring output files
...
005 (11078646.030.000) 06/08 15:06:50 Job terminated.
	(1) Normal termination (return value 0)
		Usr 0 00:22:37, Sys 0 00:00:07  -  Run Remote Usage
		Usr 0 00:00:00, Sys 0 00:00:00  -  Run Local Usage
		Usr 0 00:22:37, Sys 0 00:00:07  -  Total Remote Usage
		Usr 0 00:00:00, Sys 0 00:00:00  -  Total Local Usage
	13665  -  Run Bytes Sent By Job
	17206  -  Run Bytes Received By Job
	13665  -  Total Bytes Sent By Job
	17206  -  Total Bytes Received By Job
	Partitionable Resources :    Usage  Request Allocated 
	   Cpus                 :     0.98        1         1 
	   Disk (KB)            :    54          20      3818 
	   GPUs                 :                           0 
	   Memory (MB)          :   293        3000      3000 
	   TimeExecute (s)      :  1399                       
	   TimeSlotBusy (s)     :  1401                       
...
