000 (11078646.136.000) 06/08 14:39:00 Job submitted from host: <188.185.6.50:9618?addrs=188.185.6.50-9618+[2001-1458-d00-62--100-2b1]-9618&alias=bigbird25.cern.ch&noUDP&sock=schedd_4036832_8faa>
...
040 (11078646.136.000) 06/08 14:44:04 Started transferring input files
	Transferring to host: <188.185.211.85:9618?addrs=188.185.211.85-9618+[2001-1458-303-16--100-51]-9618&alias=b9p23p5915.cern.ch&noUDP&sock=slot1_61_3673521_9de0_213176>
...
040 (11078646.136.000) 06/08 14:44:04 Finished transferring input files
...
001 (11078646.136.000) 06/08 14:44:05 Job executing on host: <188.185.211.85:9618?addrs=188.185.211.85-9618+[2001-1458-303-16--100-51]-9618&alias=b9p23p5915.cern.ch&noUDP&sock=startd_3673483_5e88>
	SlotName: slot1_61@b9p23p5915.cern.ch
	CondorScratchDir = "/pool/condor/dir_993201"
	Cpus = 1
	Disk = 3676
	GPUs = 0
	Memory = 3000
...
006 (11078646.136.000) 06/08 14:44:19 Image size of job updated: 203616
	199  -  MemoryUsage of job (MB)
	203616  -  ResidentSetSize of job (KB)
...
006 (11078646.136.000) 06/08 14:49:20 Image size of job updated: 299664
	293  -  MemoryUsage of job (MB)
	299664  -  ResidentSetSize of job (KB)
...
006 (11078646.136.000) 06/08 14:54:20 Image size of job updated: 300900
	294  -  MemoryUsage of job (MB)
	300900  -  ResidentSetSize of job (KB)
...
006 (11078646.136.000) 06/08 14:59:20 Image size of job updated: 303128
	297  -  MemoryUsage of job (MB)
	303128  -  ResidentSetSize of job (KB)
...
040 (11078646.136.000) 06/08 15:03:31 Started transferring output files
...
040 (11078646.136.000) 06/08 15:03:31 Finished transferring output files
...
005 (11078646.136.000) 06/08 15:03:31 Job terminated.
	(1) Normal termination (return value 0)
		Usr 0 00:18:42, Sys 0 00:00:06  -  Run Remote Usage
		Usr 0 00:00:00, Sys 0 00:00:00  -  Run Local Usage
		Usr 0 00:18:42, Sys 0 00:00:06  -  Total Remote Usage
		Usr 0 00:00:00, Sys 0 00:00:00  -  Total Local Usage
	13880  -  Run Bytes Sent By Job
	17206  -  Run Bytes Received By Job
	13880  -  Total Bytes Sent By Job
	17206  -  Total Bytes Received By Job
	Partitionable Resources :    Usage  Request Allocated 
	   Cpus                 :     0.98        1         1 
	   Disk (KB)            :    54          20      3676 
	   GPUs                 :                           0 
	   Memory (MB)          :   297        3000      3000 
	   TimeExecute (s)      :  1166                       
	   TimeSlotBusy (s)     :  1168                       
...
