000 (11078646.310.000) 06/08 14:39:00 Job submitted from host: <188.185.6.50:9618?addrs=188.185.6.50-9618+[2001-1458-d00-62--100-2b1]-9618&alias=bigbird25.cern.ch&noUDP&sock=schedd_4036832_8faa>
...
040 (11078646.310.000) 06/08 14:45:00 Started transferring input files
	Transferring to host: <188.185.214.100:9618?addrs=188.185.214.100-9618+[2001-1458-303-1c--100-60]-9618&alias=b9p29p3255.cern.ch&noUDP&sock=slot1_29_1569481_18a8_248761>
...
040 (11078646.310.000) 06/08 14:45:00 Finished transferring input files
...
001 (11078646.310.000) 06/08 14:45:01 Job executing on host: <188.185.214.100:9618?addrs=188.185.214.100-9618+[2001-1458-303-1c--100-60]-9618&alias=b9p29p3255.cern.ch&noUDP&sock=startd_1568930_0f7b>
	SlotName: slot1_29@b9p29p3255.cern.ch
	CondorScratchDir = "/pool/condor/dir_66989"
	Cpus = 1
	Disk = 3802
	GPUs = 0
	Memory = 3000
...
006 (11078646.310.000) 06/08 14:45:15 Image size of job updated: 203336
	199  -  MemoryUsage of job (MB)
	203336  -  ResidentSetSize of job (KB)
...
006 (11078646.310.000) 06/08 14:50:16 Image size of job updated: 299528
	293  -  MemoryUsage of job (MB)
	299528  -  ResidentSetSize of job (KB)
...
006 (11078646.310.000) 06/08 14:55:16 Image size of job updated: 300480
	293  -  MemoryUsage of job (MB)
	299528  -  ResidentSetSize of job (KB)
...
006 (11078646.310.000) 06/08 15:00:16 Image size of job updated: 300604
	294  -  MemoryUsage of job (MB)
	300224  -  ResidentSetSize of job (KB)
...
006 (11078646.310.000) 06/08 15:03:45 Image size of job updated: 301056
	294  -  MemoryUsage of job (MB)
	300224  -  ResidentSetSize of job (KB)
...
040 (11078646.310.000) 06/08 15:03:45 Started transferring output files
...
040 (11078646.310.000) 06/08 15:03:45 Finished transferring output files
...
005 (11078646.310.000) 06/08 15:03:45 Job terminated.
	(1) Normal termination (return value 0)
		Usr 0 00:17:59, Sys 0 00:00:08  -  Run Remote Usage
		Usr 0 00:00:00, Sys 0 00:00:00  -  Run Local Usage
		Usr 0 00:17:59, Sys 0 00:00:08  -  Total Remote Usage
		Usr 0 00:00:00, Sys 0 00:00:00  -  Total Local Usage
	14343  -  Run Bytes Sent By Job
	17206  -  Run Bytes Received By Job
	14343  -  Total Bytes Sent By Job
	17206  -  Total Bytes Received By Job
	Partitionable Resources :    Usage  Request Allocated 
	   Cpus                 :     0.98        1         1 
	   Disk (KB)            :    54          20      3802 
	   GPUs                 :                           0 
	   Memory (MB)          :   294        3000      3000 
	   TimeExecute (s)      :  1124                       
	   TimeSlotBusy (s)     :  1126                       
...
