000 (11078646.033.000) 06/08 14:39:00 Job submitted from host: <188.185.6.50:9618?addrs=188.185.6.50-9618+[2001-1458-d00-62--100-2b1]-9618&alias=bigbird25.cern.ch&noUDP&sock=schedd_4036832_8faa>
...
040 (11078646.033.000) 06/08 14:43:31 Started transferring input files
	Transferring to host: <128.142.52.10:9618?addrs=128.142.52.10-9618+[2001-1458-301-1b--100-7]-9618&alias=b9g02p4813.cern.ch&noUDP&sock=slot1_27_8938_6125_270959>
...
040 (11078646.033.000) 06/08 14:43:31 Finished transferring input files
...
001 (11078646.033.000) 06/08 14:43:32 Job executing on host: <128.142.52.10:9618?addrs=128.142.52.10-9618+[2001-1458-301-1b--100-7]-9618&alias=b9g02p4813.cern.ch&noUDP&sock=startd_7555_ae19>
	SlotName: slot1_27@b9g02p4813.cern.ch
	CondorScratchDir = "/pool/condor/dir_1576680"
	Cpus = 1
	Disk = 3810
	GPUs = 0
	Memory = 3000
...
006 (11078646.033.000) 06/08 14:43:45 Image size of job updated: 203596
	199  -  MemoryUsage of job (MB)
	203596  -  ResidentSetSize of job (KB)
...
006 (11078646.033.000) 06/08 14:48:45 Image size of job updated: 296208
	290  -  MemoryUsage of job (MB)
	296208  -  ResidentSetSize of job (KB)
...
006 (11078646.033.000) 06/08 14:53:46 Image size of job updated: 303140
	297  -  MemoryUsage of job (MB)
	303140  -  ResidentSetSize of job (KB)
...
006 (11078646.033.000) 06/08 14:58:46 Image size of job updated: 303184
	297  -  MemoryUsage of job (MB)
	303140  -  ResidentSetSize of job (KB)
...
040 (11078646.033.000) 06/08 15:11:43 Started transferring output files
...
040 (11078646.033.000) 06/08 15:11:43 Finished transferring output files
...
005 (11078646.033.000) 06/08 15:11:43 Job terminated.
	(1) Normal termination (return value 0)
		Usr 0 00:27:29, Sys 0 00:00:07  -  Run Remote Usage
		Usr 0 00:00:00, Sys 0 00:00:00  -  Run Local Usage
		Usr 0 00:27:29, Sys 0 00:00:07  -  Total Remote Usage
		Usr 0 00:00:00, Sys 0 00:00:00  -  Total Local Usage
	14369  -  Run Bytes Sent By Job
	17206  -  Run Bytes Received By Job
	14369  -  Total Bytes Sent By Job
	17206  -  Total Bytes Received By Job
	Partitionable Resources :    Usage  Request Allocated 
	   Cpus                 :     0.99        1         1 
	   Disk (KB)            :    54          20      3810 
	   GPUs                 :                           0 
	   Memory (MB)          :   297        3000      3000 
	   TimeExecute (s)      :  1691                       
	   TimeSlotBusy (s)     :  1693                       
...
