000 (11078646.271.000) 06/08 14:39:00 Job submitted from host: <188.185.6.50:9618?addrs=188.185.6.50-9618+[2001-1458-d00-62--100-2b1]-9618&alias=bigbird25.cern.ch&noUDP&sock=schedd_4036832_8faa>
...
040 (11078646.271.000) 06/08 14:44:48 Started transferring input files
	Transferring to host: <188.185.205.201:9618?addrs=188.185.205.201-9618+[2001-1458-303-a--100-46]-9618&alias=b9p04p9523.cern.ch&noUDP&sock=slot1_1_4034_115d_250454>
...
040 (11078646.271.000) 06/08 14:44:48 Finished transferring input files
...
001 (11078646.271.000) 06/08 14:44:49 Job executing on host: <188.185.205.201:9618?addrs=188.185.205.201-9618+[2001-1458-303-a--100-46]-9618&alias=b9p04p9523.cern.ch&noUDP&sock=startd_3571_fcc9>
	SlotName: slot1_1@b9p04p9523.cern.ch
	CondorScratchDir = "/pool/condor/dir_301679"
	Cpus = 1
	Disk = 3647
	GPUs = 0
	Memory = 3000
...
006 (11078646.271.000) 06/08 14:45:02 Image size of job updated: 206384
	202  -  MemoryUsage of job (MB)
	206384  -  ResidentSetSize of job (KB)
...
006 (11078646.271.000) 06/08 14:50:02 Image size of job updated: 297968
	291  -  MemoryUsage of job (MB)
	297968  -  ResidentSetSize of job (KB)
...
006 (11078646.271.000) 06/08 14:55:03 Image size of job updated: 300516
	294  -  MemoryUsage of job (MB)
	300516  -  ResidentSetSize of job (KB)
...
006 (11078646.271.000) 06/08 14:57:05 Image size of job updated: 302916
	294  -  MemoryUsage of job (MB)
	300516  -  ResidentSetSize of job (KB)
...
040 (11078646.271.000) 06/08 14:57:05 Started transferring output files
...
040 (11078646.271.000) 06/08 14:57:06 Finished transferring output files
...
005 (11078646.271.000) 06/08 14:57:06 Job terminated.
	(1) Normal termination (return value 0)
		Usr 0 00:11:43, Sys 0 00:00:05  -  Run Remote Usage
		Usr 0 00:00:00, Sys 0 00:00:00  -  Run Local Usage
		Usr 0 00:11:43, Sys 0 00:00:05  -  Total Remote Usage
		Usr 0 00:00:00, Sys 0 00:00:00  -  Total Local Usage
	13768  -  Run Bytes Sent By Job
	17206  -  Run Bytes Received By Job
	13768  -  Total Bytes Sent By Job
	17206  -  Total Bytes Received By Job
	Partitionable Resources :    Usage  Request Allocated 
	   Cpus                 :     0.98        1         1 
	   Disk (KB)            :    57          20      3647 
	   GPUs                 :                           0 
	   Memory (MB)          :   294        3000      3000 
	   TimeExecute (s)      :   736                       
	   TimeSlotBusy (s)     :   739                       
...
