000 (11078646.229.000) 06/08 14:39:00 Job submitted from host: <188.185.6.50:9618?addrs=188.185.6.50-9618+[2001-1458-d00-62--100-2b1]-9618&alias=bigbird25.cern.ch&noUDP&sock=schedd_4036832_8faa>
...
040 (11078646.229.000) 06/08 14:44:33 Started transferring input files
	Transferring to host: <188.185.214.87:9618?addrs=188.185.214.87-9618+[2001-1458-303-1c--100-53]-9618&alias=b9p29p4639.cern.ch&noUDP&sock=slot1_34_5743_3683_343986>
...
040 (11078646.229.000) 06/08 14:44:33 Finished transferring input files
...
001 (11078646.229.000) 06/08 14:44:34 Job executing on host: <188.185.214.87:9618?addrs=188.185.214.87-9618+[2001-1458-303-1c--100-53]-9618&alias=b9p29p4639.cern.ch&noUDP&sock=startd_4816_f432>
	SlotName: slot1_34@b9p29p4639.cern.ch
	CondorScratchDir = "/pool/condor/dir_2813572"
	Cpus = 1
	Disk = 3706
	GPUs = 0
	Memory = 3000
...
006 (11078646.229.000) 06/08 14:44:48 Image size of job updated: 205248
	201  -  MemoryUsage of job (MB)
	205248  -  ResidentSetSize of job (KB)
...
006 (11078646.229.000) 06/08 14:49:49 Image size of job updated: 296752
	290  -  MemoryUsage of job (MB)
	296752  -  ResidentSetSize of job (KB)
...
006 (11078646.229.000) 06/08 14:54:49 Image size of job updated: 297704
	291  -  MemoryUsage of job (MB)
	297704  -  ResidentSetSize of job (KB)
...
006 (11078646.229.000) 06/08 14:59:50 Image size of job updated: 299796
	293  -  MemoryUsage of job (MB)
	299796  -  ResidentSetSize of job (KB)
...
006 (11078646.229.000) 06/08 15:04:51 Image size of job updated: 299824
	293  -  MemoryUsage of job (MB)
	299796  -  ResidentSetSize of job (KB)
...
006 (11078646.229.000) 06/08 15:09:51 Image size of job updated: 301092
	295  -  MemoryUsage of job (MB)
	301092  -  ResidentSetSize of job (KB)
...
006 (11078646.229.000) 06/08 15:14:52 Image size of job updated: 301112
	295  -  MemoryUsage of job (MB)
	301092  -  ResidentSetSize of job (KB)
...
040 (11078646.229.000) 06/08 15:50:21 Started transferring output files
...
040 (11078646.229.000) 06/08 15:50:21 Finished transferring output files
...
005 (11078646.229.000) 06/08 15:50:21 Job terminated.
	(1) Normal termination (return value 0)
		Usr 0 01:02:47, Sys 0 00:00:24  -  Run Remote Usage
		Usr 0 00:00:00, Sys 0 00:00:00  -  Run Local Usage
		Usr 0 01:02:47, Sys 0 00:00:24  -  Total Remote Usage
		Usr 0 00:00:00, Sys 0 00:00:00  -  Total Local Usage
	19754  -  Run Bytes Sent By Job
	17206  -  Run Bytes Received By Job
	19754  -  Total Bytes Sent By Job
	17206  -  Total Bytes Received By Job
	Partitionable Resources :    Usage  Request Allocated 
	   Cpus                 :     0.98        1         1 
	   Disk (KB)            :    59          20      3706 
	   GPUs                 :                           0 
	   Memory (MB)          :   295        3000      3000 
	   TimeExecute (s)      :  3947                       
	   TimeSlotBusy (s)     :  3948                       
...
