000 (11078646.069.000) 06/08 14:39:01 Job submitted from host: <188.185.6.50:9618?addrs=188.185.6.50-9618+[2001-1458-d00-62--100-2b1]-9618&alias=bigbird25.cern.ch&noUDP&sock=schedd_4036832_8faa>
...
040 (11078646.069.000) 06/08 14:43:43 Started transferring input files
	Transferring to host: <188.185.211.62:9618?addrs=188.185.211.62-9618+[2001-1458-303-16--100-3a]-9618&alias=b9p23p1404.cern.ch&noUDP&sock=slot1_15_2945302_7413_207836>
...
040 (11078646.069.000) 06/08 14:43:43 Finished transferring input files
...
001 (11078646.069.000) 06/08 14:43:44 Job executing on host: <188.185.211.62:9618?addrs=188.185.211.62-9618+[2001-1458-303-16--100-3a]-9618&alias=b9p23p1404.cern.ch&noUDP&sock=startd_4153_30e8>
	SlotName: slot1_15@b9p23p1404.cern.ch
	CondorScratchDir = "/pool/condor/dir_600988"
	Cpus = 1
	Disk = 3766
	GPUs = 0
	Memory = 3000
...
006 (11078646.069.000) 06/08 14:43:58 Image size of job updated: 203944
	200  -  MemoryUsage of job (MB)
	203944  -  ResidentSetSize of job (KB)
...
006 (11078646.069.000) 06/08 14:48:58 Image size of job updated: 299880
	293  -  MemoryUsage of job (MB)
	299880  -  ResidentSetSize of job (KB)
...
006 (11078646.069.000) 06/08 14:53:58 Image size of job updated: 300988
	294  -  MemoryUsage of job (MB)
	300988  -  ResidentSetSize of job (KB)
...
006 (11078646.069.000) 06/08 14:58:59 Image size of job updated: 301856
	295  -  MemoryUsage of job (MB)
	301856  -  ResidentSetSize of job (KB)
...
006 (11078646.069.000) 06/08 15:03:59 Image size of job updated: 301880
	295  -  MemoryUsage of job (MB)
	301856  -  ResidentSetSize of job (KB)
...
006 (11078646.069.000) 06/08 15:14:00 Image size of job updated: 302452
	296  -  MemoryUsage of job (MB)
	302452  -  ResidentSetSize of job (KB)
...
040 (11078646.069.000) 06/08 15:35:47 Started transferring output files
...
040 (11078646.069.000) 06/08 15:35:47 Finished transferring output files
...
005 (11078646.069.000) 06/08 15:35:47 Job terminated.
	(1) Normal termination (return value 0)
		Usr 0 00:50:05, Sys 0 00:00:18  -  Run Remote Usage
		Usr 0 00:00:00, Sys 0 00:00:00  -  Run Local Usage
		Usr 0 00:50:05, Sys 0 00:00:18  -  Total Remote Usage
		Usr 0 00:00:00, Sys 0 00:00:00  -  Total Local Usage
	17576  -  Run Bytes Sent By Job
	17206  -  Run Bytes Received By Job
	17576  -  Total Bytes Sent By Job
	17206  -  Total Bytes Received By Job
	Partitionable Resources :    Usage  Request Allocated 
	   Cpus                 :     0.96        1         1 
	   Disk (KB)            :    57          20      3766 
	   GPUs                 :                           0 
	   Memory (MB)          :   296        3000      3000 
	   TimeExecute (s)      :  3123                       
	   TimeSlotBusy (s)     :  3125                       
...
