000 (11078646.230.000) 06/08 14:39:00 Job submitted from host: <188.185.6.50:9618?addrs=188.185.6.50-9618+[2001-1458-d00-62--100-2b1]-9618&alias=bigbird25.cern.ch&noUDP&sock=schedd_4036832_8faa>
...
040 (11078646.230.000) 06/08 14:44:35 Started transferring input files
	Transferring to host: <188.185.210.206:9618?addrs=188.185.210.206-9618+[2001-1458-303-15--100-4a]-9618&alias=b9p22p3505.cern.ch&noUDP&sock=slot1_13_7251_bc40_371622>
...
040 (11078646.230.000) 06/08 14:44:35 Finished transferring input files
...
001 (11078646.230.000) 06/08 14:44:36 Job executing on host: <188.185.210.206:9618?addrs=188.185.210.206-9618+[2001-1458-303-15--100-4a]-9618&alias=b9p22p3505.cern.ch&noUDP&sock=startd_6429_5675>
	SlotName: slot1_13@b9p22p3505.cern.ch
	CondorScratchDir = "/pool/condor/dir_2372757"
	Cpus = 1
	Disk = 3691
	GPUs = 0
	Memory = 3000
...
006 (11078646.230.000) 06/08 14:44:49 Image size of job updated: 121224
	119  -  MemoryUsage of job (MB)
	121224  -  ResidentSetSize of job (KB)
...
006 (11078646.230.000) 06/08 14:49:49 Image size of job updated: 296492
	290  -  MemoryUsage of job (MB)
	296492  -  ResidentSetSize of job (KB)
...
006 (11078646.230.000) 06/08 14:54:50 Image size of job updated: 297720
	291  -  MemoryUsage of job (MB)
	297720  -  ResidentSetSize of job (KB)
...
006 (11078646.230.000) 06/08 14:59:50 Image size of job updated: 298964
	292  -  MemoryUsage of job (MB)
	298964  -  ResidentSetSize of job (KB)
...
006 (11078646.230.000) 06/08 15:02:43 Image size of job updated: 301192
	292  -  MemoryUsage of job (MB)
	298964  -  ResidentSetSize of job (KB)
...
040 (11078646.230.000) 06/08 15:02:43 Started transferring output files
...
040 (11078646.230.000) 06/08 15:02:43 Finished transferring output files
...
005 (11078646.230.000) 06/08 15:02:43 Job terminated.
	(1) Normal termination (return value 0)
		Usr 0 00:17:06, Sys 0 00:00:06  -  Run Remote Usage
		Usr 0 00:00:00, Sys 0 00:00:00  -  Run Local Usage
		Usr 0 00:17:06, Sys 0 00:00:06  -  Total Remote Usage
		Usr 0 00:00:00, Sys 0 00:00:00  -  Total Local Usage
	13945  -  Run Bytes Sent By Job
	17206  -  Run Bytes Received By Job
	13945  -  Total Bytes Sent By Job
	17206  -  Total Bytes Received By Job
	Partitionable Resources :    Usage  Request Allocated 
	   Cpus                 :     0.97        1         1 
	   Disk (KB)            :    54          20      3691 
	   GPUs                 :                           0 
	   Memory (MB)          :   292        3000      3000 
	   TimeExecute (s)      :  1087                       
	   TimeSlotBusy (s)     :  1089                       
...
