000 (11078646.333.000) 06/08 14:39:00 Job submitted from host: <188.185.6.50:9618?addrs=188.185.6.50-9618+[2001-1458-d00-62--100-2b1]-9618&alias=bigbird25.cern.ch&noUDP&sock=schedd_4036832_8faa>
...
040 (11078646.333.000) 06/08 14:45:08 Started transferring input files
	Transferring to host: <188.185.204.139:9618?addrs=188.185.204.139-9618+[2001-1458-303-8--100-7f]-9618&alias=b9p02p2256.cern.ch&noUDP&sock=slot1_25_2431651_db5b_241329>
...
040 (11078646.333.000) 06/08 14:45:08 Finished transferring input files
...
001 (11078646.333.000) 06/08 14:45:09 Job executing on host: <188.185.204.139:9618?addrs=188.185.204.139-9618+[2001-1458-303-8--100-7f]-9618&alias=b9p02p2256.cern.ch&noUDP&sock=startd_3618_39bd>
	SlotName: slot1_25@b9p02p2256.cern.ch
	CondorScratchDir = "/pool/condor/dir_1427931"
	Cpus = 1
	Disk = 3753
	GPUs = 0
	Memory = 3000
...
006 (11078646.333.000) 06/08 14:45:23 Image size of job updated: 204024
	200  -  MemoryUsage of job (MB)
	204024  -  ResidentSetSize of job (KB)
...
006 (11078646.333.000) 06/08 14:50:24 Image size of job updated: 298496
	292  -  MemoryUsage of job (MB)
	298496  -  ResidentSetSize of job (KB)
...
006 (11078646.333.000) 06/08 14:55:24 Image size of job updated: 299020
	292  -  MemoryUsage of job (MB)
	298496  -  ResidentSetSize of job (KB)
...
040 (11078646.333.000) 06/08 15:03:46 Started transferring output files
...
040 (11078646.333.000) 06/08 15:03:46 Finished transferring output files
...
005 (11078646.333.000) 06/08 15:03:46 Job terminated.
	(1) Normal termination (return value 0)
		Usr 0 00:17:51, Sys 0 00:00:07  -  Run Remote Usage
		Usr 0 00:00:00, Sys 0 00:00:00  -  Run Local Usage
		Usr 0 00:17:51, Sys 0 00:00:07  -  Total Remote Usage
		Usr 0 00:00:00, Sys 0 00:00:00  -  Total Local Usage
	14185  -  Run Bytes Sent By Job
	17206  -  Run Bytes Received By Job
	14185  -  Total Bytes Sent By Job
	17206  -  Total Bytes Received By Job
	Partitionable Resources :    Usage  Request Allocated 
	   Cpus                 :     0.96        1         1 
	   Disk (KB)            :    57          20      3753 
	   GPUs                 :                           0 
	   Memory (MB)          :   292        3000      3000 
	   TimeExecute (s)      :  1117                       
	   TimeSlotBusy (s)     :  1119                       
...
