000 (11078646.109.000) 06/08 14:39:00 Job submitted from host: <188.185.6.50:9618?addrs=188.185.6.50-9618+[2001-1458-d00-62--100-2b1]-9618&alias=bigbird25.cern.ch&noUDP&sock=schedd_4036832_8faa>
...
040 (11078646.109.000) 06/08 14:43:55 Started transferring input files
	Transferring to host: <188.185.211.99:9618?addrs=188.185.211.99-9618+[2001-1458-303-16--100-5f]-9618&alias=b9p23p6264.cern.ch&noUDP&sock=slot1_47_10050_e252_288260>
...
040 (11078646.109.000) 06/08 14:43:55 Finished transferring input files
...
001 (11078646.109.000) 06/08 14:43:56 Job executing on host: <188.185.211.99:9618?addrs=188.185.211.99-9618+[2001-1458-303-16--100-5f]-9618&alias=b9p23p6264.cern.ch&noUDP&sock=startd_9322_b1f2>
	SlotName: slot1_47@b9p23p6264.cern.ch
	CondorScratchDir = "/pool/condor/dir_2872702"
	Cpus = 1
	Disk = 3820
	GPUs = 0
	Memory = 3000
...
006 (11078646.109.000) 06/08 14:44:09 Image size of job updated: 204688
	200  -  MemoryUsage of job (MB)
	204688  -  ResidentSetSize of job (KB)
...
006 (11078646.109.000) 06/08 14:49:09 Image size of job updated: 299404
	292  -  MemoryUsage of job (MB)
	299000  -  ResidentSetSize of job (KB)
...
006 (11078646.109.000) 06/08 14:54:10 Image size of job updated: 300356
	294  -  MemoryUsage of job (MB)
	300356  -  ResidentSetSize of job (KB)
...
006 (11078646.109.000) 06/08 14:59:10 Image size of job updated: 302232
	296  -  MemoryUsage of job (MB)
	302232  -  ResidentSetSize of job (KB)
...
006 (11078646.109.000) 06/08 15:04:10 Image size of job updated: 302236
	296  -  MemoryUsage of job (MB)
	302232  -  ResidentSetSize of job (KB)
...
006 (11078646.109.000) 06/08 15:29:12 Image size of job updated: 303040
	296  -  MemoryUsage of job (MB)
	303028  -  ResidentSetSize of job (KB)
...
006 (11078646.109.000) 06/08 15:34:13 Image size of job updated: 303040
	296  -  MemoryUsage of job (MB)
	303040  -  ResidentSetSize of job (KB)
...
006 (11078646.109.000) 06/08 15:39:14 Image size of job updated: 303068
	296  -  MemoryUsage of job (MB)
	303068  -  ResidentSetSize of job (KB)
...
006 (11078646.109.000) 06/08 15:44:14 Image size of job updated: 303488
	297  -  MemoryUsage of job (MB)
	303488  -  ResidentSetSize of job (KB)
...
006 (11078646.109.000) 06/08 15:44:37 Image size of job updated: 303548
	297  -  MemoryUsage of job (MB)
	303488  -  ResidentSetSize of job (KB)
...
040 (11078646.109.000) 06/08 15:44:37 Started transferring output files
...
040 (11078646.109.000) 06/08 15:44:37 Finished transferring output files
...
005 (11078646.109.000) 06/08 15:44:37 Job terminated.
	(1) Normal termination (return value 0)
		Usr 0 00:58:57, Sys 0 00:00:17  -  Run Remote Usage
		Usr 0 00:00:00, Sys 0 00:00:00  -  Run Local Usage
		Usr 0 00:58:57, Sys 0 00:00:17  -  Total Remote Usage
		Usr 0 00:00:00, Sys 0 00:00:00  -  Total Local Usage
	19306  -  Run Bytes Sent By Job
	17206  -  Run Bytes Received By Job
	19306  -  Total Bytes Sent By Job
	17206  -  Total Bytes Received By Job
	Partitionable Resources :    Usage  Request Allocated 
	   Cpus                 :     0.98        1         1 
	   Disk (KB)            :    59          20      3820 
	   GPUs                 :                           0 
	   Memory (MB)          :   297        3000      3000 
	   TimeExecute (s)      :  3641                       
	   TimeSlotBusy (s)     :  3643                       
...
