000 (11078646.128.000) 06/08 14:39:00 Job submitted from host: <188.185.6.50:9618?addrs=188.185.6.50-9618+[2001-1458-d00-62--100-2b1]-9618&alias=bigbird25.cern.ch&noUDP&sock=schedd_4036832_8faa>
...
040 (11078646.128.000) 06/08 14:44:02 Started transferring input files
	Transferring to host: <188.185.209.18:9618?addrs=188.185.209.18-9618+[2001-1458-303-11--100-f]-9618&alias=b9p11p3504.cern.ch&noUDP&sock=slot1_19_8067_ae61_251628>
...
040 (11078646.128.000) 06/08 14:44:02 Finished transferring input files
...
001 (11078646.128.000) 06/08 14:44:03 Job executing on host: <188.185.209.18:9618?addrs=188.185.209.18-9618+[2001-1458-303-11--100-f]-9618&alias=b9p11p3504.cern.ch&noUDP&sock=startd_7085_4c96>
	SlotName: slot1_19@b9p11p3504.cern.ch
	CondorScratchDir = "/pool/condor/dir_811805"
	Cpus = 1
	Disk = 3719
	GPUs = 0
	Memory = 3000
...
006 (11078646.128.000) 06/08 14:44:17 Image size of job updated: 243752
	239  -  MemoryUsage of job (MB)
	243752  -  ResidentSetSize of job (KB)
...
006 (11078646.128.000) 06/08 14:49:18 Image size of job updated: 298640
	292  -  MemoryUsage of job (MB)
	298640  -  ResidentSetSize of job (KB)
...
006 (11078646.128.000) 06/08 14:54:18 Image size of job updated: 300676
	294  -  MemoryUsage of job (MB)
	300676  -  ResidentSetSize of job (KB)
...
006 (11078646.128.000) 06/08 14:59:19 Image size of job updated: 300680
	294  -  MemoryUsage of job (MB)
	300676  -  ResidentSetSize of job (KB)
...
006 (11078646.128.000) 06/08 15:09:20 Image size of job updated: 300872
	294  -  MemoryUsage of job (MB)
	300872  -  ResidentSetSize of job (KB)
...
006 (11078646.128.000) 06/08 15:19:21 Image size of job updated: 300960
	294  -  MemoryUsage of job (MB)
	300960  -  ResidentSetSize of job (KB)
...
040 (11078646.128.000) 06/08 15:24:45 Started transferring output files
...
040 (11078646.128.000) 06/08 15:24:45 Finished transferring output files
...
005 (11078646.128.000) 06/08 15:24:45 Job terminated.
	(1) Normal termination (return value 0)
		Usr 0 00:39:22, Sys 0 00:00:15  -  Run Remote Usage
		Usr 0 00:00:00, Sys 0 00:00:00  -  Run Local Usage
		Usr 0 00:39:22, Sys 0 00:00:15  -  Total Remote Usage
		Usr 0 00:00:00, Sys 0 00:00:00  -  Total Local Usage
	19049  -  Run Bytes Sent By Job
	17206  -  Run Bytes Received By Job
	19049  -  Total Bytes Sent By Job
	17206  -  Total Bytes Received By Job
	Partitionable Resources :    Usage  Request Allocated 
	   Cpus                 :     0.99        1         1 
	   Disk (KB)            :    62          20      3719 
	   GPUs                 :                           0 
	   Memory (MB)          :   294        3000      3000 
	   TimeExecute (s)      :  2442                       
	   TimeSlotBusy (s)     :  2444                       
...
