000 (11078646.225.000) 06/08 14:39:00 Job submitted from host: <188.185.6.50:9618?addrs=188.185.6.50-9618+[2001-1458-d00-62--100-2b1]-9618&alias=bigbird25.cern.ch&noUDP&sock=schedd_4036832_8faa>
...
040 (11078646.225.000) 06/08 14:44:33 Started transferring input files
	Transferring to host: <188.185.195.36:9618?addrs=188.185.195.36-9618+[2001-1458-303-22--100-20]-9618&alias=b9p17p8636.cern.ch&noUDP&sock=slot1_23_3250_ab3d_268114>
...
040 (11078646.225.000) 06/08 14:44:33 Finished transferring input files
...
001 (11078646.225.000) 06/08 14:44:34 Job executing on host: <188.185.195.36:9618?addrs=188.185.195.36-9618+[2001-1458-303-22--100-20]-9618&alias=b9p17p8636.cern.ch&noUDP&sock=startd_2519_6728>
	SlotName: slot1_23@b9p17p8636.cern.ch
	CondorScratchDir = "/pool/condor/dir_3056594"
	Cpus = 1
	Disk = 3898
	GPUs = 0
	Memory = 3000
...
006 (11078646.225.000) 06/08 14:44:48 Image size of job updated: 201764
	198  -  MemoryUsage of job (MB)
	201764  -  ResidentSetSize of job (KB)
...
006 (11078646.225.000) 06/08 14:49:49 Image size of job updated: 295332
	289  -  MemoryUsage of job (MB)
	295332  -  ResidentSetSize of job (KB)
...
006 (11078646.225.000) 06/08 14:54:49 Image size of job updated: 296344
	290  -  MemoryUsage of job (MB)
	296344  -  ResidentSetSize of job (KB)
...
006 (11078646.225.000) 06/08 14:59:50 Image size of job updated: 296360
	290  -  MemoryUsage of job (MB)
	296344  -  ResidentSetSize of job (KB)
...
006 (11078646.225.000) 06/08 15:04:51 Image size of job updated: 299164
	293  -  MemoryUsage of job (MB)
	299164  -  ResidentSetSize of job (KB)
...
006 (11078646.225.000) 06/08 15:09:51 Image size of job updated: 299208
	293  -  MemoryUsage of job (MB)
	299208  -  ResidentSetSize of job (KB)
...
006 (11078646.225.000) 06/08 15:11:28 Image size of job updated: 299856
	293  -  MemoryUsage of job (MB)
	299208  -  ResidentSetSize of job (KB)
...
040 (11078646.225.000) 06/08 15:11:28 Started transferring output files
...
040 (11078646.225.000) 06/08 15:11:28 Finished transferring output files
...
005 (11078646.225.000) 06/08 15:11:28 Job terminated.
	(1) Normal termination (return value 0)
		Usr 0 00:26:16, Sys 0 00:00:07  -  Run Remote Usage
		Usr 0 00:00:00, Sys 0 00:00:00  -  Run Local Usage
		Usr 0 00:26:16, Sys 0 00:00:07  -  Total Remote Usage
		Usr 0 00:00:00, Sys 0 00:00:00  -  Total Local Usage
	14009  -  Run Bytes Sent By Job
	17206  -  Run Bytes Received By Job
	14009  -  Total Bytes Sent By Job
	17206  -  Total Bytes Received By Job
	Partitionable Resources :    Usage  Request Allocated 
	   Cpus                 :     0.99        1         1 
	   Disk (KB)            :    54          20      3898 
	   GPUs                 :                           0 
	   Memory (MB)          :   293        3000      3000 
	   TimeExecute (s)      :  1614                       
	   TimeSlotBusy (s)     :  1616                       
...
