000 (11078646.110.000) 06/08 14:39:00 Job submitted from host: <188.185.6.50:9618?addrs=188.185.6.50-9618+[2001-1458-d00-62--100-2b1]-9618&alias=bigbird25.cern.ch&noUDP&sock=schedd_4036832_8faa>
...
040 (11078646.110.000) 06/08 14:43:56 Started transferring input files
	Transferring to host: <188.185.193.137:9618?addrs=188.185.193.137-9618+[2001-1458-303-20--100-85]-9618&alias=b9p19p6393.cern.ch&noUDP&sock=slot1_6_5175_016c_265769>
...
040 (11078646.110.000) 06/08 14:43:56 Finished transferring input files
...
001 (11078646.110.000) 06/08 14:43:57 Job executing on host: <188.185.193.137:9618?addrs=188.185.193.137-9618+[2001-1458-303-20--100-85]-9618&alias=b9p19p6393.cern.ch&noUDP&sock=startd_4119_deaf>
	SlotName: slot1_6@b9p19p6393.cern.ch
	CondorScratchDir = "/pool/condor/dir_194000"
	Cpus = 1
	Disk = 3778
	GPUs = 0
	Memory = 3000
...
006 (11078646.110.000) 06/08 14:44:10 Image size of job updated: 202384
	198  -  MemoryUsage of job (MB)
	202384  -  ResidentSetSize of job (KB)
...
006 (11078646.110.000) 06/08 14:49:10 Image size of job updated: 297468
	291  -  MemoryUsage of job (MB)
	297468  -  ResidentSetSize of job (KB)
...
006 (11078646.110.000) 06/08 14:54:11 Image size of job updated: 298296
	292  -  MemoryUsage of job (MB)
	298296  -  ResidentSetSize of job (KB)
...
006 (11078646.110.000) 06/08 14:59:11 Image size of job updated: 298472
	292  -  MemoryUsage of job (MB)
	298296  -  ResidentSetSize of job (KB)
...
040 (11078646.110.000) 06/08 15:07:03 Started transferring output files
...
040 (11078646.110.000) 06/08 15:07:04 Finished transferring output files
...
005 (11078646.110.000) 06/08 15:07:04 Job terminated.
	(1) Normal termination (return value 0)
		Usr 0 00:22:26, Sys 0 00:00:03  -  Run Remote Usage
		Usr 0 00:00:00, Sys 0 00:00:00  -  Run Local Usage
		Usr 0 00:22:26, Sys 0 00:00:03  -  Total Remote Usage
		Usr 0 00:00:00, Sys 0 00:00:00  -  Total Local Usage
	14088  -  Run Bytes Sent By Job
	17206  -  Run Bytes Received By Job
	14088  -  Total Bytes Sent By Job
	17206  -  Total Bytes Received By Job
	Partitionable Resources :    Usage  Request Allocated 
	   Cpus                 :     0.99        1         1 
	   Disk (KB)            :    54          20      3778 
	   GPUs                 :                           0 
	   Memory (MB)          :   292        3000      3000 
	   TimeExecute (s)      :  1386                       
	   TimeSlotBusy (s)     :  1389                       
...
