000 (11078646.119.000) 06/08 14:39:00 Job submitted from host: <188.185.6.50:9618?addrs=188.185.6.50-9618+[2001-1458-d00-62--100-2b1]-9618&alias=bigbird25.cern.ch&noUDP&sock=schedd_4036832_8faa>
...
040 (11078646.119.000) 06/08 14:43:59 Started transferring input files
	Transferring to host: <188.185.192.86:9618?addrs=188.185.192.86-9618+[2001-1458-303-1f--100-52]-9618&alias=b9p13p1202.cern.ch&noUDP&sock=slot1_37_10302_70dc_274557>
...
040 (11078646.119.000) 06/08 14:43:59 Finished transferring input files
...
001 (11078646.119.000) 06/08 14:44:00 Job executing on host: <188.185.192.86:9618?addrs=188.185.192.86-9618+[2001-1458-303-1f--100-52]-9618&alias=b9p13p1202.cern.ch&noUDP&sock=startd_8682_b555>
	SlotName: slot1_37@b9p13p1202.cern.ch
	CondorScratchDir = "/pool/condor/dir_1987807"
	Cpus = 1
	Disk = 3959
	GPUs = 0
	Memory = 3000
...
006 (11078646.119.000) 06/08 14:44:14 Image size of job updated: 200636
	196  -  MemoryUsage of job (MB)
	200636  -  ResidentSetSize of job (KB)
...
006 (11078646.119.000) 06/08 14:49:15 Image size of job updated: 297212
	291  -  MemoryUsage of job (MB)
	297212  -  ResidentSetSize of job (KB)
...
006 (11078646.119.000) 06/08 14:54:16 Image size of job updated: 298592
	292  -  MemoryUsage of job (MB)
	298592  -  ResidentSetSize of job (KB)
...
006 (11078646.119.000) 06/08 14:59:16 Image size of job updated: 299024
	293  -  MemoryUsage of job (MB)
	299024  -  ResidentSetSize of job (KB)
...
006 (11078646.119.000) 06/08 15:14:18 Image size of job updated: 299704
	293  -  MemoryUsage of job (MB)
	299704  -  ResidentSetSize of job (KB)
...
006 (11078646.119.000) 06/08 15:19:19 Image size of job updated: 300596
	294  -  MemoryUsage of job (MB)
	300596  -  ResidentSetSize of job (KB)
...
006 (11078646.119.000) 06/08 15:24:20 Image size of job updated: 300628
	294  -  MemoryUsage of job (MB)
	300596  -  ResidentSetSize of job (KB)
...
006 (11078646.119.000) 06/08 15:49:23 Image size of job updated: 301312
	295  -  MemoryUsage of job (MB)
	301312  -  ResidentSetSize of job (KB)
...
006 (11078646.119.000) 06/08 15:54:24 Image size of job updated: 301824
	295  -  MemoryUsage of job (MB)
	301824  -  ResidentSetSize of job (KB)
...
040 (11078646.119.000) 06/08 15:54:29 Started transferring output files
...
040 (11078646.119.000) 06/08 15:54:29 Finished transferring output files
...
005 (11078646.119.000) 06/08 15:54:29 Job terminated.
	(1) Normal termination (return value 0)
		Usr 0 01:09:16, Sys 0 00:00:12  -  Run Remote Usage
		Usr 0 00:00:00, Sys 0 00:00:00  -  Run Local Usage
		Usr 0 01:09:16, Sys 0 00:00:12  -  Total Remote Usage
		Usr 0 00:00:00, Sys 0 00:00:00  -  Total Local Usage
	19242  -  Run Bytes Sent By Job
	17206  -  Run Bytes Received By Job
	19242  -  Total Bytes Sent By Job
	17206  -  Total Bytes Received By Job
	Partitionable Resources :    Usage  Request Allocated 
	   Cpus                 :     0.99        1         1 
	   Disk (KB)            :    59          20      3959 
	   GPUs                 :                           0 
	   Memory (MB)          :   295        3000      3000 
	   TimeExecute (s)      :  4229                       
	   TimeSlotBusy (s)     :  4231                       
...
