000 (11078646.140.000) 06/08 14:39:00 Job submitted from host: <188.185.6.50:9618?addrs=188.185.6.50-9618+[2001-1458-d00-62--100-2b1]-9618&alias=bigbird25.cern.ch&noUDP&sock=schedd_4036832_8faa>
...
040 (11078646.140.000) 06/08 14:44:06 Started transferring input files
	Transferring to host: <128.142.161.101:9618?addrs=128.142.161.101-9618+[2001-1458-301-b8--100-23]-9618&alias=b9g03p0845.cern.ch&noUDP&sock=slot1_5_1407970_fc60_203677>
...
040 (11078646.140.000) 06/08 14:44:06 Finished transferring input files
...
001 (11078646.140.000) 06/08 14:44:07 Job executing on host: <128.142.161.101:9618?addrs=128.142.161.101-9618+[2001-1458-301-b8--100-23]-9618&alias=b9g03p0845.cern.ch&noUDP&sock=startd_3973_b9dc>
	SlotName: slot1_5@b9g03p0845.cern.ch
	CondorScratchDir = "/pool/condor/dir_1572980"
	Cpus = 1
	Disk = 3966
	GPUs = 0
	Memory = 3000
...
006 (11078646.140.000) 06/08 14:44:21 Image size of job updated: 201348
	197  -  MemoryUsage of job (MB)
	201348  -  ResidentSetSize of job (KB)
...
006 (11078646.140.000) 06/08 14:49:22 Image size of job updated: 295916
	289  -  MemoryUsage of job (MB)
	295916  -  ResidentSetSize of job (KB)
...
006 (11078646.140.000) 06/08 14:54:23 Image size of job updated: 298588
	292  -  MemoryUsage of job (MB)
	298588  -  ResidentSetSize of job (KB)
...
006 (11078646.140.000) 06/08 14:59:23 Image size of job updated: 299396
	293  -  MemoryUsage of job (MB)
	299396  -  ResidentSetSize of job (KB)
...
006 (11078646.140.000) 06/08 15:04:24 Image size of job updated: 299492
	293  -  MemoryUsage of job (MB)
	299396  -  ResidentSetSize of job (KB)
...
006 (11078646.140.000) 06/08 15:09:20 Image size of job updated: 300276
	293  -  MemoryUsage of job (MB)
	299396  -  ResidentSetSize of job (KB)
...
040 (11078646.140.000) 06/08 15:09:20 Started transferring output files
...
040 (11078646.140.000) 06/08 15:09:20 Finished transferring output files
...
005 (11078646.140.000) 06/08 15:09:20 Job terminated.
	(1) Normal termination (return value 0)
		Usr 0 00:24:14, Sys 0 00:00:07  -  Run Remote Usage
		Usr 0 00:00:00, Sys 0 00:00:00  -  Run Local Usage
		Usr 0 00:24:14, Sys 0 00:00:07  -  Total Remote Usage
		Usr 0 00:00:00, Sys 0 00:00:00  -  Total Local Usage
	13849  -  Run Bytes Sent By Job
	17206  -  Run Bytes Received By Job
	13849  -  Total Bytes Sent By Job
	17206  -  Total Bytes Received By Job
	Partitionable Resources :    Usage  Request Allocated 
	   Cpus                 :     0.97        1         1 
	   Disk (KB)            :    53          20      3966 
	   GPUs                 :                           0 
	   Memory (MB)          :   293        3000      3000 
	   TimeExecute (s)      :  1513                       
	   TimeSlotBusy (s)     :  1515                       
...
