000 (11078646.208.000) 06/08 14:39:00 Job submitted from host: <188.185.6.50:9618?addrs=188.185.6.50-9618+[2001-1458-d00-62--100-2b1]-9618&alias=bigbird25.cern.ch&noUDP&sock=schedd_4036832_8faa>
...
040 (11078646.208.000) 06/08 14:44:27 Started transferring input files
	Transferring to host: <188.185.213.202:9618?addrs=188.185.213.202-9618+[2001-1458-303-1b--100-46]-9618&alias=b9p28p8229.cern.ch&noUDP&sock=slot1_13_4578_5d73_281822>
...
040 (11078646.208.000) 06/08 14:44:27 Finished transferring input files
...
001 (11078646.208.000) 06/08 14:44:28 Job executing on host: <188.185.213.202:9618?addrs=188.185.213.202-9618+[2001-1458-303-1b--100-46]-9618&alias=b9p28p8229.cern.ch&noUDP&sock=startd_3835_11ca>
	SlotName: slot1_13@b9p28p8229.cern.ch
	CondorScratchDir = "/pool/condor/dir_1645534"
	Cpus = 1
	Disk = 3697
	GPUs = 0
	Memory = 3000
...
006 (11078646.208.000) 06/08 14:44:41 Image size of job updated: 204284
	200  -  MemoryUsage of job (MB)
	204284  -  ResidentSetSize of job (KB)
...
006 (11078646.208.000) 06/08 14:49:41 Image size of job updated: 299540
	293  -  MemoryUsage of job (MB)
	299540  -  ResidentSetSize of job (KB)
...
006 (11078646.208.000) 06/08 14:54:42 Image size of job updated: 300336
	294  -  MemoryUsage of job (MB)
	300336  -  ResidentSetSize of job (KB)
...
006 (11078646.208.000) 06/08 14:59:42 Image size of job updated: 300380
	294  -  MemoryUsage of job (MB)
	300380  -  ResidentSetSize of job (KB)
...
006 (11078646.208.000) 06/08 15:04:42 Image size of job updated: 300416
	294  -  MemoryUsage of job (MB)
	300380  -  ResidentSetSize of job (KB)
...
006 (11078646.208.000) 06/08 15:09:43 Image size of job updated: 302716
	296  -  MemoryUsage of job (MB)
	302716  -  ResidentSetSize of job (KB)
...
006 (11078646.208.000) 06/08 15:14:43 Image size of job updated: 302728
	296  -  MemoryUsage of job (MB)
	302716  -  ResidentSetSize of job (KB)
...
040 (11078646.208.000) 06/08 16:00:06 Started transferring output files
...
040 (11078646.208.000) 06/08 16:00:06 Finished transferring output files
...
005 (11078646.208.000) 06/08 16:00:06 Job terminated.
	(1) Normal termination (return value 0)
		Usr 0 01:12:41, Sys 0 00:00:19  -  Run Remote Usage
		Usr 0 00:00:00, Sys 0 00:00:00  -  Run Local Usage
		Usr 0 01:12:41, Sys 0 00:00:19  -  Total Remote Usage
		Usr 0 00:00:00, Sys 0 00:00:00  -  Total Local Usage
	20506  -  Run Bytes Sent By Job
	17206  -  Run Bytes Received By Job
	20506  -  Total Bytes Sent By Job
	17206  -  Total Bytes Received By Job
	Partitionable Resources :    Usage  Request Allocated 
	   Cpus                 :     0.97        1         1 
	   Disk (KB)            :    60          20      3697 
	   GPUs                 :                           0 
	   Memory (MB)          :   296        3000      3000 
	   TimeExecute (s)      :  4538                       
	   TimeSlotBusy (s)     :  4540                       
...
