000 (11078646.240.000) 06/08 14:39:00 Job submitted from host: <188.185.6.50:9618?addrs=188.185.6.50-9618+[2001-1458-d00-62--100-2b1]-9618&alias=bigbird25.cern.ch&noUDP&sock=schedd_4036832_8faa>
...
040 (11078646.240.000) 06/08 14:44:38 Started transferring input files
	Transferring to host: <188.185.205.224:9618?addrs=188.185.205.224-9618+[2001-1458-303-a--100-5d]-9618&alias=b9p04p7585.cern.ch&noUDP&sock=slot1_17_7068_cb98_39226>
...
040 (11078646.240.000) 06/08 14:44:38 Finished transferring input files
...
001 (11078646.240.000) 06/08 14:44:39 Job executing on host: <188.185.205.224:9618?addrs=188.185.205.224-9618+[2001-1458-303-a--100-5d]-9618&alias=b9p04p7585.cern.ch&noUDP&sock=startd_6354_e4db>
	SlotName: slot1_17@b9p04p7585.cern.ch
	CondorScratchDir = "/pool/condor/dir_3662029"
	Cpus = 1
	Disk = 3525
	GPUs = 0
	Memory = 3000
...
006 (11078646.240.000) 06/08 14:44:48 Image size of job updated: 202116
	198  -  MemoryUsage of job (MB)
	202116  -  ResidentSetSize of job (KB)
...
006 (11078646.240.000) 06/08 14:49:49 Image size of job updated: 298664
	292  -  MemoryUsage of job (MB)
	298664  -  ResidentSetSize of job (KB)
...
006 (11078646.240.000) 06/08 14:54:49 Image size of job updated: 298792
	292  -  MemoryUsage of job (MB)
	298792  -  ResidentSetSize of job (KB)
...
006 (11078646.240.000) 06/08 14:59:50 Image size of job updated: 298804
	292  -  MemoryUsage of job (MB)
	298792  -  ResidentSetSize of job (KB)
...
006 (11078646.240.000) 06/08 15:02:26 Image size of job updated: 305408
	292  -  MemoryUsage of job (MB)
	298792  -  ResidentSetSize of job (KB)
...
040 (11078646.240.000) 06/08 15:02:26 Started transferring output files
...
040 (11078646.240.000) 06/08 15:02:26 Finished transferring output files
...
005 (11078646.240.000) 06/08 15:02:27 Job terminated.
	(1) Normal termination (return value 0)
		Usr 0 00:16:59, Sys 0 00:00:07  -  Run Remote Usage
		Usr 0 00:00:00, Sys 0 00:00:00  -  Run Local Usage
		Usr 0 00:16:59, Sys 0 00:00:07  -  Total Remote Usage
		Usr 0 00:00:00, Sys 0 00:00:00  -  Total Local Usage
	14384  -  Run Bytes Sent By Job
	17206  -  Run Bytes Received By Job
	14384  -  Total Bytes Sent By Job
	17206  -  Total Bytes Received By Job
	Partitionable Resources :    Usage  Request Allocated 
	   Cpus                 :     0.95        1         1 
	   Disk (KB)            :    58          20      3525 
	   GPUs                 :                           0 
	   Memory (MB)          :   292        3000      3000 
	   TimeExecute (s)      :  1067                       
	   TimeSlotBusy (s)     :  1069                       
...
