000 (11078646.293.000) 06/08 14:39:00 Job submitted from host: <188.185.6.50:9618?addrs=188.185.6.50-9618+[2001-1458-d00-62--100-2b1]-9618&alias=bigbird25.cern.ch&noUDP&sock=schedd_4036832_8faa>
...
040 (11078646.293.000) 06/08 14:44:55 Started transferring input files
	Transferring to host: <188.185.212.36:9618?addrs=188.185.212.36-9618+[2001-1458-303-18--100-20]-9618&alias=b9p25p2630.cern.ch&noUDP&sock=slot1_7_8901_4f43_6414>
...
040 (11078646.293.000) 06/08 14:44:55 Finished transferring input files
...
001 (11078646.293.000) 06/08 14:44:56 Job executing on host: <188.185.212.36:9618?addrs=188.185.212.36-9618+[2001-1458-303-18--100-20]-9618&alias=b9p25p2630.cern.ch&noUDP&sock=startd_7916_4bca>
	SlotName: slot1_7@b9p25p2630.cern.ch
	CondorScratchDir = "/pool/condor/dir_1532144"
	Cpus = 1
	Disk = 3843
	GPUs = 0
	Memory = 3000
...
006 (11078646.293.000) 06/08 14:45:05 Image size of job updated: 204000
	200  -  MemoryUsage of job (MB)
	204000  -  ResidentSetSize of job (KB)
...
006 (11078646.293.000) 06/08 14:50:06 Image size of job updated: 296260
	290  -  MemoryUsage of job (MB)
	296260  -  ResidentSetSize of job (KB)
...
006 (11078646.293.000) 06/08 14:55:06 Image size of job updated: 300928
	294  -  MemoryUsage of job (MB)
	300928  -  ResidentSetSize of job (KB)
...
006 (11078646.293.000) 06/08 15:00:07 Image size of job updated: 300948
	294  -  MemoryUsage of job (MB)
	300928  -  ResidentSetSize of job (KB)
...
040 (11078646.293.000) 06/08 15:13:14 Started transferring output files
...
040 (11078646.293.000) 06/08 15:13:14 Finished transferring output files
...
005 (11078646.293.000) 06/08 15:13:14 Job terminated.
	(1) Normal termination (return value 0)
		Usr 0 00:27:11, Sys 0 00:00:10  -  Run Remote Usage
		Usr 0 00:00:00, Sys 0 00:00:00  -  Run Local Usage
		Usr 0 00:27:11, Sys 0 00:00:10  -  Total Remote Usage
		Usr 0 00:00:00, Sys 0 00:00:00  -  Total Local Usage
	13881  -  Run Bytes Sent By Job
	17206  -  Run Bytes Received By Job
	13881  -  Total Bytes Sent By Job
	17206  -  Total Bytes Received By Job
	Partitionable Resources :    Usage  Request Allocated 
	   Cpus                 :     0.97        1         1 
	   Disk (KB)            :    54          20      3843 
	   GPUs                 :                           0 
	   Memory (MB)          :   294        3000      3000 
	   TimeExecute (s)      :  1698                       
	   TimeSlotBusy (s)     :  1700                       
...
