000 (11078646.280.000) 06/08 14:39:00 Job submitted from host: <188.185.6.50:9618?addrs=188.185.6.50-9618+[2001-1458-d00-62--100-2b1]-9618&alias=bigbird25.cern.ch&noUDP&sock=schedd_4036832_8faa>
...
040 (11078646.280.000) 06/08 14:44:51 Started transferring input files
	Transferring to host: <188.185.211.199:9618?addrs=188.185.211.199-9618+[2001-1458-303-17--100-43]-9618&alias=b9p24p7202.cern.ch&noUDP&sock=slot1_3_4233_4805_294454>
...
040 (11078646.280.000) 06/08 14:44:51 Finished transferring input files
...
001 (11078646.280.000) 06/08 14:44:52 Job executing on host: <188.185.211.199:9618?addrs=188.185.211.199-9618+[2001-1458-303-17--100-43]-9618&alias=b9p24p7202.cern.ch&noUDP&sock=startd_3604_9f69>
	SlotName: slot1_3@b9p24p7202.cern.ch
	CondorScratchDir = "/pool/condor/dir_1487841"
	Cpus = 1
	Disk = 3749
	GPUs = 0
	Memory = 3000
...
006 (11078646.280.000) 06/08 14:45:05 Image size of job updated: 203432
	199  -  MemoryUsage of job (MB)
	203432  -  ResidentSetSize of job (KB)
...
006 (11078646.280.000) 06/08 14:50:05 Image size of job updated: 297212
	291  -  MemoryUsage of job (MB)
	297212  -  ResidentSetSize of job (KB)
...
006 (11078646.280.000) 06/08 14:55:06 Image size of job updated: 297376
	291  -  MemoryUsage of job (MB)
	297212  -  ResidentSetSize of job (KB)
...
006 (11078646.280.000) 06/08 15:00:06 Image size of job updated: 297956
	291  -  MemoryUsage of job (MB)
	297956  -  ResidentSetSize of job (KB)
...
006 (11078646.280.000) 06/08 15:04:31 Image size of job updated: 298392
	291  -  MemoryUsage of job (MB)
	297956  -  ResidentSetSize of job (KB)
...
040 (11078646.280.000) 06/08 15:04:31 Started transferring output files
...
040 (11078646.280.000) 06/08 15:04:31 Finished transferring output files
...
005 (11078646.280.000) 06/08 15:04:32 Job terminated.
	(1) Normal termination (return value 0)
		Usr 0 00:18:19, Sys 0 00:00:06  -  Run Remote Usage
		Usr 0 00:00:00, Sys 0 00:00:00  -  Run Local Usage
		Usr 0 00:18:19, Sys 0 00:00:06  -  Total Remote Usage
		Usr 0 00:00:00, Sys 0 00:00:00  -  Total Local Usage
	14057  -  Run Bytes Sent By Job
	17206  -  Run Bytes Received By Job
	14057  -  Total Bytes Sent By Job
	17206  -  Total Bytes Received By Job
	Partitionable Resources :    Usage  Request Allocated 
	   Cpus                 :     0.99        1         1 
	   Disk (KB)            :    54          20      3749 
	   GPUs                 :                           0 
	   Memory (MB)          :   291        3000      3000 
	   TimeExecute (s)      :  1179                       
	   TimeSlotBusy (s)     :  1181                       
...
