000 (11078646.228.000) 06/08 14:39:00 Job submitted from host: <188.185.6.50:9618?addrs=188.185.6.50-9618+[2001-1458-d00-62--100-2b1]-9618&alias=bigbird25.cern.ch&noUDP&sock=schedd_4036832_8faa>
...
040 (11078646.228.000) 06/08 14:44:34 Started transferring input files
	Transferring to host: <128.142.192.150:9618?addrs=128.142.192.150-9618+[2001-1458-301-56--100-12]-9618&alias=b9g18p2543.cern.ch&noUDP&sock=slot1_44_4485_d68f_280403>
...
040 (11078646.228.000) 06/08 14:44:34 Finished transferring input files
...
001 (11078646.228.000) 06/08 14:44:35 Job executing on host: <128.142.192.150:9618?addrs=128.142.192.150-9618+[2001-1458-301-56--100-12]-9618&alias=b9g18p2543.cern.ch&noUDP&sock=startd_3739_38b2>
	SlotName: slot1_44@b9g18p2543.cern.ch
	CondorScratchDir = "/pool/condor/dir_61104"
	Cpus = 1
	Disk = 3892
	GPUs = 0
	Memory = 3000
...
006 (11078646.228.000) 06/08 14:44:49 Image size of job updated: 203216
	199  -  MemoryUsage of job (MB)
	203216  -  ResidentSetSize of job (KB)
...
006 (11078646.228.000) 06/08 14:49:51 Image size of job updated: 299144
	293  -  MemoryUsage of job (MB)
	299144  -  ResidentSetSize of job (KB)
...
006 (11078646.228.000) 06/08 14:54:51 Image size of job updated: 299720
	293  -  MemoryUsage of job (MB)
	299636  -  ResidentSetSize of job (KB)
...
006 (11078646.228.000) 06/08 14:59:51 Image size of job updated: 300640
	294  -  MemoryUsage of job (MB)
	300640  -  ResidentSetSize of job (KB)
...
006 (11078646.228.000) 06/08 15:04:52 Image size of job updated: 300716
	294  -  MemoryUsage of job (MB)
	300716  -  ResidentSetSize of job (KB)
...
006 (11078646.228.000) 06/08 15:09:52 Image size of job updated: 300788
	294  -  MemoryUsage of job (MB)
	300788  -  ResidentSetSize of job (KB)
...
006 (11078646.228.000) 06/08 15:14:52 Image size of job updated: 300944
	294  -  MemoryUsage of job (MB)
	300944  -  ResidentSetSize of job (KB)
...
006 (11078646.228.000) 06/08 15:19:53 Image size of job updated: 301148
	295  -  MemoryUsage of job (MB)
	301148  -  ResidentSetSize of job (KB)
...
006 (11078646.228.000) 06/08 15:24:53 Image size of job updated: 303564
	297  -  MemoryUsage of job (MB)
	303564  -  ResidentSetSize of job (KB)
...
006 (11078646.228.000) 06/08 15:29:53 Image size of job updated: 303572
	297  -  MemoryUsage of job (MB)
	303564  -  ResidentSetSize of job (KB)
...
006 (11078646.228.000) 06/08 16:24:33 Image size of job updated: 304212
	297  -  MemoryUsage of job (MB)
	303564  -  ResidentSetSize of job (KB)
...
040 (11078646.228.000) 06/08 16:24:33 Started transferring output files
...
040 (11078646.228.000) 06/08 16:24:33 Finished transferring output files
...
005 (11078646.228.000) 06/08 16:24:33 Job terminated.
	(1) Normal termination (return value 0)
		Usr 0 01:37:47, Sys 0 00:00:25  -  Run Remote Usage
		Usr 0 00:00:00, Sys 0 00:00:00  -  Run Local Usage
		Usr 0 01:37:47, Sys 0 00:00:25  -  Total Remote Usage
		Usr 0 00:00:00, Sys 0 00:00:00  -  Total Local Usage
	19557  -  Run Bytes Sent By Job
	17206  -  Run Bytes Received By Job
	19557  -  Total Bytes Sent By Job
	17206  -  Total Bytes Received By Job
	Partitionable Resources :    Usage  Request Allocated 
	   Cpus                 :     0.99        1         1 
	   Disk (KB)            :    59          20      3892 
	   GPUs                 :                           0 
	   Memory (MB)          :   297        3000      3000 
	   TimeExecute (s)      :  5998                       
	   TimeSlotBusy (s)     :  6000                       
...
