000 (11078646.346.000) 06/08 14:39:00 Job submitted from host: <188.185.6.50:9618?addrs=188.185.6.50-9618+[2001-1458-d00-62--100-2b1]-9618&alias=bigbird25.cern.ch&noUDP&sock=schedd_4036832_8faa>
...
040 (11078646.346.000) 06/08 14:45:12 Started transferring input files
	Transferring to host: <188.185.209.23:9618?addrs=188.185.209.23-9618+[2001-1458-303-11--100-14]-9618&alias=b9p11p1230.cern.ch&noUDP&sock=slot1_28_5372_cf54_266353>
...
040 (11078646.346.000) 06/08 14:45:12 Finished transferring input files
...
001 (11078646.346.000) 06/08 14:45:13 Job executing on host: <188.185.209.23:9618?addrs=188.185.209.23-9618+[2001-1458-303-11--100-14]-9618&alias=b9p11p1230.cern.ch&noUDP&sock=startd_4450_e889>
	SlotName: slot1_28@b9p11p1230.cern.ch
	CondorScratchDir = "/pool/condor/dir_3384088"
	Cpus = 1
	Disk = 3469
	GPUs = 0
	Memory = 3000
...
006 (11078646.346.000) 06/08 14:45:27 Image size of job updated: 239360
	234  -  MemoryUsage of job (MB)
	239360  -  ResidentSetSize of job (KB)
...
006 (11078646.346.000) 06/08 14:50:28 Image size of job updated: 295464
	289  -  MemoryUsage of job (MB)
	295464  -  ResidentSetSize of job (KB)
...
006 (11078646.346.000) 06/08 14:54:51 Image size of job updated: 298552
	289  -  MemoryUsage of job (MB)
	295464  -  ResidentSetSize of job (KB)
...
040 (11078646.346.000) 06/08 14:54:51 Started transferring output files
...
040 (11078646.346.000) 06/08 14:54:51 Finished transferring output files
...
005 (11078646.346.000) 06/08 14:54:51 Job terminated.
	(1) Normal termination (return value 0)
		Usr 0 00:09:12, Sys 0 00:00:04  -  Run Remote Usage
		Usr 0 00:00:00, Sys 0 00:00:00  -  Run Local Usage
		Usr 0 00:09:12, Sys 0 00:00:04  -  Total Remote Usage
		Usr 0 00:00:00, Sys 0 00:00:00  -  Total Local Usage
	13609  -  Run Bytes Sent By Job
	17206  -  Run Bytes Received By Job
	13609  -  Total Bytes Sent By Job
	17206  -  Total Bytes Received By Job
	Partitionable Resources :    Usage  Request Allocated 
	   Cpus                 :     0.99        1         1 
	   Disk (KB)            :    53          20      3469 
	   GPUs                 :                           0 
	   Memory (MB)          :   289        3000      3000 
	   TimeExecute (s)      :   578                       
	   TimeSlotBusy (s)     :   580                       
...
