000 (11078646.178.000) 06/08 14:39:00 Job submitted from host: <188.185.6.50:9618?addrs=188.185.6.50-9618+[2001-1458-d00-62--100-2b1]-9618&alias=bigbird25.cern.ch&noUDP&sock=schedd_4036832_8faa>
...
040 (11078646.178.000) 06/08 14:44:18 Started transferring input files
	Transferring to host: <128.142.196.38:9618?addrs=128.142.196.38-9618+[2001-1458-301-3c--100-24]-9618&alias=b9g32p1957.cern.ch&noUDP&sock=slot1_5_3254_7cbd_294871>
...
040 (11078646.178.000) 06/08 14:44:18 Finished transferring input files
...
001 (11078646.178.000) 06/08 14:44:19 Job executing on host: <128.142.196.38:9618?addrs=128.142.196.38-9618+[2001-1458-301-3c--100-24]-9618&alias=b9g32p1957.cern.ch&noUDP&sock=startd_2815_6f30>
	SlotName: slot1_5@b9g32p1957.cern.ch
	CondorScratchDir = "/pool/condor/dir_3991025"
	Cpus = 1
	Disk = 3694
	GPUs = 0
	Memory = 3000
...
006 (11078646.178.000) 06/08 14:44:33 Image size of job updated: 204396
	200  -  MemoryUsage of job (MB)
	204396  -  ResidentSetSize of job (KB)
...
006 (11078646.178.000) 06/08 14:49:34 Image size of job updated: 298044
	292  -  MemoryUsage of job (MB)
	298044  -  ResidentSetSize of job (KB)
...
006 (11078646.178.000) 06/08 14:54:35 Image size of job updated: 299480
	293  -  MemoryUsage of job (MB)
	299480  -  ResidentSetSize of job (KB)
...
006 (11078646.178.000) 06/08 14:59:35 Image size of job updated: 301164
	295  -  MemoryUsage of job (MB)
	301164  -  ResidentSetSize of job (KB)
...
006 (11078646.178.000) 06/08 15:04:36 Image size of job updated: 301172
	295  -  MemoryUsage of job (MB)
	301164  -  ResidentSetSize of job (KB)
...
006 (11078646.178.000) 06/08 15:09:36 Image size of job updated: 302676
	296  -  MemoryUsage of job (MB)
	302676  -  ResidentSetSize of job (KB)
...
006 (11078646.178.000) 06/08 15:14:36 Image size of job updated: 302696
	296  -  MemoryUsage of job (MB)
	302676  -  ResidentSetSize of job (KB)
...
006 (11078646.178.000) 06/08 15:50:19 Image size of job updated: 302784
	296  -  MemoryUsage of job (MB)
	302676  -  ResidentSetSize of job (KB)
...
040 (11078646.178.000) 06/08 15:50:19 Started transferring output files
...
040 (11078646.178.000) 06/08 15:50:19 Finished transferring output files
...
005 (11078646.178.000) 06/08 15:50:19 Job terminated.
	(1) Normal termination (return value 0)
		Usr 0 01:03:29, Sys 0 00:00:29  -  Run Remote Usage
		Usr 0 00:00:00, Sys 0 00:00:00  -  Run Local Usage
		Usr 0 01:03:29, Sys 0 00:00:29  -  Total Remote Usage
		Usr 0 00:00:00, Sys 0 00:00:00  -  Total Local Usage
	19804  -  Run Bytes Sent By Job
	17206  -  Run Bytes Received By Job
	19804  -  Total Bytes Sent By Job
	17206  -  Total Bytes Received By Job
	Partitionable Resources :    Usage  Request Allocated 
	   Cpus                 :     0.98        1         1 
	   Disk (KB)            :    59          20      3694 
	   GPUs                 :                           0 
	   Memory (MB)          :   296        3000      3000 
	   TimeExecute (s)      :  3960                       
	   TimeSlotBusy (s)     :  3962                       
...
