000 (11078646.073.000) 06/08 14:39:01 Job submitted from host: <188.185.6.50:9618?addrs=188.185.6.50-9618+[2001-1458-d00-62--100-2b1]-9618&alias=bigbird25.cern.ch&noUDP&sock=schedd_4036832_8faa>
...
040 (11078646.073.000) 06/08 14:43:44 Started transferring input files
	Transferring to host: <188.185.209.93:9618?addrs=188.185.209.93-9618+[2001-1458-303-11--100-5a]-9618&alias=b9p11p1092.cern.ch&noUDP&sock=slot1_16_5798_f725_249127>
...
040 (11078646.073.000) 06/08 14:43:44 Finished transferring input files
...
001 (11078646.073.000) 06/08 14:43:45 Job executing on host: <188.185.209.93:9618?addrs=188.185.209.93-9618+[2001-1458-303-11--100-5a]-9618&alias=b9p11p1092.cern.ch&noUDP&sock=startd_4730_f70d>
	SlotName: slot1_16@b9p11p1092.cern.ch
	CondorScratchDir = "/pool/condor/dir_1416563"
	Cpus = 1
	Disk = 3624
	GPUs = 0
	Memory = 3000
...
006 (11078646.073.000) 06/08 14:43:58 Image size of job updated: 204624
	200  -  MemoryUsage of job (MB)
	204624  -  ResidentSetSize of job (KB)
...
006 (11078646.073.000) 06/08 14:48:58 Image size of job updated: 299720
	293  -  MemoryUsage of job (MB)
	299720  -  ResidentSetSize of job (KB)
...
006 (11078646.073.000) 06/08 14:53:59 Image size of job updated: 300504
	294  -  MemoryUsage of job (MB)
	300504  -  ResidentSetSize of job (KB)
...
006 (11078646.073.000) 06/08 14:57:28 Image size of job updated: 301312
	294  -  MemoryUsage of job (MB)
	300504  -  ResidentSetSize of job (KB)
...
040 (11078646.073.000) 06/08 14:57:28 Started transferring output files
...
040 (11078646.073.000) 06/08 14:57:28 Finished transferring output files
...
005 (11078646.073.000) 06/08 14:57:28 Job terminated.
	(1) Normal termination (return value 0)
		Usr 0 00:13:15, Sys 0 00:00:04  -  Run Remote Usage
		Usr 0 00:00:00, Sys 0 00:00:00  -  Run Local Usage
		Usr 0 00:13:15, Sys 0 00:00:04  -  Total Remote Usage
		Usr 0 00:00:00, Sys 0 00:00:00  -  Total Local Usage
	14089  -  Run Bytes Sent By Job
	17206  -  Run Bytes Received By Job
	14089  -  Total Bytes Sent By Job
	17206  -  Total Bytes Received By Job
	Partitionable Resources :    Usage  Request Allocated 
	   Cpus                 :     0.98        1         1 
	   Disk (KB)            :    56          20      3624 
	   GPUs                 :                           0 
	   Memory (MB)          :   294        3000      3000 
	   TimeExecute (s)      :   823                       
	   TimeSlotBusy (s)     :   825                       
...
