000 (11078646.059.000) 06/08 14:39:01 Job submitted from host: <188.185.6.50:9618?addrs=188.185.6.50-9618+[2001-1458-d00-62--100-2b1]-9618&alias=bigbird25.cern.ch&noUDP&sock=schedd_4036832_8faa>
...
040 (11078646.059.000) 06/08 14:43:40 Started transferring input files
	Transferring to host: <188.185.196.122:9618?addrs=188.185.196.122-9618+[2001-1458-303-23--100-76]-9618&alias=b9p16p4693.cern.ch&noUDP&sock=slot1_24_3282_373f_119058>
...
040 (11078646.059.000) 06/08 14:43:40 Finished transferring input files
...
001 (11078646.059.000) 06/08 14:43:41 Job executing on host: <188.185.196.122:9618?addrs=188.185.196.122-9618+[2001-1458-303-23--100-76]-9618&alias=b9p16p4693.cern.ch&noUDP&sock=startd_2837_8645>
	SlotName: slot1_24@b9p16p4693.cern.ch
	CondorScratchDir = "/pool/condor/dir_1682689"
	Cpus = 1
	Disk = 3794
	GPUs = 0
	Memory = 3000
...
006 (11078646.059.000) 06/08 14:43:50 Image size of job updated: 203572
	199  -  MemoryUsage of job (MB)
	203572  -  ResidentSetSize of job (KB)
...
006 (11078646.059.000) 06/08 14:48:51 Image size of job updated: 298576
	292  -  MemoryUsage of job (MB)
	298576  -  ResidentSetSize of job (KB)
...
006 (11078646.059.000) 06/08 14:53:51 Image size of job updated: 298912
	292  -  MemoryUsage of job (MB)
	298828  -  ResidentSetSize of job (KB)
...
006 (11078646.059.000) 06/08 14:58:52 Image size of job updated: 300544
	294  -  MemoryUsage of job (MB)
	300544  -  ResidentSetSize of job (KB)
...
006 (11078646.059.000) 06/08 15:03:52 Image size of job updated: 300556
	294  -  MemoryUsage of job (MB)
	300556  -  ResidentSetSize of job (KB)
...
006 (11078646.059.000) 06/08 15:08:52 Image size of job updated: 300592
	294  -  MemoryUsage of job (MB)
	300592  -  ResidentSetSize of job (KB)
...
006 (11078646.059.000) 06/08 15:13:53 Image size of job updated: 300596
	294  -  MemoryUsage of job (MB)
	300592  -  ResidentSetSize of job (KB)
...
006 (11078646.059.000) 06/08 15:28:54 Image size of job updated: 300668
	294  -  MemoryUsage of job (MB)
	300668  -  ResidentSetSize of job (KB)
...
006 (11078646.059.000) 06/08 15:33:54 Image size of job updated: 301284
	295  -  MemoryUsage of job (MB)
	301284  -  ResidentSetSize of job (KB)
...
006 (11078646.059.000) 06/08 15:38:55 Image size of job updated: 301296
	295  -  MemoryUsage of job (MB)
	301296  -  ResidentSetSize of job (KB)
...
006 (11078646.059.000) 06/08 15:53:56 Image size of job updated: 301920
	295  -  MemoryUsage of job (MB)
	301920  -  ResidentSetSize of job (KB)
...
006 (11078646.059.000) 06/08 15:58:56 Image size of job updated: 301996
	295  -  MemoryUsage of job (MB)
	301996  -  ResidentSetSize of job (KB)
...
040 (11078646.059.000) 06/08 16:09:58 Started transferring output files
...
040 (11078646.059.000) 06/08 16:09:58 Finished transferring output files
...
005 (11078646.059.000) 06/08 16:09:58 Job terminated.
	(1) Normal termination (return value 0)
		Usr 0 01:23:57, Sys 0 00:00:20  -  Run Remote Usage
		Usr 0 00:00:00, Sys 0 00:00:00  -  Run Local Usage
		Usr 0 01:23:57, Sys 0 00:00:20  -  Total Remote Usage
		Usr 0 00:00:00, Sys 0 00:00:00  -  Total Local Usage
	18809  -  Run Bytes Sent By Job
	17206  -  Run Bytes Received By Job
	18809  -  Total Bytes Sent By Job
	17206  -  Total Bytes Received By Job
	Partitionable Resources :    Usage  Request Allocated 
	   Cpus                 :     0.98        1         1 
	   Disk (KB)            :    59          20      3794 
	   GPUs                 :                           0 
	   Memory (MB)          :   295        3000      3000 
	   TimeExecute (s)      :  5176                       
	   TimeSlotBusy (s)     :  5179                       
...
