000 (11078646.295.000) 06/08 14:39:00 Job submitted from host: <188.185.6.50:9618?addrs=188.185.6.50-9618+[2001-1458-d00-62--100-2b1]-9618&alias=bigbird25.cern.ch&noUDP&sock=schedd_4036832_8faa>
...
040 (11078646.295.000) 06/08 14:44:56 Started transferring input files
	Transferring to host: <188.185.214.81:9618?addrs=188.185.214.81-9618+[2001-1458-303-1c--100-4d]-9618&alias=b9p29p6095.cern.ch&noUDP&sock=slot1_9_2598912_5ccd_128131>
...
040 (11078646.295.000) 06/08 14:44:56 Finished transferring input files
...
001 (11078646.295.000) 06/08 14:44:57 Job executing on host: <188.185.214.81:9618?addrs=188.185.214.81-9618+[2001-1458-303-1c--100-4d]-9618&alias=b9p29p6095.cern.ch&noUDP&sock=startd_2598870_3bd6>
	SlotName: slot1_9@b9p29p6095.cern.ch
	CondorScratchDir = "/pool/condor/dir_1759021"
	Cpus = 1
	Disk = 3756
	GPUs = 0
	Memory = 3000
...
006 (11078646.295.000) 06/08 14:45:10 Image size of job updated: 200280
	196  -  MemoryUsage of job (MB)
	200280  -  ResidentSetSize of job (KB)
...
006 (11078646.295.000) 06/08 14:50:10 Image size of job updated: 299772
	293  -  MemoryUsage of job (MB)
	299772  -  ResidentSetSize of job (KB)
...
006 (11078646.295.000) 06/08 14:55:11 Image size of job updated: 301028
	293  -  MemoryUsage of job (MB)
	299772  -  ResidentSetSize of job (KB)
...
040 (11078646.295.000) 06/08 15:05:57 Started transferring output files
...
040 (11078646.295.000) 06/08 15:05:57 Finished transferring output files
...
005 (11078646.295.000) 06/08 15:05:57 Job terminated.
	(1) Normal termination (return value 0)
		Usr 0 00:19:17, Sys 0 00:00:06  -  Run Remote Usage
		Usr 0 00:00:00, Sys 0 00:00:00  -  Run Local Usage
		Usr 0 00:19:17, Sys 0 00:00:06  -  Total Remote Usage
		Usr 0 00:00:00, Sys 0 00:00:00  -  Total Local Usage
	13849  -  Run Bytes Sent By Job
	17206  -  Run Bytes Received By Job
	13849  -  Total Bytes Sent By Job
	17206  -  Total Bytes Received By Job
	Partitionable Resources :    Usage  Request Allocated 
	   Cpus                 :     0.93        1         1 
	   Disk (KB)            :    53          20      3756 
	   GPUs                 :                           0 
	   Memory (MB)          :   293        3000      3000 
	   TimeExecute (s)      :  1260                       
	   TimeSlotBusy (s)     :  1262                       
...
