000 (11078646.336.000) 06/08 14:39:00 Job submitted from host: <188.185.6.50:9618?addrs=188.185.6.50-9618+[2001-1458-d00-62--100-2b1]-9618&alias=bigbird25.cern.ch&noUDP&sock=schedd_4036832_8faa>
...
040 (11078646.336.000) 06/08 14:45:09 Started transferring input files
	Transferring to host: <188.185.209.42:9618?addrs=188.185.209.42-9618+[2001-1458-303-11--100-27]-9618&alias=b9p11p1459.cern.ch&noUDP&sock=slot1_27_6010_56ad_264077>
...
040 (11078646.336.000) 06/08 14:45:09 Finished transferring input files
...
001 (11078646.336.000) 06/08 14:45:10 Job executing on host: <188.185.209.42:9618?addrs=188.185.209.42-9618+[2001-1458-303-11--100-27]-9618&alias=b9p11p1459.cern.ch&noUDP&sock=startd_4999_7a07>
	SlotName: slot1_27@b9p11p1459.cern.ch
	CondorScratchDir = "/pool/condor/dir_3111806"
	Cpus = 1
	Disk = 3618
	GPUs = 0
	Memory = 3000
...
006 (11078646.336.000) 06/08 14:45:23 Image size of job updated: 239176
	234  -  MemoryUsage of job (MB)
	239176  -  ResidentSetSize of job (KB)
...
006 (11078646.336.000) 06/08 14:50:23 Image size of job updated: 298024
	292  -  MemoryUsage of job (MB)
	298024  -  ResidentSetSize of job (KB)
...
006 (11078646.336.000) 06/08 14:54:49 Image size of job updated: 300780
	292  -  MemoryUsage of job (MB)
	298024  -  ResidentSetSize of job (KB)
...
040 (11078646.336.000) 06/08 14:54:49 Started transferring output files
...
040 (11078646.336.000) 06/08 14:54:49 Finished transferring output files
...
005 (11078646.336.000) 06/08 14:54:49 Job terminated.
	(1) Normal termination (return value 0)
		Usr 0 00:09:16, Sys 0 00:00:03  -  Run Remote Usage
		Usr 0 00:00:00, Sys 0 00:00:00  -  Run Local Usage
		Usr 0 00:09:16, Sys 0 00:00:03  -  Total Remote Usage
		Usr 0 00:00:00, Sys 0 00:00:00  -  Total Local Usage
	13849  -  Run Bytes Sent By Job
	17206  -  Run Bytes Received By Job
	13849  -  Total Bytes Sent By Job
	17206  -  Total Bytes Received By Job
	Partitionable Resources :    Usage  Request Allocated 
	   Cpus                 :     0.98        1         1 
	   Disk (KB)            :    54          20      3618 
	   GPUs                 :                           0 
	   Memory (MB)          :   292        3000      3000 
	   TimeExecute (s)      :   579                       
	   TimeSlotBusy (s)     :   581                       
...
