000 (11078646.242.000) 06/08 14:39:00 Job submitted from host: <188.185.6.50:9618?addrs=188.185.6.50-9618+[2001-1458-d00-62--100-2b1]-9618&alias=bigbird25.cern.ch&noUDP&sock=schedd_4036832_8faa>
...
040 (11078646.242.000) 06/08 14:44:38 Started transferring input files
	Transferring to host: <188.185.194.121:9618?addrs=188.185.194.121-9618+[2001-1458-303-21--100-75]-9618&alias=b9p20p0563.cern.ch&noUDP&sock=slot1_13_5030_d706_263280>
...
040 (11078646.242.000) 06/08 14:44:38 Finished transferring input files
...
001 (11078646.242.000) 06/08 14:44:39 Job executing on host: <188.185.194.121:9618?addrs=188.185.194.121-9618+[2001-1458-303-21--100-75]-9618&alias=b9p20p0563.cern.ch&noUDP&sock=startd_3984_4566>
	SlotName: slot1_13@b9p20p0563.cern.ch
	CondorScratchDir = "/pool/condor/dir_1837189"
	Cpus = 1
	Disk = 3779
	GPUs = 0
	Memory = 3000
...
006 (11078646.242.000) 06/08 14:44:53 Image size of job updated: 200272
	196  -  MemoryUsage of job (MB)
	200272  -  ResidentSetSize of job (KB)
...
006 (11078646.242.000) 06/08 14:49:54 Image size of job updated: 294028
	288  -  MemoryUsage of job (MB)
	294028  -  ResidentSetSize of job (KB)
...
006 (11078646.242.000) 06/08 14:54:54 Image size of job updated: 300272
	294  -  MemoryUsage of job (MB)
	300272  -  ResidentSetSize of job (KB)
...
006 (11078646.242.000) 06/08 14:59:54 Image size of job updated: 300312
	294  -  MemoryUsage of job (MB)
	300272  -  ResidentSetSize of job (KB)
...
006 (11078646.242.000) 06/08 15:09:55 Image size of job updated: 300592
	294  -  MemoryUsage of job (MB)
	300592  -  ResidentSetSize of job (KB)
...
006 (11078646.242.000) 06/08 15:11:18 Image size of job updated: 302092
	294  -  MemoryUsage of job (MB)
	300592  -  ResidentSetSize of job (KB)
...
040 (11078646.242.000) 06/08 15:11:18 Started transferring output files
...
040 (11078646.242.000) 06/08 15:11:18 Finished transferring output files
...
005 (11078646.242.000) 06/08 15:11:18 Job terminated.
	(1) Normal termination (return value 0)
		Usr 0 00:26:02, Sys 0 00:00:04  -  Run Remote Usage
		Usr 0 00:00:00, Sys 0 00:00:00  -  Run Local Usage
		Usr 0 00:26:02, Sys 0 00:00:04  -  Total Remote Usage
		Usr 0 00:00:00, Sys 0 00:00:00  -  Total Local Usage
	13913  -  Run Bytes Sent By Job
	17206  -  Run Bytes Received By Job
	13913  -  Total Bytes Sent By Job
	17206  -  Total Bytes Received By Job
	Partitionable Resources :    Usage  Request Allocated 
	   Cpus                 :     0.99        1         1 
	   Disk (KB)            :    54          20      3779 
	   GPUs                 :                           0 
	   Memory (MB)          :   294        3000      3000 
	   TimeExecute (s)      :  1599                       
	   TimeSlotBusy (s)     :  1601                       
...
