000 (11078646.324.000) 06/08 14:39:00 Job submitted from host: <188.185.6.50:9618?addrs=188.185.6.50-9618+[2001-1458-d00-62--100-2b1]-9618&alias=bigbird25.cern.ch&noUDP&sock=schedd_4036832_8faa>
...
040 (11078646.324.000) 06/08 14:45:05 Started transferring input files
	Transferring to host: <188.185.207.161:9618?addrs=188.185.207.161-9618+[2001-1458-303-e--100-1e]-9618&alias=b9p08p3056.cern.ch&noUDP&sock=slot1_29_2757959_5cb1_26538>
...
040 (11078646.324.000) 06/08 14:45:05 Finished transferring input files
...
001 (11078646.324.000) 06/08 14:45:06 Job executing on host: <188.185.207.161:9618?addrs=188.185.207.161-9618+[2001-1458-303-e--100-1e]-9618&alias=b9p08p3056.cern.ch&noUDP&sock=startd_5647_f366>
	SlotName: slot1_29@b9p08p3056.cern.ch
	CondorScratchDir = "/pool/condor/dir_1691397"
	Cpus = 1
	Disk = 3519
	GPUs = 0
	Memory = 3000
...
006 (11078646.324.000) 06/08 14:45:20 Image size of job updated: 204324
	200  -  MemoryUsage of job (MB)
	204324  -  ResidentSetSize of job (KB)
...
006 (11078646.324.000) 06/08 14:50:21 Image size of job updated: 296252
	290  -  MemoryUsage of job (MB)
	296252  -  ResidentSetSize of job (KB)
...
006 (11078646.324.000) 06/08 14:55:21 Image size of job updated: 298052
	292  -  MemoryUsage of job (MB)
	298052  -  ResidentSetSize of job (KB)
...
006 (11078646.324.000) 06/08 15:00:22 Image size of job updated: 298392
	292  -  MemoryUsage of job (MB)
	298392  -  ResidentSetSize of job (KB)
...
006 (11078646.324.000) 06/08 15:01:27 Image size of job updated: 299612
	292  -  MemoryUsage of job (MB)
	298392  -  ResidentSetSize of job (KB)
...
040 (11078646.324.000) 06/08 15:01:27 Started transferring output files
...
040 (11078646.324.000) 06/08 15:01:27 Finished transferring output files
...
005 (11078646.324.000) 06/08 15:01:27 Job terminated.
	(1) Normal termination (return value 0)
		Usr 0 00:15:45, Sys 0 00:00:05  -  Run Remote Usage
		Usr 0 00:00:00, Sys 0 00:00:00  -  Run Local Usage
		Usr 0 00:15:45, Sys 0 00:00:05  -  Total Remote Usage
		Usr 0 00:00:00, Sys 0 00:00:00  -  Total Local Usage
	14121  -  Run Bytes Sent By Job
	17206  -  Run Bytes Received By Job
	14121  -  Total Bytes Sent By Job
	17206  -  Total Bytes Received By Job
	Partitionable Resources :    Usage  Request Allocated 
	   Cpus                 :     0.95        1         1 
	   Disk (KB)            :    57          20      3519 
	   GPUs                 :                           0 
	   Memory (MB)          :   292        3000      3000 
	   TimeExecute (s)      :   981                       
	   TimeSlotBusy (s)     :   983                       
...
