000 (11078646.159.000) 06/08 14:39:00 Job submitted from host: <188.185.6.50:9618?addrs=188.185.6.50-9618+[2001-1458-d00-62--100-2b1]-9618&alias=bigbird25.cern.ch&noUDP&sock=schedd_4036832_8faa>
...
040 (11078646.159.000) 06/08 14:44:12 Started transferring input files
	Transferring to host: <188.185.214.147:9618?addrs=188.185.214.147-9618+[2001-1458-303-1d--100-f]-9618&alias=b9p30p3727.cern.ch&noUDP&sock=slot1_20_4700_5338_292436>
...
040 (11078646.159.000) 06/08 14:44:12 Finished transferring input files
...
001 (11078646.159.000) 06/08 14:44:13 Job executing on host: <188.185.214.147:9618?addrs=188.185.214.147-9618+[2001-1458-303-1d--100-f]-9618&alias=b9p30p3727.cern.ch&noUDP&sock=startd_3905_156b>
	SlotName: slot1_20@b9p30p3727.cern.ch
	CondorScratchDir = "/pool/condor/dir_656520"
	Cpus = 1
	Disk = 3773
	GPUs = 0
	Memory = 3000
...
006 (11078646.159.000) 06/08 14:44:27 Image size of job updated: 205344
	201  -  MemoryUsage of job (MB)
	205344  -  ResidentSetSize of job (KB)
...
006 (11078646.159.000) 06/08 14:49:28 Image size of job updated: 300308
	294  -  MemoryUsage of job (MB)
	300080  -  ResidentSetSize of job (KB)
...
006 (11078646.159.000) 06/08 14:54:29 Image size of job updated: 301600
	295  -  MemoryUsage of job (MB)
	301600  -  ResidentSetSize of job (KB)
...
006 (11078646.159.000) 06/08 14:59:29 Image size of job updated: 303548
	297  -  MemoryUsage of job (MB)
	303548  -  ResidentSetSize of job (KB)
...
006 (11078646.159.000) 06/08 15:04:30 Image size of job updated: 303564
	297  -  MemoryUsage of job (MB)
	303548  -  ResidentSetSize of job (KB)
...
006 (11078646.159.000) 06/08 15:24:33 Image size of job updated: 303892
	297  -  MemoryUsage of job (MB)
	303892  -  ResidentSetSize of job (KB)
...
006 (11078646.159.000) 06/08 15:29:33 Image size of job updated: 303964
	297  -  MemoryUsage of job (MB)
	303892  -  ResidentSetSize of job (KB)
...
006 (11078646.159.000) 06/08 15:39:35 Image size of job updated: 303964
	297  -  MemoryUsage of job (MB)
	303948  -  ResidentSetSize of job (KB)
...
040 (11078646.159.000) 06/08 15:45:17 Started transferring output files
...
040 (11078646.159.000) 06/08 15:45:17 Finished transferring output files
...
005 (11078646.159.000) 06/08 15:45:17 Job terminated.
	(1) Normal termination (return value 0)
		Usr 0 00:59:08, Sys 0 00:00:17  -  Run Remote Usage
		Usr 0 00:00:00, Sys 0 00:00:00  -  Run Local Usage
		Usr 0 00:59:08, Sys 0 00:00:17  -  Total Remote Usage
		Usr 0 00:00:00, Sys 0 00:00:00  -  Total Local Usage
	19209  -  Run Bytes Sent By Job
	17206  -  Run Bytes Received By Job
	19209  -  Total Bytes Sent By Job
	17206  -  Total Bytes Received By Job
	Partitionable Resources :    Usage  Request Allocated 
	   Cpus                 :     0.98        1         1 
	   Disk (KB)            :    59          20      3773 
	   GPUs                 :                           0 
	   Memory (MB)          :   297        3000      3000 
	   TimeExecute (s)      :  3664                       
	   TimeSlotBusy (s)     :  3666                       
...
