000 (11078646.241.000) 06/08 14:39:00 Job submitted from host: <188.185.6.50:9618?addrs=188.185.6.50-9618+[2001-1458-d00-62--100-2b1]-9618&alias=bigbird25.cern.ch&noUDP&sock=schedd_4036832_8faa>
...
040 (11078646.241.000) 06/08 14:44:38 Started transferring input files
	Transferring to host: <188.185.213.145:9618?addrs=188.185.213.145-9618+[2001-1458-303-1b--100-d]-9618&alias=b9p28p6428.cern.ch&noUDP&sock=slot1_8_9133_c64c_369192>
...
040 (11078646.241.000) 06/08 14:44:38 Finished transferring input files
...
001 (11078646.241.000) 06/08 14:44:39 Job executing on host: <188.185.213.145:9618?addrs=188.185.213.145-9618+[2001-1458-303-1b--100-d]-9618&alias=b9p28p6428.cern.ch&noUDP&sock=startd_7867_afa6>
	SlotName: slot1_8@b9p28p6428.cern.ch
	CondorScratchDir = "/pool/condor/dir_385286"
	Cpus = 1
	Disk = 3891
	GPUs = 0
	Memory = 3000
...
006 (11078646.241.000) 06/08 14:44:53 Image size of job updated: 202716
	198  -  MemoryUsage of job (MB)
	202716  -  ResidentSetSize of job (KB)
...
006 (11078646.241.000) 06/08 14:49:54 Image size of job updated: 298400
	292  -  MemoryUsage of job (MB)
	298400  -  ResidentSetSize of job (KB)
...
006 (11078646.241.000) 06/08 14:54:54 Image size of job updated: 299128
	293  -  MemoryUsage of job (MB)
	299128  -  ResidentSetSize of job (KB)
...
006 (11078646.241.000) 06/08 14:59:55 Image size of job updated: 299448
	293  -  MemoryUsage of job (MB)
	299448  -  ResidentSetSize of job (KB)
...
006 (11078646.241.000) 06/08 15:04:55 Image size of job updated: 300416
	294  -  MemoryUsage of job (MB)
	300416  -  ResidentSetSize of job (KB)
...
006 (11078646.241.000) 06/08 15:09:15 Image size of job updated: 301752
	294  -  MemoryUsage of job (MB)
	300416  -  ResidentSetSize of job (KB)
...
040 (11078646.241.000) 06/08 15:09:15 Started transferring output files
...
040 (11078646.241.000) 06/08 15:09:15 Finished transferring output files
...
005 (11078646.241.000) 06/08 15:09:15 Job terminated.
	(1) Normal termination (return value 0)
		Usr 0 00:23:00, Sys 0 00:00:16  -  Run Remote Usage
		Usr 0 00:00:00, Sys 0 00:00:00  -  Run Local Usage
		Usr 0 00:23:00, Sys 0 00:00:16  -  Total Remote Usage
		Usr 0 00:00:00, Sys 0 00:00:00  -  Total Local Usage
	14312  -  Run Bytes Sent By Job
	17206  -  Run Bytes Received By Job
	14312  -  Total Bytes Sent By Job
	17206  -  Total Bytes Received By Job
	Partitionable Resources :    Usage  Request Allocated 
	   Cpus                 :     0.83        1         1 
	   Disk (KB)            :    54          20      3891 
	   GPUs                 :                           0 
	   Memory (MB)          :   294        3000      3000 
	   TimeExecute (s)      :  1476                       
	   TimeSlotBusy (s)     :  1478                       
...
