000 (11078646.332.000) 06/08 14:39:00 Job submitted from host: <188.185.6.50:9618?addrs=188.185.6.50-9618+[2001-1458-d00-62--100-2b1]-9618&alias=bigbird25.cern.ch&noUDP&sock=schedd_4036832_8faa>
...
040 (11078646.332.000) 06/08 14:45:07 Started transferring input files
	Transferring to host: <188.185.208.142:9618?addrs=188.185.208.142-9618+[2001-1458-303-10--100-b]-9618&alias=b9p10p4646.cern.ch&noUDP&sock=slot1_11_4351_6c4a_250353>
...
040 (11078646.332.000) 06/08 14:45:07 Finished transferring input files
...
001 (11078646.332.000) 06/08 14:45:08 Job executing on host: <188.185.208.142:9618?addrs=188.185.208.142-9618+[2001-1458-303-10--100-b]-9618&alias=b9p10p4646.cern.ch&noUDP&sock=startd_3678_616b>
	SlotName: slot1_11@b9p10p4646.cern.ch
	CondorScratchDir = "/pool/condor/dir_1266106"
	Cpus = 1
	Disk = 3603
	GPUs = 0
	Memory = 3000
...
006 (11078646.332.000) 06/08 14:45:21 Image size of job updated: 242016
	237  -  MemoryUsage of job (MB)
	242016  -  ResidentSetSize of job (KB)
...
006 (11078646.332.000) 06/08 14:50:21 Image size of job updated: 300664
	292  -  MemoryUsage of job (MB)
	298964  -  ResidentSetSize of job (KB)
...
040 (11078646.332.000) 06/08 14:54:02 Started transferring output files
...
040 (11078646.332.000) 06/08 14:54:02 Finished transferring output files
...
005 (11078646.332.000) 06/08 14:54:02 Job terminated.
	(1) Normal termination (return value 0)
		Usr 0 00:08:30, Sys 0 00:00:03  -  Run Remote Usage
		Usr 0 00:00:00, Sys 0 00:00:00  -  Run Local Usage
		Usr 0 00:08:30, Sys 0 00:00:03  -  Total Remote Usage
		Usr 0 00:00:00, Sys 0 00:00:00  -  Total Local Usage
	13977  -  Run Bytes Sent By Job
	17206  -  Run Bytes Received By Job
	13977  -  Total Bytes Sent By Job
	17206  -  Total Bytes Received By Job
	Partitionable Resources :    Usage  Request Allocated 
	   Cpus                 :     0.98        1         1 
	   Disk (KB)            :    58          20      3603 
	   GPUs                 :                           0 
	   Memory (MB)          :   292        3000      3000 
	   TimeExecute (s)      :   534                       
	   TimeSlotBusy (s)     :   536                       
...
