000 (11078646.267.000) 06/08 14:39:00 Job submitted from host: <188.185.6.50:9618?addrs=188.185.6.50-9618+[2001-1458-d00-62--100-2b1]-9618&alias=bigbird25.cern.ch&noUDP&sock=schedd_4036832_8faa>
...
040 (11078646.267.000) 06/08 14:44:47 Started transferring input files
	Transferring to host: <128.142.196.44:9618?addrs=128.142.196.44-9618+[2001-1458-301-3c--100-2a]-9618&alias=b9g32p0061.cern.ch&noUDP&sock=slot1_29_3245_255d_296968>
...
040 (11078646.267.000) 06/08 14:44:47 Finished transferring input files
...
001 (11078646.267.000) 06/08 14:44:48 Job executing on host: <128.142.196.44:9618?addrs=128.142.196.44-9618+[2001-1458-301-3c--100-2a]-9618&alias=b9g32p0061.cern.ch&noUDP&sock=startd_2796_66e3>
	SlotName: slot1_29@b9g32p0061.cern.ch
	CondorScratchDir = "/pool/condor/dir_479699"
	Cpus = 1
	Disk = 3866
	GPUs = 0
	Memory = 3000
...
006 (11078646.267.000) 06/08 14:45:01 Image size of job updated: 202308
	198  -  MemoryUsage of job (MB)
	202308  -  ResidentSetSize of job (KB)
...
006 (11078646.267.000) 06/08 14:50:01 Image size of job updated: 295888
	289  -  MemoryUsage of job (MB)
	295888  -  ResidentSetSize of job (KB)
...
006 (11078646.267.000) 06/08 14:55:02 Image size of job updated: 298412
	292  -  MemoryUsage of job (MB)
	298412  -  ResidentSetSize of job (KB)
...
006 (11078646.267.000) 06/08 15:00:02 Image size of job updated: 299380
	293  -  MemoryUsage of job (MB)
	299380  -  ResidentSetSize of job (KB)
...
006 (11078646.267.000) 06/08 15:04:12 Image size of job updated: 300412
	293  -  MemoryUsage of job (MB)
	299380  -  ResidentSetSize of job (KB)
...
040 (11078646.267.000) 06/08 15:04:12 Started transferring output files
...
040 (11078646.267.000) 06/08 15:04:12 Finished transferring output files
...
005 (11078646.267.000) 06/08 15:04:12 Job terminated.
	(1) Normal termination (return value 0)
		Usr 0 00:18:39, Sys 0 00:00:09  -  Run Remote Usage
		Usr 0 00:00:00, Sys 0 00:00:00  -  Run Local Usage
		Usr 0 00:18:39, Sys 0 00:00:09  -  Total Remote Usage
		Usr 0 00:00:00, Sys 0 00:00:00  -  Total Local Usage
	14200  -  Run Bytes Sent By Job
	17206  -  Run Bytes Received By Job
	14200  -  Total Bytes Sent By Job
	17206  -  Total Bytes Received By Job
	Partitionable Resources :    Usage  Request Allocated 
	   Cpus                 :     0.97        1         1 
	   Disk (KB)            :    54          20      3866 
	   GPUs                 :                           0 
	   Memory (MB)          :   293        3000      3000 
	   TimeExecute (s)      :  1164                       
	   TimeSlotBusy (s)     :  1166                       
...
