000 (11078646.126.000) 06/08 14:39:00 Job submitted from host: <188.185.6.50:9618?addrs=188.185.6.50-9618+[2001-1458-d00-62--100-2b1]-9618&alias=bigbird25.cern.ch&noUDP&sock=schedd_4036832_8faa>
...
040 (11078646.126.000) 06/08 14:44:01 Started transferring input files
	Transferring to host: <188.185.210.62:9618?addrs=188.185.210.62-9618+[2001-1458-303-1--100-3a]-9618&alias=b9p21p9921.cern.ch&noUDP&sock=slot1_36_5345_c932_235109>
...
040 (11078646.126.000) 06/08 14:44:01 Finished transferring input files
...
001 (11078646.126.000) 06/08 14:44:02 Job executing on host: <188.185.210.62:9618?addrs=188.185.210.62-9618+[2001-1458-303-1--100-3a]-9618&alias=b9p21p9921.cern.ch&noUDP&sock=startd_4311_90de>
	SlotName: slot1_36@b9p21p9921.cern.ch
	CondorScratchDir = "/pool/condor/dir_4115217"
	Cpus = 1
	Disk = 3754
	GPUs = 0
	Memory = 3000
...
006 (11078646.126.000) 06/08 14:44:15 Image size of job updated: 203468
	199  -  MemoryUsage of job (MB)
	203468  -  ResidentSetSize of job (KB)
...
006 (11078646.126.000) 06/08 14:49:15 Image size of job updated: 297172
	291  -  MemoryUsage of job (MB)
	297172  -  ResidentSetSize of job (KB)
...
006 (11078646.126.000) 06/08 14:54:16 Image size of job updated: 299476
	293  -  MemoryUsage of job (MB)
	299476  -  ResidentSetSize of job (KB)
...
006 (11078646.126.000) 06/08 14:59:16 Image size of job updated: 299564
	293  -  MemoryUsage of job (MB)
	299476  -  ResidentSetSize of job (KB)
...
040 (11078646.126.000) 06/08 15:02:38 Started transferring output files
...
040 (11078646.126.000) 06/08 15:02:38 Finished transferring output files
...
005 (11078646.126.000) 06/08 15:02:38 Job terminated.
	(1) Normal termination (return value 0)
		Usr 0 00:17:51, Sys 0 00:00:08  -  Run Remote Usage
		Usr 0 00:00:00, Sys 0 00:00:00  -  Run Local Usage
		Usr 0 00:17:51, Sys 0 00:00:08  -  Total Remote Usage
		Usr 0 00:00:00, Sys 0 00:00:00  -  Total Local Usage
	13817  -  Run Bytes Sent By Job
	17206  -  Run Bytes Received By Job
	13817  -  Total Bytes Sent By Job
	17206  -  Total Bytes Received By Job
	Partitionable Resources :    Usage  Request Allocated 
	   Cpus                 :     0.98        1         1 
	   Disk (KB)            :    53          20      3754 
	   GPUs                 :                           0 
	   Memory (MB)          :   293        3000      3000 
	   TimeExecute (s)      :  1116                       
	   TimeSlotBusy (s)     :  1118                       
...
