000 (11078646.040.000) 06/08 14:39:00 Job submitted from host: <188.185.6.50:9618?addrs=188.185.6.50-9618+[2001-1458-d00-62--100-2b1]-9618&alias=bigbird25.cern.ch&noUDP&sock=schedd_4036832_8faa>
...
040 (11078646.040.000) 06/08 14:43:33 Started transferring input files
	Transferring to host: <188.185.193.153:9618?addrs=188.185.193.153-9618+[2001-1458-303-20--100-95]-9618&alias=b9p19p1776.cern.ch&noUDP&sock=slot1_6_9420_fdf8_257937>
...
040 (11078646.040.000) 06/08 14:43:33 Finished transferring input files
...
001 (11078646.040.000) 06/08 14:43:34 Job executing on host: <188.185.193.153:9618?addrs=188.185.193.153-9618+[2001-1458-303-20--100-95]-9618&alias=b9p19p1776.cern.ch&noUDP&sock=startd_7989_5e33>
	SlotName: slot1_6@b9p19p1776.cern.ch
	CondorScratchDir = "/pool/condor/dir_519466"
	Cpus = 1
	Disk = 3794
	GPUs = 0
	Memory = 3000
...
006 (11078646.040.000) 06/08 14:43:47 Image size of job updated: 202080
	198  -  MemoryUsage of job (MB)
	202080  -  ResidentSetSize of job (KB)
...
006 (11078646.040.000) 06/08 14:48:47 Image size of job updated: 294068
	288  -  MemoryUsage of job (MB)
	294068  -  ResidentSetSize of job (KB)
...
006 (11078646.040.000) 06/08 14:53:48 Image size of job updated: 298276
	292  -  MemoryUsage of job (MB)
	298276  -  ResidentSetSize of job (KB)
...
006 (11078646.040.000) 06/08 14:58:48 Image size of job updated: 300720
	294  -  MemoryUsage of job (MB)
	300720  -  ResidentSetSize of job (KB)
...
006 (11078646.040.000) 06/08 15:03:48 Image size of job updated: 300736
	294  -  MemoryUsage of job (MB)
	300720  -  ResidentSetSize of job (KB)
...
040 (11078646.040.000) 06/08 15:11:19 Started transferring output files
...
040 (11078646.040.000) 06/08 15:11:19 Finished transferring output files
...
005 (11078646.040.000) 06/08 15:11:19 Job terminated.
	(1) Normal termination (return value 0)
		Usr 0 00:26:38, Sys 0 00:00:08  -  Run Remote Usage
		Usr 0 00:00:00, Sys 0 00:00:00  -  Run Local Usage
		Usr 0 00:26:38, Sys 0 00:00:08  -  Total Remote Usage
		Usr 0 00:00:00, Sys 0 00:00:00  -  Total Local Usage
	14112  -  Run Bytes Sent By Job
	17206  -  Run Bytes Received By Job
	14112  -  Total Bytes Sent By Job
	17206  -  Total Bytes Received By Job
	Partitionable Resources :    Usage  Request Allocated 
	   Cpus                 :     0.98        1         1 
	   Disk (KB)            :    54          20      3794 
	   GPUs                 :                           0 
	   Memory (MB)          :   294        3000      3000 
	   TimeExecute (s)      :  1665                       
	   TimeSlotBusy (s)     :  1667                       
...
