000 (11078646.276.000) 06/08 14:39:00 Job submitted from host: <188.185.6.50:9618?addrs=188.185.6.50-9618+[2001-1458-d00-62--100-2b1]-9618&alias=bigbird25.cern.ch&noUDP&sock=schedd_4036832_8faa>
...
040 (11078646.276.000) 06/08 14:44:50 Started transferring input files
	Transferring to host: <188.185.210.225:9618?addrs=188.185.210.225-9618+[2001-1458-303-15--100-5d]-9618&alias=b9p22p2530.cern.ch&noUDP&sock=slot1_37_4236_6525_369758>
...
040 (11078646.276.000) 06/08 14:44:50 Finished transferring input files
...
001 (11078646.276.000) 06/08 14:44:51 Job executing on host: <188.185.210.225:9618?addrs=188.185.210.225-9618+[2001-1458-303-15--100-5d]-9618&alias=b9p22p2530.cern.ch&noUDP&sock=startd_3592_6446>
	SlotName: slot1_37@b9p22p2530.cern.ch
	CondorScratchDir = "/pool/condor/dir_3794700"
	Cpus = 1
	Disk = 3785
	GPUs = 0
	Memory = 3000
...
006 (11078646.276.000) 06/08 14:45:05 Image size of job updated: 202944
	199  -  MemoryUsage of job (MB)
	202944  -  ResidentSetSize of job (KB)
...
006 (11078646.276.000) 06/08 14:50:06 Image size of job updated: 296824
	290  -  MemoryUsage of job (MB)
	296824  -  ResidentSetSize of job (KB)
...
006 (11078646.276.000) 06/08 14:55:07 Image size of job updated: 297124
	291  -  MemoryUsage of job (MB)
	297124  -  ResidentSetSize of job (KB)
...
006 (11078646.276.000) 06/08 15:00:07 Image size of job updated: 299460
	293  -  MemoryUsage of job (MB)
	299460  -  ResidentSetSize of job (KB)
...
006 (11078646.276.000) 06/08 15:04:19 Image size of job updated: 320892
	293  -  MemoryUsage of job (MB)
	299460  -  ResidentSetSize of job (KB)
...
040 (11078646.276.000) 06/08 15:04:19 Started transferring output files
...
040 (11078646.276.000) 06/08 15:04:19 Finished transferring output files
...
005 (11078646.276.000) 06/08 15:04:19 Job terminated.
	(1) Normal termination (return value 0)
		Usr 0 00:18:45, Sys 0 00:00:08  -  Run Remote Usage
		Usr 0 00:00:00, Sys 0 00:00:00  -  Run Local Usage
		Usr 0 00:18:45, Sys 0 00:00:08  -  Total Remote Usage
		Usr 0 00:00:00, Sys 0 00:00:00  -  Total Local Usage
	13897  -  Run Bytes Sent By Job
	17206  -  Run Bytes Received By Job
	13897  -  Total Bytes Sent By Job
	17206  -  Total Bytes Received By Job
	Partitionable Resources :    Usage  Request Allocated 
	   Cpus                 :     0.98        1         1 
	   Disk (KB)            :    53          20      3785 
	   GPUs                 :                           0 
	   Memory (MB)          :   293        3000      3000 
	   TimeExecute (s)      :  1168                       
	   TimeSlotBusy (s)     :  1170                       
...
