000 (11078646.246.000) 06/08 14:39:00 Job submitted from host: <188.185.6.50:9618?addrs=188.185.6.50-9618+[2001-1458-d00-62--100-2b1]-9618&alias=bigbird25.cern.ch&noUDP&sock=schedd_4036832_8faa>
...
040 (11078646.246.000) 06/08 14:44:40 Started transferring input files
	Transferring to host: <188.185.196.71:9618?addrs=188.185.196.71-9618+[2001-1458-303-23--100-43]-9618&alias=b9p16p0802.cern.ch&noUDP&sock=slot1_28_3366_66c2_128854>
...
040 (11078646.246.000) 06/08 14:44:40 Finished transferring input files
...
001 (11078646.246.000) 06/08 14:44:41 Job executing on host: <188.185.196.71:9618?addrs=188.185.196.71-9618+[2001-1458-303-23--100-43]-9618&alias=b9p16p0802.cern.ch&noUDP&sock=startd_3200_8326>
	SlotName: slot1_28@b9p16p0802.cern.ch
	CondorScratchDir = "/pool/condor/dir_1964883"
	Cpus = 1
	Disk = 3869
	GPUs = 0
	Memory = 3000
...
006 (11078646.246.000) 06/08 14:44:55 Image size of job updated: 199448
	195  -  MemoryUsage of job (MB)
	199448  -  ResidentSetSize of job (KB)
...
006 (11078646.246.000) 06/08 14:49:56 Image size of job updated: 296216
	290  -  MemoryUsage of job (MB)
	296216  -  ResidentSetSize of job (KB)
...
006 (11078646.246.000) 06/08 14:54:57 Image size of job updated: 297344
	291  -  MemoryUsage of job (MB)
	297344  -  ResidentSetSize of job (KB)
...
006 (11078646.246.000) 06/08 14:59:57 Image size of job updated: 301564
	295  -  MemoryUsage of job (MB)
	301564  -  ResidentSetSize of job (KB)
...
006 (11078646.246.000) 06/08 15:04:58 Image size of job updated: 301612
	295  -  MemoryUsage of job (MB)
	301612  -  ResidentSetSize of job (KB)
...
006 (11078646.246.000) 06/08 15:09:59 Image size of job updated: 301712
	295  -  MemoryUsage of job (MB)
	301612  -  ResidentSetSize of job (KB)
...
040 (11078646.246.000) 06/08 15:13:38 Started transferring output files
...
040 (11078646.246.000) 06/08 15:13:38 Finished transferring output files
...
005 (11078646.246.000) 06/08 15:13:38 Job terminated.
	(1) Normal termination (return value 0)
		Usr 0 00:28:16, Sys 0 00:00:06  -  Run Remote Usage
		Usr 0 00:00:00, Sys 0 00:00:00  -  Run Local Usage
		Usr 0 00:28:16, Sys 0 00:00:06  -  Total Remote Usage
		Usr 0 00:00:00, Sys 0 00:00:00  -  Total Local Usage
	14249  -  Run Bytes Sent By Job
	17206  -  Run Bytes Received By Job
	14249  -  Total Bytes Sent By Job
	17206  -  Total Bytes Received By Job
	Partitionable Resources :    Usage  Request Allocated 
	   Cpus                 :     0.97        1         1 
	   Disk (KB)            :    54          20      3869 
	   GPUs                 :                           0 
	   Memory (MB)          :   295        3000      3000 
	   TimeExecute (s)      :  1737                       
	   TimeSlotBusy (s)     :  1739                       
...
