000 (11078646.308.000) 06/08 14:39:00 Job submitted from host: <188.185.6.50:9618?addrs=188.185.6.50-9618+[2001-1458-d00-62--100-2b1]-9618&alias=bigbird25.cern.ch&noUDP&sock=schedd_4036832_8faa>
...
040 (11078646.308.000) 06/08 14:45:00 Started transferring input files
	Transferring to host: <188.185.215.176:9618?addrs=188.185.215.176-9618+[2001-1458-303-26--100-2c]-9618&alias=b9p18p7146.cern.ch&noUDP&sock=slot1_18_1384226_309a_211796>
...
040 (11078646.308.000) 06/08 14:45:00 Finished transferring input files
...
001 (11078646.308.000) 06/08 14:45:01 Job executing on host: <188.185.215.176:9618?addrs=188.185.215.176-9618+[2001-1458-303-26--100-2c]-9618&alias=b9p18p7146.cern.ch&noUDP&sock=startd_7282_6cbe>
	SlotName: slot1_18@b9p18p7146.cern.ch
	CondorScratchDir = "/pool/condor/dir_1734450"
	Cpus = 1
	Disk = 3812
	GPUs = 0
	Memory = 3000
...
006 (11078646.308.000) 06/08 14:45:15 Image size of job updated: 204336
	200  -  MemoryUsage of job (MB)
	204336  -  ResidentSetSize of job (KB)
...
006 (11078646.308.000) 06/08 14:50:16 Image size of job updated: 298040
	291  -  MemoryUsage of job (MB)
	297744  -  ResidentSetSize of job (KB)
...
006 (11078646.308.000) 06/08 14:55:16 Image size of job updated: 298820
	292  -  MemoryUsage of job (MB)
	298820  -  ResidentSetSize of job (KB)
...
006 (11078646.308.000) 06/08 15:00:16 Image size of job updated: 299084
	293  -  MemoryUsage of job (MB)
	299084  -  ResidentSetSize of job (KB)
...
006 (11078646.308.000) 06/08 15:05:17 Image size of job updated: 301976
	295  -  MemoryUsage of job (MB)
	301976  -  ResidentSetSize of job (KB)
...
006 (11078646.308.000) 06/08 15:10:17 Image size of job updated: 302072
	295  -  MemoryUsage of job (MB)
	301976  -  ResidentSetSize of job (KB)
...
006 (11078646.308.000) 06/08 15:49:07 Image size of job updated: 347012
	295  -  MemoryUsage of job (MB)
	301976  -  ResidentSetSize of job (KB)
...
040 (11078646.308.000) 06/08 15:49:07 Started transferring output files
...
040 (11078646.308.000) 06/08 15:49:07 Finished transferring output files
...
005 (11078646.308.000) 06/08 15:49:07 Job terminated.
	(1) Normal termination (return value 0)
		Usr 0 01:00:40, Sys 0 00:00:25  -  Run Remote Usage
		Usr 0 00:00:00, Sys 0 00:00:00  -  Run Local Usage
		Usr 0 01:00:40, Sys 0 00:00:25  -  Total Remote Usage
		Usr 0 00:00:00, Sys 0 00:00:00  -  Total Local Usage
	19545  -  Run Bytes Sent By Job
	17206  -  Run Bytes Received By Job
	19545  -  Total Bytes Sent By Job
	17206  -  Total Bytes Received By Job
	Partitionable Resources :    Usage  Request Allocated 
	   Cpus                 :     0.96        1         1 
	   Disk (KB)            :    59          20      3812 
	   GPUs                 :                           0 
	   Memory (MB)          :   295        3000      3000 
	   TimeExecute (s)      :  3846                       
	   TimeSlotBusy (s)     :  3848                       
...
