000 (11078646.233.000) 06/08 14:39:00 Job submitted from host: <188.185.6.50:9618?addrs=188.185.6.50-9618+[2001-1458-d00-62--100-2b1]-9618&alias=bigbird25.cern.ch&noUDP&sock=schedd_4036832_8faa>
...
040 (11078646.233.000) 06/08 14:44:35 Started transferring input files
	Transferring to host: <128.142.161.80:9618?addrs=128.142.161.80-9618+[2001-1458-301-b8--100-e]-9618&alias=b9g03p6247.cern.ch&noUDP&sock=slot1_17_1396141_629f_40534>
...
040 (11078646.233.000) 06/08 14:44:35 Finished transferring input files
...
001 (11078646.233.000) 06/08 14:44:36 Job executing on host: <128.142.161.80:9618?addrs=128.142.161.80-9618+[2001-1458-301-b8--100-e]-9618&alias=b9g03p6247.cern.ch&noUDP&sock=startd_6103_ba95>
	SlotName: slot1_17@b9g03p6247.cern.ch
	CondorScratchDir = "/pool/condor/dir_333282"
	Cpus = 1
	Disk = 3835
	GPUs = 0
	Memory = 3000
...
006 (11078646.233.000) 06/08 14:44:49 Image size of job updated: 83532
	82  -  MemoryUsage of job (MB)
	83532  -  ResidentSetSize of job (KB)
...
006 (11078646.233.000) 06/08 14:49:49 Image size of job updated: 292292
	286  -  MemoryUsage of job (MB)
	292292  -  ResidentSetSize of job (KB)
...
006 (11078646.233.000) 06/08 14:54:50 Image size of job updated: 299364
	293  -  MemoryUsage of job (MB)
	299364  -  ResidentSetSize of job (KB)
...
006 (11078646.233.000) 06/08 14:59:50 Image size of job updated: 299460
	293  -  MemoryUsage of job (MB)
	299364  -  ResidentSetSize of job (KB)
...
006 (11078646.233.000) 06/08 15:07:34 Image size of job updated: 300288
	293  -  MemoryUsage of job (MB)
	299364  -  ResidentSetSize of job (KB)
...
040 (11078646.233.000) 06/08 15:07:34 Started transferring output files
...
040 (11078646.233.000) 06/08 15:07:34 Finished transferring output files
...
005 (11078646.233.000) 06/08 15:07:34 Job terminated.
	(1) Normal termination (return value 0)
		Usr 0 00:22:12, Sys 0 00:00:05  -  Run Remote Usage
		Usr 0 00:00:00, Sys 0 00:00:00  -  Run Local Usage
		Usr 0 00:22:12, Sys 0 00:00:05  -  Total Remote Usage
		Usr 0 00:00:00, Sys 0 00:00:00  -  Total Local Usage
	13800  -  Run Bytes Sent By Job
	17206  -  Run Bytes Received By Job
	13800  -  Total Bytes Sent By Job
	17206  -  Total Bytes Received By Job
	Partitionable Resources :    Usage  Request Allocated 
	   Cpus                 :     0.99        1         1 
	   Disk (KB)            :    53          20      3835 
	   GPUs                 :                           0 
	   Memory (MB)          :   293        3000      3000 
	   TimeExecute (s)      :  1378                       
	   TimeSlotBusy (s)     :  1380                       
...
