000 (11078646.285.000) 06/08 14:39:00 Job submitted from host: <188.185.6.50:9618?addrs=188.185.6.50-9618+[2001-1458-d00-62--100-2b1]-9618&alias=bigbird25.cern.ch&noUDP&sock=schedd_4036832_8faa>
...
040 (11078646.285.000) 06/08 14:44:53 Started transferring input files
	Transferring to host: <188.185.210.166:9618?addrs=188.185.210.166-9618+[2001-1458-303-15--100-22]-9618&alias=b9p22p8829.cern.ch&noUDP&sock=slot1_47_5255_5f6f_292721>
...
040 (11078646.285.000) 06/08 14:44:53 Finished transferring input files
...
001 (11078646.285.000) 06/08 14:44:54 Job executing on host: <188.185.210.166:9618?addrs=188.185.210.166-9618+[2001-1458-303-15--100-22]-9618&alias=b9p22p8829.cern.ch&noUDP&sock=startd_4259_e5f2>
	SlotName: slot1_47@b9p22p8829.cern.ch
	CondorScratchDir = "/pool/condor/dir_296513"
	Cpus = 1
	Disk = 3797
	GPUs = 0
	Memory = 3000
...
006 (11078646.285.000) 06/08 14:45:07 Image size of job updated: 202448
	198  -  MemoryUsage of job (MB)
	202448  -  ResidentSetSize of job (KB)
...
006 (11078646.285.000) 06/08 14:50:07 Image size of job updated: 295040
	289  -  MemoryUsage of job (MB)
	295040  -  ResidentSetSize of job (KB)
...
006 (11078646.285.000) 06/08 14:55:08 Image size of job updated: 295812
	289  -  MemoryUsage of job (MB)
	295812  -  ResidentSetSize of job (KB)
...
006 (11078646.285.000) 06/08 15:00:08 Image size of job updated: 298376
	292  -  MemoryUsage of job (MB)
	298376  -  ResidentSetSize of job (KB)
...
006 (11078646.285.000) 06/08 15:04:08 Image size of job updated: 299340
	292  -  MemoryUsage of job (MB)
	298376  -  ResidentSetSize of job (KB)
...
040 (11078646.285.000) 06/08 15:04:08 Started transferring output files
...
040 (11078646.285.000) 06/08 15:04:08 Finished transferring output files
...
005 (11078646.285.000) 06/08 15:04:08 Job terminated.
	(1) Normal termination (return value 0)
		Usr 0 00:18:25, Sys 0 00:00:05  -  Run Remote Usage
		Usr 0 00:00:00, Sys 0 00:00:00  -  Run Local Usage
		Usr 0 00:18:25, Sys 0 00:00:05  -  Total Remote Usage
		Usr 0 00:00:00, Sys 0 00:00:00  -  Total Local Usage
	13992  -  Run Bytes Sent By Job
	17206  -  Run Bytes Received By Job
	13992  -  Total Bytes Sent By Job
	17206  -  Total Bytes Received By Job
	Partitionable Resources :    Usage  Request Allocated 
	   Cpus                 :     0.95        1         1 
	   Disk (KB)            :    54          20      3797 
	   GPUs                 :                           0 
	   Memory (MB)          :   292        3000      3000 
	   TimeExecute (s)      :  1154                       
	   TimeSlotBusy (s)     :  1156                       
...
