000 (11078646.321.000) 06/08 14:39:00 Job submitted from host: <188.185.6.50:9618?addrs=188.185.6.50-9618+[2001-1458-d00-62--100-2b1]-9618&alias=bigbird25.cern.ch&noUDP&sock=schedd_4036832_8faa>
...
040 (11078646.321.000) 06/08 14:45:04 Started transferring input files
	Transferring to host: <128.142.161.104:9618?addrs=128.142.161.104-9618+[2001-1458-301-b8--100-26]-9618&alias=b9g03p9650.cern.ch&noUDP&sock=slot1_57_3560587_65af_274492>
...
040 (11078646.321.000) 06/08 14:45:04 Finished transferring input files
...
001 (11078646.321.000) 06/08 14:45:05 Job executing on host: <128.142.161.104:9618?addrs=128.142.161.104-9618+[2001-1458-301-b8--100-26]-9618&alias=b9g03p9650.cern.ch&noUDP&sock=startd_6196_84e4>
	SlotName: slot1_57@b9g03p9650.cern.ch
	CondorScratchDir = "/pool/condor/dir_1292318"
	Cpus = 1
	Disk = 3835
	GPUs = 0
	Memory = 3000
...
006 (11078646.321.000) 06/08 14:45:19 Image size of job updated: 203552
	199  -  MemoryUsage of job (MB)
	203552  -  ResidentSetSize of job (KB)
...
006 (11078646.321.000) 06/08 14:50:20 Image size of job updated: 294128
	288  -  MemoryUsage of job (MB)
	294128  -  ResidentSetSize of job (KB)
...
006 (11078646.321.000) 06/08 14:55:20 Image size of job updated: 297468
	291  -  MemoryUsage of job (MB)
	297468  -  ResidentSetSize of job (KB)
...
006 (11078646.321.000) 06/08 15:00:20 Image size of job updated: 298132
	292  -  MemoryUsage of job (MB)
	298132  -  ResidentSetSize of job (KB)
...
006 (11078646.321.000) 06/08 15:05:21 Image size of job updated: 298884
	292  -  MemoryUsage of job (MB)
	298884  -  ResidentSetSize of job (KB)
...
006 (11078646.321.000) 06/08 15:10:21 Image size of job updated: 298912
	292  -  MemoryUsage of job (MB)
	298912  -  ResidentSetSize of job (KB)
...
006 (11078646.321.000) 06/08 15:11:28 Image size of job updated: 329592
	292  -  MemoryUsage of job (MB)
	298912  -  ResidentSetSize of job (KB)
...
040 (11078646.321.000) 06/08 15:11:28 Started transferring output files
...
040 (11078646.321.000) 06/08 15:11:28 Finished transferring output files
...
005 (11078646.321.000) 06/08 15:11:28 Job terminated.
	(1) Normal termination (return value 0)
		Usr 0 00:25:38, Sys 0 00:00:07  -  Run Remote Usage
		Usr 0 00:00:00, Sys 0 00:00:00  -  Run Local Usage
		Usr 0 00:25:38, Sys 0 00:00:07  -  Total Remote Usage
		Usr 0 00:00:00, Sys 0 00:00:00  -  Total Local Usage
	14089  -  Run Bytes Sent By Job
	17206  -  Run Bytes Received By Job
	14089  -  Total Bytes Sent By Job
	17206  -  Total Bytes Received By Job
	Partitionable Resources :    Usage  Request Allocated 
	   Cpus                 :     0.94        1         1 
	   Disk (KB)            :    54          20      3835 
	   GPUs                 :                           0 
	   Memory (MB)          :   292        3000      3000 
	   TimeExecute (s)      :  1583                       
	   TimeSlotBusy (s)     :  1585                       
...
