000 (11078646.071.000) 06/08 14:39:01 Job submitted from host: <188.185.6.50:9618?addrs=188.185.6.50-9618+[2001-1458-d00-62--100-2b1]-9618&alias=bigbird25.cern.ch&noUDP&sock=schedd_4036832_8faa>
...
040 (11078646.071.000) 06/08 14:43:44 Started transferring input files
	Transferring to host: <188.185.208.7:9618?addrs=188.185.208.7-9618+[2001-1458-303-f--100-4]-9618&alias=b9p09p4323.cern.ch&noUDP&sock=slot1_7_4013_457c_251104>
...
040 (11078646.071.000) 06/08 14:43:44 Finished transferring input files
...
001 (11078646.071.000) 06/08 14:43:45 Job executing on host: <188.185.208.7:9618?addrs=188.185.208.7-9618+[2001-1458-303-f--100-4]-9618&alias=b9p09p4323.cern.ch&noUDP&sock=startd_3553_a415>
	SlotName: slot1_7@b9p09p4323.cern.ch
	CondorScratchDir = "/pool/condor/dir_2883328"
	Cpus = 1
	Disk = 3574
	GPUs = 0
	Memory = 3000
...
006 (11078646.071.000) 06/08 14:43:59 Image size of job updated: 202332
	198  -  MemoryUsage of job (MB)
	202332  -  ResidentSetSize of job (KB)
...
006 (11078646.071.000) 06/08 14:49:00 Image size of job updated: 299712
	293  -  MemoryUsage of job (MB)
	299712  -  ResidentSetSize of job (KB)
...
006 (11078646.071.000) 06/08 14:54:00 Image size of job updated: 300048
	294  -  MemoryUsage of job (MB)
	300048  -  ResidentSetSize of job (KB)
...
006 (11078646.071.000) 06/08 14:59:01 Image size of job updated: 300076
	294  -  MemoryUsage of job (MB)
	300048  -  ResidentSetSize of job (KB)
...
040 (11078646.071.000) 06/08 15:02:09 Started transferring output files
...
040 (11078646.071.000) 06/08 15:02:09 Finished transferring output files
...
005 (11078646.071.000) 06/08 15:02:09 Job terminated.
	(1) Normal termination (return value 0)
		Usr 0 00:17:24, Sys 0 00:00:08  -  Run Remote Usage
		Usr 0 00:00:00, Sys 0 00:00:00  -  Run Local Usage
		Usr 0 00:17:24, Sys 0 00:00:08  -  Total Remote Usage
		Usr 0 00:00:00, Sys 0 00:00:00  -  Total Local Usage
	14201  -  Run Bytes Sent By Job
	17206  -  Run Bytes Received By Job
	14201  -  Total Bytes Sent By Job
	17206  -  Total Bytes Received By Job
	Partitionable Resources :    Usage  Request Allocated 
	   Cpus                 :     0.98        1         1 
	   Disk (KB)            :    56          20      3574 
	   GPUs                 :                           0 
	   Memory (MB)          :   294        3000      3000 
	   TimeExecute (s)      :  1104                       
	   TimeSlotBusy (s)     :  1106                       
...
