000 (11078646.017.000) 06/08 14:39:00 Job submitted from host: <188.185.6.50:9618?addrs=188.185.6.50-9618+[2001-1458-d00-62--100-2b1]-9618&alias=bigbird25.cern.ch&noUDP&sock=schedd_4036832_8faa>
...
040 (11078646.017.000) 06/08 14:43:26 Started transferring input files
	Transferring to host: <188.185.193.101:9618?addrs=188.185.193.101-9618+[2001-1458-303-20--100-61]-9618&alias=b9p19p6122.cern.ch&noUDP&sock=slot1_19_5526_511a_260257>
...
040 (11078646.017.000) 06/08 14:43:26 Finished transferring input files
...
001 (11078646.017.000) 06/08 14:43:27 Job executing on host: <188.185.193.101:9618?addrs=188.185.193.101-9618+[2001-1458-303-20--100-61]-9618&alias=b9p19p6122.cern.ch&noUDP&sock=startd_4312_4077>
	SlotName: slot1_19@b9p19p6122.cern.ch
	CondorScratchDir = "/pool/condor/dir_158335"
	Cpus = 1
	Disk = 3862
	GPUs = 0
	Memory = 3000
...
006 (11078646.017.000) 06/08 14:43:40 Image size of job updated: 202328
	198  -  MemoryUsage of job (MB)
	202328  -  ResidentSetSize of job (KB)
...
006 (11078646.017.000) 06/08 14:48:40 Image size of job updated: 298112
	292  -  MemoryUsage of job (MB)
	298112  -  ResidentSetSize of job (KB)
...
006 (11078646.017.000) 06/08 14:53:41 Image size of job updated: 298444
	292  -  MemoryUsage of job (MB)
	298444  -  ResidentSetSize of job (KB)
...
006 (11078646.017.000) 06/08 14:58:41 Image size of job updated: 298696
	292  -  MemoryUsage of job (MB)
	298696  -  ResidentSetSize of job (KB)
...
006 (11078646.017.000) 06/08 15:03:41 Image size of job updated: 298704
	292  -  MemoryUsage of job (MB)
	298696  -  ResidentSetSize of job (KB)
...
006 (11078646.017.000) 06/08 15:13:42 Image size of job updated: 300604
	294  -  MemoryUsage of job (MB)
	300604  -  ResidentSetSize of job (KB)
...
006 (11078646.017.000) 06/08 15:18:42 Image size of job updated: 300620
	294  -  MemoryUsage of job (MB)
	300620  -  ResidentSetSize of job (KB)
...
006 (11078646.017.000) 06/08 15:23:43 Image size of job updated: 300628
	294  -  MemoryUsage of job (MB)
	300620  -  ResidentSetSize of job (KB)
...
040 (11078646.017.000) 06/08 16:10:32 Started transferring output files
...
040 (11078646.017.000) 06/08 16:10:32 Finished transferring output files
...
005 (11078646.017.000) 06/08 16:10:32 Job terminated.
	(1) Normal termination (return value 0)
		Usr 0 01:24:09, Sys 0 00:00:22  -  Run Remote Usage
		Usr 0 00:00:00, Sys 0 00:00:00  -  Run Local Usage
		Usr 0 01:24:09, Sys 0 00:00:22  -  Total Remote Usage
		Usr 0 00:00:00, Sys 0 00:00:00  -  Total Local Usage
	19280  -  Run Bytes Sent By Job
	17206  -  Run Bytes Received By Job
	19280  -  Total Bytes Sent By Job
	17206  -  Total Bytes Received By Job
	Partitionable Resources :    Usage  Request Allocated 
	   Cpus                 :     0.98        1         1 
	   Disk (KB)            :    59          20      3862 
	   GPUs                 :                           0 
	   Memory (MB)          :   294        3000      3000 
	   TimeExecute (s)      :  5225                       
	   TimeSlotBusy (s)     :  5227                       
...
