000 (11078646.314.000) 06/08 14:39:00 Job submitted from host: <188.185.6.50:9618?addrs=188.185.6.50-9618+[2001-1458-d00-62--100-2b1]-9618&alias=bigbird25.cern.ch&noUDP&sock=schedd_4036832_8faa>
...
040 (11078646.314.000) 06/08 14:45:01 Started transferring input files
	Transferring to host: <188.185.214.143:9618?addrs=188.185.214.143-9618+[2001-1458-303-1d--100-b]-9618&alias=b9p30p9649.cern.ch&noUDP&sock=slot1_39_1680280_03e1_207781>
...
040 (11078646.314.000) 06/08 14:45:01 Finished transferring input files
...
001 (11078646.314.000) 06/08 14:45:02 Job executing on host: <188.185.214.143:9618?addrs=188.185.214.143-9618+[2001-1458-303-1d--100-b]-9618&alias=b9p30p9649.cern.ch&noUDP&sock=startd_3410_8e0a>
	SlotName: slot1_39@b9p30p9649.cern.ch
	CondorScratchDir = "/pool/condor/dir_2369519"
	Cpus = 1
	Disk = 3714
	GPUs = 0
	Memory = 3000
...
006 (11078646.314.000) 06/08 14:45:16 Image size of job updated: 202456
	198  -  MemoryUsage of job (MB)
	202456  -  ResidentSetSize of job (KB)
...
006 (11078646.314.000) 06/08 14:50:17 Image size of job updated: 296672
	290  -  MemoryUsage of job (MB)
	296672  -  ResidentSetSize of job (KB)
...
006 (11078646.314.000) 06/08 14:55:18 Image size of job updated: 296912
	290  -  MemoryUsage of job (MB)
	296672  -  ResidentSetSize of job (KB)
...
006 (11078646.314.000) 06/08 15:00:18 Image size of job updated: 298020
	292  -  MemoryUsage of job (MB)
	298020  -  ResidentSetSize of job (KB)
...
006 (11078646.314.000) 06/08 15:00:29 Image size of job updated: 298468
	292  -  MemoryUsage of job (MB)
	298020  -  ResidentSetSize of job (KB)
...
040 (11078646.314.000) 06/08 15:00:29 Started transferring output files
...
040 (11078646.314.000) 06/08 15:00:29 Finished transferring output files
...
005 (11078646.314.000) 06/08 15:00:29 Job terminated.
	(1) Normal termination (return value 0)
		Usr 0 00:14:50, Sys 0 00:00:06  -  Run Remote Usage
		Usr 0 00:00:00, Sys 0 00:00:00  -  Run Local Usage
		Usr 0 00:14:50, Sys 0 00:00:06  -  Total Remote Usage
		Usr 0 00:00:00, Sys 0 00:00:00  -  Total Local Usage
	13849  -  Run Bytes Sent By Job
	17206  -  Run Bytes Received By Job
	13849  -  Total Bytes Sent By Job
	17206  -  Total Bytes Received By Job
	Partitionable Resources :    Usage  Request Allocated 
	   Cpus                 :     0.96        1         1 
	   Disk (KB)            :    54          20      3714 
	   GPUs                 :                           0 
	   Memory (MB)          :   292        3000      3000 
	   TimeExecute (s)      :   927                       
	   TimeSlotBusy (s)     :   929                       
...
