000 (11078646.180.000) 06/08 14:39:00 Job submitted from host: <188.185.6.50:9618?addrs=188.185.6.50-9618+[2001-1458-d00-62--100-2b1]-9618&alias=bigbird25.cern.ch&noUDP&sock=schedd_4036832_8faa>
...
040 (11078646.180.000) 06/08 14:44:26 Started transferring input files
	Transferring to host: <188.185.193.164:9618?addrs=188.185.193.164-9618+[2001-1458-303-20--100-a0]-9618&alias=b9p19p0551.cern.ch&noUDP&sock=slot1_7_3206_aabb_86907>
...
040 (11078646.180.000) 06/08 14:44:26 Finished transferring input files
...
001 (11078646.180.000) 06/08 14:44:28 Job executing on host: <188.185.193.164:9618?addrs=188.185.193.164-9618+[2001-1458-303-20--100-a0]-9618&alias=b9p19p0551.cern.ch&noUDP&sock=startd_2554_68f8>
	SlotName: slot1_7@b9p19p0551.cern.ch
	CondorScratchDir = "/pool/condor/dir_2276237"
	Cpus = 1
	Disk = 3690
	GPUs = 0
	Memory = 3000
...
006 (11078646.180.000) 06/08 14:44:36 Image size of job updated: 14496
	15  -  MemoryUsage of job (MB)
	14496  -  ResidentSetSize of job (KB)
...
006 (11078646.180.000) 06/08 14:49:36 Image size of job updated: 298664
	292  -  MemoryUsage of job (MB)
	298664  -  ResidentSetSize of job (KB)
...
006 (11078646.180.000) 06/08 14:54:37 Image size of job updated: 299764
	293  -  MemoryUsage of job (MB)
	299764  -  ResidentSetSize of job (KB)
...
006 (11078646.180.000) 06/08 14:59:37 Image size of job updated: 299992
	293  -  MemoryUsage of job (MB)
	299992  -  ResidentSetSize of job (KB)
...
006 (11078646.180.000) 06/08 15:04:37 Image size of job updated: 300008
	293  -  MemoryUsage of job (MB)
	299992  -  ResidentSetSize of job (KB)
...
006 (11078646.180.000) 06/08 15:09:21 Image size of job updated: 303040
	293  -  MemoryUsage of job (MB)
	299992  -  ResidentSetSize of job (KB)
...
040 (11078646.180.000) 06/08 15:09:21 Started transferring output files
...
040 (11078646.180.000) 06/08 15:09:21 Finished transferring output files
...
005 (11078646.180.000) 06/08 15:09:23 Job terminated.
	(1) Normal termination (return value 0)
		Usr 0 00:23:12, Sys 0 00:00:06  -  Run Remote Usage
		Usr 0 00:00:00, Sys 0 00:00:00  -  Run Local Usage
		Usr 0 00:23:12, Sys 0 00:00:06  -  Total Remote Usage
		Usr 0 00:00:00, Sys 0 00:00:00  -  Total Local Usage
	14153  -  Run Bytes Sent By Job
	17206  -  Run Bytes Received By Job
	14153  -  Total Bytes Sent By Job
	17206  -  Total Bytes Received By Job
	Partitionable Resources :    Usage  Request Allocated 
	   Cpus                 :     0.99        1         1 
	   Disk (KB)            :    54          20      3690 
	   GPUs                 :                           0 
	   Memory (MB)          :   293        3000      3000 
	   TimeExecute (s)      :  1493                       
	   TimeSlotBusy (s)     :  1504                       
...
