000 (11078646.112.000) 06/08 14:39:00 Job submitted from host: <188.185.6.50:9618?addrs=188.185.6.50-9618+[2001-1458-d00-62--100-2b1]-9618&alias=bigbird25.cern.ch&noUDP&sock=schedd_4036832_8faa>
...
040 (11078646.112.000) 06/08 14:43:56 Started transferring input files
	Transferring to host: <188.185.210.199:9618?addrs=188.185.210.199-9618+[2001-1458-303-15--100-43]-9618&alias=b9p22p1594.cern.ch&noUDP&sock=slot1_31_5937_e74b_292148>
...
040 (11078646.112.000) 06/08 14:43:56 Finished transferring input files
...
001 (11078646.112.000) 06/08 14:43:57 Job executing on host: <188.185.210.199:9618?addrs=188.185.210.199-9618+[2001-1458-303-15--100-43]-9618&alias=b9p22p1594.cern.ch&noUDP&sock=startd_5260_803f>
	SlotName: slot1_31@b9p22p1594.cern.ch
	CondorScratchDir = "/pool/condor/dir_1429242"
	Cpus = 1
	Disk = 3783
	GPUs = 0
	Memory = 3000
...
006 (11078646.112.000) 06/08 14:44:10 Image size of job updated: 204564
	200  -  MemoryUsage of job (MB)
	204564  -  ResidentSetSize of job (KB)
...
006 (11078646.112.000) 06/08 14:49:10 Image size of job updated: 299864
	293  -  MemoryUsage of job (MB)
	299864  -  ResidentSetSize of job (KB)
...
006 (11078646.112.000) 06/08 14:54:11 Image size of job updated: 303632
	297  -  MemoryUsage of job (MB)
	303632  -  ResidentSetSize of job (KB)
...
006 (11078646.112.000) 06/08 14:59:11 Image size of job updated: 303880
	297  -  MemoryUsage of job (MB)
	303880  -  ResidentSetSize of job (KB)
...
040 (11078646.112.000) 06/08 15:06:46 Started transferring output files
...
040 (11078646.112.000) 06/08 15:06:46 Finished transferring output files
...
005 (11078646.112.000) 06/08 15:06:46 Job terminated.
	(1) Normal termination (return value 0)
		Usr 0 00:21:58, Sys 0 00:00:09  -  Run Remote Usage
		Usr 0 00:00:00, Sys 0 00:00:00  -  Run Local Usage
		Usr 0 00:21:58, Sys 0 00:00:09  -  Total Remote Usage
		Usr 0 00:00:00, Sys 0 00:00:00  -  Total Local Usage
	14313  -  Run Bytes Sent By Job
	17206  -  Run Bytes Received By Job
	14313  -  Total Bytes Sent By Job
	17206  -  Total Bytes Received By Job
	Partitionable Resources :    Usage  Request Allocated 
	   Cpus                 :     0.97        1         1 
	   Disk (KB)            :    54          20      3783 
	   GPUs                 :                           0 
	   Memory (MB)          :   297        3000      3000 
	   TimeExecute (s)      :  1369                       
	   TimeSlotBusy (s)     :  1371                       
...
