000 (11078646.011.000) 06/08 14:39:00 Job submitted from host: <188.185.6.50:9618?addrs=188.185.6.50-9618+[2001-1458-d00-62--100-2b1]-9618&alias=bigbird25.cern.ch&noUDP&sock=schedd_4036832_8faa>
...
040 (11078646.011.000) 06/08 14:43:24 Started transferring input files
	Transferring to host: <128.142.192.178:9618?addrs=128.142.192.178-9618+[2001-1458-301-56--100-2e]-9618&alias=b9g18p2268.cern.ch&noUDP&sock=slot1_10_212767_5965_120826>
...
040 (11078646.011.000) 06/08 14:43:24 Finished transferring input files
...
001 (11078646.011.000) 06/08 14:43:25 Job executing on host: <128.142.192.178:9618?addrs=128.142.192.178-9618+[2001-1458-301-56--100-2e]-9618&alias=b9g18p2268.cern.ch&noUDP&sock=startd_202863_b91a>
	SlotName: slot1_10@b9g18p2268.cern.ch
	CondorScratchDir = "/pool/condor/dir_1119790"
	Cpus = 1
	Disk = 3710
	GPUs = 0
	Memory = 3000
...
006 (11078646.011.000) 06/08 14:43:39 Image size of job updated: 201740
	198  -  MemoryUsage of job (MB)
	201740  -  ResidentSetSize of job (KB)
...
006 (11078646.011.000) 06/08 14:48:40 Image size of job updated: 295720
	289  -  MemoryUsage of job (MB)
	295720  -  ResidentSetSize of job (KB)
...
006 (11078646.011.000) 06/08 14:53:40 Image size of job updated: 299096
	293  -  MemoryUsage of job (MB)
	299096  -  ResidentSetSize of job (KB)
...
006 (11078646.011.000) 06/08 14:58:40 Image size of job updated: 299896
	293  -  MemoryUsage of job (MB)
	299896  -  ResidentSetSize of job (KB)
...
006 (11078646.011.000) 06/08 15:03:41 Image size of job updated: 299912
	293  -  MemoryUsage of job (MB)
	299912  -  ResidentSetSize of job (KB)
...
006 (11078646.011.000) 06/08 15:08:42 Image size of job updated: 300456
	294  -  MemoryUsage of job (MB)
	300456  -  ResidentSetSize of job (KB)
...
040 (11078646.011.000) 06/08 15:16:54 Started transferring output files
...
040 (11078646.011.000) 06/08 15:16:54 Finished transferring output files
...
005 (11078646.011.000) 06/08 15:16:54 Job terminated.
	(1) Normal termination (return value 0)
		Usr 0 00:32:41, Sys 0 00:00:06  -  Run Remote Usage
		Usr 0 00:00:00, Sys 0 00:00:00  -  Run Local Usage
		Usr 0 00:32:41, Sys 0 00:00:06  -  Total Remote Usage
		Usr 0 00:00:00, Sys 0 00:00:00  -  Total Local Usage
	14520  -  Run Bytes Sent By Job
	17206  -  Run Bytes Received By Job
	14520  -  Total Bytes Sent By Job
	17206  -  Total Bytes Received By Job
	Partitionable Resources :    Usage  Request Allocated 
	   Cpus                 :     0.99        1         1 
	   Disk (KB)            :    54          20      3710 
	   GPUs                 :                           0 
	   Memory (MB)          :   294        3000      3000 
	   TimeExecute (s)      :  2009                       
	   TimeSlotBusy (s)     :  2011                       
...
