000 (11078646.236.000) 06/08 14:39:00 Job submitted from host: <188.185.6.50:9618?addrs=188.185.6.50-9618+[2001-1458-d00-62--100-2b1]-9618&alias=bigbird25.cern.ch&noUDP&sock=schedd_4036832_8faa>
...
040 (11078646.236.000) 06/08 14:44:36 Started transferring input files
	Transferring to host: <188.185.213.170:9618?addrs=188.185.213.170-9618+[2001-1458-303-1b--100-26]-9618&alias=b9p28p2120.cern.ch&noUDP&sock=slot1_17_5140_584a_344101>
...
040 (11078646.236.000) 06/08 14:44:36 Finished transferring input files
...
001 (11078646.236.000) 06/08 14:44:37 Job executing on host: <188.185.213.170:9618?addrs=188.185.213.170-9618+[2001-1458-303-1b--100-26]-9618&alias=b9p28p2120.cern.ch&noUDP&sock=startd_4234_c014>
	SlotName: slot1_17@b9p28p2120.cern.ch
	CondorScratchDir = "/pool/condor/dir_1405873"
	Cpus = 1
	Disk = 3659
	GPUs = 0
	Memory = 3000
...
006 (11078646.236.000) 06/08 14:44:51 Image size of job updated: 201116
	197  -  MemoryUsage of job (MB)
	201116  -  ResidentSetSize of job (KB)
...
006 (11078646.236.000) 06/08 14:49:52 Image size of job updated: 295460
	289  -  MemoryUsage of job (MB)
	295460  -  ResidentSetSize of job (KB)
...
006 (11078646.236.000) 06/08 14:54:52 Image size of job updated: 299936
	293  -  MemoryUsage of job (MB)
	299936  -  ResidentSetSize of job (KB)
...
006 (11078646.236.000) 06/08 14:59:53 Image size of job updated: 300320
	294  -  MemoryUsage of job (MB)
	300320  -  ResidentSetSize of job (KB)
...
006 (11078646.236.000) 06/08 15:01:24 Image size of job updated: 301276
	294  -  MemoryUsage of job (MB)
	300320  -  ResidentSetSize of job (KB)
...
040 (11078646.236.000) 06/08 15:01:24 Started transferring output files
...
040 (11078646.236.000) 06/08 15:01:24 Finished transferring output files
...
005 (11078646.236.000) 06/08 15:01:24 Job terminated.
	(1) Normal termination (return value 0)
		Usr 0 00:15:58, Sys 0 00:00:08  -  Run Remote Usage
		Usr 0 00:00:00, Sys 0 00:00:00  -  Run Local Usage
		Usr 0 00:15:58, Sys 0 00:00:08  -  Total Remote Usage
		Usr 0 00:00:00, Sys 0 00:00:00  -  Total Local Usage
	13833  -  Run Bytes Sent By Job
	17206  -  Run Bytes Received By Job
	13833  -  Total Bytes Sent By Job
	17206  -  Total Bytes Received By Job
	Partitionable Resources :    Usage  Request Allocated 
	   Cpus                 :     0.98        1         1 
	   Disk (KB)            :    53          20      3659 
	   GPUs                 :                           0 
	   Memory (MB)          :   294        3000      3000 
	   TimeExecute (s)      :  1007                       
	   TimeSlotBusy (s)     :  1009                       
...
