000 (11078646.277.000) 06/08 14:39:00 Job submitted from host: <188.185.6.50:9618?addrs=188.185.6.50-9618+[2001-1458-d00-62--100-2b1]-9618&alias=bigbird25.cern.ch&noUDP&sock=schedd_4036832_8faa>
...
040 (11078646.277.000) 06/08 14:44:50 Started transferring input files
	Transferring to host: <188.185.208.153:9618?addrs=188.185.208.153-9618+[2001-1458-303-10--100-16]-9618&alias=b9p10p5024.cern.ch&noUDP&sock=slot1_38_1215722_e0d6_138932>
...
040 (11078646.277.000) 06/08 14:44:50 Finished transferring input files
...
001 (11078646.277.000) 06/08 14:44:51 Job executing on host: <188.185.208.153:9618?addrs=188.185.208.153-9618+[2001-1458-303-10--100-16]-9618&alias=b9p10p5024.cern.ch&noUDP&sock=startd_9152_16d8>
	SlotName: slot1_38@b9p10p5024.cern.ch
	CondorScratchDir = "/pool/condor/dir_1152824"
	Cpus = 1
	Disk = 3581
	GPUs = 0
	Memory = 3000
...
006 (11078646.277.000) 06/08 14:45:05 Image size of job updated: 205044
	201  -  MemoryUsage of job (MB)
	205044  -  ResidentSetSize of job (KB)
...
006 (11078646.277.000) 06/08 14:50:06 Image size of job updated: 297944
	291  -  MemoryUsage of job (MB)
	297944  -  ResidentSetSize of job (KB)
...
006 (11078646.277.000) 06/08 14:55:06 Image size of job updated: 298232
	291  -  MemoryUsage of job (MB)
	297944  -  ResidentSetSize of job (KB)
...
006 (11078646.277.000) 06/08 15:05:05 Image size of job updated: 301732
	291  -  MemoryUsage of job (MB)
	297944  -  ResidentSetSize of job (KB)
...
040 (11078646.277.000) 06/08 15:05:05 Started transferring output files
...
040 (11078646.277.000) 06/08 15:05:05 Finished transferring output files
...
005 (11078646.277.000) 06/08 15:05:05 Job terminated.
	(1) Normal termination (return value 0)
		Usr 0 00:19:24, Sys 0 00:00:08  -  Run Remote Usage
		Usr 0 00:00:00, Sys 0 00:00:00  -  Run Local Usage
		Usr 0 00:19:24, Sys 0 00:00:08  -  Total Remote Usage
		Usr 0 00:00:00, Sys 0 00:00:00  -  Total Local Usage
	14720  -  Run Bytes Sent By Job
	17206  -  Run Bytes Received By Job
	14720  -  Total Bytes Sent By Job
	17206  -  Total Bytes Received By Job
	Partitionable Resources :    Usage  Request Allocated 
	   Cpus                 :     0.98        1         1 
	   Disk (KB)            :    58          20      3581 
	   GPUs                 :                           0 
	   Memory (MB)          :   291        3000      3000 
	   TimeExecute (s)      :  1214                       
	   TimeSlotBusy (s)     :  1216                       
...
