000 (11078646.237.000) 06/08 14:39:00 Job submitted from host: <188.185.6.50:9618?addrs=188.185.6.50-9618+[2001-1458-d00-62--100-2b1]-9618&alias=bigbird25.cern.ch&noUDP&sock=schedd_4036832_8faa>
...
040 (11078646.237.000) 06/08 14:44:37 Started transferring input files
	Transferring to host: <128.142.161.77:9618?addrs=128.142.161.77-9618+[2001-1458-301-b8--100-b]-9618&alias=b9g03p8125.cern.ch&noUDP&sock=slot1_17_284799_68d6_348043>
...
040 (11078646.237.000) 06/08 14:44:37 Finished transferring input files
...
001 (11078646.237.000) 06/08 14:44:38 Job executing on host: <128.142.161.77:9618?addrs=128.142.161.77-9618+[2001-1458-301-b8--100-b]-9618&alias=b9g03p8125.cern.ch&noUDP&sock=startd_5332_e311>
	SlotName: slot1_17@b9g03p8125.cern.ch
	CondorScratchDir = "/pool/condor/dir_1488054"
	Cpus = 1
	Disk = 4032
	GPUs = 0
	Memory = 3000
...
006 (11078646.237.000) 06/08 14:44:52 Image size of job updated: 199464
	195  -  MemoryUsage of job (MB)
	199464  -  ResidentSetSize of job (KB)
...
006 (11078646.237.000) 06/08 14:49:53 Image size of job updated: 296780
	290  -  MemoryUsage of job (MB)
	296780  -  ResidentSetSize of job (KB)
...
006 (11078646.237.000) 06/08 14:54:53 Image size of job updated: 297496
	291  -  MemoryUsage of job (MB)
	297496  -  ResidentSetSize of job (KB)
...
006 (11078646.237.000) 06/08 14:59:54 Image size of job updated: 299612
	293  -  MemoryUsage of job (MB)
	299612  -  ResidentSetSize of job (KB)
...
006 (11078646.237.000) 06/08 15:04:54 Image size of job updated: 299632
	293  -  MemoryUsage of job (MB)
	299632  -  ResidentSetSize of job (KB)
...
006 (11078646.237.000) 06/08 15:09:55 Image size of job updated: 300168
	294  -  MemoryUsage of job (MB)
	300168  -  ResidentSetSize of job (KB)
...
006 (11078646.237.000) 06/08 15:14:56 Image size of job updated: 300228
	294  -  MemoryUsage of job (MB)
	300228  -  ResidentSetSize of job (KB)
...
006 (11078646.237.000) 06/08 15:18:21 Image size of job updated: 300856
	294  -  MemoryUsage of job (MB)
	300228  -  ResidentSetSize of job (KB)
...
040 (11078646.237.000) 06/08 15:18:21 Started transferring output files
...
040 (11078646.237.000) 06/08 15:18:21 Finished transferring output files
...
005 (11078646.237.000) 06/08 15:18:21 Job terminated.
	(1) Normal termination (return value 0)
		Usr 0 00:31:42, Sys 0 00:00:10  -  Run Remote Usage
		Usr 0 00:00:00, Sys 0 00:00:00  -  Run Local Usage
		Usr 0 00:31:42, Sys 0 00:00:10  -  Total Remote Usage
		Usr 0 00:00:00, Sys 0 00:00:00  -  Total Local Usage
	14839  -  Run Bytes Sent By Job
	17206  -  Run Bytes Received By Job
	14839  -  Total Bytes Sent By Job
	17206  -  Total Bytes Received By Job
	Partitionable Resources :    Usage  Request Allocated 
	   Cpus                 :     0.97        1         1 
	   Disk (KB)            :    54          20      4032 
	   GPUs                 :                           0 
	   Memory (MB)          :   294        3000      3000 
	   TimeExecute (s)      :  2023                       
	   TimeSlotBusy (s)     :  2025                       
...
