000 (11078646.044.000) 06/08 14:39:01 Job submitted from host: <188.185.6.50:9618?addrs=188.185.6.50-9618+[2001-1458-d00-62--100-2b1]-9618&alias=bigbird25.cern.ch&noUDP&sock=schedd_4036832_8faa>
...
040 (11078646.044.000) 06/08 14:43:35 Started transferring input files
	Transferring to host: <188.185.192.81:9618?addrs=188.185.192.81-9618+[2001-1458-303-1f--100-4d]-9618&alias=b9p13p6807.cern.ch&noUDP&sock=slot1_7_6344_abfb_274641>
...
040 (11078646.044.000) 06/08 14:43:35 Finished transferring input files
...
001 (11078646.044.000) 06/08 14:43:36 Job executing on host: <188.185.192.81:9618?addrs=188.185.192.81-9618+[2001-1458-303-1f--100-4d]-9618&alias=b9p13p6807.cern.ch&noUDP&sock=startd_4734_b56e>
	SlotName: slot1_7@b9p13p6807.cern.ch
	CondorScratchDir = "/pool/condor/dir_2642834"
	Cpus = 1
	Disk = 3887
	GPUs = 0
	Memory = 3000
...
006 (11078646.044.000) 06/08 14:43:49 Image size of job updated: 199824
	196  -  MemoryUsage of job (MB)
	199824  -  ResidentSetSize of job (KB)
...
006 (11078646.044.000) 06/08 14:48:49 Image size of job updated: 293172
	287  -  MemoryUsage of job (MB)
	293172  -  ResidentSetSize of job (KB)
...
006 (11078646.044.000) 06/08 14:53:50 Image size of job updated: 297192
	291  -  MemoryUsage of job (MB)
	297192  -  ResidentSetSize of job (KB)
...
006 (11078646.044.000) 06/08 14:58:50 Image size of job updated: 297824
	291  -  MemoryUsage of job (MB)
	297824  -  ResidentSetSize of job (KB)
...
006 (11078646.044.000) 06/08 15:03:51 Image size of job updated: 297948
	291  -  MemoryUsage of job (MB)
	297824  -  ResidentSetSize of job (KB)
...
006 (11078646.044.000) 06/08 15:08:49 Image size of job updated: 328028
	291  -  MemoryUsage of job (MB)
	297824  -  ResidentSetSize of job (KB)
...
040 (11078646.044.000) 06/08 15:08:49 Started transferring output files
...
040 (11078646.044.000) 06/08 15:08:49 Finished transferring output files
...
005 (11078646.044.000) 06/08 15:08:49 Job terminated.
	(1) Normal termination (return value 0)
		Usr 0 00:24:28, Sys 0 00:00:07  -  Run Remote Usage
		Usr 0 00:00:00, Sys 0 00:00:00  -  Run Local Usage
		Usr 0 00:24:28, Sys 0 00:00:07  -  Total Remote Usage
		Usr 0 00:00:00, Sys 0 00:00:00  -  Total Local Usage
	13825  -  Run Bytes Sent By Job
	17206  -  Run Bytes Received By Job
	13825  -  Total Bytes Sent By Job
	17206  -  Total Bytes Received By Job
	Partitionable Resources :    Usage  Request Allocated 
	   Cpus                 :     0.98        1         1 
	   Disk (KB)            :    54          20      3887 
	   GPUs                 :                           0 
	   Memory (MB)          :   291        3000      3000 
	   TimeExecute (s)      :  1513                       
	   TimeSlotBusy (s)     :  1515                       
...
