000 (11078646.099.000) 06/08 14:39:01 Job submitted from host: <188.185.6.50:9618?addrs=188.185.6.50-9618+[2001-1458-d00-62--100-2b1]-9618&alias=bigbird25.cern.ch&noUDP&sock=schedd_4036832_8faa>
...
040 (11078646.099.000) 06/08 14:43:52 Started transferring input files
	Transferring to host: <128.142.132.157:9618?addrs=128.142.132.157-9618+[2001-1458-301-5a--100-91]-9618&alias=b9g12p9057.cern.ch&noUDP&sock=slot1_12_764891_a799_203288>
...
040 (11078646.099.000) 06/08 14:43:52 Finished transferring input files
...
001 (11078646.099.000) 06/08 14:43:53 Job executing on host: <128.142.132.157:9618?addrs=128.142.132.157-9618+[2001-1458-301-5a--100-91]-9618&alias=b9g12p9057.cern.ch&noUDP&sock=startd_2461_9ea9>
	SlotName: slot1_12@b9g12p9057.cern.ch
	CondorScratchDir = "/pool/condor/dir_2541690"
	Cpus = 1
	Disk = 2513
	GPUs = 0
	Memory = 3000
...
006 (11078646.099.000) 06/08 14:44:07 Image size of job updated: 201220
	197  -  MemoryUsage of job (MB)
	201220  -  ResidentSetSize of job (KB)
...
006 (11078646.099.000) 06/08 14:49:08 Image size of job updated: 300528
	294  -  MemoryUsage of job (MB)
	300528  -  ResidentSetSize of job (KB)
...
006 (11078646.099.000) 06/08 14:54:09 Image size of job updated: 301500
	295  -  MemoryUsage of job (MB)
	301112  -  ResidentSetSize of job (KB)
...
006 (11078646.099.000) 06/08 14:59:09 Image size of job updated: 302432
	296  -  MemoryUsage of job (MB)
	302432  -  ResidentSetSize of job (KB)
...
006 (11078646.099.000) 06/08 15:04:10 Image size of job updated: 302612
	296  -  MemoryUsage of job (MB)
	302612  -  ResidentSetSize of job (KB)
...
006 (11078646.099.000) 06/08 15:09:11 Image size of job updated: 304276
	298  -  MemoryUsage of job (MB)
	304276  -  ResidentSetSize of job (KB)
...
006 (11078646.099.000) 06/08 15:14:11 Image size of job updated: 304300
	298  -  MemoryUsage of job (MB)
	304300  -  ResidentSetSize of job (KB)
...
006 (11078646.099.000) 06/08 15:19:12 Image size of job updated: 304312
	298  -  MemoryUsage of job (MB)
	304300  -  ResidentSetSize of job (KB)
...
006 (11078646.099.000) 06/08 16:04:15 Image size of job updated: 305120
	298  -  MemoryUsage of job (MB)
	305120  -  ResidentSetSize of job (KB)
...
006 (11078646.099.000) 06/08 16:09:16 Image size of job updated: 305124
	298  -  MemoryUsage of job (MB)
	305124  -  ResidentSetSize of job (KB)
...
006 (11078646.099.000) 06/08 16:37:54 Image size of job updated: 305636
	298  -  MemoryUsage of job (MB)
	305124  -  ResidentSetSize of job (KB)
...
040 (11078646.099.000) 06/08 16:37:55 Started transferring output files
...
040 (11078646.099.000) 06/08 16:37:55 Finished transferring output files
...
005 (11078646.099.000) 06/08 16:37:55 Job terminated.
	(1) Normal termination (return value 0)
		Usr 0 01:51:02, Sys 0 00:00:32  -  Run Remote Usage
		Usr 0 00:00:00, Sys 0 00:00:00  -  Run Local Usage
		Usr 0 01:51:02, Sys 0 00:00:32  -  Total Remote Usage
		Usr 0 00:00:00, Sys 0 00:00:00  -  Total Local Usage
	19926  -  Run Bytes Sent By Job
	17206  -  Run Bytes Received By Job
	19926  -  Total Bytes Sent By Job
	17206  -  Total Bytes Received By Job
	Partitionable Resources :    Usage  Request Allocated 
	   Cpus                 :     0.98        1         1 
	   Disk (KB)            :    59          20      2513 
	   GPUs                 :                           0 
	   Memory (MB)          :   298        3000      3000 
	   TimeExecute (s)      :  6841                       
	   TimeSlotBusy (s)     :  6844                       
...
