000 (11078646.108.000) 06/08 14:39:00 Job submitted from host: <188.185.6.50:9618?addrs=188.185.6.50-9618+[2001-1458-d00-62--100-2b1]-9618&alias=bigbird25.cern.ch&noUDP&sock=schedd_4036832_8faa>
...
040 (11078646.108.000) 06/08 14:43:55 Started transferring input files
	Transferring to host: <128.142.132.86:9618?addrs=128.142.132.86-9618+[2001-1458-301-5a--100-4a]-9618&alias=b9g12p2749.cern.ch&noUDP&sock=slot1_3_2781_374a_272122>
...
040 (11078646.108.000) 06/08 14:43:55 Finished transferring input files
...
001 (11078646.108.000) 06/08 14:43:56 Job executing on host: <128.142.132.86:9618?addrs=128.142.132.86-9618+[2001-1458-301-5a--100-4a]-9618&alias=b9g12p2749.cern.ch&noUDP&sock=startd_2437_2863>
	SlotName: slot1_3@b9g12p2749.cern.ch
	CondorScratchDir = "/pool/condor/dir_3979688"
	Cpus = 1
	Disk = 2635
	GPUs = 0
	Memory = 3000
...
006 (11078646.108.000) 06/08 14:44:10 Image size of job updated: 201700
	197  -  MemoryUsage of job (MB)
	201700  -  ResidentSetSize of job (KB)
...
006 (11078646.108.000) 06/08 14:49:11 Image size of job updated: 296312
	290  -  MemoryUsage of job (MB)
	296312  -  ResidentSetSize of job (KB)
...
006 (11078646.108.000) 06/08 14:54:12 Image size of job updated: 297252
	290  -  MemoryUsage of job (MB)
	296932  -  ResidentSetSize of job (KB)
...
006 (11078646.108.000) 06/08 14:59:12 Image size of job updated: 297888
	291  -  MemoryUsage of job (MB)
	297888  -  ResidentSetSize of job (KB)
...
006 (11078646.108.000) 06/08 15:04:13 Image size of job updated: 298020
	292  -  MemoryUsage of job (MB)
	298020  -  ResidentSetSize of job (KB)
...
006 (11078646.108.000) 06/08 15:09:14 Image size of job updated: 300128
	294  -  MemoryUsage of job (MB)
	300128  -  ResidentSetSize of job (KB)
...
006 (11078646.108.000) 06/08 15:14:14 Image size of job updated: 300212
	294  -  MemoryUsage of job (MB)
	300128  -  ResidentSetSize of job (KB)
...
040 (11078646.108.000) 06/08 16:19:40 Started transferring output files
...
040 (11078646.108.000) 06/08 16:19:40 Finished transferring output files
...
005 (11078646.108.000) 06/08 16:19:40 Job terminated.
	(1) Normal termination (return value 0)
		Usr 0 01:33:13, Sys 0 00:00:19  -  Run Remote Usage
		Usr 0 00:00:00, Sys 0 00:00:00  -  Run Local Usage
		Usr 0 01:33:13, Sys 0 00:00:19  -  Total Remote Usage
		Usr 0 00:00:00, Sys 0 00:00:00  -  Total Local Usage
	19050  -  Run Bytes Sent By Job
	17206  -  Run Bytes Received By Job
	19050  -  Total Bytes Sent By Job
	17206  -  Total Bytes Received By Job
	Partitionable Resources :    Usage  Request Allocated 
	   Cpus                 :     0.97        1         1 
	   Disk (KB)            :    58          20      2635 
	   GPUs                 :                           0 
	   Memory (MB)          :   294        3000      3000 
	   TimeExecute (s)      :  5744                       
	   TimeSlotBusy (s)     :  5746                       
...
