000 (11078646.210.000) 06/08 14:39:00 Job submitted from host: <188.185.6.50:9618?addrs=188.185.6.50-9618+[2001-1458-d00-62--100-2b1]-9618&alias=bigbird25.cern.ch&noUDP&sock=schedd_4036832_8faa>
...
040 (11078646.210.000) 06/08 14:44:28 Started transferring input files
	Transferring to host: <188.185.212.151:9618?addrs=188.185.212.151-9618+[2001-1458-303-19--100-13]-9618&alias=b9p26p7183.cern.ch&noUDP&sock=slot1_21_5325_b1b2_291689>
...
040 (11078646.210.000) 06/08 14:44:28 Finished transferring input files
...
001 (11078646.210.000) 06/08 14:44:29 Job executing on host: <188.185.212.151:9618?addrs=188.185.212.151-9618+[2001-1458-303-19--100-13]-9618&alias=b9p26p7183.cern.ch&noUDP&sock=startd_4364_eb63>
	SlotName: slot1_21@b9p26p7183.cern.ch
	CondorScratchDir = "/pool/condor/dir_2499936"
	Cpus = 1
	Disk = 3869
	GPUs = 0
	Memory = 3000
...
006 (11078646.210.000) 06/08 14:44:43 Image size of job updated: 204416
	200  -  MemoryUsage of job (MB)
	204416  -  ResidentSetSize of job (KB)
...
006 (11078646.210.000) 06/08 14:49:44 Image size of job updated: 299112
	293  -  MemoryUsage of job (MB)
	299112  -  ResidentSetSize of job (KB)
...
006 (11078646.210.000) 06/08 14:54:44 Image size of job updated: 300584
	294  -  MemoryUsage of job (MB)
	300584  -  ResidentSetSize of job (KB)
...
006 (11078646.210.000) 06/08 14:59:45 Image size of job updated: 301980
	295  -  MemoryUsage of job (MB)
	301980  -  ResidentSetSize of job (KB)
...
006 (11078646.210.000) 06/08 15:04:45 Image size of job updated: 302036
	295  -  MemoryUsage of job (MB)
	301980  -  ResidentSetSize of job (KB)
...
040 (11078646.210.000) 06/08 15:08:44 Started transferring output files
...
040 (11078646.210.000) 06/08 15:08:44 Finished transferring output files
...
005 (11078646.210.000) 06/08 15:08:44 Job terminated.
	(1) Normal termination (return value 0)
		Usr 0 00:23:16, Sys 0 00:00:08  -  Run Remote Usage
		Usr 0 00:00:00, Sys 0 00:00:00  -  Run Local Usage
		Usr 0 00:23:16, Sys 0 00:00:08  -  Total Remote Usage
		Usr 0 00:00:00, Sys 0 00:00:00  -  Total Local Usage
	15187  -  Run Bytes Sent By Job
	17206  -  Run Bytes Received By Job
	15187  -  Total Bytes Sent By Job
	17206  -  Total Bytes Received By Job
	Partitionable Resources :    Usage  Request Allocated 
	   Cpus                 :     0.98        1         1 
	   Disk (KB)            :    55          20      3869 
	   GPUs                 :                           0 
	   Memory (MB)          :   295        3000      3000 
	   TimeExecute (s)      :  1455                       
	   TimeSlotBusy (s)     :  1457                       
...
