000 (11078646.302.000) 06/08 14:39:00 Job submitted from host: <188.185.6.50:9618?addrs=188.185.6.50-9618+[2001-1458-d00-62--100-2b1]-9618&alias=bigbird25.cern.ch&noUDP&sock=schedd_4036832_8faa>
...
040 (11078646.302.000) 06/08 14:44:58 Started transferring input files
	Transferring to host: <188.185.213.9:9618?addrs=188.185.213.9-9618+[2001-1458-303-1a--100-5]-9618&alias=b9p27p1480.cern.ch&noUDP&sock=slot1_29_4167355_5811_97899>
...
040 (11078646.302.000) 06/08 14:44:58 Finished transferring input files
...
001 (11078646.302.000) 06/08 14:44:59 Job executing on host: <188.185.213.9:9618?addrs=188.185.213.9-9618+[2001-1458-303-1a--100-5]-9618&alias=b9p27p1480.cern.ch&noUDP&sock=startd_4167298_62af>
	SlotName: slot1_29@b9p27p1480.cern.ch
	CondorScratchDir = "/pool/condor/dir_841492"
	Cpus = 1
	Disk = 3788
	GPUs = 0
	Memory = 3000
...
006 (11078646.302.000) 06/08 14:45:12 Image size of job updated: 194212
	190  -  MemoryUsage of job (MB)
	194212  -  ResidentSetSize of job (KB)
...
006 (11078646.302.000) 06/08 14:50:12 Image size of job updated: 294784
	288  -  MemoryUsage of job (MB)
	294784  -  ResidentSetSize of job (KB)
...
006 (11078646.302.000) 06/08 14:55:13 Image size of job updated: 301048
	294  -  MemoryUsage of job (MB)
	301048  -  ResidentSetSize of job (KB)
...
040 (11078646.302.000) 06/08 15:07:55 Started transferring output files
...
040 (11078646.302.000) 06/08 15:07:55 Finished transferring output files
...
005 (11078646.302.000) 06/08 15:07:55 Job terminated.
	(1) Normal termination (return value 0)
		Usr 0 00:21:34, Sys 0 00:00:09  -  Run Remote Usage
		Usr 0 00:00:00, Sys 0 00:00:00  -  Run Local Usage
		Usr 0 00:21:34, Sys 0 00:00:09  -  Total Remote Usage
		Usr 0 00:00:00, Sys 0 00:00:00  -  Total Local Usage
	14152  -  Run Bytes Sent By Job
	17206  -  Run Bytes Received By Job
	14152  -  Total Bytes Sent By Job
	17206  -  Total Bytes Received By Job
	Partitionable Resources :    Usage  Request Allocated 
	   Cpus                 :     0.95        1         1 
	   Disk (KB)            :    54          20      3788 
	   GPUs                 :                           0 
	   Memory (MB)          :   294        3000      3000 
	   TimeExecute (s)      :  1376                       
	   TimeSlotBusy (s)     :  1378                       
...
