000 (11078646.007.000) 06/08 14:39:01 Job submitted from host: <188.185.6.50:9618?addrs=188.185.6.50-9618+[2001-1458-d00-62--100-2b1]-9618&alias=bigbird25.cern.ch&noUDP&sock=schedd_4036832_8faa>
...
040 (11078646.007.000) 06/08 14:43:23 Started transferring input files
	Transferring to host: <188.185.209.150:9618?addrs=188.185.209.150-9618+[2001-1458-303-12--100-13]-9618&alias=b9p12p9730.cern.ch&noUDP&sock=slot1_17_4064_349e_248673>
...
040 (11078646.007.000) 06/08 14:43:23 Finished transferring input files
...
001 (11078646.007.000) 06/08 14:43:24 Job executing on host: <188.185.209.150:9618?addrs=188.185.209.150-9618+[2001-1458-303-12--100-13]-9618&alias=b9p12p9730.cern.ch&noUDP&sock=startd_3609_0d63>
	SlotName: slot1_17@b9p12p9730.cern.ch
	CondorScratchDir = "/pool/condor/dir_889093"
	Cpus = 1
	Disk = 3635
	GPUs = 0
	Memory = 3000
...
006 (11078646.007.000) 06/08 14:43:38 Image size of job updated: 206048
	202  -  MemoryUsage of job (MB)
	206048  -  ResidentSetSize of job (KB)
...
006 (11078646.007.000) 06/08 14:48:39 Image size of job updated: 294252
	288  -  MemoryUsage of job (MB)
	294252  -  ResidentSetSize of job (KB)
...
006 (11078646.007.000) 06/08 14:53:40 Image size of job updated: 297200
	290  -  MemoryUsage of job (MB)
	296700  -  ResidentSetSize of job (KB)
...
006 (11078646.007.000) 06/08 14:57:16 Image size of job updated: 299348
	290  -  MemoryUsage of job (MB)
	296700  -  ResidentSetSize of job (KB)
...
040 (11078646.007.000) 06/08 14:57:16 Started transferring output files
...
040 (11078646.007.000) 06/08 14:57:16 Finished transferring output files
...
005 (11078646.007.000) 06/08 14:57:16 Job terminated.
	(1) Normal termination (return value 0)
		Usr 0 00:13:19, Sys 0 00:00:05  -  Run Remote Usage
		Usr 0 00:00:00, Sys 0 00:00:00  -  Run Local Usage
		Usr 0 00:13:19, Sys 0 00:00:05  -  Total Remote Usage
		Usr 0 00:00:00, Sys 0 00:00:00  -  Total Local Usage
	13980  -  Run Bytes Sent By Job
	17206  -  Run Bytes Received By Job
	13980  -  Total Bytes Sent By Job
	17206  -  Total Bytes Received By Job
	Partitionable Resources :    Usage  Request Allocated 
	   Cpus                 :     0.96        1         1 
	   Disk (KB)            :    56          20      3635 
	   GPUs                 :                           0 
	   Memory (MB)          :   290        3000      3000 
	   TimeExecute (s)      :   832                       
	   TimeSlotBusy (s)     :   834                       
...
