000 (11078646.305.000) 06/08 14:39:00 Job submitted from host: <188.185.6.50:9618?addrs=188.185.6.50-9618+[2001-1458-d00-62--100-2b1]-9618&alias=bigbird25.cern.ch&noUDP&sock=schedd_4036832_8faa>
...
040 (11078646.305.000) 06/08 14:44:59 Started transferring input files
	Transferring to host: <128.142.33.212:9618?addrs=128.142.33.212-9618+[2001-1458-301-39--100-11]-9618&alias=b9g24p7653.cern.ch&noUDP&sock=slot1_34_3290_da3f_5548>
...
040 (11078646.305.000) 06/08 14:44:59 Finished transferring input files
...
001 (11078646.305.000) 06/08 14:45:00 Job executing on host: <128.142.33.212:9618?addrs=128.142.33.212-9618+[2001-1458-301-39--100-11]-9618&alias=b9g24p7653.cern.ch&noUDP&sock=startd_2709_ba26>
	SlotName: slot1_34@b9g24p7653.cern.ch
	CondorScratchDir = "/pool/condor/dir_4148770"
	Cpus = 1
	Disk = 3771
	GPUs = 0
	Memory = 3000
...
006 (11078646.305.000) 06/08 14:45:08 Image size of job updated: 203012
	199  -  MemoryUsage of job (MB)
	203012  -  ResidentSetSize of job (KB)
...
006 (11078646.305.000) 06/08 14:50:08 Image size of job updated: 296432
	290  -  MemoryUsage of job (MB)
	296432  -  ResidentSetSize of job (KB)
...
006 (11078646.305.000) 06/08 14:55:09 Image size of job updated: 297052
	291  -  MemoryUsage of job (MB)
	297052  -  ResidentSetSize of job (KB)
...
006 (11078646.305.000) 06/08 15:00:09 Image size of job updated: 297604
	291  -  MemoryUsage of job (MB)
	297604  -  ResidentSetSize of job (KB)
...
006 (11078646.305.000) 06/08 15:05:10 Image size of job updated: 299128
	293  -  MemoryUsage of job (MB)
	299128  -  ResidentSetSize of job (KB)
...
006 (11078646.305.000) 06/08 15:06:28 Image size of job updated: 300700
	293  -  MemoryUsage of job (MB)
	299128  -  ResidentSetSize of job (KB)
...
040 (11078646.305.000) 06/08 15:06:28 Started transferring output files
...
040 (11078646.305.000) 06/08 15:06:28 Finished transferring output files
...
005 (11078646.305.000) 06/08 15:06:28 Job terminated.
	(1) Normal termination (return value 0)
		Usr 0 00:20:20, Sys 0 00:00:11  -  Run Remote Usage
		Usr 0 00:00:00, Sys 0 00:00:00  -  Run Local Usage
		Usr 0 00:20:20, Sys 0 00:00:11  -  Total Remote Usage
		Usr 0 00:00:00, Sys 0 00:00:00  -  Total Local Usage
	14549  -  Run Bytes Sent By Job
	17206  -  Run Bytes Received By Job
	14549  -  Total Bytes Sent By Job
	17206  -  Total Bytes Received By Job
	Partitionable Resources :    Usage  Request Allocated 
	   Cpus                 :     0.97        1         1 
	   Disk (KB)            :    55          20      3771 
	   GPUs                 :                           0 
	   Memory (MB)          :   293        3000      3000 
	   TimeExecute (s)      :  1288                       
	   TimeSlotBusy (s)     :  1290                       
...
