000 (11078646.304.000) 06/08 14:39:00 Job submitted from host: <188.185.6.50:9618?addrs=188.185.6.50-9618+[2001-1458-d00-62--100-2b1]-9618&alias=bigbird25.cern.ch&noUDP&sock=schedd_4036832_8faa>
...
040 (11078646.304.000) 06/08 14:44:58 Started transferring input files
	Transferring to host: <188.185.213.85:9618?addrs=188.185.213.85-9618+[2001-1458-303-1a--100-51]-9618&alias=b9p27p6000.cern.ch&noUDP&sock=slot1_8_4480_50af_294073>
...
040 (11078646.304.000) 06/08 14:44:58 Finished transferring input files
...
001 (11078646.304.000) 06/08 14:44:59 Job executing on host: <188.185.213.85:9618?addrs=188.185.213.85-9618+[2001-1458-303-1a--100-51]-9618&alias=b9p27p6000.cern.ch&noUDP&sock=startd_3776_99b3>
	SlotName: slot1_8@b9p27p6000.cern.ch
	CondorScratchDir = "/pool/condor/dir_141560"
	Cpus = 1
	Disk = 3801
	GPUs = 0
	Memory = 3000
...
006 (11078646.304.000) 06/08 14:45:12 Image size of job updated: 205416
	201  -  MemoryUsage of job (MB)
	205416  -  ResidentSetSize of job (KB)
...
006 (11078646.304.000) 06/08 14:50:12 Image size of job updated: 301312
	295  -  MemoryUsage of job (MB)
	301312  -  ResidentSetSize of job (KB)
...
006 (11078646.304.000) 06/08 14:55:13 Image size of job updated: 301680
	295  -  MemoryUsage of job (MB)
	301672  -  ResidentSetSize of job (KB)
...
006 (11078646.304.000) 06/08 15:00:13 Image size of job updated: 301788
	295  -  MemoryUsage of job (MB)
	301672  -  ResidentSetSize of job (KB)
...
006 (11078646.304.000) 06/08 15:05:14 Image size of job updated: 301868
	295  -  MemoryUsage of job (MB)
	301868  -  ResidentSetSize of job (KB)
...
006 (11078646.304.000) 06/08 15:05:39 Image size of job updated: 302248
	295  -  MemoryUsage of job (MB)
	301868  -  ResidentSetSize of job (KB)
...
040 (11078646.304.000) 06/08 15:05:39 Started transferring output files
...
040 (11078646.304.000) 06/08 15:05:39 Finished transferring output files
...
005 (11078646.304.000) 06/08 15:05:39 Job terminated.
	(1) Normal termination (return value 0)
		Usr 0 00:19:55, Sys 0 00:00:07  -  Run Remote Usage
		Usr 0 00:00:00, Sys 0 00:00:00  -  Run Local Usage
		Usr 0 00:19:55, Sys 0 00:00:07  -  Total Remote Usage
		Usr 0 00:00:00, Sys 0 00:00:00  -  Total Local Usage
	14088  -  Run Bytes Sent By Job
	17206  -  Run Bytes Received By Job
	14088  -  Total Bytes Sent By Job
	17206  -  Total Bytes Received By Job
	Partitionable Resources :    Usage  Request Allocated 
	   Cpus                 :     0.98        1         1 
	   Disk (KB)            :    54          20      3801 
	   GPUs                 :                           0 
	   Memory (MB)          :   295        3000      3000 
	   TimeExecute (s)      :  1240                       
	   TimeSlotBusy (s)     :  1242                       
...
