000 (11078646.297.000) 06/08 14:39:00 Job submitted from host: <188.185.6.50:9618?addrs=188.185.6.50-9618+[2001-1458-d00-62--100-2b1]-9618&alias=bigbird25.cern.ch&noUDP&sock=schedd_4036832_8faa>
...
040 (11078646.297.000) 06/08 14:45:17 Started transferring input files
	Transferring to host: <188.185.209.209:9618?addrs=188.185.209.209-9618+[2001-1458-303-12--100-4e]-9618&alias=b9p12p4042.cern.ch&noUDP&sock=slot1_18_10603_85c8_254763>
...
040 (11078646.297.000) 06/08 14:45:17 Finished transferring input files
...
001 (11078646.297.000) 06/08 14:45:18 Job executing on host: <188.185.209.209:9618?addrs=188.185.209.209-9618+[2001-1458-303-12--100-4e]-9618&alias=b9p12p4042.cern.ch&noUDP&sock=startd_10069_1331>
	SlotName: slot1_18@b9p12p4042.cern.ch
	CondorScratchDir = "/pool/condor/dir_689878"
	Cpus = 1
	Disk = 3691
	GPUs = 0
	Memory = 3000
...
006 (11078646.297.000) 06/08 14:45:31 Image size of job updated: 202548
	198  -  MemoryUsage of job (MB)
	202548  -  ResidentSetSize of job (KB)
...
006 (11078646.297.000) 06/08 14:50:31 Image size of job updated: 296556
	290  -  MemoryUsage of job (MB)
	296556  -  ResidentSetSize of job (KB)
...
006 (11078646.297.000) 06/08 14:55:32 Image size of job updated: 299148
	293  -  MemoryUsage of job (MB)
	299148  -  ResidentSetSize of job (KB)
...
006 (11078646.297.000) 06/08 15:00:26 Image size of job updated: 300360
	293  -  MemoryUsage of job (MB)
	299148  -  ResidentSetSize of job (KB)
...
040 (11078646.297.000) 06/08 15:00:26 Started transferring output files
...
040 (11078646.297.000) 06/08 15:00:26 Finished transferring output files
...
005 (11078646.297.000) 06/08 15:00:26 Job terminated.
	(1) Normal termination (return value 0)
		Usr 0 00:14:37, Sys 0 00:00:05  -  Run Remote Usage
		Usr 0 00:00:00, Sys 0 00:00:00  -  Run Local Usage
		Usr 0 00:14:37, Sys 0 00:00:05  -  Total Remote Usage
		Usr 0 00:00:00, Sys 0 00:00:00  -  Total Local Usage
	13992  -  Run Bytes Sent By Job
	17206  -  Run Bytes Received By Job
	13992  -  Total Bytes Sent By Job
	17206  -  Total Bytes Received By Job
	Partitionable Resources :    Usage  Request Allocated 
	   Cpus                 :     0.98        1         1 
	   Disk (KB)            :    57          20      3691 
	   GPUs                 :                           0 
	   Memory (MB)          :   293        3000      3000 
	   TimeExecute (s)      :   908                       
	   TimeSlotBusy (s)     :   910                       
...
