000 (11078646.325.000) 06/08 14:39:00 Job submitted from host: <188.185.6.50:9618?addrs=188.185.6.50-9618+[2001-1458-d00-62--100-2b1]-9618&alias=bigbird25.cern.ch&noUDP&sock=schedd_4036832_8faa>
...
040 (11078646.325.000) 06/08 14:45:05 Started transferring input files
	Transferring to host: <188.185.213.149:9618?addrs=188.185.213.149-9618+[2001-1458-303-1b--100-11]-9618&alias=b9p28p9569.cern.ch&noUDP&sock=slot1_7_4258_e566_341646>
...
040 (11078646.325.000) 06/08 14:45:05 Finished transferring input files
...
001 (11078646.325.000) 06/08 14:45:06 Job executing on host: <188.185.213.149:9618?addrs=188.185.213.149-9618+[2001-1458-303-1b--100-11]-9618&alias=b9p28p9569.cern.ch&noUDP&sock=startd_3644_0f33>
	SlotName: slot1_7@b9p28p9569.cern.ch
	CondorScratchDir = "/pool/condor/dir_485855"
	Cpus = 1
	Disk = 3679
	GPUs = 0
	Memory = 3000
...
006 (11078646.325.000) 06/08 14:45:20 Image size of job updated: 206436
	202  -  MemoryUsage of job (MB)
	206436  -  ResidentSetSize of job (KB)
...
006 (11078646.325.000) 06/08 14:50:21 Image size of job updated: 297380
	291  -  MemoryUsage of job (MB)
	297380  -  ResidentSetSize of job (KB)
...
006 (11078646.325.000) 06/08 14:55:22 Image size of job updated: 298016
	292  -  MemoryUsage of job (MB)
	298016  -  ResidentSetSize of job (KB)
...
006 (11078646.325.000) 06/08 15:00:22 Image size of job updated: 299804
	293  -  MemoryUsage of job (MB)
	299804  -  ResidentSetSize of job (KB)
...
006 (11078646.325.000) 06/08 15:02:57 Image size of job updated: 300056
	293  -  MemoryUsage of job (MB)
	299804  -  ResidentSetSize of job (KB)
...
040 (11078646.325.000) 06/08 15:02:57 Started transferring output files
...
040 (11078646.325.000) 06/08 15:02:57 Finished transferring output files
...
005 (11078646.325.000) 06/08 15:02:57 Job terminated.
	(1) Normal termination (return value 0)
		Usr 0 00:17:14, Sys 0 00:00:06  -  Run Remote Usage
		Usr 0 00:00:00, Sys 0 00:00:00  -  Run Local Usage
		Usr 0 00:17:14, Sys 0 00:00:06  -  Total Remote Usage
		Usr 0 00:00:00, Sys 0 00:00:00  -  Total Local Usage
	14248  -  Run Bytes Sent By Job
	17206  -  Run Bytes Received By Job
	14248  -  Total Bytes Sent By Job
	17206  -  Total Bytes Received By Job
	Partitionable Resources :    Usage  Request Allocated 
	   Cpus                 :     0.97        1         1 
	   Disk (KB)            :    54          20      3679 
	   GPUs                 :                           0 
	   Memory (MB)          :   293        3000      3000 
	   TimeExecute (s)      :  1071                       
	   TimeSlotBusy (s)     :  1073                       
...
