000 (11078646.005.000) 06/08 14:39:01 Job submitted from host: <188.185.6.50:9618?addrs=188.185.6.50-9618+[2001-1458-d00-62--100-2b1]-9618&alias=bigbird25.cern.ch&noUDP&sock=schedd_4036832_8faa>
...
040 (11078646.005.000) 06/08 14:43:22 Started transferring input files
	Transferring to host: <188.185.196.59:9618?addrs=188.185.196.59-9618+[2001-1458-303-23--100-37]-9618&alias=b9p16p9457.cern.ch&noUDP&sock=slot1_7_8779_597e_258771>
...
040 (11078646.005.000) 06/08 14:43:22 Finished transferring input files
...
001 (11078646.005.000) 06/08 14:43:23 Job executing on host: <188.185.196.59:9618?addrs=188.185.196.59-9618+[2001-1458-303-23--100-37]-9618&alias=b9p16p9457.cern.ch&noUDP&sock=startd_7673_9e46>
	SlotName: slot1_7@b9p16p9457.cern.ch
	CondorScratchDir = "/pool/condor/dir_3065071"
	Cpus = 1
	Disk = 3730
	GPUs = 0
	Memory = 3000
...
006 (11078646.005.000) 06/08 14:43:37 Image size of job updated: 199716
	196  -  MemoryUsage of job (MB)
	199716  -  ResidentSetSize of job (KB)
...
006 (11078646.005.000) 06/08 14:48:38 Image size of job updated: 298232
	292  -  MemoryUsage of job (MB)
	298232  -  ResidentSetSize of job (KB)
...
006 (11078646.005.000) 06/08 14:53:39 Image size of job updated: 299748
	292  -  MemoryUsage of job (MB)
	298232  -  ResidentSetSize of job (KB)
...
040 (11078646.005.000) 06/08 15:04:28 Started transferring output files
...
040 (11078646.005.000) 06/08 15:04:28 Finished transferring output files
...
005 (11078646.005.000) 06/08 15:04:28 Job terminated.
	(1) Normal termination (return value 0)
		Usr 0 00:20:32, Sys 0 00:00:04  -  Run Remote Usage
		Usr 0 00:00:00, Sys 0 00:00:00  -  Run Local Usage
		Usr 0 00:20:32, Sys 0 00:00:04  -  Total Remote Usage
		Usr 0 00:00:00, Sys 0 00:00:00  -  Total Local Usage
	13725  -  Run Bytes Sent By Job
	17206  -  Run Bytes Received By Job
	13725  -  Total Bytes Sent By Job
	17206  -  Total Bytes Received By Job
	Partitionable Resources :    Usage  Request Allocated 
	   Cpus                 :     0.99        1         1 
	   Disk (KB)            :    54          20      3730 
	   GPUs                 :                           0 
	   Memory (MB)          :   292        3000      3000 
	   TimeExecute (s)      :  1265                       
	   TimeSlotBusy (s)     :  1267                       
...
