000 (11078646.248.000) 06/08 14:39:00 Job submitted from host: <188.185.6.50:9618?addrs=188.185.6.50-9618+[2001-1458-d00-62--100-2b1]-9618&alias=bigbird25.cern.ch&noUDP&sock=schedd_4036832_8faa>
...
040 (11078646.248.000) 06/08 14:44:40 Started transferring input files
	Transferring to host: <188.185.211.220:9618?addrs=188.185.211.220-9618+[2001-1458-303-17--100-58]-9618&alias=b9p24p7039.cern.ch&noUDP&sock=slot1_21_552728_a0c6_203381>
...
040 (11078646.248.000) 06/08 14:44:40 Finished transferring input files
...
001 (11078646.248.000) 06/08 14:44:41 Job executing on host: <188.185.211.220:9618?addrs=188.185.211.220-9618+[2001-1458-303-17--100-58]-9618&alias=b9p24p7039.cern.ch&noUDP&sock=startd_2637_5754>
	SlotName: slot1_21@b9p24p7039.cern.ch
	CondorScratchDir = "/pool/condor/dir_2569837"
	Cpus = 1
	Disk = 3730
	GPUs = 0
	Memory = 3000
...
006 (11078646.248.000) 06/08 14:44:55 Image size of job updated: 205248
	201  -  MemoryUsage of job (MB)
	205248  -  ResidentSetSize of job (KB)
...
006 (11078646.248.000) 06/08 14:49:56 Image size of job updated: 300140
	294  -  MemoryUsage of job (MB)
	300140  -  ResidentSetSize of job (KB)
...
006 (11078646.248.000) 06/08 14:54:57 Image size of job updated: 301824
	295  -  MemoryUsage of job (MB)
	301824  -  ResidentSetSize of job (KB)
...
006 (11078646.248.000) 06/08 14:59:57 Image size of job updated: 303272
	297  -  MemoryUsage of job (MB)
	303272  -  ResidentSetSize of job (KB)
...
006 (11078646.248.000) 06/08 15:04:58 Image size of job updated: 303328
	297  -  MemoryUsage of job (MB)
	303328  -  ResidentSetSize of job (KB)
...
006 (11078646.248.000) 06/08 15:09:59 Image size of job updated: 304040
	297  -  MemoryUsage of job (MB)
	304040  -  ResidentSetSize of job (KB)
...
006 (11078646.248.000) 06/08 15:14:59 Image size of job updated: 304044
	297  -  MemoryUsage of job (MB)
	304040  -  ResidentSetSize of job (KB)
...
040 (11078646.248.000) 06/08 15:51:15 Started transferring output files
...
040 (11078646.248.000) 06/08 15:51:15 Finished transferring output files
...
005 (11078646.248.000) 06/08 15:51:15 Job terminated.
	(1) Normal termination (return value 0)
		Usr 0 01:04:11, Sys 0 00:00:16  -  Run Remote Usage
		Usr 0 00:00:00, Sys 0 00:00:00  -  Run Local Usage
		Usr 0 01:04:11, Sys 0 00:00:16  -  Total Remote Usage
		Usr 0 00:00:00, Sys 0 00:00:00  -  Total Local Usage
	19370  -  Run Bytes Sent By Job
	17206  -  Run Bytes Received By Job
	19370  -  Total Bytes Sent By Job
	17206  -  Total Bytes Received By Job
	Partitionable Resources :    Usage  Request Allocated 
	   Cpus                 :     0.98        1         1 
	   Disk (KB)            :    59          20      3730 
	   GPUs                 :                           0 
	   Memory (MB)          :   297        3000      3000 
	   TimeExecute (s)      :  3994                       
	   TimeSlotBusy (s)     :  3996                       
...
