000 (11078646.009.000) 06/08 14:39:01 Job submitted from host: <188.185.6.50:9618?addrs=188.185.6.50-9618+[2001-1458-d00-62--100-2b1]-9618&alias=bigbird25.cern.ch&noUDP&sock=schedd_4036832_8faa>
...
040 (11078646.009.000) 06/08 14:43:24 Started transferring input files
	Transferring to host: <188.185.214.144:9618?addrs=188.185.214.144-9618+[2001-1458-303-1d--100-c]-9618&alias=b9p30p2765.cern.ch&noUDP&sock=slot1_44_5819_c306_287432>
...
040 (11078646.009.000) 06/08 14:43:24 Finished transferring input files
...
001 (11078646.009.000) 06/08 14:43:25 Job executing on host: <188.185.214.144:9618?addrs=188.185.214.144-9618+[2001-1458-303-1d--100-c]-9618&alias=b9p30p2765.cern.ch&noUDP&sock=startd_5061_00e6>
	SlotName: slot1_44@b9p30p2765.cern.ch
	CondorScratchDir = "/pool/condor/dir_2906536"
	Cpus = 1
	Disk = 3766
	GPUs = 0
	Memory = 3000
...
006 (11078646.009.000) 06/08 14:43:39 Image size of job updated: 203884
	200  -  MemoryUsage of job (MB)
	203884  -  ResidentSetSize of job (KB)
...
006 (11078646.009.000) 06/08 14:48:40 Image size of job updated: 298580
	292  -  MemoryUsage of job (MB)
	298580  -  ResidentSetSize of job (KB)
...
006 (11078646.009.000) 06/08 14:53:40 Image size of job updated: 299596
	293  -  MemoryUsage of job (MB)
	299596  -  ResidentSetSize of job (KB)
...
006 (11078646.009.000) 06/08 14:58:40 Image size of job updated: 300668
	294  -  MemoryUsage of job (MB)
	300668  -  ResidentSetSize of job (KB)
...
006 (11078646.009.000) 06/08 15:03:41 Image size of job updated: 300736
	294  -  MemoryUsage of job (MB)
	300736  -  ResidentSetSize of job (KB)
...
006 (11078646.009.000) 06/08 15:08:41 Image size of job updated: 300892
	294  -  MemoryUsage of job (MB)
	300892  -  ResidentSetSize of job (KB)
...
006 (11078646.009.000) 06/08 15:13:41 Image size of job updated: 300924
	294  -  MemoryUsage of job (MB)
	300892  -  ResidentSetSize of job (KB)
...
006 (11078646.009.000) 06/08 15:33:44 Image size of job updated: 301432
	295  -  MemoryUsage of job (MB)
	301432  -  ResidentSetSize of job (KB)
...
040 (11078646.009.000) 06/08 15:47:13 Started transferring output files
...
040 (11078646.009.000) 06/08 15:47:13 Finished transferring output files
...
005 (11078646.009.000) 06/08 15:47:13 Job terminated.
	(1) Normal termination (return value 0)
		Usr 0 01:01:39, Sys 0 00:00:24  -  Run Remote Usage
		Usr 0 00:00:00, Sys 0 00:00:00  -  Run Local Usage
		Usr 0 01:01:39, Sys 0 00:00:24  -  Total Remote Usage
		Usr 0 00:00:00, Sys 0 00:00:00  -  Total Local Usage
	19309  -  Run Bytes Sent By Job
	17206  -  Run Bytes Received By Job
	19309  -  Total Bytes Sent By Job
	17206  -  Total Bytes Received By Job
	Partitionable Resources :    Usage  Request Allocated 
	   Cpus                 :     0.97        1         1 
	   Disk (KB)            :    59          20      3766 
	   GPUs                 :                           0 
	   Memory (MB)          :   295        3000      3000 
	   TimeExecute (s)      :  3828                       
	   TimeSlotBusy (s)     :  3830                       
...
