000 (11078646.318.000) 06/08 14:39:00 Job submitted from host: <188.185.6.50:9618?addrs=188.185.6.50-9618+[2001-1458-d00-62--100-2b1]-9618&alias=bigbird25.cern.ch&noUDP&sock=schedd_4036832_8faa>
...
040 (11078646.318.000) 06/08 14:45:03 Started transferring input files
	Transferring to host: <188.185.206.185:9618?addrs=188.185.206.185-9618+[2001-1458-303-c--100-36]-9618&alias=b9p06p9894.cern.ch&noUDP&sock=slot1_27_4006_56dc_253314>
...
040 (11078646.318.000) 06/08 14:45:03 Finished transferring input files
...
001 (11078646.318.000) 06/08 14:45:04 Job executing on host: <188.185.206.185:9618?addrs=188.185.206.185-9618+[2001-1458-303-c--100-36]-9618&alias=b9p06p9894.cern.ch&noUDP&sock=startd_3547_8683>
	SlotName: slot1_27@b9p06p9894.cern.ch
	CondorScratchDir = "/pool/condor/dir_1354186"
	Cpus = 1
	Disk = 3554
	GPUs = 0
	Memory = 3000
...
006 (11078646.318.000) 06/08 14:45:17 Image size of job updated: 204536
	200  -  MemoryUsage of job (MB)
	204536  -  ResidentSetSize of job (KB)
...
006 (11078646.318.000) 06/08 14:50:17 Image size of job updated: 298488
	292  -  MemoryUsage of job (MB)
	298172  -  ResidentSetSize of job (KB)
...
006 (11078646.318.000) 06/08 14:55:18 Image size of job updated: 299144
	293  -  MemoryUsage of job (MB)
	299144  -  ResidentSetSize of job (KB)
...
006 (11078646.318.000) 06/08 15:00:18 Image size of job updated: 299164
	293  -  MemoryUsage of job (MB)
	299144  -  ResidentSetSize of job (KB)
...
006 (11078646.318.000) 06/08 15:05:19 Image size of job updated: 301836
	295  -  MemoryUsage of job (MB)
	301836  -  ResidentSetSize of job (KB)
...
006 (11078646.318.000) 06/08 15:10:19 Image size of job updated: 301840
	295  -  MemoryUsage of job (MB)
	301836  -  ResidentSetSize of job (KB)
...
040 (11078646.318.000) 06/08 15:29:58 Started transferring output files
...
040 (11078646.318.000) 06/08 15:29:58 Finished transferring output files
...
005 (11078646.318.000) 06/08 15:29:58 Job terminated.
	(1) Normal termination (return value 0)
		Usr 0 00:43:25, Sys 0 00:00:14  -  Run Remote Usage
		Usr 0 00:00:00, Sys 0 00:00:00  -  Run Local Usage
		Usr 0 00:43:25, Sys 0 00:00:14  -  Total Remote Usage
		Usr 0 00:00:00, Sys 0 00:00:00  -  Total Local Usage
	18681  -  Run Bytes Sent By Job
	17206  -  Run Bytes Received By Job
	18681  -  Total Bytes Sent By Job
	17206  -  Total Bytes Received By Job
	Partitionable Resources :    Usage  Request Allocated 
	   Cpus                 :     0.98        1         1 
	   Disk (KB)            :    61          20      3554 
	   GPUs                 :                           0 
	   Memory (MB)          :   295        3000      3000 
	   TimeExecute (s)      :  2694                       
	   TimeSlotBusy (s)     :  2696                       
...
