000 (11078646.103.000) 06/08 14:39:00 Job submitted from host: <188.185.6.50:9618?addrs=188.185.6.50-9618+[2001-1458-d00-62--100-2b1]-9618&alias=bigbird25.cern.ch&noUDP&sock=schedd_4036832_8faa>
...
040 (11078646.103.000) 06/08 14:43:53 Started transferring input files
	Transferring to host: <188.185.206.13:9618?addrs=188.185.206.13-9618+[2001-1458-303-b--100-a]-9618&alias=b9p05p2049.cern.ch&noUDP&sock=slot1_35_4292_da28_250576>
...
040 (11078646.103.000) 06/08 14:43:53 Finished transferring input files
...
001 (11078646.103.000) 06/08 14:43:54 Job executing on host: <188.185.206.13:9618?addrs=188.185.206.13-9618+[2001-1458-303-b--100-a]-9618&alias=b9p05p2049.cern.ch&noUDP&sock=startd_3930_3b49>
	SlotName: slot1_35@b9p05p2049.cern.ch
	CondorScratchDir = "/pool/condor/dir_34478"
	Cpus = 1
	Disk = 3703
	GPUs = 0
	Memory = 3000
...
006 (11078646.103.000) 06/08 14:44:08 Image size of job updated: 237804
	233  -  MemoryUsage of job (MB)
	237804  -  ResidentSetSize of job (KB)
...
006 (11078646.103.000) 06/08 14:49:09 Image size of job updated: 300000
	293  -  MemoryUsage of job (MB)
	300000  -  ResidentSetSize of job (KB)
...
006 (11078646.103.000) 06/08 14:54:09 Image size of job updated: 300796
	294  -  MemoryUsage of job (MB)
	300796  -  ResidentSetSize of job (KB)
...
040 (11078646.103.000) 06/08 14:58:19 Started transferring output files
...
040 (11078646.103.000) 06/08 14:58:19 Finished transferring output files
...
005 (11078646.103.000) 06/08 14:58:19 Job terminated.
	(1) Normal termination (return value 0)
		Usr 0 00:13:39, Sys 0 00:00:06  -  Run Remote Usage
		Usr 0 00:00:00, Sys 0 00:00:00  -  Run Local Usage
		Usr 0 00:13:39, Sys 0 00:00:06  -  Total Remote Usage
		Usr 0 00:00:00, Sys 0 00:00:00  -  Total Local Usage
	13847  -  Run Bytes Sent By Job
	17206  -  Run Bytes Received By Job
	13847  -  Total Bytes Sent By Job
	17206  -  Total Bytes Received By Job
	Partitionable Resources :    Usage  Request Allocated 
	   Cpus                 :     0.98        1         1 
	   Disk (KB)            :    58          20      3703 
	   GPUs                 :                           0 
	   Memory (MB)          :   294        3000      3000 
	   TimeExecute (s)      :   865                       
	   TimeSlotBusy (s)     :   867                       
...
