000 (11078646.341.000) 06/08 14:39:00 Job submitted from host: <188.185.6.50:9618?addrs=188.185.6.50-9618+[2001-1458-d00-62--100-2b1]-9618&alias=bigbird25.cern.ch&noUDP&sock=schedd_4036832_8faa>
...
040 (11078646.341.000) 06/08 14:45:10 Started transferring input files
	Transferring to host: <188.185.205.136:9618?addrs=188.185.205.136-9618+[2001-1458-303-a--100-5]-9618&alias=b9p04p5422.cern.ch&noUDP&sock=slot1_11_4028_d71d_268956>
...
040 (11078646.341.000) 06/08 14:45:10 Finished transferring input files
...
001 (11078646.341.000) 06/08 14:45:11 Job executing on host: <188.185.205.136:9618?addrs=188.185.205.136-9618+[2001-1458-303-a--100-5]-9618&alias=b9p04p5422.cern.ch&noUDP&sock=startd_3575_bb2a>
	SlotName: slot1_11@b9p04p5422.cern.ch
	CondorScratchDir = "/pool/condor/dir_1855718"
	Cpus = 1
	Disk = 3486
	GPUs = 0
	Memory = 3000
...
006 (11078646.341.000) 06/08 14:45:25 Image size of job updated: 237364
	232  -  MemoryUsage of job (MB)
	237364  -  ResidentSetSize of job (KB)
...
006 (11078646.341.000) 06/08 14:50:26 Image size of job updated: 296944
	290  -  MemoryUsage of job (MB)
	296944  -  ResidentSetSize of job (KB)
...
006 (11078646.341.000) 06/08 14:55:26 Image size of job updated: 297684
	291  -  MemoryUsage of job (MB)
	297684  -  ResidentSetSize of job (KB)
...
006 (11078646.341.000) 06/08 15:00:27 Image size of job updated: 298372
	292  -  MemoryUsage of job (MB)
	298372  -  ResidentSetSize of job (KB)
...
006 (11078646.341.000) 06/08 15:01:26 Image size of job updated: 300516
	292  -  MemoryUsage of job (MB)
	298372  -  ResidentSetSize of job (KB)
...
040 (11078646.341.000) 06/08 15:01:26 Started transferring output files
...
040 (11078646.341.000) 06/08 15:01:26 Finished transferring output files
...
005 (11078646.341.000) 06/08 15:01:26 Job terminated.
	(1) Normal termination (return value 0)
		Usr 0 00:15:38, Sys 0 00:00:07  -  Run Remote Usage
		Usr 0 00:00:00, Sys 0 00:00:00  -  Run Local Usage
		Usr 0 00:15:38, Sys 0 00:00:07  -  Total Remote Usage
		Usr 0 00:00:00, Sys 0 00:00:00  -  Total Local Usage
	13993  -  Run Bytes Sent By Job
	17206  -  Run Bytes Received By Job
	13993  -  Total Bytes Sent By Job
	17206  -  Total Bytes Received By Job
	Partitionable Resources :    Usage  Request Allocated 
	   Cpus                 :     0.96        1         1 
	   Disk (KB)            :    54          20      3486 
	   GPUs                 :                           0 
	   Memory (MB)          :   292        3000      3000 
	   TimeExecute (s)      :   975                       
	   TimeSlotBusy (s)     :   977                       
...
