000 (11078646.142.000) 06/08 14:39:00 Job submitted from host: <188.185.6.50:9618?addrs=188.185.6.50-9618+[2001-1458-d00-62--100-2b1]-9618&alias=bigbird25.cern.ch&noUDP&sock=schedd_4036832_8faa>
...
040 (11078646.142.000) 06/08 14:44:06 Started transferring input files
	Transferring to host: <188.185.210.170:9618?addrs=188.185.210.170-9618+[2001-1458-303-15--100-26]-9618&alias=b9p22p1056.cern.ch&noUDP&sock=slot1_31_7303_5fc2_295131>
...
040 (11078646.142.000) 06/08 14:44:06 Finished transferring input files
...
001 (11078646.142.000) 06/08 14:44:07 Job executing on host: <188.185.210.170:9618?addrs=188.185.210.170-9618+[2001-1458-303-15--100-26]-9618&alias=b9p22p1056.cern.ch&noUDP&sock=startd_6702_97d0>
	SlotName: slot1_31@b9p22p1056.cern.ch
	CondorScratchDir = "/pool/condor/dir_480896"
	Cpus = 1
	Disk = 3844
	GPUs = 0
	Memory = 3000
...
006 (11078646.142.000) 06/08 14:44:21 Image size of job updated: 203772
	199  -  MemoryUsage of job (MB)
	203772  -  ResidentSetSize of job (KB)
...
006 (11078646.142.000) 06/08 14:49:22 Image size of job updated: 298716
	292  -  MemoryUsage of job (MB)
	298716  -  ResidentSetSize of job (KB)
...
006 (11078646.142.000) 06/08 14:54:23 Image size of job updated: 301896
	295  -  MemoryUsage of job (MB)
	301896  -  ResidentSetSize of job (KB)
...
006 (11078646.142.000) 06/08 14:59:23 Image size of job updated: 301916
	295  -  MemoryUsage of job (MB)
	301896  -  ResidentSetSize of job (KB)
...
040 (11078646.142.000) 06/08 15:03:28 Started transferring output files
...
040 (11078646.142.000) 06/08 15:03:28 Finished transferring output files
...
005 (11078646.142.000) 06/08 15:03:28 Job terminated.
	(1) Normal termination (return value 0)
		Usr 0 00:18:41, Sys 0 00:00:06  -  Run Remote Usage
		Usr 0 00:00:00, Sys 0 00:00:00  -  Run Local Usage
		Usr 0 00:18:41, Sys 0 00:00:06  -  Total Remote Usage
		Usr 0 00:00:00, Sys 0 00:00:00  -  Total Local Usage
	14120  -  Run Bytes Sent By Job
	17206  -  Run Bytes Received By Job
	14120  -  Total Bytes Sent By Job
	17206  -  Total Bytes Received By Job
	Partitionable Resources :    Usage  Request Allocated 
	   Cpus                 :     0.98        1         1 
	   Disk (KB)            :    54          20      3844 
	   GPUs                 :                           0 
	   Memory (MB)          :   295        3000      3000 
	   TimeExecute (s)      :  1161                       
	   TimeSlotBusy (s)     :  1163                       
...
