000 (11078646.134.000) 06/08 14:39:00 Job submitted from host: <188.185.6.50:9618?addrs=188.185.6.50-9618+[2001-1458-d00-62--100-2b1]-9618&alias=bigbird25.cern.ch&noUDP&sock=schedd_4036832_8faa>
...
040 (11078646.134.000) 06/08 14:44:04 Started transferring input files
	Transferring to host: <188.185.210.218:9618?addrs=188.185.210.218-9618+[2001-1458-303-15--100-56]-9618&alias=b9p22p6817.cern.ch&noUDP&sock=slot1_3_9838_82c9_291336>
...
040 (11078646.134.000) 06/08 14:44:04 Finished transferring input files
...
001 (11078646.134.000) 06/08 14:44:05 Job executing on host: <188.185.210.218:9618?addrs=188.185.210.218-9618+[2001-1458-303-15--100-56]-9618&alias=b9p22p6817.cern.ch&noUDP&sock=startd_9111_f776>
	SlotName: slot1_3@b9p22p6817.cern.ch
	CondorScratchDir = "/pool/condor/dir_633312"
	Cpus = 1
	Disk = 3915
	GPUs = 0
	Memory = 3000
...
006 (11078646.134.000) 06/08 14:44:19 Image size of job updated: 204620
	200  -  MemoryUsage of job (MB)
	204620  -  ResidentSetSize of job (KB)
...
006 (11078646.134.000) 06/08 14:49:20 Image size of job updated: 298236
	292  -  MemoryUsage of job (MB)
	298236  -  ResidentSetSize of job (KB)
...
006 (11078646.134.000) 06/08 14:54:20 Image size of job updated: 302208
	293  -  MemoryUsage of job (MB)
	299640  -  ResidentSetSize of job (KB)
...
006 (11078646.134.000) 06/08 14:59:20 Image size of job updated: 302208
	293  -  MemoryUsage of job (MB)
	299708  -  ResidentSetSize of job (KB)
...
040 (11078646.134.000) 06/08 15:03:15 Started transferring output files
...
040 (11078646.134.000) 06/08 15:03:15 Finished transferring output files
...
005 (11078646.134.000) 06/08 15:03:15 Job terminated.
	(1) Normal termination (return value 0)
		Usr 0 00:18:10, Sys 0 00:00:07  -  Run Remote Usage
		Usr 0 00:00:00, Sys 0 00:00:00  -  Run Local Usage
		Usr 0 00:18:10, Sys 0 00:00:07  -  Total Remote Usage
		Usr 0 00:00:00, Sys 0 00:00:00  -  Total Local Usage
	13816  -  Run Bytes Sent By Job
	17206  -  Run Bytes Received By Job
	13816  -  Total Bytes Sent By Job
	17206  -  Total Bytes Received By Job
	Partitionable Resources :    Usage  Request Allocated 
	   Cpus                 :     0.96        1         1 
	   Disk (KB)            :    54          20      3915 
	   GPUs                 :                           0 
	   Memory (MB)          :   293        3000      3000 
	   TimeExecute (s)      :  1150                       
	   TimeSlotBusy (s)     :  1152                       
...
