000 (11078646.320.000) 06/08 14:39:00 Job submitted from host: <188.185.6.50:9618?addrs=188.185.6.50-9618+[2001-1458-d00-62--100-2b1]-9618&alias=bigbird25.cern.ch&noUDP&sock=schedd_4036832_8faa>
...
040 (11078646.320.000) 06/08 14:45:03 Started transferring input files
	Transferring to host: <128.142.192.209:9618?addrs=128.142.192.209-9618+[2001-1458-301-56--100-4d]-9618&alias=b9g18p8259.cern.ch&noUDP&sock=slot1_3_3390_4fc3_44062>
...
040 (11078646.320.000) 06/08 14:45:03 Finished transferring input files
...
001 (11078646.320.000) 06/08 14:45:04 Job executing on host: <128.142.192.209:9618?addrs=128.142.192.209-9618+[2001-1458-301-56--100-4d]-9618&alias=b9g18p8259.cern.ch&noUDP&sock=startd_2913_a778>
	SlotName: slot1_3@b9g18p8259.cern.ch
	CondorScratchDir = "/pool/condor/dir_3275622"
	Cpus = 1
	Disk = 3735
	GPUs = 0
	Memory = 3000
...
006 (11078646.320.000) 06/08 14:45:12 Image size of job updated: 95632
	94  -  MemoryUsage of job (MB)
	95632  -  ResidentSetSize of job (KB)
...
006 (11078646.320.000) 06/08 14:50:12 Image size of job updated: 295764
	289  -  MemoryUsage of job (MB)
	295764  -  ResidentSetSize of job (KB)
...
006 (11078646.320.000) 06/08 14:55:13 Image size of job updated: 298116
	292  -  MemoryUsage of job (MB)
	298116  -  ResidentSetSize of job (KB)
...
006 (11078646.320.000) 06/08 15:00:13 Image size of job updated: 299064
	293  -  MemoryUsage of job (MB)
	299064  -  ResidentSetSize of job (KB)
...
006 (11078646.320.000) 06/08 15:05:14 Image size of job updated: 299288
	293  -  MemoryUsage of job (MB)
	299288  -  ResidentSetSize of job (KB)
...
006 (11078646.320.000) 06/08 15:10:14 Image size of job updated: 299300
	293  -  MemoryUsage of job (MB)
	299300  -  ResidentSetSize of job (KB)
...
006 (11078646.320.000) 06/08 15:12:35 Image size of job updated: 300396
	293  -  MemoryUsage of job (MB)
	299300  -  ResidentSetSize of job (KB)
...
040 (11078646.320.000) 06/08 15:12:35 Started transferring output files
...
040 (11078646.320.000) 06/08 15:12:35 Finished transferring output files
...
005 (11078646.320.000) 06/08 15:12:35 Job terminated.
	(1) Normal termination (return value 0)
		Usr 0 00:26:54, Sys 0 00:00:06  -  Run Remote Usage
		Usr 0 00:00:00, Sys 0 00:00:00  -  Run Local Usage
		Usr 0 00:26:54, Sys 0 00:00:06  -  Total Remote Usage
		Usr 0 00:00:00, Sys 0 00:00:00  -  Total Local Usage
	13817  -  Run Bytes Sent By Job
	17206  -  Run Bytes Received By Job
	13817  -  Total Bytes Sent By Job
	17206  -  Total Bytes Received By Job
	Partitionable Resources :    Usage  Request Allocated 
	   Cpus                 :     0.98        1         1 
	   Disk (KB)            :    54          20      3735 
	   GPUs                 :                           0 
	   Memory (MB)          :   293        3000      3000 
	   TimeExecute (s)      :  1651                       
	   TimeSlotBusy (s)     :  1653                       
...
