000 (11078646.222.000) 06/08 14:39:00 Job submitted from host: <188.185.6.50:9618?addrs=188.185.6.50-9618+[2001-1458-d00-62--100-2b1]-9618&alias=bigbird25.cern.ch&noUDP&sock=schedd_4036832_8faa>
...
040 (11078646.222.000) 06/08 14:44:32 Started transferring input files
	Transferring to host: <188.185.210.232:9618?addrs=188.185.210.232-9618+[2001-1458-303-15--100-64]-9618&alias=b9p22p3068.cern.ch&noUDP&sock=slot1_8_419666_6963_250089>
...
040 (11078646.222.000) 06/08 14:44:32 Finished transferring input files
...
001 (11078646.222.000) 06/08 14:44:33 Job executing on host: <188.185.210.232:9618?addrs=188.185.210.232-9618+[2001-1458-303-15--100-64]-9618&alias=b9p22p3068.cern.ch&noUDP&sock=startd_6653_fbac>
	SlotName: slot1_8@b9p22p3068.cern.ch
	CondorScratchDir = "/pool/condor/dir_2240125"
	Cpus = 1
	Disk = 3782
	GPUs = 0
	Memory = 3000
...
006 (11078646.222.000) 06/08 14:44:47 Image size of job updated: 203976
	200  -  MemoryUsage of job (MB)
	203976  -  ResidentSetSize of job (KB)
...
006 (11078646.222.000) 06/08 14:49:48 Image size of job updated: 298368
	292  -  MemoryUsage of job (MB)
	298368  -  ResidentSetSize of job (KB)
...
006 (11078646.222.000) 06/08 14:54:49 Image size of job updated: 299012
	293  -  MemoryUsage of job (MB)
	299012  -  ResidentSetSize of job (KB)
...
006 (11078646.222.000) 06/08 14:59:49 Image size of job updated: 299128
	293  -  MemoryUsage of job (MB)
	299128  -  ResidentSetSize of job (KB)
...
006 (11078646.222.000) 06/08 15:04:50 Image size of job updated: 301132
	295  -  MemoryUsage of job (MB)
	301132  -  ResidentSetSize of job (KB)
...
006 (11078646.222.000) 06/08 15:05:29 Image size of job updated: 301424
	295  -  MemoryUsage of job (MB)
	301132  -  ResidentSetSize of job (KB)
...
040 (11078646.222.000) 06/08 15:05:29 Started transferring output files
...
040 (11078646.222.000) 06/08 15:05:29 Finished transferring output files
...
005 (11078646.222.000) 06/08 15:05:29 Job terminated.
	(1) Normal termination (return value 0)
		Usr 0 00:19:37, Sys 0 00:00:12  -  Run Remote Usage
		Usr 0 00:00:00, Sys 0 00:00:00  -  Run Local Usage
		Usr 0 00:19:37, Sys 0 00:00:12  -  Total Remote Usage
		Usr 0 00:00:00, Sys 0 00:00:00  -  Total Local Usage
	13977  -  Run Bytes Sent By Job
	17206  -  Run Bytes Received By Job
	13977  -  Total Bytes Sent By Job
	17206  -  Total Bytes Received By Job
	Partitionable Resources :    Usage  Request Allocated 
	   Cpus                 :     0.97        1         1 
	   Disk (KB)            :    54          20      3782 
	   GPUs                 :                           0 
	   Memory (MB)          :   295        3000      3000 
	   TimeExecute (s)      :  1256                       
	   TimeSlotBusy (s)     :  1258                       
...
