000 (11078646.022.000) 06/08 14:39:00 Job submitted from host: <188.185.6.50:9618?addrs=188.185.6.50-9618+[2001-1458-d00-62--100-2b1]-9618&alias=bigbird25.cern.ch&noUDP&sock=schedd_4036832_8faa>
...
040 (11078646.022.000) 06/08 14:43:27 Started transferring input files
	Transferring to host: <128.142.51.213:9618?addrs=128.142.51.213-9618+[2001-1458-301-3--100-12]-9618&alias=b9g02p5705.cern.ch&noUDP&sock=slot1_49_8957_c445_273173>
...
040 (11078646.022.000) 06/08 14:43:27 Finished transferring input files
...
001 (11078646.022.000) 06/08 14:43:28 Job executing on host: <128.142.51.213:9618?addrs=128.142.51.213-9618+[2001-1458-301-3--100-12]-9618&alias=b9g02p5705.cern.ch&noUDP&sock=startd_7958_1ac4>
	SlotName: slot1_49@b9g02p5705.cern.ch
	CondorScratchDir = "/pool/condor/dir_1471944"
	Cpus = 1
	Disk = 3818
	GPUs = 0
	Memory = 3000
...
006 (11078646.022.000) 06/08 14:43:41 Image size of job updated: 200504
	196  -  MemoryUsage of job (MB)
	200504  -  ResidentSetSize of job (KB)
...
006 (11078646.022.000) 06/08 14:48:41 Image size of job updated: 297380
	291  -  MemoryUsage of job (MB)
	297380  -  ResidentSetSize of job (KB)
...
006 (11078646.022.000) 06/08 14:53:42 Image size of job updated: 298364
	292  -  MemoryUsage of job (MB)
	298364  -  ResidentSetSize of job (KB)
...
006 (11078646.022.000) 06/08 14:58:42 Image size of job updated: 300020
	293  -  MemoryUsage of job (MB)
	300020  -  ResidentSetSize of job (KB)
...
006 (11078646.022.000) 06/08 15:03:42 Image size of job updated: 300024
	293  -  MemoryUsage of job (MB)
	300020  -  ResidentSetSize of job (KB)
...
040 (11078646.022.000) 06/08 15:08:04 Started transferring output files
...
040 (11078646.022.000) 06/08 15:08:04 Finished transferring output files
...
005 (11078646.022.000) 06/08 15:08:04 Job terminated.
	(1) Normal termination (return value 0)
		Usr 0 00:23:55, Sys 0 00:00:07  -  Run Remote Usage
		Usr 0 00:00:00, Sys 0 00:00:00  -  Run Local Usage
		Usr 0 00:23:55, Sys 0 00:00:07  -  Total Remote Usage
		Usr 0 00:00:00, Sys 0 00:00:00  -  Total Local Usage
	14376  -  Run Bytes Sent By Job
	17206  -  Run Bytes Received By Job
	14376  -  Total Bytes Sent By Job
	17206  -  Total Bytes Received By Job
	Partitionable Resources :    Usage  Request Allocated 
	   Cpus                 :     0.99        1         1 
	   Disk (KB)            :    54          20      3818 
	   GPUs                 :                           0 
	   Memory (MB)          :   293        3000      3000 
	   TimeExecute (s)      :  1476                       
	   TimeSlotBusy (s)     :  1478                       
...
