000 (11078646.057.000) 06/08 14:39:01 Job submitted from host: <188.185.6.50:9618?addrs=188.185.6.50-9618+[2001-1458-d00-62--100-2b1]-9618&alias=bigbird25.cern.ch&noUDP&sock=schedd_4036832_8faa>
...
040 (11078646.057.000) 06/08 14:43:39 Started transferring input files
	Transferring to host: <188.185.213.15:9618?addrs=188.185.213.15-9618+[2001-1458-303-1a--100-b]-9618&alias=b9p27p4645.cern.ch&noUDP&sock=slot1_16_3097_ddd7_284806>
...
040 (11078646.057.000) 06/08 14:43:39 Finished transferring input files
...
001 (11078646.057.000) 06/08 14:43:40 Job executing on host: <188.185.213.15:9618?addrs=188.185.213.15-9618+[2001-1458-303-1a--100-b]-9618&alias=b9p27p4645.cern.ch&noUDP&sock=startd_2649_9277>
	SlotName: slot1_16@b9p27p4645.cern.ch
	CondorScratchDir = "/pool/condor/dir_4072861"
	Cpus = 1
	Disk = 3802
	GPUs = 0
	Memory = 3000
...
006 (11078646.057.000) 06/08 14:43:54 Image size of job updated: 201632
	197  -  MemoryUsage of job (MB)
	201632  -  ResidentSetSize of job (KB)
...
006 (11078646.057.000) 06/08 14:48:55 Image size of job updated: 297528
	291  -  MemoryUsage of job (MB)
	297528  -  ResidentSetSize of job (KB)
...
006 (11078646.057.000) 06/08 14:53:55 Image size of job updated: 298428
	292  -  MemoryUsage of job (MB)
	298428  -  ResidentSetSize of job (KB)
...
006 (11078646.057.000) 06/08 14:58:55 Image size of job updated: 300572
	294  -  MemoryUsage of job (MB)
	300572  -  ResidentSetSize of job (KB)
...
040 (11078646.057.000) 06/08 15:04:57 Started transferring output files
...
040 (11078646.057.000) 06/08 15:04:57 Finished transferring output files
...
005 (11078646.057.000) 06/08 15:04:57 Job terminated.
	(1) Normal termination (return value 0)
		Usr 0 00:20:33, Sys 0 00:00:07  -  Run Remote Usage
		Usr 0 00:00:00, Sys 0 00:00:00  -  Run Local Usage
		Usr 0 00:20:33, Sys 0 00:00:07  -  Total Remote Usage
		Usr 0 00:00:00, Sys 0 00:00:00  -  Total Local Usage
	14057  -  Run Bytes Sent By Job
	17206  -  Run Bytes Received By Job
	14057  -  Total Bytes Sent By Job
	17206  -  Total Bytes Received By Job
	Partitionable Resources :    Usage  Request Allocated 
	   Cpus                 :     0.98        1         1 
	   Disk (KB)            :    54          20      3802 
	   GPUs                 :                           0 
	   Memory (MB)          :   294        3000      3000 
	   TimeExecute (s)      :  1277                       
	   TimeSlotBusy (s)     :  1279                       
...
