000 (11078646.330.000) 06/08 14:39:00 Job submitted from host: <188.185.6.50:9618?addrs=188.185.6.50-9618+[2001-1458-d00-62--100-2b1]-9618&alias=bigbird25.cern.ch&noUDP&sock=schedd_4036832_8faa>
...
040 (11078646.330.000) 06/08 14:45:07 Started transferring input files
	Transferring to host: <128.142.192.145:9618?addrs=128.142.192.145-9618+[2001-1458-301-56--100-d]-9618&alias=b9g18p1820.cern.ch&noUDP&sock=slot1_13_4122_1261_329005>
...
040 (11078646.330.000) 06/08 14:45:07 Finished transferring input files
...
001 (11078646.330.000) 06/08 14:45:08 Job executing on host: <128.142.192.145:9618?addrs=128.142.192.145-9618+[2001-1458-301-56--100-d]-9618&alias=b9g18p1820.cern.ch&noUDP&sock=startd_3291_ee45>
	SlotName: slot1_13@b9g18p1820.cern.ch
	CondorScratchDir = "/pool/condor/dir_41329"
	Cpus = 1
	Disk = 3876
	GPUs = 0
	Memory = 3000
...
006 (11078646.330.000) 06/08 14:45:21 Image size of job updated: 199240
	195  -  MemoryUsage of job (MB)
	199240  -  ResidentSetSize of job (KB)
...
006 (11078646.330.000) 06/08 14:50:21 Image size of job updated: 298608
	292  -  MemoryUsage of job (MB)
	298608  -  ResidentSetSize of job (KB)
...
006 (11078646.330.000) 06/08 14:55:22 Image size of job updated: 300088
	294  -  MemoryUsage of job (MB)
	300088  -  ResidentSetSize of job (KB)
...
006 (11078646.330.000) 06/08 15:00:22 Image size of job updated: 300152
	294  -  MemoryUsage of job (MB)
	300088  -  ResidentSetSize of job (KB)
...
040 (11078646.330.000) 06/08 15:18:18 Started transferring output files
...
040 (11078646.330.000) 06/08 15:18:18 Finished transferring output files
...
005 (11078646.330.000) 06/08 15:18:18 Job terminated.
	(1) Normal termination (return value 0)
		Usr 0 00:31:16, Sys 0 00:00:10  -  Run Remote Usage
		Usr 0 00:00:00, Sys 0 00:00:00  -  Run Local Usage
		Usr 0 00:31:16, Sys 0 00:00:10  -  Total Remote Usage
		Usr 0 00:00:00, Sys 0 00:00:00  -  Total Local Usage
	14398  -  Run Bytes Sent By Job
	17206  -  Run Bytes Received By Job
	14398  -  Total Bytes Sent By Job
	17206  -  Total Bytes Received By Job
	Partitionable Resources :    Usage  Request Allocated 
	   Cpus                 :     0.98        1         1 
	   Disk (KB)            :    54          20      3876 
	   GPUs                 :                           0 
	   Memory (MB)          :   294        3000      3000 
	   TimeExecute (s)      :  1990                       
	   TimeSlotBusy (s)     :  1992                       
...
