000 (11078646.313.000) 06/08 14:39:00 Job submitted from host: <188.185.6.50:9618?addrs=188.185.6.50-9618+[2001-1458-d00-62--100-2b1]-9618&alias=bigbird25.cern.ch&noUDP&sock=schedd_4036832_8faa>
...
040 (11078646.313.000) 06/08 14:45:14 Started transferring input files
	Transferring to host: <188.185.209.211:9618?addrs=188.185.209.211-9618+[2001-1458-303-12--100-50]-9618&alias=b9p12p3597.cern.ch&noUDP&sock=slot1_32_466949_9005_25253>
...
040 (11078646.313.000) 06/08 14:45:14 Finished transferring input files
...
001 (11078646.313.000) 06/08 14:45:15 Job executing on host: <188.185.209.211:9618?addrs=188.185.209.211-9618+[2001-1458-303-12--100-50]-9618&alias=b9p12p3597.cern.ch&noUDP&sock=startd_5223_1f3e>
	SlotName: slot1_32@b9p12p3597.cern.ch
	CondorScratchDir = "/pool/condor/dir_3396789"
	Cpus = 1
	Disk = 3673
	GPUs = 0
	Memory = 3000
...
006 (11078646.313.000) 06/08 14:45:29 Image size of job updated: 201944
	198  -  MemoryUsage of job (MB)
	201944  -  ResidentSetSize of job (KB)
...
006 (11078646.313.000) 06/08 14:50:31 Image size of job updated: 298240
	292  -  MemoryUsage of job (MB)
	298240  -  ResidentSetSize of job (KB)
...
006 (11078646.313.000) 06/08 14:55:31 Image size of job updated: 299164
	293  -  MemoryUsage of job (MB)
	299164  -  ResidentSetSize of job (KB)
...
006 (11078646.313.000) 06/08 15:00:31 Image size of job updated: 299836
	293  -  MemoryUsage of job (MB)
	299836  -  ResidentSetSize of job (KB)
...
006 (11078646.313.000) 06/08 15:04:00 Image size of job updated: 301132
	293  -  MemoryUsage of job (MB)
	299836  -  ResidentSetSize of job (KB)
...
040 (11078646.313.000) 06/08 15:04:00 Started transferring output files
...
040 (11078646.313.000) 06/08 15:04:00 Finished transferring output files
...
005 (11078646.313.000) 06/08 15:04:00 Job terminated.
	(1) Normal termination (return value 0)
		Usr 0 00:17:46, Sys 0 00:00:07  -  Run Remote Usage
		Usr 0 00:00:00, Sys 0 00:00:00  -  Run Local Usage
		Usr 0 00:17:46, Sys 0 00:00:07  -  Total Remote Usage
		Usr 0 00:00:00, Sys 0 00:00:00  -  Total Local Usage
	14368  -  Run Bytes Sent By Job
	17206  -  Run Bytes Received By Job
	14368  -  Total Bytes Sent By Job
	17206  -  Total Bytes Received By Job
	Partitionable Resources :    Usage  Request Allocated 
	   Cpus                 :     0.97        1         1 
	   Disk (KB)            :    57          20      3673 
	   GPUs                 :                           0 
	   Memory (MB)          :   293        3000      3000 
	   TimeExecute (s)      :  1125                       
	   TimeSlotBusy (s)     :  1127                       
...
