000 (11078646.282.000) 06/08 14:39:00 Job submitted from host: <188.185.6.50:9618?addrs=188.185.6.50-9618+[2001-1458-d00-62--100-2b1]-9618&alias=bigbird25.cern.ch&noUDP&sock=schedd_4036832_8faa>
...
040 (11078646.282.000) 06/08 14:44:52 Started transferring input files
	Transferring to host: <188.185.206.222:9618?addrs=188.185.206.222-9618+[2001-1458-303-c--100-5b]-9618&alias=b9p06p8710.cern.ch&noUDP&sock=slot1_9_2148753_9fab_146359>
...
040 (11078646.282.000) 06/08 14:44:52 Finished transferring input files
...
001 (11078646.282.000) 06/08 14:44:53 Job executing on host: <188.185.206.222:9618?addrs=188.185.206.222-9618+[2001-1458-303-c--100-5b]-9618&alias=b9p06p8710.cern.ch&noUDP&sock=startd_3603_efd1>
	SlotName: slot1_9@b9p06p8710.cern.ch
	CondorScratchDir = "/pool/condor/dir_3007904"
	Cpus = 1
	Disk = 3531
	GPUs = 0
	Memory = 3000
...
006 (11078646.282.000) 06/08 14:45:07 Image size of job updated: 206204
	202  -  MemoryUsage of job (MB)
	206204  -  ResidentSetSize of job (KB)
...
006 (11078646.282.000) 06/08 14:50:08 Image size of job updated: 300784
	294  -  MemoryUsage of job (MB)
	300784  -  ResidentSetSize of job (KB)
...
006 (11078646.282.000) 06/08 14:55:08 Image size of job updated: 300816
	294  -  MemoryUsage of job (MB)
	300784  -  ResidentSetSize of job (KB)
...
006 (11078646.282.000) 06/08 14:58:25 Image size of job updated: 301976
	294  -  MemoryUsage of job (MB)
	300784  -  ResidentSetSize of job (KB)
...
040 (11078646.282.000) 06/08 14:58:25 Started transferring output files
...
040 (11078646.282.000) 06/08 14:58:25 Finished transferring output files
...
005 (11078646.282.000) 06/08 14:58:25 Job terminated.
	(1) Normal termination (return value 0)
		Usr 0 00:13:01, Sys 0 00:00:04  -  Run Remote Usage
		Usr 0 00:00:00, Sys 0 00:00:00  -  Run Local Usage
		Usr 0 00:13:01, Sys 0 00:00:04  -  Total Remote Usage
		Usr 0 00:00:00, Sys 0 00:00:00  -  Total Local Usage
	14073  -  Run Bytes Sent By Job
	17206  -  Run Bytes Received By Job
	14073  -  Total Bytes Sent By Job
	17206  -  Total Bytes Received By Job
	Partitionable Resources :    Usage  Request Allocated 
	   Cpus                 :     0.98        1         1 
	   Disk (KB)            :    58          20      3531 
	   GPUs                 :                           0 
	   Memory (MB)          :   294        3000      3000 
	   TimeExecute (s)      :   812                       
	   TimeSlotBusy (s)     :   814                       
...
