000 (11078646.288.000) 06/08 14:39:00 Job submitted from host: <188.185.6.50:9618?addrs=188.185.6.50-9618+[2001-1458-d00-62--100-2b1]-9618&alias=bigbird25.cern.ch&noUDP&sock=schedd_4036832_8faa>
...
040 (11078646.288.000) 06/08 14:44:53 Started transferring input files
	Transferring to host: <188.185.211.179:9618?addrs=188.185.211.179-9618+[2001-1458-303-17--100-2f]-9618&alias=b9p24p7870.cern.ch&noUDP&sock=slot1_23_3385380_373a_211393>
...
040 (11078646.288.000) 06/08 14:44:53 Finished transferring input files
...
001 (11078646.288.000) 06/08 14:44:54 Job executing on host: <188.185.211.179:9618?addrs=188.185.211.179-9618+[2001-1458-303-17--100-2f]-9618&alias=b9p24p7870.cern.ch&noUDP&sock=startd_7877_8b98>
	SlotName: slot1_23@b9p24p7870.cern.ch
	CondorScratchDir = "/pool/condor/dir_791632"
	Cpus = 1
	Disk = 3815
	GPUs = 0
	Memory = 3000
...
006 (11078646.288.000) 06/08 14:45:07 Image size of job updated: 201468
	197  -  MemoryUsage of job (MB)
	201468  -  ResidentSetSize of job (KB)
...
006 (11078646.288.000) 06/08 14:50:07 Image size of job updated: 299936
	293  -  MemoryUsage of job (MB)
	299100  -  ResidentSetSize of job (KB)
...
006 (11078646.288.000) 06/08 14:55:08 Image size of job updated: 300108
	294  -  MemoryUsage of job (MB)
	300108  -  ResidentSetSize of job (KB)
...
006 (11078646.288.000) 06/08 15:00:08 Image size of job updated: 300432
	294  -  MemoryUsage of job (MB)
	300432  -  ResidentSetSize of job (KB)
...
006 (11078646.288.000) 06/08 15:05:09 Image size of job updated: 300804
	294  -  MemoryUsage of job (MB)
	300804  -  ResidentSetSize of job (KB)
...
006 (11078646.288.000) 06/08 15:10:10 Image size of job updated: 303888
	297  -  MemoryUsage of job (MB)
	303888  -  ResidentSetSize of job (KB)
...
006 (11078646.288.000) 06/08 15:15:10 Image size of job updated: 303892
	297  -  MemoryUsage of job (MB)
	303888  -  ResidentSetSize of job (KB)
...
040 (11078646.288.000) 06/08 15:45:42 Started transferring output files
...
040 (11078646.288.000) 06/08 15:45:42 Finished transferring output files
...
005 (11078646.288.000) 06/08 15:45:42 Job terminated.
	(1) Normal termination (return value 0)
		Usr 0 00:58:54, Sys 0 00:00:19  -  Run Remote Usage
		Usr 0 00:00:00, Sys 0 00:00:00  -  Run Local Usage
		Usr 0 00:58:54, Sys 0 00:00:19  -  Total Remote Usage
		Usr 0 00:00:00, Sys 0 00:00:00  -  Total Local Usage
	19449  -  Run Bytes Sent By Job
	17206  -  Run Bytes Received By Job
	19449  -  Total Bytes Sent By Job
	17206  -  Total Bytes Received By Job
	Partitionable Resources :    Usage  Request Allocated 
	   Cpus                 :     0.98        1         1 
	   Disk (KB)            :    59          20      3815 
	   GPUs                 :                           0 
	   Memory (MB)          :   297        3000      3000 
	   TimeExecute (s)      :  3648                       
	   TimeSlotBusy (s)     :  3650                       
...
