000 (11078646.179.000) 06/08 14:39:00 Job submitted from host: <188.185.6.50:9618?addrs=188.185.6.50-9618+[2001-1458-d00-62--100-2b1]-9618&alias=bigbird25.cern.ch&noUDP&sock=schedd_4036832_8faa>
...
040 (11078646.179.000) 06/08 14:44:18 Started transferring input files
	Transferring to host: <188.185.213.216:9618?addrs=188.185.213.216-9618+[2001-1458-303-1b--100-54]-9618&alias=b9p28p3894.cern.ch&noUDP&sock=slot1_4_4601_9214_292602>
...
040 (11078646.179.000) 06/08 14:44:18 Finished transferring input files
...
001 (11078646.179.000) 06/08 14:44:19 Job executing on host: <188.185.213.216:9618?addrs=188.185.213.216-9618+[2001-1458-303-1b--100-54]-9618&alias=b9p28p3894.cern.ch&noUDP&sock=startd_3842_def4>
	SlotName: slot1_4@b9p28p3894.cern.ch
	CondorScratchDir = "/pool/condor/dir_1342565"
	Cpus = 1
	Disk = 3776
	GPUs = 0
	Memory = 3000
...
006 (11078646.179.000) 06/08 14:44:33 Image size of job updated: 203340
	199  -  MemoryUsage of job (MB)
	203340  -  ResidentSetSize of job (KB)
...
006 (11078646.179.000) 06/08 14:49:34 Image size of job updated: 300432
	294  -  MemoryUsage of job (MB)
	300432  -  ResidentSetSize of job (KB)
...
006 (11078646.179.000) 06/08 14:54:35 Image size of job updated: 301104
	295  -  MemoryUsage of job (MB)
	301104  -  ResidentSetSize of job (KB)
...
006 (11078646.179.000) 06/08 14:59:35 Image size of job updated: 303004
	296  -  MemoryUsage of job (MB)
	303004  -  ResidentSetSize of job (KB)
...
006 (11078646.179.000) 06/08 15:04:36 Image size of job updated: 303040
	296  -  MemoryUsage of job (MB)
	303004  -  ResidentSetSize of job (KB)
...
040 (11078646.179.000) 06/08 15:52:03 Started transferring output files
...
040 (11078646.179.000) 06/08 15:52:03 Finished transferring output files
...
005 (11078646.179.000) 06/08 15:52:03 Job terminated.
	(1) Normal termination (return value 0)
		Usr 0 01:05:37, Sys 0 00:00:21  -  Run Remote Usage
		Usr 0 00:00:00, Sys 0 00:00:00  -  Run Local Usage
		Usr 0 01:05:37, Sys 0 00:00:21  -  Total Remote Usage
		Usr 0 00:00:00, Sys 0 00:00:00  -  Total Local Usage
	19562  -  Run Bytes Sent By Job
	17206  -  Run Bytes Received By Job
	19562  -  Total Bytes Sent By Job
	17206  -  Total Bytes Received By Job
	Partitionable Resources :    Usage  Request Allocated 
	   Cpus                 :     0.98        1         1 
	   Disk (KB)            :    59          20      3776 
	   GPUs                 :                           0 
	   Memory (MB)          :   296        3000      3000 
	   TimeExecute (s)      :  4063                       
	   TimeSlotBusy (s)     :  4066                       
...
