000 (11078646.224.000) 06/08 14:39:00 Job submitted from host: <188.185.6.50:9618?addrs=188.185.6.50-9618+[2001-1458-d00-62--100-2b1]-9618&alias=bigbird25.cern.ch&noUDP&sock=schedd_4036832_8faa>
...
040 (11078646.224.000) 06/08 14:44:33 Started transferring input files
	Transferring to host: <128.142.196.65:9618?addrs=128.142.196.65-9618+[2001-1458-301-3c--100-3f]-9618&alias=b9g32p1856.cern.ch&noUDP&sock=slot1_17_3161_f5da_293268>
...
040 (11078646.224.000) 06/08 14:44:33 Finished transferring input files
...
001 (11078646.224.000) 06/08 14:44:34 Job executing on host: <128.142.196.65:9618?addrs=128.142.196.65-9618+[2001-1458-301-3c--100-3f]-9618&alias=b9g32p1856.cern.ch&noUDP&sock=startd_2735_8f9c>
	SlotName: slot1_17@b9g32p1856.cern.ch
	CondorScratchDir = "/pool/condor/dir_2121590"
	Cpus = 1
	Disk = 3801
	GPUs = 0
	Memory = 3000
...
006 (11078646.224.000) 06/08 14:44:48 Image size of job updated: 201716
	197  -  MemoryUsage of job (MB)
	201716  -  ResidentSetSize of job (KB)
...
006 (11078646.224.000) 06/08 14:49:49 Image size of job updated: 298132
	292  -  MemoryUsage of job (MB)
	298132  -  ResidentSetSize of job (KB)
...
006 (11078646.224.000) 06/08 14:54:49 Image size of job updated: 299672
	293  -  MemoryUsage of job (MB)
	299672  -  ResidentSetSize of job (KB)
...
006 (11078646.224.000) 06/08 14:59:50 Image size of job updated: 301816
	293  -  MemoryUsage of job (MB)
	299672  -  ResidentSetSize of job (KB)
...
006 (11078646.224.000) 06/08 15:08:33 Image size of job updated: 315516
	293  -  MemoryUsage of job (MB)
	299672  -  ResidentSetSize of job (KB)
...
040 (11078646.224.000) 06/08 15:08:33 Started transferring output files
...
040 (11078646.224.000) 06/08 15:08:33 Finished transferring output files
...
005 (11078646.224.000) 06/08 15:08:33 Job terminated.
	(1) Normal termination (return value 0)
		Usr 0 00:23:06, Sys 0 00:00:09  -  Run Remote Usage
		Usr 0 00:00:00, Sys 0 00:00:00  -  Run Local Usage
		Usr 0 00:23:06, Sys 0 00:00:09  -  Total Remote Usage
		Usr 0 00:00:00, Sys 0 00:00:00  -  Total Local Usage
	14265  -  Run Bytes Sent By Job
	17206  -  Run Bytes Received By Job
	14265  -  Total Bytes Sent By Job
	17206  -  Total Bytes Received By Job
	Partitionable Resources :    Usage  Request Allocated 
	   Cpus                 :     0.98        1         1 
	   Disk (KB)            :    54          20      3801 
	   GPUs                 :                           0 
	   Memory (MB)          :   293        3000      3000 
	   TimeExecute (s)      :  1439                       
	   TimeSlotBusy (s)     :  1441                       
...
