i am in this directory
/pool/condor/dir_2975764
Python 3.9.23
3.9.23
 will run this python stop_check_met_eff.py /eos/user/m/mleoncoe/stop_event_check/privateNanoAod2018/nanoAOD_593.root /afs/cern.ch/work/m/mleoncoe/private/stop_met_check/outputs_2018/nanoAOD_593.json
event num1000
event num2000
event num3000
event num4000
event num5000
event num6000
event num7000
event num8000
event num9000
event num10000
event num11000
event num12000
event num13000
event num14000
event num15000
event num16000
event num17000
event num18000
event num19000
event num20000
event num21000
event num22000
event num23000
event num24000
event num25000
event num26000
event num27000
event num28000
event num29000
event num30000
event num31000
event num32000
event num33000
event num34000
event num35000
event num36000
event num37000
event num38000
event num39000
event num40000
event num41000
event num42000
event num43000
event num44000
event num45000
event num46000
event num47000
event num48000
event num49000
event num50000
event num51000
event num52000
event num53000
event num54000
event num55000
event num56000
event num57000
event num58000
event num59000
event num60000
event num61000
event num62000
event num63000
event num64000
event num65000
event num66000
event num67000
event num68000
event num69000
event num70000
event num71000
event num72000
event num73000
event num74000
event num75000
event num76000
event num77000
event num78000
event num79000
event num80000
event num81000
event num82000
event num83000
event num84000
event num85000
event num86000
event num87000
event num88000
event num89000
event num90000
event num91000
event num92000
event num93000
event num94000
event num95000
event num96000
event num97000
event num98000
event num99000
event num100000
event num101000
event num102000
event num103000
event num104000
event num105000
event num106000
event num107000
event num108000
event num109000
event num110000
event num111000
event num112000
event num113000
event num114000
event num115000
event num116000
event num117000
event num118000
event num119000
event num120000
event num121000
event num122000
event num123000
event num124000
event num125000
event num126000
event num127000
event num128000
event num129000
event num130000
event num131000
event num132000
event num133000
event num134000
event num135000
event num136000
event num137000
event num138000
event num139000
event num140000
event num141000
event num142000
event num143000
event num144000
event num145000
event num146000
event num147000
event num148000
event num149000
event num150000
event num151000
event num152000
event num153000
event num154000
event num155000
event num156000
event num157000
event num158000
event num159000
event num160000
event num161000
event num162000
event num163000
event num164000
event num165000
event num166000
event num167000
event num168000
event num169000
event num170000
event num171000
event num172000
event num173000
event num174000
event num175000
event num176000
event num177000
event num178000
event num179000
event num180000
event num181000
event num182000
event num183000
event num184000
event num185000
{'250_240': [2774.0, 717.0], '250_240_passing_MET': [0.0, 0.0], '250_240_failing_MET': [0.0, 0.0], '250_240_min_MET_pt': [10000000.0, 10000000.0], '250_235': [698.0, 0.0], '250_235_passing_MET': [673.0, 0.0], '250_235_failing_MET': [25.0, 0.0], '250_235_min_MET_pt': [49.914424896240234, 10000000.0], '250_230': [0.0, 0.0], '250_230_passing_MET': [0.0, 0.0], '250_230_failing_MET': [0.0, 0.0], '250_230_min_MET_pt': [10000000.0, 10000000.0], '250_225': [0.0, 1486.0], '250_225_passing_MET': [0.0, 1417.0], '250_225_failing_MET': [0.0, 69.0], '250_225_min_MET_pt': [10000000.0, 10.399056434631348], '250_220': [1588.0, 0.0], '250_220_passing_MET': [1488.0, 0.0], '250_220_failing_MET': [100.0, 0.0], '250_220_min_MET_pt': [19.228321075439453, 10000000.0], '275_265': [0.0, 1485.0], '275_265_passing_MET': [0.0, 1432.0], '275_265_failing_MET': [0.0, 53.0], '275_265_min_MET_pt': [10000000.0, 37.03718185424805], '275_260': [803.0, 0.0], '275_260_passing_MET': [781.0, 0.0], '275_260_failing_MET': [22.0, 0.0], '275_260_min_MET_pt': [45.40855407714844, 10000000.0], '275_255': [0.0, 0.0], '275_255_passing_MET': [0.0, 0.0], '275_255_failing_MET': [0.0, 0.0], '275_255_min_MET_pt': [10000000.0, 10000000.0], '275_250': [0.0, 0.0], '275_250_passing_MET': [0.0, 0.0], '275_250_failing_MET': [0.0, 0.0], '275_250_min_MET_pt': [10000000.0, 10000000.0], '275_245': [0.0, 0.0], '275_245_passing_MET': [0.0, 0.0], '275_245_failing_MET': [0.0, 0.0], '275_245_min_MET_pt': [10000000.0, 10000000.0], '300_290': [0.0, 1492.0], '300_290_passing_MET': [0.0, 1441.0], '300_290_failing_MET': [0.0, 51.0], '300_290_min_MET_pt': [10000000.0, 3.8601465225219727], '300_285': [0.0, 816.0], '300_285_passing_MET': [0.0, 777.0], '300_285_failing_MET': [0.0, 39.0], '300_285_min_MET_pt': [10000000.0, 52.58332824707031], '300_280': [1602.0, 0.0], '300_280_passing_MET': [1528.0, 0.0], '300_280_failing_MET': [74.0, 0.0], '300_280_min_MET_pt': [17.22896957397461, 10000000.0], '300_275': [857.0, 0.0], '300_275_passing_MET': [819.0, 0.0], '300_275_failing_MET': [38.0, 0.0], '300_275_min_MET_pt': [21.706134796142578, 10000000.0], '300_270': [0.0, 1632.0], '300_270_passing_MET': [0.0, 1538.0], '300_270_failing_MET': [0.0, 94.0], '300_270_min_MET_pt': [10000000.0, 19.69207763671875], '325_315': [797.0, 2383.0], '325_315_passing_MET': [0.0, 0.0], '325_315_failing_MET': [0.0, 0.0], '325_315_min_MET_pt': [10000000.0, 10000000.0], '325_310': [0.0, 819.0], '325_310_passing_MET': [0.0, 789.0], '325_310_failing_MET': [0.0, 30.0], '325_310_min_MET_pt': [10000000.0, 47.548587799072266], '325_305': [0.0, 0.0], '325_305_passing_MET': [0.0, 0.0], '325_305_failing_MET': [0.0, 0.0], '325_305_min_MET_pt': [10000000.0, 10000000.0], '325_300': [861.0, 893.0], '325_300_passing_MET': [0.0, 0.0], '325_300_failing_MET': [0.0, 0.0], '325_300_min_MET_pt': [10000000.0, 10000000.0], '325_295': [0.0, 0.0], '325_295_passing_MET': [0.0, 0.0], '325_295_failing_MET': [0.0, 0.0], '325_295_min_MET_pt': [10000000.0, 10000000.0], '350_340': [849.0, 1680.0], '350_340_passing_MET': [0.0, 0.0], '350_340_failing_MET': [0.0, 0.0], '350_340_min_MET_pt': [10000000.0, 10000000.0], '350_335': [0.0, 0.0], '350_335_passing_MET': [0.0, 0.0], '350_335_failing_MET': [0.0, 0.0], '350_335_min_MET_pt': [10000000.0, 10000000.0], '350_330': [0.0, 0.0], '350_330_passing_MET': [0.0, 0.0], '350_330_failing_MET': [0.0, 0.0], '350_330_min_MET_pt': [10000000.0, 10000000.0], '350_325': [883.0, 0.0], '350_325_passing_MET': [833.0, 0.0], '350_325_failing_MET': [50.0, 0.0], '350_325_min_MET_pt': [28.467191696166992, 10000000.0], '350_320': [0.0, 0.0], '350_320_passing_MET': [0.0, 0.0], '350_320_failing_MET': [0.0, 0.0], '350_320_min_MET_pt': [10000000.0, 10000000.0], '375_365': [873.0, 853.0], '375_365_passing_MET': [0.0, 0.0], '375_365_failing_MET': [0.0, 0.0], '375_365_min_MET_pt': [10000000.0, 10000000.0], '375_360': [0.0, 1693.0], '375_360_passing_MET': [0.0, 1635.0], '375_360_failing_MET': [0.0, 58.0], '375_360_min_MET_pt': [10000000.0, 41.407005310058594], '375_355': [0.0, 1764.0], '375_355_passing_MET': [0.0, 1688.0], '375_355_failing_MET': [0.0, 76.0], '375_355_min_MET_pt': [10000000.0, 28.83119010925293], '375_350': [0.0, 0.0], '375_350_passing_MET': [0.0, 0.0], '375_350_failing_MET': [0.0, 0.0], '375_350_min_MET_pt': [10000000.0, 10000000.0], '375_345': [913.0, 0.0], '375_345_passing_MET': [870.0, 0.0], '375_345_failing_MET': [43.0, 0.0], '375_345_min_MET_pt': [12.887237548828125, 10000000.0], '400_390': [0.0, 1772.0], '400_390_passing_MET': [0.0, 1718.0], '400_390_failing_MET': [0.0, 54.0], '400_390_min_MET_pt': [10000000.0, 31.379621505737305], '400_385': [0.0, 888.0], '400_385_passing_MET': [0.0, 857.0], '400_385_failing_MET': [0.0, 31.0], '400_385_min_MET_pt': [10000000.0, 46.23760223388672], '400_380': [0.0, 0.0], '400_380_passing_MET': [0.0, 0.0], '400_380_failing_MET': [0.0, 0.0], '400_380_min_MET_pt': [10000000.0, 10000000.0], '400_375': [0.0, 915.0], '400_375_passing_MET': [0.0, 889.0], '400_375_failing_MET': [0.0, 26.0], '400_375_min_MET_pt': [10000000.0, 17.346445083618164], '400_370': [0.0, 0.0], '400_370_passing_MET': [0.0, 0.0], '400_370_failing_MET': [0.0, 0.0], '400_370_min_MET_pt': [10000000.0, 10000000.0], '425_415': [0.0, 2755.0], '425_415_passing_MET': [0.0, 2692.0], '425_415_failing_MET': [0.0, 63.0], '425_415_min_MET_pt': [10000000.0, 16.43606185913086], '425_410': [0.0, 947.0], '425_410_passing_MET': [0.0, 907.0], '425_410_failing_MET': [0.0, 40.0], '425_410_min_MET_pt': [10000000.0, 14.256017684936523], '425_405': [939.0, 0.0], '425_405_passing_MET': [907.0, 0.0], '425_405_failing_MET': [32.0, 0.0], '425_405_min_MET_pt': [50.30168151855469, 10000000.0], '425_400': [1926.0, 1942.0], '425_400_passing_MET': [0.0, 0.0], '425_400_failing_MET': [0.0, 0.0], '425_400_min_MET_pt': [10000000.0, 10000000.0], '425_395': [962.0, 1918.0], '425_395_passing_MET': [0.0, 0.0], '425_395_failing_MET': [0.0, 0.0], '425_395_min_MET_pt': [10000000.0, 10000000.0], '450_440': [2783.0, 2712.0], '450_440_passing_MET': [0.0, 0.0], '450_440_failing_MET': [0.0, 0.0], '450_440_min_MET_pt': [10000000.0, 10000000.0], '450_435': [0.0, 0.0], '450_435_passing_MET': [0.0, 0.0], '450_435_failing_MET': [0.0, 0.0], '450_435_min_MET_pt': [10000000.0, 10000000.0], '450_430': [0.0, 0.0], '450_430_passing_MET': [0.0, 0.0], '450_430_failing_MET': [0.0, 0.0], '450_430_min_MET_pt': [10000000.0, 10000000.0], '450_425': [0.0, 0.0], '450_425_passing_MET': [0.0, 0.0], '450_425_failing_MET': [0.0, 0.0], '450_425_min_MET_pt': [10000000.0, 10000000.0], '450_420': [0.0, 0.0], '450_420_passing_MET': [0.0, 0.0], '450_420_failing_MET': [0.0, 0.0], '450_420_min_MET_pt': [10000000.0, 10000000.0], '475_465': [930.0, 969.0], '475_465_passing_MET': [0.0, 0.0], '475_465_failing_MET': [0.0, 0.0], '475_465_min_MET_pt': [10000000.0, 10000000.0], '475_460': [0.0, 0.0], '475_460_passing_MET': [0.0, 0.0], '475_460_failing_MET': [0.0, 0.0], '475_460_min_MET_pt': [10000000.0, 10000000.0], '475_455': [1046.0, 0.0], '475_455_passing_MET': [1015.0, 0.0], '475_455_failing_MET': [31.0, 0.0], '475_455_min_MET_pt': [16.57659912109375, 10000000.0], '475_450': [0.0, 0.0], '475_450_passing_MET': [0.0, 0.0], '475_450_failing_MET': [0.0, 0.0], '475_450_min_MET_pt': [10000000.0, 10000000.0], '475_445': [1038.0, 0.0], '475_445_passing_MET': [1004.0, 0.0], '475_445_failing_MET': [34.0, 0.0], '475_445_min_MET_pt': [17.6672420501709, 10000000.0], '500_490': [0.0, 980.0], '500_490_passing_MET': [0.0, 947.0], '500_490_failing_MET': [0.0, 33.0], '500_490_min_MET_pt': [10000000.0, 57.48539733886719], '500_485': [1955.0, 0.0], '500_485_passing_MET': [1896.0, 0.0], '500_485_failing_MET': [59.0, 0.0], '500_485_min_MET_pt': [27.494083404541016, 10000000.0], '500_480': [0.0, 0.0], '500_480_passing_MET': [0.0, 0.0], '500_480_failing_MET': [0.0, 0.0], '500_480_min_MET_pt': [10000000.0, 10000000.0], '500_475': [979.0, 0.0], '500_475_passing_MET': [948.0, 0.0], '500_475_failing_MET': [31.0, 0.0], '500_475_min_MET_pt': [35.717437744140625, 10000000.0], '500_470': [0.0, 0.0], '500_470_passing_MET': [0.0, 0.0], '500_470_failing_MET': [0.0, 0.0], '500_470_min_MET_pt': [10000000.0, 10000000.0], '525_515': [0.0, 0.0], '525_515_passing_MET': [0.0, 0.0], '525_515_failing_MET': [0.0, 0.0], '525_515_min_MET_pt': [10000000.0, 10000000.0], '525_510': [0.0, 0.0], '525_510_passing_MET': [0.0, 0.0], '525_510_failing_MET': [0.0, 0.0], '525_510_min_MET_pt': [10000000.0, 10000000.0], '525_505': [0.0, 0.0], '525_505_passing_MET': [0.0, 0.0], '525_505_failing_MET': [0.0, 0.0], '525_505_min_MET_pt': [10000000.0, 10000000.0], '525_500': [0.0, 0.0], '525_500_passing_MET': [0.0, 0.0], '525_500_failing_MET': [0.0, 0.0], '525_500_min_MET_pt': [10000000.0, 10000000.0], '525_495': [0.0, 0.0], '525_495_passing_MET': [0.0, 0.0], '525_495_failing_MET': [0.0, 0.0], '525_495_min_MET_pt': [10000000.0, 10000000.0], '550_540': [0.0, 971.0], '550_540_passing_MET': [0.0, 949.0], '550_540_failing_MET': [0.0, 22.0], '550_540_min_MET_pt': [10000000.0, 22.038516998291016], '550_535': [876.0, 0.0], '550_535_passing_MET': [855.0, 0.0], '550_535_failing_MET': [21.0, 0.0], '550_535_min_MET_pt': [40.71781921386719, 10000000.0], '550_530': [0.0, 0.0], '550_530_passing_MET': [0.0, 0.0], '550_530_failing_MET': [0.0, 0.0], '550_530_min_MET_pt': [10000000.0, 10000000.0], '550_525': [0.0, 0.0], '550_525_passing_MET': [0.0, 0.0], '550_525_failing_MET': [0.0, 0.0], '550_525_min_MET_pt': [10000000.0, 10000000.0], '550_520': [1039.0, 1041.0], '550_520_passing_MET': [0.0, 0.0], '550_520_failing_MET': [0.0, 0.0], '550_520_min_MET_pt': [10000000.0, 10000000.0], '575_565': [0.0, 0.0], '575_565_passing_MET': [0.0, 0.0], '575_565_failing_MET': [0.0, 0.0], '575_565_min_MET_pt': [10000000.0, 10000000.0], '575_560': [0.0, 0.0], '575_560_passing_MET': [0.0, 0.0], '575_560_failing_MET': [0.0, 0.0], '575_560_min_MET_pt': [10000000.0, 10000000.0], '575_555': [0.0, 0.0], '575_555_passing_MET': [0.0, 0.0], '575_555_failing_MET': [0.0, 0.0], '575_555_min_MET_pt': [10000000.0, 10000000.0], '575_550': [0.0, 0.0], '575_550_passing_MET': [0.0, 0.0], '575_550_failing_MET': [0.0, 0.0], '575_550_min_MET_pt': [10000000.0, 10000000.0], '575_545': [0.0, 0.0], '575_545_passing_MET': [0.0, 0.0], '575_545_failing_MET': [0.0, 0.0], '575_545_min_MET_pt': [10000000.0, 10000000.0], '600_590': [4966.0, 3054.0], '600_590_passing_MET': [0.0, 0.0], '600_590_failing_MET': [0.0, 0.0], '600_590_min_MET_pt': [10000000.0, 10000000.0], '600_585': [0.0, 0.0], '600_585_passing_MET': [0.0, 0.0], '600_585_failing_MET': [0.0, 0.0], '600_585_min_MET_pt': [10000000.0, 10000000.0], '600_580': [0.0, 0.0], '600_580_passing_MET': [0.0, 0.0], '600_580_failing_MET': [0.0, 0.0], '600_580_min_MET_pt': [10000000.0, 10000000.0], '600_575': [905.0, 0.0], '600_575_passing_MET': [877.0, 0.0], '600_575_failing_MET': [28.0, 0.0], '600_575_min_MET_pt': [22.263643264770508, 10000000.0], '600_570': [0.0, 0.0], '600_570_passing_MET': [0.0, 0.0], '600_570_failing_MET': [0.0, 0.0], '600_570_min_MET_pt': [10000000.0, 10000000.0], '625_615': [0.0, 0.0], '625_615_passing_MET': [0.0, 0.0], '625_615_failing_MET': [0.0, 0.0], '625_615_min_MET_pt': [10000000.0, 10000000.0], '625_610': [0.0, 0.0], '625_610_passing_MET': [0.0, 0.0], '625_610_failing_MET': [0.0, 0.0], '625_610_min_MET_pt': [10000000.0, 10000000.0], '625_605': [0.0, 0.0], '625_605_passing_MET': [0.0, 0.0], '625_605_failing_MET': [0.0, 0.0], '625_605_min_MET_pt': [10000000.0, 10000000.0], '625_600': [0.0, 0.0], '625_600_passing_MET': [0.0, 0.0], '625_600_failing_MET': [0.0, 0.0], '625_600_min_MET_pt': [10000000.0, 10000000.0], '625_595': [0.0, 0.0], '625_595_passing_MET': [0.0, 0.0], '625_595_failing_MET': [0.0, 0.0], '625_595_min_MET_pt': [10000000.0, 10000000.0], '650_640': [2071.0, 2068.0], '650_640_passing_MET': [0.0, 0.0], '650_640_failing_MET': [0.0, 0.0], '650_640_min_MET_pt': [10000000.0, 10000000.0], '650_635': [0.0, 0.0], '650_635_passing_MET': [0.0, 0.0], '650_635_failing_MET': [0.0, 0.0], '650_635_min_MET_pt': [10000000.0, 10000000.0], '650_630': [0.0, 0.0], '650_630_passing_MET': [0.0, 0.0], '650_630_failing_MET': [0.0, 0.0], '650_630_min_MET_pt': [10000000.0, 10000000.0], '650_625': [0.0, 1807.0], '650_625_passing_MET': [0.0, 1744.0], '650_625_failing_MET': [0.0, 63.0], '650_625_min_MET_pt': [10000000.0, 28.231515884399414], '650_620': [0.0, 0.0], '650_620_passing_MET': [0.0, 0.0], '650_620_failing_MET': [0.0, 0.0], '650_620_min_MET_pt': [10000000.0, 10000000.0], '675_665': [0.0, 0.0], '675_665_passing_MET': [0.0, 0.0], '675_665_failing_MET': [0.0, 0.0], '675_665_min_MET_pt': [10000000.0, 10000000.0], '675_660': [0.0, 0.0], '675_660_passing_MET': [0.0, 0.0], '675_660_failing_MET': [0.0, 0.0], '675_660_min_MET_pt': [10000000.0, 10000000.0], '675_655': [0.0, 0.0], '675_655_passing_MET': [0.0, 0.0], '675_655_failing_MET': [0.0, 0.0], '675_655_min_MET_pt': [10000000.0, 10000000.0], '675_650': [0.0, 0.0], '675_650_passing_MET': [0.0, 0.0], '675_650_failing_MET': [0.0, 0.0], '675_650_min_MET_pt': [10000000.0, 10000000.0], '675_645': [0.0, 0.0], '675_645_passing_MET': [0.0, 0.0], '675_645_failing_MET': [0.0, 0.0], '675_645_min_MET_pt': [10000000.0, 10000000.0], '700_690': [0.0, 2003.0], '700_690_passing_MET': [0.0, 1957.0], '700_690_failing_MET': [0.0, 46.0], '700_690_min_MET_pt': [10000000.0, 25.06375503540039], '700_685': [0.0, 0.0], '700_685_passing_MET': [0.0, 0.0], '700_685_failing_MET': [0.0, 0.0], '700_685_min_MET_pt': [10000000.0, 10000000.0], '700_680': [0.0, 0.0], '700_680_passing_MET': [0.0, 0.0], '700_680_failing_MET': [0.0, 0.0], '700_680_min_MET_pt': [10000000.0, 10000000.0], '700_675': [959.0, 0.0], '700_675_passing_MET': [934.0, 0.0], '700_675_failing_MET': [25.0, 0.0], '700_675_min_MET_pt': [12.836889266967773, 10000000.0], '700_670': [0.0, 0.0], '700_670_passing_MET': [0.0, 0.0], '700_670_failing_MET': [0.0, 0.0], '700_670_min_MET_pt': [10000000.0, 10000000.0], '725_715': [0.0, 0.0], '725_715_passing_MET': [0.0, 0.0], '725_715_failing_MET': [0.0, 0.0], '725_715_min_MET_pt': [10000000.0, 10000000.0], '725_710': [0.0, 0.0], '725_710_passing_MET': [0.0, 0.0], '725_710_failing_MET': [0.0, 0.0], '725_710_min_MET_pt': [10000000.0, 10000000.0], '725_705': [0.0, 0.0], '725_705_passing_MET': [0.0, 0.0], '725_705_failing_MET': [0.0, 0.0], '725_705_min_MET_pt': [10000000.0, 10000000.0], '725_700': [0.0, 0.0], '725_700_passing_MET': [0.0, 0.0], '725_700_failing_MET': [0.0, 0.0], '725_700_min_MET_pt': [10000000.0, 10000000.0], '725_695': [0.0, 0.0], '725_695_passing_MET': [0.0, 0.0], '725_695_failing_MET': [0.0, 0.0], '725_695_min_MET_pt': [10000000.0, 10000000.0], '750_740': [0.0, 0.0], '750_740_passing_MET': [0.0, 0.0], '750_740_failing_MET': [0.0, 0.0], '750_740_min_MET_pt': [10000000.0, 10000000.0], '750_735': [0.0, 0.0], '750_735_passing_MET': [0.0, 0.0], '750_735_failing_MET': [0.0, 0.0], '750_735_min_MET_pt': [10000000.0, 10000000.0], '750_730': [0.0, 2147.0], '750_730_passing_MET': [0.0, 2104.0], '750_730_failing_MET': [0.0, 43.0], '750_730_min_MET_pt': [10000000.0, 29.968238830566406], '750_725': [938.0, 0.0], '750_725_passing_MET': [915.0, 0.0], '750_725_failing_MET': [23.0, 0.0], '750_725_min_MET_pt': [17.64708137512207, 10000000.0], '750_720': [2304.0, 1133.0], '750_720_passing_MET': [0.0, 0.0], '750_720_failing_MET': [0.0, 0.0], '750_720_min_MET_pt': [10000000.0, 10000000.0], '775_765': [0.0, 0.0], '775_765_passing_MET': [0.0, 0.0], '775_765_failing_MET': [0.0, 0.0], '775_765_min_MET_pt': [10000000.0, 10000000.0], '775_760': [0.0, 0.0], '775_760_passing_MET': [0.0, 0.0], '775_760_failing_MET': [0.0, 0.0], '775_760_min_MET_pt': [10000000.0, 10000000.0], '775_755': [0.0, 0.0], '775_755_passing_MET': [0.0, 0.0], '775_755_failing_MET': [0.0, 0.0], '775_755_min_MET_pt': [10000000.0, 10000000.0], '775_750': [0.0, 0.0], '775_750_passing_MET': [0.0, 0.0], '775_750_failing_MET': [0.0, 0.0], '775_750_min_MET_pt': [10000000.0, 10000000.0], '775_745': [0.0, 0.0], '775_745_passing_MET': [0.0, 0.0], '775_745_failing_MET': [0.0, 0.0], '775_745_min_MET_pt': [10000000.0, 10000000.0], '800_790': [0.0, 1029.0], '800_790_passing_MET': [0.0, 1007.0], '800_790_failing_MET': [0.0, 22.0], '800_790_min_MET_pt': [10000000.0, 6.788164138793945], '800_785': [986.0, 940.0], '800_785_passing_MET': [0.0, 0.0], '800_785_failing_MET': [0.0, 0.0], '800_785_min_MET_pt': [10000000.0, 10000000.0], '800_780': [0.0, 0.0], '800_780_passing_MET': [0.0, 0.0], '800_780_failing_MET': [0.0, 0.0], '800_780_min_MET_pt': [10000000.0, 10000000.0], '800_775': [925.0, 0.0], '800_775_passing_MET': [908.0, 0.0], '800_775_failing_MET': [17.0, 0.0], '800_775_min_MET_pt': [35.599945068359375, 10000000.0], '800_770': [0.0, 1184.0], '800_770_passing_MET': [0.0, 1154.0], '800_770_failing_MET': [0.0, 30.0], '800_770_min_MET_pt': [10000000.0, 36.99891662597656], '825_815': [0.0, 0.0], '825_815_passing_MET': [0.0, 0.0], '825_815_failing_MET': [0.0, 0.0], '825_815_min_MET_pt': [10000000.0, 10000000.0], '825_810': [0.0, 0.0], '825_810_passing_MET': [0.0, 0.0], '825_810_failing_MET': [0.0, 0.0], '825_810_min_MET_pt': [10000000.0, 10000000.0], '825_805': [0.0, 0.0], '825_805_passing_MET': [0.0, 0.0], '825_805_failing_MET': [0.0, 0.0], '825_805_min_MET_pt': [10000000.0, 10000000.0], '825_800': [0.0, 0.0], '825_800_passing_MET': [0.0, 0.0], '825_800_failing_MET': [0.0, 0.0], '825_800_min_MET_pt': [10000000.0, 10000000.0], '825_795': [0.0, 0.0], '825_795_passing_MET': [0.0, 0.0], '825_795_failing_MET': [0.0, 0.0], '825_795_min_MET_pt': [10000000.0, 10000000.0], '850_840': [1083.0, 0.0], '850_840_passing_MET': [1045.0, 0.0], '850_840_failing_MET': [38.0, 0.0], '850_840_min_MET_pt': [15.434700965881348, 10000000.0], '850_835': [0.0, 0.0], '850_835_passing_MET': [0.0, 0.0], '850_835_failing_MET': [0.0, 0.0], '850_835_min_MET_pt': [10000000.0, 10000000.0], '850_830': [0.0, 0.0], '850_830_passing_MET': [0.0, 0.0], '850_830_failing_MET': [0.0, 0.0], '850_830_min_MET_pt': [10000000.0, 10000000.0], '850_825': [0.0, 0.0], '850_825_passing_MET': [0.0, 0.0], '850_825_failing_MET': [0.0, 0.0], '850_825_min_MET_pt': [10000000.0, 10000000.0], '850_820': [1140.0, 1147.0], '850_820_passing_MET': [0.0, 0.0], '850_820_failing_MET': [0.0, 0.0], '850_820_min_MET_pt': [10000000.0, 10000000.0], '875_865': [0.0, 0.0], '875_865_passing_MET': [0.0, 0.0], '875_865_failing_MET': [0.0, 0.0], '875_865_min_MET_pt': [10000000.0, 10000000.0], '875_860': [0.0, 0.0], '875_860_passing_MET': [0.0, 0.0], '875_860_failing_MET': [0.0, 0.0], '875_860_min_MET_pt': [10000000.0, 10000000.0], '875_855': [0.0, 0.0], '875_855_passing_MET': [0.0, 0.0], '875_855_failing_MET': [0.0, 0.0], '875_855_min_MET_pt': [10000000.0, 10000000.0], '875_850': [0.0, 0.0], '875_850_passing_MET': [0.0, 0.0], '875_850_failing_MET': [0.0, 0.0], '875_850_min_MET_pt': [10000000.0, 10000000.0], '875_845': [0.0, 0.0], '875_845_passing_MET': [0.0, 0.0], '875_845_failing_MET': [0.0, 0.0], '875_845_min_MET_pt': [10000000.0, 10000000.0], '900_890': [1092.0, 0.0], '900_890_passing_MET': [1070.0, 0.0], '900_890_failing_MET': [22.0, 0.0], '900_890_min_MET_pt': [6.31843900680542, 10000000.0], '900_885': [0.0, 0.0], '900_885_passing_MET': [0.0, 0.0], '900_885_failing_MET': [0.0, 0.0], '900_885_min_MET_pt': [10000000.0, 10000000.0], '900_880': [0.0, 0.0], '900_880_passing_MET': [0.0, 0.0], '900_880_failing_MET': [0.0, 0.0], '900_880_min_MET_pt': [10000000.0, 10000000.0], '900_875': [952.0, 0.0], '900_875_passing_MET': [918.0, 0.0], '900_875_failing_MET': [34.0, 0.0], '900_875_min_MET_pt': [33.28651809692383, 10000000.0], '900_870': [0.0, 0.0], '900_870_passing_MET': [0.0, 0.0], '900_870_failing_MET': [0.0, 0.0], '900_870_min_MET_pt': [10000000.0, 10000000.0], '925_915': [0.0, 0.0], '925_915_passing_MET': [0.0, 0.0], '925_915_failing_MET': [0.0, 0.0], '925_915_min_MET_pt': [10000000.0, 10000000.0], '925_910': [0.0, 0.0], '925_910_passing_MET': [0.0, 0.0], '925_910_failing_MET': [0.0, 0.0], '925_910_min_MET_pt': [10000000.0, 10000000.0], '925_905': [0.0, 0.0], '925_905_passing_MET': [0.0, 0.0], '925_905_failing_MET': [0.0, 0.0], '925_905_min_MET_pt': [10000000.0, 10000000.0], '925_900': [0.0, 0.0], '925_900_passing_MET': [0.0, 0.0], '925_900_failing_MET': [0.0, 0.0], '925_900_min_MET_pt': [10000000.0, 10000000.0], '925_895': [0.0, 0.0], '925_895_passing_MET': [0.0, 0.0], '925_895_failing_MET': [0.0, 0.0], '925_895_min_MET_pt': [10000000.0, 10000000.0], '950_940': [1102.0, 2240.0], '950_940_passing_MET': [0.0, 0.0], '950_940_failing_MET': [0.0, 0.0], '950_940_min_MET_pt': [10000000.0, 10000000.0], '950_935': [0.0, 0.0], '950_935_passing_MET': [0.0, 0.0], '950_935_failing_MET': [0.0, 0.0], '950_935_min_MET_pt': [10000000.0, 10000000.0], '950_930': [1108.0, 0.0], '950_930_passing_MET': [1083.0, 0.0], '950_930_failing_MET': [25.0, 0.0], '950_930_min_MET_pt': [36.84719467163086, 10000000.0], '950_925': [0.0, 0.0], '950_925_passing_MET': [0.0, 0.0], '950_925_failing_MET': [0.0, 0.0], '950_925_min_MET_pt': [10000000.0, 10000000.0], '950_920': [1220.0, 1147.0], '950_920_passing_MET': [0.0, 0.0], '950_920_failing_MET': [0.0, 0.0], '950_920_min_MET_pt': [10000000.0, 10000000.0], '975_965': [0.0, 0.0], '975_965_passing_MET': [0.0, 0.0], '975_965_failing_MET': [0.0, 0.0], '975_965_min_MET_pt': [10000000.0, 10000000.0], '975_960': [0.0, 0.0], '975_960_passing_MET': [0.0, 0.0], '975_960_failing_MET': [0.0, 0.0], '975_960_min_MET_pt': [10000000.0, 10000000.0], '975_955': [0.0, 0.0], '975_955_passing_MET': [0.0, 0.0], '975_955_failing_MET': [0.0, 0.0], '975_955_min_MET_pt': [10000000.0, 10000000.0], '975_950': [0.0, 0.0], '975_950_passing_MET': [0.0, 0.0], '975_950_failing_MET': [0.0, 0.0], '975_950_min_MET_pt': [10000000.0, 10000000.0], '975_945': [0.0, 0.0], '975_945_passing_MET': [0.0, 0.0], '975_945_failing_MET': [0.0, 0.0], '975_945_min_MET_pt': [10000000.0, 10000000.0], '1000_990': [3327.0, 1106.0], '1000_990_passing_MET': [0.0, 0.0], '1000_990_failing_MET': [0.0, 0.0], '1000_990_min_MET_pt': [10000000.0, 10000000.0], '1000_985': [0.0, 962.0], '1000_985_passing_MET': [0.0, 933.0], '1000_985_failing_MET': [0.0, 29.0], '1000_985_min_MET_pt': [10000000.0, 35.6740608215332], '1000_980': [0.0, 0.0], '1000_980_passing_MET': [0.0, 0.0], '1000_980_failing_MET': [0.0, 0.0], '1000_980_min_MET_pt': [10000000.0, 10000000.0], '1000_975': [0.0, 0.0], '1000_975_passing_MET': [0.0, 0.0], '1000_975_failing_MET': [0.0, 0.0], '1000_975_min_MET_pt': [10000000.0, 10000000.0], '1000_970': [1219.0, 0.0], '1000_970_passing_MET': [1180.0, 0.0], '1000_970_failing_MET': [39.0, 0.0], '1000_970_min_MET_pt': [21.2529296875, 10000000.0], '1025_1015': [0.0, 0.0], '1025_1015_passing_MET': [0.0, 0.0], '1025_1015_failing_MET': [0.0, 0.0], '1025_1015_min_MET_pt': [10000000.0, 10000000.0], '1025_1010': [0.0, 0.0], '1025_1010_passing_MET': [0.0, 0.0], '1025_1010_failing_MET': [0.0, 0.0], '1025_1010_min_MET_pt': [10000000.0, 10000000.0], '1025_1005': [0.0, 0.0], '1025_1005_passing_MET': [0.0, 0.0], '1025_1005_failing_MET': [0.0, 0.0], '1025_1005_min_MET_pt': [10000000.0, 10000000.0], '1025_1000': [0.0, 0.0], '1025_1000_passing_MET': [0.0, 0.0], '1025_1000_failing_MET': [0.0, 0.0], '1025_1000_min_MET_pt': [10000000.0, 10000000.0], '1025_995': [0.0, 0.0], '1025_995_passing_MET': [0.0, 0.0], '1025_995_failing_MET': [0.0, 0.0], '1025_995_min_MET_pt': [10000000.0, 10000000.0], '1050_1040': [0.0, 0.0], '1050_1040_passing_MET': [0.0, 0.0], '1050_1040_failing_MET': [0.0, 0.0], '1050_1040_min_MET_pt': [10000000.0, 10000000.0], '1050_1035': [0.0, 0.0], '1050_1035_passing_MET': [0.0, 0.0], '1050_1035_failing_MET': [0.0, 0.0], '1050_1035_min_MET_pt': [10000000.0, 10000000.0], '1050_1030': [0.0, 0.0], '1050_1030_passing_MET': [0.0, 0.0], '1050_1030_failing_MET': [0.0, 0.0], '1050_1030_min_MET_pt': [10000000.0, 10000000.0], '1050_1025': [0.0, 0.0], '1050_1025_passing_MET': [0.0, 0.0], '1050_1025_failing_MET': [0.0, 0.0], '1050_1025_min_MET_pt': [10000000.0, 10000000.0], '1050_1020': [0.0, 0.0], '1050_1020_passing_MET': [0.0, 0.0], '1050_1020_failing_MET': [0.0, 0.0], '1050_1020_min_MET_pt': [10000000.0, 10000000.0], '1075_1065': [0.0, 0.0], '1075_1065_passing_MET': [0.0, 0.0], '1075_1065_failing_MET': [0.0, 0.0], '1075_1065_min_MET_pt': [10000000.0, 10000000.0], '1075_1060': [0.0, 0.0], '1075_1060_passing_MET': [0.0, 0.0], '1075_1060_failing_MET': [0.0, 0.0], '1075_1060_min_MET_pt': [10000000.0, 10000000.0], '1075_1055': [0.0, 0.0], '1075_1055_passing_MET': [0.0, 0.0], '1075_1055_failing_MET': [0.0, 0.0], '1075_1055_min_MET_pt': [10000000.0, 10000000.0], '1075_1050': [0.0, 0.0], '1075_1050_passing_MET': [0.0, 0.0], '1075_1050_failing_MET': [0.0, 0.0], '1075_1050_min_MET_pt': [10000000.0, 10000000.0], '1075_1045': [0.0, 0.0], '1075_1045_passing_MET': [0.0, 0.0], '1075_1045_failing_MET': [0.0, 0.0], '1075_1045_min_MET_pt': [10000000.0, 10000000.0], '1100_1090': [2108.0, 0.0], '1100_1090_passing_MET': [2072.0, 0.0], '1100_1090_failing_MET': [36.0, 0.0], '1100_1090_min_MET_pt': [19.79348373413086, 10000000.0], '1100_1085': [0.0, 0.0], '1100_1085_passing_MET': [0.0, 0.0], '1100_1085_failing_MET': [0.0, 0.0], '1100_1085_min_MET_pt': [10000000.0, 10000000.0], '1100_1080': [1162.0, 0.0], '1100_1080_passing_MET': [1135.0, 0.0], '1100_1080_failing_MET': [27.0, 0.0], '1100_1080_min_MET_pt': [15.592846870422363, 10000000.0], '1100_1075': [1016.0, 0.0], '1100_1075_passing_MET': [989.0, 0.0], '1100_1075_failing_MET': [27.0, 0.0], '1100_1075_min_MET_pt': [20.40528678894043, 10000000.0], '1100_1070': [0.0, 0.0], '1100_1070_passing_MET': [0.0, 0.0], '1100_1070_failing_MET': [0.0, 0.0], '1100_1070_min_MET_pt': [10000000.0, 10000000.0], 'nEventsTotal': 185268.0, 'strange masspoints': 0.0, 'orphans': 0.0, 'R-hadron event': 0.0, 'different stop antistop masses': 0.0, 'strange error': 0.0, 'strange event': 0.0, 'different neutralino masses': 13353.0, 'large differences': 0.0, '526_495': [1046.0, 0.0], '526_495_passing_MET': [997.0, 0.0], '526_495_failing_MET': [49.0, 0.0], '526_495_min_MET_pt': [29.6855411529541, 10000000.0], '626_610': [0.0, 1040.0], '626_610_passing_MET': [0.0, 1020.0], '626_610_failing_MET': [0.0, 20.0], '626_610_min_MET_pt': [10000000.0, 17.641420364379883], '576_545': [0.0, 1788.0], '576_545_passing_MET': [0.0, 1739.0], '576_545_failing_MET': [0.0, 49.0], '576_545_min_MET_pt': [10000000.0, 25.43147850036621], '576_546': [0.0, 359.0], '576_546_passing_MET': [0.0, 343.0], '576_546_failing_MET': [0.0, 16.0], '576_546_min_MET_pt': [10000000.0, 55.24680709838867], '1024_1015': [0.0, 1045.0], '1024_1015_passing_MET': [0.0, 1021.0], '1024_1015_failing_MET': [0.0, 24.0], '1024_1015_min_MET_pt': [10000000.0, 36.12067794799805], '1024_1016': [0.0, 105.0], '1024_1016_passing_MET': [0.0, 103.0], '1024_1016_failing_MET': [0.0, 2.0], '1024_1016_min_MET_pt': [10000000.0, 45.691471099853516], '1052_1030': [0.0, 994.0], '1052_1030_passing_MET': [0.0, 972.0], '1052_1030_failing_MET': [0.0, 22.0], '1052_1030_min_MET_pt': [10000000.0, 26.511398315429688], '1052_1032': [0.0, 166.0], '1052_1032_passing_MET': [0.0, 164.0], '1052_1032_failing_MET': [0.0, 2.0], '1052_1032_min_MET_pt': [10000000.0, 50.775177001953125], '650_626': [0.0, 308.0], '650_626_passing_MET': [0.0, 294.0], '650_626_failing_MET': [0.0, 14.0], '650_626_min_MET_pt': [10000000.0, 72.02781677246094], '676_666': [290.0, 188.0], '676_666_passing_MET': [278.0, 183.0], '676_666_failing_MET': [12.0, 5.0], '676_666_min_MET_pt': [24.236265182495117, 73.11941528320312], '676_665': [2845.0, 1888.0], '676_665_passing_MET': [2778.0, 1839.0], '676_665_failing_MET': [67.0, 49.0], '676_665_min_MET_pt': [31.420467376708984, 15.93823528289795], '626_605': [0.0, 912.0], '626_605_passing_MET': [0.0, 880.0], '626_605_failing_MET': [0.0, 32.0], '626_605_min_MET_pt': [10000000.0, 43.48748016357422], '626_606': [0.0, 152.0], '626_606_passing_MET': [0.0, 147.0], '626_606_failing_MET': [0.0, 5.0], '626_606_min_MET_pt': [10000000.0, 37.3856315612793], '1052_1040': [1110.0, 0.0], '1052_1040_passing_MET': [1083.0, 0.0], '1052_1040_failing_MET': [27.0, 0.0], '1052_1040_min_MET_pt': [17.073074340820312, 10000000.0], '1024_1005': [1018.0, 1040.0], '1024_1005_passing_MET': [993.0, 1025.0], '1024_1005_failing_MET': [25.0, 15.0], '1024_1005_min_MET_pt': [27.039499282836914, 59.210411071777344], '1024_1006': [166.0, 177.0], '1024_1006_passing_MET': [163.0, 176.0], '1024_1006_failing_MET': [3.0, 1.0], '1024_1006_min_MET_pt': [86.04252624511719, 82.19346618652344], '800_776': [168.0, 0.0], '800_776_passing_MET': [164.0, 0.0], '800_776_failing_MET': [4.0, 0.0], '800_776_min_MET_pt': [74.62749481201172, 10000000.0], '776_765': [0.0, 1857.0], '776_765_passing_MET': [0.0, 1813.0], '776_765_failing_MET': [0.0, 44.0], '776_765_min_MET_pt': [10000000.0, 32.032169342041016], '776_766': [0.0, 189.0], '776_766_passing_MET': [0.0, 187.0], '776_766_failing_MET': [0.0, 2.0], '776_766_min_MET_pt': [10000000.0, 90.1358413696289], '776_750': [0.0, 1073.0], '776_750_passing_MET': [0.0, 1043.0], '776_750_failing_MET': [0.0, 30.0], '776_750_min_MET_pt': [10000000.0, 18.484514236450195], '576_566': [77.0, 96.0], '576_566_passing_MET': [75.0, 95.0], '576_566_failing_MET': [2.0, 1.0], '576_566_min_MET_pt': [83.28544616699219, 92.9023666381836], '576_565': [883.0, 948.0], '576_565_passing_MET': [862.0, 919.0], '576_565_failing_MET': [21.0, 29.0], '576_565_min_MET_pt': [46.467838287353516, 47.12821960449219], '876_865': [0.0, 1027.0], '876_865_passing_MET': [0.0, 1001.0], '876_865_failing_MET': [0.0, 26.0], '876_865_min_MET_pt': [10000000.0, 32.353572845458984], '876_866': [0.0, 89.0], '876_866_passing_MET': [0.0, 88.0], '876_866_failing_MET': [0.0, 1.0], '876_866_min_MET_pt': [10000000.0, 85.88671112060547], '576_560': [999.0, 0.0], '576_560_passing_MET': [972.0, 0.0], '576_560_failing_MET': [27.0, 0.0], '576_560_min_MET_pt': [31.74360466003418, 10000000.0], '1076_1045': [0.0, 980.0], '1076_1045_passing_MET': [0.0, 951.0], '1076_1045_failing_MET': [0.0, 29.0], '1076_1045_min_MET_pt': [10000000.0, 11.949051856994629], '1076_1044': [0.0, 196.0], '1076_1044_passing_MET': [0.0, 192.0], '1076_1044_failing_MET': [0.0, 4.0], '1076_1044_min_MET_pt': [10000000.0, 13.344675064086914], '726_715': [2843.0, 0.0], '726_715_passing_MET': [2782.0, 0.0], '726_715_failing_MET': [61.0, 0.0], '726_715_min_MET_pt': [7.479979038238525, 10000000.0], '726_716': [303.0, 0.0], '726_716_passing_MET': [294.0, 0.0], '726_716_failing_MET': [9.0, 0.0], '726_716_min_MET_pt': [37.49592971801758, 10000000.0], '1052_1025': [0.0, 1033.0], '1052_1025_passing_MET': [0.0, 1012.0], '1052_1025_failing_MET': [0.0, 21.0], '1052_1025_min_MET_pt': [10000000.0, 45.851295471191406], '1052_1024': [0.0, 190.0], '1052_1024_passing_MET': [0.0, 183.0], '1052_1024_failing_MET': [0.0, 7.0], '1052_1024_min_MET_pt': [10000000.0, 54.634857177734375], '1100_1092': [179.0, 0.0], '1100_1092_passing_MET': [176.0, 0.0], '1100_1092_failing_MET': [3.0, 0.0], '1100_1092_min_MET_pt': [74.59508514404297, 10000000.0], '826_815': [1885.0, 1930.0], '826_815_passing_MET': [1845.0, 1873.0], '826_815_failing_MET': [40.0, 57.0], '826_815_min_MET_pt': [21.571531295776367, 23.62885093688965], '826_816': [202.0, 212.0], '826_816_passing_MET': [196.0, 206.0], '826_816_failing_MET': [6.0, 6.0], '826_816_min_MET_pt': [35.53286361694336, 37.78303909301758], '726_700': [0.0, 1156.0], '726_700_passing_MET': [0.0, 1120.0], '726_700_failing_MET': [0.0, 36.0], '726_700_min_MET_pt': [10000000.0, 41.375144958496094], '726_710': [1080.0, 0.0], '726_710_passing_MET': [1054.0, 0.0], '726_710_failing_MET': [26.0, 0.0], '726_710_min_MET_pt': [19.060550689697266, 10000000.0], '676_655': [0.0, 948.0], '676_655_passing_MET': [0.0, 915.0], '676_655_failing_MET': [0.0, 33.0], '676_655_min_MET_pt': [10000000.0, 33.3187370300293], '676_656': [0.0, 151.0], '676_656_passing_MET': [0.0, 149.0], '676_656_failing_MET': [0.0, 2.0], '676_656_min_MET_pt': [10000000.0, 34.12873077392578], '626_615': [1836.0, 1778.0], '626_615_passing_MET': [1791.0, 1734.0], '626_615_failing_MET': [45.0, 44.0], '626_615_min_MET_pt': [27.164094924926758, 41.10223388671875], '626_616': [173.0, 169.0], '626_616_passing_MET': [167.0, 167.0], '626_616_failing_MET': [6.0, 2.0], '626_616_min_MET_pt': [61.16389846801758, 85.52613830566406], '926_916': [219.0, 88.0], '926_916_passing_MET': [216.0, 87.0], '926_916_failing_MET': [3.0, 1.0], '926_916_min_MET_pt': [85.01314544677734, 96.23200988769531], '926_915': [1948.0, 1035.0], '926_915_passing_MET': [1904.0, 1008.0], '926_915_failing_MET': [44.0, 27.0], '926_915_min_MET_pt': [29.708187103271484, 62.15099334716797], '776_745': [2845.0, 0.0], '776_745_passing_MET': [2753.0, 0.0], '776_745_failing_MET': [92.0, 0.0], '776_745_min_MET_pt': [33.04560852050781, 10000000.0], '776_746': [540.0, 0.0], '776_746_passing_MET': [519.0, 0.0], '776_746_failing_MET': [21.0, 0.0], '776_746_min_MET_pt': [60.26606750488281, 10000000.0], '1052_1035': [0.0, 1062.0], '1052_1035_passing_MET': [0.0, 1042.0], '1052_1035_failing_MET': [0.0, 20.0], '1052_1035_min_MET_pt': [10000000.0, 35.035919189453125], '1052_1036': [0.0, 126.0], '1052_1036_passing_MET': [0.0, 124.0], '1052_1036_failing_MET': [0.0, 2.0], '1052_1036_min_MET_pt': [10000000.0, 64.77633666992188], '700_676': [137.0, 0.0], '700_676_passing_MET': [132.0, 0.0], '700_676_failing_MET': [5.0, 0.0], '700_676_min_MET_pt': [9.308466911315918, 10000000.0], '976_960': [2246.0, 0.0], '976_960_passing_MET': [2193.0, 0.0], '976_960_failing_MET': [53.0, 0.0], '976_960_min_MET_pt': [15.62342357635498, 10000000.0], '526_505': [1027.0, 978.0], '526_505_passing_MET': [994.0, 944.0], '526_505_failing_MET': [33.0, 34.0], '526_505_min_MET_pt': [26.67418098449707, 32.91161346435547], '800_786': [126.0, 114.0], '800_786_passing_MET': [120.0, 111.0], '800_786_failing_MET': [6.0, 3.0], '800_786_min_MET_pt': [54.159088134765625, 55.70610046386719], '526_510': [0.0, 1004.0], '526_510_passing_MET': [0.0, 974.0], '526_510_failing_MET': [0.0, 30.0], '526_510_min_MET_pt': [10000000.0, 49.10115432739258], '1100_1076': [185.0, 0.0], '1100_1076_passing_MET': [178.0, 0.0], '1100_1076_failing_MET': [7.0, 0.0], '1100_1076_min_MET_pt': [65.1376953125, 10000000.0], '900_876': [180.0, 0.0], '900_876_passing_MET': [173.0, 0.0], '900_876_failing_MET': [7.0, 0.0], '900_876_min_MET_pt': [52.07765197753906, 10000000.0], '1024_995': [0.0, 1007.0], '1024_995_passing_MET': [0.0, 979.0], '1024_995_failing_MET': [0.0, 28.0], '1024_995_min_MET_pt': [10000000.0, 41.54753875732422], '1024_996': [0.0, 206.0], '1024_996_passing_MET': [0.0, 201.0], '1024_996_failing_MET': [0.0, 5.0], '1024_996_min_MET_pt': [10000000.0, 37.517974853515625], '776_760': [0.0, 1081.0], '776_760_passing_MET': [0.0, 1050.0], '776_760_failing_MET': [0.0, 31.0], '776_760_min_MET_pt': [10000000.0, 47.65513229370117], '750_726': [169.0, 0.0], '750_726_passing_MET': [167.0, 0.0], '750_726_failing_MET': [2.0, 0.0], '750_726_min_MET_pt': [59.7791862487793, 10000000.0], '1076_1060': [0.0, 1157.0], '1076_1060_passing_MET': [0.0, 1129.0], '1076_1060_failing_MET': [0.0, 28.0], '1076_1060_min_MET_pt': [10000000.0, 12.667211532592773], '676_645': [0.0, 972.0], '676_645_passing_MET': [0.0, 940.0], '676_645_failing_MET': [0.0, 32.0], '676_645_min_MET_pt': [10000000.0, 28.859254837036133], '676_646': [0.0, 176.0], '676_646_passing_MET': [0.0, 170.0], '676_646_failing_MET': [0.0, 6.0], '676_646_min_MET_pt': [10000000.0, 69.59375762939453], '1076_1064': [105.0, 0.0], '1076_1064_passing_MET': [104.0, 0.0], '1076_1064_failing_MET': [1.0, 0.0], '1076_1064_min_MET_pt': [84.10456848144531, 10000000.0], '1076_1065': [1006.0, 0.0], '1076_1065_passing_MET': [987.0, 0.0], '1076_1065_failing_MET': [19.0, 0.0], '1076_1065_min_MET_pt': [24.784711837768555, 10000000.0], '1024_1010': [0.0, 2229.0], '1024_1010_passing_MET': [0.0, 2167.0], '1024_1010_failing_MET': [0.0, 62.0], '1024_1010_min_MET_pt': [10000000.0, 40.706390380859375], '876_855': [0.0, 984.0], '876_855_passing_MET': [0.0, 963.0], '876_855_failing_MET': [0.0, 21.0], '876_855_min_MET_pt': [10000000.0, 54.910003662109375], '876_856': [0.0, 156.0], '876_856_passing_MET': [0.0, 151.0], '876_856_failing_MET': [0.0, 5.0], '876_856_min_MET_pt': [10000000.0, 50.72993469238281], '726_705': [0.0, 945.0], '726_705_passing_MET': [0.0, 920.0], '726_705_failing_MET': [0.0, 25.0], '726_705_min_MET_pt': [10000000.0, 17.126018524169922], '726_706': [0.0, 175.0], '726_706_passing_MET': [0.0, 169.0], '726_706_failing_MET': [0.0, 6.0], '726_706_min_MET_pt': [10000000.0, 65.0809097290039], '626_595': [919.0, 0.0], '626_595_passing_MET': [894.0, 0.0], '626_595_failing_MET': [25.0, 0.0], '626_595_min_MET_pt': [31.087013244628906, 10000000.0], '626_596': [180.0, 0.0], '626_596_passing_MET': [174.0, 0.0], '626_596_failing_MET': [6.0, 0.0], '626_596_min_MET_pt': [75.18595123291016, 10000000.0], '876_860': [0.0, 1048.0], '876_860_passing_MET': [0.0, 1027.0], '876_860_failing_MET': [0.0, 21.0], '876_860_min_MET_pt': [10000000.0, 58.888702392578125], '550_536': [104.0, 0.0], '550_536_passing_MET': [99.0, 0.0], '550_536_failing_MET': [5.0, 0.0], '550_536_min_MET_pt': [64.90184020996094, 10000000.0], '600_576': [162.0, 0.0], '600_576_passing_MET': [157.0, 0.0], '600_576_failing_MET': [5.0, 0.0], '600_576_min_MET_pt': [67.31954956054688, 10000000.0], '1000_986': [0.0, 165.0], '1000_986_passing_MET': [0.0, 160.0], '1000_986_failing_MET': [0.0, 5.0], '1000_986_min_MET_pt': [10000000.0, 65.59076690673828], '826_810': [0.0, 1131.0], '826_810_passing_MET': [0.0, 1107.0], '826_810_failing_MET': [0.0, 24.0], '826_810_min_MET_pt': [10000000.0, 28.71163558959961]}
nevents_from_dict =  3640316984.5659657
Results saved to /afs/cern.ch/work/m/mleoncoe/private/stop_met_check/outputs_2018/nanoAOD_593.json
done
