000 (9018140.050.000) 01/06 10:56:18 Job submitted from host: <188.185.6.50:9618?addrs=188.185.6.50-9618+[2001-1458-d00-62--100-2b1]-9618&alias=bigbird25.cern.ch&noUDP&sock=schedd_1627_90ad>
...
040 (9018140.050.000) 01/06 10:58:42 Started transferring input files
	Transferring to host: <188.185.193.177:9618?addrs=188.185.193.177-9618+[2001-1458-303-20--100-ad]-9618&alias=b9p19p2243.cern.ch&noUDP&sock=slot1_22_8825_c2c0_102868>
...
040 (9018140.050.000) 01/06 10:58:42 Finished transferring input files
...
001 (9018140.050.000) 01/06 10:58:43 Job executing on host: <188.185.193.177:9618?addrs=188.185.193.177-9618+[2001-1458-303-20--100-ad]-9618&alias=b9p19p2243.cern.ch&noUDP&sock=startd_7781_b280>
	SlotName: slot1_22@b9p19p2243.cern.ch
	CondorScratchDir = "/pool/condor/dir_2459602"
	Cpus = 1
	Disk = 3881
	GPUs = 0
	Memory = 3000
...
006 (9018140.050.000) 01/06 10:58:57 Image size of job updated: 96240
	94  -  MemoryUsage of job (MB)
	96240  -  ResidentSetSize of job (KB)
...
006 (9018140.050.000) 01/06 11:03:58 Image size of job updated: 209932
	206  -  MemoryUsage of job (MB)
	209932  -  ResidentSetSize of job (KB)
...
006 (9018140.050.000) 01/06 11:08:59 Image size of job updated: 210160
	206  -  MemoryUsage of job (MB)
	210160  -  ResidentSetSize of job (KB)
...
006 (9018140.050.000) 01/06 11:13:59 Image size of job updated: 210224
	206  -  MemoryUsage of job (MB)
	210224  -  ResidentSetSize of job (KB)
...
006 (9018140.050.000) 01/06 11:18:59 Image size of job updated: 210236
	206  -  MemoryUsage of job (MB)
	210236  -  ResidentSetSize of job (KB)
...
006 (9018140.050.000) 01/06 11:24:00 Image size of job updated: 210296
	206  -  MemoryUsage of job (MB)
	210296  -  ResidentSetSize of job (KB)
...
006 (9018140.050.000) 01/06 11:29:00 Image size of job updated: 210364
	206  -  MemoryUsage of job (MB)
	210364  -  ResidentSetSize of job (KB)
...
006 (9018140.050.000) 01/06 11:34:01 Image size of job updated: 210988
	207  -  MemoryUsage of job (MB)
	210988  -  ResidentSetSize of job (KB)
...
006 (9018140.050.000) 01/06 11:39:01 Image size of job updated: 211268
	207  -  MemoryUsage of job (MB)
	211268  -  ResidentSetSize of job (KB)
...
006 (9018140.050.000) 01/06 11:44:02 Image size of job updated: 211300
	207  -  MemoryUsage of job (MB)
	211300  -  ResidentSetSize of job (KB)
...
006 (9018140.050.000) 01/06 11:54:02 Image size of job updated: 211348
	207  -  MemoryUsage of job (MB)
	211348  -  ResidentSetSize of job (KB)
...
006 (9018140.050.000) 01/06 11:59:03 Image size of job updated: 211352
	207  -  MemoryUsage of job (MB)
	211352  -  ResidentSetSize of job (KB)
...
006 (9018140.050.000) 01/06 12:09:05 Image size of job updated: 214920
	210  -  MemoryUsage of job (MB)
	214920  -  ResidentSetSize of job (KB)
...
006 (9018140.050.000) 01/06 12:14:05 Image size of job updated: 214932
	210  -  MemoryUsage of job (MB)
	214932  -  ResidentSetSize of job (KB)
...
006 (9018140.050.000) 01/06 12:19:06 Image size of job updated: 214936
	210  -  MemoryUsage of job (MB)
	214936  -  ResidentSetSize of job (KB)
...
006 (9018140.050.000) 01/06 12:24:07 Image size of job updated: 214948
	210  -  MemoryUsage of job (MB)
	214948  -  ResidentSetSize of job (KB)
...
006 (9018140.050.000) 01/06 12:34:07 Image size of job updated: 214960
	210  -  MemoryUsage of job (MB)
	214960  -  ResidentSetSize of job (KB)
...
006 (9018140.050.000) 01/06 12:39:08 Image size of job updated: 214964
	210  -  MemoryUsage of job (MB)
	214964  -  ResidentSetSize of job (KB)
...
006 (9018140.050.000) 01/06 12:44:08 Image size of job updated: 215048
	211  -  MemoryUsage of job (MB)
	215048  -  ResidentSetSize of job (KB)
...
006 (9018140.050.000) 01/06 12:49:08 Image size of job updated: 215056
	211  -  MemoryUsage of job (MB)
	215056  -  ResidentSetSize of job (KB)
...
006 (9018140.050.000) 01/06 12:54:08 Image size of job updated: 215092
	211  -  MemoryUsage of job (MB)
	215092  -  ResidentSetSize of job (KB)
...
006 (9018140.050.000) 01/06 13:04:09 Image size of job updated: 215096
	211  -  MemoryUsage of job (MB)
	215096  -  ResidentSetSize of job (KB)
...
006 (9018140.050.000) 01/06 13:09:09 Image size of job updated: 215100
	211  -  MemoryUsage of job (MB)
	215100  -  ResidentSetSize of job (KB)
...
006 (9018140.050.000) 01/06 13:14:09 Image size of job updated: 215112
	211  -  MemoryUsage of job (MB)
	215112  -  ResidentSetSize of job (KB)
...
006 (9018140.050.000) 01/06 13:24:10 Image size of job updated: 215116
	211  -  MemoryUsage of job (MB)
	215116  -  ResidentSetSize of job (KB)
...
006 (9018140.050.000) 01/06 13:49:14 Image size of job updated: 215124
	211  -  MemoryUsage of job (MB)
	215124  -  ResidentSetSize of job (KB)
...
006 (9018140.050.000) 01/06 13:54:14 Image size of job updated: 215132
	211  -  MemoryUsage of job (MB)
	215132  -  ResidentSetSize of job (KB)
...
006 (9018140.050.000) 01/06 13:59:15 Image size of job updated: 215136
	211  -  MemoryUsage of job (MB)
	215136  -  ResidentSetSize of job (KB)
...
006 (9018140.050.000) 01/06 14:09:16 Image size of job updated: 215152
	211  -  MemoryUsage of job (MB)
	215152  -  ResidentSetSize of job (KB)
...
040 (9018140.050.000) 01/06 14:09:42 Started transferring output files
...
040 (9018140.050.000) 01/06 14:09:44 Finished transferring output files
...
005 (9018140.050.000) 01/06 14:09:44 Job terminated.
	(1) Normal termination (return value 0)
		Usr 0 03:08:57, Sys 0 00:00:03  -  Run Remote Usage
		Usr 0 00:00:00, Sys 0 00:00:00  -  Run Local Usage
		Usr 0 03:08:57, Sys 0 00:00:03  -  Total Remote Usage
		Usr 0 00:00:00, Sys 0 00:00:00  -  Total Local Usage
	43414  -  Run Bytes Sent By Job
	21436  -  Run Bytes Received By Job
	43414  -  Total Bytes Sent By Job
	21436  -  Total Bytes Received By Job
	Partitionable Resources :    Usage  Request Allocated 
	   Cpus                 :     1.00        1         1 
	   Disk (KB)            :    91          22      3881 
	   GPUs                 :                           0 
	   Memory (MB)          :   211        3000      3000 
	   TimeExecute (s)      : 11459                       
	   TimeSlotBusy (s)     : 11463                       

	Job terminated of its own accord at 2026-01-06T13:09:42Z with exit-code 0.
...
