000 (9018140.328.000) 01/06 10:56:33 Job submitted from host: <188.185.6.50:9618?addrs=188.185.6.50-9618+[2001-1458-d00-62--100-2b1]-9618&alias=bigbird25.cern.ch&noUDP&sock=schedd_1627_90ad>
...
040 (9018140.328.000) 01/06 11:00:10 Started transferring input files
	Transferring to host: <188.185.210.145:9618?addrs=188.185.210.145-9618+[2001-1458-303-15--100-d]-9618&alias=b9p22p1386.cern.ch&noUDP&sock=slot1_25_6183_3b95_113140>
...
040 (9018140.328.000) 01/06 11:00:10 Finished transferring input files
...
001 (9018140.328.000) 01/06 11:00:11 Job executing on host: <188.185.210.145:9618?addrs=188.185.210.145-9618+[2001-1458-303-15--100-d]-9618&alias=b9p22p1386.cern.ch&noUDP&sock=startd_5441_a6e3>
	SlotName: slot1_25@b9p22p1386.cern.ch
	CondorScratchDir = "/pool/condor/dir_4151012"
	Cpus = 1
	Disk = 3746
	GPUs = 0
	Memory = 3000
...
006 (9018140.328.000) 01/06 11:00:24 Image size of job updated: 93524
	92  -  MemoryUsage of job (MB)
	93524  -  ResidentSetSize of job (KB)
...
006 (9018140.328.000) 01/06 11:05:24 Image size of job updated: 197688
	194  -  MemoryUsage of job (MB)
	197688  -  ResidentSetSize of job (KB)
...
006 (9018140.328.000) 01/06 11:10:25 Image size of job updated: 206932
	203  -  MemoryUsage of job (MB)
	206932  -  ResidentSetSize of job (KB)
...
006 (9018140.328.000) 01/06 11:15:26 Image size of job updated: 207240
	203  -  MemoryUsage of job (MB)
	207240  -  ResidentSetSize of job (KB)
...
006 (9018140.328.000) 01/06 11:20:26 Image size of job updated: 207388
	203  -  MemoryUsage of job (MB)
	207388  -  ResidentSetSize of job (KB)
...
040 (9018140.328.000) 01/06 11:22:14 Started transferring output files
...
040 (9018140.328.000) 01/06 11:22:14 Finished transferring output files
...
005 (9018140.328.000) 01/06 11:22:14 Job terminated.
	(1) Normal termination (return value 0)
		Usr 0 00:19:58, Sys 0 00:00:06  -  Run Remote Usage
		Usr 0 00:00:00, Sys 0 00:00:00  -  Run Local Usage
		Usr 0 00:19:58, Sys 0 00:00:06  -  Total Remote Usage
		Usr 0 00:00:00, Sys 0 00:00:00  -  Total Local Usage
	34812  -  Run Bytes Sent By Job
	21436  -  Run Bytes Received By Job
	34812  -  Total Bytes Sent By Job
	21436  -  Total Bytes Received By Job
	Partitionable Resources :    Usage  Request Allocated 
	   Cpus                 :     0.99        1         1 
	   Disk (KB)            :    82          22      3746 
	   GPUs                 :                           0 
	   Memory (MB)          :   203        3000      3000 
	   TimeExecute (s)      :  1323                       
	   TimeSlotBusy (s)     :  1325                       

	Job terminated of its own accord at 2026-01-06T10:22:14Z with exit-code 0.
...
