000 (9018140.235.000) 01/06 10:56:27 Job submitted from host: <188.185.6.50:9618?addrs=188.185.6.50-9618+[2001-1458-d00-62--100-2b1]-9618&alias=bigbird25.cern.ch&noUDP&sock=schedd_1627_90ad>
...
040 (9018140.235.000) 01/06 11:02:59 Started transferring input files
	Transferring to host: <128.142.33.227:9618?addrs=128.142.33.227-9618+[2001-1458-301-39--100-20]-9618&alias=b9g24p9220.cern.ch&noUDP&sock=slot1_44_7327_48c3_119530>
...
040 (9018140.235.000) 01/06 11:03:00 Finished transferring input files
...
001 (9018140.235.000) 01/06 11:03:00 Job executing on host: <128.142.33.227:9618?addrs=128.142.33.227-9618+[2001-1458-301-39--100-20]-9618&alias=b9g24p9220.cern.ch&noUDP&sock=startd_6402_d167>
	SlotName: slot1_44@b9g24p9220.cern.ch
	CondorScratchDir = "/pool/condor/dir_347533"
	Cpus = 1
	Disk = 3776
	GPUs = 0
	Memory = 3000
...
006 (9018140.235.000) 01/06 11:03:14 Image size of job updated: 175100
	171  -  MemoryUsage of job (MB)
	175100  -  ResidentSetSize of job (KB)
...
006 (9018140.235.000) 01/06 11:08:15 Image size of job updated: 209200
	205  -  MemoryUsage of job (MB)
	209200  -  ResidentSetSize of job (KB)
...
006 (9018140.235.000) 01/06 11:13:15 Image size of job updated: 209424
	205  -  MemoryUsage of job (MB)
	209424  -  ResidentSetSize of job (KB)
...
006 (9018140.235.000) 01/06 11:18:15 Image size of job updated: 209612
	205  -  MemoryUsage of job (MB)
	209612  -  ResidentSetSize of job (KB)
...
006 (9018140.235.000) 01/06 11:23:16 Image size of job updated: 209644
	205  -  MemoryUsage of job (MB)
	209644  -  ResidentSetSize of job (KB)
...
006 (9018140.235.000) 01/06 11:28:16 Image size of job updated: 209732
	205  -  MemoryUsage of job (MB)
	209732  -  ResidentSetSize of job (KB)
...
006 (9018140.235.000) 01/06 11:33:16 Image size of job updated: 209780
	205  -  MemoryUsage of job (MB)
	209780  -  ResidentSetSize of job (KB)
...
006 (9018140.235.000) 01/06 11:38:17 Image size of job updated: 209812
	205  -  MemoryUsage of job (MB)
	209812  -  ResidentSetSize of job (KB)
...
006 (9018140.235.000) 01/06 11:48:17 Image size of job updated: 209820
	205  -  MemoryUsage of job (MB)
	209820  -  ResidentSetSize of job (KB)
...
006 (9018140.235.000) 01/06 11:53:18 Image size of job updated: 210080
	206  -  MemoryUsage of job (MB)
	210080  -  ResidentSetSize of job (KB)
...
006 (9018140.235.000) 01/06 11:58:18 Image size of job updated: 210100
	206  -  MemoryUsage of job (MB)
	210100  -  ResidentSetSize of job (KB)
...
006 (9018140.235.000) 01/06 12:08:19 Image size of job updated: 210104
	206  -  MemoryUsage of job (MB)
	210104  -  ResidentSetSize of job (KB)
...
006 (9018140.235.000) 01/06 12:13:19 Image size of job updated: 214136
	210  -  MemoryUsage of job (MB)
	214136  -  ResidentSetSize of job (KB)
...
006 (9018140.235.000) 01/06 12:18:19 Image size of job updated: 214164
	210  -  MemoryUsage of job (MB)
	214164  -  ResidentSetSize of job (KB)
...
006 (9018140.235.000) 01/06 12:23:20 Image size of job updated: 214176
	210  -  MemoryUsage of job (MB)
	214176  -  ResidentSetSize of job (KB)
...
006 (9018140.235.000) 01/06 12:28:20 Image size of job updated: 214188
	210  -  MemoryUsage of job (MB)
	214188  -  ResidentSetSize of job (KB)
...
006 (9018140.235.000) 01/06 12:43:22 Image size of job updated: 214192
	210  -  MemoryUsage of job (MB)
	214192  -  ResidentSetSize of job (KB)
...
006 (9018140.235.000) 01/06 12:48:22 Image size of job updated: 214196
	210  -  MemoryUsage of job (MB)
	214196  -  ResidentSetSize of job (KB)
...
006 (9018140.235.000) 01/06 12:53:23 Image size of job updated: 214208
	210  -  MemoryUsage of job (MB)
	214208  -  ResidentSetSize of job (KB)
...
006 (9018140.235.000) 01/06 13:08:24 Image size of job updated: 214220
	210  -  MemoryUsage of job (MB)
	214220  -  ResidentSetSize of job (KB)
...
006 (9018140.235.000) 01/06 13:13:24 Image size of job updated: 214228
	210  -  MemoryUsage of job (MB)
	214228  -  ResidentSetSize of job (KB)
...
006 (9018140.235.000) 01/06 13:20:00 Image size of job updated: 214244
	210  -  MemoryUsage of job (MB)
	214228  -  ResidentSetSize of job (KB)
...
040 (9018140.235.000) 01/06 13:20:00 Started transferring output files
...
040 (9018140.235.000) 01/06 13:20:01 Finished transferring output files
...
005 (9018140.235.000) 01/06 13:20:01 Job terminated.
	(1) Normal termination (return value 0)
		Usr 0 02:15:13, Sys 0 00:00:04  -  Run Remote Usage
		Usr 0 00:00:00, Sys 0 00:00:00  -  Run Local Usage
		Usr 0 02:15:13, Sys 0 00:00:04  -  Total Remote Usage
		Usr 0 00:00:00, Sys 0 00:00:00  -  Total Local Usage
	43149  -  Run Bytes Sent By Job
	21436  -  Run Bytes Received By Job
	43149  -  Total Bytes Sent By Job
	21436  -  Total Bytes Received By Job
	Partitionable Resources :    Usage  Request Allocated 
	   Cpus                 :     0.99        1         1 
	   Disk (KB)            :    91          22      3776 
	   GPUs                 :                           0 
	   Memory (MB)          :   210        3000      3000 
	   TimeExecute (s)      :  8220                       
	   TimeSlotBusy (s)     :  8222                       

	Job terminated of its own accord at 2026-01-06T12:20:00Z with exit-code 0.
...
