000 (9018140.017.000) 01/06 10:56:17 Job submitted from host: <188.185.6.50:9618?addrs=188.185.6.50-9618+[2001-1458-d00-62--100-2b1]-9618&alias=bigbird25.cern.ch&noUDP&sock=schedd_1627_90ad>
...
040 (9018140.017.000) 01/06 10:58:31 Started transferring input files
	Transferring to host: <188.185.193.176:9618?addrs=188.185.193.176-9618+[2001-1458-303-20--100-ac]-9618&alias=b9p19p1238.cern.ch&noUDP&sock=slot1_29_6049_d14f_106657>
...
040 (9018140.017.000) 01/06 10:58:31 Finished transferring input files
...
001 (9018140.017.000) 01/06 10:58:32 Job executing on host: <188.185.193.176:9618?addrs=188.185.193.176-9618+[2001-1458-303-20--100-ac]-9618&alias=b9p19p1238.cern.ch&noUDP&sock=startd_4680_ab51>
	SlotName: slot1_29@b9p19p1238.cern.ch
	CondorScratchDir = "/pool/condor/dir_1203490"
	Cpus = 1
	Disk = 3786
	GPUs = 0
	Memory = 3000
...
006 (9018140.017.000) 01/06 10:58:46 Image size of job updated: 92952
	91  -  MemoryUsage of job (MB)
	92952  -  ResidentSetSize of job (KB)
...
006 (9018140.017.000) 01/06 11:03:47 Image size of job updated: 206048
	202  -  MemoryUsage of job (MB)
	206048  -  ResidentSetSize of job (KB)
...
006 (9018140.017.000) 01/06 11:08:48 Image size of job updated: 217456
	213  -  MemoryUsage of job (MB)
	217456  -  ResidentSetSize of job (KB)
...
006 (9018140.017.000) 01/06 11:13:48 Image size of job updated: 217592
	213  -  MemoryUsage of job (MB)
	217592  -  ResidentSetSize of job (KB)
...
006 (9018140.017.000) 01/06 11:18:49 Image size of job updated: 217596
	213  -  MemoryUsage of job (MB)
	217596  -  ResidentSetSize of job (KB)
...
006 (9018140.017.000) 01/06 11:23:50 Image size of job updated: 217676
	213  -  MemoryUsage of job (MB)
	217676  -  ResidentSetSize of job (KB)
...
006 (9018140.017.000) 01/06 11:28:50 Image size of job updated: 217716
	213  -  MemoryUsage of job (MB)
	217716  -  ResidentSetSize of job (KB)
...
006 (9018140.017.000) 01/06 11:33:51 Image size of job updated: 217736
	213  -  MemoryUsage of job (MB)
	217736  -  ResidentSetSize of job (KB)
...
006 (9018140.017.000) 01/06 11:38:51 Image size of job updated: 217740
	213  -  MemoryUsage of job (MB)
	217740  -  ResidentSetSize of job (KB)
...
006 (9018140.017.000) 01/06 11:43:51 Image size of job updated: 217756
	213  -  MemoryUsage of job (MB)
	217756  -  ResidentSetSize of job (KB)
...
006 (9018140.017.000) 01/06 11:48:52 Image size of job updated: 217768
	213  -  MemoryUsage of job (MB)
	217768  -  ResidentSetSize of job (KB)
...
006 (9018140.017.000) 01/06 11:53:52 Image size of job updated: 217772
	213  -  MemoryUsage of job (MB)
	217772  -  ResidentSetSize of job (KB)
...
006 (9018140.017.000) 01/06 12:03:53 Image size of job updated: 217780
	213  -  MemoryUsage of job (MB)
	217780  -  ResidentSetSize of job (KB)
...
006 (9018140.017.000) 01/06 12:08:53 Image size of job updated: 217796
	213  -  MemoryUsage of job (MB)
	217796  -  ResidentSetSize of job (KB)
...
006 (9018140.017.000) 01/06 12:13:53 Image size of job updated: 217816
	213  -  MemoryUsage of job (MB)
	217816  -  ResidentSetSize of job (KB)
...
006 (9018140.017.000) 01/06 12:18:54 Image size of job updated: 217824
	213  -  MemoryUsage of job (MB)
	217824  -  ResidentSetSize of job (KB)
...
006 (9018140.017.000) 01/06 12:23:55 Image size of job updated: 217828
	213  -  MemoryUsage of job (MB)
	217828  -  ResidentSetSize of job (KB)
...
006 (9018140.017.000) 01/06 12:28:55 Image size of job updated: 217852
	213  -  MemoryUsage of job (MB)
	217852  -  ResidentSetSize of job (KB)
...
006 (9018140.017.000) 01/06 12:33:56 Image size of job updated: 217856
	213  -  MemoryUsage of job (MB)
	217856  -  ResidentSetSize of job (KB)
...
006 (9018140.017.000) 01/06 12:38:57 Image size of job updated: 217864
	213  -  MemoryUsage of job (MB)
	217864  -  ResidentSetSize of job (KB)
...
006 (9018140.017.000) 01/06 12:48:58 Image size of job updated: 217868
	213  -  MemoryUsage of job (MB)
	217868  -  ResidentSetSize of job (KB)
...
006 (9018140.017.000) 01/06 12:53:59 Image size of job updated: 217880
	213  -  MemoryUsage of job (MB)
	217880  -  ResidentSetSize of job (KB)
...
006 (9018140.017.000) 01/06 13:09:00 Image size of job updated: 217884
	213  -  MemoryUsage of job (MB)
	217884  -  ResidentSetSize of job (KB)
...
006 (9018140.017.000) 01/06 13:14:00 Image size of job updated: 217888
	213  -  MemoryUsage of job (MB)
	217888  -  ResidentSetSize of job (KB)
...
006 (9018140.017.000) 01/06 13:29:01 Image size of job updated: 217896
	213  -  MemoryUsage of job (MB)
	217896  -  ResidentSetSize of job (KB)
...
006 (9018140.017.000) 01/06 13:49:03 Image size of job updated: 217900
	213  -  MemoryUsage of job (MB)
	217900  -  ResidentSetSize of job (KB)
...
006 (9018140.017.000) 01/06 13:54:03 Image size of job updated: 217904
	213  -  MemoryUsage of job (MB)
	217904  -  ResidentSetSize of job (KB)
...
006 (9018140.017.000) 01/06 14:49:07 Image size of job updated: 217912
	213  -  MemoryUsage of job (MB)
	217912  -  ResidentSetSize of job (KB)
...
006 (9018140.017.000) 01/06 15:04:08 Image size of job updated: 217916
	213  -  MemoryUsage of job (MB)
	217916  -  ResidentSetSize of job (KB)
...
006 (9018140.017.000) 01/06 15:14:09 Image size of job updated: 217920
	213  -  MemoryUsage of job (MB)
	217920  -  ResidentSetSize of job (KB)
...
006 (9018140.017.000) 01/06 15:29:11 Image size of job updated: 217924
	213  -  MemoryUsage of job (MB)
	217924  -  ResidentSetSize of job (KB)
...
006 (9018140.017.000) 01/06 15:49:13 Image size of job updated: 217932
	213  -  MemoryUsage of job (MB)
	217932  -  ResidentSetSize of job (KB)
...
006 (9018140.017.000) 01/06 15:55:05 Image size of job updated: 217940
	213  -  MemoryUsage of job (MB)
	217932  -  ResidentSetSize of job (KB)
...
040 (9018140.017.000) 01/06 15:55:06 Started transferring output files
...
040 (9018140.017.000) 01/06 15:55:08 Finished transferring output files
...
005 (9018140.017.000) 01/06 15:55:08 Job terminated.
	(1) Normal termination (return value 0)
		Usr 0 04:53:13, Sys 0 00:00:19  -  Run Remote Usage
		Usr 0 00:00:00, Sys 0 00:00:00  -  Run Local Usage
		Usr 0 04:53:13, Sys 0 00:00:19  -  Total Remote Usage
		Usr 0 00:00:00, Sys 0 00:00:00  -  Total Local Usage
	49395  -  Run Bytes Sent By Job
	21436  -  Run Bytes Received By Job
	49395  -  Total Bytes Sent By Job
	21436  -  Total Bytes Received By Job
	Partitionable Resources :    Usage  Request Allocated 
	   Cpus                 :     0.99        1         1 
	   Disk (KB)            :    96          22      3786 
	   GPUs                 :                           0 
	   Memory (MB)          :   213        3000      3000 
	   TimeExecute (s)      : 17793                       
	   TimeSlotBusy (s)     : 17798                       

	Job terminated of its own accord at 2026-01-06T14:55:05Z with exit-code 0.
...
