000 (9018140.605.000) 01/06 10:56:50 Job submitted from host: <188.185.6.50:9618?addrs=188.185.6.50-9618+[2001-1458-d00-62--100-2b1]-9618&alias=bigbird25.cern.ch&noUDP&sock=schedd_1627_90ad>
...
040 (9018140.605.000) 01/06 11:01:44 Started transferring input files
	Transferring to host: <188.185.208.30:9618?addrs=188.185.208.30-9618+[2001-1458-303-f--100-1b]-9618&alias=b9p09p1890.cern.ch&noUDP&sock=slot1_19_7611_634f_97971>
...
040 (9018140.605.000) 01/06 11:01:44 Finished transferring input files
...
001 (9018140.605.000) 01/06 11:01:45 Job executing on host: <188.185.208.30:9618?addrs=188.185.208.30-9618+[2001-1458-303-f--100-1b]-9618&alias=b9p09p1890.cern.ch&noUDP&sock=startd_6456_db84>
	SlotName: slot1_19@b9p09p1890.cern.ch
	CondorScratchDir = "/pool/condor/dir_374214"
	Cpus = 1
	Disk = 3535
	GPUs = 0
	Memory = 3000
...
006 (9018140.605.000) 01/06 11:01:58 Image size of job updated: 12464
	13  -  MemoryUsage of job (MB)
	12464  -  ResidentSetSize of job (KB)
...
006 (9018140.605.000) 01/06 11:06:59 Image size of job updated: 207432
	203  -  MemoryUsage of job (MB)
	207432  -  ResidentSetSize of job (KB)
...
006 (9018140.605.000) 01/06 11:12:00 Image size of job updated: 207556
	203  -  MemoryUsage of job (MB)
	207432  -  ResidentSetSize of job (KB)
...
040 (9018140.605.000) 01/06 11:13:02 Started transferring output files
...
040 (9018140.605.000) 01/06 11:13:02 Finished transferring output files
...
005 (9018140.605.000) 01/06 11:13:02 Job terminated.
	(1) Normal termination (return value 0)
		Usr 0 00:10:44, Sys 0 00:00:01  -  Run Remote Usage
		Usr 0 00:00:00, Sys 0 00:00:00  -  Run Local Usage
		Usr 0 00:10:44, Sys 0 00:00:01  -  Total Remote Usage
		Usr 0 00:00:00, Sys 0 00:00:00  -  Total Local Usage
	33923  -  Run Bytes Sent By Job
	21436  -  Run Bytes Received By Job
	33923  -  Total Bytes Sent By Job
	21436  -  Total Bytes Received By Job
	Partitionable Resources :    Usage  Request Allocated 
	   Cpus                 :     0.08        1         1 
	   Disk (KB)            :    83          22      3535 
	   GPUs                 :                           0 
	   Memory (MB)          :   203        3000      3000 
	   TimeExecute (s)      :   677                       
	   TimeSlotBusy (s)     :   678                       

	Job terminated of its own accord at 2026-01-06T10:13:02Z with exit-code 0.
...
