000 (9018140.192.000) 01/06 10:56:24 Job submitted from host: <188.185.6.50:9618?addrs=188.185.6.50-9618+[2001-1458-d00-62--100-2b1]-9618&alias=bigbird25.cern.ch&noUDP&sock=schedd_1627_90ad>
...
040 (9018140.192.000) 01/06 10:59:29 Started transferring input files
	Transferring to host: <188.185.211.156:9618?addrs=188.185.211.156-9618+[2001-1458-303-17--100-18]-9618&alias=b9p24p9989.cern.ch&noUDP&sock=slot1_25_6595_8625_109160>
...
040 (9018140.192.000) 01/06 10:59:29 Finished transferring input files
...
001 (9018140.192.000) 01/06 10:59:30 Job executing on host: <188.185.211.156:9618?addrs=188.185.211.156-9618+[2001-1458-303-17--100-18]-9618&alias=b9p24p9989.cern.ch&noUDP&sock=startd_5833_8803>
	SlotName: slot1_25@b9p24p9989.cern.ch
	CondorScratchDir = "/pool/condor/dir_1726870"
	Cpus = 1
	Disk = 3792
	GPUs = 0
	Memory = 3000
...
006 (9018140.192.000) 01/06 10:59:43 Image size of job updated: 98340
	97  -  MemoryUsage of job (MB)
	98340  -  ResidentSetSize of job (KB)
...
006 (9018140.192.000) 01/06 11:04:43 Image size of job updated: 209668
	205  -  MemoryUsage of job (MB)
	209668  -  ResidentSetSize of job (KB)
...
006 (9018140.192.000) 01/06 11:09:44 Image size of job updated: 209904
	205  -  MemoryUsage of job (MB)
	209904  -  ResidentSetSize of job (KB)
...
006 (9018140.192.000) 01/06 11:14:44 Image size of job updated: 209980
	206  -  MemoryUsage of job (MB)
	209980  -  ResidentSetSize of job (KB)
...
006 (9018140.192.000) 01/06 11:19:45 Image size of job updated: 209992
	206  -  MemoryUsage of job (MB)
	209992  -  ResidentSetSize of job (KB)
...
006 (9018140.192.000) 01/06 11:24:46 Image size of job updated: 210056
	206  -  MemoryUsage of job (MB)
	210056  -  ResidentSetSize of job (KB)
...
006 (9018140.192.000) 01/06 11:29:46 Image size of job updated: 210272
	206  -  MemoryUsage of job (MB)
	210272  -  ResidentSetSize of job (KB)
...
006 (9018140.192.000) 01/06 11:34:47 Image size of job updated: 210300
	206  -  MemoryUsage of job (MB)
	210300  -  ResidentSetSize of job (KB)
...
006 (9018140.192.000) 01/06 11:39:47 Image size of job updated: 210356
	206  -  MemoryUsage of job (MB)
	210356  -  ResidentSetSize of job (KB)
...
006 (9018140.192.000) 01/06 11:49:48 Image size of job updated: 210368
	206  -  MemoryUsage of job (MB)
	210368  -  ResidentSetSize of job (KB)
...
006 (9018140.192.000) 01/06 11:54:48 Image size of job updated: 210372
	206  -  MemoryUsage of job (MB)
	210372  -  ResidentSetSize of job (KB)
...
006 (9018140.192.000) 01/06 12:04:49 Image size of job updated: 210376
	206  -  MemoryUsage of job (MB)
	210376  -  ResidentSetSize of job (KB)
...
006 (9018140.192.000) 01/06 12:14:50 Image size of job updated: 210384
	206  -  MemoryUsage of job (MB)
	210384  -  ResidentSetSize of job (KB)
...
006 (9018140.192.000) 01/06 12:19:50 Image size of job updated: 210388
	206  -  MemoryUsage of job (MB)
	210388  -  ResidentSetSize of job (KB)
...
006 (9018140.192.000) 01/06 12:24:51 Image size of job updated: 210396
	206  -  MemoryUsage of job (MB)
	210396  -  ResidentSetSize of job (KB)
...
006 (9018140.192.000) 01/06 12:34:52 Image size of job updated: 210400
	206  -  MemoryUsage of job (MB)
	210400  -  ResidentSetSize of job (KB)
...
006 (9018140.192.000) 01/06 12:39:53 Image size of job updated: 210404
	206  -  MemoryUsage of job (MB)
	210404  -  ResidentSetSize of job (KB)
...
006 (9018140.192.000) 01/06 12:49:55 Image size of job updated: 210412
	206  -  MemoryUsage of job (MB)
	210412  -  ResidentSetSize of job (KB)
...
006 (9018140.192.000) 01/06 12:54:55 Image size of job updated: 210420
	206  -  MemoryUsage of job (MB)
	210420  -  ResidentSetSize of job (KB)
...
006 (9018140.192.000) 01/06 12:59:56 Image size of job updated: 210440
	206  -  MemoryUsage of job (MB)
	210440  -  ResidentSetSize of job (KB)
...
006 (9018140.192.000) 01/06 13:04:56 Image size of job updated: 210444
	206  -  MemoryUsage of job (MB)
	210444  -  ResidentSetSize of job (KB)
...
006 (9018140.192.000) 01/06 13:14:58 Image size of job updated: 210448
	206  -  MemoryUsage of job (MB)
	210448  -  ResidentSetSize of job (KB)
...
006 (9018140.192.000) 01/06 13:19:58 Image size of job updated: 210452
	206  -  MemoryUsage of job (MB)
	210452  -  ResidentSetSize of job (KB)
...
006 (9018140.192.000) 01/06 13:24:59 Image size of job updated: 210456
	206  -  MemoryUsage of job (MB)
	210456  -  ResidentSetSize of job (KB)
...
006 (9018140.192.000) 01/06 13:29:59 Image size of job updated: 210468
	206  -  MemoryUsage of job (MB)
	210468  -  ResidentSetSize of job (KB)
...
006 (9018140.192.000) 01/06 13:45:00 Image size of job updated: 210472
	206  -  MemoryUsage of job (MB)
	210472  -  ResidentSetSize of job (KB)
...
006 (9018140.192.000) 01/06 13:50:01 Image size of job updated: 210476
	206  -  MemoryUsage of job (MB)
	210476  -  ResidentSetSize of job (KB)
...
006 (9018140.192.000) 01/06 14:00:02 Image size of job updated: 210484
	206  -  MemoryUsage of job (MB)
	210484  -  ResidentSetSize of job (KB)
...
006 (9018140.192.000) 01/06 14:15:03 Image size of job updated: 210500
	206  -  MemoryUsage of job (MB)
	210500  -  ResidentSetSize of job (KB)
...
006 (9018140.192.000) 01/06 14:19:46 Image size of job updated: 210564
	206  -  MemoryUsage of job (MB)
	210500  -  ResidentSetSize of job (KB)
...
040 (9018140.192.000) 01/06 14:19:46 Started transferring output files
...
040 (9018140.192.000) 01/06 14:19:47 Finished transferring output files
...
005 (9018140.192.000) 01/06 14:19:47 Job terminated.
	(1) Normal termination (return value 0)
		Usr 0 03:15:19, Sys 0 00:00:32  -  Run Remote Usage
		Usr 0 00:00:00, Sys 0 00:00:00  -  Run Local Usage
		Usr 0 03:15:19, Sys 0 00:00:32  -  Total Remote Usage
		Usr 0 00:00:00, Sys 0 00:00:00  -  Total Local Usage
	45576  -  Run Bytes Sent By Job
	21436  -  Run Bytes Received By Job
	45576  -  Total Bytes Sent By Job
	21436  -  Total Bytes Received By Job
	Partitionable Resources :    Usage  Request Allocated 
	   Cpus                 :     0.98        1         1 
	   Disk (KB)            :    93          22      3792 
	   GPUs                 :                           0 
	   Memory (MB)          :   206        3000      3000 
	   TimeExecute (s)      : 12016                       
	   TimeSlotBusy (s)     : 12019                       

	Job terminated of its own accord at 2026-01-06T13:19:46Z with exit-code 0.
...
