000 (9018140.218.000) 01/06 10:56:25 Job submitted from host: <188.185.6.50:9618?addrs=188.185.6.50-9618+[2001-1458-d00-62--100-2b1]-9618&alias=bigbird25.cern.ch&noUDP&sock=schedd_1627_90ad>
...
040 (9018140.218.000) 01/06 10:59:37 Started transferring input files
	Transferring to host: <188.185.212.21:9618?addrs=188.185.212.21-9618+[2001-1458-303-18--100-11]-9618&alias=b9p25p8865.cern.ch&noUDP&sock=slot1_26_5252_424f_115120>
...
040 (9018140.218.000) 01/06 10:59:37 Finished transferring input files
...
001 (9018140.218.000) 01/06 10:59:38 Job executing on host: <188.185.212.21:9618?addrs=188.185.212.21-9618+[2001-1458-303-18--100-11]-9618&alias=b9p25p8865.cern.ch&noUDP&sock=startd_4221_d558>
	SlotName: slot1_26@b9p25p8865.cern.ch
	CondorScratchDir = "/pool/condor/dir_514677"
	Cpus = 1
	Disk = 3895
	GPUs = 0
	Memory = 3000
...
006 (9018140.218.000) 01/06 10:59:52 Image size of job updated: 93852
	92  -  MemoryUsage of job (MB)
	93852  -  ResidentSetSize of job (KB)
...
006 (9018140.218.000) 01/06 11:04:53 Image size of job updated: 195512
	191  -  MemoryUsage of job (MB)
	195512  -  ResidentSetSize of job (KB)
...
006 (9018140.218.000) 01/06 11:07:38 Image size of job updated: 205444
	191  -  MemoryUsage of job (MB)
	195512  -  ResidentSetSize of job (KB)
...
040 (9018140.218.000) 01/06 11:07:38 Started transferring output files
...
040 (9018140.218.000) 01/06 11:07:39 Finished transferring output files
...
005 (9018140.218.000) 01/06 11:07:39 Job terminated.
	(1) Normal termination (return value 0)
		Usr 0 00:06:07, Sys 0 00:00:03  -  Run Remote Usage
		Usr 0 00:00:00, Sys 0 00:00:00  -  Run Local Usage
		Usr 0 00:06:07, Sys 0 00:00:03  -  Total Remote Usage
		Usr 0 00:00:00, Sys 0 00:00:00  -  Total Local Usage
	32442  -  Run Bytes Sent By Job
	21436  -  Run Bytes Received By Job
	32442  -  Total Bytes Sent By Job
	21436  -  Total Bytes Received By Job
	Partitionable Resources :    Usage  Request Allocated 
	   Cpus                 :     0.97        1         1 
	   Disk (KB)            :    80          22      3895 
	   GPUs                 :                           0 
	   Memory (MB)          :   191        3000      3000 
	   TimeExecute (s)      :   480                       
	   TimeSlotBusy (s)     :   483                       

	Job terminated of its own accord at 2026-01-06T10:07:38Z with exit-code 0.
...
