000 (9018140.128.000) 01/06 10:56:22 Job submitted from host: <188.185.6.50:9618?addrs=188.185.6.50-9618+[2001-1458-d00-62--100-2b1]-9618&alias=bigbird25.cern.ch&noUDP&sock=schedd_1627_90ad>
...
040 (9018140.128.000) 01/06 10:59:08 Started transferring input files
	Transferring to host: <188.185.212.214:9618?addrs=188.185.212.214-9618+[2001-1458-303-19--100-52]-9618&alias=b9p26p0366.cern.ch&noUDP&sock=slot1_34_812801_9575_32576>
...
040 (9018140.128.000) 01/06 10:59:08 Finished transferring input files
...
001 (9018140.128.000) 01/06 10:59:09 Job executing on host: <188.185.212.214:9618?addrs=188.185.212.214-9618+[2001-1458-303-19--100-52]-9618&alias=b9p26p0366.cern.ch&noUDP&sock=startd_812580_def7>
	SlotName: slot1_34@b9p26p0366.cern.ch
	CondorScratchDir = "/pool/condor/dir_632767"
	Cpus = 1
	Disk = 3821
	GPUs = 0
	Memory = 3000
...
006 (9018140.128.000) 01/06 10:59:22 Image size of job updated: 94108
	92  -  MemoryUsage of job (MB)
	94108  -  ResidentSetSize of job (KB)
...
006 (9018140.128.000) 01/06 11:04:22 Image size of job updated: 202956
	199  -  MemoryUsage of job (MB)
	202956  -  ResidentSetSize of job (KB)
...
006 (9018140.128.000) 01/06 11:09:23 Image size of job updated: 212092
	208  -  MemoryUsage of job (MB)
	212092  -  ResidentSetSize of job (KB)
...
006 (9018140.128.000) 01/06 11:14:23 Image size of job updated: 212196
	208  -  MemoryUsage of job (MB)
	212196  -  ResidentSetSize of job (KB)
...
006 (9018140.128.000) 01/06 11:19:24 Image size of job updated: 212260
	208  -  MemoryUsage of job (MB)
	212260  -  ResidentSetSize of job (KB)
...
006 (9018140.128.000) 01/06 11:24:25 Image size of job updated: 212268
	208  -  MemoryUsage of job (MB)
	212268  -  ResidentSetSize of job (KB)
...
006 (9018140.128.000) 01/06 11:29:25 Image size of job updated: 212320
	208  -  MemoryUsage of job (MB)
	212320  -  ResidentSetSize of job (KB)
...
006 (9018140.128.000) 01/06 11:34:26 Image size of job updated: 212328
	208  -  MemoryUsage of job (MB)
	212328  -  ResidentSetSize of job (KB)
...
006 (9018140.128.000) 01/06 11:39:26 Image size of job updated: 212396
	208  -  MemoryUsage of job (MB)
	212396  -  ResidentSetSize of job (KB)
...
006 (9018140.128.000) 01/06 11:44:26 Image size of job updated: 212460
	208  -  MemoryUsage of job (MB)
	212460  -  ResidentSetSize of job (KB)
...
006 (9018140.128.000) 01/06 11:49:27 Image size of job updated: 212484
	208  -  MemoryUsage of job (MB)
	212484  -  ResidentSetSize of job (KB)
...
006 (9018140.128.000) 01/06 11:54:27 Image size of job updated: 212552
	208  -  MemoryUsage of job (MB)
	212552  -  ResidentSetSize of job (KB)
...
006 (9018140.128.000) 01/06 11:57:23 Image size of job updated: 212564
	208  -  MemoryUsage of job (MB)
	212552  -  ResidentSetSize of job (KB)
...
040 (9018140.128.000) 01/06 11:57:24 Started transferring output files
...
040 (9018140.128.000) 01/06 11:57:24 Finished transferring output files
...
005 (9018140.128.000) 01/06 11:57:24 Job terminated.
	(1) Normal termination (return value 0)
		Usr 0 00:55:16, Sys 0 00:00:22  -  Run Remote Usage
		Usr 0 00:00:00, Sys 0 00:00:00  -  Run Local Usage
		Usr 0 00:55:16, Sys 0 00:00:22  -  Total Remote Usage
		Usr 0 00:00:00, Sys 0 00:00:00  -  Total Local Usage
	37804  -  Run Bytes Sent By Job
	21436  -  Run Bytes Received By Job
	37804  -  Total Bytes Sent By Job
	21436  -  Total Bytes Received By Job
	Partitionable Resources :    Usage  Request Allocated 
	   Cpus                 :     0.98        1         1 
	   Disk (KB)            :    85          22      3821 
	   GPUs                 :                           0 
	   Memory (MB)          :   208        3000      3000 
	   TimeExecute (s)      :  3494                       
	   TimeSlotBusy (s)     :  3497                       

	Job terminated of its own accord at 2026-01-06T10:57:23Z with exit-code 0.
...
