i am in this directory
/pool/condor/dir_2742646
Python 3.9.23
3.9.23
 will run this python stop_check_met_eff.py /eos/user/m/mleoncoe/stop_event_check/privateNanoAod2018/nanoAOD_227.root /afs/cern.ch/work/m/mleoncoe/private/stop_met_check/outputs_2018/nanoAOD_227.json
event num1000
event num2000
event num3000
event num4000
event num5000
event num6000
event num7000
event num8000
event num9000
event num10000
event num11000
event num12000
event num13000
event num14000
event num15000
event num16000
event num17000
event num18000
event num19000
event num20000
event num21000
event num22000
event num23000
event num24000
event num25000
event num26000
event num27000
event num28000
event num29000
event num30000
event num31000
event num32000
event num33000
event num34000
event num35000
event num36000
event num37000
event num38000
event num39000
event num40000
event num41000
event num42000
event num43000
event num44000
event num45000
event num46000
event num47000
event num48000
event num49000
event num50000
event num51000
event num52000
event num53000
event num54000
event num55000
event num56000
event num57000
event num58000
event num59000
event num60000
event num61000
event num62000
event num63000
event num64000
event num65000
event num66000
event num67000
event num68000
event num69000
event num70000
event num71000
event num72000
event num73000
event num74000
event num75000
event num76000
event num77000
event num78000
event num79000
event num80000
event num81000
event num82000
event num83000
event num84000
event num85000
event num86000
event num87000
event num88000
event num89000
event num90000
event num91000
event num92000
event num93000
event num94000
event num95000
event num96000
event num97000
event num98000
event num99000
event num100000
event num101000
event num102000
event num103000
event num104000
event num105000
event num106000
event num107000
event num108000
event num109000
event num110000
event num111000
event num112000
event num113000
event num114000
event num115000
event num116000
event num117000
event num118000
event num119000
event num120000
event num121000
event num122000
event num123000
event num124000
event num125000
event num126000
event num127000
event num128000
event num129000
event num130000
event num131000
event num132000
event num133000
event num134000
event num135000
event num136000
event num137000
event num138000
event num139000
event num140000
event num141000
event num142000
event num143000
event num144000
event num145000
event num146000
event num147000
event num148000
event num149000
event num150000
event num151000
event num152000
event num153000
event num154000
event num155000
event num156000
event num157000
event num158000
event num159000
event num160000
event num161000
event num162000
event num163000
event num164000
event num165000
event num166000
event num167000
event num168000
event num169000
event num170000
event num171000
event num172000
event num173000
event num174000
event num175000
event num176000
event num177000
event num178000
event num179000
event num180000
event num181000
event num182000
event num183000
event num184000
event num185000
event num186000
{'250_240': [1365.0, 656.0], '250_240_passing_MET': [0.0, 0.0], '250_240_failing_MET': [0.0, 0.0], '250_240_min_MET_pt': [10000000.0, 10000000.0], '250_235': [688.0, 714.0], '250_235_passing_MET': [0.0, 0.0], '250_235_failing_MET': [0.0, 0.0], '250_235_min_MET_pt': [10000000.0, 10000000.0], '250_230': [0.0, 732.0], '250_230_passing_MET': [0.0, 700.0], '250_230_failing_MET': [0.0, 32.0], '250_230_min_MET_pt': [10000000.0, 18.44489288330078], '250_225': [0.0, 0.0], '250_225_passing_MET': [0.0, 0.0], '250_225_failing_MET': [0.0, 0.0], '250_225_min_MET_pt': [10000000.0, 10000000.0], '250_220': [0.0, 0.0], '250_220_passing_MET': [0.0, 0.0], '250_220_failing_MET': [0.0, 0.0], '250_220_min_MET_pt': [10000000.0, 10000000.0], '275_265': [730.0, 2231.0], '275_265_passing_MET': [0.0, 0.0], '275_265_failing_MET': [0.0, 0.0], '275_265_min_MET_pt': [10000000.0, 10000000.0], '275_260': [0.0, 739.0], '275_260_passing_MET': [0.0, 708.0], '275_260_failing_MET': [0.0, 31.0], '275_260_min_MET_pt': [10000000.0, 43.16260528564453], '275_255': [0.0, 0.0], '275_255_passing_MET': [0.0, 0.0], '275_255_failing_MET': [0.0, 0.0], '275_255_min_MET_pt': [10000000.0, 10000000.0], '275_250': [0.0, 0.0], '275_250_passing_MET': [0.0, 0.0], '275_250_failing_MET': [0.0, 0.0], '275_250_min_MET_pt': [10000000.0, 10000000.0], '275_245': [0.0, 746.0], '275_245_passing_MET': [0.0, 695.0], '275_245_failing_MET': [0.0, 51.0], '275_245_min_MET_pt': [10000000.0, 29.726810455322266], '300_290': [1557.0, 1513.0], '300_290_passing_MET': [0.0, 0.0], '300_290_failing_MET': [0.0, 0.0], '300_290_min_MET_pt': [10000000.0, 10000000.0], '300_285': [0.0, 0.0], '300_285_passing_MET': [0.0, 0.0], '300_285_failing_MET': [0.0, 0.0], '300_285_min_MET_pt': [10000000.0, 10000000.0], '300_280': [0.0, 0.0], '300_280_passing_MET': [0.0, 0.0], '300_280_failing_MET': [0.0, 0.0], '300_280_min_MET_pt': [10000000.0, 10000000.0], '300_275': [0.0, 770.0], '300_275_passing_MET': [0.0, 735.0], '300_275_failing_MET': [0.0, 35.0], '300_275_min_MET_pt': [10000000.0, 25.599946975708008], '300_270': [0.0, 848.0], '300_270_passing_MET': [0.0, 805.0], '300_270_failing_MET': [0.0, 43.0], '300_270_min_MET_pt': [10000000.0, 14.091403007507324], '325_315': [768.0, 1680.0], '325_315_passing_MET': [0.0, 0.0], '325_315_failing_MET': [0.0, 0.0], '325_315_min_MET_pt': [10000000.0, 10000000.0], '325_310': [1626.0, 0.0], '325_310_passing_MET': [1556.0, 0.0], '325_310_failing_MET': [70.0, 0.0], '325_310_min_MET_pt': [10.212469100952148, 10000000.0], '325_305': [0.0, 856.0], '325_305_passing_MET': [0.0, 818.0], '325_305_failing_MET': [0.0, 38.0], '325_305_min_MET_pt': [10000000.0, 21.024036407470703], '325_300': [794.0, 0.0], '325_300_passing_MET': [751.0, 0.0], '325_300_failing_MET': [43.0, 0.0], '325_300_min_MET_pt': [23.68709945678711, 10000000.0], '325_295': [0.0, 0.0], '325_295_passing_MET': [0.0, 0.0], '325_295_failing_MET': [0.0, 0.0], '325_295_min_MET_pt': [10000000.0, 10000000.0], '350_340': [2548.0, 1681.0], '350_340_passing_MET': [0.0, 0.0], '350_340_failing_MET': [0.0, 0.0], '350_340_min_MET_pt': [10000000.0, 10000000.0], '350_335': [0.0, 1724.0], '350_335_passing_MET': [0.0, 1665.0], '350_335_failing_MET': [0.0, 59.0], '350_335_min_MET_pt': [10000000.0, 24.811805725097656], '350_330': [0.0, 0.0], '350_330_passing_MET': [0.0, 0.0], '350_330_failing_MET': [0.0, 0.0], '350_330_min_MET_pt': [10000000.0, 10000000.0], '350_325': [954.0, 0.0], '350_325_passing_MET': [901.0, 0.0], '350_325_failing_MET': [53.0, 0.0], '350_325_min_MET_pt': [31.080625534057617, 10000000.0], '350_320': [0.0, 0.0], '350_320_passing_MET': [0.0, 0.0], '350_320_failing_MET': [0.0, 0.0], '350_320_min_MET_pt': [10000000.0, 10000000.0], '375_365': [0.0, 872.0], '375_365_passing_MET': [0.0, 846.0], '375_365_failing_MET': [0.0, 26.0], '375_365_min_MET_pt': [10000000.0, 38.44853210449219], '375_360': [0.0, 0.0], '375_360_passing_MET': [0.0, 0.0], '375_360_failing_MET': [0.0, 0.0], '375_360_min_MET_pt': [10000000.0, 10000000.0], '375_355': [0.0, 0.0], '375_355_passing_MET': [0.0, 0.0], '375_355_failing_MET': [0.0, 0.0], '375_355_min_MET_pt': [10000000.0, 10000000.0], '375_350': [0.0, 937.0], '375_350_passing_MET': [0.0, 895.0], '375_350_failing_MET': [0.0, 42.0], '375_350_min_MET_pt': [10000000.0, 48.73632049560547], '375_345': [0.0, 0.0], '375_345_passing_MET': [0.0, 0.0], '375_345_failing_MET': [0.0, 0.0], '375_345_min_MET_pt': [10000000.0, 10000000.0], '400_390': [3488.0, 0.0], '400_390_passing_MET': [3375.0, 0.0], '400_390_failing_MET': [113.0, 0.0], '400_390_min_MET_pt': [25.805747985839844, 10000000.0], '400_385': [0.0, 0.0], '400_385_passing_MET': [0.0, 0.0], '400_385_failing_MET': [0.0, 0.0], '400_385_min_MET_pt': [10000000.0, 10000000.0], '400_380': [0.0, 0.0], '400_380_passing_MET': [0.0, 0.0], '400_380_failing_MET': [0.0, 0.0], '400_380_min_MET_pt': [10000000.0, 10000000.0], '400_375': [1919.0, 964.0], '400_375_passing_MET': [0.0, 0.0], '400_375_failing_MET': [0.0, 0.0], '400_375_min_MET_pt': [10000000.0, 10000000.0], '400_370': [923.0, 0.0], '400_370_passing_MET': [882.0, 0.0], '400_370_failing_MET': [41.0, 0.0], '400_370_min_MET_pt': [26.089004516601562, 10000000.0], '425_415': [1812.0, 900.0], '425_415_passing_MET': [0.0, 0.0], '425_415_failing_MET': [0.0, 0.0], '425_415_min_MET_pt': [10000000.0, 10000000.0], '425_410': [0.0, 0.0], '425_410_passing_MET': [0.0, 0.0], '425_410_failing_MET': [0.0, 0.0], '425_410_min_MET_pt': [10000000.0, 10000000.0], '425_405': [1813.0, 0.0], '425_405_passing_MET': [1751.0, 0.0], '425_405_failing_MET': [62.0, 0.0], '425_405_min_MET_pt': [23.173568725585938, 10000000.0], '425_400': [0.0, 0.0], '425_400_passing_MET': [0.0, 0.0], '425_400_failing_MET': [0.0, 0.0], '425_400_min_MET_pt': [10000000.0, 10000000.0], '425_395': [0.0, 0.0], '425_395_passing_MET': [0.0, 0.0], '425_395_failing_MET': [0.0, 0.0], '425_395_min_MET_pt': [10000000.0, 10000000.0], '450_440': [0.0, 0.0], '450_440_passing_MET': [0.0, 0.0], '450_440_failing_MET': [0.0, 0.0], '450_440_min_MET_pt': [10000000.0, 10000000.0], '450_435': [950.0, 920.0], '450_435_passing_MET': [0.0, 0.0], '450_435_failing_MET': [0.0, 0.0], '450_435_min_MET_pt': [10000000.0, 10000000.0], '450_430': [960.0, 0.0], '450_430_passing_MET': [930.0, 0.0], '450_430_failing_MET': [30.0, 0.0], '450_430_min_MET_pt': [31.820207595825195, 10000000.0], '450_425': [0.0, 943.0], '450_425_passing_MET': [0.0, 914.0], '450_425_failing_MET': [0.0, 29.0], '450_425_min_MET_pt': [10000000.0, 28.875404357910156], '450_420': [966.0, 0.0], '450_420_passing_MET': [927.0, 0.0], '450_420_failing_MET': [39.0, 0.0], '450_420_min_MET_pt': [33.72064208984375, 10000000.0], '475_465': [0.0, 960.0], '475_465_passing_MET': [0.0, 931.0], '475_465_failing_MET': [0.0, 29.0], '475_465_min_MET_pt': [10000000.0, 33.33789825439453], '475_460': [0.0, 0.0], '475_460_passing_MET': [0.0, 0.0], '475_460_failing_MET': [0.0, 0.0], '475_460_min_MET_pt': [10000000.0, 10000000.0], '475_455': [0.0, 0.0], '475_455_passing_MET': [0.0, 0.0], '475_455_failing_MET': [0.0, 0.0], '475_455_min_MET_pt': [10000000.0, 10000000.0], '475_450': [0.0, 0.0], '475_450_passing_MET': [0.0, 0.0], '475_450_failing_MET': [0.0, 0.0], '475_450_min_MET_pt': [10000000.0, 10000000.0], '475_445': [0.0, 0.0], '475_445_passing_MET': [0.0, 0.0], '475_445_failing_MET': [0.0, 0.0], '475_445_min_MET_pt': [10000000.0, 10000000.0], '500_490': [3864.0, 2909.0], '500_490_passing_MET': [0.0, 0.0], '500_490_failing_MET': [0.0, 0.0], '500_490_min_MET_pt': [10000000.0, 10000000.0], '500_485': [0.0, 0.0], '500_485_passing_MET': [0.0, 0.0], '500_485_failing_MET': [0.0, 0.0], '500_485_min_MET_pt': [10000000.0, 10000000.0], '500_480': [951.0, 953.0], '500_480_passing_MET': [0.0, 0.0], '500_480_failing_MET': [0.0, 0.0], '500_480_min_MET_pt': [10000000.0, 10000000.0], '500_475': [0.0, 2050.0], '500_475_passing_MET': [0.0, 1969.0], '500_475_failing_MET': [0.0, 81.0], '500_475_min_MET_pt': [10000000.0, 9.020954132080078], '500_470': [0.0, 0.0], '500_470_passing_MET': [0.0, 0.0], '500_470_failing_MET': [0.0, 0.0], '500_470_min_MET_pt': [10000000.0, 10000000.0], '525_515': [0.0, 0.0], '525_515_passing_MET': [0.0, 0.0], '525_515_failing_MET': [0.0, 0.0], '525_515_min_MET_pt': [10000000.0, 10000000.0], '525_510': [0.0, 0.0], '525_510_passing_MET': [0.0, 0.0], '525_510_failing_MET': [0.0, 0.0], '525_510_min_MET_pt': [10000000.0, 10000000.0], '525_505': [0.0, 0.0], '525_505_passing_MET': [0.0, 0.0], '525_505_failing_MET': [0.0, 0.0], '525_505_min_MET_pt': [10000000.0, 10000000.0], '525_500': [0.0, 0.0], '525_500_passing_MET': [0.0, 0.0], '525_500_failing_MET': [0.0, 0.0], '525_500_min_MET_pt': [10000000.0, 10000000.0], '525_495': [0.0, 0.0], '525_495_passing_MET': [0.0, 0.0], '525_495_failing_MET': [0.0, 0.0], '525_495_min_MET_pt': [10000000.0, 10000000.0], '550_540': [952.0, 0.0], '550_540_passing_MET': [936.0, 0.0], '550_540_failing_MET': [16.0, 0.0], '550_540_min_MET_pt': [7.936428546905518, 10000000.0], '550_535': [886.0, 0.0], '550_535_passing_MET': [857.0, 0.0], '550_535_failing_MET': [29.0, 0.0], '550_535_min_MET_pt': [10.868368148803711, 10000000.0], '550_530': [0.0, 0.0], '550_530_passing_MET': [0.0, 0.0], '550_530_failing_MET': [0.0, 0.0], '550_530_min_MET_pt': [10000000.0, 10000000.0], '550_525': [890.0, 0.0], '550_525_passing_MET': [869.0, 0.0], '550_525_failing_MET': [21.0, 0.0], '550_525_min_MET_pt': [57.64405822753906, 10000000.0], '550_520': [0.0, 0.0], '550_520_passing_MET': [0.0, 0.0], '550_520_failing_MET': [0.0, 0.0], '550_520_min_MET_pt': [10000000.0, 10000000.0], '575_565': [0.0, 0.0], '575_565_passing_MET': [0.0, 0.0], '575_565_failing_MET': [0.0, 0.0], '575_565_min_MET_pt': [10000000.0, 10000000.0], '575_560': [0.0, 0.0], '575_560_passing_MET': [0.0, 0.0], '575_560_failing_MET': [0.0, 0.0], '575_560_min_MET_pt': [10000000.0, 10000000.0], '575_555': [0.0, 0.0], '575_555_passing_MET': [0.0, 0.0], '575_555_failing_MET': [0.0, 0.0], '575_555_min_MET_pt': [10000000.0, 10000000.0], '575_550': [0.0, 0.0], '575_550_passing_MET': [0.0, 0.0], '575_550_failing_MET': [0.0, 0.0], '575_550_min_MET_pt': [10000000.0, 10000000.0], '575_545': [0.0, 0.0], '575_545_passing_MET': [0.0, 0.0], '575_545_failing_MET': [0.0, 0.0], '575_545_min_MET_pt': [10000000.0, 10000000.0], '600_590': [0.0, 3007.0], '600_590_passing_MET': [0.0, 2942.0], '600_590_failing_MET': [0.0, 65.0], '600_590_min_MET_pt': [10000000.0, 36.440650939941406], '600_585': [0.0, 0.0], '600_585_passing_MET': [0.0, 0.0], '600_585_failing_MET': [0.0, 0.0], '600_585_min_MET_pt': [10000000.0, 10000000.0], '600_580': [0.0, 0.0], '600_580_passing_MET': [0.0, 0.0], '600_580_failing_MET': [0.0, 0.0], '600_580_min_MET_pt': [10000000.0, 10000000.0], '600_575': [891.0, 0.0], '600_575_passing_MET': [864.0, 0.0], '600_575_failing_MET': [27.0, 0.0], '600_575_min_MET_pt': [13.59269905090332, 10000000.0], '600_570': [1102.0, 0.0], '600_570_passing_MET': [1079.0, 0.0], '600_570_failing_MET': [23.0, 0.0], '600_570_min_MET_pt': [30.782453536987305, 10000000.0], '625_615': [0.0, 0.0], '625_615_passing_MET': [0.0, 0.0], '625_615_failing_MET': [0.0, 0.0], '625_615_min_MET_pt': [10000000.0, 10000000.0], '625_610': [0.0, 0.0], '625_610_passing_MET': [0.0, 0.0], '625_610_failing_MET': [0.0, 0.0], '625_610_min_MET_pt': [10000000.0, 10000000.0], '625_605': [0.0, 0.0], '625_605_passing_MET': [0.0, 0.0], '625_605_failing_MET': [0.0, 0.0], '625_605_min_MET_pt': [10000000.0, 10000000.0], '625_600': [0.0, 0.0], '625_600_passing_MET': [0.0, 0.0], '625_600_failing_MET': [0.0, 0.0], '625_600_min_MET_pt': [10000000.0, 10000000.0], '625_595': [0.0, 0.0], '625_595_passing_MET': [0.0, 0.0], '625_595_failing_MET': [0.0, 0.0], '625_595_min_MET_pt': [10000000.0, 10000000.0], '650_640': [2107.0, 1024.0], '650_640_passing_MET': [0.0, 0.0], '650_640_failing_MET': [0.0, 0.0], '650_640_min_MET_pt': [10000000.0, 10000000.0], '650_635': [0.0, 902.0], '650_635_passing_MET': [0.0, 863.0], '650_635_failing_MET': [0.0, 39.0], '650_635_min_MET_pt': [10000000.0, 16.56718635559082], '650_630': [0.0, 1122.0], '650_630_passing_MET': [0.0, 1084.0], '650_630_failing_MET': [0.0, 38.0], '650_630_min_MET_pt': [10000000.0, 21.607402801513672], '650_625': [0.0, 0.0], '650_625_passing_MET': [0.0, 0.0], '650_625_failing_MET': [0.0, 0.0], '650_625_min_MET_pt': [10000000.0, 10000000.0], '650_620': [2167.0, 0.0], '650_620_passing_MET': [2103.0, 0.0], '650_620_failing_MET': [64.0, 0.0], '650_620_min_MET_pt': [11.122942924499512, 10000000.0], '675_665': [0.0, 0.0], '675_665_passing_MET': [0.0, 0.0], '675_665_failing_MET': [0.0, 0.0], '675_665_min_MET_pt': [10000000.0, 10000000.0], '675_660': [0.0, 0.0], '675_660_passing_MET': [0.0, 0.0], '675_660_failing_MET': [0.0, 0.0], '675_660_min_MET_pt': [10000000.0, 10000000.0], '675_655': [0.0, 0.0], '675_655_passing_MET': [0.0, 0.0], '675_655_failing_MET': [0.0, 0.0], '675_655_min_MET_pt': [10000000.0, 10000000.0], '675_650': [0.0, 0.0], '675_650_passing_MET': [0.0, 0.0], '675_650_failing_MET': [0.0, 0.0], '675_650_min_MET_pt': [10000000.0, 10000000.0], '675_645': [0.0, 0.0], '675_645_passing_MET': [0.0, 0.0], '675_645_failing_MET': [0.0, 0.0], '675_645_min_MET_pt': [10000000.0, 10000000.0], '700_690': [0.0, 1077.0], '700_690_passing_MET': [0.0, 1058.0], '700_690_failing_MET': [0.0, 19.0], '700_690_min_MET_pt': [10000000.0, 61.923336029052734], '700_685': [0.0, 0.0], '700_685_passing_MET': [0.0, 0.0], '700_685_failing_MET': [0.0, 0.0], '700_685_min_MET_pt': [10000000.0, 10000000.0], '700_680': [1077.0, 0.0], '700_680_passing_MET': [1058.0, 0.0], '700_680_failing_MET': [19.0, 0.0], '700_680_min_MET_pt': [43.32783126831055, 10000000.0], '700_675': [0.0, 0.0], '700_675_passing_MET': [0.0, 0.0], '700_675_failing_MET': [0.0, 0.0], '700_675_min_MET_pt': [10000000.0, 10000000.0], '700_670': [1143.0, 0.0], '700_670_passing_MET': [1109.0, 0.0], '700_670_failing_MET': [34.0, 0.0], '700_670_min_MET_pt': [33.08379364013672, 10000000.0], '725_715': [0.0, 0.0], '725_715_passing_MET': [0.0, 0.0], '725_715_failing_MET': [0.0, 0.0], '725_715_min_MET_pt': [10000000.0, 10000000.0], '725_710': [0.0, 0.0], '725_710_passing_MET': [0.0, 0.0], '725_710_failing_MET': [0.0, 0.0], '725_710_min_MET_pt': [10000000.0, 10000000.0], '725_705': [0.0, 0.0], '725_705_passing_MET': [0.0, 0.0], '725_705_failing_MET': [0.0, 0.0], '725_705_min_MET_pt': [10000000.0, 10000000.0], '725_700': [0.0, 0.0], '725_700_passing_MET': [0.0, 0.0], '725_700_failing_MET': [0.0, 0.0], '725_700_min_MET_pt': [10000000.0, 10000000.0], '725_695': [0.0, 0.0], '725_695_passing_MET': [0.0, 0.0], '725_695_failing_MET': [0.0, 0.0], '725_695_min_MET_pt': [10000000.0, 10000000.0], '750_740': [4354.0, 2067.0], '750_740_passing_MET': [0.0, 0.0], '750_740_failing_MET': [0.0, 0.0], '750_740_min_MET_pt': [10000000.0, 10000000.0], '750_735': [2957.0, 0.0], '750_735_passing_MET': [2886.0, 0.0], '750_735_failing_MET': [71.0, 0.0], '750_735_min_MET_pt': [11.867984771728516, 10000000.0], '750_730': [1092.0, 1172.0], '750_730_passing_MET': [0.0, 0.0], '750_730_failing_MET': [0.0, 0.0], '750_730_min_MET_pt': [10000000.0, 10000000.0], '750_725': [888.0, 0.0], '750_725_passing_MET': [871.0, 0.0], '750_725_failing_MET': [17.0, 0.0], '750_725_min_MET_pt': [43.92593765258789, 10000000.0], '750_720': [1147.0, 1128.0], '750_720_passing_MET': [0.0, 0.0], '750_720_failing_MET': [0.0, 0.0], '750_720_min_MET_pt': [10000000.0, 10000000.0], '775_765': [0.0, 0.0], '775_765_passing_MET': [0.0, 0.0], '775_765_failing_MET': [0.0, 0.0], '775_765_min_MET_pt': [10000000.0, 10000000.0], '775_760': [0.0, 0.0], '775_760_passing_MET': [0.0, 0.0], '775_760_failing_MET': [0.0, 0.0], '775_760_min_MET_pt': [10000000.0, 10000000.0], '775_755': [0.0, 0.0], '775_755_passing_MET': [0.0, 0.0], '775_755_failing_MET': [0.0, 0.0], '775_755_min_MET_pt': [10000000.0, 10000000.0], '775_750': [0.0, 0.0], '775_750_passing_MET': [0.0, 0.0], '775_750_failing_MET': [0.0, 0.0], '775_750_min_MET_pt': [10000000.0, 10000000.0], '775_745': [0.0, 0.0], '775_745_passing_MET': [0.0, 0.0], '775_745_failing_MET': [0.0, 0.0], '775_745_min_MET_pt': [10000000.0, 10000000.0], '800_790': [1027.0, 0.0], '800_790_passing_MET': [1007.0, 0.0], '800_790_failing_MET': [20.0, 0.0], '800_790_min_MET_pt': [24.21450424194336, 10000000.0], '800_785': [0.0, 992.0], '800_785_passing_MET': [0.0, 968.0], '800_785_failing_MET': [0.0, 24.0], '800_785_min_MET_pt': [10000000.0, 21.78904151916504], '800_780': [0.0, 0.0], '800_780_passing_MET': [0.0, 0.0], '800_780_failing_MET': [0.0, 0.0], '800_780_min_MET_pt': [10000000.0, 10000000.0], '800_775': [0.0, 966.0], '800_775_passing_MET': [0.0, 938.0], '800_775_failing_MET': [0.0, 28.0], '800_775_min_MET_pt': [10000000.0, 30.455337524414062], '800_770': [0.0, 0.0], '800_770_passing_MET': [0.0, 0.0], '800_770_failing_MET': [0.0, 0.0], '800_770_min_MET_pt': [10000000.0, 10000000.0], '825_815': [0.0, 0.0], '825_815_passing_MET': [0.0, 0.0], '825_815_failing_MET': [0.0, 0.0], '825_815_min_MET_pt': [10000000.0, 10000000.0], '825_810': [0.0, 0.0], '825_810_passing_MET': [0.0, 0.0], '825_810_failing_MET': [0.0, 0.0], '825_810_min_MET_pt': [10000000.0, 10000000.0], '825_805': [0.0, 0.0], '825_805_passing_MET': [0.0, 0.0], '825_805_failing_MET': [0.0, 0.0], '825_805_min_MET_pt': [10000000.0, 10000000.0], '825_800': [0.0, 0.0], '825_800_passing_MET': [0.0, 0.0], '825_800_failing_MET': [0.0, 0.0], '825_800_min_MET_pt': [10000000.0, 10000000.0], '825_795': [0.0, 0.0], '825_795_passing_MET': [0.0, 0.0], '825_795_failing_MET': [0.0, 0.0], '825_795_min_MET_pt': [10000000.0, 10000000.0], '850_840': [2174.0, 1126.0], '850_840_passing_MET': [0.0, 0.0], '850_840_failing_MET': [0.0, 0.0], '850_840_min_MET_pt': [10000000.0, 10000000.0], '850_835': [991.0, 0.0], '850_835_passing_MET': [971.0, 0.0], '850_835_failing_MET': [20.0, 0.0], '850_835_min_MET_pt': [41.33271408081055, 10000000.0], '850_830': [0.0, 1196.0], '850_830_passing_MET': [0.0, 1168.0], '850_830_failing_MET': [0.0, 28.0], '850_830_min_MET_pt': [10000000.0, 23.7462215423584], '850_825': [0.0, 0.0], '850_825_passing_MET': [0.0, 0.0], '850_825_failing_MET': [0.0, 0.0], '850_825_min_MET_pt': [10000000.0, 10000000.0], '850_820': [2335.0, 1118.0], '850_820_passing_MET': [0.0, 0.0], '850_820_failing_MET': [0.0, 0.0], '850_820_min_MET_pt': [10000000.0, 10000000.0], '875_865': [0.0, 0.0], '875_865_passing_MET': [0.0, 0.0], '875_865_failing_MET': [0.0, 0.0], '875_865_min_MET_pt': [10000000.0, 10000000.0], '875_860': [0.0, 0.0], '875_860_passing_MET': [0.0, 0.0], '875_860_failing_MET': [0.0, 0.0], '875_860_min_MET_pt': [10000000.0, 10000000.0], '875_855': [0.0, 0.0], '875_855_passing_MET': [0.0, 0.0], '875_855_failing_MET': [0.0, 0.0], '875_855_min_MET_pt': [10000000.0, 10000000.0], '875_850': [0.0, 0.0], '875_850_passing_MET': [0.0, 0.0], '875_850_failing_MET': [0.0, 0.0], '875_850_min_MET_pt': [10000000.0, 10000000.0], '875_845': [0.0, 0.0], '875_845_passing_MET': [0.0, 0.0], '875_845_failing_MET': [0.0, 0.0], '875_845_min_MET_pt': [10000000.0, 10000000.0], '900_890': [0.0, 2237.0], '900_890_passing_MET': [0.0, 2200.0], '900_890_failing_MET': [0.0, 37.0], '900_890_min_MET_pt': [10000000.0, 26.377344131469727], '900_885': [0.0, 0.0], '900_885_passing_MET': [0.0, 0.0], '900_885_failing_MET': [0.0, 0.0], '900_885_min_MET_pt': [10000000.0, 10000000.0], '900_880': [0.0, 0.0], '900_880_passing_MET': [0.0, 0.0], '900_880_failing_MET': [0.0, 0.0], '900_880_min_MET_pt': [10000000.0, 10000000.0], '900_875': [0.0, 0.0], '900_875_passing_MET': [0.0, 0.0], '900_875_failing_MET': [0.0, 0.0], '900_875_min_MET_pt': [10000000.0, 10000000.0], '900_870': [0.0, 0.0], '900_870_passing_MET': [0.0, 0.0], '900_870_failing_MET': [0.0, 0.0], '900_870_min_MET_pt': [10000000.0, 10000000.0], '925_915': [0.0, 0.0], '925_915_passing_MET': [0.0, 0.0], '925_915_failing_MET': [0.0, 0.0], '925_915_min_MET_pt': [10000000.0, 10000000.0], '925_910': [0.0, 0.0], '925_910_passing_MET': [0.0, 0.0], '925_910_failing_MET': [0.0, 0.0], '925_910_min_MET_pt': [10000000.0, 10000000.0], '925_905': [0.0, 0.0], '925_905_passing_MET': [0.0, 0.0], '925_905_failing_MET': [0.0, 0.0], '925_905_min_MET_pt': [10000000.0, 10000000.0], '925_900': [0.0, 0.0], '925_900_passing_MET': [0.0, 0.0], '925_900_failing_MET': [0.0, 0.0], '925_900_min_MET_pt': [10000000.0, 10000000.0], '925_895': [0.0, 0.0], '925_895_passing_MET': [0.0, 0.0], '925_895_failing_MET': [0.0, 0.0], '925_895_min_MET_pt': [10000000.0, 10000000.0], '950_940': [0.0, 0.0], '950_940_passing_MET': [0.0, 0.0], '950_940_failing_MET': [0.0, 0.0], '950_940_min_MET_pt': [10000000.0, 10000000.0], '950_935': [957.0, 0.0], '950_935_passing_MET': [942.0, 0.0], '950_935_failing_MET': [15.0, 0.0], '950_935_min_MET_pt': [38.23045349121094, 10000000.0], '950_930': [1141.0, 0.0], '950_930_passing_MET': [1112.0, 0.0], '950_930_failing_MET': [29.0, 0.0], '950_930_min_MET_pt': [20.080434799194336, 10000000.0], '950_925': [989.0, 0.0], '950_925_passing_MET': [964.0, 0.0], '950_925_failing_MET': [25.0, 0.0], '950_925_min_MET_pt': [26.45041847229004, 10000000.0], '950_920': [0.0, 0.0], '950_920_passing_MET': [0.0, 0.0], '950_920_failing_MET': [0.0, 0.0], '950_920_min_MET_pt': [10000000.0, 10000000.0], '975_965': [0.0, 0.0], '975_965_passing_MET': [0.0, 0.0], '975_965_failing_MET': [0.0, 0.0], '975_965_min_MET_pt': [10000000.0, 10000000.0], '975_960': [0.0, 0.0], '975_960_passing_MET': [0.0, 0.0], '975_960_failing_MET': [0.0, 0.0], '975_960_min_MET_pt': [10000000.0, 10000000.0], '975_955': [0.0, 0.0], '975_955_passing_MET': [0.0, 0.0], '975_955_failing_MET': [0.0, 0.0], '975_955_min_MET_pt': [10000000.0, 10000000.0], '975_950': [0.0, 0.0], '975_950_passing_MET': [0.0, 0.0], '975_950_failing_MET': [0.0, 0.0], '975_950_min_MET_pt': [10000000.0, 10000000.0], '975_945': [0.0, 0.0], '975_945_passing_MET': [0.0, 0.0], '975_945_failing_MET': [0.0, 0.0], '975_945_min_MET_pt': [10000000.0, 10000000.0], '1000_990': [1113.0, 2244.0], '1000_990_passing_MET': [0.0, 0.0], '1000_990_failing_MET': [0.0, 0.0], '1000_990_min_MET_pt': [10000000.0, 10000000.0], '1000_985': [0.0, 0.0], '1000_985_passing_MET': [0.0, 0.0], '1000_985_failing_MET': [0.0, 0.0], '1000_985_min_MET_pt': [10000000.0, 10000000.0], '1000_980': [0.0, 0.0], '1000_980_passing_MET': [0.0, 0.0], '1000_980_failing_MET': [0.0, 0.0], '1000_980_min_MET_pt': [10000000.0, 10000000.0], '1000_975': [1004.0, 0.0], '1000_975_passing_MET': [983.0, 0.0], '1000_975_failing_MET': [21.0, 0.0], '1000_975_min_MET_pt': [34.302101135253906, 10000000.0], '1000_970': [0.0, 1206.0], '1000_970_passing_MET': [0.0, 1170.0], '1000_970_failing_MET': [0.0, 36.0], '1000_970_min_MET_pt': [10000000.0, 25.908781051635742], '1025_1015': [0.0, 0.0], '1025_1015_passing_MET': [0.0, 0.0], '1025_1015_failing_MET': [0.0, 0.0], '1025_1015_min_MET_pt': [10000000.0, 10000000.0], '1025_1010': [0.0, 0.0], '1025_1010_passing_MET': [0.0, 0.0], '1025_1010_failing_MET': [0.0, 0.0], '1025_1010_min_MET_pt': [10000000.0, 10000000.0], '1025_1005': [0.0, 0.0], '1025_1005_passing_MET': [0.0, 0.0], '1025_1005_failing_MET': [0.0, 0.0], '1025_1005_min_MET_pt': [10000000.0, 10000000.0], '1025_1000': [0.0, 0.0], '1025_1000_passing_MET': [0.0, 0.0], '1025_1000_failing_MET': [0.0, 0.0], '1025_1000_min_MET_pt': [10000000.0, 10000000.0], '1025_995': [0.0, 0.0], '1025_995_passing_MET': [0.0, 0.0], '1025_995_failing_MET': [0.0, 0.0], '1025_995_min_MET_pt': [10000000.0, 10000000.0], '1050_1040': [0.0, 0.0], '1050_1040_passing_MET': [0.0, 0.0], '1050_1040_failing_MET': [0.0, 0.0], '1050_1040_min_MET_pt': [10000000.0, 10000000.0], '1050_1035': [0.0, 0.0], '1050_1035_passing_MET': [0.0, 0.0], '1050_1035_failing_MET': [0.0, 0.0], '1050_1035_min_MET_pt': [10000000.0, 10000000.0], '1050_1030': [0.0, 0.0], '1050_1030_passing_MET': [0.0, 0.0], '1050_1030_failing_MET': [0.0, 0.0], '1050_1030_min_MET_pt': [10000000.0, 10000000.0], '1050_1025': [0.0, 0.0], '1050_1025_passing_MET': [0.0, 0.0], '1050_1025_failing_MET': [0.0, 0.0], '1050_1025_min_MET_pt': [10000000.0, 10000000.0], '1050_1020': [0.0, 0.0], '1050_1020_passing_MET': [0.0, 0.0], '1050_1020_failing_MET': [0.0, 0.0], '1050_1020_min_MET_pt': [10000000.0, 10000000.0], '1075_1065': [0.0, 0.0], '1075_1065_passing_MET': [0.0, 0.0], '1075_1065_failing_MET': [0.0, 0.0], '1075_1065_min_MET_pt': [10000000.0, 10000000.0], '1075_1060': [0.0, 0.0], '1075_1060_passing_MET': [0.0, 0.0], '1075_1060_failing_MET': [0.0, 0.0], '1075_1060_min_MET_pt': [10000000.0, 10000000.0], '1075_1055': [0.0, 0.0], '1075_1055_passing_MET': [0.0, 0.0], '1075_1055_failing_MET': [0.0, 0.0], '1075_1055_min_MET_pt': [10000000.0, 10000000.0], '1075_1050': [0.0, 0.0], '1075_1050_passing_MET': [0.0, 0.0], '1075_1050_failing_MET': [0.0, 0.0], '1075_1050_min_MET_pt': [10000000.0, 10000000.0], '1075_1045': [0.0, 0.0], '1075_1045_passing_MET': [0.0, 0.0], '1075_1045_failing_MET': [0.0, 0.0], '1075_1045_min_MET_pt': [10000000.0, 10000000.0], '1100_1090': [1044.0, 1002.0], '1100_1090_passing_MET': [0.0, 0.0], '1100_1090_failing_MET': [0.0, 0.0], '1100_1090_min_MET_pt': [10000000.0, 10000000.0], '1100_1085': [998.0, 0.0], '1100_1085_passing_MET': [972.0, 0.0], '1100_1085_failing_MET': [26.0, 0.0], '1100_1085_min_MET_pt': [25.986520767211914, 10000000.0], '1100_1080': [0.0, 0.0], '1100_1080_passing_MET': [0.0, 0.0], '1100_1080_failing_MET': [0.0, 0.0], '1100_1080_min_MET_pt': [10000000.0, 10000000.0], '1100_1075': [0.0, 1043.0], '1100_1075_passing_MET': [0.0, 1014.0], '1100_1075_failing_MET': [0.0, 29.0], '1100_1075_min_MET_pt': [10000000.0, 46.81588363647461], '1100_1070': [0.0, 0.0], '1100_1070_passing_MET': [0.0, 0.0], '1100_1070_failing_MET': [0.0, 0.0], '1100_1070_min_MET_pt': [10000000.0, 10000000.0], 'nEventsTotal': 186660.0, 'strange masspoints': 0.0, 'orphans': 0.0, 'R-hadron event': 0.0, 'different stop antistop masses': 0.0, 'strange error': 0.0, 'strange event': 0.0, 'different neutralino masses': 13659.0, 'large differences': 0.0, '526_515': [0.0, 858.0], '526_515_passing_MET': [0.0, 839.0], '526_515_failing_MET': [0.0, 19.0], '526_515_min_MET_pt': [10000000.0, 55.11750030517578], '526_516': [0.0, 77.0], '526_516_passing_MET': [0.0, 72.0], '526_516_failing_MET': [0.0, 5.0], '526_516_min_MET_pt': [10000000.0, 51.2131462097168], '1024_995': [2037.0, 962.0], '1024_995_passing_MET': [1994.0, 946.0], '1024_995_failing_MET': [43.0, 16.0], '1024_995_min_MET_pt': [9.21524429321289, 45.933563232421875], '1024_996': [400.0, 190.0], '1024_996_passing_MET': [389.0, 187.0], '1024_996_failing_MET': [11.0, 3.0], '1024_996_min_MET_pt': [25.360116958618164, 93.5408706665039], '526_500': [1048.0, 2073.0], '526_500_passing_MET': [1022.0, 1997.0], '526_500_failing_MET': [26.0, 76.0], '526_500_min_MET_pt': [38.64804458618164, 21.49620819091797], '876_865': [1010.0, 1987.0], '876_865_passing_MET': [983.0, 1943.0], '876_865_failing_MET': [27.0, 44.0], '876_865_min_MET_pt': [31.91420555114746, 11.659552574157715], '876_866': [97.0, 183.0], '876_866_passing_MET': [94.0, 181.0], '876_866_failing_MET': [3.0, 2.0], '876_866_min_MET_pt': [51.81782913208008, 78.99124145507812], '876_860': [0.0, 1120.0], '876_860_passing_MET': [0.0, 1092.0], '876_860_failing_MET': [0.0, 28.0], '876_860_min_MET_pt': [10000000.0, 19.102108001708984], '576_565': [2713.0, 1782.0], '576_565_passing_MET': [2652.0, 1740.0], '576_565_failing_MET': [61.0, 42.0], '576_565_min_MET_pt': [35.02546310424805, 18.809219360351562], '576_566': [289.0, 164.0], '576_566_passing_MET': [283.0, 158.0], '576_566_failing_MET': [6.0, 6.0], '576_566_min_MET_pt': [21.411924362182617, 33.73564529418945], '976_956': [330.0, 0.0], '976_956_passing_MET': [324.0, 0.0], '976_956_failing_MET': [6.0, 0.0], '976_956_min_MET_pt': [8.998262405395508, 10000000.0], '976_955': [2054.0, 0.0], '976_955_passing_MET': [1996.0, 0.0], '976_955_failing_MET': [58.0, 0.0], '976_955_min_MET_pt': [43.116825103759766, 10000000.0], '1000_976': [195.0, 0.0], '1000_976_passing_MET': [186.0, 0.0], '1000_976_failing_MET': [9.0, 0.0], '1000_976_min_MET_pt': [53.71067428588867, 10000000.0], '576_555': [888.0, 884.0], '576_555_passing_MET': [862.0, 864.0], '576_555_failing_MET': [26.0, 20.0], '576_555_min_MET_pt': [37.0107307434082, 27.283836364746094], '576_556': [162.0, 152.0], '576_556_passing_MET': [157.0, 148.0], '576_556_failing_MET': [5.0, 4.0], '576_556_min_MET_pt': [71.67005157470703, 83.97083282470703], '926_915': [0.0, 1982.0], '926_915_passing_MET': [0.0, 1938.0], '926_915_failing_MET': [0.0, 44.0], '926_915_min_MET_pt': [10000000.0, 20.415956497192383], '926_916': [0.0, 213.0], '926_916_passing_MET': [0.0, 212.0], '926_916_failing_MET': [0.0, 1.0], '926_916_min_MET_pt': [10000000.0, 99.61685943603516], '650_636': [0.0, 119.0], '650_636_passing_MET': [0.0, 117.0], '650_636_failing_MET': [0.0, 2.0], '650_636_min_MET_pt': [10000000.0, 80.52652740478516], '776_765': [970.0, 0.0], '776_765_passing_MET': [949.0, 0.0], '776_765_failing_MET': [21.0, 0.0], '776_765_min_MET_pt': [41.902198791503906, 10000000.0], '776_766': [93.0, 0.0], '776_766_passing_MET': [90.0, 0.0], '776_766_failing_MET': [3.0, 0.0], '776_766_min_MET_pt': [12.441446304321289, 10000000.0], '1024_1000': [1161.0, 0.0], '1024_1000_passing_MET': [1135.0, 0.0], '1024_1000_failing_MET': [26.0, 0.0], '1024_1000_min_MET_pt': [27.65892219543457, 10000000.0], '776_750': [2291.0, 1106.0], '776_750_passing_MET': [2236.0, 1068.0], '776_750_failing_MET': [55.0, 38.0], '776_750_min_MET_pt': [38.66444396972656, 44.32794189453125], '1076_1065': [0.0, 2119.0], '1076_1065_passing_MET': [0.0, 2078.0], '1076_1065_failing_MET': [0.0, 41.0], '1076_1065_min_MET_pt': [10000000.0, 53.166934967041016], '1076_1064': [0.0, 184.0], '1076_1064_passing_MET': [0.0, 179.0], '1076_1064_failing_MET': [0.0, 5.0], '1076_1064_min_MET_pt': [10000000.0, 26.58884620666504], '576_560': [0.0, 1015.0], '576_560_passing_MET': [0.0, 996.0], '576_560_failing_MET': [0.0, 19.0], '576_560_min_MET_pt': [10000000.0, 59.8609733581543], '976_945': [0.0, 910.0], '976_945_passing_MET': [0.0, 890.0], '976_945_failing_MET': [0.0, 20.0], '976_945_min_MET_pt': [10000000.0, 39.202632904052734], '976_946': [0.0, 208.0], '976_946_passing_MET': [0.0, 202.0], '976_946_failing_MET': [0.0, 6.0], '976_946_min_MET_pt': [10000000.0, 57.49325942993164], '1100_1092': [85.0, 97.0], '1100_1092_passing_MET': [83.0, 93.0], '1100_1092_failing_MET': [2.0, 4.0], '1100_1092_min_MET_pt': [86.85152435302734, 57.010921478271484], '750_736': [387.0, 0.0], '750_736_passing_MET': [375.0, 0.0], '750_736_failing_MET': [12.0, 0.0], '750_736_min_MET_pt': [54.5181884765625, 10000000.0], '876_845': [0.0, 1060.0], '876_845_passing_MET': [0.0, 1034.0], '876_845_failing_MET': [0.0, 26.0], '876_845_min_MET_pt': [10000000.0, 12.89597225189209], '876_846': [0.0, 223.0], '876_846_passing_MET': [0.0, 216.0], '876_846_failing_MET': [0.0, 7.0], '876_846_min_MET_pt': [10000000.0, 35.967979431152344], '800_786': [0.0, 140.0], '800_786_passing_MET': [0.0, 139.0], '800_786_failing_MET': [0.0, 1.0], '800_786_min_MET_pt': [10000000.0, 92.51039123535156], '926_905': [996.0, 0.0], '926_905_passing_MET': [969.0, 0.0], '926_905_failing_MET': [27.0, 0.0], '926_905_min_MET_pt': [39.35587692260742, 10000000.0], '926_906': [162.0, 0.0], '926_906_passing_MET': [156.0, 0.0], '926_906_failing_MET': [6.0, 0.0], '926_906_min_MET_pt': [67.19795227050781, 10000000.0], '976_965': [0.0, 1019.0], '976_965_passing_MET': [0.0, 998.0], '976_965_failing_MET': [0.0, 21.0], '976_965_min_MET_pt': [10000000.0, 27.680448532104492], '976_966': [0.0, 111.0], '976_966_passing_MET': [0.0, 110.0], '976_966_failing_MET': [0.0, 1.0], '976_966_min_MET_pt': [10000000.0, 64.2116470336914], '726_715': [1870.0, 923.0], '726_715_passing_MET': [1828.0, 901.0], '726_715_failing_MET': [42.0, 22.0], '726_715_min_MET_pt': [35.02134704589844, 49.04621505737305], '726_716': [203.0, 98.0], '726_716_passing_MET': [198.0, 95.0], '726_716_failing_MET': [5.0, 3.0], '726_716_min_MET_pt': [74.11747741699219, 69.70662689208984], '1052_1020': [1179.0, 1240.0], '1052_1020_passing_MET': [1145.0, 1208.0], '1052_1020_failing_MET': [34.0, 32.0], '1052_1020_min_MET_pt': [44.29619598388672, 26.31388282775879], '850_836': [142.0, 0.0], '850_836_passing_MET': [141.0, 0.0], '850_836_failing_MET': [1.0, 0.0], '850_836_min_MET_pt': [94.26942443847656, 10000000.0], '1100_1084': [148.0, 0.0], '1100_1084_passing_MET': [145.0, 0.0], '1100_1084_failing_MET': [3.0, 0.0], '1100_1084_min_MET_pt': [72.06414794921875, 10000000.0], '550_526': [163.0, 0.0], '550_526_passing_MET': [159.0, 0.0], '550_526_failing_MET': [4.0, 0.0], '550_526_min_MET_pt': [37.97589111328125, 10000000.0], '626_615': [0.0, 1886.0], '626_615_passing_MET': [0.0, 1842.0], '626_615_failing_MET': [0.0, 44.0], '626_615_min_MET_pt': [10000000.0, 27.343870162963867], '626_616': [0.0, 176.0], '626_616_passing_MET': [0.0, 171.0], '626_616_failing_MET': [0.0, 5.0], '626_616_min_MET_pt': [10000000.0, 49.021846771240234], '1024_1015': [999.0, 963.0], '1024_1015_passing_MET': [977.0, 945.0], '1024_1015_failing_MET': [22.0, 18.0], '1024_1015_min_MET_pt': [49.02150344848633, 35.635353088378906], '1024_1016': [125.0, 101.0], '1024_1016_passing_MET': [125.0, 98.0], '1024_1016_failing_MET': [0.0, 3.0], '1024_1016_min_MET_pt': [102.4251480102539, 88.7896499633789], '950_926': [176.0, 0.0], '950_926_passing_MET': [169.0, 0.0], '950_926_failing_MET': [7.0, 0.0], '950_926_min_MET_pt': [42.23234558105469, 10000000.0], '826_815': [0.0, 4038.0], '826_815_passing_MET': [0.0, 3942.0], '826_815_failing_MET': [0.0, 96.0], '826_815_min_MET_pt': [10000000.0, 22.800064086914062], '826_816': [0.0, 404.0], '826_816_passing_MET': [0.0, 398.0], '826_816_failing_MET': [0.0, 6.0], '826_816_min_MET_pt': [10000000.0, 35.02477264404297], '600_576': [149.0, 0.0], '600_576_passing_MET': [138.0, 0.0], '600_576_failing_MET': [11.0, 0.0], '600_576_min_MET_pt': [32.782379150390625, 10000000.0], '726_710': [0.0, 1077.0], '726_710_passing_MET': [0.0, 1055.0], '726_710_failing_MET': [0.0, 22.0], '726_710_min_MET_pt': [10000000.0, 33.89360046386719], '826_800': [0.0, 1155.0], '826_800_passing_MET': [0.0, 1117.0], '826_800_failing_MET': [0.0, 38.0], '826_800_min_MET_pt': [10000000.0, 34.10346221923828], '576_550': [1122.0, 0.0], '576_550_passing_MET': [1078.0, 0.0], '576_550_failing_MET': [44.0, 0.0], '576_550_min_MET_pt': [33.297569274902344, 10000000.0], '1076_1045': [1005.0, 0.0], '1076_1045_passing_MET': [988.0, 0.0], '1076_1045_failing_MET': [17.0, 0.0], '1076_1045_min_MET_pt': [32.0369987487793, 10000000.0], '1076_1044': [195.0, 0.0], '1076_1044_passing_MET': [187.0, 0.0], '1076_1044_failing_MET': [8.0, 0.0], '1076_1044_min_MET_pt': [70.24504852294922, 10000000.0], '976_950': [1122.0, 0.0], '976_950_passing_MET': [1083.0, 0.0], '976_950_failing_MET': [39.0, 0.0], '976_950_min_MET_pt': [35.66645431518555, 10000000.0], '550_536': [108.0, 0.0], '550_536_passing_MET': [106.0, 0.0], '550_536_failing_MET': [2.0, 0.0], '550_536_min_MET_pt': [93.60181427001953, 10000000.0], '750_726': [177.0, 0.0], '750_726_passing_MET': [165.0, 0.0], '750_726_failing_MET': [12.0, 0.0], '750_726_min_MET_pt': [68.02650451660156, 10000000.0], '776_760': [0.0, 1064.0], '776_760_passing_MET': [0.0, 1040.0], '776_760_failing_MET': [0.0, 24.0], '776_760_min_MET_pt': [10000000.0, 41.46162796020508], '1100_1076': [0.0, 178.0], '1100_1076_passing_MET': [0.0, 169.0], '1100_1076_failing_MET': [0.0, 9.0], '1100_1076_min_MET_pt': [10000000.0, 61.804630279541016], '800_776': [0.0, 177.0], '800_776_passing_MET': [0.0, 173.0], '800_776_failing_MET': [0.0, 4.0], '800_776_min_MET_pt': [10000000.0, 61.24117660522461], '776_745': [973.0, 0.0], '776_745_passing_MET': [939.0, 0.0], '776_745_failing_MET': [34.0, 0.0], '776_745_min_MET_pt': [19.713825225830078, 10000000.0], '776_746': [202.0, 0.0], '776_746_passing_MET': [198.0, 0.0], '776_746_failing_MET': [4.0, 0.0], '776_746_min_MET_pt': [62.36009979248047, 10000000.0], '950_936': [123.0, 0.0], '950_936_passing_MET': [119.0, 0.0], '950_936_failing_MET': [4.0, 0.0], '950_936_min_MET_pt': [49.159488677978516, 10000000.0], '526_510': [1060.0, 1996.0], '526_510_passing_MET': [1036.0, 1944.0], '526_510_failing_MET': [24.0, 52.0], '526_510_min_MET_pt': [17.737852096557617, 1.409639596939087], '1024_1005': [1026.0, 0.0], '1024_1005_passing_MET': [1002.0, 0.0], '1024_1005_failing_MET': [24.0, 0.0], '1024_1005_min_MET_pt': [46.691837310791016, 10000000.0], '1024_1006': [154.0, 0.0], '1024_1006_passing_MET': [152.0, 0.0], '1024_1006_failing_MET': [2.0, 0.0], '1024_1006_min_MET_pt': [62.15470504760742, 10000000.0], '676_665': [0.0, 985.0], '676_665_passing_MET': [0.0, 969.0], '676_665_failing_MET': [0.0, 16.0], '676_665_min_MET_pt': [10000000.0, 54.49613952636719], '676_666': [0.0, 89.0], '676_666_passing_MET': [0.0, 86.0], '676_666_failing_MET': [0.0, 3.0], '676_666_min_MET_pt': [10000000.0, 52.794410705566406], '1052_1040': [0.0, 1107.0], '1052_1040_passing_MET': [0.0, 1078.0], '1052_1040_failing_MET': [0.0, 29.0], '1052_1040_min_MET_pt': [10000000.0, 6.928936004638672], '1076_1055': [1022.0, 0.0], '1076_1055_passing_MET': [1003.0, 0.0], '1076_1055_failing_MET': [19.0, 0.0], '1076_1055_min_MET_pt': [17.415565490722656, 10000000.0], '1076_1056': [166.0, 0.0], '1076_1056_passing_MET': [161.0, 0.0], '1076_1056_failing_MET': [5.0, 0.0], '1076_1056_min_MET_pt': [51.89449691772461, 10000000.0], '626_605': [0.0, 909.0], '626_605_passing_MET': [0.0, 880.0], '626_605_failing_MET': [0.0, 29.0], '626_605_min_MET_pt': [10000000.0, 37.18811798095703], '626_606': [0.0, 150.0], '626_606_passing_MET': [0.0, 141.0], '626_606_failing_MET': [0.0, 9.0], '626_606_min_MET_pt': [10000000.0, 24.562814712524414]}
nevents_from_dict =  3600320293.8467054
Results saved to /afs/cern.ch/work/m/mleoncoe/private/stop_met_check/outputs_2018/nanoAOD_227.json
done
