i am in this directory
/pool/condor/dir_1684997
Python 3.9.23
3.9.23
 will run this python stop_check_met_eff.py /eos/user/m/mleoncoe/stop_event_check/privateNanoAod2018/nanoAOD_565.root /afs/cern.ch/work/m/mleoncoe/private/stop_met_check/outputs_2018/nanoAOD_565.json
event num1000
event num2000
event num3000
event num4000
event num5000
event num6000
event num7000
event num8000
event num9000
event num10000
event num11000
event num12000
event num13000
event num14000
event num15000
event num16000
event num17000
event num18000
event num19000
event num20000
event num21000
event num22000
event num23000
event num24000
event num25000
event num26000
event num27000
event num28000
event num29000
event num30000
event num31000
event num32000
event num33000
event num34000
event num35000
event num36000
event num37000
event num38000
event num39000
event num40000
event num41000
event num42000
event num43000
event num44000
event num45000
event num46000
event num47000
event num48000
event num49000
event num50000
event num51000
event num52000
event num53000
event num54000
event num55000
event num56000
event num57000
event num58000
event num59000
event num60000
event num61000
event num62000
event num63000
event num64000
event num65000
event num66000
event num67000
event num68000
event num69000
event num70000
event num71000
event num72000
event num73000
event num74000
event num75000
event num76000
event num77000
event num78000
event num79000
event num80000
event num81000
event num82000
event num83000
event num84000
event num85000
event num86000
event num87000
event num88000
event num89000
event num90000
event num91000
event num92000
event num93000
event num94000
event num95000
event num96000
event num97000
event num98000
event num99000
event num100000
event num101000
event num102000
event num103000
event num104000
event num105000
event num106000
event num107000
event num108000
event num109000
event num110000
event num111000
event num112000
event num113000
event num114000
event num115000
event num116000
event num117000
event num118000
event num119000
event num120000
event num121000
event num122000
event num123000
event num124000
event num125000
event num126000
event num127000
event num128000
event num129000
event num130000
event num131000
event num132000
event num133000
event num134000
event num135000
event num136000
event num137000
event num138000
event num139000
event num140000
event num141000
event num142000
event num143000
event num144000
event num145000
event num146000
event num147000
event num148000
event num149000
event num150000
{'250_240': [679.0, 717.0], '250_240_passing_MET': [0.0, 0.0], '250_240_failing_MET': [0.0, 0.0], '250_240_min_MET_pt': [10000000.0, 10000000.0], '250_235': [729.0, 0.0], '250_235_passing_MET': [699.0, 0.0], '250_235_failing_MET': [30.0, 0.0], '250_235_min_MET_pt': [23.87005615234375, 10000000.0], '250_230': [0.0, 0.0], '250_230_passing_MET': [0.0, 0.0], '250_230_failing_MET': [0.0, 0.0], '250_230_min_MET_pt': [10000000.0, 10000000.0], '250_225': [737.0, 726.0], '250_225_passing_MET': [0.0, 0.0], '250_225_failing_MET': [0.0, 0.0], '250_225_min_MET_pt': [10000000.0, 10000000.0], '250_220': [0.0, 774.0], '250_220_passing_MET': [0.0, 744.0], '250_220_failing_MET': [0.0, 30.0], '250_220_min_MET_pt': [10000000.0, 3.426666736602783], '275_265': [0.0, 0.0], '275_265_passing_MET': [0.0, 0.0], '275_265_failing_MET': [0.0, 0.0], '275_265_min_MET_pt': [10000000.0, 10000000.0], '275_260': [2237.0, 1472.0], '275_260_passing_MET': [0.0, 0.0], '275_260_failing_MET': [0.0, 0.0], '275_260_min_MET_pt': [10000000.0, 10000000.0], '275_255': [0.0, 0.0], '275_255_passing_MET': [0.0, 0.0], '275_255_failing_MET': [0.0, 0.0], '275_255_min_MET_pt': [10000000.0, 10000000.0], '275_250': [0.0, 0.0], '275_250_passing_MET': [0.0, 0.0], '275_250_failing_MET': [0.0, 0.0], '275_250_min_MET_pt': [10000000.0, 10000000.0], '275_245': [729.0, 0.0], '275_245_passing_MET': [684.0, 0.0], '275_245_failing_MET': [45.0, 0.0], '275_245_min_MET_pt': [22.349287033081055, 10000000.0], '300_290': [3022.0, 0.0], '300_290_passing_MET': [2920.0, 0.0], '300_290_failing_MET': [102.0, 0.0], '300_290_min_MET_pt': [20.469350814819336, 10000000.0], '300_285': [804.0, 0.0], '300_285_passing_MET': [775.0, 0.0], '300_285_failing_MET': [29.0, 0.0], '300_285_min_MET_pt': [41.35755157470703, 10000000.0], '300_280': [0.0, 0.0], '300_280_passing_MET': [0.0, 0.0], '300_280_failing_MET': [0.0, 0.0], '300_280_min_MET_pt': [10000000.0, 10000000.0], '300_275': [0.0, 837.0], '300_275_passing_MET': [0.0, 791.0], '300_275_failing_MET': [0.0, 46.0], '300_275_min_MET_pt': [10000000.0, 25.28086280822754], '300_270': [0.0, 845.0], '300_270_passing_MET': [0.0, 802.0], '300_270_failing_MET': [0.0, 43.0], '300_270_min_MET_pt': [10000000.0, 50.71607971191406], '325_315': [0.0, 1489.0], '325_315_passing_MET': [0.0, 1449.0], '325_315_failing_MET': [0.0, 40.0], '325_315_min_MET_pt': [10000000.0, 3.47847056388855], '325_310': [0.0, 0.0], '325_310_passing_MET': [0.0, 0.0], '325_310_failing_MET': [0.0, 0.0], '325_310_min_MET_pt': [10000000.0, 10000000.0], '325_305': [835.0, 0.0], '325_305_passing_MET': [811.0, 0.0], '325_305_failing_MET': [24.0, 0.0], '325_305_min_MET_pt': [48.79029846191406, 10000000.0], '325_300': [0.0, 0.0], '325_300_passing_MET': [0.0, 0.0], '325_300_failing_MET': [0.0, 0.0], '325_300_min_MET_pt': [10000000.0, 10000000.0], '325_295': [0.0, 0.0], '325_295_passing_MET': [0.0, 0.0], '325_295_failing_MET': [0.0, 0.0], '325_295_min_MET_pt': [10000000.0, 10000000.0], '350_340': [0.0, 828.0], '350_340_passing_MET': [0.0, 796.0], '350_340_failing_MET': [0.0, 32.0], '350_340_min_MET_pt': [10000000.0, 9.72890567779541], '350_335': [0.0, 0.0], '350_335_passing_MET': [0.0, 0.0], '350_335_failing_MET': [0.0, 0.0], '350_335_min_MET_pt': [10000000.0, 10000000.0], '350_330': [855.0, 845.0], '350_330_passing_MET': [0.0, 0.0], '350_330_failing_MET': [0.0, 0.0], '350_330_min_MET_pt': [10000000.0, 10000000.0], '350_325': [0.0, 0.0], '350_325_passing_MET': [0.0, 0.0], '350_325_failing_MET': [0.0, 0.0], '350_325_min_MET_pt': [10000000.0, 10000000.0], '350_320': [0.0, 950.0], '350_320_passing_MET': [0.0, 914.0], '350_320_failing_MET': [0.0, 36.0], '350_320_min_MET_pt': [10000000.0, 16.195823669433594], '375_365': [884.0, 879.0], '375_365_passing_MET': [0.0, 0.0], '375_365_failing_MET': [0.0, 0.0], '375_365_min_MET_pt': [10000000.0, 10000000.0], '375_360': [853.0, 0.0], '375_360_passing_MET': [814.0, 0.0], '375_360_failing_MET': [39.0, 0.0], '375_360_min_MET_pt': [45.57033157348633, 10000000.0], '375_355': [0.0, 0.0], '375_355_passing_MET': [0.0, 0.0], '375_355_failing_MET': [0.0, 0.0], '375_355_min_MET_pt': [10000000.0, 10000000.0], '375_350': [961.0, 0.0], '375_350_passing_MET': [928.0, 0.0], '375_350_failing_MET': [33.0, 0.0], '375_350_min_MET_pt': [46.50058364868164, 10000000.0], '375_345': [927.0, 0.0], '375_345_passing_MET': [892.0, 0.0], '375_345_failing_MET': [35.0, 0.0], '375_345_min_MET_pt': [42.73181915283203, 10000000.0], '400_390': [1803.0, 875.0], '400_390_passing_MET': [0.0, 0.0], '400_390_failing_MET': [0.0, 0.0], '400_390_min_MET_pt': [10000000.0, 10000000.0], '400_385': [0.0, 0.0], '400_385_passing_MET': [0.0, 0.0], '400_385_failing_MET': [0.0, 0.0], '400_385_min_MET_pt': [10000000.0, 10000000.0], '400_380': [885.0, 0.0], '400_380_passing_MET': [860.0, 0.0], '400_380_failing_MET': [25.0, 0.0], '400_380_min_MET_pt': [31.808605194091797, 10000000.0], '400_375': [0.0, 0.0], '400_375_passing_MET': [0.0, 0.0], '400_375_failing_MET': [0.0, 0.0], '400_375_min_MET_pt': [10000000.0, 10000000.0], '400_370': [0.0, 0.0], '400_370_passing_MET': [0.0, 0.0], '400_370_failing_MET': [0.0, 0.0], '400_370_min_MET_pt': [10000000.0, 10000000.0], '425_415': [0.0, 0.0], '425_415_passing_MET': [0.0, 0.0], '425_415_failing_MET': [0.0, 0.0], '425_415_min_MET_pt': [10000000.0, 10000000.0], '425_410': [0.0, 0.0], '425_410_passing_MET': [0.0, 0.0], '425_410_failing_MET': [0.0, 0.0], '425_410_min_MET_pt': [10000000.0, 10000000.0], '425_405': [885.0, 0.0], '425_405_passing_MET': [842.0, 0.0], '425_405_failing_MET': [43.0, 0.0], '425_405_min_MET_pt': [15.600820541381836, 10000000.0], '425_400': [962.0, 0.0], '425_400_passing_MET': [923.0, 0.0], '425_400_failing_MET': [39.0, 0.0], '425_400_min_MET_pt': [38.40653610229492, 10000000.0], '425_395': [0.0, 1877.0], '425_395_passing_MET': [0.0, 1796.0], '425_395_failing_MET': [0.0, 81.0], '425_395_min_MET_pt': [10000000.0, 11.910029411315918], '450_440': [0.0, 1811.0], '450_440_passing_MET': [0.0, 1761.0], '450_440_failing_MET': [0.0, 50.0], '450_440_min_MET_pt': [10000000.0, 30.962007522583008], '450_435': [0.0, 0.0], '450_435_passing_MET': [0.0, 0.0], '450_435_failing_MET': [0.0, 0.0], '450_435_min_MET_pt': [10000000.0, 10000000.0], '450_430': [0.0, 0.0], '450_430_passing_MET': [0.0, 0.0], '450_430_failing_MET': [0.0, 0.0], '450_430_min_MET_pt': [10000000.0, 10000000.0], '450_425': [0.0, 0.0], '450_425_passing_MET': [0.0, 0.0], '450_425_failing_MET': [0.0, 0.0], '450_425_min_MET_pt': [10000000.0, 10000000.0], '450_420': [973.0, 0.0], '450_420_passing_MET': [939.0, 0.0], '450_420_failing_MET': [34.0, 0.0], '450_420_min_MET_pt': [25.958162307739258, 10000000.0], '475_465': [918.0, 0.0], '475_465_passing_MET': [891.0, 0.0], '475_465_failing_MET': [27.0, 0.0], '475_465_min_MET_pt': [56.25088119506836, 10000000.0], '475_460': [0.0, 0.0], '475_460_passing_MET': [0.0, 0.0], '475_460_failing_MET': [0.0, 0.0], '475_460_min_MET_pt': [10000000.0, 10000000.0], '475_455': [940.0, 0.0], '475_455_passing_MET': [907.0, 0.0], '475_455_failing_MET': [33.0, 0.0], '475_455_min_MET_pt': [9.937922477722168, 10000000.0], '475_450': [0.0, 968.0], '475_450_passing_MET': [0.0, 927.0], '475_450_failing_MET': [0.0, 41.0], '475_450_min_MET_pt': [10000000.0, 17.590980529785156], '475_445': [0.0, 0.0], '475_445_passing_MET': [0.0, 0.0], '475_445_failing_MET': [0.0, 0.0], '475_445_min_MET_pt': [10000000.0, 10000000.0], '500_490': [977.0, 2893.0], '500_490_passing_MET': [0.0, 0.0], '500_490_failing_MET': [0.0, 0.0], '500_490_min_MET_pt': [10000000.0, 10000000.0], '500_485': [0.0, 0.0], '500_485_passing_MET': [0.0, 0.0], '500_485_failing_MET': [0.0, 0.0], '500_485_min_MET_pt': [10000000.0, 10000000.0], '500_480': [993.0, 0.0], '500_480_passing_MET': [962.0, 0.0], '500_480_failing_MET': [31.0, 0.0], '500_480_min_MET_pt': [45.45139694213867, 10000000.0], '500_475': [0.0, 0.0], '500_475_passing_MET': [0.0, 0.0], '500_475_failing_MET': [0.0, 0.0], '500_475_min_MET_pt': [10000000.0, 10000000.0], '500_470': [943.0, 1044.0], '500_470_passing_MET': [0.0, 0.0], '500_470_failing_MET': [0.0, 0.0], '500_470_min_MET_pt': [10000000.0, 10000000.0], '525_515': [0.0, 0.0], '525_515_passing_MET': [0.0, 0.0], '525_515_failing_MET': [0.0, 0.0], '525_515_min_MET_pt': [10000000.0, 10000000.0], '525_510': [0.0, 0.0], '525_510_passing_MET': [0.0, 0.0], '525_510_failing_MET': [0.0, 0.0], '525_510_min_MET_pt': [10000000.0, 10000000.0], '525_505': [0.0, 0.0], '525_505_passing_MET': [0.0, 0.0], '525_505_failing_MET': [0.0, 0.0], '525_505_min_MET_pt': [10000000.0, 10000000.0], '525_500': [0.0, 0.0], '525_500_passing_MET': [0.0, 0.0], '525_500_failing_MET': [0.0, 0.0], '525_500_min_MET_pt': [10000000.0, 10000000.0], '525_495': [0.0, 0.0], '525_495_passing_MET': [0.0, 0.0], '525_495_failing_MET': [0.0, 0.0], '525_495_min_MET_pt': [10000000.0, 10000000.0], '550_540': [954.0, 0.0], '550_540_passing_MET': [916.0, 0.0], '550_540_failing_MET': [38.0, 0.0], '550_540_min_MET_pt': [3.6907501220703125, 10000000.0], '550_535': [0.0, 853.0], '550_535_passing_MET': [0.0, 828.0], '550_535_failing_MET': [0.0, 25.0], '550_535_min_MET_pt': [10000000.0, 7.146988391876221], '550_530': [0.0, 980.0], '550_530_passing_MET': [0.0, 946.0], '550_530_failing_MET': [0.0, 34.0], '550_530_min_MET_pt': [10000000.0, 39.92393112182617], '550_525': [0.0, 0.0], '550_525_passing_MET': [0.0, 0.0], '550_525_failing_MET': [0.0, 0.0], '550_525_min_MET_pt': [10000000.0, 10000000.0], '550_520': [1044.0, 0.0], '550_520_passing_MET': [1008.0, 0.0], '550_520_failing_MET': [36.0, 0.0], '550_520_min_MET_pt': [28.1148738861084, 10000000.0], '575_565': [0.0, 0.0], '575_565_passing_MET': [0.0, 0.0], '575_565_failing_MET': [0.0, 0.0], '575_565_min_MET_pt': [10000000.0, 10000000.0], '575_560': [0.0, 0.0], '575_560_passing_MET': [0.0, 0.0], '575_560_failing_MET': [0.0, 0.0], '575_560_min_MET_pt': [10000000.0, 10000000.0], '575_555': [0.0, 0.0], '575_555_passing_MET': [0.0, 0.0], '575_555_failing_MET': [0.0, 0.0], '575_555_min_MET_pt': [10000000.0, 10000000.0], '575_550': [0.0, 0.0], '575_550_passing_MET': [0.0, 0.0], '575_550_failing_MET': [0.0, 0.0], '575_550_min_MET_pt': [10000000.0, 10000000.0], '575_545': [0.0, 0.0], '575_545_passing_MET': [0.0, 0.0], '575_545_failing_MET': [0.0, 0.0], '575_545_min_MET_pt': [10000000.0, 10000000.0], '600_590': [0.0, 1040.0], '600_590_passing_MET': [0.0, 1003.0], '600_590_failing_MET': [0.0, 37.0], '600_590_min_MET_pt': [10000000.0, 27.598848342895508], '600_585': [0.0, 0.0], '600_585_passing_MET': [0.0, 0.0], '600_585_failing_MET': [0.0, 0.0], '600_585_min_MET_pt': [10000000.0, 10000000.0], '600_580': [0.0, 0.0], '600_580_passing_MET': [0.0, 0.0], '600_580_failing_MET': [0.0, 0.0], '600_580_min_MET_pt': [10000000.0, 10000000.0], '600_575': [888.0, 0.0], '600_575_passing_MET': [862.0, 0.0], '600_575_failing_MET': [26.0, 0.0], '600_575_min_MET_pt': [24.679567337036133, 10000000.0], '600_570': [1092.0, 0.0], '600_570_passing_MET': [1056.0, 0.0], '600_570_failing_MET': [36.0, 0.0], '600_570_min_MET_pt': [35.737342834472656, 10000000.0], '625_615': [0.0, 0.0], '625_615_passing_MET': [0.0, 0.0], '625_615_failing_MET': [0.0, 0.0], '625_615_min_MET_pt': [10000000.0, 10000000.0], '625_610': [0.0, 0.0], '625_610_passing_MET': [0.0, 0.0], '625_610_failing_MET': [0.0, 0.0], '625_610_min_MET_pt': [10000000.0, 10000000.0], '625_605': [0.0, 0.0], '625_605_passing_MET': [0.0, 0.0], '625_605_failing_MET': [0.0, 0.0], '625_605_min_MET_pt': [10000000.0, 10000000.0], '625_600': [0.0, 0.0], '625_600_passing_MET': [0.0, 0.0], '625_600_failing_MET': [0.0, 0.0], '625_600_min_MET_pt': [10000000.0, 10000000.0], '625_595': [0.0, 0.0], '625_595_passing_MET': [0.0, 0.0], '625_595_failing_MET': [0.0, 0.0], '625_595_min_MET_pt': [10000000.0, 10000000.0], '650_640': [3026.0, 0.0], '650_640_passing_MET': [2949.0, 0.0], '650_640_failing_MET': [77.0, 0.0], '650_640_min_MET_pt': [24.233047485351562, 10000000.0], '650_635': [0.0, 0.0], '650_635_passing_MET': [0.0, 0.0], '650_635_failing_MET': [0.0, 0.0], '650_635_min_MET_pt': [10000000.0, 10000000.0], '650_630': [1033.0, 1059.0], '650_630_passing_MET': [0.0, 0.0], '650_630_failing_MET': [0.0, 0.0], '650_630_min_MET_pt': [10000000.0, 10000000.0], '650_625': [885.0, 0.0], '650_625_passing_MET': [849.0, 0.0], '650_625_failing_MET': [36.0, 0.0], '650_625_min_MET_pt': [27.854557037353516, 10000000.0], '650_620': [0.0, 0.0], '650_620_passing_MET': [0.0, 0.0], '650_620_failing_MET': [0.0, 0.0], '650_620_min_MET_pt': [10000000.0, 10000000.0], '675_665': [0.0, 0.0], '675_665_passing_MET': [0.0, 0.0], '675_665_failing_MET': [0.0, 0.0], '675_665_min_MET_pt': [10000000.0, 10000000.0], '675_660': [0.0, 0.0], '675_660_passing_MET': [0.0, 0.0], '675_660_failing_MET': [0.0, 0.0], '675_660_min_MET_pt': [10000000.0, 10000000.0], '675_655': [0.0, 0.0], '675_655_passing_MET': [0.0, 0.0], '675_655_failing_MET': [0.0, 0.0], '675_655_min_MET_pt': [10000000.0, 10000000.0], '675_650': [0.0, 0.0], '675_650_passing_MET': [0.0, 0.0], '675_650_failing_MET': [0.0, 0.0], '675_650_min_MET_pt': [10000000.0, 10000000.0], '675_645': [0.0, 0.0], '675_645_passing_MET': [0.0, 0.0], '675_645_failing_MET': [0.0, 0.0], '675_645_min_MET_pt': [10000000.0, 10000000.0], '700_690': [1058.0, 0.0], '700_690_passing_MET': [1035.0, 0.0], '700_690_failing_MET': [23.0, 0.0], '700_690_min_MET_pt': [2.177237033843994, 10000000.0], '700_685': [948.0, 0.0], '700_685_passing_MET': [916.0, 0.0], '700_685_failing_MET': [32.0, 0.0], '700_685_min_MET_pt': [33.48054504394531, 10000000.0], '700_680': [0.0, 0.0], '700_680_passing_MET': [0.0, 0.0], '700_680_failing_MET': [0.0, 0.0], '700_680_min_MET_pt': [10000000.0, 10000000.0], '700_675': [0.0, 997.0], '700_675_passing_MET': [0.0, 971.0], '700_675_failing_MET': [0.0, 26.0], '700_675_min_MET_pt': [10000000.0, 40.17527389526367], '700_670': [0.0, 1109.0], '700_670_passing_MET': [0.0, 1066.0], '700_670_failing_MET': [0.0, 43.0], '700_670_min_MET_pt': [10000000.0, 10.273721694946289], '725_715': [0.0, 0.0], '725_715_passing_MET': [0.0, 0.0], '725_715_failing_MET': [0.0, 0.0], '725_715_min_MET_pt': [10000000.0, 10000000.0], '725_710': [0.0, 0.0], '725_710_passing_MET': [0.0, 0.0], '725_710_failing_MET': [0.0, 0.0], '725_710_min_MET_pt': [10000000.0, 10000000.0], '725_705': [0.0, 0.0], '725_705_passing_MET': [0.0, 0.0], '725_705_failing_MET': [0.0, 0.0], '725_705_min_MET_pt': [10000000.0, 10000000.0], '725_700': [0.0, 0.0], '725_700_passing_MET': [0.0, 0.0], '725_700_failing_MET': [0.0, 0.0], '725_700_min_MET_pt': [10000000.0, 10000000.0], '725_695': [0.0, 0.0], '725_695_passing_MET': [0.0, 0.0], '725_695_failing_MET': [0.0, 0.0], '725_695_min_MET_pt': [10000000.0, 10000000.0], '750_740': [2038.0, 1083.0], '750_740_passing_MET': [0.0, 0.0], '750_740_failing_MET': [0.0, 0.0], '750_740_min_MET_pt': [10000000.0, 10000000.0], '750_735': [0.0, 0.0], '750_735_passing_MET': [0.0, 0.0], '750_735_failing_MET': [0.0, 0.0], '750_735_min_MET_pt': [10000000.0, 10000000.0], '750_730': [0.0, 0.0], '750_730_passing_MET': [0.0, 0.0], '750_730_failing_MET': [0.0, 0.0], '750_730_min_MET_pt': [10000000.0, 10000000.0], '750_725': [992.0, 0.0], '750_725_passing_MET': [967.0, 0.0], '750_725_failing_MET': [25.0, 0.0], '750_725_min_MET_pt': [58.62733840942383, 10000000.0], '750_720': [0.0, 0.0], '750_720_passing_MET': [0.0, 0.0], '750_720_failing_MET': [0.0, 0.0], '750_720_min_MET_pt': [10000000.0, 10000000.0], '775_765': [0.0, 0.0], '775_765_passing_MET': [0.0, 0.0], '775_765_failing_MET': [0.0, 0.0], '775_765_min_MET_pt': [10000000.0, 10000000.0], '775_760': [0.0, 0.0], '775_760_passing_MET': [0.0, 0.0], '775_760_failing_MET': [0.0, 0.0], '775_760_min_MET_pt': [10000000.0, 10000000.0], '775_755': [0.0, 0.0], '775_755_passing_MET': [0.0, 0.0], '775_755_failing_MET': [0.0, 0.0], '775_755_min_MET_pt': [10000000.0, 10000000.0], '775_750': [0.0, 0.0], '775_750_passing_MET': [0.0, 0.0], '775_750_failing_MET': [0.0, 0.0], '775_750_min_MET_pt': [10000000.0, 10000000.0], '775_745': [0.0, 0.0], '775_745_passing_MET': [0.0, 0.0], '775_745_failing_MET': [0.0, 0.0], '775_745_min_MET_pt': [10000000.0, 10000000.0], '800_790': [1044.0, 1076.0], '800_790_passing_MET': [0.0, 0.0], '800_790_failing_MET': [0.0, 0.0], '800_790_min_MET_pt': [10000000.0, 10000000.0], '800_785': [990.0, 0.0], '800_785_passing_MET': [961.0, 0.0], '800_785_failing_MET': [29.0, 0.0], '800_785_min_MET_pt': [49.34300994873047, 10000000.0], '800_780': [0.0, 0.0], '800_780_passing_MET': [0.0, 0.0], '800_780_failing_MET': [0.0, 0.0], '800_780_min_MET_pt': [10000000.0, 10000000.0], '800_775': [0.0, 0.0], '800_775_passing_MET': [0.0, 0.0], '800_775_failing_MET': [0.0, 0.0], '800_775_min_MET_pt': [10000000.0, 10000000.0], '800_770': [0.0, 0.0], '800_770_passing_MET': [0.0, 0.0], '800_770_failing_MET': [0.0, 0.0], '800_770_min_MET_pt': [10000000.0, 10000000.0], '825_815': [0.0, 0.0], '825_815_passing_MET': [0.0, 0.0], '825_815_failing_MET': [0.0, 0.0], '825_815_min_MET_pt': [10000000.0, 10000000.0], '825_810': [0.0, 0.0], '825_810_passing_MET': [0.0, 0.0], '825_810_failing_MET': [0.0, 0.0], '825_810_min_MET_pt': [10000000.0, 10000000.0], '825_805': [0.0, 0.0], '825_805_passing_MET': [0.0, 0.0], '825_805_failing_MET': [0.0, 0.0], '825_805_min_MET_pt': [10000000.0, 10000000.0], '825_800': [0.0, 0.0], '825_800_passing_MET': [0.0, 0.0], '825_800_failing_MET': [0.0, 0.0], '825_800_min_MET_pt': [10000000.0, 10000000.0], '825_795': [0.0, 0.0], '825_795_passing_MET': [0.0, 0.0], '825_795_failing_MET': [0.0, 0.0], '825_795_min_MET_pt': [10000000.0, 10000000.0], '850_840': [0.0, 2188.0], '850_840_passing_MET': [0.0, 2126.0], '850_840_failing_MET': [0.0, 62.0], '850_840_min_MET_pt': [10000000.0, 9.92579174041748], '850_835': [0.0, 0.0], '850_835_passing_MET': [0.0, 0.0], '850_835_failing_MET': [0.0, 0.0], '850_835_min_MET_pt': [10000000.0, 10000000.0], '850_830': [1171.0, 0.0], '850_830_passing_MET': [1146.0, 0.0], '850_830_failing_MET': [25.0, 0.0], '850_830_min_MET_pt': [21.428977966308594, 10000000.0], '850_825': [0.0, 1970.0], '850_825_passing_MET': [0.0, 1917.0], '850_825_failing_MET': [0.0, 53.0], '850_825_min_MET_pt': [10000000.0, 26.178558349609375], '850_820': [0.0, 1191.0], '850_820_passing_MET': [0.0, 1164.0], '850_820_failing_MET': [0.0, 27.0], '850_820_min_MET_pt': [10000000.0, 49.59946060180664], '875_865': [0.0, 0.0], '875_865_passing_MET': [0.0, 0.0], '875_865_failing_MET': [0.0, 0.0], '875_865_min_MET_pt': [10000000.0, 10000000.0], '875_860': [0.0, 0.0], '875_860_passing_MET': [0.0, 0.0], '875_860_failing_MET': [0.0, 0.0], '875_860_min_MET_pt': [10000000.0, 10000000.0], '875_855': [0.0, 0.0], '875_855_passing_MET': [0.0, 0.0], '875_855_failing_MET': [0.0, 0.0], '875_855_min_MET_pt': [10000000.0, 10000000.0], '875_850': [0.0, 0.0], '875_850_passing_MET': [0.0, 0.0], '875_850_failing_MET': [0.0, 0.0], '875_850_min_MET_pt': [10000000.0, 10000000.0], '875_845': [0.0, 0.0], '875_845_passing_MET': [0.0, 0.0], '875_845_failing_MET': [0.0, 0.0], '875_845_min_MET_pt': [10000000.0, 10000000.0], '900_890': [1147.0, 0.0], '900_890_passing_MET': [1115.0, 0.0], '900_890_failing_MET': [32.0, 0.0], '900_890_min_MET_pt': [7.611491680145264, 10000000.0], '900_885': [0.0, 0.0], '900_885_passing_MET': [0.0, 0.0], '900_885_failing_MET': [0.0, 0.0], '900_885_min_MET_pt': [10000000.0, 10000000.0], '900_880': [1174.0, 0.0], '900_880_passing_MET': [1146.0, 0.0], '900_880_failing_MET': [28.0, 0.0], '900_880_min_MET_pt': [26.903303146362305, 10000000.0], '900_875': [956.0, 0.0], '900_875_passing_MET': [934.0, 0.0], '900_875_failing_MET': [22.0, 0.0], '900_875_min_MET_pt': [50.21122741699219, 10000000.0], '900_870': [0.0, 0.0], '900_870_passing_MET': [0.0, 0.0], '900_870_failing_MET': [0.0, 0.0], '900_870_min_MET_pt': [10000000.0, 10000000.0], '925_915': [0.0, 0.0], '925_915_passing_MET': [0.0, 0.0], '925_915_failing_MET': [0.0, 0.0], '925_915_min_MET_pt': [10000000.0, 10000000.0], '925_910': [0.0, 0.0], '925_910_passing_MET': [0.0, 0.0], '925_910_failing_MET': [0.0, 0.0], '925_910_min_MET_pt': [10000000.0, 10000000.0], '925_905': [0.0, 0.0], '925_905_passing_MET': [0.0, 0.0], '925_905_failing_MET': [0.0, 0.0], '925_905_min_MET_pt': [10000000.0, 10000000.0], '925_900': [0.0, 0.0], '925_900_passing_MET': [0.0, 0.0], '925_900_failing_MET': [0.0, 0.0], '925_900_min_MET_pt': [10000000.0, 10000000.0], '925_895': [0.0, 0.0], '925_895_passing_MET': [0.0, 0.0], '925_895_failing_MET': [0.0, 0.0], '925_895_min_MET_pt': [10000000.0, 10000000.0], '950_940': [1113.0, 0.0], '950_940_passing_MET': [1074.0, 0.0], '950_940_failing_MET': [39.0, 0.0], '950_940_min_MET_pt': [13.64363956451416, 10000000.0], '950_935': [0.0, 0.0], '950_935_passing_MET': [0.0, 0.0], '950_935_failing_MET': [0.0, 0.0], '950_935_min_MET_pt': [10000000.0, 10000000.0], '950_930': [2453.0, 0.0], '950_930_passing_MET': [2387.0, 0.0], '950_930_failing_MET': [66.0, 0.0], '950_930_min_MET_pt': [16.700944900512695, 10000000.0], '950_925': [0.0, 0.0], '950_925_passing_MET': [0.0, 0.0], '950_925_failing_MET': [0.0, 0.0], '950_925_min_MET_pt': [10000000.0, 10000000.0], '950_920': [0.0, 1149.0], '950_920_passing_MET': [0.0, 1121.0], '950_920_failing_MET': [0.0, 28.0], '950_920_min_MET_pt': [10000000.0, 17.294296264648438], '975_965': [0.0, 0.0], '975_965_passing_MET': [0.0, 0.0], '975_965_failing_MET': [0.0, 0.0], '975_965_min_MET_pt': [10000000.0, 10000000.0], '975_960': [0.0, 0.0], '975_960_passing_MET': [0.0, 0.0], '975_960_failing_MET': [0.0, 0.0], '975_960_min_MET_pt': [10000000.0, 10000000.0], '975_955': [0.0, 0.0], '975_955_passing_MET': [0.0, 0.0], '975_955_failing_MET': [0.0, 0.0], '975_955_min_MET_pt': [10000000.0, 10000000.0], '975_950': [0.0, 0.0], '975_950_passing_MET': [0.0, 0.0], '975_950_failing_MET': [0.0, 0.0], '975_950_min_MET_pt': [10000000.0, 10000000.0], '975_945': [0.0, 0.0], '975_945_passing_MET': [0.0, 0.0], '975_945_failing_MET': [0.0, 0.0], '975_945_min_MET_pt': [10000000.0, 10000000.0], '1000_990': [0.0, 1151.0], '1000_990_passing_MET': [0.0, 1117.0], '1000_990_failing_MET': [0.0, 34.0], '1000_990_min_MET_pt': [10000000.0, 52.21647644042969], '1000_985': [0.0, 0.0], '1000_985_passing_MET': [0.0, 0.0], '1000_985_failing_MET': [0.0, 0.0], '1000_985_min_MET_pt': [10000000.0, 10000000.0], '1000_980': [0.0, 0.0], '1000_980_passing_MET': [0.0, 0.0], '1000_980_failing_MET': [0.0, 0.0], '1000_980_min_MET_pt': [10000000.0, 10000000.0], '1000_975': [997.0, 0.0], '1000_975_passing_MET': [973.0, 0.0], '1000_975_failing_MET': [24.0, 0.0], '1000_975_min_MET_pt': [28.555662155151367, 10000000.0], '1000_970': [0.0, 1192.0], '1000_970_passing_MET': [0.0, 1168.0], '1000_970_failing_MET': [0.0, 24.0], '1000_970_min_MET_pt': [10000000.0, 75.36211395263672], '1025_1015': [0.0, 0.0], '1025_1015_passing_MET': [0.0, 0.0], '1025_1015_failing_MET': [0.0, 0.0], '1025_1015_min_MET_pt': [10000000.0, 10000000.0], '1025_1010': [0.0, 0.0], '1025_1010_passing_MET': [0.0, 0.0], '1025_1010_failing_MET': [0.0, 0.0], '1025_1010_min_MET_pt': [10000000.0, 10000000.0], '1025_1005': [0.0, 0.0], '1025_1005_passing_MET': [0.0, 0.0], '1025_1005_failing_MET': [0.0, 0.0], '1025_1005_min_MET_pt': [10000000.0, 10000000.0], '1025_1000': [0.0, 0.0], '1025_1000_passing_MET': [0.0, 0.0], '1025_1000_failing_MET': [0.0, 0.0], '1025_1000_min_MET_pt': [10000000.0, 10000000.0], '1025_995': [0.0, 0.0], '1025_995_passing_MET': [0.0, 0.0], '1025_995_failing_MET': [0.0, 0.0], '1025_995_min_MET_pt': [10000000.0, 10000000.0], '1050_1040': [0.0, 0.0], '1050_1040_passing_MET': [0.0, 0.0], '1050_1040_failing_MET': [0.0, 0.0], '1050_1040_min_MET_pt': [10000000.0, 10000000.0], '1050_1035': [0.0, 0.0], '1050_1035_passing_MET': [0.0, 0.0], '1050_1035_failing_MET': [0.0, 0.0], '1050_1035_min_MET_pt': [10000000.0, 10000000.0], '1050_1030': [0.0, 0.0], '1050_1030_passing_MET': [0.0, 0.0], '1050_1030_failing_MET': [0.0, 0.0], '1050_1030_min_MET_pt': [10000000.0, 10000000.0], '1050_1025': [0.0, 0.0], '1050_1025_passing_MET': [0.0, 0.0], '1050_1025_failing_MET': [0.0, 0.0], '1050_1025_min_MET_pt': [10000000.0, 10000000.0], '1050_1020': [0.0, 0.0], '1050_1020_passing_MET': [0.0, 0.0], '1050_1020_failing_MET': [0.0, 0.0], '1050_1020_min_MET_pt': [10000000.0, 10000000.0], '1075_1065': [0.0, 0.0], '1075_1065_passing_MET': [0.0, 0.0], '1075_1065_failing_MET': [0.0, 0.0], '1075_1065_min_MET_pt': [10000000.0, 10000000.0], '1075_1060': [0.0, 0.0], '1075_1060_passing_MET': [0.0, 0.0], '1075_1060_failing_MET': [0.0, 0.0], '1075_1060_min_MET_pt': [10000000.0, 10000000.0], '1075_1055': [0.0, 0.0], '1075_1055_passing_MET': [0.0, 0.0], '1075_1055_failing_MET': [0.0, 0.0], '1075_1055_min_MET_pt': [10000000.0, 10000000.0], '1075_1050': [0.0, 0.0], '1075_1050_passing_MET': [0.0, 0.0], '1075_1050_failing_MET': [0.0, 0.0], '1075_1050_min_MET_pt': [10000000.0, 10000000.0], '1075_1045': [0.0, 0.0], '1075_1045_passing_MET': [0.0, 0.0], '1075_1045_failing_MET': [0.0, 0.0], '1075_1045_min_MET_pt': [10000000.0, 10000000.0], '1100_1090': [0.0, 0.0], '1100_1090_passing_MET': [0.0, 0.0], '1100_1090_failing_MET': [0.0, 0.0], '1100_1090_min_MET_pt': [10000000.0, 10000000.0], '1100_1085': [0.0, 0.0], '1100_1085_passing_MET': [0.0, 0.0], '1100_1085_failing_MET': [0.0, 0.0], '1100_1085_min_MET_pt': [10000000.0, 10000000.0], '1100_1080': [1163.0, 0.0], '1100_1080_passing_MET': [1127.0, 0.0], '1100_1080_failing_MET': [36.0, 0.0], '1100_1080_min_MET_pt': [42.642520904541016, 10000000.0], '1100_1075': [0.0, 1038.0], '1100_1075_passing_MET': [0.0, 1011.0], '1100_1075_failing_MET': [0.0, 27.0], '1100_1075_min_MET_pt': [10000000.0, 49.26778793334961], '1100_1070': [976.0, 0.0], '1100_1070_passing_MET': [958.0, 0.0], '1100_1070_failing_MET': [18.0, 0.0], '1100_1070_min_MET_pt': [19.54762077331543, 10000000.0], 'nEventsTotal': 150875.0, 'strange masspoints': 0.0, 'orphans': 0.0, 'R-hadron event': 0.0, 'different stop antistop masses': 0.0, 'strange error': 0.0, 'strange event': 0.0, 'different neutralino masses': 11460.0, 'large differences': 0.0, '626_615': [0.0, 1868.0], '626_615_passing_MET': [0.0, 1809.0], '626_615_failing_MET': [0.0, 59.0], '626_615_min_MET_pt': [10000000.0, 30.340471267700195], '626_616': [0.0, 192.0], '626_616_passing_MET': [0.0, 186.0], '626_616_failing_MET': [0.0, 6.0], '626_616_min_MET_pt': [10000000.0, 74.50645446777344], '1100_1076': [0.0, 167.0], '1100_1076_passing_MET': [0.0, 163.0], '1100_1076_failing_MET': [0.0, 4.0], '1100_1076_min_MET_pt': [10000000.0, 52.72346878051758], '526_510': [914.0, 0.0], '526_510_passing_MET': [890.0, 0.0], '526_510_failing_MET': [24.0, 0.0], '526_510_min_MET_pt': [36.35184860229492, 10000000.0], '676_665': [999.0, 0.0], '676_665_passing_MET': [974.0, 0.0], '676_665_failing_MET': [25.0, 0.0], '676_665_min_MET_pt': [51.77474594116211, 10000000.0], '676_666': [108.0, 0.0], '676_666_passing_MET': [103.0, 0.0], '676_666_failing_MET': [5.0, 0.0], '676_666_min_MET_pt': [42.58694076538086, 10000000.0], '576_550': [0.0, 3084.0], '576_550_passing_MET': [0.0, 2981.0], '576_550_failing_MET': [0.0, 103.0], '576_550_min_MET_pt': [10000000.0, 4.37925386428833], '626_595': [0.0, 1854.0], '626_595_passing_MET': [0.0, 1771.0], '626_595_failing_MET': [0.0, 83.0], '626_595_min_MET_pt': [10000000.0, 32.90660858154297], '626_596': [0.0, 359.0], '626_596_passing_MET': [0.0, 342.0], '626_596_failing_MET': [0.0, 17.0], '626_596_min_MET_pt': [10000000.0, 59.36112594604492], '1052_1025': [0.0, 1012.0], '1052_1025_passing_MET': [0.0, 993.0], '1052_1025_failing_MET': [0.0, 19.0], '1052_1025_min_MET_pt': [10000000.0, 51.30973815917969], '1052_1024': [0.0, 171.0], '1052_1024_passing_MET': [0.0, 166.0], '1052_1024_failing_MET': [0.0, 5.0], '1052_1024_min_MET_pt': [10000000.0, 69.82429504394531], '850_826': [0.0, 308.0], '850_826_passing_MET': [0.0, 296.0], '850_826_failing_MET': [0.0, 12.0], '850_826_min_MET_pt': [10000000.0, 28.40191078186035], '1076_1060': [0.0, 1153.0], '1076_1060_passing_MET': [0.0, 1125.0], '1076_1060_failing_MET': [0.0, 28.0], '1076_1060_min_MET_pt': [10000000.0, 17.7890567779541], '1052_1040': [1139.0, 2217.0], '1052_1040_passing_MET': [1105.0, 2176.0], '1052_1040_failing_MET': [34.0, 41.0], '1052_1040_min_MET_pt': [38.01377487182617, 53.388492584228516], '976_965': [5072.0, 1042.0], '976_965_passing_MET': [4972.0, 1022.0], '976_965_failing_MET': [100.0, 20.0], '976_965_min_MET_pt': [19.784358978271484, 32.25562286376953], '976_966': [514.0, 101.0], '976_966_passing_MET': [496.0, 100.0], '976_966_failing_MET': [18.0, 1.0], '976_966_min_MET_pt': [44.93446731567383, 20.308008193969727], '776_765': [954.0, 1949.0], '776_765_passing_MET': [936.0, 1895.0], '776_765_failing_MET': [18.0, 54.0], '776_765_min_MET_pt': [58.85054397583008, 27.902172088623047], '776_766': [95.0, 210.0], '776_766_passing_MET': [91.0, 202.0], '776_766_failing_MET': [4.0, 8.0], '776_766_min_MET_pt': [55.951412200927734, 30.298954010009766], '750_726': [174.0, 0.0], '750_726_passing_MET': [170.0, 0.0], '750_726_failing_MET': [4.0, 0.0], '750_726_min_MET_pt': [21.058551788330078, 10000000.0], '1000_976': [180.0, 0.0], '1000_976_passing_MET': [179.0, 0.0], '1000_976_failing_MET': [1.0, 0.0], '1000_976_min_MET_pt': [80.78907012939453, 10000000.0], '976_950': [1242.0, 0.0], '976_950_passing_MET': [1200.0, 0.0], '976_950_failing_MET': [42.0, 0.0], '976_950_min_MET_pt': [28.14238929748535, 10000000.0], '1024_1010': [1148.0, 0.0], '1024_1010_passing_MET': [1115.0, 0.0], '1024_1010_failing_MET': [33.0, 0.0], '1024_1010_min_MET_pt': [47.365325927734375, 10000000.0], '726_700': [1138.0, 0.0], '726_700_passing_MET': [1102.0, 0.0], '726_700_failing_MET': [36.0, 0.0], '726_700_min_MET_pt': [45.055233001708984, 10000000.0], '926_915': [1011.0, 0.0], '926_915_passing_MET': [988.0, 0.0], '926_915_failing_MET': [23.0, 0.0], '926_915_min_MET_pt': [40.825740814208984, 10000000.0], '926_916': [100.0, 0.0], '926_916_passing_MET': [100.0, 0.0], '926_916_failing_MET': [0.0, 0.0], '926_916_min_MET_pt': [116.24259948730469, 10000000.0], '826_806': [0.0, 345.0], '826_806_passing_MET': [0.0, 335.0], '826_806_failing_MET': [0.0, 10.0], '826_806_min_MET_pt': [10000000.0, 41.107181549072266], '826_805': [0.0, 1862.0], '826_805_passing_MET': [0.0, 1812.0], '826_805_failing_MET': [0.0, 50.0], '826_805_min_MET_pt': [10000000.0, 8.27684497833252], '700_676': [0.0, 185.0], '700_676_passing_MET': [0.0, 179.0], '700_676_failing_MET': [0.0, 6.0], '700_676_min_MET_pt': [10000000.0, 12.65168285369873], '1076_1055': [0.0, 1015.0], '1076_1055_passing_MET': [0.0, 997.0], '1076_1055_failing_MET': [0.0, 18.0], '1076_1055_min_MET_pt': [10000000.0, 42.79978942871094], '1076_1056': [0.0, 153.0], '1076_1056_passing_MET': [0.0, 151.0], '1076_1056_failing_MET': [0.0, 2.0], '1076_1056_min_MET_pt': [10000000.0, 41.06560516357422], '550_536': [0.0, 124.0], '550_536_passing_MET': [0.0, 120.0], '550_536_failing_MET': [0.0, 4.0], '550_536_min_MET_pt': [10000000.0, 85.4601058959961], '976_960': [0.0, 1141.0], '976_960_passing_MET': [0.0, 1115.0], '976_960_failing_MET': [0.0, 26.0], '976_960_min_MET_pt': [10000000.0, 37.11293411254883], '1052_1030': [949.0, 0.0], '1052_1030_passing_MET': [931.0, 0.0], '1052_1030_failing_MET': [18.0, 0.0], '1052_1030_min_MET_pt': [40.4612922668457, 10000000.0], '1052_1032': [169.0, 0.0], '1052_1032_passing_MET': [165.0, 0.0], '1052_1032_failing_MET': [4.0, 0.0], '1052_1032_min_MET_pt': [16.039262771606445, 10000000.0], '726_706': [0.0, 154.0], '726_706_passing_MET': [0.0, 149.0], '726_706_failing_MET': [0.0, 5.0], '726_706_min_MET_pt': [10000000.0, 80.80765533447266], '726_705': [0.0, 935.0], '726_705_passing_MET': [0.0, 910.0], '726_705_failing_MET': [0.0, 25.0], '726_705_min_MET_pt': [10000000.0, 54.35990905761719], '726_716': [101.0, 0.0], '726_716_passing_MET': [101.0, 0.0], '726_716_failing_MET': [0.0, 0.0], '726_716_min_MET_pt': [138.16221618652344, 10000000.0], '726_715': [945.0, 0.0], '726_715_passing_MET': [926.0, 0.0], '726_715_failing_MET': [19.0, 0.0], '726_715_min_MET_pt': [28.061643600463867, 10000000.0], '600_576': [174.0, 0.0], '600_576_passing_MET': [166.0, 0.0], '600_576_failing_MET': [8.0, 0.0], '600_576_min_MET_pt': [53.326812744140625, 10000000.0], '676_650': [2182.0, 1120.0], '676_650_passing_MET': [2112.0, 1086.0], '676_650_failing_MET': [70.0, 34.0], '676_650_min_MET_pt': [13.589290618896484, 28.784334182739258], '1052_1035': [0.0, 1033.0], '1052_1035_passing_MET': [0.0, 1001.0], '1052_1035_failing_MET': [0.0, 32.0], '1052_1035_min_MET_pt': [10000000.0, 35.2662239074707], '1052_1036': [0.0, 151.0], '1052_1036_passing_MET': [0.0, 147.0], '1052_1036_failing_MET': [0.0, 4.0], '1052_1036_min_MET_pt': [10000000.0, 72.11186218261719], '700_686': [141.0, 0.0], '700_686_passing_MET': [140.0, 0.0], '700_686_failing_MET': [1.0, 0.0], '700_686_min_MET_pt': [96.72588348388672, 10000000.0], '526_516': [103.0, 87.0], '526_516_passing_MET': [99.0, 84.0], '526_516_failing_MET': [4.0, 3.0], '526_516_min_MET_pt': [71.56614685058594, 73.19862365722656], '526_515': [876.0, 888.0], '526_515_passing_MET': [846.0, 870.0], '526_515_failing_MET': [30.0, 18.0], '526_515_min_MET_pt': [52.48942565917969, 25.25882911682129], '1100_1072': [218.0, 0.0], '1100_1072_passing_MET': [213.0, 0.0], '1100_1072_failing_MET': [5.0, 0.0], '1100_1072_min_MET_pt': [46.78181076049805, 10000000.0], '926_900': [0.0, 1119.0], '926_900_passing_MET': [0.0, 1093.0], '926_900_failing_MET': [0.0, 26.0], '926_900_min_MET_pt': [10000000.0, 22.744630813598633], '876_850': [0.0, 1193.0], '876_850_passing_MET': [0.0, 1169.0], '876_850_failing_MET': [0.0, 24.0], '876_850_min_MET_pt': [10000000.0, 44.37574005126953], '576_565': [0.0, 2727.0], '576_565_passing_MET': [0.0, 2668.0], '576_565_failing_MET': [0.0, 59.0], '576_565_min_MET_pt': [10000000.0, 38.43661880493164], '576_566': [0.0, 307.0], '576_566_passing_MET': [0.0, 301.0], '576_566_failing_MET': [0.0, 6.0], '576_566_min_MET_pt': [10000000.0, 55.264644622802734], '800_786': [135.0, 0.0], '800_786_passing_MET': [133.0, 0.0], '800_786_failing_MET': [2.0, 0.0], '800_786_min_MET_pt': [63.694854736328125, 10000000.0], '1024_1000': [0.0, 1158.0], '1024_1000_passing_MET': [0.0, 1133.0], '1024_1000_failing_MET': [0.0, 25.0], '1024_1000_min_MET_pt': [10000000.0, 24.775278091430664], '826_815': [1013.0, 1007.0], '826_815_passing_MET': [993.0, 985.0], '826_815_failing_MET': [20.0, 22.0], '826_815_min_MET_pt': [40.04178237915039, 37.260501861572266], '826_816': [87.0, 89.0], '826_816_passing_MET': [81.0, 85.0], '826_816_failing_MET': [6.0, 4.0], '826_816_min_MET_pt': [39.87152862548828, 76.72069549560547], '900_876': [171.0, 0.0], '900_876_passing_MET': [165.0, 0.0], '900_876_failing_MET': [6.0, 0.0], '900_876_min_MET_pt': [48.61787033081055, 10000000.0], '626_606': [0.0, 277.0], '626_606_passing_MET': [0.0, 273.0], '626_606_failing_MET': [0.0, 4.0], '626_606_min_MET_pt': [10000000.0, 12.734562873840332], '626_605': [0.0, 1841.0], '626_605_passing_MET': [0.0, 1789.0], '626_605_failing_MET': [0.0, 52.0], '626_605_min_MET_pt': [10000000.0, 30.29926872253418], '876_845': [952.0, 0.0], '876_845_passing_MET': [921.0, 0.0], '876_845_failing_MET': [31.0, 0.0], '876_845_min_MET_pt': [17.000396728515625, 10000000.0], '876_846': [180.0, 0.0], '876_846_passing_MET': [175.0, 0.0], '876_846_failing_MET': [5.0, 0.0], '876_846_min_MET_pt': [28.11404800415039, 10000000.0], '1024_1016': [0.0, 98.0], '1024_1016_passing_MET': [0.0, 94.0], '1024_1016_failing_MET': [0.0, 4.0], '1024_1016_min_MET_pt': [10000000.0, 63.63795471191406], '1024_1015': [0.0, 988.0], '1024_1015_passing_MET': [0.0, 962.0], '1024_1015_failing_MET': [0.0, 26.0], '1024_1015_min_MET_pt': [10000000.0, 41.708213806152344], '776_746': [0.0, 190.0], '776_746_passing_MET': [0.0, 186.0], '776_746_failing_MET': [0.0, 4.0], '776_746_min_MET_pt': [10000000.0, 86.80797576904297], '776_745': [0.0, 912.0], '776_745_passing_MET': [0.0, 890.0], '776_745_failing_MET': [0.0, 22.0], '776_745_min_MET_pt': [10000000.0, 19.43475341796875], '650_626': [165.0, 0.0], '650_626_passing_MET': [159.0, 0.0], '650_626_failing_MET': [6.0, 0.0], '650_626_min_MET_pt': [35.15107727050781, 10000000.0], '1024_1005': [0.0, 1005.0], '1024_1005_passing_MET': [0.0, 987.0], '1024_1005_failing_MET': [0.0, 18.0], '1024_1005_min_MET_pt': [10000000.0, 70.33157348632812], '1024_1006': [0.0, 156.0], '1024_1006_passing_MET': [0.0, 147.0], '1024_1006_failing_MET': [0.0, 9.0], '1024_1006_min_MET_pt': [10000000.0, 57.99397277832031]}
nevents_from_dict =  3510280919.396282
Results saved to /afs/cern.ch/work/m/mleoncoe/private/stop_met_check/outputs_2018/nanoAOD_565.json
done
