000 (9018140.364.000) 01/06 10:56:34 Job submitted from host: <188.185.6.50:9618?addrs=188.185.6.50-9618+[2001-1458-d00-62--100-2b1]-9618&alias=bigbird25.cern.ch&noUDP&sock=schedd_1627_90ad>
...
040 (9018140.364.000) 01/06 11:00:22 Started transferring input files
	Transferring to host: <188.185.207.44:9618?addrs=188.185.207.44-9618+[2001-1458-303-d--100-29]-9618&alias=b9p07p9435.cern.ch&noUDP&sock=slot1_17_4907_2ce1_98917>
...
040 (9018140.364.000) 01/06 11:00:22 Finished transferring input files
...
001 (9018140.364.000) 01/06 11:00:23 Job executing on host: <188.185.207.44:9618?addrs=188.185.207.44-9618+[2001-1458-303-d--100-29]-9618&alias=b9p07p9435.cern.ch&noUDP&sock=startd_4091_aa09>
	SlotName: slot1_17@b9p07p9435.cern.ch
	CondorScratchDir = "/pool/condor/dir_1948364"
	Cpus = 1
	Disk = 3730
	GPUs = 0
	Memory = 3000
...
006 (9018140.364.000) 01/06 11:00:37 Image size of job updated: 93628
	92  -  MemoryUsage of job (MB)
	93628  -  ResidentSetSize of job (KB)
...
006 (9018140.364.000) 01/06 11:05:38 Image size of job updated: 203644
	199  -  MemoryUsage of job (MB)
	203644  -  ResidentSetSize of job (KB)
...
006 (9018140.364.000) 01/06 11:10:39 Image size of job updated: 211356
	207  -  MemoryUsage of job (MB)
	211356  -  ResidentSetSize of job (KB)
...
006 (9018140.364.000) 01/06 11:15:39 Image size of job updated: 211480
	207  -  MemoryUsage of job (MB)
	211480  -  ResidentSetSize of job (KB)
...
006 (9018140.364.000) 01/06 11:20:40 Image size of job updated: 211556
	207  -  MemoryUsage of job (MB)
	211556  -  ResidentSetSize of job (KB)
...
006 (9018140.364.000) 01/06 11:25:40 Image size of job updated: 211720
	207  -  MemoryUsage of job (MB)
	211720  -  ResidentSetSize of job (KB)
...
006 (9018140.364.000) 01/06 11:30:40 Image size of job updated: 211768
	207  -  MemoryUsage of job (MB)
	211768  -  ResidentSetSize of job (KB)
...
006 (9018140.364.000) 01/06 11:35:41 Image size of job updated: 211788
	207  -  MemoryUsage of job (MB)
	211788  -  ResidentSetSize of job (KB)
...
006 (9018140.364.000) 01/06 11:40:41 Image size of job updated: 211824
	207  -  MemoryUsage of job (MB)
	211824  -  ResidentSetSize of job (KB)
...
006 (9018140.364.000) 01/06 11:45:42 Image size of job updated: 211828
	207  -  MemoryUsage of job (MB)
	211828  -  ResidentSetSize of job (KB)
...
006 (9018140.364.000) 01/06 11:50:42 Image size of job updated: 211844
	207  -  MemoryUsage of job (MB)
	211844  -  ResidentSetSize of job (KB)
...
006 (9018140.364.000) 01/06 11:55:42 Image size of job updated: 211868
	207  -  MemoryUsage of job (MB)
	211868  -  ResidentSetSize of job (KB)
...
006 (9018140.364.000) 01/06 12:00:43 Image size of job updated: 211900
	207  -  MemoryUsage of job (MB)
	211900  -  ResidentSetSize of job (KB)
...
006 (9018140.364.000) 01/06 12:05:43 Image size of job updated: 211904
	207  -  MemoryUsage of job (MB)
	211904  -  ResidentSetSize of job (KB)
...
006 (9018140.364.000) 01/06 12:10:44 Image size of job updated: 211940
	207  -  MemoryUsage of job (MB)
	211940  -  ResidentSetSize of job (KB)
...
006 (9018140.364.000) 01/06 12:15:44 Image size of job updated: 211948
	207  -  MemoryUsage of job (MB)
	211948  -  ResidentSetSize of job (KB)
...
006 (9018140.364.000) 01/06 12:20:45 Image size of job updated: 211952
	207  -  MemoryUsage of job (MB)
	211952  -  ResidentSetSize of job (KB)
...
006 (9018140.364.000) 01/06 12:30:46 Image size of job updated: 211960
	207  -  MemoryUsage of job (MB)
	211960  -  ResidentSetSize of job (KB)
...
006 (9018140.364.000) 01/06 12:40:47 Image size of job updated: 211968
	207  -  MemoryUsage of job (MB)
	211968  -  ResidentSetSize of job (KB)
...
006 (9018140.364.000) 01/06 12:50:48 Image size of job updated: 211972
	208  -  MemoryUsage of job (MB)
	211972  -  ResidentSetSize of job (KB)
...
006 (9018140.364.000) 01/06 12:55:12 Image size of job updated: 211992
	208  -  MemoryUsage of job (MB)
	211972  -  ResidentSetSize of job (KB)
...
040 (9018140.364.000) 01/06 12:55:12 Started transferring output files
...
040 (9018140.364.000) 01/06 12:55:14 Finished transferring output files
...
005 (9018140.364.000) 01/06 12:55:14 Job terminated.
	(1) Normal termination (return value 0)
		Usr 0 01:51:50, Sys 0 00:00:09  -  Run Remote Usage
		Usr 0 00:00:00, Sys 0 00:00:00  -  Run Local Usage
		Usr 0 01:51:50, Sys 0 00:00:09  -  Total Remote Usage
		Usr 0 00:00:00, Sys 0 00:00:00  -  Total Local Usage
	45137  -  Run Bytes Sent By Job
	21436  -  Run Bytes Received By Job
	45137  -  Total Bytes Sent By Job
	21436  -  Total Bytes Received By Job
	Partitionable Resources :    Usage  Request Allocated 
	   Cpus                 :     0.99        1         1 
	   Disk (KB)            :    94          22      3730 
	   GPUs                 :                           0 
	   Memory (MB)          :   208        3000      3000 
	   TimeExecute (s)      :  6889                       
	   TimeSlotBusy (s)     :  6893                       

	Job terminated of its own accord at 2026-01-06T11:55:12Z with exit-code 0.
...
