i am in this directory
/pool/condor/dir_370725
Python 3.9.23
3.9.23
 will run this python stop_check_met_eff.py /eos/user/m/mleoncoe/stop_event_check/privateNanoAod2018/nanoAOD_165.root /afs/cern.ch/work/m/mleoncoe/private/stop_met_check/outputs_2018/nanoAOD_165.json
event num1000
event num2000
event num3000
event num4000
event num5000
event num6000
event num7000
event num8000
event num9000
event num10000
event num11000
event num12000
event num13000
event num14000
event num15000
event num16000
event num17000
event num18000
event num19000
event num20000
event num21000
event num22000
event num23000
event num24000
event num25000
event num26000
event num27000
event num28000
event num29000
event num30000
event num31000
event num32000
event num33000
event num34000
event num35000
event num36000
event num37000
event num38000
event num39000
event num40000
event num41000
event num42000
event num43000
event num44000
event num45000
event num46000
event num47000
event num48000
event num49000
event num50000
event num51000
event num52000
event num53000
event num54000
event num55000
event num56000
event num57000
event num58000
event num59000
event num60000
event num61000
event num62000
event num63000
event num64000
event num65000
event num66000
event num67000
event num68000
event num69000
event num70000
event num71000
event num72000
event num73000
event num74000
event num75000
event num76000
event num77000
event num78000
event num79000
event num80000
event num81000
event num82000
event num83000
event num84000
event num85000
event num86000
event num87000
event num88000
event num89000
event num90000
event num91000
event num92000
event num93000
event num94000
event num95000
event num96000
event num97000
event num98000
event num99000
event num100000
event num101000
event num102000
event num103000
event num104000
event num105000
event num106000
event num107000
event num108000
event num109000
event num110000
event num111000
event num112000
event num113000
event num114000
event num115000
event num116000
event num117000
event num118000
event num119000
event num120000
event num121000
{'250_240': [0.0, 647.0], '250_240_passing_MET': [0.0, 616.0], '250_240_failing_MET': [0.0, 31.0], '250_240_min_MET_pt': [10000000.0, 37.1180305480957], '250_235': [0.0, 0.0], '250_235_passing_MET': [0.0, 0.0], '250_235_failing_MET': [0.0, 0.0], '250_235_min_MET_pt': [10000000.0, 10000000.0], '250_230': [764.0, 0.0], '250_230_passing_MET': [732.0, 0.0], '250_230_failing_MET': [32.0, 0.0], '250_230_min_MET_pt': [25.6861515045166, 10000000.0], '250_225': [725.0, 0.0], '250_225_passing_MET': [680.0, 0.0], '250_225_failing_MET': [45.0, 0.0], '250_225_min_MET_pt': [39.90895462036133, 10000000.0], '250_220': [0.0, 0.0], '250_220_passing_MET': [0.0, 0.0], '250_220_failing_MET': [0.0, 0.0], '250_220_min_MET_pt': [10000000.0, 10000000.0], '275_265': [2145.0, 724.0], '275_265_passing_MET': [0.0, 0.0], '275_265_failing_MET': [0.0, 0.0], '275_265_min_MET_pt': [10000000.0, 10000000.0], '275_260': [0.0, 0.0], '275_260_passing_MET': [0.0, 0.0], '275_260_failing_MET': [0.0, 0.0], '275_260_min_MET_pt': [10000000.0, 10000000.0], '275_255': [0.0, 746.0], '275_255_passing_MET': [0.0, 705.0], '275_255_failing_MET': [0.0, 41.0], '275_255_min_MET_pt': [10000000.0, 36.86289978027344], '275_250': [0.0, 0.0], '275_250_passing_MET': [0.0, 0.0], '275_250_failing_MET': [0.0, 0.0], '275_250_min_MET_pt': [10000000.0, 10000000.0], '275_245': [0.0, 0.0], '275_245_passing_MET': [0.0, 0.0], '275_245_failing_MET': [0.0, 0.0], '275_245_min_MET_pt': [10000000.0, 10000000.0], '300_290': [0.0, 0.0], '300_290_passing_MET': [0.0, 0.0], '300_290_failing_MET': [0.0, 0.0], '300_290_min_MET_pt': [10000000.0, 10000000.0], '300_285': [780.0, 0.0], '300_285_passing_MET': [750.0, 0.0], '300_285_failing_MET': [30.0, 0.0], '300_285_min_MET_pt': [37.13113784790039, 10000000.0], '300_280': [0.0, 0.0], '300_280_passing_MET': [0.0, 0.0], '300_280_failing_MET': [0.0, 0.0], '300_280_min_MET_pt': [10000000.0, 10000000.0], '300_275': [0.0, 839.0], '300_275_passing_MET': [0.0, 800.0], '300_275_failing_MET': [0.0, 39.0], '300_275_min_MET_pt': [10000000.0, 29.436172485351562], '300_270': [0.0, 0.0], '300_270_passing_MET': [0.0, 0.0], '300_270_failing_MET': [0.0, 0.0], '300_270_min_MET_pt': [10000000.0, 10000000.0], '325_315': [2467.0, 0.0], '325_315_passing_MET': [2397.0, 0.0], '325_315_failing_MET': [70.0, 0.0], '325_315_min_MET_pt': [28.44718360900879, 10000000.0], '325_310': [0.0, 1649.0], '325_310_passing_MET': [0.0, 1586.0], '325_310_failing_MET': [0.0, 63.0], '325_310_min_MET_pt': [10000000.0, 4.476820945739746], '325_305': [0.0, 1633.0], '325_305_passing_MET': [0.0, 1572.0], '325_305_failing_MET': [0.0, 61.0], '325_305_min_MET_pt': [10000000.0, 17.07154083251953], '325_300': [0.0, 0.0], '325_300_passing_MET': [0.0, 0.0], '325_300_failing_MET': [0.0, 0.0], '325_300_min_MET_pt': [10000000.0, 10000000.0], '325_295': [883.0, 0.0], '325_295_passing_MET': [845.0, 0.0], '325_295_failing_MET': [38.0, 0.0], '325_295_min_MET_pt': [29.699054718017578, 10000000.0], '350_340': [0.0, 809.0], '350_340_passing_MET': [0.0, 779.0], '350_340_failing_MET': [0.0, 30.0], '350_340_min_MET_pt': [10000000.0, 43.70027160644531], '350_335': [0.0, 0.0], '350_335_passing_MET': [0.0, 0.0], '350_335_failing_MET': [0.0, 0.0], '350_335_min_MET_pt': [10000000.0, 10000000.0], '350_330': [0.0, 2571.0], '350_330_passing_MET': [0.0, 2488.0], '350_330_failing_MET': [0.0, 83.0], '350_330_min_MET_pt': [10000000.0, 28.354320526123047], '350_325': [0.0, 0.0], '350_325_passing_MET': [0.0, 0.0], '350_325_failing_MET': [0.0, 0.0], '350_325_min_MET_pt': [10000000.0, 10000000.0], '350_320': [870.0, 0.0], '350_320_passing_MET': [830.0, 0.0], '350_320_failing_MET': [40.0, 0.0], '350_320_min_MET_pt': [40.13209915161133, 10000000.0], '375_365': [828.0, 0.0], '375_365_passing_MET': [800.0, 0.0], '375_365_failing_MET': [28.0, 0.0], '375_365_min_MET_pt': [30.10448455810547, 10000000.0], '375_360': [0.0, 0.0], '375_360_passing_MET': [0.0, 0.0], '375_360_failing_MET': [0.0, 0.0], '375_360_min_MET_pt': [10000000.0, 10000000.0], '375_355': [0.0, 0.0], '375_355_passing_MET': [0.0, 0.0], '375_355_failing_MET': [0.0, 0.0], '375_355_min_MET_pt': [10000000.0, 10000000.0], '375_350': [0.0, 948.0], '375_350_passing_MET': [0.0, 909.0], '375_350_failing_MET': [0.0, 39.0], '375_350_min_MET_pt': [10000000.0, 25.936368942260742], '375_345': [916.0, 0.0], '375_345_passing_MET': [871.0, 0.0], '375_345_failing_MET': [45.0, 0.0], '375_345_min_MET_pt': [45.378021240234375, 10000000.0], '400_390': [0.0, 875.0], '400_390_passing_MET': [0.0, 847.0], '400_390_failing_MET': [0.0, 28.0], '400_390_min_MET_pt': [10000000.0, 22.825836181640625], '400_385': [0.0, 0.0], '400_385_passing_MET': [0.0, 0.0], '400_385_failing_MET': [0.0, 0.0], '400_385_min_MET_pt': [10000000.0, 10000000.0], '400_380': [0.0, 846.0], '400_380_passing_MET': [0.0, 817.0], '400_380_failing_MET': [0.0, 29.0], '400_380_min_MET_pt': [10000000.0, 37.090660095214844], '400_375': [0.0, 0.0], '400_375_passing_MET': [0.0, 0.0], '400_375_failing_MET': [0.0, 0.0], '400_375_min_MET_pt': [10000000.0, 10000000.0], '400_370': [0.0, 0.0], '400_370_passing_MET': [0.0, 0.0], '400_370_failing_MET': [0.0, 0.0], '400_370_min_MET_pt': [10000000.0, 10000000.0], '425_415': [0.0, 918.0], '425_415_passing_MET': [0.0, 895.0], '425_415_failing_MET': [0.0, 23.0], '425_415_min_MET_pt': [10000000.0, 59.80113983154297], '425_410': [0.0, 0.0], '425_410_passing_MET': [0.0, 0.0], '425_410_failing_MET': [0.0, 0.0], '425_410_min_MET_pt': [10000000.0, 10000000.0], '425_405': [0.0, 0.0], '425_405_passing_MET': [0.0, 0.0], '425_405_failing_MET': [0.0, 0.0], '425_405_min_MET_pt': [10000000.0, 10000000.0], '425_400': [911.0, 0.0], '425_400_passing_MET': [876.0, 0.0], '425_400_failing_MET': [35.0, 0.0], '425_400_min_MET_pt': [24.93304443359375, 10000000.0], '425_395': [0.0, 0.0], '425_395_passing_MET': [0.0, 0.0], '425_395_failing_MET': [0.0, 0.0], '425_395_min_MET_pt': [10000000.0, 10000000.0], '450_440': [0.0, 0.0], '450_440_passing_MET': [0.0, 0.0], '450_440_failing_MET': [0.0, 0.0], '450_440_min_MET_pt': [10000000.0, 10000000.0], '450_435': [0.0, 0.0], '450_435_passing_MET': [0.0, 0.0], '450_435_failing_MET': [0.0, 0.0], '450_435_min_MET_pt': [10000000.0, 10000000.0], '450_430': [0.0, 939.0], '450_430_passing_MET': [0.0, 901.0], '450_430_failing_MET': [0.0, 38.0], '450_430_min_MET_pt': [10000000.0, 7.370077133178711], '450_425': [0.0, 962.0], '450_425_passing_MET': [0.0, 927.0], '450_425_failing_MET': [0.0, 35.0], '450_425_min_MET_pt': [10000000.0, 17.00575065612793], '450_420': [0.0, 974.0], '450_420_passing_MET': [0.0, 949.0], '450_420_failing_MET': [0.0, 25.0], '450_420_min_MET_pt': [10000000.0, 44.437374114990234], '475_465': [0.0, 2784.0], '475_465_passing_MET': [0.0, 2700.0], '475_465_failing_MET': [0.0, 84.0], '475_465_min_MET_pt': [10000000.0, 13.81627082824707], '475_460': [0.0, 969.0], '475_460_passing_MET': [0.0, 934.0], '475_460_failing_MET': [0.0, 35.0], '475_460_min_MET_pt': [10000000.0, 29.028263092041016], '475_455': [0.0, 0.0], '475_455_passing_MET': [0.0, 0.0], '475_455_failing_MET': [0.0, 0.0], '475_455_min_MET_pt': [10000000.0, 10000000.0], '475_450': [0.0, 0.0], '475_450_passing_MET': [0.0, 0.0], '475_450_failing_MET': [0.0, 0.0], '475_450_min_MET_pt': [10000000.0, 10000000.0], '475_445': [978.0, 0.0], '475_445_passing_MET': [931.0, 0.0], '475_445_failing_MET': [47.0, 0.0], '475_445_min_MET_pt': [48.60899353027344, 10000000.0], '500_490': [987.0, 985.0], '500_490_passing_MET': [0.0, 0.0], '500_490_failing_MET': [0.0, 0.0], '500_490_min_MET_pt': [10000000.0, 10000000.0], '500_485': [0.0, 0.0], '500_485_passing_MET': [0.0, 0.0], '500_485_failing_MET': [0.0, 0.0], '500_485_min_MET_pt': [10000000.0, 10000000.0], '500_480': [0.0, 0.0], '500_480_passing_MET': [0.0, 0.0], '500_480_failing_MET': [0.0, 0.0], '500_480_min_MET_pt': [10000000.0, 10000000.0], '500_475': [0.0, 0.0], '500_475_passing_MET': [0.0, 0.0], '500_475_failing_MET': [0.0, 0.0], '500_475_min_MET_pt': [10000000.0, 10000000.0], '500_470': [0.0, 0.0], '500_470_passing_MET': [0.0, 0.0], '500_470_failing_MET': [0.0, 0.0], '500_470_min_MET_pt': [10000000.0, 10000000.0], '525_515': [0.0, 0.0], '525_515_passing_MET': [0.0, 0.0], '525_515_failing_MET': [0.0, 0.0], '525_515_min_MET_pt': [10000000.0, 10000000.0], '525_510': [0.0, 0.0], '525_510_passing_MET': [0.0, 0.0], '525_510_failing_MET': [0.0, 0.0], '525_510_min_MET_pt': [10000000.0, 10000000.0], '525_505': [0.0, 0.0], '525_505_passing_MET': [0.0, 0.0], '525_505_failing_MET': [0.0, 0.0], '525_505_min_MET_pt': [10000000.0, 10000000.0], '525_500': [0.0, 0.0], '525_500_passing_MET': [0.0, 0.0], '525_500_failing_MET': [0.0, 0.0], '525_500_min_MET_pt': [10000000.0, 10000000.0], '525_495': [0.0, 0.0], '525_495_passing_MET': [0.0, 0.0], '525_495_failing_MET': [0.0, 0.0], '525_495_min_MET_pt': [10000000.0, 10000000.0], '550_540': [0.0, 0.0], '550_540_passing_MET': [0.0, 0.0], '550_540_failing_MET': [0.0, 0.0], '550_540_min_MET_pt': [10000000.0, 10000000.0], '550_535': [1757.0, 0.0], '550_535_passing_MET': [1726.0, 0.0], '550_535_failing_MET': [31.0, 0.0], '550_535_min_MET_pt': [26.76519012451172, 10000000.0], '550_530': [0.0, 0.0], '550_530_passing_MET': [0.0, 0.0], '550_530_failing_MET': [0.0, 0.0], '550_530_min_MET_pt': [10000000.0, 10000000.0], '550_525': [0.0, 851.0], '550_525_passing_MET': [0.0, 829.0], '550_525_failing_MET': [0.0, 22.0], '550_525_min_MET_pt': [10000000.0, 64.97957611083984], '550_520': [0.0, 2020.0], '550_520_passing_MET': [0.0, 1960.0], '550_520_failing_MET': [0.0, 60.0], '550_520_min_MET_pt': [10000000.0, 12.375506401062012], '575_565': [0.0, 0.0], '575_565_passing_MET': [0.0, 0.0], '575_565_failing_MET': [0.0, 0.0], '575_565_min_MET_pt': [10000000.0, 10000000.0], '575_560': [0.0, 0.0], '575_560_passing_MET': [0.0, 0.0], '575_560_failing_MET': [0.0, 0.0], '575_560_min_MET_pt': [10000000.0, 10000000.0], '575_555': [0.0, 0.0], '575_555_passing_MET': [0.0, 0.0], '575_555_failing_MET': [0.0, 0.0], '575_555_min_MET_pt': [10000000.0, 10000000.0], '575_550': [0.0, 0.0], '575_550_passing_MET': [0.0, 0.0], '575_550_failing_MET': [0.0, 0.0], '575_550_min_MET_pt': [10000000.0, 10000000.0], '575_545': [0.0, 0.0], '575_545_passing_MET': [0.0, 0.0], '575_545_failing_MET': [0.0, 0.0], '575_545_min_MET_pt': [10000000.0, 10000000.0], '600_590': [0.0, 1008.0], '600_590_passing_MET': [0.0, 985.0], '600_590_failing_MET': [0.0, 23.0], '600_590_min_MET_pt': [10000000.0, 14.954874038696289], '600_585': [0.0, 0.0], '600_585_passing_MET': [0.0, 0.0], '600_585_failing_MET': [0.0, 0.0], '600_585_min_MET_pt': [10000000.0, 10000000.0], '600_580': [0.0, 0.0], '600_580_passing_MET': [0.0, 0.0], '600_580_failing_MET': [0.0, 0.0], '600_580_min_MET_pt': [10000000.0, 10000000.0], '600_575': [0.0, 0.0], '600_575_passing_MET': [0.0, 0.0], '600_575_failing_MET': [0.0, 0.0], '600_575_min_MET_pt': [10000000.0, 10000000.0], '600_570': [0.0, 0.0], '600_570_passing_MET': [0.0, 0.0], '600_570_failing_MET': [0.0, 0.0], '600_570_min_MET_pt': [10000000.0, 10000000.0], '625_615': [0.0, 0.0], '625_615_passing_MET': [0.0, 0.0], '625_615_failing_MET': [0.0, 0.0], '625_615_min_MET_pt': [10000000.0, 10000000.0], '625_610': [0.0, 0.0], '625_610_passing_MET': [0.0, 0.0], '625_610_failing_MET': [0.0, 0.0], '625_610_min_MET_pt': [10000000.0, 10000000.0], '625_605': [0.0, 0.0], '625_605_passing_MET': [0.0, 0.0], '625_605_failing_MET': [0.0, 0.0], '625_605_min_MET_pt': [10000000.0, 10000000.0], '625_600': [0.0, 0.0], '625_600_passing_MET': [0.0, 0.0], '625_600_failing_MET': [0.0, 0.0], '625_600_min_MET_pt': [10000000.0, 10000000.0], '625_595': [0.0, 0.0], '625_595_passing_MET': [0.0, 0.0], '625_595_failing_MET': [0.0, 0.0], '625_595_min_MET_pt': [10000000.0, 10000000.0], '650_640': [1017.0, 1041.0], '650_640_passing_MET': [0.0, 0.0], '650_640_failing_MET': [0.0, 0.0], '650_640_min_MET_pt': [10000000.0, 10000000.0], '650_635': [0.0, 0.0], '650_635_passing_MET': [0.0, 0.0], '650_635_failing_MET': [0.0, 0.0], '650_635_min_MET_pt': [10000000.0, 10000000.0], '650_630': [0.0, 1053.0], '650_630_passing_MET': [0.0, 1027.0], '650_630_failing_MET': [0.0, 26.0], '650_630_min_MET_pt': [10000000.0, 7.535081386566162], '650_625': [0.0, 901.0], '650_625_passing_MET': [0.0, 870.0], '650_625_failing_MET': [0.0, 31.0], '650_625_min_MET_pt': [10000000.0, 53.203590393066406], '650_620': [0.0, 1053.0], '650_620_passing_MET': [0.0, 1020.0], '650_620_failing_MET': [0.0, 33.0], '650_620_min_MET_pt': [10000000.0, 26.465221405029297], '675_665': [0.0, 0.0], '675_665_passing_MET': [0.0, 0.0], '675_665_failing_MET': [0.0, 0.0], '675_665_min_MET_pt': [10000000.0, 10000000.0], '675_660': [0.0, 0.0], '675_660_passing_MET': [0.0, 0.0], '675_660_failing_MET': [0.0, 0.0], '675_660_min_MET_pt': [10000000.0, 10000000.0], '675_655': [0.0, 0.0], '675_655_passing_MET': [0.0, 0.0], '675_655_failing_MET': [0.0, 0.0], '675_655_min_MET_pt': [10000000.0, 10000000.0], '675_650': [0.0, 0.0], '675_650_passing_MET': [0.0, 0.0], '675_650_failing_MET': [0.0, 0.0], '675_650_min_MET_pt': [10000000.0, 10000000.0], '675_645': [0.0, 0.0], '675_645_passing_MET': [0.0, 0.0], '675_645_failing_MET': [0.0, 0.0], '675_645_min_MET_pt': [10000000.0, 10000000.0], '700_690': [0.0, 4260.0], '700_690_passing_MET': [0.0, 4160.0], '700_690_failing_MET': [0.0, 100.0], '700_690_min_MET_pt': [10000000.0, 13.400056838989258], '700_685': [0.0, 942.0], '700_685_passing_MET': [0.0, 910.0], '700_685_failing_MET': [0.0, 32.0], '700_685_min_MET_pt': [10000000.0, 52.2670783996582], '700_680': [0.0, 0.0], '700_680_passing_MET': [0.0, 0.0], '700_680_failing_MET': [0.0, 0.0], '700_680_min_MET_pt': [10000000.0, 10000000.0], '700_675': [2838.0, 0.0], '700_675_passing_MET': [2753.0, 0.0], '700_675_failing_MET': [85.0, 0.0], '700_675_min_MET_pt': [18.53951072692871, 10000000.0], '700_670': [0.0, 1194.0], '700_670_passing_MET': [0.0, 1151.0], '700_670_failing_MET': [0.0, 43.0], '700_670_min_MET_pt': [10000000.0, 33.30270004272461], '725_715': [0.0, 0.0], '725_715_passing_MET': [0.0, 0.0], '725_715_failing_MET': [0.0, 0.0], '725_715_min_MET_pt': [10000000.0, 10000000.0], '725_710': [0.0, 0.0], '725_710_passing_MET': [0.0, 0.0], '725_710_failing_MET': [0.0, 0.0], '725_710_min_MET_pt': [10000000.0, 10000000.0], '725_705': [0.0, 0.0], '725_705_passing_MET': [0.0, 0.0], '725_705_failing_MET': [0.0, 0.0], '725_705_min_MET_pt': [10000000.0, 10000000.0], '725_700': [0.0, 0.0], '725_700_passing_MET': [0.0, 0.0], '725_700_failing_MET': [0.0, 0.0], '725_700_min_MET_pt': [10000000.0, 10000000.0], '725_695': [0.0, 0.0], '725_695_passing_MET': [0.0, 0.0], '725_695_failing_MET': [0.0, 0.0], '725_695_min_MET_pt': [10000000.0, 10000000.0], '750_740': [0.0, 0.0], '750_740_passing_MET': [0.0, 0.0], '750_740_failing_MET': [0.0, 0.0], '750_740_min_MET_pt': [10000000.0, 10000000.0], '750_735': [0.0, 987.0], '750_735_passing_MET': [0.0, 960.0], '750_735_failing_MET': [0.0, 27.0], '750_735_min_MET_pt': [10000000.0, 31.7891788482666], '750_730': [0.0, 0.0], '750_730_passing_MET': [0.0, 0.0], '750_730_failing_MET': [0.0, 0.0], '750_730_min_MET_pt': [10000000.0, 10000000.0], '750_725': [1896.0, 0.0], '750_725_passing_MET': [1851.0, 0.0], '750_725_failing_MET': [45.0, 0.0], '750_725_min_MET_pt': [34.34196090698242, 10000000.0], '750_720': [0.0, 0.0], '750_720_passing_MET': [0.0, 0.0], '750_720_failing_MET': [0.0, 0.0], '750_720_min_MET_pt': [10000000.0, 10000000.0], '775_765': [0.0, 0.0], '775_765_passing_MET': [0.0, 0.0], '775_765_failing_MET': [0.0, 0.0], '775_765_min_MET_pt': [10000000.0, 10000000.0], '775_760': [0.0, 0.0], '775_760_passing_MET': [0.0, 0.0], '775_760_failing_MET': [0.0, 0.0], '775_760_min_MET_pt': [10000000.0, 10000000.0], '775_755': [0.0, 0.0], '775_755_passing_MET': [0.0, 0.0], '775_755_failing_MET': [0.0, 0.0], '775_755_min_MET_pt': [10000000.0, 10000000.0], '775_750': [0.0, 0.0], '775_750_passing_MET': [0.0, 0.0], '775_750_failing_MET': [0.0, 0.0], '775_750_min_MET_pt': [10000000.0, 10000000.0], '775_745': [0.0, 0.0], '775_745_passing_MET': [0.0, 0.0], '775_745_failing_MET': [0.0, 0.0], '775_745_min_MET_pt': [10000000.0, 10000000.0], '800_790': [1057.0, 1029.0], '800_790_passing_MET': [0.0, 0.0], '800_790_failing_MET': [0.0, 0.0], '800_790_min_MET_pt': [10000000.0, 10000000.0], '800_785': [0.0, 0.0], '800_785_passing_MET': [0.0, 0.0], '800_785_failing_MET': [0.0, 0.0], '800_785_min_MET_pt': [10000000.0, 10000000.0], '800_780': [0.0, 0.0], '800_780_passing_MET': [0.0, 0.0], '800_780_failing_MET': [0.0, 0.0], '800_780_min_MET_pt': [10000000.0, 10000000.0], '800_775': [0.0, 0.0], '800_775_passing_MET': [0.0, 0.0], '800_775_failing_MET': [0.0, 0.0], '800_775_min_MET_pt': [10000000.0, 10000000.0], '800_770': [0.0, 0.0], '800_770_passing_MET': [0.0, 0.0], '800_770_failing_MET': [0.0, 0.0], '800_770_min_MET_pt': [10000000.0, 10000000.0], '825_815': [0.0, 0.0], '825_815_passing_MET': [0.0, 0.0], '825_815_failing_MET': [0.0, 0.0], '825_815_min_MET_pt': [10000000.0, 10000000.0], '825_810': [0.0, 0.0], '825_810_passing_MET': [0.0, 0.0], '825_810_failing_MET': [0.0, 0.0], '825_810_min_MET_pt': [10000000.0, 10000000.0], '825_805': [0.0, 0.0], '825_805_passing_MET': [0.0, 0.0], '825_805_failing_MET': [0.0, 0.0], '825_805_min_MET_pt': [10000000.0, 10000000.0], '825_800': [0.0, 0.0], '825_800_passing_MET': [0.0, 0.0], '825_800_failing_MET': [0.0, 0.0], '825_800_min_MET_pt': [10000000.0, 10000000.0], '825_795': [0.0, 0.0], '825_795_passing_MET': [0.0, 0.0], '825_795_failing_MET': [0.0, 0.0], '825_795_min_MET_pt': [10000000.0, 10000000.0], '850_840': [1095.0, 1059.0], '850_840_passing_MET': [0.0, 0.0], '850_840_failing_MET': [0.0, 0.0], '850_840_min_MET_pt': [10000000.0, 10000000.0], '850_835': [0.0, 0.0], '850_835_passing_MET': [0.0, 0.0], '850_835_failing_MET': [0.0, 0.0], '850_835_min_MET_pt': [10000000.0, 10000000.0], '850_830': [0.0, 0.0], '850_830_passing_MET': [0.0, 0.0], '850_830_failing_MET': [0.0, 0.0], '850_830_min_MET_pt': [10000000.0, 10000000.0], '850_825': [0.0, 0.0], '850_825_passing_MET': [0.0, 0.0], '850_825_failing_MET': [0.0, 0.0], '850_825_min_MET_pt': [10000000.0, 10000000.0], '850_820': [0.0, 0.0], '850_820_passing_MET': [0.0, 0.0], '850_820_failing_MET': [0.0, 0.0], '850_820_min_MET_pt': [10000000.0, 10000000.0], '875_865': [0.0, 0.0], '875_865_passing_MET': [0.0, 0.0], '875_865_failing_MET': [0.0, 0.0], '875_865_min_MET_pt': [10000000.0, 10000000.0], '875_860': [0.0, 0.0], '875_860_passing_MET': [0.0, 0.0], '875_860_failing_MET': [0.0, 0.0], '875_860_min_MET_pt': [10000000.0, 10000000.0], '875_855': [0.0, 0.0], '875_855_passing_MET': [0.0, 0.0], '875_855_failing_MET': [0.0, 0.0], '875_855_min_MET_pt': [10000000.0, 10000000.0], '875_850': [0.0, 0.0], '875_850_passing_MET': [0.0, 0.0], '875_850_failing_MET': [0.0, 0.0], '875_850_min_MET_pt': [10000000.0, 10000000.0], '875_845': [0.0, 0.0], '875_845_passing_MET': [0.0, 0.0], '875_845_failing_MET': [0.0, 0.0], '875_845_min_MET_pt': [10000000.0, 10000000.0], '900_890': [1088.0, 2228.0], '900_890_passing_MET': [0.0, 0.0], '900_890_failing_MET': [0.0, 0.0], '900_890_min_MET_pt': [10000000.0, 10000000.0], '900_885': [0.0, 0.0], '900_885_passing_MET': [0.0, 0.0], '900_885_failing_MET': [0.0, 0.0], '900_885_min_MET_pt': [10000000.0, 10000000.0], '900_880': [0.0, 0.0], '900_880_passing_MET': [0.0, 0.0], '900_880_failing_MET': [0.0, 0.0], '900_880_min_MET_pt': [10000000.0, 10000000.0], '900_875': [0.0, 0.0], '900_875_passing_MET': [0.0, 0.0], '900_875_failing_MET': [0.0, 0.0], '900_875_min_MET_pt': [10000000.0, 10000000.0], '900_870': [0.0, 0.0], '900_870_passing_MET': [0.0, 0.0], '900_870_failing_MET': [0.0, 0.0], '900_870_min_MET_pt': [10000000.0, 10000000.0], '925_915': [0.0, 0.0], '925_915_passing_MET': [0.0, 0.0], '925_915_failing_MET': [0.0, 0.0], '925_915_min_MET_pt': [10000000.0, 10000000.0], '925_910': [0.0, 0.0], '925_910_passing_MET': [0.0, 0.0], '925_910_failing_MET': [0.0, 0.0], '925_910_min_MET_pt': [10000000.0, 10000000.0], '925_905': [0.0, 0.0], '925_905_passing_MET': [0.0, 0.0], '925_905_failing_MET': [0.0, 0.0], '925_905_min_MET_pt': [10000000.0, 10000000.0], '925_900': [0.0, 0.0], '925_900_passing_MET': [0.0, 0.0], '925_900_failing_MET': [0.0, 0.0], '925_900_min_MET_pt': [10000000.0, 10000000.0], '925_895': [0.0, 0.0], '925_895_passing_MET': [0.0, 0.0], '925_895_failing_MET': [0.0, 0.0], '925_895_min_MET_pt': [10000000.0, 10000000.0], '950_940': [1115.0, 1127.0], '950_940_passing_MET': [0.0, 0.0], '950_940_failing_MET': [0.0, 0.0], '950_940_min_MET_pt': [10000000.0, 10000000.0], '950_935': [0.0, 0.0], '950_935_passing_MET': [0.0, 0.0], '950_935_failing_MET': [0.0, 0.0], '950_935_min_MET_pt': [10000000.0, 10000000.0], '950_930': [0.0, 0.0], '950_930_passing_MET': [0.0, 0.0], '950_930_failing_MET': [0.0, 0.0], '950_930_min_MET_pt': [10000000.0, 10000000.0], '950_925': [0.0, 986.0], '950_925_passing_MET': [0.0, 971.0], '950_925_failing_MET': [0.0, 15.0], '950_925_min_MET_pt': [10000000.0, 58.36143112182617], '950_920': [0.0, 0.0], '950_920_passing_MET': [0.0, 0.0], '950_920_failing_MET': [0.0, 0.0], '950_920_min_MET_pt': [10000000.0, 10000000.0], '975_965': [0.0, 0.0], '975_965_passing_MET': [0.0, 0.0], '975_965_failing_MET': [0.0, 0.0], '975_965_min_MET_pt': [10000000.0, 10000000.0], '975_960': [0.0, 0.0], '975_960_passing_MET': [0.0, 0.0], '975_960_failing_MET': [0.0, 0.0], '975_960_min_MET_pt': [10000000.0, 10000000.0], '975_955': [0.0, 0.0], '975_955_passing_MET': [0.0, 0.0], '975_955_failing_MET': [0.0, 0.0], '975_955_min_MET_pt': [10000000.0, 10000000.0], '975_950': [0.0, 0.0], '975_950_passing_MET': [0.0, 0.0], '975_950_failing_MET': [0.0, 0.0], '975_950_min_MET_pt': [10000000.0, 10000000.0], '975_945': [0.0, 0.0], '975_945_passing_MET': [0.0, 0.0], '975_945_failing_MET': [0.0, 0.0], '975_945_min_MET_pt': [10000000.0, 10000000.0], '1000_990': [0.0, 0.0], '1000_990_passing_MET': [0.0, 0.0], '1000_990_failing_MET': [0.0, 0.0], '1000_990_min_MET_pt': [10000000.0, 10000000.0], '1000_985': [984.0, 1007.0], '1000_985_passing_MET': [0.0, 0.0], '1000_985_failing_MET': [0.0, 0.0], '1000_985_min_MET_pt': [10000000.0, 10000000.0], '1000_980': [0.0, 1174.0], '1000_980_passing_MET': [0.0, 1149.0], '1000_980_failing_MET': [0.0, 25.0], '1000_980_min_MET_pt': [10000000.0, 10.739175796508789], '1000_975': [0.0, 0.0], '1000_975_passing_MET': [0.0, 0.0], '1000_975_failing_MET': [0.0, 0.0], '1000_975_min_MET_pt': [10000000.0, 10000000.0], '1000_970': [0.0, 0.0], '1000_970_passing_MET': [0.0, 0.0], '1000_970_failing_MET': [0.0, 0.0], '1000_970_min_MET_pt': [10000000.0, 10000000.0], '1025_1015': [0.0, 0.0], '1025_1015_passing_MET': [0.0, 0.0], '1025_1015_failing_MET': [0.0, 0.0], '1025_1015_min_MET_pt': [10000000.0, 10000000.0], '1025_1010': [0.0, 0.0], '1025_1010_passing_MET': [0.0, 0.0], '1025_1010_failing_MET': [0.0, 0.0], '1025_1010_min_MET_pt': [10000000.0, 10000000.0], '1025_1005': [0.0, 0.0], '1025_1005_passing_MET': [0.0, 0.0], '1025_1005_failing_MET': [0.0, 0.0], '1025_1005_min_MET_pt': [10000000.0, 10000000.0], '1025_1000': [0.0, 0.0], '1025_1000_passing_MET': [0.0, 0.0], '1025_1000_failing_MET': [0.0, 0.0], '1025_1000_min_MET_pt': [10000000.0, 10000000.0], '1025_995': [0.0, 0.0], '1025_995_passing_MET': [0.0, 0.0], '1025_995_failing_MET': [0.0, 0.0], '1025_995_min_MET_pt': [10000000.0, 10000000.0], '1050_1040': [0.0, 0.0], '1050_1040_passing_MET': [0.0, 0.0], '1050_1040_failing_MET': [0.0, 0.0], '1050_1040_min_MET_pt': [10000000.0, 10000000.0], '1050_1035': [0.0, 0.0], '1050_1035_passing_MET': [0.0, 0.0], '1050_1035_failing_MET': [0.0, 0.0], '1050_1035_min_MET_pt': [10000000.0, 10000000.0], '1050_1030': [0.0, 0.0], '1050_1030_passing_MET': [0.0, 0.0], '1050_1030_failing_MET': [0.0, 0.0], '1050_1030_min_MET_pt': [10000000.0, 10000000.0], '1050_1025': [0.0, 0.0], '1050_1025_passing_MET': [0.0, 0.0], '1050_1025_failing_MET': [0.0, 0.0], '1050_1025_min_MET_pt': [10000000.0, 10000000.0], '1050_1020': [0.0, 0.0], '1050_1020_passing_MET': [0.0, 0.0], '1050_1020_failing_MET': [0.0, 0.0], '1050_1020_min_MET_pt': [10000000.0, 10000000.0], '1075_1065': [0.0, 0.0], '1075_1065_passing_MET': [0.0, 0.0], '1075_1065_failing_MET': [0.0, 0.0], '1075_1065_min_MET_pt': [10000000.0, 10000000.0], '1075_1060': [0.0, 0.0], '1075_1060_passing_MET': [0.0, 0.0], '1075_1060_failing_MET': [0.0, 0.0], '1075_1060_min_MET_pt': [10000000.0, 10000000.0], '1075_1055': [0.0, 0.0], '1075_1055_passing_MET': [0.0, 0.0], '1075_1055_failing_MET': [0.0, 0.0], '1075_1055_min_MET_pt': [10000000.0, 10000000.0], '1075_1050': [0.0, 0.0], '1075_1050_passing_MET': [0.0, 0.0], '1075_1050_failing_MET': [0.0, 0.0], '1075_1050_min_MET_pt': [10000000.0, 10000000.0], '1075_1045': [0.0, 0.0], '1075_1045_passing_MET': [0.0, 0.0], '1075_1045_failing_MET': [0.0, 0.0], '1075_1045_min_MET_pt': [10000000.0, 10000000.0], '1100_1090': [1067.0, 1052.0], '1100_1090_passing_MET': [0.0, 0.0], '1100_1090_failing_MET': [0.0, 0.0], '1100_1090_min_MET_pt': [10000000.0, 10000000.0], '1100_1085': [0.0, 0.0], '1100_1085_passing_MET': [0.0, 0.0], '1100_1085_failing_MET': [0.0, 0.0], '1100_1085_min_MET_pt': [10000000.0, 10000000.0], '1100_1080': [0.0, 0.0], '1100_1080_passing_MET': [0.0, 0.0], '1100_1080_failing_MET': [0.0, 0.0], '1100_1080_min_MET_pt': [10000000.0, 10000000.0], '1100_1075': [0.0, 0.0], '1100_1075_passing_MET': [0.0, 0.0], '1100_1075_failing_MET': [0.0, 0.0], '1100_1075_min_MET_pt': [10000000.0, 10000000.0], '1100_1070': [977.0, 0.0], '1100_1070_passing_MET': [954.0, 0.0], '1100_1070_failing_MET': [23.0, 0.0], '1100_1070_min_MET_pt': [41.46830749511719, 10000000.0], 'nEventsTotal': 121951.0, 'strange masspoints': 0.0, 'orphans': 0.0, 'R-hadron event': 0.0, 'different stop antistop masses': 0.0, 'strange error': 0.0, 'strange event': 0.0, 'different neutralino masses': 11633.0, 'large differences': 0.0, '1052_1040': [3323.0, 1157.0], '1052_1040_passing_MET': [3243.0, 1133.0], '1052_1040_failing_MET': [80.0, 24.0], '1052_1040_min_MET_pt': [33.321876525878906, 33.50221633911133], '1052_1025': [0.0, 1029.0], '1052_1025_passing_MET': [0.0, 1004.0], '1052_1025_failing_MET': [0.0, 25.0], '1052_1025_min_MET_pt': [10000000.0, 31.642602920532227], '1052_1024': [0.0, 186.0], '1052_1024_passing_MET': [0.0, 182.0], '1052_1024_failing_MET': [0.0, 4.0], '1052_1024_min_MET_pt': [10000000.0, 51.20915985107422], '700_676': [476.0, 0.0], '700_676_passing_MET': [462.0, 0.0], '700_676_failing_MET': [14.0, 0.0], '700_676_min_MET_pt': [42.466060638427734, 10000000.0], '650_626': [0.0, 158.0], '650_626_passing_MET': [0.0, 155.0], '650_626_failing_MET': [0.0, 3.0], '650_626_min_MET_pt': [10000000.0, 82.88272857666016], '750_736': [0.0, 128.0], '750_736_passing_MET': [0.0, 127.0], '750_736_failing_MET': [0.0, 1.0], '750_736_min_MET_pt': [10000000.0, 97.0573501586914], '776_745': [964.0, 0.0], '776_745_passing_MET': [929.0, 0.0], '776_745_failing_MET': [35.0, 0.0], '776_745_min_MET_pt': [37.94778060913086, 10000000.0], '776_746': [157.0, 0.0], '776_746_passing_MET': [155.0, 0.0], '776_746_failing_MET': [2.0, 0.0], '776_746_min_MET_pt': [82.53377532958984, 10000000.0], '1100_1092': [88.0, 116.0], '1100_1092_passing_MET': [84.0, 112.0], '1100_1092_failing_MET': [4.0, 4.0], '1100_1092_min_MET_pt': [55.882164001464844, 94.42239379882812], '826_795': [980.0, 0.0], '826_795_passing_MET': [947.0, 0.0], '826_795_failing_MET': [33.0, 0.0], '826_795_min_MET_pt': [29.722490310668945, 10000000.0], '826_796': [191.0, 0.0], '826_796_passing_MET': [184.0, 0.0], '826_796_failing_MET': [7.0, 0.0], '826_796_min_MET_pt': [23.291854858398438, 10000000.0], '826_800': [0.0, 2245.0], '826_800_passing_MET': [0.0, 2183.0], '826_800_failing_MET': [0.0, 62.0], '826_800_min_MET_pt': [10000000.0, 25.841936111450195], '1100_1072': [211.0, 0.0], '1100_1072_passing_MET': [207.0, 0.0], '1100_1072_failing_MET': [4.0, 0.0], '1100_1072_min_MET_pt': [18.462709426879883, 10000000.0], '526_516': [0.0, 83.0], '526_516_passing_MET': [0.0, 83.0], '526_516_failing_MET': [0.0, 0.0], '526_516_min_MET_pt': [10000000.0, 106.7563705444336], '526_515': [0.0, 877.0], '526_515_passing_MET': [0.0, 860.0], '526_515_failing_MET': [0.0, 17.0], '526_515_min_MET_pt': [10000000.0, 25.88164710998535], '976_950': [2366.0, 0.0], '976_950_passing_MET': [2296.0, 0.0], '976_950_failing_MET': [70.0, 0.0], '976_950_min_MET_pt': [18.16033363342285, 10000000.0], '576_565': [878.0, 1835.0], '576_565_passing_MET': [859.0, 1790.0], '576_565_failing_MET': [19.0, 45.0], '576_565_min_MET_pt': [46.6846809387207, 20.205293655395508], '576_566': [86.0, 177.0], '576_566_passing_MET': [84.0, 170.0], '576_566_failing_MET': [2.0, 7.0], '576_566_min_MET_pt': [43.04324722290039, 46.29744338989258], '1076_1050': [0.0, 1036.0], '1076_1050_passing_MET': [0.0, 1015.0], '1076_1050_failing_MET': [0.0, 21.0], '1076_1050_min_MET_pt': [10000000.0, 34.17955017089844], '1076_1052': [0.0, 194.0], '1076_1052_passing_MET': [0.0, 188.0], '1076_1052_failing_MET': [0.0, 6.0], '1076_1052_min_MET_pt': [10000000.0, 67.97150421142578], '876_865': [0.0, 2017.0], '876_865_passing_MET': [0.0, 1980.0], '876_865_failing_MET': [0.0, 37.0], '876_865_min_MET_pt': [10000000.0, 18.404069900512695], '876_866': [0.0, 206.0], '876_866_passing_MET': [0.0, 202.0], '876_866_failing_MET': [0.0, 4.0], '876_866_min_MET_pt': [10000000.0, 66.50605010986328], '726_695': [0.0, 914.0], '726_695_passing_MET': [0.0, 896.0], '726_695_failing_MET': [0.0, 18.0], '726_695_min_MET_pt': [10000000.0, 8.595837593078613], '726_696': [0.0, 202.0], '726_696_passing_MET': [0.0, 195.0], '726_696_failing_MET': [0.0, 7.0], '726_696_min_MET_pt': [10000000.0, 54.87284851074219], '750_726': [366.0, 0.0], '750_726_passing_MET': [357.0, 0.0], '750_726_failing_MET': [9.0, 0.0], '750_726_min_MET_pt': [51.671119689941406, 10000000.0], '876_845': [951.0, 1987.0], '876_845_passing_MET': [925.0, 1926.0], '876_845_failing_MET': [26.0, 61.0], '876_845_min_MET_pt': [33.69253921508789, 45.473697662353516], '876_846': [178.0, 376.0], '876_846_passing_MET': [174.0, 367.0], '876_846_failing_MET': [4.0, 9.0], '876_846_min_MET_pt': [60.78169631958008, 60.80658721923828], '1024_1010': [0.0, 1194.0], '1024_1010_passing_MET': [0.0, 1176.0], '1024_1010_failing_MET': [0.0, 18.0], '1024_1010_min_MET_pt': [10000000.0, 23.39446258544922], '676_655': [1841.0, 0.0], '676_655_passing_MET': [1792.0, 0.0], '676_655_failing_MET': [49.0, 0.0], '676_655_min_MET_pt': [26.838768005371094, 10000000.0], '676_656': [321.0, 0.0], '676_656_passing_MET': [316.0, 0.0], '676_656_failing_MET': [5.0, 0.0], '676_656_min_MET_pt': [80.9726791381836, 10000000.0], '826_805': [1980.0, 0.0], '826_805_passing_MET': [1933.0, 0.0], '826_805_failing_MET': [47.0, 0.0], '826_805_min_MET_pt': [41.03752517700195, 10000000.0], '826_806': [279.0, 0.0], '826_806_passing_MET': [276.0, 0.0], '826_806_failing_MET': [3.0, 0.0], '826_806_min_MET_pt': [63.703189849853516, 10000000.0], '950_926': [0.0, 188.0], '950_926_passing_MET': [0.0, 181.0], '950_926_failing_MET': [0.0, 7.0], '950_926_min_MET_pt': [10000000.0, 52.94169998168945], '776_756': [0.0, 160.0], '776_756_passing_MET': [0.0, 155.0], '776_756_failing_MET': [0.0, 5.0], '776_756_min_MET_pt': [10000000.0, 79.70186614990234], '776_755': [0.0, 929.0], '776_755_passing_MET': [0.0, 914.0], '776_755_failing_MET': [0.0, 15.0], '776_755_min_MET_pt': [10000000.0, 10.047547340393066], '676_645': [0.0, 904.0], '676_645_passing_MET': [0.0, 883.0], '676_645_failing_MET': [0.0, 21.0], '676_645_min_MET_pt': [10000000.0, 19.295392990112305], '676_646': [0.0, 186.0], '676_646_passing_MET': [0.0, 181.0], '676_646_failing_MET': [0.0, 5.0], '676_646_min_MET_pt': [10000000.0, 82.53125], '826_815': [1959.0, 973.0], '826_815_passing_MET': [1917.0, 946.0], '826_815_failing_MET': [42.0, 27.0], '826_815_min_MET_pt': [30.371801376342773, 39.29944610595703], '826_816': [216.0, 96.0], '826_816_passing_MET': [213.0, 94.0], '826_816_failing_MET': [3.0, 2.0], '826_816_min_MET_pt': [57.5875358581543, 74.75005340576172], '676_665': [969.0, 0.0], '676_665_passing_MET': [945.0, 0.0], '676_665_failing_MET': [24.0, 0.0], '676_665_min_MET_pt': [27.985427856445312, 10000000.0], '676_666': [102.0, 0.0], '676_666_passing_MET': [98.0, 0.0], '676_666_failing_MET': [4.0, 0.0], '676_666_min_MET_pt': [43.920040130615234, 10000000.0], '700_686': [0.0, 129.0], '700_686_passing_MET': [0.0, 124.0], '700_686_failing_MET': [0.0, 5.0], '700_686_min_MET_pt': [10000000.0, 68.74539184570312], '550_526': [0.0, 160.0], '550_526_passing_MET': [0.0, 153.0], '550_526_failing_MET': [0.0, 7.0], '550_526_min_MET_pt': [10000000.0, 24.542409896850586], '1076_1056': [186.0, 0.0], '1076_1056_passing_MET': [180.0, 0.0], '1076_1056_failing_MET': [6.0, 0.0], '1076_1056_min_MET_pt': [55.975372314453125, 10000000.0], '1076_1055': [975.0, 0.0], '1076_1055_passing_MET': [955.0, 0.0], '1076_1055_failing_MET': [20.0, 0.0], '1076_1055_min_MET_pt': [50.63127517700195, 10000000.0], '726_705': [970.0, 0.0], '726_705_passing_MET': [945.0, 0.0], '726_705_failing_MET': [25.0, 0.0], '726_705_min_MET_pt': [63.9411735534668, 10000000.0], '726_706': [156.0, 0.0], '726_706_passing_MET': [151.0, 0.0], '726_706_failing_MET': [5.0, 0.0], '726_706_min_MET_pt': [61.182342529296875, 10000000.0], '976_960': [0.0, 1132.0], '976_960_passing_MET': [0.0, 1098.0], '976_960_failing_MET': [0.0, 34.0], '976_960_min_MET_pt': [10000000.0, 29.460241317749023], '626_615': [915.0, 0.0], '626_615_passing_MET': [896.0, 0.0], '626_615_failing_MET': [19.0, 0.0], '626_615_min_MET_pt': [16.76165771484375, 10000000.0], '626_616': [88.0, 0.0], '626_616_passing_MET': [83.0, 0.0], '626_616_failing_MET': [5.0, 0.0], '626_616_min_MET_pt': [47.74527359008789, 10000000.0], '1000_986': [130.0, 156.0], '1000_986_passing_MET': [127.0, 152.0], '1000_986_failing_MET': [3.0, 4.0], '1000_986_min_MET_pt': [72.05845642089844, 66.0252456665039], '550_536': [231.0, 0.0], '550_536_passing_MET': [221.0, 0.0], '550_536_failing_MET': [10.0, 0.0], '550_536_min_MET_pt': [64.0830078125, 10000000.0], '776_765': [989.0, 0.0], '776_765_passing_MET': [960.0, 0.0], '776_765_failing_MET': [29.0, 0.0], '776_765_min_MET_pt': [48.07832336425781, 10000000.0], '776_766': [116.0, 0.0], '776_766_passing_MET': [111.0, 0.0], '776_766_failing_MET': [5.0, 0.0], '776_766_min_MET_pt': [23.806730270385742, 10000000.0], '726_715': [947.0, 0.0], '726_715_passing_MET': [920.0, 0.0], '726_715_failing_MET': [27.0, 0.0], '726_715_min_MET_pt': [58.77840805053711, 10000000.0], '726_716': [101.0, 0.0], '726_716_passing_MET': [98.0, 0.0], '726_716_failing_MET': [3.0, 0.0], '726_716_min_MET_pt': [57.831031799316406, 10000000.0], '726_700': [1101.0, 0.0], '726_700_passing_MET': [1065.0, 0.0], '726_700_failing_MET': [36.0, 0.0], '726_700_min_MET_pt': [26.02429962158203, 10000000.0], '626_596': [149.0, 0.0], '626_596_passing_MET': [138.0, 0.0], '626_596_failing_MET': [11.0, 0.0], '626_596_min_MET_pt': [68.64103698730469, 10000000.0], '626_595': [950.0, 0.0], '626_595_passing_MET': [921.0, 0.0], '626_595_failing_MET': [29.0, 0.0], '626_595_min_MET_pt': [28.66594886779785, 10000000.0]}
nevents_from_dict =  3580227637.377292
Results saved to /afs/cern.ch/work/m/mleoncoe/private/stop_met_check/outputs_2018/nanoAOD_165.json
done
