000 (9018140.121.000) 01/06 10:56:22 Job submitted from host: <188.185.6.50:9618?addrs=188.185.6.50-9618+[2001-1458-d00-62--100-2b1]-9618&alias=bigbird25.cern.ch&noUDP&sock=schedd_1627_90ad>
...
040 (9018140.121.000) 01/06 10:59:06 Started transferring input files
	Transferring to host: <188.185.214.61:9618?addrs=188.185.214.61-9618+[2001-1458-303-1c--100-39]-9618&alias=b9p29p8263.cern.ch&noUDP&sock=slot1_33_4294_42e8_115100>
...
040 (9018140.121.000) 01/06 10:59:06 Finished transferring input files
...
001 (9018140.121.000) 01/06 10:59:07 Job executing on host: <188.185.214.61:9618?addrs=188.185.214.61-9618+[2001-1458-303-1c--100-39]-9618&alias=b9p29p8263.cern.ch&noUDP&sock=startd_3580_2923>
	SlotName: slot1_33@b9p29p8263.cern.ch
	CondorScratchDir = "/pool/condor/dir_3176122"
	Cpus = 1
	Disk = 3864
	GPUs = 0
	Memory = 3000
...
006 (9018140.121.000) 01/06 10:59:20 Image size of job updated: 94200
	92  -  MemoryUsage of job (MB)
	94200  -  ResidentSetSize of job (KB)
...
006 (9018140.121.000) 01/06 11:04:20 Image size of job updated: 208924
	205  -  MemoryUsage of job (MB)
	208924  -  ResidentSetSize of job (KB)
...
006 (9018140.121.000) 01/06 11:09:21 Image size of job updated: 209096
	205  -  MemoryUsage of job (MB)
	209096  -  ResidentSetSize of job (KB)
...
006 (9018140.121.000) 01/06 11:14:21 Image size of job updated: 209204
	205  -  MemoryUsage of job (MB)
	209204  -  ResidentSetSize of job (KB)
...
006 (9018140.121.000) 01/06 11:19:21 Image size of job updated: 209232
	205  -  MemoryUsage of job (MB)
	209232  -  ResidentSetSize of job (KB)
...
006 (9018140.121.000) 01/06 11:24:21 Image size of job updated: 209292
	205  -  MemoryUsage of job (MB)
	209292  -  ResidentSetSize of job (KB)
...
006 (9018140.121.000) 01/06 11:29:21 Image size of job updated: 209300
	205  -  MemoryUsage of job (MB)
	209300  -  ResidentSetSize of job (KB)
...
006 (9018140.121.000) 01/06 11:34:22 Image size of job updated: 209312
	205  -  MemoryUsage of job (MB)
	209312  -  ResidentSetSize of job (KB)
...
006 (9018140.121.000) 01/06 11:36:43 Image size of job updated: 209352
	205  -  MemoryUsage of job (MB)
	209312  -  ResidentSetSize of job (KB)
...
040 (9018140.121.000) 01/06 11:36:43 Started transferring output files
...
040 (9018140.121.000) 01/06 11:36:47 Finished transferring output files
...
005 (9018140.121.000) 01/06 11:36:47 Job terminated.
	(1) Normal termination (return value 0)
		Usr 0 00:35:57, Sys 0 00:00:03  -  Run Remote Usage
		Usr 0 00:00:00, Sys 0 00:00:00  -  Run Local Usage
		Usr 0 00:35:57, Sys 0 00:00:03  -  Total Remote Usage
		Usr 0 00:00:00, Sys 0 00:00:00  -  Total Local Usage
	35931  -  Run Bytes Sent By Job
	21436  -  Run Bytes Received By Job
	35931  -  Total Bytes Sent By Job
	21436  -  Total Bytes Received By Job
	Partitionable Resources :    Usage  Request Allocated 
	   Cpus                 :     0.99        1         1 
	   Disk (KB)            :    83          22      3864 
	   GPUs                 :                           0 
	   Memory (MB)          :   205        3000      3000 
	   TimeExecute (s)      :  2256                       
	   TimeSlotBusy (s)     :  2262                       

	Job terminated of its own accord at 2026-01-06T10:36:43Z with exit-code 0.
...
