i am in this directory
/pool/condor/dir_964983
Python 3.9.23
3.9.23
 will run this python stop_check_met_eff.py /eos/user/m/mleoncoe/stop_event_check/privateNanoAod2018/nanoAOD_288.root /afs/cern.ch/work/m/mleoncoe/private/stop_met_check/outputs_2018/nanoAOD_288.json
event num1000
event num2000
event num3000
event num4000
event num5000
event num6000
event num7000
event num8000
event num9000
event num10000
event num11000
event num12000
event num13000
event num14000
event num15000
event num16000
event num17000
event num18000
event num19000
event num20000
event num21000
event num22000
event num23000
event num24000
event num25000
event num26000
event num27000
event num28000
event num29000
event num30000
event num31000
event num32000
event num33000
event num34000
event num35000
event num36000
event num37000
event num38000
event num39000
event num40000
event num41000
event num42000
event num43000
event num44000
event num45000
event num46000
event num47000
event num48000
event num49000
event num50000
event num51000
event num52000
event num53000
event num54000
event num55000
event num56000
event num57000
event num58000
event num59000
event num60000
event num61000
event num62000
event num63000
event num64000
event num65000
event num66000
event num67000
event num68000
event num69000
event num70000
event num71000
event num72000
event num73000
event num74000
event num75000
event num76000
event num77000
event num78000
event num79000
event num80000
event num81000
event num82000
event num83000
event num84000
event num85000
event num86000
event num87000
event num88000
event num89000
event num90000
event num91000
event num92000
event num93000
event num94000
event num95000
event num96000
event num97000
event num98000
event num99000
event num100000
event num101000
event num102000
event num103000
event num104000
event num105000
event num106000
event num107000
event num108000
event num109000
event num110000
event num111000
event num112000
event num113000
event num114000
event num115000
event num116000
event num117000
event num118000
event num119000
event num120000
event num121000
event num122000
event num123000
event num124000
event num125000
event num126000
event num127000
event num128000
event num129000
event num130000
event num131000
event num132000
event num133000
event num134000
event num135000
event num136000
event num137000
event num138000
event num139000
event num140000
event num141000
event num142000
event num143000
event num144000
event num145000
event num146000
event num147000
event num148000
event num149000
event num150000
event num151000
event num152000
event num153000
event num154000
event num155000
event num156000
event num157000
event num158000
event num159000
event num160000
event num161000
event num162000
event num163000
event num164000
event num165000
event num166000
event num167000
event num168000
event num169000
event num170000
event num171000
event num172000
event num173000
event num174000
event num175000
event num176000
event num177000
event num178000
event num179000
event num180000
event num181000
event num182000
event num183000
event num184000
event num185000
event num186000
event num187000
event num188000
event num189000
event num190000
event num191000
event num192000
event num193000
event num194000
event num195000
{'250_240': [664.0, 678.0], '250_240_passing_MET': [0.0, 0.0], '250_240_failing_MET': [0.0, 0.0], '250_240_min_MET_pt': [10000000.0, 10000000.0], '250_235': [0.0, 0.0], '250_235_passing_MET': [0.0, 0.0], '250_235_failing_MET': [0.0, 0.0], '250_235_min_MET_pt': [10000000.0, 10000000.0], '250_230': [725.0, 0.0], '250_230_passing_MET': [687.0, 0.0], '250_230_failing_MET': [38.0, 0.0], '250_230_min_MET_pt': [14.93143081665039, 10000000.0], '250_225': [0.0, 0.0], '250_225_passing_MET': [0.0, 0.0], '250_225_failing_MET': [0.0, 0.0], '250_225_min_MET_pt': [10000000.0, 10000000.0], '250_220': [799.0, 739.0], '250_220_passing_MET': [0.0, 0.0], '250_220_failing_MET': [0.0, 0.0], '250_220_min_MET_pt': [10000000.0, 10000000.0], '275_265': [1456.0, 0.0], '275_265_passing_MET': [1402.0, 0.0], '275_265_failing_MET': [54.0, 0.0], '275_265_min_MET_pt': [25.507930755615234, 10000000.0], '275_260': [735.0, 0.0], '275_260_passing_MET': [709.0, 0.0], '275_260_failing_MET': [26.0, 0.0], '275_260_min_MET_pt': [43.99452590942383, 10000000.0], '275_255': [0.0, 0.0], '275_255_passing_MET': [0.0, 0.0], '275_255_failing_MET': [0.0, 0.0], '275_255_min_MET_pt': [10000000.0, 10000000.0], '275_250': [0.0, 0.0], '275_250_passing_MET': [0.0, 0.0], '275_250_failing_MET': [0.0, 0.0], '275_250_min_MET_pt': [10000000.0, 10000000.0], '275_245': [1619.0, 774.0], '275_245_passing_MET': [0.0, 0.0], '275_245_failing_MET': [0.0, 0.0], '275_245_min_MET_pt': [10000000.0, 10000000.0], '300_290': [776.0, 2310.0], '300_290_passing_MET': [0.0, 0.0], '300_290_failing_MET': [0.0, 0.0], '300_290_min_MET_pt': [10000000.0, 10000000.0], '300_285': [1587.0, 0.0], '300_285_passing_MET': [1522.0, 0.0], '300_285_failing_MET': [65.0, 0.0], '300_285_min_MET_pt': [14.978044509887695, 10000000.0], '300_280': [862.0, 0.0], '300_280_passing_MET': [831.0, 0.0], '300_280_failing_MET': [31.0, 0.0], '300_280_min_MET_pt': [50.11005401611328, 10000000.0], '300_275': [0.0, 807.0], '300_275_passing_MET': [0.0, 767.0], '300_275_failing_MET': [0.0, 40.0], '300_275_min_MET_pt': [10000000.0, 37.91950607299805], '300_270': [0.0, 0.0], '300_270_passing_MET': [0.0, 0.0], '300_270_failing_MET': [0.0, 0.0], '300_270_min_MET_pt': [10000000.0, 10000000.0], '325_315': [0.0, 0.0], '325_315_passing_MET': [0.0, 0.0], '325_315_failing_MET': [0.0, 0.0], '325_315_min_MET_pt': [10000000.0, 10000000.0], '325_310': [818.0, 0.0], '325_310_passing_MET': [771.0, 0.0], '325_310_failing_MET': [47.0, 0.0], '325_310_min_MET_pt': [35.021976470947266, 10000000.0], '325_305': [0.0, 0.0], '325_305_passing_MET': [0.0, 0.0], '325_305_failing_MET': [0.0, 0.0], '325_305_min_MET_pt': [10000000.0, 10000000.0], '325_300': [842.0, 845.0], '325_300_passing_MET': [0.0, 0.0], '325_300_failing_MET': [0.0, 0.0], '325_300_min_MET_pt': [10000000.0, 10000000.0], '325_295': [0.0, 0.0], '325_295_passing_MET': [0.0, 0.0], '325_295_failing_MET': [0.0, 0.0], '325_295_min_MET_pt': [10000000.0, 10000000.0], '350_340': [0.0, 3377.0], '350_340_passing_MET': [0.0, 3261.0], '350_340_failing_MET': [0.0, 116.0], '350_340_min_MET_pt': [10000000.0, 27.897846221923828], '350_335': [870.0, 0.0], '350_335_passing_MET': [837.0, 0.0], '350_335_failing_MET': [33.0, 0.0], '350_335_min_MET_pt': [33.57658004760742, 10000000.0], '350_330': [0.0, 845.0], '350_330_passing_MET': [0.0, 813.0], '350_330_failing_MET': [0.0, 32.0], '350_330_min_MET_pt': [10000000.0, 29.218730926513672], '350_325': [943.0, 0.0], '350_325_passing_MET': [910.0, 0.0], '350_325_failing_MET': [33.0, 0.0], '350_325_min_MET_pt': [27.150461196899414, 10000000.0], '350_320': [2657.0, 0.0], '350_320_passing_MET': [2545.0, 0.0], '350_320_failing_MET': [112.0, 0.0], '350_320_min_MET_pt': [12.933930397033691, 10000000.0], '375_365': [0.0, 1746.0], '375_365_passing_MET': [0.0, 1682.0], '375_365_failing_MET': [0.0, 64.0], '375_365_min_MET_pt': [10000000.0, 10.252839088439941], '375_360': [0.0, 0.0], '375_360_passing_MET': [0.0, 0.0], '375_360_failing_MET': [0.0, 0.0], '375_360_min_MET_pt': [10000000.0, 10000000.0], '375_355': [887.0, 0.0], '375_355_passing_MET': [848.0, 0.0], '375_355_failing_MET': [39.0, 0.0], '375_355_min_MET_pt': [24.043642044067383, 10000000.0], '375_350': [0.0, 0.0], '375_350_passing_MET': [0.0, 0.0], '375_350_failing_MET': [0.0, 0.0], '375_350_min_MET_pt': [10000000.0, 10000000.0], '375_345': [0.0, 0.0], '375_345_passing_MET': [0.0, 0.0], '375_345_failing_MET': [0.0, 0.0], '375_345_min_MET_pt': [10000000.0, 10000000.0], '400_390': [901.0, 0.0], '400_390_passing_MET': [880.0, 0.0], '400_390_failing_MET': [21.0, 0.0], '400_390_min_MET_pt': [59.44601058959961, 10000000.0], '400_385': [0.0, 923.0], '400_385_passing_MET': [0.0, 889.0], '400_385_failing_MET': [0.0, 34.0], '400_385_min_MET_pt': [10000000.0, 48.70586395263672], '400_380': [851.0, 0.0], '400_380_passing_MET': [817.0, 0.0], '400_380_failing_MET': [34.0, 0.0], '400_380_min_MET_pt': [2.5529441833496094, 10000000.0], '400_375': [0.0, 0.0], '400_375_passing_MET': [0.0, 0.0], '400_375_failing_MET': [0.0, 0.0], '400_375_min_MET_pt': [10000000.0, 10000000.0], '400_370': [1826.0, 1908.0], '400_370_passing_MET': [0.0, 0.0], '400_370_failing_MET': [0.0, 0.0], '400_370_min_MET_pt': [10000000.0, 10000000.0], '425_415': [0.0, 0.0], '425_415_passing_MET': [0.0, 0.0], '425_415_failing_MET': [0.0, 0.0], '425_415_min_MET_pt': [10000000.0, 10000000.0], '425_410': [0.0, 0.0], '425_410_passing_MET': [0.0, 0.0], '425_410_failing_MET': [0.0, 0.0], '425_410_min_MET_pt': [10000000.0, 10000000.0], '425_405': [939.0, 0.0], '425_405_passing_MET': [910.0, 0.0], '425_405_failing_MET': [29.0, 0.0], '425_405_min_MET_pt': [7.417316436767578, 10000000.0], '425_400': [936.0, 0.0], '425_400_passing_MET': [893.0, 0.0], '425_400_failing_MET': [43.0, 0.0], '425_400_min_MET_pt': [41.10193634033203, 10000000.0], '425_395': [0.0, 981.0], '425_395_passing_MET': [0.0, 936.0], '425_395_failing_MET': [0.0, 45.0], '425_395_min_MET_pt': [10000000.0, 29.178627014160156], '450_440': [0.0, 0.0], '450_440_passing_MET': [0.0, 0.0], '450_440_failing_MET': [0.0, 0.0], '450_440_min_MET_pt': [10000000.0, 10000000.0], '450_435': [0.0, 0.0], '450_435_passing_MET': [0.0, 0.0], '450_435_failing_MET': [0.0, 0.0], '450_435_min_MET_pt': [10000000.0, 10000000.0], '450_430': [0.0, 0.0], '450_430_passing_MET': [0.0, 0.0], '450_430_failing_MET': [0.0, 0.0], '450_430_min_MET_pt': [10000000.0, 10000000.0], '450_425': [0.0, 0.0], '450_425_passing_MET': [0.0, 0.0], '450_425_failing_MET': [0.0, 0.0], '450_425_min_MET_pt': [10000000.0, 10000000.0], '450_420': [1005.0, 1012.0], '450_420_passing_MET': [0.0, 0.0], '450_420_failing_MET': [0.0, 0.0], '450_420_min_MET_pt': [10000000.0, 10000000.0], '475_465': [1859.0, 1826.0], '475_465_passing_MET': [0.0, 0.0], '475_465_failing_MET': [0.0, 0.0], '475_465_min_MET_pt': [10000000.0, 10000000.0], '475_460': [964.0, 0.0], '475_460_passing_MET': [929.0, 0.0], '475_460_failing_MET': [35.0, 0.0], '475_460_min_MET_pt': [28.529335021972656, 10000000.0], '475_455': [0.0, 0.0], '475_455_passing_MET': [0.0, 0.0], '475_455_failing_MET': [0.0, 0.0], '475_455_min_MET_pt': [10000000.0, 10000000.0], '475_450': [961.0, 1001.0], '475_450_passing_MET': [0.0, 0.0], '475_450_failing_MET': [0.0, 0.0], '475_450_min_MET_pt': [10000000.0, 10000000.0], '475_445': [0.0, 0.0], '475_445_passing_MET': [0.0, 0.0], '475_445_failing_MET': [0.0, 0.0], '475_445_min_MET_pt': [10000000.0, 10000000.0], '500_490': [3837.0, 920.0], '500_490_passing_MET': [0.0, 0.0], '500_490_failing_MET': [0.0, 0.0], '500_490_min_MET_pt': [10000000.0, 10000000.0], '500_485': [0.0, 1011.0], '500_485_passing_MET': [0.0, 984.0], '500_485_failing_MET': [0.0, 27.0], '500_485_min_MET_pt': [10000000.0, 46.01961898803711], '500_480': [0.0, 998.0], '500_480_passing_MET': [0.0, 957.0], '500_480_failing_MET': [0.0, 41.0], '500_480_min_MET_pt': [10000000.0, 40.78481674194336], '500_475': [0.0, 1015.0], '500_475_passing_MET': [0.0, 974.0], '500_475_failing_MET': [0.0, 41.0], '500_475_min_MET_pt': [10000000.0, 44.80683517456055], '500_470': [0.0, 0.0], '500_470_passing_MET': [0.0, 0.0], '500_470_failing_MET': [0.0, 0.0], '500_470_min_MET_pt': [10000000.0, 10000000.0], '525_515': [0.0, 0.0], '525_515_passing_MET': [0.0, 0.0], '525_515_failing_MET': [0.0, 0.0], '525_515_min_MET_pt': [10000000.0, 10000000.0], '525_510': [0.0, 0.0], '525_510_passing_MET': [0.0, 0.0], '525_510_failing_MET': [0.0, 0.0], '525_510_min_MET_pt': [10000000.0, 10000000.0], '525_505': [0.0, 0.0], '525_505_passing_MET': [0.0, 0.0], '525_505_failing_MET': [0.0, 0.0], '525_505_min_MET_pt': [10000000.0, 10000000.0], '525_500': [0.0, 0.0], '525_500_passing_MET': [0.0, 0.0], '525_500_failing_MET': [0.0, 0.0], '525_500_min_MET_pt': [10000000.0, 10000000.0], '525_495': [0.0, 0.0], '525_495_passing_MET': [0.0, 0.0], '525_495_failing_MET': [0.0, 0.0], '525_495_min_MET_pt': [10000000.0, 10000000.0], '550_540': [1959.0, 0.0], '550_540_passing_MET': [1898.0, 0.0], '550_540_failing_MET': [61.0, 0.0], '550_540_min_MET_pt': [10.038871765136719, 10000000.0], '550_535': [868.0, 0.0], '550_535_passing_MET': [838.0, 0.0], '550_535_failing_MET': [30.0, 0.0], '550_535_min_MET_pt': [39.57102584838867, 10000000.0], '550_530': [0.0, 1009.0], '550_530_passing_MET': [0.0, 975.0], '550_530_failing_MET': [0.0, 34.0], '550_530_min_MET_pt': [10000000.0, 34.42319107055664], '550_525': [0.0, 0.0], '550_525_passing_MET': [0.0, 0.0], '550_525_failing_MET': [0.0, 0.0], '550_525_min_MET_pt': [10000000.0, 10000000.0], '550_520': [2091.0, 0.0], '550_520_passing_MET': [2003.0, 0.0], '550_520_failing_MET': [88.0, 0.0], '550_520_min_MET_pt': [28.822010040283203, 10000000.0], '575_565': [0.0, 0.0], '575_565_passing_MET': [0.0, 0.0], '575_565_failing_MET': [0.0, 0.0], '575_565_min_MET_pt': [10000000.0, 10000000.0], '575_560': [0.0, 0.0], '575_560_passing_MET': [0.0, 0.0], '575_560_failing_MET': [0.0, 0.0], '575_560_min_MET_pt': [10000000.0, 10000000.0], '575_555': [0.0, 0.0], '575_555_passing_MET': [0.0, 0.0], '575_555_failing_MET': [0.0, 0.0], '575_555_min_MET_pt': [10000000.0, 10000000.0], '575_550': [0.0, 0.0], '575_550_passing_MET': [0.0, 0.0], '575_550_failing_MET': [0.0, 0.0], '575_550_min_MET_pt': [10000000.0, 10000000.0], '575_545': [0.0, 0.0], '575_545_passing_MET': [0.0, 0.0], '575_545_failing_MET': [0.0, 0.0], '575_545_min_MET_pt': [10000000.0, 10000000.0], '600_590': [0.0, 1997.0], '600_590_passing_MET': [0.0, 1946.0], '600_590_failing_MET': [0.0, 51.0], '600_590_min_MET_pt': [10000000.0, 37.981483459472656], '600_585': [0.0, 0.0], '600_585_passing_MET': [0.0, 0.0], '600_585_failing_MET': [0.0, 0.0], '600_585_min_MET_pt': [10000000.0, 10000000.0], '600_580': [1966.0, 1084.0], '600_580_passing_MET': [0.0, 0.0], '600_580_failing_MET': [0.0, 0.0], '600_580_min_MET_pt': [10000000.0, 10000000.0], '600_575': [0.0, 0.0], '600_575_passing_MET': [0.0, 0.0], '600_575_failing_MET': [0.0, 0.0], '600_575_min_MET_pt': [10000000.0, 10000000.0], '600_570': [0.0, 1068.0], '600_570_passing_MET': [0.0, 1027.0], '600_570_failing_MET': [0.0, 41.0], '600_570_min_MET_pt': [10000000.0, 40.40114974975586], '625_615': [0.0, 0.0], '625_615_passing_MET': [0.0, 0.0], '625_615_failing_MET': [0.0, 0.0], '625_615_min_MET_pt': [10000000.0, 10000000.0], '625_610': [0.0, 0.0], '625_610_passing_MET': [0.0, 0.0], '625_610_failing_MET': [0.0, 0.0], '625_610_min_MET_pt': [10000000.0, 10000000.0], '625_605': [0.0, 0.0], '625_605_passing_MET': [0.0, 0.0], '625_605_failing_MET': [0.0, 0.0], '625_605_min_MET_pt': [10000000.0, 10000000.0], '625_600': [0.0, 0.0], '625_600_passing_MET': [0.0, 0.0], '625_600_failing_MET': [0.0, 0.0], '625_600_min_MET_pt': [10000000.0, 10000000.0], '625_595': [0.0, 0.0], '625_595_passing_MET': [0.0, 0.0], '625_595_failing_MET': [0.0, 0.0], '625_595_min_MET_pt': [10000000.0, 10000000.0], '650_640': [0.0, 0.0], '650_640_passing_MET': [0.0, 0.0], '650_640_failing_MET': [0.0, 0.0], '650_640_min_MET_pt': [10000000.0, 10000000.0], '650_635': [0.0, 890.0], '650_635_passing_MET': [0.0, 864.0], '650_635_failing_MET': [0.0, 26.0], '650_635_min_MET_pt': [10000000.0, 34.15166091918945], '650_630': [0.0, 2083.0], '650_630_passing_MET': [0.0, 2023.0], '650_630_failing_MET': [0.0, 60.0], '650_630_min_MET_pt': [10000000.0, 10.866674423217773], '650_625': [0.0, 854.0], '650_625_passing_MET': [0.0, 831.0], '650_625_failing_MET': [0.0, 23.0], '650_625_min_MET_pt': [10000000.0, 35.52650833129883], '650_620': [0.0, 0.0], '650_620_passing_MET': [0.0, 0.0], '650_620_failing_MET': [0.0, 0.0], '650_620_min_MET_pt': [10000000.0, 10000000.0], '675_665': [0.0, 0.0], '675_665_passing_MET': [0.0, 0.0], '675_665_failing_MET': [0.0, 0.0], '675_665_min_MET_pt': [10000000.0, 10000000.0], '675_660': [0.0, 0.0], '675_660_passing_MET': [0.0, 0.0], '675_660_failing_MET': [0.0, 0.0], '675_660_min_MET_pt': [10000000.0, 10000000.0], '675_655': [0.0, 0.0], '675_655_passing_MET': [0.0, 0.0], '675_655_failing_MET': [0.0, 0.0], '675_655_min_MET_pt': [10000000.0, 10000000.0], '675_650': [0.0, 0.0], '675_650_passing_MET': [0.0, 0.0], '675_650_failing_MET': [0.0, 0.0], '675_650_min_MET_pt': [10000000.0, 10000000.0], '675_645': [0.0, 0.0], '675_645_passing_MET': [0.0, 0.0], '675_645_failing_MET': [0.0, 0.0], '675_645_min_MET_pt': [10000000.0, 10000000.0], '700_690': [2015.0, 1063.0], '700_690_passing_MET': [0.0, 0.0], '700_690_failing_MET': [0.0, 0.0], '700_690_min_MET_pt': [10000000.0, 10000000.0], '700_685': [1857.0, 0.0], '700_685_passing_MET': [1802.0, 0.0], '700_685_failing_MET': [55.0, 0.0], '700_685_min_MET_pt': [38.286033630371094, 10000000.0], '700_680': [1066.0, 0.0], '700_680_passing_MET': [1032.0, 0.0], '700_680_failing_MET': [34.0, 0.0], '700_680_min_MET_pt': [12.933440208435059, 10000000.0], '700_675': [970.0, 0.0], '700_675_passing_MET': [942.0, 0.0], '700_675_failing_MET': [28.0, 0.0], '700_675_min_MET_pt': [40.064170837402344, 10000000.0], '700_670': [1156.0, 0.0], '700_670_passing_MET': [1114.0, 0.0], '700_670_failing_MET': [42.0, 0.0], '700_670_min_MET_pt': [49.016780853271484, 10000000.0], '725_715': [0.0, 0.0], '725_715_passing_MET': [0.0, 0.0], '725_715_failing_MET': [0.0, 0.0], '725_715_min_MET_pt': [10000000.0, 10000000.0], '725_710': [0.0, 0.0], '725_710_passing_MET': [0.0, 0.0], '725_710_failing_MET': [0.0, 0.0], '725_710_min_MET_pt': [10000000.0, 10000000.0], '725_705': [0.0, 0.0], '725_705_passing_MET': [0.0, 0.0], '725_705_failing_MET': [0.0, 0.0], '725_705_min_MET_pt': [10000000.0, 10000000.0], '725_700': [0.0, 0.0], '725_700_passing_MET': [0.0, 0.0], '725_700_failing_MET': [0.0, 0.0], '725_700_min_MET_pt': [10000000.0, 10000000.0], '725_695': [0.0, 0.0], '725_695_passing_MET': [0.0, 0.0], '725_695_failing_MET': [0.0, 0.0], '725_695_min_MET_pt': [10000000.0, 10000000.0], '750_740': [0.0, 2089.0], '750_740_passing_MET': [0.0, 2043.0], '750_740_failing_MET': [0.0, 46.0], '750_740_min_MET_pt': [10000000.0, 18.232421875], '750_735': [0.0, 0.0], '750_735_passing_MET': [0.0, 0.0], '750_735_failing_MET': [0.0, 0.0], '750_735_min_MET_pt': [10000000.0, 10000000.0], '750_730': [0.0, 1123.0], '750_730_passing_MET': [0.0, 1099.0], '750_730_failing_MET': [0.0, 24.0], '750_730_min_MET_pt': [10000000.0, 4.924811363220215], '750_725': [0.0, 0.0], '750_725_passing_MET': [0.0, 0.0], '750_725_failing_MET': [0.0, 0.0], '750_725_min_MET_pt': [10000000.0, 10000000.0], '750_720': [0.0, 0.0], '750_720_passing_MET': [0.0, 0.0], '750_720_failing_MET': [0.0, 0.0], '750_720_min_MET_pt': [10000000.0, 10000000.0], '775_765': [0.0, 0.0], '775_765_passing_MET': [0.0, 0.0], '775_765_failing_MET': [0.0, 0.0], '775_765_min_MET_pt': [10000000.0, 10000000.0], '775_760': [0.0, 0.0], '775_760_passing_MET': [0.0, 0.0], '775_760_failing_MET': [0.0, 0.0], '775_760_min_MET_pt': [10000000.0, 10000000.0], '775_755': [0.0, 0.0], '775_755_passing_MET': [0.0, 0.0], '775_755_failing_MET': [0.0, 0.0], '775_755_min_MET_pt': [10000000.0, 10000000.0], '775_750': [0.0, 0.0], '775_750_passing_MET': [0.0, 0.0], '775_750_failing_MET': [0.0, 0.0], '775_750_min_MET_pt': [10000000.0, 10000000.0], '775_745': [0.0, 0.0], '775_745_passing_MET': [0.0, 0.0], '775_745_failing_MET': [0.0, 0.0], '775_745_min_MET_pt': [10000000.0, 10000000.0], '800_790': [0.0, 1119.0], '800_790_passing_MET': [0.0, 1090.0], '800_790_failing_MET': [0.0, 29.0], '800_790_min_MET_pt': [10000000.0, 43.361793518066406], '800_785': [0.0, 1941.0], '800_785_passing_MET': [0.0, 1895.0], '800_785_failing_MET': [0.0, 46.0], '800_785_min_MET_pt': [10000000.0, 32.5275764465332], '800_780': [0.0, 2197.0], '800_780_passing_MET': [0.0, 2132.0], '800_780_failing_MET': [0.0, 65.0], '800_780_min_MET_pt': [10000000.0, 11.017251014709473], '800_775': [0.0, 931.0], '800_775_passing_MET': [0.0, 909.0], '800_775_failing_MET': [0.0, 22.0], '800_775_min_MET_pt': [10000000.0, 32.400997161865234], '800_770': [2274.0, 1185.0], '800_770_passing_MET': [0.0, 0.0], '800_770_failing_MET': [0.0, 0.0], '800_770_min_MET_pt': [10000000.0, 10000000.0], '825_815': [0.0, 0.0], '825_815_passing_MET': [0.0, 0.0], '825_815_failing_MET': [0.0, 0.0], '825_815_min_MET_pt': [10000000.0, 10000000.0], '825_810': [0.0, 0.0], '825_810_passing_MET': [0.0, 0.0], '825_810_failing_MET': [0.0, 0.0], '825_810_min_MET_pt': [10000000.0, 10000000.0], '825_805': [0.0, 0.0], '825_805_passing_MET': [0.0, 0.0], '825_805_failing_MET': [0.0, 0.0], '825_805_min_MET_pt': [10000000.0, 10000000.0], '825_800': [0.0, 0.0], '825_800_passing_MET': [0.0, 0.0], '825_800_failing_MET': [0.0, 0.0], '825_800_min_MET_pt': [10000000.0, 10000000.0], '825_795': [0.0, 0.0], '825_795_passing_MET': [0.0, 0.0], '825_795_failing_MET': [0.0, 0.0], '825_795_min_MET_pt': [10000000.0, 10000000.0], '850_840': [0.0, 1108.0], '850_840_passing_MET': [0.0, 1079.0], '850_840_failing_MET': [0.0, 29.0], '850_840_min_MET_pt': [10000000.0, 36.25927734375], '850_835': [1006.0, 0.0], '850_835_passing_MET': [974.0, 0.0], '850_835_failing_MET': [32.0, 0.0], '850_835_min_MET_pt': [40.98031234741211, 10000000.0], '850_830': [0.0, 1189.0], '850_830_passing_MET': [0.0, 1153.0], '850_830_failing_MET': [0.0, 36.0], '850_830_min_MET_pt': [10000000.0, 58.77418518066406], '850_825': [0.0, 1015.0], '850_825_passing_MET': [0.0, 993.0], '850_825_failing_MET': [0.0, 22.0], '850_825_min_MET_pt': [10000000.0, 6.560800552368164], '850_820': [0.0, 0.0], '850_820_passing_MET': [0.0, 0.0], '850_820_failing_MET': [0.0, 0.0], '850_820_min_MET_pt': [10000000.0, 10000000.0], '875_865': [0.0, 0.0], '875_865_passing_MET': [0.0, 0.0], '875_865_failing_MET': [0.0, 0.0], '875_865_min_MET_pt': [10000000.0, 10000000.0], '875_860': [0.0, 0.0], '875_860_passing_MET': [0.0, 0.0], '875_860_failing_MET': [0.0, 0.0], '875_860_min_MET_pt': [10000000.0, 10000000.0], '875_855': [0.0, 0.0], '875_855_passing_MET': [0.0, 0.0], '875_855_failing_MET': [0.0, 0.0], '875_855_min_MET_pt': [10000000.0, 10000000.0], '875_850': [0.0, 0.0], '875_850_passing_MET': [0.0, 0.0], '875_850_failing_MET': [0.0, 0.0], '875_850_min_MET_pt': [10000000.0, 10000000.0], '875_845': [0.0, 0.0], '875_845_passing_MET': [0.0, 0.0], '875_845_failing_MET': [0.0, 0.0], '875_845_min_MET_pt': [10000000.0, 10000000.0], '900_890': [2234.0, 2126.0], '900_890_passing_MET': [0.0, 0.0], '900_890_failing_MET': [0.0, 0.0], '900_890_min_MET_pt': [10000000.0, 10000000.0], '900_885': [0.0, 966.0], '900_885_passing_MET': [0.0, 951.0], '900_885_failing_MET': [0.0, 15.0], '900_885_min_MET_pt': [10000000.0, 65.85594940185547], '900_880': [0.0, 0.0], '900_880_passing_MET': [0.0, 0.0], '900_880_failing_MET': [0.0, 0.0], '900_880_min_MET_pt': [10000000.0, 10000000.0], '900_875': [0.0, 0.0], '900_875_passing_MET': [0.0, 0.0], '900_875_failing_MET': [0.0, 0.0], '900_875_min_MET_pt': [10000000.0, 10000000.0], '900_870': [0.0, 1152.0], '900_870_passing_MET': [0.0, 1123.0], '900_870_failing_MET': [0.0, 29.0], '900_870_min_MET_pt': [10000000.0, 9.393235206604004], '925_915': [0.0, 0.0], '925_915_passing_MET': [0.0, 0.0], '925_915_failing_MET': [0.0, 0.0], '925_915_min_MET_pt': [10000000.0, 10000000.0], '925_910': [0.0, 0.0], '925_910_passing_MET': [0.0, 0.0], '925_910_failing_MET': [0.0, 0.0], '925_910_min_MET_pt': [10000000.0, 10000000.0], '925_905': [0.0, 0.0], '925_905_passing_MET': [0.0, 0.0], '925_905_failing_MET': [0.0, 0.0], '925_905_min_MET_pt': [10000000.0, 10000000.0], '925_900': [0.0, 0.0], '925_900_passing_MET': [0.0, 0.0], '925_900_failing_MET': [0.0, 0.0], '925_900_min_MET_pt': [10000000.0, 10000000.0], '925_895': [0.0, 0.0], '925_895_passing_MET': [0.0, 0.0], '925_895_failing_MET': [0.0, 0.0], '925_895_min_MET_pt': [10000000.0, 10000000.0], '950_940': [0.0, 2123.0], '950_940_passing_MET': [0.0, 2080.0], '950_940_failing_MET': [0.0, 43.0], '950_940_min_MET_pt': [10000000.0, 24.723770141601562], '950_935': [0.0, 0.0], '950_935_passing_MET': [0.0, 0.0], '950_935_failing_MET': [0.0, 0.0], '950_935_min_MET_pt': [10000000.0, 10000000.0], '950_930': [0.0, 1123.0], '950_930_passing_MET': [0.0, 1096.0], '950_930_failing_MET': [0.0, 27.0], '950_930_min_MET_pt': [10000000.0, 30.541549682617188], '950_925': [0.0, 0.0], '950_925_passing_MET': [0.0, 0.0], '950_925_failing_MET': [0.0, 0.0], '950_925_min_MET_pt': [10000000.0, 10000000.0], '950_920': [0.0, 1109.0], '950_920_passing_MET': [0.0, 1076.0], '950_920_failing_MET': [0.0, 33.0], '950_920_min_MET_pt': [10000000.0, 38.668128967285156], '975_965': [0.0, 0.0], '975_965_passing_MET': [0.0, 0.0], '975_965_failing_MET': [0.0, 0.0], '975_965_min_MET_pt': [10000000.0, 10000000.0], '975_960': [0.0, 0.0], '975_960_passing_MET': [0.0, 0.0], '975_960_failing_MET': [0.0, 0.0], '975_960_min_MET_pt': [10000000.0, 10000000.0], '975_955': [0.0, 0.0], '975_955_passing_MET': [0.0, 0.0], '975_955_failing_MET': [0.0, 0.0], '975_955_min_MET_pt': [10000000.0, 10000000.0], '975_950': [0.0, 0.0], '975_950_passing_MET': [0.0, 0.0], '975_950_failing_MET': [0.0, 0.0], '975_950_min_MET_pt': [10000000.0, 10000000.0], '975_945': [0.0, 0.0], '975_945_passing_MET': [0.0, 0.0], '975_945_failing_MET': [0.0, 0.0], '975_945_min_MET_pt': [10000000.0, 10000000.0], '1000_990': [2226.0, 0.0], '1000_990_passing_MET': [2178.0, 0.0], '1000_990_failing_MET': [48.0, 0.0], '1000_990_min_MET_pt': [22.169347763061523, 10000000.0], '1000_985': [0.0, 0.0], '1000_985_passing_MET': [0.0, 0.0], '1000_985_failing_MET': [0.0, 0.0], '1000_985_min_MET_pt': [10000000.0, 10000000.0], '1000_980': [0.0, 0.0], '1000_980_passing_MET': [0.0, 0.0], '1000_980_failing_MET': [0.0, 0.0], '1000_980_min_MET_pt': [10000000.0, 10000000.0], '1000_975': [1982.0, 0.0], '1000_975_passing_MET': [1933.0, 0.0], '1000_975_failing_MET': [49.0, 0.0], '1000_975_min_MET_pt': [14.849102020263672, 10000000.0], '1000_970': [0.0, 0.0], '1000_970_passing_MET': [0.0, 0.0], '1000_970_failing_MET': [0.0, 0.0], '1000_970_min_MET_pt': [10000000.0, 10000000.0], '1025_1015': [0.0, 0.0], '1025_1015_passing_MET': [0.0, 0.0], '1025_1015_failing_MET': [0.0, 0.0], '1025_1015_min_MET_pt': [10000000.0, 10000000.0], '1025_1010': [0.0, 0.0], '1025_1010_passing_MET': [0.0, 0.0], '1025_1010_failing_MET': [0.0, 0.0], '1025_1010_min_MET_pt': [10000000.0, 10000000.0], '1025_1005': [0.0, 0.0], '1025_1005_passing_MET': [0.0, 0.0], '1025_1005_failing_MET': [0.0, 0.0], '1025_1005_min_MET_pt': [10000000.0, 10000000.0], '1025_1000': [0.0, 0.0], '1025_1000_passing_MET': [0.0, 0.0], '1025_1000_failing_MET': [0.0, 0.0], '1025_1000_min_MET_pt': [10000000.0, 10000000.0], '1025_995': [0.0, 0.0], '1025_995_passing_MET': [0.0, 0.0], '1025_995_failing_MET': [0.0, 0.0], '1025_995_min_MET_pt': [10000000.0, 10000000.0], '1050_1040': [0.0, 0.0], '1050_1040_passing_MET': [0.0, 0.0], '1050_1040_failing_MET': [0.0, 0.0], '1050_1040_min_MET_pt': [10000000.0, 10000000.0], '1050_1035': [0.0, 0.0], '1050_1035_passing_MET': [0.0, 0.0], '1050_1035_failing_MET': [0.0, 0.0], '1050_1035_min_MET_pt': [10000000.0, 10000000.0], '1050_1030': [0.0, 0.0], '1050_1030_passing_MET': [0.0, 0.0], '1050_1030_failing_MET': [0.0, 0.0], '1050_1030_min_MET_pt': [10000000.0, 10000000.0], '1050_1025': [0.0, 0.0], '1050_1025_passing_MET': [0.0, 0.0], '1050_1025_failing_MET': [0.0, 0.0], '1050_1025_min_MET_pt': [10000000.0, 10000000.0], '1050_1020': [0.0, 0.0], '1050_1020_passing_MET': [0.0, 0.0], '1050_1020_failing_MET': [0.0, 0.0], '1050_1020_min_MET_pt': [10000000.0, 10000000.0], '1075_1065': [0.0, 0.0], '1075_1065_passing_MET': [0.0, 0.0], '1075_1065_failing_MET': [0.0, 0.0], '1075_1065_min_MET_pt': [10000000.0, 10000000.0], '1075_1060': [0.0, 0.0], '1075_1060_passing_MET': [0.0, 0.0], '1075_1060_failing_MET': [0.0, 0.0], '1075_1060_min_MET_pt': [10000000.0, 10000000.0], '1075_1055': [0.0, 0.0], '1075_1055_passing_MET': [0.0, 0.0], '1075_1055_failing_MET': [0.0, 0.0], '1075_1055_min_MET_pt': [10000000.0, 10000000.0], '1075_1050': [0.0, 0.0], '1075_1050_passing_MET': [0.0, 0.0], '1075_1050_failing_MET': [0.0, 0.0], '1075_1050_min_MET_pt': [10000000.0, 10000000.0], '1075_1045': [0.0, 0.0], '1075_1045_passing_MET': [0.0, 0.0], '1075_1045_failing_MET': [0.0, 0.0], '1075_1045_min_MET_pt': [10000000.0, 10000000.0], '1100_1090': [0.0, 1029.0], '1100_1090_passing_MET': [0.0, 999.0], '1100_1090_failing_MET': [0.0, 30.0], '1100_1090_min_MET_pt': [10000000.0, 35.75992202758789], '1100_1085': [1093.0, 0.0], '1100_1085_passing_MET': [1069.0, 0.0], '1100_1085_failing_MET': [24.0, 0.0], '1100_1085_min_MET_pt': [44.29890441894531, 10000000.0], '1100_1080': [0.0, 1168.0], '1100_1080_passing_MET': [0.0, 1144.0], '1100_1080_failing_MET': [0.0, 24.0], '1100_1080_min_MET_pt': [10000000.0, 18.57257843017578], '1100_1075': [0.0, 0.0], '1100_1075_passing_MET': [0.0, 0.0], '1100_1075_failing_MET': [0.0, 0.0], '1100_1075_min_MET_pt': [10000000.0, 10000000.0], '1100_1070': [0.0, 0.0], '1100_1070_passing_MET': [0.0, 0.0], '1100_1070_failing_MET': [0.0, 0.0], '1100_1070_min_MET_pt': [10000000.0, 10000000.0], 'nEventsTotal': 195694.0, 'strange masspoints': 0.0, 'orphans': 0.0, 'R-hadron event': 0.0, 'different stop antistop masses': 0.0, 'strange error': 0.0, 'strange event': 0.0, 'different neutralino masses': 14475.0, 'large differences': 0.0, '1052_1030': [996.0, 0.0], '1052_1030_passing_MET': [977.0, 0.0], '1052_1030_failing_MET': [19.0, 0.0], '1052_1030_min_MET_pt': [6.508724212646484, 10000000.0], '1052_1032': [154.0, 0.0], '1052_1032_passing_MET': [150.0, 0.0], '1052_1032_failing_MET': [4.0, 0.0], '1052_1032_min_MET_pt': [20.7275447845459, 10000000.0], '926_915': [956.0, 1042.0], '926_915_passing_MET': [945.0, 1020.0], '926_915_failing_MET': [11.0, 22.0], '926_915_min_MET_pt': [63.36476516723633, 26.502410888671875], '926_916': [107.0, 97.0], '926_916_passing_MET': [106.0, 96.0], '926_916_failing_MET': [1.0, 1.0], '926_916_min_MET_pt': [84.27487182617188, 74.5744400024414], '850_836': [114.0, 0.0], '850_836_passing_MET': [112.0, 0.0], '850_836_failing_MET': [2.0, 0.0], '850_836_min_MET_pt': [63.48197555541992, 10000000.0], '1024_1015': [997.0, 2015.0], '1024_1015_passing_MET': [977.0, 1970.0], '1024_1015_failing_MET': [20.0, 45.0], '1024_1015_min_MET_pt': [54.502010345458984, 19.587507247924805], '1024_1016': [120.0, 209.0], '1024_1016_passing_MET': [119.0, 204.0], '1024_1016_failing_MET': [1.0, 5.0], '1024_1016_min_MET_pt': [73.66100311279297, 62.74628448486328], '976_960': [0.0, 1130.0], '976_960_passing_MET': [0.0, 1111.0], '976_960_failing_MET': [0.0, 19.0], '976_960_min_MET_pt': [10000000.0, 21.57067108154297], '876_865': [1023.0, 1931.0], '876_865_passing_MET': [999.0, 1888.0], '876_865_failing_MET': [24.0, 43.0], '876_865_min_MET_pt': [13.028465270996094, 36.79075241088867], '876_866': [107.0, 220.0], '876_866_passing_MET': [101.0, 215.0], '876_866_failing_MET': [6.0, 5.0], '876_866_min_MET_pt': [20.07947540283203, 44.89514923095703], '1076_1050': [956.0, 2031.0], '1076_1050_passing_MET': [938.0, 1978.0], '1076_1050_failing_MET': [18.0, 53.0], '1076_1050_min_MET_pt': [62.53312301635742, 29.20220375061035], '1076_1052': [186.0, 366.0], '1076_1052_passing_MET': [178.0, 352.0], '1076_1052_failing_MET': [8.0, 14.0], '1076_1052_min_MET_pt': [71.2317886352539, 9.004626274108887], '1052_1020': [1229.0, 1189.0], '1052_1020_passing_MET': [1181.0, 1166.0], '1052_1020_failing_MET': [48.0, 23.0], '1052_1020_min_MET_pt': [23.366931915283203, 7.5357985496521], '676_665': [2783.0, 2874.0], '676_665_passing_MET': [2707.0, 2812.0], '676_665_failing_MET': [76.0, 62.0], '676_665_min_MET_pt': [6.847304344177246, 20.482393264770508], '676_666': [282.0, 256.0], '676_666_passing_MET': [267.0, 243.0], '676_666_failing_MET': [15.0, 13.0], '676_666_min_MET_pt': [65.8403549194336, 36.23479080200195], '776_755': [0.0, 973.0], '776_755_passing_MET': [0.0, 954.0], '776_755_failing_MET': [0.0, 19.0], '776_755_min_MET_pt': [10000000.0, 18.537076950073242], '776_756': [0.0, 173.0], '776_756_passing_MET': [0.0, 169.0], '776_756_failing_MET': [0.0, 4.0], '776_756_min_MET_pt': [10000000.0, 10.55207633972168], '826_800': [0.0, 1161.0], '826_800_passing_MET': [0.0, 1121.0], '826_800_failing_MET': [0.0, 40.0], '826_800_min_MET_pt': [10000000.0, 29.086427688598633], '626_606': [146.0, 0.0], '626_606_passing_MET': [143.0, 0.0], '626_606_failing_MET': [3.0, 0.0], '626_606_min_MET_pt': [21.074777603149414, 10000000.0], '626_605': [929.0, 0.0], '626_605_passing_MET': [906.0, 0.0], '626_605_failing_MET': [23.0, 0.0], '626_605_min_MET_pt': [51.02265930175781, 10000000.0], '976_965': [0.0, 1015.0], '976_965_passing_MET': [0.0, 998.0], '976_965_failing_MET': [0.0, 17.0], '976_965_min_MET_pt': [10000000.0, 21.86676597595215], '976_966': [0.0, 93.0], '976_966_passing_MET': [0.0, 90.0], '976_966_failing_MET': [0.0, 3.0], '976_966_min_MET_pt': [10000000.0, 90.53199768066406], '876_850': [1151.0, 2284.0], '876_850_passing_MET': [1121.0, 2220.0], '876_850_failing_MET': [30.0, 64.0], '876_850_min_MET_pt': [20.3896427154541, 34.25664520263672], '726_695': [0.0, 1901.0], '726_695_passing_MET': [0.0, 1840.0], '726_695_failing_MET': [0.0, 61.0], '726_695_min_MET_pt': [10000000.0, 18.8438720703125], '726_696': [0.0, 375.0], '726_696_passing_MET': [0.0, 348.0], '726_696_failing_MET': [0.0, 27.0], '726_696_min_MET_pt': [10000000.0, 21.669387817382812], '1000_976': [351.0, 0.0], '1000_976_passing_MET': [342.0, 0.0], '1000_976_failing_MET': [9.0, 0.0], '1000_976_min_MET_pt': [75.4253921508789, 10000000.0], '526_500': [1037.0, 976.0], '526_500_passing_MET': [1002.0, 941.0], '526_500_failing_MET': [35.0, 35.0], '526_500_min_MET_pt': [39.16758728027344, 47.431732177734375], '650_626': [0.0, 172.0], '650_626_passing_MET': [0.0, 164.0], '650_626_failing_MET': [0.0, 8.0], '650_626_min_MET_pt': [10000000.0, 65.4892349243164], '626_596': [173.0, 182.0], '626_596_passing_MET': [169.0, 178.0], '626_596_failing_MET': [4.0, 4.0], '626_596_min_MET_pt': [76.26557159423828, 66.018798828125], '626_595': [906.0, 882.0], '626_595_passing_MET': [879.0, 858.0], '626_595_failing_MET': [27.0, 24.0], '626_595_min_MET_pt': [44.1078987121582, 28.7617244720459], '526_515': [904.0, 918.0], '526_515_passing_MET': [887.0, 892.0], '526_515_failing_MET': [17.0, 26.0], '526_515_min_MET_pt': [52.83491134643555, 64.11338806152344], '526_516': [78.0, 93.0], '526_516_passing_MET': [77.0, 92.0], '526_516_failing_MET': [1.0, 1.0], '526_516_min_MET_pt': [60.415611267089844, 78.7247085571289], '700_686': [273.0, 0.0], '700_686_passing_MET': [265.0, 0.0], '700_686_failing_MET': [8.0, 0.0], '700_686_min_MET_pt': [46.74151611328125, 10000000.0], '976_955': [976.0, 0.0], '976_955_passing_MET': [959.0, 0.0], '976_955_failing_MET': [17.0, 0.0], '976_955_min_MET_pt': [27.07630729675293, 10000000.0], '976_956': [188.0, 0.0], '976_956_passing_MET': [186.0, 0.0], '976_956_failing_MET': [2.0, 0.0], '976_956_min_MET_pt': [89.942138671875, 10000000.0], '1076_1064': [191.0, 0.0], '1076_1064_passing_MET': [184.0, 0.0], '1076_1064_failing_MET': [7.0, 0.0], '1076_1064_min_MET_pt': [23.596473693847656, 10000000.0], '1076_1065': [2148.0, 0.0], '1076_1065_passing_MET': [2105.0, 0.0], '1076_1065_failing_MET': [43.0, 0.0], '1076_1065_min_MET_pt': [45.851104736328125, 10000000.0], '526_495': [1034.0, 0.0], '526_495_passing_MET': [994.0, 0.0], '526_495_failing_MET': [40.0, 0.0], '526_495_min_MET_pt': [47.276981353759766, 10000000.0], '776_750': [1096.0, 2262.0], '776_750_passing_MET': [1056.0, 2209.0], '776_750_failing_MET': [40.0, 53.0], '776_750_min_MET_pt': [38.2645149230957, 39.38372802734375], '576_565': [863.0, 2781.0], '576_565_passing_MET': [845.0, 2701.0], '576_565_failing_MET': [18.0, 80.0], '576_565_min_MET_pt': [16.604188919067383, 5.590906143188477], '576_566': [94.0, 311.0], '576_566_passing_MET': [92.0, 297.0], '576_566_failing_MET': [2.0, 14.0], '576_566_min_MET_pt': [61.283233642578125, 32.355289459228516], '676_655': [931.0, 943.0], '676_655_passing_MET': [909.0, 911.0], '676_655_failing_MET': [22.0, 32.0], '676_655_min_MET_pt': [11.698492050170898, 45.16012191772461], '676_656': [152.0, 169.0], '676_656_passing_MET': [148.0, 164.0], '676_656_failing_MET': [4.0, 5.0], '676_656_min_MET_pt': [25.529356002807617, 67.27847290039062], '526_505': [0.0, 1945.0], '526_505_passing_MET': [0.0, 1887.0], '526_505_failing_MET': [0.0, 58.0], '526_505_min_MET_pt': [10000000.0, 24.456098556518555], '900_886': [0.0, 131.0], '900_886_passing_MET': [0.0, 128.0], '900_886_failing_MET': [0.0, 3.0], '900_886_min_MET_pt': [10000000.0, 57.53049850463867], '550_536': [134.0, 0.0], '550_536_passing_MET': [127.0, 0.0], '550_536_failing_MET': [7.0, 0.0], '550_536_min_MET_pt': [28.37693214416504, 10000000.0], '1100_1084': [147.0, 0.0], '1100_1084_passing_MET': [144.0, 0.0], '1100_1084_failing_MET': [3.0, 0.0], '1100_1084_min_MET_pt': [61.082603454589844, 10000000.0], '826_810': [0.0, 1087.0], '826_810_passing_MET': [0.0, 1052.0], '826_810_failing_MET': [0.0, 35.0], '826_810_min_MET_pt': [10000000.0, 34.49604415893555], '676_650': [1125.0, 0.0], '676_650_passing_MET': [1092.0, 0.0], '676_650_failing_MET': [33.0, 0.0], '676_650_min_MET_pt': [24.20529556274414, 10000000.0], '826_805': [928.0, 907.0], '826_805_passing_MET': [894.0, 887.0], '826_805_failing_MET': [34.0, 20.0], '826_805_min_MET_pt': [4.340863227844238, 33.08490753173828], '826_806': [151.0, 143.0], '826_806_passing_MET': [146.0, 139.0], '826_806_failing_MET': [5.0, 4.0], '826_806_min_MET_pt': [20.322288513183594, 51.157894134521484], '826_815': [1952.0, 0.0], '826_815_passing_MET': [1899.0, 0.0], '826_815_failing_MET': [53.0, 0.0], '826_815_min_MET_pt': [30.269298553466797, 10000000.0], '826_816': [178.0, 0.0], '826_816_passing_MET': [176.0, 0.0], '826_816_failing_MET': [2.0, 0.0], '826_816_min_MET_pt': [61.91764831542969, 10000000.0], '576_555': [879.0, 0.0], '576_555_passing_MET': [852.0, 0.0], '576_555_failing_MET': [27.0, 0.0], '576_555_min_MET_pt': [18.062267303466797, 10000000.0], '576_556': [125.0, 0.0], '576_556_passing_MET': [121.0, 0.0], '576_556_failing_MET': [4.0, 0.0], '576_556_min_MET_pt': [68.50765228271484, 10000000.0], '876_860': [0.0, 1097.0], '876_860_passing_MET': [0.0, 1069.0], '876_860_failing_MET': [0.0, 28.0], '876_860_min_MET_pt': [10000000.0, 39.85053253173828], '800_776': [0.0, 174.0], '800_776_passing_MET': [0.0, 168.0], '800_776_failing_MET': [0.0, 6.0], '800_776_min_MET_pt': [10000000.0, 53.74385070800781], '626_615': [925.0, 936.0], '626_615_passing_MET': [896.0, 914.0], '626_615_failing_MET': [29.0, 22.0], '626_615_min_MET_pt': [19.67051124572754, 43.36484146118164], '626_616': [101.0, 85.0], '626_616_passing_MET': [99.0, 83.0], '626_616_failing_MET': [2.0, 2.0], '626_616_min_MET_pt': [66.66852569580078, 61.52883529663086], '800_786': [0.0, 268.0], '800_786_passing_MET': [0.0, 263.0], '800_786_failing_MET': [0.0, 5.0], '800_786_min_MET_pt': [10000000.0, 64.39851379394531], '1052_1040': [2311.0, 0.0], '1052_1040_passing_MET': [2253.0, 0.0], '1052_1040_failing_MET': [58.0, 0.0], '1052_1040_min_MET_pt': [9.253188133239746, 10000000.0], '676_660': [1096.0, 0.0], '676_660_passing_MET': [1079.0, 0.0], '676_660_failing_MET': [17.0, 0.0], '676_660_min_MET_pt': [54.872772216796875, 10000000.0], '700_676': [180.0, 0.0], '700_676_passing_MET': [176.0, 0.0], '700_676_failing_MET': [4.0, 0.0], '700_676_min_MET_pt': [39.09235763549805, 10000000.0], '1024_1005': [0.0, 1034.0], '1024_1005_passing_MET': [0.0, 1011.0], '1024_1005_failing_MET': [0.0, 23.0], '1024_1005_min_MET_pt': [10000000.0, 40.03279495239258], '1024_1006': [0.0, 143.0], '1024_1006_passing_MET': [0.0, 140.0], '1024_1006_failing_MET': [0.0, 3.0], '1024_1006_min_MET_pt': [10000000.0, 25.68500518798828], '1100_1092': [0.0, 93.0], '1100_1092_passing_MET': [0.0, 91.0], '1100_1092_failing_MET': [0.0, 2.0], '1100_1092_min_MET_pt': [10000000.0, 93.72566223144531], '850_826': [0.0, 161.0], '850_826_passing_MET': [0.0, 158.0], '850_826_failing_MET': [0.0, 3.0], '850_826_min_MET_pt': [10000000.0, 90.96980285644531], '526_510': [0.0, 995.0], '526_510_passing_MET': [0.0, 959.0], '526_510_failing_MET': [0.0, 36.0], '526_510_min_MET_pt': [10000000.0, 41.79603576660156], '1024_1000': [1144.0, 0.0], '1024_1000_passing_MET': [1115.0, 0.0], '1024_1000_failing_MET': [29.0, 0.0], '1024_1000_min_MET_pt': [50.000831604003906, 10000000.0], '876_846': [180.0, 0.0], '876_846_passing_MET': [170.0, 0.0], '876_846_failing_MET': [10.0, 0.0], '876_846_min_MET_pt': [60.33733367919922, 10000000.0], '876_845': [921.0, 0.0], '876_845_passing_MET': [901.0, 0.0], '876_845_failing_MET': [20.0, 0.0], '876_845_min_MET_pt': [23.03986358642578, 10000000.0], '650_636': [0.0, 106.0], '650_636_passing_MET': [0.0, 102.0], '650_636_failing_MET': [0.0, 4.0], '650_636_min_MET_pt': [10000000.0, 80.42241668701172], '826_795': [0.0, 929.0], '826_795_passing_MET': [0.0, 908.0], '826_795_failing_MET': [0.0, 21.0], '826_795_min_MET_pt': [10000000.0, 18.63953399658203], '826_796': [0.0, 187.0], '826_796_passing_MET': [0.0, 182.0], '826_796_failing_MET': [0.0, 5.0], '826_796_min_MET_pt': [10000000.0, 62.06925964355469], '1076_1060': [0.0, 1197.0], '1076_1060_passing_MET': [0.0, 1168.0], '1076_1060_failing_MET': [0.0, 29.0], '1076_1060_min_MET_pt': [10000000.0, 27.467164993286133], '926_900': [0.0, 1158.0], '926_900_passing_MET': [0.0, 1126.0], '926_900_failing_MET': [0.0, 32.0], '926_900_min_MET_pt': [10000000.0, 21.476404190063477], '726_705': [0.0, 961.0], '726_705_passing_MET': [0.0, 928.0], '726_705_failing_MET': [0.0, 33.0], '726_705_min_MET_pt': [10000000.0, 38.392086029052734], '726_706': [0.0, 140.0], '726_706_passing_MET': [0.0, 137.0], '726_706_failing_MET': [0.0, 3.0], '726_706_min_MET_pt': [10000000.0, 74.94892883300781], '926_910': [1146.0, 0.0], '926_910_passing_MET': [1117.0, 0.0], '926_910_failing_MET': [29.0, 0.0], '926_910_min_MET_pt': [18.849834442138672, 10000000.0]}
nevents_from_dict =  3460357394.9389796
Results saved to /afs/cern.ch/work/m/mleoncoe/private/stop_met_check/outputs_2018/nanoAOD_288.json
done
