i am in this directory
/pool/condor/dir_1692958
Python 3.9.23
3.9.23
 will run this python stop_check_met_eff.py /eos/user/m/mleoncoe/stop_event_check/privateNanoAod2018/nanoAOD_244.root /afs/cern.ch/work/m/mleoncoe/private/stop_met_check/outputs_2018/nanoAOD_244.json
event num1000
event num2000
event num3000
event num4000
event num5000
event num6000
event num7000
event num8000
event num9000
event num10000
event num11000
event num12000
event num13000
event num14000
event num15000
event num16000
event num17000
event num18000
event num19000
event num20000
event num21000
event num22000
event num23000
event num24000
event num25000
event num26000
event num27000
event num28000
event num29000
event num30000
event num31000
event num32000
event num33000
event num34000
event num35000
event num36000
event num37000
event num38000
event num39000
event num40000
event num41000
event num42000
event num43000
event num44000
event num45000
event num46000
event num47000
event num48000
event num49000
event num50000
event num51000
event num52000
event num53000
event num54000
event num55000
event num56000
event num57000
event num58000
event num59000
event num60000
event num61000
event num62000
event num63000
event num64000
event num65000
event num66000
event num67000
event num68000
event num69000
event num70000
event num71000
event num72000
event num73000
event num74000
event num75000
event num76000
event num77000
event num78000
event num79000
event num80000
event num81000
event num82000
event num83000
event num84000
event num85000
event num86000
event num87000
event num88000
event num89000
event num90000
event num91000
event num92000
event num93000
event num94000
event num95000
event num96000
event num97000
event num98000
event num99000
event num100000
event num101000
event num102000
event num103000
event num104000
event num105000
event num106000
event num107000
event num108000
event num109000
event num110000
event num111000
event num112000
event num113000
event num114000
event num115000
event num116000
event num117000
event num118000
event num119000
event num120000
event num121000
event num122000
event num123000
event num124000
event num125000
event num126000
event num127000
event num128000
event num129000
event num130000
event num131000
event num132000
event num133000
event num134000
event num135000
event num136000
event num137000
event num138000
event num139000
event num140000
event num141000
event num142000
{'250_240': [2118.0, 2735.0], '250_240_passing_MET': [0.0, 0.0], '250_240_failing_MET': [0.0, 0.0], '250_240_min_MET_pt': [10000000.0, 10000000.0], '250_235': [0.0, 714.0], '250_235_passing_MET': [0.0, 682.0], '250_235_failing_MET': [0.0, 32.0], '250_235_min_MET_pt': [10000000.0, 39.76790237426758], '250_230': [0.0, 0.0], '250_230_passing_MET': [0.0, 0.0], '250_230_failing_MET': [0.0, 0.0], '250_230_min_MET_pt': [10000000.0, 10000000.0], '250_225': [0.0, 743.0], '250_225_passing_MET': [0.0, 702.0], '250_225_failing_MET': [0.0, 41.0], '250_225_min_MET_pt': [10000000.0, 39.85009765625], '250_220': [0.0, 0.0], '250_220_passing_MET': [0.0, 0.0], '250_220_failing_MET': [0.0, 0.0], '250_220_min_MET_pt': [10000000.0, 10000000.0], '275_265': [745.0, 0.0], '275_265_passing_MET': [723.0, 0.0], '275_265_failing_MET': [22.0, 0.0], '275_265_min_MET_pt': [36.80636978149414, 10000000.0], '275_260': [777.0, 0.0], '275_260_passing_MET': [753.0, 0.0], '275_260_failing_MET': [24.0, 0.0], '275_260_min_MET_pt': [40.31586837768555, 10000000.0], '275_255': [0.0, 0.0], '275_255_passing_MET': [0.0, 0.0], '275_255_failing_MET': [0.0, 0.0], '275_255_min_MET_pt': [10000000.0, 10000000.0], '275_250': [0.0, 0.0], '275_250_passing_MET': [0.0, 0.0], '275_250_failing_MET': [0.0, 0.0], '275_250_min_MET_pt': [10000000.0, 10000000.0], '275_245': [0.0, 0.0], '275_245_passing_MET': [0.0, 0.0], '275_245_failing_MET': [0.0, 0.0], '275_245_min_MET_pt': [10000000.0, 10000000.0], '300_290': [721.0, 0.0], '300_290_passing_MET': [705.0, 0.0], '300_290_failing_MET': [16.0, 0.0], '300_290_min_MET_pt': [52.286556243896484, 10000000.0], '300_285': [0.0, 796.0], '300_285_passing_MET': [0.0, 767.0], '300_285_failing_MET': [0.0, 29.0], '300_285_min_MET_pt': [10000000.0, 9.267020225524902], '300_280': [0.0, 0.0], '300_280_passing_MET': [0.0, 0.0], '300_280_failing_MET': [0.0, 0.0], '300_280_min_MET_pt': [10000000.0, 10000000.0], '300_275': [802.0, 0.0], '300_275_passing_MET': [767.0, 0.0], '300_275_failing_MET': [35.0, 0.0], '300_275_min_MET_pt': [32.577415466308594, 10000000.0], '300_270': [846.0, 0.0], '300_270_passing_MET': [791.0, 0.0], '300_270_failing_MET': [55.0, 0.0], '300_270_min_MET_pt': [28.106374740600586, 10000000.0], '325_315': [3172.0, 0.0], '325_315_passing_MET': [3077.0, 0.0], '325_315_failing_MET': [95.0, 0.0], '325_315_min_MET_pt': [8.346128463745117, 10000000.0], '325_310': [0.0, 0.0], '325_310_passing_MET': [0.0, 0.0], '325_310_failing_MET': [0.0, 0.0], '325_310_min_MET_pt': [10000000.0, 10000000.0], '325_305': [1728.0, 0.0], '325_305_passing_MET': [1647.0, 0.0], '325_305_failing_MET': [81.0, 0.0], '325_305_min_MET_pt': [5.851856231689453, 10000000.0], '325_300': [897.0, 822.0], '325_300_passing_MET': [0.0, 0.0], '325_300_failing_MET': [0.0, 0.0], '325_300_min_MET_pt': [10000000.0, 10000000.0], '325_295': [0.0, 0.0], '325_295_passing_MET': [0.0, 0.0], '325_295_failing_MET': [0.0, 0.0], '325_295_min_MET_pt': [10000000.0, 10000000.0], '350_340': [0.0, 0.0], '350_340_passing_MET': [0.0, 0.0], '350_340_failing_MET': [0.0, 0.0], '350_340_min_MET_pt': [10000000.0, 10000000.0], '350_335': [0.0, 860.0], '350_335_passing_MET': [0.0, 842.0], '350_335_failing_MET': [0.0, 18.0], '350_335_min_MET_pt': [10000000.0, 38.85163879394531], '350_330': [0.0, 857.0], '350_330_passing_MET': [0.0, 817.0], '350_330_failing_MET': [0.0, 40.0], '350_330_min_MET_pt': [10000000.0, 9.128637313842773], '350_325': [906.0, 867.0], '350_325_passing_MET': [0.0, 0.0], '350_325_failing_MET': [0.0, 0.0], '350_325_min_MET_pt': [10000000.0, 10000000.0], '350_320': [0.0, 0.0], '350_320_passing_MET': [0.0, 0.0], '350_320_failing_MET': [0.0, 0.0], '350_320_min_MET_pt': [10000000.0, 10000000.0], '375_365': [2586.0, 899.0], '375_365_passing_MET': [0.0, 0.0], '375_365_failing_MET': [0.0, 0.0], '375_365_min_MET_pt': [10000000.0, 10000000.0], '375_360': [851.0, 0.0], '375_360_passing_MET': [821.0, 0.0], '375_360_failing_MET': [30.0, 0.0], '375_360_min_MET_pt': [27.911705017089844, 10000000.0], '375_355': [0.0, 0.0], '375_355_passing_MET': [0.0, 0.0], '375_355_failing_MET': [0.0, 0.0], '375_355_min_MET_pt': [10000000.0, 10000000.0], '375_350': [0.0, 896.0], '375_350_passing_MET': [0.0, 864.0], '375_350_failing_MET': [0.0, 32.0], '375_350_min_MET_pt': [10000000.0, 10.82977294921875], '375_345': [943.0, 961.0], '375_345_passing_MET': [0.0, 0.0], '375_345_failing_MET': [0.0, 0.0], '375_345_min_MET_pt': [10000000.0, 10000000.0], '400_390': [896.0, 1744.0], '400_390_passing_MET': [0.0, 0.0], '400_390_failing_MET': [0.0, 0.0], '400_390_min_MET_pt': [10000000.0, 10000000.0], '400_385': [0.0, 0.0], '400_385_passing_MET': [0.0, 0.0], '400_385_failing_MET': [0.0, 0.0], '400_385_min_MET_pt': [10000000.0, 10000000.0], '400_380': [879.0, 0.0], '400_380_passing_MET': [843.0, 0.0], '400_380_failing_MET': [36.0, 0.0], '400_380_min_MET_pt': [7.586787700653076, 10000000.0], '400_375': [944.0, 950.0], '400_375_passing_MET': [0.0, 0.0], '400_375_failing_MET': [0.0, 0.0], '400_375_min_MET_pt': [10000000.0, 10000000.0], '400_370': [0.0, 0.0], '400_370_passing_MET': [0.0, 0.0], '400_370_failing_MET': [0.0, 0.0], '400_370_min_MET_pt': [10000000.0, 10000000.0], '425_415': [878.0, 0.0], '425_415_passing_MET': [853.0, 0.0], '425_415_failing_MET': [25.0, 0.0], '425_415_min_MET_pt': [14.807870864868164, 10000000.0], '425_410': [0.0, 2679.0], '425_410_passing_MET': [0.0, 2586.0], '425_410_failing_MET': [0.0, 93.0], '425_410_min_MET_pt': [10000000.0, 16.787513732910156], '425_405': [0.0, 0.0], '425_405_passing_MET': [0.0, 0.0], '425_405_failing_MET': [0.0, 0.0], '425_405_min_MET_pt': [10000000.0, 10000000.0], '425_400': [0.0, 0.0], '425_400_passing_MET': [0.0, 0.0], '425_400_failing_MET': [0.0, 0.0], '425_400_min_MET_pt': [10000000.0, 10000000.0], '425_395': [0.0, 985.0], '425_395_passing_MET': [0.0, 951.0], '425_395_failing_MET': [0.0, 34.0], '425_395_min_MET_pt': [10000000.0, 32.2410888671875], '450_440': [1872.0, 1851.0], '450_440_passing_MET': [0.0, 0.0], '450_440_failing_MET': [0.0, 0.0], '450_440_min_MET_pt': [10000000.0, 10000000.0], '450_435': [921.0, 0.0], '450_435_passing_MET': [890.0, 0.0], '450_435_failing_MET': [31.0, 0.0], '450_435_min_MET_pt': [14.806497573852539, 10000000.0], '450_430': [0.0, 0.0], '450_430_passing_MET': [0.0, 0.0], '450_430_failing_MET': [0.0, 0.0], '450_430_min_MET_pt': [10000000.0, 10000000.0], '450_425': [0.0, 0.0], '450_425_passing_MET': [0.0, 0.0], '450_425_failing_MET': [0.0, 0.0], '450_425_min_MET_pt': [10000000.0, 10000000.0], '450_420': [0.0, 0.0], '450_420_passing_MET': [0.0, 0.0], '450_420_failing_MET': [0.0, 0.0], '450_420_min_MET_pt': [10000000.0, 10000000.0], '475_465': [971.0, 0.0], '475_465_passing_MET': [940.0, 0.0], '475_465_failing_MET': [31.0, 0.0], '475_465_min_MET_pt': [36.30904769897461, 10000000.0], '475_460': [0.0, 0.0], '475_460_passing_MET': [0.0, 0.0], '475_460_failing_MET': [0.0, 0.0], '475_460_min_MET_pt': [10000000.0, 10000000.0], '475_455': [0.0, 0.0], '475_455_passing_MET': [0.0, 0.0], '475_455_failing_MET': [0.0, 0.0], '475_455_min_MET_pt': [10000000.0, 10000000.0], '475_450': [0.0, 992.0], '475_450_passing_MET': [0.0, 949.0], '475_450_failing_MET': [0.0, 43.0], '475_450_min_MET_pt': [10000000.0, 28.04084014892578], '475_445': [1024.0, 0.0], '475_445_passing_MET': [984.0, 0.0], '475_445_failing_MET': [40.0, 0.0], '475_445_min_MET_pt': [9.996232986450195, 10000000.0], '500_490': [1863.0, 1909.0], '500_490_passing_MET': [0.0, 0.0], '500_490_failing_MET': [0.0, 0.0], '500_490_min_MET_pt': [10000000.0, 10000000.0], '500_485': [0.0, 0.0], '500_485_passing_MET': [0.0, 0.0], '500_485_failing_MET': [0.0, 0.0], '500_485_min_MET_pt': [10000000.0, 10000000.0], '500_480': [0.0, 0.0], '500_480_passing_MET': [0.0, 0.0], '500_480_failing_MET': [0.0, 0.0], '500_480_min_MET_pt': [10000000.0, 10000000.0], '500_475': [0.0, 0.0], '500_475_passing_MET': [0.0, 0.0], '500_475_failing_MET': [0.0, 0.0], '500_475_min_MET_pt': [10000000.0, 10000000.0], '500_470': [1053.0, 0.0], '500_470_passing_MET': [1006.0, 0.0], '500_470_failing_MET': [47.0, 0.0], '500_470_min_MET_pt': [40.50027084350586, 10000000.0], '525_515': [0.0, 0.0], '525_515_passing_MET': [0.0, 0.0], '525_515_failing_MET': [0.0, 0.0], '525_515_min_MET_pt': [10000000.0, 10000000.0], '525_510': [0.0, 0.0], '525_510_passing_MET': [0.0, 0.0], '525_510_failing_MET': [0.0, 0.0], '525_510_min_MET_pt': [10000000.0, 10000000.0], '525_505': [0.0, 0.0], '525_505_passing_MET': [0.0, 0.0], '525_505_failing_MET': [0.0, 0.0], '525_505_min_MET_pt': [10000000.0, 10000000.0], '525_500': [0.0, 0.0], '525_500_passing_MET': [0.0, 0.0], '525_500_failing_MET': [0.0, 0.0], '525_500_min_MET_pt': [10000000.0, 10000000.0], '525_495': [0.0, 0.0], '525_495_passing_MET': [0.0, 0.0], '525_495_failing_MET': [0.0, 0.0], '525_495_min_MET_pt': [10000000.0, 10000000.0], '550_540': [969.0, 974.0], '550_540_passing_MET': [0.0, 0.0], '550_540_failing_MET': [0.0, 0.0], '550_540_min_MET_pt': [10000000.0, 10000000.0], '550_535': [0.0, 0.0], '550_535_passing_MET': [0.0, 0.0], '550_535_failing_MET': [0.0, 0.0], '550_535_min_MET_pt': [10000000.0, 10000000.0], '550_530': [0.0, 0.0], '550_530_passing_MET': [0.0, 0.0], '550_530_failing_MET': [0.0, 0.0], '550_530_min_MET_pt': [10000000.0, 10000000.0], '550_525': [0.0, 0.0], '550_525_passing_MET': [0.0, 0.0], '550_525_failing_MET': [0.0, 0.0], '550_525_min_MET_pt': [10000000.0, 10000000.0], '550_520': [1060.0, 0.0], '550_520_passing_MET': [1025.0, 0.0], '550_520_failing_MET': [35.0, 0.0], '550_520_min_MET_pt': [43.12089538574219, 10000000.0], '575_565': [0.0, 0.0], '575_565_passing_MET': [0.0, 0.0], '575_565_failing_MET': [0.0, 0.0], '575_565_min_MET_pt': [10000000.0, 10000000.0], '575_560': [0.0, 0.0], '575_560_passing_MET': [0.0, 0.0], '575_560_failing_MET': [0.0, 0.0], '575_560_min_MET_pt': [10000000.0, 10000000.0], '575_555': [0.0, 0.0], '575_555_passing_MET': [0.0, 0.0], '575_555_failing_MET': [0.0, 0.0], '575_555_min_MET_pt': [10000000.0, 10000000.0], '575_550': [0.0, 0.0], '575_550_passing_MET': [0.0, 0.0], '575_550_failing_MET': [0.0, 0.0], '575_550_min_MET_pt': [10000000.0, 10000000.0], '575_545': [0.0, 0.0], '575_545_passing_MET': [0.0, 0.0], '575_545_failing_MET': [0.0, 0.0], '575_545_min_MET_pt': [10000000.0, 10000000.0], '600_590': [980.0, 2050.0], '600_590_passing_MET': [0.0, 0.0], '600_590_failing_MET': [0.0, 0.0], '600_590_min_MET_pt': [10000000.0, 10000000.0], '600_585': [0.0, 0.0], '600_585_passing_MET': [0.0, 0.0], '600_585_failing_MET': [0.0, 0.0], '600_585_min_MET_pt': [10000000.0, 10000000.0], '600_580': [0.0, 1002.0], '600_580_passing_MET': [0.0, 971.0], '600_580_failing_MET': [0.0, 31.0], '600_580_min_MET_pt': [10000000.0, 56.659114837646484], '600_575': [0.0, 901.0], '600_575_passing_MET': [0.0, 884.0], '600_575_failing_MET': [0.0, 17.0], '600_575_min_MET_pt': [10000000.0, 61.15353012084961], '600_570': [0.0, 0.0], '600_570_passing_MET': [0.0, 0.0], '600_570_failing_MET': [0.0, 0.0], '600_570_min_MET_pt': [10000000.0, 10000000.0], '625_615': [0.0, 0.0], '625_615_passing_MET': [0.0, 0.0], '625_615_failing_MET': [0.0, 0.0], '625_615_min_MET_pt': [10000000.0, 10000000.0], '625_610': [0.0, 0.0], '625_610_passing_MET': [0.0, 0.0], '625_610_failing_MET': [0.0, 0.0], '625_610_min_MET_pt': [10000000.0, 10000000.0], '625_605': [0.0, 0.0], '625_605_passing_MET': [0.0, 0.0], '625_605_failing_MET': [0.0, 0.0], '625_605_min_MET_pt': [10000000.0, 10000000.0], '625_600': [0.0, 0.0], '625_600_passing_MET': [0.0, 0.0], '625_600_failing_MET': [0.0, 0.0], '625_600_min_MET_pt': [10000000.0, 10000000.0], '625_595': [0.0, 0.0], '625_595_passing_MET': [0.0, 0.0], '625_595_failing_MET': [0.0, 0.0], '625_595_min_MET_pt': [10000000.0, 10000000.0], '650_640': [969.0, 2084.0], '650_640_passing_MET': [0.0, 0.0], '650_640_failing_MET': [0.0, 0.0], '650_640_min_MET_pt': [10000000.0, 10000000.0], '650_635': [0.0, 0.0], '650_635_passing_MET': [0.0, 0.0], '650_635_failing_MET': [0.0, 0.0], '650_635_min_MET_pt': [10000000.0, 10000000.0], '650_630': [0.0, 0.0], '650_630_passing_MET': [0.0, 0.0], '650_630_failing_MET': [0.0, 0.0], '650_630_min_MET_pt': [10000000.0, 10000000.0], '650_625': [0.0, 0.0], '650_625_passing_MET': [0.0, 0.0], '650_625_failing_MET': [0.0, 0.0], '650_625_min_MET_pt': [10000000.0, 10000000.0], '650_620': [0.0, 0.0], '650_620_passing_MET': [0.0, 0.0], '650_620_failing_MET': [0.0, 0.0], '650_620_min_MET_pt': [10000000.0, 10000000.0], '675_665': [0.0, 0.0], '675_665_passing_MET': [0.0, 0.0], '675_665_failing_MET': [0.0, 0.0], '675_665_min_MET_pt': [10000000.0, 10000000.0], '675_660': [0.0, 0.0], '675_660_passing_MET': [0.0, 0.0], '675_660_failing_MET': [0.0, 0.0], '675_660_min_MET_pt': [10000000.0, 10000000.0], '675_655': [0.0, 0.0], '675_655_passing_MET': [0.0, 0.0], '675_655_failing_MET': [0.0, 0.0], '675_655_min_MET_pt': [10000000.0, 10000000.0], '675_650': [0.0, 0.0], '675_650_passing_MET': [0.0, 0.0], '675_650_failing_MET': [0.0, 0.0], '675_650_min_MET_pt': [10000000.0, 10000000.0], '675_645': [0.0, 0.0], '675_645_passing_MET': [0.0, 0.0], '675_645_failing_MET': [0.0, 0.0], '675_645_min_MET_pt': [10000000.0, 10000000.0], '700_690': [0.0, 0.0], '700_690_passing_MET': [0.0, 0.0], '700_690_failing_MET': [0.0, 0.0], '700_690_min_MET_pt': [10000000.0, 10000000.0], '700_685': [0.0, 0.0], '700_685_passing_MET': [0.0, 0.0], '700_685_failing_MET': [0.0, 0.0], '700_685_min_MET_pt': [10000000.0, 10000000.0], '700_680': [0.0, 0.0], '700_680_passing_MET': [0.0, 0.0], '700_680_failing_MET': [0.0, 0.0], '700_680_min_MET_pt': [10000000.0, 10000000.0], '700_675': [0.0, 0.0], '700_675_passing_MET': [0.0, 0.0], '700_675_failing_MET': [0.0, 0.0], '700_675_min_MET_pt': [10000000.0, 10000000.0], '700_670': [0.0, 1121.0], '700_670_passing_MET': [0.0, 1085.0], '700_670_failing_MET': [0.0, 36.0], '700_670_min_MET_pt': [10000000.0, 43.13340759277344], '725_715': [0.0, 0.0], '725_715_passing_MET': [0.0, 0.0], '725_715_failing_MET': [0.0, 0.0], '725_715_min_MET_pt': [10000000.0, 10000000.0], '725_710': [0.0, 0.0], '725_710_passing_MET': [0.0, 0.0], '725_710_failing_MET': [0.0, 0.0], '725_710_min_MET_pt': [10000000.0, 10000000.0], '725_705': [0.0, 0.0], '725_705_passing_MET': [0.0, 0.0], '725_705_failing_MET': [0.0, 0.0], '725_705_min_MET_pt': [10000000.0, 10000000.0], '725_700': [0.0, 0.0], '725_700_passing_MET': [0.0, 0.0], '725_700_failing_MET': [0.0, 0.0], '725_700_min_MET_pt': [10000000.0, 10000000.0], '725_695': [0.0, 0.0], '725_695_passing_MET': [0.0, 0.0], '725_695_failing_MET': [0.0, 0.0], '725_695_min_MET_pt': [10000000.0, 10000000.0], '750_740': [2102.0, 1050.0], '750_740_passing_MET': [0.0, 0.0], '750_740_failing_MET': [0.0, 0.0], '750_740_min_MET_pt': [10000000.0, 10000000.0], '750_735': [0.0, 928.0], '750_735_passing_MET': [0.0, 903.0], '750_735_failing_MET': [0.0, 25.0], '750_735_min_MET_pt': [10000000.0, 27.807247161865234], '750_730': [0.0, 0.0], '750_730_passing_MET': [0.0, 0.0], '750_730_failing_MET': [0.0, 0.0], '750_730_min_MET_pt': [10000000.0, 10000000.0], '750_725': [0.0, 0.0], '750_725_passing_MET': [0.0, 0.0], '750_725_failing_MET': [0.0, 0.0], '750_725_min_MET_pt': [10000000.0, 10000000.0], '750_720': [0.0, 0.0], '750_720_passing_MET': [0.0, 0.0], '750_720_failing_MET': [0.0, 0.0], '750_720_min_MET_pt': [10000000.0, 10000000.0], '775_765': [0.0, 0.0], '775_765_passing_MET': [0.0, 0.0], '775_765_failing_MET': [0.0, 0.0], '775_765_min_MET_pt': [10000000.0, 10000000.0], '775_760': [0.0, 0.0], '775_760_passing_MET': [0.0, 0.0], '775_760_failing_MET': [0.0, 0.0], '775_760_min_MET_pt': [10000000.0, 10000000.0], '775_755': [0.0, 0.0], '775_755_passing_MET': [0.0, 0.0], '775_755_failing_MET': [0.0, 0.0], '775_755_min_MET_pt': [10000000.0, 10000000.0], '775_750': [0.0, 0.0], '775_750_passing_MET': [0.0, 0.0], '775_750_failing_MET': [0.0, 0.0], '775_750_min_MET_pt': [10000000.0, 10000000.0], '775_745': [0.0, 0.0], '775_745_passing_MET': [0.0, 0.0], '775_745_failing_MET': [0.0, 0.0], '775_745_min_MET_pt': [10000000.0, 10000000.0], '800_790': [1121.0, 0.0], '800_790_passing_MET': [1102.0, 0.0], '800_790_failing_MET': [19.0, 0.0], '800_790_min_MET_pt': [65.9365005493164, 10000000.0], '800_785': [0.0, 0.0], '800_785_passing_MET': [0.0, 0.0], '800_785_failing_MET': [0.0, 0.0], '800_785_min_MET_pt': [10000000.0, 10000000.0], '800_780': [0.0, 0.0], '800_780_passing_MET': [0.0, 0.0], '800_780_failing_MET': [0.0, 0.0], '800_780_min_MET_pt': [10000000.0, 10000000.0], '800_775': [0.0, 0.0], '800_775_passing_MET': [0.0, 0.0], '800_775_failing_MET': [0.0, 0.0], '800_775_min_MET_pt': [10000000.0, 10000000.0], '800_770': [0.0, 0.0], '800_770_passing_MET': [0.0, 0.0], '800_770_failing_MET': [0.0, 0.0], '800_770_min_MET_pt': [10000000.0, 10000000.0], '825_815': [0.0, 0.0], '825_815_passing_MET': [0.0, 0.0], '825_815_failing_MET': [0.0, 0.0], '825_815_min_MET_pt': [10000000.0, 10000000.0], '825_810': [0.0, 0.0], '825_810_passing_MET': [0.0, 0.0], '825_810_failing_MET': [0.0, 0.0], '825_810_min_MET_pt': [10000000.0, 10000000.0], '825_805': [0.0, 0.0], '825_805_passing_MET': [0.0, 0.0], '825_805_failing_MET': [0.0, 0.0], '825_805_min_MET_pt': [10000000.0, 10000000.0], '825_800': [0.0, 0.0], '825_800_passing_MET': [0.0, 0.0], '825_800_failing_MET': [0.0, 0.0], '825_800_min_MET_pt': [10000000.0, 10000000.0], '825_795': [0.0, 0.0], '825_795_passing_MET': [0.0, 0.0], '825_795_failing_MET': [0.0, 0.0], '825_795_min_MET_pt': [10000000.0, 10000000.0], '850_840': [0.0, 0.0], '850_840_passing_MET': [0.0, 0.0], '850_840_failing_MET': [0.0, 0.0], '850_840_min_MET_pt': [10000000.0, 10000000.0], '850_835': [0.0, 0.0], '850_835_passing_MET': [0.0, 0.0], '850_835_failing_MET': [0.0, 0.0], '850_835_min_MET_pt': [10000000.0, 10000000.0], '850_830': [0.0, 0.0], '850_830_passing_MET': [0.0, 0.0], '850_830_failing_MET': [0.0, 0.0], '850_830_min_MET_pt': [10000000.0, 10000000.0], '850_825': [947.0, 1003.0], '850_825_passing_MET': [0.0, 0.0], '850_825_failing_MET': [0.0, 0.0], '850_825_min_MET_pt': [10000000.0, 10000000.0], '850_820': [0.0, 0.0], '850_820_passing_MET': [0.0, 0.0], '850_820_failing_MET': [0.0, 0.0], '850_820_min_MET_pt': [10000000.0, 10000000.0], '875_865': [0.0, 0.0], '875_865_passing_MET': [0.0, 0.0], '875_865_failing_MET': [0.0, 0.0], '875_865_min_MET_pt': [10000000.0, 10000000.0], '875_860': [0.0, 0.0], '875_860_passing_MET': [0.0, 0.0], '875_860_failing_MET': [0.0, 0.0], '875_860_min_MET_pt': [10000000.0, 10000000.0], '875_855': [0.0, 0.0], '875_855_passing_MET': [0.0, 0.0], '875_855_failing_MET': [0.0, 0.0], '875_855_min_MET_pt': [10000000.0, 10000000.0], '875_850': [0.0, 0.0], '875_850_passing_MET': [0.0, 0.0], '875_850_failing_MET': [0.0, 0.0], '875_850_min_MET_pt': [10000000.0, 10000000.0], '875_845': [0.0, 0.0], '875_845_passing_MET': [0.0, 0.0], '875_845_failing_MET': [0.0, 0.0], '875_845_min_MET_pt': [10000000.0, 10000000.0], '900_890': [0.0, 0.0], '900_890_passing_MET': [0.0, 0.0], '900_890_failing_MET': [0.0, 0.0], '900_890_min_MET_pt': [10000000.0, 10000000.0], '900_885': [0.0, 0.0], '900_885_passing_MET': [0.0, 0.0], '900_885_failing_MET': [0.0, 0.0], '900_885_min_MET_pt': [10000000.0, 10000000.0], '900_880': [0.0, 0.0], '900_880_passing_MET': [0.0, 0.0], '900_880_failing_MET': [0.0, 0.0], '900_880_min_MET_pt': [10000000.0, 10000000.0], '900_875': [0.0, 0.0], '900_875_passing_MET': [0.0, 0.0], '900_875_failing_MET': [0.0, 0.0], '900_875_min_MET_pt': [10000000.0, 10000000.0], '900_870': [0.0, 0.0], '900_870_passing_MET': [0.0, 0.0], '900_870_failing_MET': [0.0, 0.0], '900_870_min_MET_pt': [10000000.0, 10000000.0], '925_915': [0.0, 0.0], '925_915_passing_MET': [0.0, 0.0], '925_915_failing_MET': [0.0, 0.0], '925_915_min_MET_pt': [10000000.0, 10000000.0], '925_910': [0.0, 0.0], '925_910_passing_MET': [0.0, 0.0], '925_910_failing_MET': [0.0, 0.0], '925_910_min_MET_pt': [10000000.0, 10000000.0], '925_905': [0.0, 0.0], '925_905_passing_MET': [0.0, 0.0], '925_905_failing_MET': [0.0, 0.0], '925_905_min_MET_pt': [10000000.0, 10000000.0], '925_900': [0.0, 0.0], '925_900_passing_MET': [0.0, 0.0], '925_900_failing_MET': [0.0, 0.0], '925_900_min_MET_pt': [10000000.0, 10000000.0], '925_895': [0.0, 0.0], '925_895_passing_MET': [0.0, 0.0], '925_895_failing_MET': [0.0, 0.0], '925_895_min_MET_pt': [10000000.0, 10000000.0], '950_940': [0.0, 1134.0], '950_940_passing_MET': [0.0, 1105.0], '950_940_failing_MET': [0.0, 29.0], '950_940_min_MET_pt': [10000000.0, 6.661040782928467], '950_935': [0.0, 0.0], '950_935_passing_MET': [0.0, 0.0], '950_935_failing_MET': [0.0, 0.0], '950_935_min_MET_pt': [10000000.0, 10000000.0], '950_930': [0.0, 0.0], '950_930_passing_MET': [0.0, 0.0], '950_930_failing_MET': [0.0, 0.0], '950_930_min_MET_pt': [10000000.0, 10000000.0], '950_925': [984.0, 0.0], '950_925_passing_MET': [960.0, 0.0], '950_925_failing_MET': [24.0, 0.0], '950_925_min_MET_pt': [28.615150451660156, 10000000.0], '950_920': [0.0, 1180.0], '950_920_passing_MET': [0.0, 1142.0], '950_920_failing_MET': [0.0, 38.0], '950_920_min_MET_pt': [10000000.0, 54.55156326293945], '975_965': [0.0, 0.0], '975_965_passing_MET': [0.0, 0.0], '975_965_failing_MET': [0.0, 0.0], '975_965_min_MET_pt': [10000000.0, 10000000.0], '975_960': [0.0, 0.0], '975_960_passing_MET': [0.0, 0.0], '975_960_failing_MET': [0.0, 0.0], '975_960_min_MET_pt': [10000000.0, 10000000.0], '975_955': [0.0, 0.0], '975_955_passing_MET': [0.0, 0.0], '975_955_failing_MET': [0.0, 0.0], '975_955_min_MET_pt': [10000000.0, 10000000.0], '975_950': [0.0, 0.0], '975_950_passing_MET': [0.0, 0.0], '975_950_failing_MET': [0.0, 0.0], '975_950_min_MET_pt': [10000000.0, 10000000.0], '975_945': [0.0, 0.0], '975_945_passing_MET': [0.0, 0.0], '975_945_failing_MET': [0.0, 0.0], '975_945_min_MET_pt': [10000000.0, 10000000.0], '1000_990': [1141.0, 1099.0], '1000_990_passing_MET': [0.0, 0.0], '1000_990_failing_MET': [0.0, 0.0], '1000_990_min_MET_pt': [10000000.0, 10000000.0], '1000_985': [0.0, 0.0], '1000_985_passing_MET': [0.0, 0.0], '1000_985_failing_MET': [0.0, 0.0], '1000_985_min_MET_pt': [10000000.0, 10000000.0], '1000_980': [1124.0, 0.0], '1000_980_passing_MET': [1096.0, 0.0], '1000_980_failing_MET': [28.0, 0.0], '1000_980_min_MET_pt': [35.27676773071289, 10000000.0], '1000_975': [0.0, 0.0], '1000_975_passing_MET': [0.0, 0.0], '1000_975_failing_MET': [0.0, 0.0], '1000_975_min_MET_pt': [10000000.0, 10000000.0], '1000_970': [0.0, 0.0], '1000_970_passing_MET': [0.0, 0.0], '1000_970_failing_MET': [0.0, 0.0], '1000_970_min_MET_pt': [10000000.0, 10000000.0], '1025_1015': [0.0, 0.0], '1025_1015_passing_MET': [0.0, 0.0], '1025_1015_failing_MET': [0.0, 0.0], '1025_1015_min_MET_pt': [10000000.0, 10000000.0], '1025_1010': [0.0, 0.0], '1025_1010_passing_MET': [0.0, 0.0], '1025_1010_failing_MET': [0.0, 0.0], '1025_1010_min_MET_pt': [10000000.0, 10000000.0], '1025_1005': [0.0, 0.0], '1025_1005_passing_MET': [0.0, 0.0], '1025_1005_failing_MET': [0.0, 0.0], '1025_1005_min_MET_pt': [10000000.0, 10000000.0], '1025_1000': [0.0, 0.0], '1025_1000_passing_MET': [0.0, 0.0], '1025_1000_failing_MET': [0.0, 0.0], '1025_1000_min_MET_pt': [10000000.0, 10000000.0], '1025_995': [0.0, 0.0], '1025_995_passing_MET': [0.0, 0.0], '1025_995_failing_MET': [0.0, 0.0], '1025_995_min_MET_pt': [10000000.0, 10000000.0], '1050_1040': [0.0, 0.0], '1050_1040_passing_MET': [0.0, 0.0], '1050_1040_failing_MET': [0.0, 0.0], '1050_1040_min_MET_pt': [10000000.0, 10000000.0], '1050_1035': [0.0, 0.0], '1050_1035_passing_MET': [0.0, 0.0], '1050_1035_failing_MET': [0.0, 0.0], '1050_1035_min_MET_pt': [10000000.0, 10000000.0], '1050_1030': [0.0, 0.0], '1050_1030_passing_MET': [0.0, 0.0], '1050_1030_failing_MET': [0.0, 0.0], '1050_1030_min_MET_pt': [10000000.0, 10000000.0], '1050_1025': [0.0, 0.0], '1050_1025_passing_MET': [0.0, 0.0], '1050_1025_failing_MET': [0.0, 0.0], '1050_1025_min_MET_pt': [10000000.0, 10000000.0], '1050_1020': [0.0, 0.0], '1050_1020_passing_MET': [0.0, 0.0], '1050_1020_failing_MET': [0.0, 0.0], '1050_1020_min_MET_pt': [10000000.0, 10000000.0], '1075_1065': [0.0, 0.0], '1075_1065_passing_MET': [0.0, 0.0], '1075_1065_failing_MET': [0.0, 0.0], '1075_1065_min_MET_pt': [10000000.0, 10000000.0], '1075_1060': [0.0, 0.0], '1075_1060_passing_MET': [0.0, 0.0], '1075_1060_failing_MET': [0.0, 0.0], '1075_1060_min_MET_pt': [10000000.0, 10000000.0], '1075_1055': [0.0, 0.0], '1075_1055_passing_MET': [0.0, 0.0], '1075_1055_failing_MET': [0.0, 0.0], '1075_1055_min_MET_pt': [10000000.0, 10000000.0], '1075_1050': [0.0, 0.0], '1075_1050_passing_MET': [0.0, 0.0], '1075_1050_failing_MET': [0.0, 0.0], '1075_1050_min_MET_pt': [10000000.0, 10000000.0], '1075_1045': [0.0, 0.0], '1075_1045_passing_MET': [0.0, 0.0], '1075_1045_failing_MET': [0.0, 0.0], '1075_1045_min_MET_pt': [10000000.0, 10000000.0], '1100_1090': [0.0, 1100.0], '1100_1090_passing_MET': [0.0, 1070.0], '1100_1090_failing_MET': [0.0, 30.0], '1100_1090_min_MET_pt': [10000000.0, 29.83306884765625], '1100_1085': [1009.0, 0.0], '1100_1085_passing_MET': [983.0, 0.0], '1100_1085_failing_MET': [26.0, 0.0], '1100_1085_min_MET_pt': [37.56101989746094, 10000000.0], '1100_1080': [0.0, 0.0], '1100_1080_passing_MET': [0.0, 0.0], '1100_1080_failing_MET': [0.0, 0.0], '1100_1080_min_MET_pt': [10000000.0, 10000000.0], '1100_1075': [0.0, 1044.0], '1100_1075_passing_MET': [0.0, 1020.0], '1100_1075_failing_MET': [0.0, 24.0], '1100_1075_min_MET_pt': [10000000.0, 32.90191650390625], '1100_1070': [0.0, 0.0], '1100_1070_passing_MET': [0.0, 0.0], '1100_1070_failing_MET': [0.0, 0.0], '1100_1070_min_MET_pt': [10000000.0, 10000000.0], 'nEventsTotal': 142928.0, 'strange masspoints': 0.0, 'orphans': 0.0, 'R-hadron event': 0.0, 'different stop antistop masses': 0.0, 'strange error': 0.0, 'strange event': 0.0, 'different neutralino masses': 12992.0, 'large differences': 0.0, '726_695': [2807.0, 0.0], '726_695_passing_MET': [2708.0, 0.0], '726_695_failing_MET': [99.0, 0.0], '726_695_min_MET_pt': [13.23331356048584, 10000000.0], '726_696': [555.0, 0.0], '726_696_passing_MET': [541.0, 0.0], '726_696_failing_MET': [14.0, 0.0], '726_696_min_MET_pt': [52.57820510864258, 10000000.0], '976_965': [3014.0, 1999.0], '976_965_passing_MET': [2946.0, 1950.0], '976_965_failing_MET': [68.0, 49.0], '976_965_min_MET_pt': [11.060700416564941, 5.928019046783447], '976_966': [336.0, 168.0], '976_966_passing_MET': [325.0, 167.0], '976_966_failing_MET': [11.0, 1.0], '976_966_min_MET_pt': [37.61341094970703, 89.31724548339844], '626_595': [0.0, 914.0], '626_595_passing_MET': [0.0, 881.0], '626_595_failing_MET': [0.0, 33.0], '626_595_min_MET_pt': [10000000.0, 17.30318832397461], '626_596': [0.0, 183.0], '626_596_passing_MET': [0.0, 177.0], '626_596_failing_MET': [0.0, 6.0], '626_596_min_MET_pt': [10000000.0, 34.82567596435547], '576_565': [881.0, 3531.0], '576_565_passing_MET': [861.0, 3449.0], '576_565_failing_MET': [20.0, 82.0], '576_565_min_MET_pt': [30.395158767700195, 29.378002166748047], '576_566': [88.0, 343.0], '576_566_passing_MET': [86.0, 335.0], '576_566_failing_MET': [2.0, 8.0], '576_566_min_MET_pt': [71.42263793945312, 34.42385482788086], '776_765': [1857.0, 978.0], '776_765_passing_MET': [1827.0, 967.0], '776_765_failing_MET': [30.0, 11.0], '776_765_min_MET_pt': [32.48535919189453, 45.404876708984375], '776_766': [196.0, 91.0], '776_766_passing_MET': [192.0, 87.0], '776_766_failing_MET': [4.0, 4.0], '776_766_min_MET_pt': [22.316272735595703, 55.36419677734375], '576_546': [357.0, 184.0], '576_546_passing_MET': [344.0, 180.0], '576_546_failing_MET': [13.0, 4.0], '576_546_min_MET_pt': [45.42741012573242, 70.78528594970703], '576_545': [1774.0, 919.0], '576_545_passing_MET': [1719.0, 882.0], '576_545_failing_MET': [55.0, 37.0], '576_545_min_MET_pt': [27.25899314880371, 31.77286148071289], '626_605': [934.0, 934.0], '626_605_passing_MET': [907.0, 917.0], '626_605_failing_MET': [27.0, 17.0], '626_605_min_MET_pt': [32.683841705322266, 31.501047134399414], '626_606': [148.0, 156.0], '626_606_passing_MET': [140.0, 155.0], '626_606_failing_MET': [8.0, 1.0], '626_606_min_MET_pt': [44.14670181274414, 81.19776153564453], '1076_1055': [1966.0, 0.0], '1076_1055_passing_MET': [1915.0, 0.0], '1076_1055_failing_MET': [51.0, 0.0], '1076_1055_min_MET_pt': [47.645748138427734, 10000000.0], '1076_1056': [310.0, 0.0], '1076_1056_passing_MET': [302.0, 0.0], '1076_1056_failing_MET': [8.0, 0.0], '1076_1056_min_MET_pt': [73.46625518798828, 10000000.0], '1052_1030': [1009.0, 1987.0], '1052_1030_passing_MET': [986.0, 1936.0], '1052_1030_failing_MET': [23.0, 51.0], '1052_1030_min_MET_pt': [34.0570182800293, 35.72488784790039], '1052_1032': [161.0, 277.0], '1052_1032_passing_MET': [160.0, 273.0], '1052_1032_failing_MET': [1.0, 4.0], '1052_1032_min_MET_pt': [96.88612365722656, 70.71571350097656], '926_905': [1002.0, 0.0], '926_905_passing_MET': [984.0, 0.0], '926_905_failing_MET': [18.0, 0.0], '926_905_min_MET_pt': [35.45065689086914, 10000000.0], '926_906': [167.0, 0.0], '926_906_passing_MET': [163.0, 0.0], '926_906_failing_MET': [4.0, 0.0], '926_906_min_MET_pt': [59.60963439941406, 10000000.0], '850_826': [188.0, 165.0], '850_826_passing_MET': [185.0, 156.0], '850_826_failing_MET': [3.0, 9.0], '850_826_min_MET_pt': [58.89617919921875, 58.877628326416016], '576_560': [0.0, 979.0], '576_560_passing_MET': [0.0, 954.0], '576_560_failing_MET': [0.0, 25.0], '576_560_min_MET_pt': [10000000.0, 40.92989730834961], '676_665': [993.0, 1013.0], '676_665_passing_MET': [963.0, 988.0], '676_665_failing_MET': [30.0, 25.0], '676_665_min_MET_pt': [31.519020080566406, 21.361677169799805], '676_666': [97.0, 96.0], '676_666_passing_MET': [95.0, 93.0], '676_666_failing_MET': [2.0, 3.0], '676_666_min_MET_pt': [65.01849365234375, 67.36566162109375], '826_815': [979.0, 1969.0], '826_815_passing_MET': [964.0, 1911.0], '826_815_failing_MET': [15.0, 58.0], '826_815_min_MET_pt': [40.49388122558594, 11.901893615722656], '826_816': [86.0, 223.0], '826_816_passing_MET': [84.0, 218.0], '826_816_failing_MET': [2.0, 5.0], '826_816_min_MET_pt': [53.676876068115234, 76.37487030029297], '976_945': [1977.0, 0.0], '976_945_passing_MET': [1907.0, 0.0], '976_945_failing_MET': [70.0, 0.0], '976_945_min_MET_pt': [21.278717041015625, 10000000.0], '976_946': [357.0, 0.0], '976_946_passing_MET': [347.0, 0.0], '976_946_failing_MET': [10.0, 0.0], '976_946_min_MET_pt': [53.07517623901367, 10000000.0], '776_760': [1130.0, 0.0], '776_760_passing_MET': [1113.0, 0.0], '776_760_failing_MET': [17.0, 0.0], '776_760_min_MET_pt': [32.148502349853516, 10000000.0], '576_555': [0.0, 868.0], '576_555_passing_MET': [0.0, 837.0], '576_555_failing_MET': [0.0, 31.0], '576_555_min_MET_pt': [10000000.0, 52.201045989990234], '576_556': [0.0, 147.0], '576_556_passing_MET': [0.0, 142.0], '576_556_failing_MET': [0.0, 5.0], '576_556_min_MET_pt': [10000000.0, 53.48330307006836], '776_745': [0.0, 945.0], '776_745_passing_MET': [0.0, 904.0], '776_745_failing_MET': [0.0, 41.0], '776_745_min_MET_pt': [10000000.0, 29.500246047973633], '776_746': [0.0, 191.0], '776_746_passing_MET': [0.0, 186.0], '776_746_failing_MET': [0.0, 5.0], '776_746_min_MET_pt': [10000000.0, 69.56336212158203], '1052_1040': [1122.0, 1129.0], '1052_1040_passing_MET': [1091.0, 1105.0], '1052_1040_failing_MET': [31.0, 24.0], '1052_1040_min_MET_pt': [47.50887680053711, 42.72674560546875], '976_950': [1167.0, 0.0], '976_950_passing_MET': [1136.0, 0.0], '976_950_failing_MET': [31.0, 0.0], '976_950_min_MET_pt': [33.68783950805664, 10000000.0], '1076_1065': [1036.0, 2049.0], '1076_1065_passing_MET': [1018.0, 2003.0], '1076_1065_failing_MET': [18.0, 46.0], '1076_1065_min_MET_pt': [50.34990692138672, 5.281332969665527], '1076_1064': [102.0, 190.0], '1076_1064_passing_MET': [100.0, 185.0], '1076_1064_failing_MET': [2.0, 5.0], '1076_1064_min_MET_pt': [91.51013946533203, 85.15859985351562], '1100_1084': [138.0, 0.0], '1100_1084_passing_MET': [134.0, 0.0], '1100_1084_failing_MET': [4.0, 0.0], '1100_1084_min_MET_pt': [75.37374877929688, 10000000.0], '950_926': [191.0, 0.0], '950_926_passing_MET': [185.0, 0.0], '950_926_failing_MET': [6.0, 0.0], '950_926_min_MET_pt': [42.53790283203125, 10000000.0], '526_515': [0.0, 1765.0], '526_515_passing_MET': [0.0, 1711.0], '526_515_failing_MET': [0.0, 54.0], '526_515_min_MET_pt': [10000000.0, 21.256256103515625], '526_516': [0.0, 201.0], '526_516_passing_MET': [0.0, 195.0], '526_516_failing_MET': [0.0, 6.0], '526_516_min_MET_pt': [10000000.0, 66.95881652832031], '726_715': [0.0, 928.0], '726_715_passing_MET': [0.0, 910.0], '726_715_failing_MET': [0.0, 18.0], '726_715_min_MET_pt': [10000000.0, 44.770076751708984], '726_716': [0.0, 94.0], '726_716_passing_MET': [0.0, 91.0], '726_716_failing_MET': [0.0, 3.0], '726_716_min_MET_pt': [10000000.0, 24.235754013061523], '1100_1092': [0.0, 107.0], '1100_1092_passing_MET': [0.0, 104.0], '1100_1092_failing_MET': [0.0, 3.0], '1100_1092_min_MET_pt': [10000000.0, 48.983558654785156], '926_915': [0.0, 1047.0], '926_915_passing_MET': [0.0, 1034.0], '926_915_failing_MET': [0.0, 13.0], '926_915_min_MET_pt': [10000000.0, 38.32331848144531], '926_916': [0.0, 78.0], '926_916_passing_MET': [0.0, 75.0], '926_916_failing_MET': [0.0, 3.0], '926_916_min_MET_pt': [10000000.0, 40.4738655090332], '750_736': [0.0, 126.0], '750_736_passing_MET': [0.0, 122.0], '750_736_failing_MET': [0.0, 4.0], '750_736_min_MET_pt': [10000000.0, 37.332733154296875], '626_615': [948.0, 948.0], '626_615_passing_MET': [928.0, 926.0], '626_615_failing_MET': [20.0, 22.0], '626_615_min_MET_pt': [29.465267181396484, 29.89034652709961], '626_616': [104.0, 87.0], '626_616_passing_MET': [102.0, 83.0], '626_616_failing_MET': [2.0, 4.0], '626_616_min_MET_pt': [32.73972702026367, 53.68434143066406], '676_655': [0.0, 982.0], '676_655_passing_MET': [0.0, 956.0], '676_655_failing_MET': [0.0, 26.0], '676_655_min_MET_pt': [10000000.0, 52.75566864013672], '676_656': [0.0, 138.0], '676_656_passing_MET': [0.0, 137.0], '676_656_failing_MET': [0.0, 1.0], '676_656_min_MET_pt': [10000000.0, 98.92463684082031], '1024_1015': [0.0, 1009.0], '1024_1015_passing_MET': [0.0, 989.0], '1024_1015_failing_MET': [0.0, 20.0], '1024_1015_min_MET_pt': [10000000.0, 54.191043853759766], '1024_1016': [0.0, 94.0], '1024_1016_passing_MET': [0.0, 91.0], '1024_1016_failing_MET': [0.0, 3.0], '1024_1016_min_MET_pt': [10000000.0, 82.30199432373047], '600_576': [0.0, 175.0], '600_576_passing_MET': [0.0, 171.0], '600_576_failing_MET': [0.0, 4.0], '600_576_min_MET_pt': [10000000.0, 68.83757781982422], '1100_1076': [0.0, 195.0], '1100_1076_passing_MET': [0.0, 190.0], '1100_1076_failing_MET': [0.0, 5.0], '1100_1076_min_MET_pt': [10000000.0, 67.23038482666016], '1024_1010': [0.0, 1215.0], '1024_1010_passing_MET': [0.0, 1177.0], '1024_1010_failing_MET': [0.0, 38.0], '1024_1010_min_MET_pt': [10000000.0, 37.16400146484375], '926_910': [0.0, 1155.0], '926_910_passing_MET': [0.0, 1124.0], '926_910_failing_MET': [0.0, 31.0], '926_910_min_MET_pt': [10000000.0, 35.70638656616211], '526_510': [985.0, 0.0], '526_510_passing_MET': [960.0, 0.0], '526_510_failing_MET': [25.0, 0.0], '526_510_min_MET_pt': [28.64879608154297, 10000000.0], '676_646': [169.0, 0.0], '676_646_passing_MET': [159.0, 0.0], '676_646_failing_MET': [10.0, 0.0], '676_646_min_MET_pt': [55.134056091308594, 10000000.0], '676_645': [896.0, 0.0], '676_645_passing_MET': [864.0, 0.0], '676_645_failing_MET': [32.0, 0.0], '676_645_min_MET_pt': [23.63714027404785, 10000000.0]}
nevents_from_dict =  3520249615.0120482
Results saved to /afs/cern.ch/work/m/mleoncoe/private/stop_met_check/outputs_2018/nanoAOD_244.json
done
