i am in this directory
/pool/condor/dir_3454231
Python 3.9.23
3.9.23
 will run this python stop_check_met_eff.py /eos/user/m/mleoncoe/stop_event_check/privateNanoAod2018/nanoAOD_469.root /afs/cern.ch/work/m/mleoncoe/private/stop_met_check/outputs_2018/nanoAOD_469.json
event num1000
event num2000
event num3000
event num4000
event num5000
event num6000
event num7000
event num8000
event num9000
event num10000
event num11000
event num12000
event num13000
event num14000
event num15000
event num16000
event num17000
event num18000
event num19000
event num20000
event num21000
event num22000
event num23000
event num24000
event num25000
event num26000
event num27000
event num28000
event num29000
event num30000
event num31000
event num32000
event num33000
event num34000
event num35000
event num36000
event num37000
event num38000
event num39000
event num40000
event num41000
event num42000
event num43000
event num44000
event num45000
event num46000
event num47000
event num48000
event num49000
event num50000
event num51000
event num52000
event num53000
event num54000
event num55000
event num56000
event num57000
event num58000
event num59000
event num60000
event num61000
event num62000
event num63000
event num64000
event num65000
event num66000
event num67000
event num68000
event num69000
event num70000
event num71000
event num72000
event num73000
event num74000
event num75000
event num76000
event num77000
event num78000
event num79000
event num80000
event num81000
event num82000
event num83000
event num84000
event num85000
event num86000
event num87000
event num88000
event num89000
event num90000
event num91000
event num92000
event num93000
event num94000
event num95000
event num96000
event num97000
event num98000
event num99000
event num100000
event num101000
event num102000
event num103000
event num104000
event num105000
event num106000
event num107000
event num108000
event num109000
event num110000
event num111000
event num112000
event num113000
event num114000
event num115000
event num116000
event num117000
event num118000
event num119000
event num120000
event num121000
event num122000
event num123000
event num124000
event num125000
event num126000
event num127000
event num128000
event num129000
event num130000
event num131000
event num132000
event num133000
event num134000
event num135000
event num136000
event num137000
event num138000
event num139000
event num140000
event num141000
event num142000
event num143000
event num144000
event num145000
event num146000
event num147000
event num148000
event num149000
event num150000
event num151000
event num152000
event num153000
event num154000
event num155000
event num156000
event num157000
event num158000
event num159000
event num160000
event num161000
event num162000
event num163000
event num164000
event num165000
event num166000
event num167000
event num168000
event num169000
event num170000
event num171000
event num172000
event num173000
event num174000
event num175000
event num176000
event num177000
event num178000
event num179000
event num180000
event num181000
event num182000
event num183000
event num184000
event num185000
event num186000
event num187000
event num188000
event num189000
event num190000
{'250_240': [691.0, 697.0], '250_240_passing_MET': [0.0, 0.0], '250_240_failing_MET': [0.0, 0.0], '250_240_min_MET_pt': [10000000.0, 10000000.0], '250_235': [726.0, 0.0], '250_235_passing_MET': [696.0, 0.0], '250_235_failing_MET': [30.0, 0.0], '250_235_min_MET_pt': [41.0703125, 10000000.0], '250_230': [736.0, 753.0], '250_230_passing_MET': [0.0, 0.0], '250_230_failing_MET': [0.0, 0.0], '250_230_min_MET_pt': [10000000.0, 10000000.0], '250_225': [0.0, 0.0], '250_225_passing_MET': [0.0, 0.0], '250_225_failing_MET': [0.0, 0.0], '250_225_min_MET_pt': [10000000.0, 10000000.0], '250_220': [0.0, 738.0], '250_220_passing_MET': [0.0, 706.0], '250_220_failing_MET': [0.0, 32.0], '250_220_min_MET_pt': [10000000.0, 41.72892379760742], '275_265': [0.0, 740.0], '275_265_passing_MET': [0.0, 715.0], '275_265_failing_MET': [0.0, 25.0], '275_265_min_MET_pt': [10000000.0, 20.687162399291992], '275_260': [0.0, 805.0], '275_260_passing_MET': [0.0, 781.0], '275_260_failing_MET': [0.0, 24.0], '275_260_min_MET_pt': [10000000.0, 17.908672332763672], '275_255': [0.0, 0.0], '275_255_passing_MET': [0.0, 0.0], '275_255_failing_MET': [0.0, 0.0], '275_255_min_MET_pt': [10000000.0, 10000000.0], '275_250': [744.0, 0.0], '275_250_passing_MET': [705.0, 0.0], '275_250_failing_MET': [39.0, 0.0], '275_250_min_MET_pt': [30.85521125793457, 10000000.0], '275_245': [763.0, 772.0], '275_245_passing_MET': [0.0, 0.0], '275_245_failing_MET': [0.0, 0.0], '275_245_min_MET_pt': [10000000.0, 10000000.0], '300_290': [701.0, 2272.0], '300_290_passing_MET': [0.0, 0.0], '300_290_failing_MET': [0.0, 0.0], '300_290_min_MET_pt': [10000000.0, 10000000.0], '300_285': [0.0, 0.0], '300_285_passing_MET': [0.0, 0.0], '300_285_failing_MET': [0.0, 0.0], '300_285_min_MET_pt': [10000000.0, 10000000.0], '300_280': [1590.0, 0.0], '300_280_passing_MET': [1524.0, 0.0], '300_280_failing_MET': [66.0, 0.0], '300_280_min_MET_pt': [43.218162536621094, 10000000.0], '300_275': [1623.0, 775.0], '300_275_passing_MET': [0.0, 0.0], '300_275_failing_MET': [0.0, 0.0], '300_275_min_MET_pt': [10000000.0, 10000000.0], '300_270': [0.0, 0.0], '300_270_passing_MET': [0.0, 0.0], '300_270_failing_MET': [0.0, 0.0], '300_270_min_MET_pt': [10000000.0, 10000000.0], '325_315': [1616.0, 819.0], '325_315_passing_MET': [0.0, 0.0], '325_315_failing_MET': [0.0, 0.0], '325_315_min_MET_pt': [10000000.0, 10000000.0], '325_310': [0.0, 819.0], '325_310_passing_MET': [0.0, 781.0], '325_310_failing_MET': [0.0, 38.0], '325_310_min_MET_pt': [10000000.0, 39.171958923339844], '325_305': [0.0, 0.0], '325_305_passing_MET': [0.0, 0.0], '325_305_failing_MET': [0.0, 0.0], '325_305_min_MET_pt': [10000000.0, 10000000.0], '325_300': [856.0, 850.0], '325_300_passing_MET': [0.0, 0.0], '325_300_failing_MET': [0.0, 0.0], '325_300_min_MET_pt': [10000000.0, 10000000.0], '325_295': [0.0, 0.0], '325_295_passing_MET': [0.0, 0.0], '325_295_failing_MET': [0.0, 0.0], '325_295_min_MET_pt': [10000000.0, 10000000.0], '350_340': [901.0, 1694.0], '350_340_passing_MET': [0.0, 0.0], '350_340_failing_MET': [0.0, 0.0], '350_340_min_MET_pt': [10000000.0, 10000000.0], '350_335': [0.0, 0.0], '350_335_passing_MET': [0.0, 0.0], '350_335_failing_MET': [0.0, 0.0], '350_335_min_MET_pt': [10000000.0, 10000000.0], '350_330': [0.0, 0.0], '350_330_passing_MET': [0.0, 0.0], '350_330_failing_MET': [0.0, 0.0], '350_330_min_MET_pt': [10000000.0, 10000000.0], '350_325': [0.0, 0.0], '350_325_passing_MET': [0.0, 0.0], '350_325_failing_MET': [0.0, 0.0], '350_325_min_MET_pt': [10000000.0, 10000000.0], '350_320': [0.0, 0.0], '350_320_passing_MET': [0.0, 0.0], '350_320_failing_MET': [0.0, 0.0], '350_320_min_MET_pt': [10000000.0, 10000000.0], '375_365': [0.0, 2536.0], '375_365_passing_MET': [0.0, 2445.0], '375_365_failing_MET': [0.0, 91.0], '375_365_min_MET_pt': [10000000.0, 11.987053871154785], '375_360': [867.0, 0.0], '375_360_passing_MET': [843.0, 0.0], '375_360_failing_MET': [24.0, 0.0], '375_360_min_MET_pt': [41.166900634765625, 10000000.0], '375_355': [2650.0, 0.0], '375_355_passing_MET': [2551.0, 0.0], '375_355_failing_MET': [99.0, 0.0], '375_355_min_MET_pt': [14.306441307067871, 10000000.0], '375_350': [0.0, 0.0], '375_350_passing_MET': [0.0, 0.0], '375_350_failing_MET': [0.0, 0.0], '375_350_min_MET_pt': [10000000.0, 10000000.0], '375_345': [0.0, 1756.0], '375_345_passing_MET': [0.0, 1681.0], '375_345_failing_MET': [0.0, 75.0], '375_345_min_MET_pt': [10000000.0, 40.348411560058594], '400_390': [872.0, 883.0], '400_390_passing_MET': [0.0, 0.0], '400_390_failing_MET': [0.0, 0.0], '400_390_min_MET_pt': [10000000.0, 10000000.0], '400_385': [0.0, 0.0], '400_385_passing_MET': [0.0, 0.0], '400_385_failing_MET': [0.0, 0.0], '400_385_min_MET_pt': [10000000.0, 10000000.0], '400_380': [895.0, 962.0], '400_380_passing_MET': [0.0, 0.0], '400_380_failing_MET': [0.0, 0.0], '400_380_min_MET_pt': [10000000.0, 10000000.0], '400_375': [0.0, 0.0], '400_375_passing_MET': [0.0, 0.0], '400_375_failing_MET': [0.0, 0.0], '400_375_min_MET_pt': [10000000.0, 10000000.0], '400_370': [0.0, 0.0], '400_370_passing_MET': [0.0, 0.0], '400_370_failing_MET': [0.0, 0.0], '400_370_min_MET_pt': [10000000.0, 10000000.0], '425_415': [924.0, 0.0], '425_415_passing_MET': [897.0, 0.0], '425_415_failing_MET': [27.0, 0.0], '425_415_min_MET_pt': [19.78755760192871, 10000000.0], '425_410': [898.0, 0.0], '425_410_passing_MET': [868.0, 0.0], '425_410_failing_MET': [30.0, 0.0], '425_410_min_MET_pt': [20.086509704589844, 10000000.0], '425_405': [0.0, 0.0], '425_405_passing_MET': [0.0, 0.0], '425_405_failing_MET': [0.0, 0.0], '425_405_min_MET_pt': [10000000.0, 10000000.0], '425_400': [904.0, 0.0], '425_400_passing_MET': [869.0, 0.0], '425_400_failing_MET': [35.0, 0.0], '425_400_min_MET_pt': [17.891563415527344, 10000000.0], '425_395': [0.0, 957.0], '425_395_passing_MET': [0.0, 914.0], '425_395_failing_MET': [0.0, 43.0], '425_395_min_MET_pt': [10000000.0, 15.933125495910645], '450_440': [1928.0, 0.0], '450_440_passing_MET': [1889.0, 0.0], '450_440_failing_MET': [39.0, 0.0], '450_440_min_MET_pt': [5.443109035491943, 10000000.0], '450_435': [907.0, 0.0], '450_435_passing_MET': [882.0, 0.0], '450_435_failing_MET': [25.0, 0.0], '450_435_min_MET_pt': [20.93284797668457, 10000000.0], '450_430': [0.0, 0.0], '450_430_passing_MET': [0.0, 0.0], '450_430_failing_MET': [0.0, 0.0], '450_430_min_MET_pt': [10000000.0, 10000000.0], '450_425': [944.0, 0.0], '450_425_passing_MET': [904.0, 0.0], '450_425_failing_MET': [40.0, 0.0], '450_425_min_MET_pt': [27.088729858398438, 10000000.0], '450_420': [0.0, 1008.0], '450_420_passing_MET': [0.0, 972.0], '450_420_failing_MET': [0.0, 36.0], '450_420_min_MET_pt': [10000000.0, 20.846176147460938], '475_465': [0.0, 1843.0], '475_465_passing_MET': [0.0, 1796.0], '475_465_failing_MET': [0.0, 47.0], '475_465_min_MET_pt': [10000000.0, 29.009878158569336], '475_460': [0.0, 0.0], '475_460_passing_MET': [0.0, 0.0], '475_460_failing_MET': [0.0, 0.0], '475_460_min_MET_pt': [10000000.0, 10000000.0], '475_455': [942.0, 0.0], '475_455_passing_MET': [917.0, 0.0], '475_455_failing_MET': [25.0, 0.0], '475_455_min_MET_pt': [43.55821990966797, 10000000.0], '475_450': [0.0, 0.0], '475_450_passing_MET': [0.0, 0.0], '475_450_failing_MET': [0.0, 0.0], '475_450_min_MET_pt': [10000000.0, 10000000.0], '475_445': [1027.0, 0.0], '475_445_passing_MET': [988.0, 0.0], '475_445_failing_MET': [39.0, 0.0], '475_445_min_MET_pt': [17.696016311645508, 10000000.0], '500_490': [0.0, 1845.0], '500_490_passing_MET': [0.0, 1784.0], '500_490_failing_MET': [0.0, 61.0], '500_490_min_MET_pt': [10000000.0, 42.76866912841797], '500_485': [0.0, 0.0], '500_485_passing_MET': [0.0, 0.0], '500_485_failing_MET': [0.0, 0.0], '500_485_min_MET_pt': [10000000.0, 10000000.0], '500_480': [1024.0, 0.0], '500_480_passing_MET': [985.0, 0.0], '500_480_failing_MET': [39.0, 0.0], '500_480_min_MET_pt': [25.14134979248047, 10000000.0], '500_475': [1965.0, 0.0], '500_475_passing_MET': [1903.0, 0.0], '500_475_failing_MET': [62.0, 0.0], '500_475_min_MET_pt': [32.30850601196289, 10000000.0], '500_470': [2035.0, 1036.0], '500_470_passing_MET': [0.0, 0.0], '500_470_failing_MET': [0.0, 0.0], '500_470_min_MET_pt': [10000000.0, 10000000.0], '525_515': [0.0, 0.0], '525_515_passing_MET': [0.0, 0.0], '525_515_failing_MET': [0.0, 0.0], '525_515_min_MET_pt': [10000000.0, 10000000.0], '525_510': [0.0, 0.0], '525_510_passing_MET': [0.0, 0.0], '525_510_failing_MET': [0.0, 0.0], '525_510_min_MET_pt': [10000000.0, 10000000.0], '525_505': [0.0, 0.0], '525_505_passing_MET': [0.0, 0.0], '525_505_failing_MET': [0.0, 0.0], '525_505_min_MET_pt': [10000000.0, 10000000.0], '525_500': [0.0, 0.0], '525_500_passing_MET': [0.0, 0.0], '525_500_failing_MET': [0.0, 0.0], '525_500_min_MET_pt': [10000000.0, 10000000.0], '525_495': [0.0, 0.0], '525_495_passing_MET': [0.0, 0.0], '525_495_failing_MET': [0.0, 0.0], '525_495_min_MET_pt': [10000000.0, 10000000.0], '550_540': [1962.0, 971.0], '550_540_passing_MET': [0.0, 0.0], '550_540_failing_MET': [0.0, 0.0], '550_540_min_MET_pt': [10000000.0, 10000000.0], '550_535': [797.0, 0.0], '550_535_passing_MET': [774.0, 0.0], '550_535_failing_MET': [23.0, 0.0], '550_535_min_MET_pt': [41.15524673461914, 10000000.0], '550_530': [0.0, 0.0], '550_530_passing_MET': [0.0, 0.0], '550_530_failing_MET': [0.0, 0.0], '550_530_min_MET_pt': [10000000.0, 10000000.0], '550_525': [0.0, 0.0], '550_525_passing_MET': [0.0, 0.0], '550_525_failing_MET': [0.0, 0.0], '550_525_min_MET_pt': [10000000.0, 10000000.0], '550_520': [2085.0, 0.0], '550_520_passing_MET': [2019.0, 0.0], '550_520_failing_MET': [66.0, 0.0], '550_520_min_MET_pt': [16.0006160736084, 10000000.0], '575_565': [0.0, 0.0], '575_565_passing_MET': [0.0, 0.0], '575_565_failing_MET': [0.0, 0.0], '575_565_min_MET_pt': [10000000.0, 10000000.0], '575_560': [0.0, 0.0], '575_560_passing_MET': [0.0, 0.0], '575_560_failing_MET': [0.0, 0.0], '575_560_min_MET_pt': [10000000.0, 10000000.0], '575_555': [0.0, 0.0], '575_555_passing_MET': [0.0, 0.0], '575_555_failing_MET': [0.0, 0.0], '575_555_min_MET_pt': [10000000.0, 10000000.0], '575_550': [0.0, 0.0], '575_550_passing_MET': [0.0, 0.0], '575_550_failing_MET': [0.0, 0.0], '575_550_min_MET_pt': [10000000.0, 10000000.0], '575_545': [0.0, 0.0], '575_545_passing_MET': [0.0, 0.0], '575_545_failing_MET': [0.0, 0.0], '575_545_min_MET_pt': [10000000.0, 10000000.0], '600_590': [974.0, 934.0], '600_590_passing_MET': [0.0, 0.0], '600_590_failing_MET': [0.0, 0.0], '600_590_min_MET_pt': [10000000.0, 10000000.0], '600_585': [0.0, 941.0], '600_585_passing_MET': [0.0, 917.0], '600_585_failing_MET': [0.0, 24.0], '600_585_min_MET_pt': [10000000.0, 46.6753044128418], '600_580': [0.0, 0.0], '600_580_passing_MET': [0.0, 0.0], '600_580_failing_MET': [0.0, 0.0], '600_580_min_MET_pt': [10000000.0, 10000000.0], '600_575': [0.0, 888.0], '600_575_passing_MET': [0.0, 859.0], '600_575_failing_MET': [0.0, 29.0], '600_575_min_MET_pt': [10000000.0, 38.209144592285156], '600_570': [0.0, 1059.0], '600_570_passing_MET': [0.0, 1029.0], '600_570_failing_MET': [0.0, 30.0], '600_570_min_MET_pt': [10000000.0, 59.276371002197266], '625_615': [0.0, 0.0], '625_615_passing_MET': [0.0, 0.0], '625_615_failing_MET': [0.0, 0.0], '625_615_min_MET_pt': [10000000.0, 10000000.0], '625_610': [0.0, 0.0], '625_610_passing_MET': [0.0, 0.0], '625_610_failing_MET': [0.0, 0.0], '625_610_min_MET_pt': [10000000.0, 10000000.0], '625_605': [0.0, 0.0], '625_605_passing_MET': [0.0, 0.0], '625_605_failing_MET': [0.0, 0.0], '625_605_min_MET_pt': [10000000.0, 10000000.0], '625_600': [0.0, 0.0], '625_600_passing_MET': [0.0, 0.0], '625_600_failing_MET': [0.0, 0.0], '625_600_min_MET_pt': [10000000.0, 10000000.0], '625_595': [0.0, 0.0], '625_595_passing_MET': [0.0, 0.0], '625_595_failing_MET': [0.0, 0.0], '625_595_min_MET_pt': [10000000.0, 10000000.0], '650_640': [1029.0, 4092.0], '650_640_passing_MET': [0.0, 0.0], '650_640_failing_MET': [0.0, 0.0], '650_640_min_MET_pt': [10000000.0, 10000000.0], '650_635': [0.0, 0.0], '650_635_passing_MET': [0.0, 0.0], '650_635_failing_MET': [0.0, 0.0], '650_635_min_MET_pt': [10000000.0, 10000000.0], '650_630': [1036.0, 1037.0], '650_630_passing_MET': [0.0, 0.0], '650_630_failing_MET': [0.0, 0.0], '650_630_min_MET_pt': [10000000.0, 10000000.0], '650_625': [942.0, 934.0], '650_625_passing_MET': [0.0, 0.0], '650_625_failing_MET': [0.0, 0.0], '650_625_min_MET_pt': [10000000.0, 10000000.0], '650_620': [0.0, 0.0], '650_620_passing_MET': [0.0, 0.0], '650_620_failing_MET': [0.0, 0.0], '650_620_min_MET_pt': [10000000.0, 10000000.0], '675_665': [0.0, 0.0], '675_665_passing_MET': [0.0, 0.0], '675_665_failing_MET': [0.0, 0.0], '675_665_min_MET_pt': [10000000.0, 10000000.0], '675_660': [0.0, 0.0], '675_660_passing_MET': [0.0, 0.0], '675_660_failing_MET': [0.0, 0.0], '675_660_min_MET_pt': [10000000.0, 10000000.0], '675_655': [0.0, 0.0], '675_655_passing_MET': [0.0, 0.0], '675_655_failing_MET': [0.0, 0.0], '675_655_min_MET_pt': [10000000.0, 10000000.0], '675_650': [0.0, 0.0], '675_650_passing_MET': [0.0, 0.0], '675_650_failing_MET': [0.0, 0.0], '675_650_min_MET_pt': [10000000.0, 10000000.0], '675_645': [0.0, 0.0], '675_645_passing_MET': [0.0, 0.0], '675_645_failing_MET': [0.0, 0.0], '675_645_min_MET_pt': [10000000.0, 10000000.0], '700_690': [1032.0, 1012.0], '700_690_passing_MET': [0.0, 0.0], '700_690_failing_MET': [0.0, 0.0], '700_690_min_MET_pt': [10000000.0, 10000000.0], '700_685': [0.0, 0.0], '700_685_passing_MET': [0.0, 0.0], '700_685_failing_MET': [0.0, 0.0], '700_685_min_MET_pt': [10000000.0, 10000000.0], '700_680': [0.0, 0.0], '700_680_passing_MET': [0.0, 0.0], '700_680_failing_MET': [0.0, 0.0], '700_680_min_MET_pt': [10000000.0, 10000000.0], '700_675': [0.0, 0.0], '700_675_passing_MET': [0.0, 0.0], '700_675_failing_MET': [0.0, 0.0], '700_675_min_MET_pt': [10000000.0, 10000000.0], '700_670': [0.0, 0.0], '700_670_passing_MET': [0.0, 0.0], '700_670_failing_MET': [0.0, 0.0], '700_670_min_MET_pt': [10000000.0, 10000000.0], '725_715': [0.0, 0.0], '725_715_passing_MET': [0.0, 0.0], '725_715_failing_MET': [0.0, 0.0], '725_715_min_MET_pt': [10000000.0, 10000000.0], '725_710': [0.0, 0.0], '725_710_passing_MET': [0.0, 0.0], '725_710_failing_MET': [0.0, 0.0], '725_710_min_MET_pt': [10000000.0, 10000000.0], '725_705': [0.0, 0.0], '725_705_passing_MET': [0.0, 0.0], '725_705_failing_MET': [0.0, 0.0], '725_705_min_MET_pt': [10000000.0, 10000000.0], '725_700': [0.0, 0.0], '725_700_passing_MET': [0.0, 0.0], '725_700_failing_MET': [0.0, 0.0], '725_700_min_MET_pt': [10000000.0, 10000000.0], '725_695': [0.0, 0.0], '725_695_passing_MET': [0.0, 0.0], '725_695_failing_MET': [0.0, 0.0], '725_695_min_MET_pt': [10000000.0, 10000000.0], '750_740': [2159.0, 0.0], '750_740_passing_MET': [2112.0, 0.0], '750_740_failing_MET': [47.0, 0.0], '750_740_min_MET_pt': [21.956268310546875, 10000000.0], '750_735': [0.0, 0.0], '750_735_passing_MET': [0.0, 0.0], '750_735_failing_MET': [0.0, 0.0], '750_735_min_MET_pt': [10000000.0, 10000000.0], '750_730': [0.0, 0.0], '750_730_passing_MET': [0.0, 0.0], '750_730_failing_MET': [0.0, 0.0], '750_730_min_MET_pt': [10000000.0, 10000000.0], '750_725': [0.0, 0.0], '750_725_passing_MET': [0.0, 0.0], '750_725_failing_MET': [0.0, 0.0], '750_725_min_MET_pt': [10000000.0, 10000000.0], '750_720': [1151.0, 0.0], '750_720_passing_MET': [1117.0, 0.0], '750_720_failing_MET': [34.0, 0.0], '750_720_min_MET_pt': [32.14263153076172, 10000000.0], '775_765': [0.0, 0.0], '775_765_passing_MET': [0.0, 0.0], '775_765_failing_MET': [0.0, 0.0], '775_765_min_MET_pt': [10000000.0, 10000000.0], '775_760': [0.0, 0.0], '775_760_passing_MET': [0.0, 0.0], '775_760_failing_MET': [0.0, 0.0], '775_760_min_MET_pt': [10000000.0, 10000000.0], '775_755': [0.0, 0.0], '775_755_passing_MET': [0.0, 0.0], '775_755_failing_MET': [0.0, 0.0], '775_755_min_MET_pt': [10000000.0, 10000000.0], '775_750': [0.0, 0.0], '775_750_passing_MET': [0.0, 0.0], '775_750_failing_MET': [0.0, 0.0], '775_750_min_MET_pt': [10000000.0, 10000000.0], '775_745': [0.0, 0.0], '775_745_passing_MET': [0.0, 0.0], '775_745_failing_MET': [0.0, 0.0], '775_745_min_MET_pt': [10000000.0, 10000000.0], '800_790': [4240.0, 0.0], '800_790_passing_MET': [4139.0, 0.0], '800_790_failing_MET': [101.0, 0.0], '800_790_min_MET_pt': [28.152938842773438, 10000000.0], '800_785': [0.0, 0.0], '800_785_passing_MET': [0.0, 0.0], '800_785_failing_MET': [0.0, 0.0], '800_785_min_MET_pt': [10000000.0, 10000000.0], '800_780': [1109.0, 0.0], '800_780_passing_MET': [1086.0, 0.0], '800_780_failing_MET': [23.0, 0.0], '800_780_min_MET_pt': [30.54366111755371, 10000000.0], '800_775': [906.0, 0.0], '800_775_passing_MET': [882.0, 0.0], '800_775_failing_MET': [24.0, 0.0], '800_775_min_MET_pt': [33.36951446533203, 10000000.0], '800_770': [0.0, 0.0], '800_770_passing_MET': [0.0, 0.0], '800_770_failing_MET': [0.0, 0.0], '800_770_min_MET_pt': [10000000.0, 10000000.0], '825_815': [0.0, 0.0], '825_815_passing_MET': [0.0, 0.0], '825_815_failing_MET': [0.0, 0.0], '825_815_min_MET_pt': [10000000.0, 10000000.0], '825_810': [0.0, 0.0], '825_810_passing_MET': [0.0, 0.0], '825_810_failing_MET': [0.0, 0.0], '825_810_min_MET_pt': [10000000.0, 10000000.0], '825_805': [0.0, 0.0], '825_805_passing_MET': [0.0, 0.0], '825_805_failing_MET': [0.0, 0.0], '825_805_min_MET_pt': [10000000.0, 10000000.0], '825_800': [0.0, 0.0], '825_800_passing_MET': [0.0, 0.0], '825_800_failing_MET': [0.0, 0.0], '825_800_min_MET_pt': [10000000.0, 10000000.0], '825_795': [0.0, 0.0], '825_795_passing_MET': [0.0, 0.0], '825_795_failing_MET': [0.0, 0.0], '825_795_min_MET_pt': [10000000.0, 10000000.0], '850_840': [4269.0, 1070.0], '850_840_passing_MET': [0.0, 0.0], '850_840_failing_MET': [0.0, 0.0], '850_840_min_MET_pt': [10000000.0, 10000000.0], '850_835': [1970.0, 0.0], '850_835_passing_MET': [1936.0, 0.0], '850_835_failing_MET': [34.0, 0.0], '850_835_min_MET_pt': [37.61416244506836, 10000000.0], '850_830': [0.0, 0.0], '850_830_passing_MET': [0.0, 0.0], '850_830_failing_MET': [0.0, 0.0], '850_830_min_MET_pt': [10000000.0, 10000000.0], '850_825': [0.0, 1005.0], '850_825_passing_MET': [0.0, 970.0], '850_825_failing_MET': [0.0, 35.0], '850_825_min_MET_pt': [10000000.0, 27.724313735961914], '850_820': [0.0, 0.0], '850_820_passing_MET': [0.0, 0.0], '850_820_failing_MET': [0.0, 0.0], '850_820_min_MET_pt': [10000000.0, 10000000.0], '875_865': [0.0, 0.0], '875_865_passing_MET': [0.0, 0.0], '875_865_failing_MET': [0.0, 0.0], '875_865_min_MET_pt': [10000000.0, 10000000.0], '875_860': [0.0, 0.0], '875_860_passing_MET': [0.0, 0.0], '875_860_failing_MET': [0.0, 0.0], '875_860_min_MET_pt': [10000000.0, 10000000.0], '875_855': [0.0, 0.0], '875_855_passing_MET': [0.0, 0.0], '875_855_failing_MET': [0.0, 0.0], '875_855_min_MET_pt': [10000000.0, 10000000.0], '875_850': [0.0, 0.0], '875_850_passing_MET': [0.0, 0.0], '875_850_failing_MET': [0.0, 0.0], '875_850_min_MET_pt': [10000000.0, 10000000.0], '875_845': [0.0, 0.0], '875_845_passing_MET': [0.0, 0.0], '875_845_failing_MET': [0.0, 0.0], '875_845_min_MET_pt': [10000000.0, 10000000.0], '900_890': [2147.0, 2234.0], '900_890_passing_MET': [0.0, 0.0], '900_890_failing_MET': [0.0, 0.0], '900_890_min_MET_pt': [10000000.0, 10000000.0], '900_885': [0.0, 1011.0], '900_885_passing_MET': [0.0, 988.0], '900_885_failing_MET': [0.0, 23.0], '900_885_min_MET_pt': [10000000.0, 26.81330680847168], '900_880': [0.0, 1132.0], '900_880_passing_MET': [0.0, 1103.0], '900_880_failing_MET': [0.0, 29.0], '900_880_min_MET_pt': [10000000.0, 46.03586196899414], '900_875': [0.0, 963.0], '900_875_passing_MET': [0.0, 936.0], '900_875_failing_MET': [0.0, 27.0], '900_875_min_MET_pt': [10000000.0, 33.83338165283203], '900_870': [0.0, 0.0], '900_870_passing_MET': [0.0, 0.0], '900_870_failing_MET': [0.0, 0.0], '900_870_min_MET_pt': [10000000.0, 10000000.0], '925_915': [0.0, 0.0], '925_915_passing_MET': [0.0, 0.0], '925_915_failing_MET': [0.0, 0.0], '925_915_min_MET_pt': [10000000.0, 10000000.0], '925_910': [0.0, 0.0], '925_910_passing_MET': [0.0, 0.0], '925_910_failing_MET': [0.0, 0.0], '925_910_min_MET_pt': [10000000.0, 10000000.0], '925_905': [0.0, 0.0], '925_905_passing_MET': [0.0, 0.0], '925_905_failing_MET': [0.0, 0.0], '925_905_min_MET_pt': [10000000.0, 10000000.0], '925_900': [0.0, 0.0], '925_900_passing_MET': [0.0, 0.0], '925_900_failing_MET': [0.0, 0.0], '925_900_min_MET_pt': [10000000.0, 10000000.0], '925_895': [0.0, 0.0], '925_895_passing_MET': [0.0, 0.0], '925_895_failing_MET': [0.0, 0.0], '925_895_min_MET_pt': [10000000.0, 10000000.0], '950_940': [3219.0, 1106.0], '950_940_passing_MET': [0.0, 0.0], '950_940_failing_MET': [0.0, 0.0], '950_940_min_MET_pt': [10000000.0, 10000000.0], '950_935': [0.0, 0.0], '950_935_passing_MET': [0.0, 0.0], '950_935_failing_MET': [0.0, 0.0], '950_935_min_MET_pt': [10000000.0, 10000000.0], '950_930': [0.0, 0.0], '950_930_passing_MET': [0.0, 0.0], '950_930_failing_MET': [0.0, 0.0], '950_930_min_MET_pt': [10000000.0, 10000000.0], '950_925': [0.0, 0.0], '950_925_passing_MET': [0.0, 0.0], '950_925_failing_MET': [0.0, 0.0], '950_925_min_MET_pt': [10000000.0, 10000000.0], '950_920': [0.0, 0.0], '950_920_passing_MET': [0.0, 0.0], '950_920_failing_MET': [0.0, 0.0], '950_920_min_MET_pt': [10000000.0, 10000000.0], '975_965': [0.0, 0.0], '975_965_passing_MET': [0.0, 0.0], '975_965_failing_MET': [0.0, 0.0], '975_965_min_MET_pt': [10000000.0, 10000000.0], '975_960': [0.0, 0.0], '975_960_passing_MET': [0.0, 0.0], '975_960_failing_MET': [0.0, 0.0], '975_960_min_MET_pt': [10000000.0, 10000000.0], '975_955': [0.0, 0.0], '975_955_passing_MET': [0.0, 0.0], '975_955_failing_MET': [0.0, 0.0], '975_955_min_MET_pt': [10000000.0, 10000000.0], '975_950': [0.0, 0.0], '975_950_passing_MET': [0.0, 0.0], '975_950_failing_MET': [0.0, 0.0], '975_950_min_MET_pt': [10000000.0, 10000000.0], '975_945': [0.0, 0.0], '975_945_passing_MET': [0.0, 0.0], '975_945_failing_MET': [0.0, 0.0], '975_945_min_MET_pt': [10000000.0, 10000000.0], '1000_990': [4630.0, 0.0], '1000_990_passing_MET': [4534.0, 0.0], '1000_990_failing_MET': [96.0, 0.0], '1000_990_min_MET_pt': [23.152992248535156, 10000000.0], '1000_985': [0.0, 0.0], '1000_985_passing_MET': [0.0, 0.0], '1000_985_failing_MET': [0.0, 0.0], '1000_985_min_MET_pt': [10000000.0, 10000000.0], '1000_980': [1131.0, 0.0], '1000_980_passing_MET': [1104.0, 0.0], '1000_980_failing_MET': [27.0, 0.0], '1000_980_min_MET_pt': [48.701541900634766, 10000000.0], '1000_975': [960.0, 0.0], '1000_975_passing_MET': [927.0, 0.0], '1000_975_failing_MET': [33.0, 0.0], '1000_975_min_MET_pt': [23.152233123779297, 10000000.0], '1000_970': [0.0, 0.0], '1000_970_passing_MET': [0.0, 0.0], '1000_970_failing_MET': [0.0, 0.0], '1000_970_min_MET_pt': [10000000.0, 10000000.0], '1025_1015': [0.0, 0.0], '1025_1015_passing_MET': [0.0, 0.0], '1025_1015_failing_MET': [0.0, 0.0], '1025_1015_min_MET_pt': [10000000.0, 10000000.0], '1025_1010': [0.0, 0.0], '1025_1010_passing_MET': [0.0, 0.0], '1025_1010_failing_MET': [0.0, 0.0], '1025_1010_min_MET_pt': [10000000.0, 10000000.0], '1025_1005': [0.0, 0.0], '1025_1005_passing_MET': [0.0, 0.0], '1025_1005_failing_MET': [0.0, 0.0], '1025_1005_min_MET_pt': [10000000.0, 10000000.0], '1025_1000': [0.0, 0.0], '1025_1000_passing_MET': [0.0, 0.0], '1025_1000_failing_MET': [0.0, 0.0], '1025_1000_min_MET_pt': [10000000.0, 10000000.0], '1025_995': [0.0, 0.0], '1025_995_passing_MET': [0.0, 0.0], '1025_995_failing_MET': [0.0, 0.0], '1025_995_min_MET_pt': [10000000.0, 10000000.0], '1050_1040': [0.0, 0.0], '1050_1040_passing_MET': [0.0, 0.0], '1050_1040_failing_MET': [0.0, 0.0], '1050_1040_min_MET_pt': [10000000.0, 10000000.0], '1050_1035': [0.0, 0.0], '1050_1035_passing_MET': [0.0, 0.0], '1050_1035_failing_MET': [0.0, 0.0], '1050_1035_min_MET_pt': [10000000.0, 10000000.0], '1050_1030': [0.0, 0.0], '1050_1030_passing_MET': [0.0, 0.0], '1050_1030_failing_MET': [0.0, 0.0], '1050_1030_min_MET_pt': [10000000.0, 10000000.0], '1050_1025': [0.0, 0.0], '1050_1025_passing_MET': [0.0, 0.0], '1050_1025_failing_MET': [0.0, 0.0], '1050_1025_min_MET_pt': [10000000.0, 10000000.0], '1050_1020': [0.0, 0.0], '1050_1020_passing_MET': [0.0, 0.0], '1050_1020_failing_MET': [0.0, 0.0], '1050_1020_min_MET_pt': [10000000.0, 10000000.0], '1075_1065': [0.0, 0.0], '1075_1065_passing_MET': [0.0, 0.0], '1075_1065_failing_MET': [0.0, 0.0], '1075_1065_min_MET_pt': [10000000.0, 10000000.0], '1075_1060': [0.0, 0.0], '1075_1060_passing_MET': [0.0, 0.0], '1075_1060_failing_MET': [0.0, 0.0], '1075_1060_min_MET_pt': [10000000.0, 10000000.0], '1075_1055': [0.0, 0.0], '1075_1055_passing_MET': [0.0, 0.0], '1075_1055_failing_MET': [0.0, 0.0], '1075_1055_min_MET_pt': [10000000.0, 10000000.0], '1075_1050': [0.0, 0.0], '1075_1050_passing_MET': [0.0, 0.0], '1075_1050_failing_MET': [0.0, 0.0], '1075_1050_min_MET_pt': [10000000.0, 10000000.0], '1075_1045': [0.0, 0.0], '1075_1045_passing_MET': [0.0, 0.0], '1075_1045_failing_MET': [0.0, 0.0], '1075_1045_min_MET_pt': [10000000.0, 10000000.0], '1100_1090': [0.0, 2102.0], '1100_1090_passing_MET': [0.0, 2051.0], '1100_1090_failing_MET': [0.0, 51.0], '1100_1090_min_MET_pt': [10000000.0, 48.826175689697266], '1100_1085': [0.0, 0.0], '1100_1085_passing_MET': [0.0, 0.0], '1100_1085_failing_MET': [0.0, 0.0], '1100_1085_min_MET_pt': [10000000.0, 10000000.0], '1100_1080': [1134.0, 0.0], '1100_1080_passing_MET': [1110.0, 0.0], '1100_1080_failing_MET': [24.0, 0.0], '1100_1080_min_MET_pt': [14.041470527648926, 10000000.0], '1100_1075': [0.0, 1001.0], '1100_1075_passing_MET': [0.0, 975.0], '1100_1075_failing_MET': [0.0, 26.0], '1100_1075_min_MET_pt': [10000000.0, 26.650070190429688], '1100_1070': [0.0, 0.0], '1100_1070_passing_MET': [0.0, 0.0], '1100_1070_failing_MET': [0.0, 0.0], '1100_1070_min_MET_pt': [10000000.0, 10000000.0], 'nEventsTotal': 190143.0, 'strange masspoints': 0.0, 'orphans': 0.0, 'R-hadron event': 0.0, 'different stop antistop masses': 0.0, 'strange error': 0.0, 'strange event': 0.0, 'different neutralino masses': 13610.0, 'large differences': 0.0, '926_915': [6214.0, 0.0], '926_915_passing_MET': [6087.0, 0.0], '926_915_failing_MET': [127.0, 0.0], '926_915_min_MET_pt': [0.5936766862869263, 10000000.0], '926_916': [559.0, 0.0], '926_916_passing_MET': [549.0, 0.0], '926_916_failing_MET': [10.0, 0.0], '926_916_min_MET_pt': [24.024818420410156, 10000000.0], '900_886': [0.0, 122.0], '900_886_passing_MET': [0.0, 121.0], '900_886_failing_MET': [0.0, 1.0], '900_886_min_MET_pt': [10000000.0, 98.53937530517578], '1076_1055': [971.0, 1024.0], '1076_1055_passing_MET': [943.0, 1002.0], '1076_1055_failing_MET': [28.0, 22.0], '1076_1055_min_MET_pt': [27.548351287841797, 16.00796127319336], '1076_1056': [176.0, 177.0], '1076_1056_passing_MET': [171.0, 170.0], '1076_1056_failing_MET': [5.0, 7.0], '1076_1056_min_MET_pt': [80.60186767578125, 74.40023803710938], '876_845': [0.0, 898.0], '876_845_passing_MET': [0.0, 877.0], '876_845_failing_MET': [0.0, 21.0], '876_845_min_MET_pt': [10000000.0, 5.500535011291504], '876_846': [0.0, 167.0], '876_846_passing_MET': [0.0, 163.0], '876_846_failing_MET': [0.0, 4.0], '876_846_min_MET_pt': [10000000.0, 57.148563385009766], '550_536': [109.0, 0.0], '550_536_passing_MET': [105.0, 0.0], '550_536_failing_MET': [4.0, 0.0], '550_536_min_MET_pt': [70.93738555908203, 10000000.0], '850_836': [264.0, 0.0], '850_836_passing_MET': [263.0, 0.0], '850_836_failing_MET': [1.0, 0.0], '850_836_min_MET_pt': [90.55033874511719, 10000000.0], '800_776': [210.0, 0.0], '800_776_passing_MET': [202.0, 0.0], '800_776_failing_MET': [8.0, 0.0], '800_776_min_MET_pt': [46.819244384765625, 10000000.0], '726_700': [1085.0, 0.0], '726_700_passing_MET': [1057.0, 0.0], '726_700_failing_MET': [28.0, 0.0], '726_700_min_MET_pt': [61.346466064453125, 10000000.0], '826_805': [954.0, 0.0], '826_805_passing_MET': [928.0, 0.0], '826_805_failing_MET': [26.0, 0.0], '826_805_min_MET_pt': [49.64735412597656, 10000000.0], '826_806': [177.0, 0.0], '826_806_passing_MET': [173.0, 0.0], '826_806_failing_MET': [4.0, 0.0], '826_806_min_MET_pt': [20.650894165039062, 10000000.0], '676_645': [924.0, 0.0], '676_645_passing_MET': [897.0, 0.0], '676_645_failing_MET': [27.0, 0.0], '676_645_min_MET_pt': [30.7562255859375, 10000000.0], '676_646': [173.0, 0.0], '676_646_passing_MET': [164.0, 0.0], '676_646_failing_MET': [9.0, 0.0], '676_646_min_MET_pt': [26.406599044799805, 10000000.0], '1024_1000': [0.0, 1140.0], '1024_1000_passing_MET': [0.0, 1107.0], '1024_1000_failing_MET': [0.0, 33.0], '1024_1000_min_MET_pt': [10000000.0, 37.62732696533203], '1076_1052': [178.0, 0.0], '1076_1052_passing_MET': [174.0, 0.0], '1076_1052_failing_MET': [4.0, 0.0], '1076_1052_min_MET_pt': [52.335384368896484, 10000000.0], '1076_1050': [983.0, 0.0], '1076_1050_passing_MET': [950.0, 0.0], '1076_1050_failing_MET': [33.0, 0.0], '1076_1050_min_MET_pt': [7.804953098297119, 10000000.0], '926_895': [0.0, 970.0], '926_895_passing_MET': [0.0, 938.0], '926_895_failing_MET': [0.0, 32.0], '926_895_min_MET_pt': [10000000.0, 38.19553756713867], '926_896': [0.0, 194.0], '926_896_passing_MET': [0.0, 188.0], '926_896_failing_MET': [0.0, 6.0], '926_896_min_MET_pt': [10000000.0, 70.12850189208984], '726_715': [2843.0, 971.0], '726_715_passing_MET': [2765.0, 942.0], '726_715_failing_MET': [78.0, 29.0], '726_715_min_MET_pt': [18.170562744140625, 54.689632415771484], '726_716': [298.0, 94.0], '726_716_passing_MET': [290.0, 92.0], '726_716_failing_MET': [8.0, 2.0], '726_716_min_MET_pt': [57.142093658447266, 42.399330139160156], '1024_1010': [0.0, 1214.0], '1024_1010_passing_MET': [0.0, 1189.0], '1024_1010_failing_MET': [0.0, 25.0], '1024_1010_min_MET_pt': [10000000.0, 53.29368209838867], '526_510': [0.0, 992.0], '526_510_passing_MET': [0.0, 961.0], '526_510_failing_MET': [0.0, 31.0], '526_510_min_MET_pt': [10000000.0, 27.187118530273438], '526_495': [1025.0, 2077.0], '526_495_passing_MET': [997.0, 2011.0], '526_495_failing_MET': [28.0, 66.0], '526_495_min_MET_pt': [54.98796463012695, 21.56131935119629], '1076_1065': [2019.0, 3146.0], '1076_1065_passing_MET': [1961.0, 3071.0], '1076_1065_failing_MET': [58.0, 75.0], '1076_1065_min_MET_pt': [35.20895767211914, 17.76154327392578], '1076_1064': [178.0, 315.0], '1076_1064_passing_MET': [173.0, 309.0], '1076_1064_failing_MET': [5.0, 6.0], '1076_1064_min_MET_pt': [30.444255828857422, 64.97447204589844], '676_660': [1049.0, 0.0], '676_660_passing_MET': [1020.0, 0.0], '676_660_failing_MET': [29.0, 0.0], '676_660_min_MET_pt': [33.85926818847656, 10000000.0], '1076_1045': [1005.0, 0.0], '1076_1045_passing_MET': [969.0, 0.0], '1076_1045_failing_MET': [36.0, 0.0], '1076_1045_min_MET_pt': [24.6614990234375, 10000000.0], '1076_1044': [187.0, 0.0], '1076_1044_passing_MET': [184.0, 0.0], '1076_1044_failing_MET': [3.0, 0.0], '1076_1044_min_MET_pt': [68.91825866699219, 10000000.0], '576_565': [0.0, 891.0], '576_565_passing_MET': [0.0, 869.0], '576_565_failing_MET': [0.0, 22.0], '576_565_min_MET_pt': [10000000.0, 42.8360710144043], '576_566': [0.0, 91.0], '576_566_passing_MET': [0.0, 87.0], '576_566_failing_MET': [0.0, 4.0], '576_566_min_MET_pt': [10000000.0, 80.4286880493164], '626_615': [946.0, 1892.0], '626_615_passing_MET': [918.0, 1840.0], '626_615_failing_MET': [28.0, 52.0], '626_615_min_MET_pt': [34.45549011230469, 17.025070190429688], '626_616': [86.0, 194.0], '626_616_passing_MET': [84.0, 191.0], '626_616_failing_MET': [2.0, 3.0], '626_616_min_MET_pt': [64.91421508789062, 75.48322296142578], '926_910': [2231.0, 1162.0], '926_910_passing_MET': [2185.0, 1138.0], '926_910_failing_MET': [46.0, 24.0], '926_910_min_MET_pt': [10.831674575805664, 52.75279998779297], '776_750': [0.0, 1092.0], '776_750_passing_MET': [0.0, 1065.0], '776_750_failing_MET': [0.0, 27.0], '776_750_min_MET_pt': [10000000.0, 15.95666790008545], '1100_1076': [0.0, 199.0], '1100_1076_passing_MET': [0.0, 196.0], '1100_1076_failing_MET': [0.0, 3.0], '1100_1076_min_MET_pt': [10000000.0, 54.27213668823242], '726_705': [1903.0, 908.0], '726_705_passing_MET': [1850.0, 877.0], '726_705_failing_MET': [53.0, 31.0], '726_705_min_MET_pt': [11.635685920715332, 37.91068649291992], '726_706': [333.0, 159.0], '726_706_passing_MET': [321.0, 156.0], '726_706_failing_MET': [12.0, 3.0], '726_706_min_MET_pt': [42.161983489990234, 52.098426818847656], '1000_976': [174.0, 0.0], '1000_976_passing_MET': [170.0, 0.0], '1000_976_failing_MET': [4.0, 0.0], '1000_976_min_MET_pt': [66.18522644042969, 10000000.0], '826_796': [0.0, 203.0], '826_796_passing_MET': [0.0, 193.0], '826_796_failing_MET': [0.0, 10.0], '826_796_min_MET_pt': [10000000.0, 57.63825607299805], '826_795': [0.0, 977.0], '826_795_passing_MET': [0.0, 942.0], '826_795_failing_MET': [0.0, 35.0], '826_795_min_MET_pt': [10000000.0, 6.034468650817871], '900_876': [0.0, 170.0], '900_876_passing_MET': [0.0, 166.0], '900_876_failing_MET': [0.0, 4.0], '900_876_min_MET_pt': [10000000.0, 48.699462890625], '650_626': [151.0, 138.0], '650_626_passing_MET': [146.0, 132.0], '650_626_failing_MET': [5.0, 6.0], '650_626_min_MET_pt': [83.73920440673828, 64.81268310546875], '926_905': [1034.0, 982.0], '926_905_passing_MET': [1009.0, 964.0], '926_905_failing_MET': [25.0, 18.0], '926_905_min_MET_pt': [53.063114166259766, 29.108827590942383], '926_906': [163.0, 143.0], '926_906_passing_MET': [157.0, 141.0], '926_906_failing_MET': [6.0, 2.0], '926_906_min_MET_pt': [82.10783386230469, 98.10004425048828], '526_505': [0.0, 1021.0], '526_505_passing_MET': [0.0, 1000.0], '526_505_failing_MET': [0.0, 21.0], '526_505_min_MET_pt': [10000000.0, 64.30171966552734], '1052_1040': [0.0, 3360.0], '1052_1040_passing_MET': [0.0, 3286.0], '1052_1040_failing_MET': [0.0, 74.0], '1052_1040_min_MET_pt': [10000000.0, 25.990968704223633], '600_576': [0.0, 192.0], '600_576_passing_MET': [0.0, 189.0], '600_576_failing_MET': [0.0, 3.0], '600_576_min_MET_pt': [10000000.0, 65.93933868408203], '526_515': [2726.0, 0.0], '526_515_passing_MET': [2644.0, 0.0], '526_515_failing_MET': [82.0, 0.0], '526_515_min_MET_pt': [23.0130615234375, 10000000.0], '526_516': [276.0, 0.0], '526_516_passing_MET': [262.0, 0.0], '526_516_failing_MET': [14.0, 0.0], '526_516_min_MET_pt': [45.61391830444336, 10000000.0], '626_610': [0.0, 1017.0], '626_610_passing_MET': [0.0, 989.0], '626_610_failing_MET': [0.0, 28.0], '626_610_min_MET_pt': [10000000.0, 31.35952377319336], '526_500': [1054.0, 0.0], '526_500_passing_MET': [1019.0, 0.0], '526_500_failing_MET': [35.0, 0.0], '526_500_min_MET_pt': [14.806917190551758, 10000000.0], '576_545': [0.0, 890.0], '576_545_passing_MET': [0.0, 864.0], '576_545_failing_MET': [0.0, 26.0], '576_545_min_MET_pt': [10000000.0, 36.37384033203125], '576_546': [0.0, 178.0], '576_546_passing_MET': [0.0, 171.0], '576_546_failing_MET': [0.0, 7.0], '576_546_min_MET_pt': [10000000.0, 23.778013229370117], '850_826': [0.0, 169.0], '850_826_passing_MET': [0.0, 166.0], '850_826_failing_MET': [0.0, 3.0], '850_826_min_MET_pt': [10000000.0, 69.15235900878906], '600_586': [0.0, 135.0], '600_586_passing_MET': [0.0, 129.0], '600_586_failing_MET': [0.0, 6.0], '600_586_min_MET_pt': [10000000.0, 68.4662094116211], '626_600': [0.0, 1029.0], '626_600_passing_MET': [0.0, 1007.0], '626_600_failing_MET': [0.0, 22.0], '626_600_min_MET_pt': [10000000.0, 40.909454345703125], '676_650': [1097.0, 0.0], '676_650_passing_MET': [1063.0, 0.0], '676_650_failing_MET': [34.0, 0.0], '676_650_min_MET_pt': [20.791336059570312, 10000000.0], '676_655': [854.0, 0.0], '676_655_passing_MET': [835.0, 0.0], '676_655_failing_MET': [19.0, 0.0], '676_655_min_MET_pt': [28.361404418945312, 10000000.0], '676_656': [160.0, 0.0], '676_656_passing_MET': [155.0, 0.0], '676_656_failing_MET': [5.0, 0.0], '676_656_min_MET_pt': [13.194767951965332, 10000000.0], '1100_1092': [0.0, 224.0], '1100_1092_passing_MET': [0.0, 217.0], '1100_1092_failing_MET': [0.0, 7.0], '1100_1092_min_MET_pt': [10000000.0, 65.429443359375], '1052_1020': [1229.0, 0.0], '1052_1020_passing_MET': [1202.0, 0.0], '1052_1020_failing_MET': [27.0, 0.0], '1052_1020_min_MET_pt': [26.4328556060791, 10000000.0], '976_965': [1041.0, 0.0], '976_965_passing_MET': [1017.0, 0.0], '976_965_failing_MET': [24.0, 0.0], '976_965_min_MET_pt': [16.03453826904297, 10000000.0], '976_966': [80.0, 0.0], '976_966_passing_MET': [77.0, 0.0], '976_966_failing_MET': [3.0, 0.0], '976_966_min_MET_pt': [73.6253433227539, 10000000.0], '826_816': [0.0, 95.0], '826_816_passing_MET': [0.0, 92.0], '826_816_failing_MET': [0.0, 3.0], '826_816_min_MET_pt': [10000000.0, 53.11075973510742], '826_815': [0.0, 995.0], '826_815_passing_MET': [0.0, 974.0], '826_815_failing_MET': [0.0, 21.0], '826_815_min_MET_pt': [10000000.0, 18.497314453125], '676_665': [944.0, 0.0], '676_665_passing_MET': [914.0, 0.0], '676_665_failing_MET': [30.0, 0.0], '676_665_min_MET_pt': [45.30039978027344, 10000000.0], '676_666': [107.0, 0.0], '676_666_passing_MET': [103.0, 0.0], '676_666_failing_MET': [4.0, 0.0], '676_666_min_MET_pt': [59.151241302490234, 10000000.0], '626_596': [163.0, 0.0], '626_596_passing_MET': [157.0, 0.0], '626_596_failing_MET': [6.0, 0.0], '626_596_min_MET_pt': [60.90426254272461, 10000000.0], '626_595': [922.0, 0.0], '626_595_passing_MET': [885.0, 0.0], '626_595_failing_MET': [37.0, 0.0], '626_595_min_MET_pt': [17.34119415283203, 10000000.0], '876_865': [0.0, 999.0], '876_865_passing_MET': [0.0, 983.0], '876_865_failing_MET': [0.0, 16.0], '876_865_min_MET_pt': [10000000.0, 61.42853927612305], '876_866': [0.0, 97.0], '876_866_passing_MET': [0.0, 96.0], '876_866_failing_MET': [0.0, 1.0], '876_866_min_MET_pt': [10000000.0, 82.40296173095703], '976_955': [0.0, 954.0], '976_955_passing_MET': [0.0, 921.0], '976_955_failing_MET': [0.0, 33.0], '976_955_min_MET_pt': [10000000.0, 41.534637451171875], '976_956': [0.0, 168.0], '976_956_passing_MET': [0.0, 163.0], '976_956_failing_MET': [0.0, 5.0], '976_956_min_MET_pt': [10000000.0, 78.59236145019531]}
nevents_from_dict =  3640332515.8908596
Results saved to /afs/cern.ch/work/m/mleoncoe/private/stop_met_check/outputs_2018/nanoAOD_469.json
done
