i am in this directory
/pool/condor/dir_347533
Python 3.9.23
3.9.23
 will run this python stop_check_met_eff.py /eos/user/m/mleoncoe/stop_event_check/privateNanoAod2018/nanoAOD_310.root /afs/cern.ch/work/m/mleoncoe/private/stop_met_check/outputs_2018/nanoAOD_310.json
event num1000
event num2000
event num3000
event num4000
event num5000
event num6000
event num7000
event num8000
event num9000
event num10000
event num11000
event num12000
event num13000
event num14000
event num15000
event num16000
event num17000
event num18000
event num19000
event num20000
event num21000
event num22000
event num23000
event num24000
event num25000
event num26000
event num27000
event num28000
event num29000
event num30000
event num31000
event num32000
event num33000
event num34000
event num35000
event num36000
event num37000
event num38000
event num39000
event num40000
event num41000
event num42000
event num43000
event num44000
event num45000
event num46000
event num47000
event num48000
event num49000
event num50000
event num51000
event num52000
event num53000
event num54000
event num55000
event num56000
event num57000
event num58000
event num59000
event num60000
event num61000
event num62000
event num63000
event num64000
event num65000
event num66000
event num67000
event num68000
event num69000
event num70000
event num71000
event num72000
event num73000
event num74000
event num75000
event num76000
event num77000
event num78000
event num79000
event num80000
event num81000
event num82000
event num83000
event num84000
event num85000
event num86000
event num87000
event num88000
event num89000
event num90000
event num91000
event num92000
event num93000
event num94000
event num95000
event num96000
event num97000
event num98000
event num99000
event num100000
event num101000
event num102000
event num103000
event num104000
event num105000
event num106000
event num107000
event num108000
event num109000
event num110000
event num111000
event num112000
event num113000
event num114000
event num115000
event num116000
event num117000
event num118000
event num119000
{'250_240': [0.0, 719.0], '250_240_passing_MET': [0.0, 695.0], '250_240_failing_MET': [0.0, 24.0], '250_240_min_MET_pt': [10000000.0, 21.080469131469727], '250_235': [0.0, 0.0], '250_235_passing_MET': [0.0, 0.0], '250_235_failing_MET': [0.0, 0.0], '250_235_min_MET_pt': [10000000.0, 10000000.0], '250_230': [0.0, 0.0], '250_230_passing_MET': [0.0, 0.0], '250_230_failing_MET': [0.0, 0.0], '250_230_min_MET_pt': [10000000.0, 10000000.0], '250_225': [0.0, 737.0], '250_225_passing_MET': [0.0, 692.0], '250_225_failing_MET': [0.0, 45.0], '250_225_min_MET_pt': [10000000.0, 48.901641845703125], '250_220': [768.0, 0.0], '250_220_passing_MET': [713.0, 0.0], '250_220_failing_MET': [55.0, 0.0], '250_220_min_MET_pt': [33.81248474121094, 10000000.0], '275_265': [0.0, 0.0], '275_265_passing_MET': [0.0, 0.0], '275_265_failing_MET': [0.0, 0.0], '275_265_min_MET_pt': [10000000.0, 10000000.0], '275_260': [0.0, 0.0], '275_260_passing_MET': [0.0, 0.0], '275_260_failing_MET': [0.0, 0.0], '275_260_min_MET_pt': [10000000.0, 10000000.0], '275_255': [0.0, 777.0], '275_255_passing_MET': [0.0, 744.0], '275_255_failing_MET': [0.0, 33.0], '275_255_min_MET_pt': [10000000.0, 34.33568572998047], '275_250': [0.0, 0.0], '275_250_passing_MET': [0.0, 0.0], '275_250_failing_MET': [0.0, 0.0], '275_250_min_MET_pt': [10000000.0, 10000000.0], '275_245': [0.0, 0.0], '275_245_passing_MET': [0.0, 0.0], '275_245_failing_MET': [0.0, 0.0], '275_245_min_MET_pt': [10000000.0, 10000000.0], '300_290': [0.0, 0.0], '300_290_passing_MET': [0.0, 0.0], '300_290_failing_MET': [0.0, 0.0], '300_290_min_MET_pt': [10000000.0, 10000000.0], '300_285': [795.0, 716.0], '300_285_passing_MET': [0.0, 0.0], '300_285_failing_MET': [0.0, 0.0], '300_285_min_MET_pt': [10000000.0, 10000000.0], '300_280': [0.0, 815.0], '300_280_passing_MET': [0.0, 779.0], '300_280_failing_MET': [0.0, 36.0], '300_280_min_MET_pt': [10000000.0, 25.195791244506836], '300_275': [1616.0, 0.0], '300_275_passing_MET': [1551.0, 0.0], '300_275_failing_MET': [65.0, 0.0], '300_275_min_MET_pt': [22.13906478881836, 10000000.0], '300_270': [0.0, 0.0], '300_270_passing_MET': [0.0, 0.0], '300_270_failing_MET': [0.0, 0.0], '300_270_min_MET_pt': [10000000.0, 10000000.0], '325_315': [0.0, 1614.0], '325_315_passing_MET': [0.0, 1564.0], '325_315_failing_MET': [0.0, 50.0], '325_315_min_MET_pt': [10000000.0, 31.855972290039062], '325_310': [822.0, 0.0], '325_310_passing_MET': [795.0, 0.0], '325_310_failing_MET': [27.0, 0.0], '325_310_min_MET_pt': [41.45599365234375, 10000000.0], '325_305': [1653.0, 804.0], '325_305_passing_MET': [0.0, 0.0], '325_305_failing_MET': [0.0, 0.0], '325_305_min_MET_pt': [10000000.0, 10000000.0], '325_300': [0.0, 0.0], '325_300_passing_MET': [0.0, 0.0], '325_300_failing_MET': [0.0, 0.0], '325_300_min_MET_pt': [10000000.0, 10000000.0], '325_295': [1699.0, 875.0], '325_295_passing_MET': [0.0, 0.0], '325_295_failing_MET': [0.0, 0.0], '325_295_min_MET_pt': [10000000.0, 10000000.0], '350_340': [0.0, 0.0], '350_340_passing_MET': [0.0, 0.0], '350_340_failing_MET': [0.0, 0.0], '350_340_min_MET_pt': [10000000.0, 10000000.0], '350_335': [0.0, 0.0], '350_335_passing_MET': [0.0, 0.0], '350_335_failing_MET': [0.0, 0.0], '350_335_min_MET_pt': [10000000.0, 10000000.0], '350_330': [0.0, 933.0], '350_330_passing_MET': [0.0, 898.0], '350_330_failing_MET': [0.0, 35.0], '350_330_min_MET_pt': [10000000.0, 41.32106399536133], '350_325': [0.0, 861.0], '350_325_passing_MET': [0.0, 820.0], '350_325_failing_MET': [0.0, 41.0], '350_325_min_MET_pt': [10000000.0, 36.566932678222656], '350_320': [1758.0, 0.0], '350_320_passing_MET': [1679.0, 0.0], '350_320_failing_MET': [79.0, 0.0], '350_320_min_MET_pt': [21.759239196777344, 10000000.0], '375_365': [828.0, 860.0], '375_365_passing_MET': [0.0, 0.0], '375_365_failing_MET': [0.0, 0.0], '375_365_min_MET_pt': [10000000.0, 10000000.0], '375_360': [0.0, 0.0], '375_360_passing_MET': [0.0, 0.0], '375_360_failing_MET': [0.0, 0.0], '375_360_min_MET_pt': [10000000.0, 10000000.0], '375_355': [1842.0, 0.0], '375_355_passing_MET': [1771.0, 0.0], '375_355_failing_MET': [71.0, 0.0], '375_355_min_MET_pt': [28.685060501098633, 10000000.0], '375_350': [922.0, 0.0], '375_350_passing_MET': [893.0, 0.0], '375_350_failing_MET': [29.0, 0.0], '375_350_min_MET_pt': [41.00517654418945, 10000000.0], '375_345': [0.0, 0.0], '375_345_passing_MET': [0.0, 0.0], '375_345_failing_MET': [0.0, 0.0], '375_345_min_MET_pt': [10000000.0, 10000000.0], '400_390': [1824.0, 853.0], '400_390_passing_MET': [0.0, 0.0], '400_390_failing_MET': [0.0, 0.0], '400_390_min_MET_pt': [10000000.0, 10000000.0], '400_385': [0.0, 0.0], '400_385_passing_MET': [0.0, 0.0], '400_385_failing_MET': [0.0, 0.0], '400_385_min_MET_pt': [10000000.0, 10000000.0], '400_380': [0.0, 879.0], '400_380_passing_MET': [0.0, 844.0], '400_380_failing_MET': [0.0, 35.0], '400_380_min_MET_pt': [10000000.0, 9.718256950378418], '400_375': [0.0, 893.0], '400_375_passing_MET': [0.0, 858.0], '400_375_failing_MET': [0.0, 35.0], '400_375_min_MET_pt': [10000000.0, 41.79539108276367], '400_370': [979.0, 0.0], '400_370_passing_MET': [942.0, 0.0], '400_370_failing_MET': [37.0, 0.0], '400_370_min_MET_pt': [18.95160675048828, 10000000.0], '425_415': [908.0, 1772.0], '425_415_passing_MET': [0.0, 0.0], '425_415_failing_MET': [0.0, 0.0], '425_415_min_MET_pt': [10000000.0, 10000000.0], '425_410': [0.0, 0.0], '425_410_passing_MET': [0.0, 0.0], '425_410_failing_MET': [0.0, 0.0], '425_410_min_MET_pt': [10000000.0, 10000000.0], '425_405': [950.0, 930.0], '425_405_passing_MET': [0.0, 0.0], '425_405_failing_MET': [0.0, 0.0], '425_405_min_MET_pt': [10000000.0, 10000000.0], '425_400': [0.0, 1890.0], '425_400_passing_MET': [0.0, 1828.0], '425_400_failing_MET': [0.0, 62.0], '425_400_min_MET_pt': [10000000.0, 10.940223693847656], '425_395': [0.0, 0.0], '425_395_passing_MET': [0.0, 0.0], '425_395_failing_MET': [0.0, 0.0], '425_395_min_MET_pt': [10000000.0, 10000000.0], '450_440': [0.0, 0.0], '450_440_passing_MET': [0.0, 0.0], '450_440_failing_MET': [0.0, 0.0], '450_440_min_MET_pt': [10000000.0, 10000000.0], '450_435': [0.0, 0.0], '450_435_passing_MET': [0.0, 0.0], '450_435_failing_MET': [0.0, 0.0], '450_435_min_MET_pt': [10000000.0, 10000000.0], '450_430': [0.0, 0.0], '450_430_passing_MET': [0.0, 0.0], '450_430_failing_MET': [0.0, 0.0], '450_430_min_MET_pt': [10000000.0, 10000000.0], '450_425': [0.0, 0.0], '450_425_passing_MET': [0.0, 0.0], '450_425_failing_MET': [0.0, 0.0], '450_425_min_MET_pt': [10000000.0, 10000000.0], '450_420': [0.0, 0.0], '450_420_passing_MET': [0.0, 0.0], '450_420_failing_MET': [0.0, 0.0], '450_420_min_MET_pt': [10000000.0, 10000000.0], '475_465': [935.0, 0.0], '475_465_passing_MET': [908.0, 0.0], '475_465_failing_MET': [27.0, 0.0], '475_465_min_MET_pt': [39.177955627441406, 10000000.0], '475_460': [0.0, 1000.0], '475_460_passing_MET': [0.0, 971.0], '475_460_failing_MET': [0.0, 29.0], '475_460_min_MET_pt': [10000000.0, 33.9278678894043], '475_455': [0.0, 0.0], '475_455_passing_MET': [0.0, 0.0], '475_455_failing_MET': [0.0, 0.0], '475_455_min_MET_pt': [10000000.0, 10000000.0], '475_450': [0.0, 0.0], '475_450_passing_MET': [0.0, 0.0], '475_450_failing_MET': [0.0, 0.0], '475_450_min_MET_pt': [10000000.0, 10000000.0], '475_445': [1028.0, 0.0], '475_445_passing_MET': [991.0, 0.0], '475_445_failing_MET': [37.0, 0.0], '475_445_min_MET_pt': [32.72193908691406, 10000000.0], '500_490': [0.0, 0.0], '500_490_passing_MET': [0.0, 0.0], '500_490_failing_MET': [0.0, 0.0], '500_490_min_MET_pt': [10000000.0, 10000000.0], '500_485': [0.0, 0.0], '500_485_passing_MET': [0.0, 0.0], '500_485_failing_MET': [0.0, 0.0], '500_485_min_MET_pt': [10000000.0, 10000000.0], '500_480': [0.0, 1001.0], '500_480_passing_MET': [0.0, 968.0], '500_480_failing_MET': [0.0, 33.0], '500_480_min_MET_pt': [10000000.0, 34.94770812988281], '500_475': [0.0, 0.0], '500_475_passing_MET': [0.0, 0.0], '500_475_failing_MET': [0.0, 0.0], '500_475_min_MET_pt': [10000000.0, 10000000.0], '500_470': [0.0, 1083.0], '500_470_passing_MET': [0.0, 1050.0], '500_470_failing_MET': [0.0, 33.0], '500_470_min_MET_pt': [10000000.0, 12.333531379699707], '525_515': [0.0, 0.0], '525_515_passing_MET': [0.0, 0.0], '525_515_failing_MET': [0.0, 0.0], '525_515_min_MET_pt': [10000000.0, 10000000.0], '525_510': [0.0, 0.0], '525_510_passing_MET': [0.0, 0.0], '525_510_failing_MET': [0.0, 0.0], '525_510_min_MET_pt': [10000000.0, 10000000.0], '525_505': [0.0, 0.0], '525_505_passing_MET': [0.0, 0.0], '525_505_failing_MET': [0.0, 0.0], '525_505_min_MET_pt': [10000000.0, 10000000.0], '525_500': [0.0, 0.0], '525_500_passing_MET': [0.0, 0.0], '525_500_failing_MET': [0.0, 0.0], '525_500_min_MET_pt': [10000000.0, 10000000.0], '525_495': [0.0, 0.0], '525_495_passing_MET': [0.0, 0.0], '525_495_failing_MET': [0.0, 0.0], '525_495_min_MET_pt': [10000000.0, 10000000.0], '550_540': [0.0, 0.0], '550_540_passing_MET': [0.0, 0.0], '550_540_failing_MET': [0.0, 0.0], '550_540_min_MET_pt': [10000000.0, 10000000.0], '550_535': [0.0, 876.0], '550_535_passing_MET': [0.0, 855.0], '550_535_failing_MET': [0.0, 21.0], '550_535_min_MET_pt': [10000000.0, 15.054499626159668], '550_530': [1083.0, 0.0], '550_530_passing_MET': [1044.0, 0.0], '550_530_failing_MET': [39.0, 0.0], '550_530_min_MET_pt': [37.112770080566406, 10000000.0], '550_525': [0.0, 0.0], '550_525_passing_MET': [0.0, 0.0], '550_525_failing_MET': [0.0, 0.0], '550_525_min_MET_pt': [10000000.0, 10000000.0], '550_520': [0.0, 0.0], '550_520_passing_MET': [0.0, 0.0], '550_520_failing_MET': [0.0, 0.0], '550_520_min_MET_pt': [10000000.0, 10000000.0], '575_565': [0.0, 0.0], '575_565_passing_MET': [0.0, 0.0], '575_565_failing_MET': [0.0, 0.0], '575_565_min_MET_pt': [10000000.0, 10000000.0], '575_560': [0.0, 0.0], '575_560_passing_MET': [0.0, 0.0], '575_560_failing_MET': [0.0, 0.0], '575_560_min_MET_pt': [10000000.0, 10000000.0], '575_555': [0.0, 0.0], '575_555_passing_MET': [0.0, 0.0], '575_555_failing_MET': [0.0, 0.0], '575_555_min_MET_pt': [10000000.0, 10000000.0], '575_550': [0.0, 0.0], '575_550_passing_MET': [0.0, 0.0], '575_550_failing_MET': [0.0, 0.0], '575_550_min_MET_pt': [10000000.0, 10000000.0], '575_545': [0.0, 0.0], '575_545_passing_MET': [0.0, 0.0], '575_545_failing_MET': [0.0, 0.0], '575_545_min_MET_pt': [10000000.0, 10000000.0], '600_590': [2068.0, 0.0], '600_590_passing_MET': [2011.0, 0.0], '600_590_failing_MET': [57.0, 0.0], '600_590_min_MET_pt': [21.92833137512207, 10000000.0], '600_585': [0.0, 0.0], '600_585_passing_MET': [0.0, 0.0], '600_585_failing_MET': [0.0, 0.0], '600_585_min_MET_pt': [10000000.0, 10000000.0], '600_580': [0.0, 1038.0], '600_580_passing_MET': [0.0, 990.0], '600_580_failing_MET': [0.0, 48.0], '600_580_min_MET_pt': [10000000.0, 21.022396087646484], '600_575': [0.0, 0.0], '600_575_passing_MET': [0.0, 0.0], '600_575_failing_MET': [0.0, 0.0], '600_575_min_MET_pt': [10000000.0, 10000000.0], '600_570': [0.0, 2103.0], '600_570_passing_MET': [0.0, 2026.0], '600_570_failing_MET': [0.0, 77.0], '600_570_min_MET_pt': [10000000.0, 28.121761322021484], '625_615': [0.0, 0.0], '625_615_passing_MET': [0.0, 0.0], '625_615_failing_MET': [0.0, 0.0], '625_615_min_MET_pt': [10000000.0, 10000000.0], '625_610': [0.0, 0.0], '625_610_passing_MET': [0.0, 0.0], '625_610_failing_MET': [0.0, 0.0], '625_610_min_MET_pt': [10000000.0, 10000000.0], '625_605': [0.0, 0.0], '625_605_passing_MET': [0.0, 0.0], '625_605_failing_MET': [0.0, 0.0], '625_605_min_MET_pt': [10000000.0, 10000000.0], '625_600': [0.0, 0.0], '625_600_passing_MET': [0.0, 0.0], '625_600_failing_MET': [0.0, 0.0], '625_600_min_MET_pt': [10000000.0, 10000000.0], '625_595': [0.0, 0.0], '625_595_passing_MET': [0.0, 0.0], '625_595_failing_MET': [0.0, 0.0], '625_595_min_MET_pt': [10000000.0, 10000000.0], '650_640': [0.0, 1061.0], '650_640_passing_MET': [0.0, 1035.0], '650_640_failing_MET': [0.0, 26.0], '650_640_min_MET_pt': [10000000.0, 25.222875595092773], '650_635': [0.0, 0.0], '650_635_passing_MET': [0.0, 0.0], '650_635_failing_MET': [0.0, 0.0], '650_635_min_MET_pt': [10000000.0, 10000000.0], '650_630': [0.0, 0.0], '650_630_passing_MET': [0.0, 0.0], '650_630_failing_MET': [0.0, 0.0], '650_630_min_MET_pt': [10000000.0, 10000000.0], '650_625': [0.0, 913.0], '650_625_passing_MET': [0.0, 892.0], '650_625_failing_MET': [0.0, 21.0], '650_625_min_MET_pt': [10000000.0, 47.92532730102539], '650_620': [0.0, 0.0], '650_620_passing_MET': [0.0, 0.0], '650_620_failing_MET': [0.0, 0.0], '650_620_min_MET_pt': [10000000.0, 10000000.0], '675_665': [0.0, 0.0], '675_665_passing_MET': [0.0, 0.0], '675_665_failing_MET': [0.0, 0.0], '675_665_min_MET_pt': [10000000.0, 10000000.0], '675_660': [0.0, 0.0], '675_660_passing_MET': [0.0, 0.0], '675_660_failing_MET': [0.0, 0.0], '675_660_min_MET_pt': [10000000.0, 10000000.0], '675_655': [0.0, 0.0], '675_655_passing_MET': [0.0, 0.0], '675_655_failing_MET': [0.0, 0.0], '675_655_min_MET_pt': [10000000.0, 10000000.0], '675_650': [0.0, 0.0], '675_650_passing_MET': [0.0, 0.0], '675_650_failing_MET': [0.0, 0.0], '675_650_min_MET_pt': [10000000.0, 10000000.0], '675_645': [0.0, 0.0], '675_645_passing_MET': [0.0, 0.0], '675_645_failing_MET': [0.0, 0.0], '675_645_min_MET_pt': [10000000.0, 10000000.0], '700_690': [0.0, 0.0], '700_690_passing_MET': [0.0, 0.0], '700_690_failing_MET': [0.0, 0.0], '700_690_min_MET_pt': [10000000.0, 10000000.0], '700_685': [0.0, 0.0], '700_685_passing_MET': [0.0, 0.0], '700_685_failing_MET': [0.0, 0.0], '700_685_min_MET_pt': [10000000.0, 10000000.0], '700_680': [0.0, 0.0], '700_680_passing_MET': [0.0, 0.0], '700_680_failing_MET': [0.0, 0.0], '700_680_min_MET_pt': [10000000.0, 10000000.0], '700_675': [0.0, 0.0], '700_675_passing_MET': [0.0, 0.0], '700_675_failing_MET': [0.0, 0.0], '700_675_min_MET_pt': [10000000.0, 10000000.0], '700_670': [1093.0, 0.0], '700_670_passing_MET': [1057.0, 0.0], '700_670_failing_MET': [36.0, 0.0], '700_670_min_MET_pt': [22.84419822692871, 10000000.0], '725_715': [0.0, 0.0], '725_715_passing_MET': [0.0, 0.0], '725_715_failing_MET': [0.0, 0.0], '725_715_min_MET_pt': [10000000.0, 10000000.0], '725_710': [0.0, 0.0], '725_710_passing_MET': [0.0, 0.0], '725_710_failing_MET': [0.0, 0.0], '725_710_min_MET_pt': [10000000.0, 10000000.0], '725_705': [0.0, 0.0], '725_705_passing_MET': [0.0, 0.0], '725_705_failing_MET': [0.0, 0.0], '725_705_min_MET_pt': [10000000.0, 10000000.0], '725_700': [0.0, 0.0], '725_700_passing_MET': [0.0, 0.0], '725_700_failing_MET': [0.0, 0.0], '725_700_min_MET_pt': [10000000.0, 10000000.0], '725_695': [0.0, 0.0], '725_695_passing_MET': [0.0, 0.0], '725_695_failing_MET': [0.0, 0.0], '725_695_min_MET_pt': [10000000.0, 10000000.0], '750_740': [0.0, 0.0], '750_740_passing_MET': [0.0, 0.0], '750_740_failing_MET': [0.0, 0.0], '750_740_min_MET_pt': [10000000.0, 10000000.0], '750_735': [0.0, 0.0], '750_735_passing_MET': [0.0, 0.0], '750_735_failing_MET': [0.0, 0.0], '750_735_min_MET_pt': [10000000.0, 10000000.0], '750_730': [0.0, 0.0], '750_730_passing_MET': [0.0, 0.0], '750_730_failing_MET': [0.0, 0.0], '750_730_min_MET_pt': [10000000.0, 10000000.0], '750_725': [0.0, 0.0], '750_725_passing_MET': [0.0, 0.0], '750_725_failing_MET': [0.0, 0.0], '750_725_min_MET_pt': [10000000.0, 10000000.0], '750_720': [0.0, 1088.0], '750_720_passing_MET': [0.0, 1059.0], '750_720_failing_MET': [0.0, 29.0], '750_720_min_MET_pt': [10000000.0, 20.710275650024414], '775_765': [0.0, 0.0], '775_765_passing_MET': [0.0, 0.0], '775_765_failing_MET': [0.0, 0.0], '775_765_min_MET_pt': [10000000.0, 10000000.0], '775_760': [0.0, 0.0], '775_760_passing_MET': [0.0, 0.0], '775_760_failing_MET': [0.0, 0.0], '775_760_min_MET_pt': [10000000.0, 10000000.0], '775_755': [0.0, 0.0], '775_755_passing_MET': [0.0, 0.0], '775_755_failing_MET': [0.0, 0.0], '775_755_min_MET_pt': [10000000.0, 10000000.0], '775_750': [0.0, 0.0], '775_750_passing_MET': [0.0, 0.0], '775_750_failing_MET': [0.0, 0.0], '775_750_min_MET_pt': [10000000.0, 10000000.0], '775_745': [0.0, 0.0], '775_745_passing_MET': [0.0, 0.0], '775_745_failing_MET': [0.0, 0.0], '775_745_min_MET_pt': [10000000.0, 10000000.0], '800_790': [2158.0, 0.0], '800_790_passing_MET': [2106.0, 0.0], '800_790_failing_MET': [52.0, 0.0], '800_790_min_MET_pt': [41.70399856567383, 10000000.0], '800_785': [0.0, 0.0], '800_785_passing_MET': [0.0, 0.0], '800_785_failing_MET': [0.0, 0.0], '800_785_min_MET_pt': [10000000.0, 10000000.0], '800_780': [0.0, 0.0], '800_780_passing_MET': [0.0, 0.0], '800_780_failing_MET': [0.0, 0.0], '800_780_min_MET_pt': [10000000.0, 10000000.0], '800_775': [0.0, 0.0], '800_775_passing_MET': [0.0, 0.0], '800_775_failing_MET': [0.0, 0.0], '800_775_min_MET_pt': [10000000.0, 10000000.0], '800_770': [0.0, 0.0], '800_770_passing_MET': [0.0, 0.0], '800_770_failing_MET': [0.0, 0.0], '800_770_min_MET_pt': [10000000.0, 10000000.0], '825_815': [0.0, 0.0], '825_815_passing_MET': [0.0, 0.0], '825_815_failing_MET': [0.0, 0.0], '825_815_min_MET_pt': [10000000.0, 10000000.0], '825_810': [0.0, 0.0], '825_810_passing_MET': [0.0, 0.0], '825_810_failing_MET': [0.0, 0.0], '825_810_min_MET_pt': [10000000.0, 10000000.0], '825_805': [0.0, 0.0], '825_805_passing_MET': [0.0, 0.0], '825_805_failing_MET': [0.0, 0.0], '825_805_min_MET_pt': [10000000.0, 10000000.0], '825_800': [0.0, 0.0], '825_800_passing_MET': [0.0, 0.0], '825_800_failing_MET': [0.0, 0.0], '825_800_min_MET_pt': [10000000.0, 10000000.0], '825_795': [0.0, 0.0], '825_795_passing_MET': [0.0, 0.0], '825_795_failing_MET': [0.0, 0.0], '825_795_min_MET_pt': [10000000.0, 10000000.0], '850_840': [2144.0, 0.0], '850_840_passing_MET': [2096.0, 0.0], '850_840_failing_MET': [48.0, 0.0], '850_840_min_MET_pt': [35.347412109375, 10000000.0], '850_835': [998.0, 0.0], '850_835_passing_MET': [974.0, 0.0], '850_835_failing_MET': [24.0, 0.0], '850_835_min_MET_pt': [35.578487396240234, 10000000.0], '850_830': [1176.0, 0.0], '850_830_passing_MET': [1140.0, 0.0], '850_830_failing_MET': [36.0, 0.0], '850_830_min_MET_pt': [34.93326187133789, 10000000.0], '850_825': [0.0, 0.0], '850_825_passing_MET': [0.0, 0.0], '850_825_failing_MET': [0.0, 0.0], '850_825_min_MET_pt': [10000000.0, 10000000.0], '850_820': [0.0, 0.0], '850_820_passing_MET': [0.0, 0.0], '850_820_failing_MET': [0.0, 0.0], '850_820_min_MET_pt': [10000000.0, 10000000.0], '875_865': [0.0, 0.0], '875_865_passing_MET': [0.0, 0.0], '875_865_failing_MET': [0.0, 0.0], '875_865_min_MET_pt': [10000000.0, 10000000.0], '875_860': [0.0, 0.0], '875_860_passing_MET': [0.0, 0.0], '875_860_failing_MET': [0.0, 0.0], '875_860_min_MET_pt': [10000000.0, 10000000.0], '875_855': [0.0, 0.0], '875_855_passing_MET': [0.0, 0.0], '875_855_failing_MET': [0.0, 0.0], '875_855_min_MET_pt': [10000000.0, 10000000.0], '875_850': [0.0, 0.0], '875_850_passing_MET': [0.0, 0.0], '875_850_failing_MET': [0.0, 0.0], '875_850_min_MET_pt': [10000000.0, 10000000.0], '875_845': [0.0, 0.0], '875_845_passing_MET': [0.0, 0.0], '875_845_failing_MET': [0.0, 0.0], '875_845_min_MET_pt': [10000000.0, 10000000.0], '900_890': [0.0, 0.0], '900_890_passing_MET': [0.0, 0.0], '900_890_failing_MET': [0.0, 0.0], '900_890_min_MET_pt': [10000000.0, 10000000.0], '900_885': [1979.0, 0.0], '900_885_passing_MET': [1922.0, 0.0], '900_885_failing_MET': [57.0, 0.0], '900_885_min_MET_pt': [21.500080108642578, 10000000.0], '900_880': [0.0, 0.0], '900_880_passing_MET': [0.0, 0.0], '900_880_failing_MET': [0.0, 0.0], '900_880_min_MET_pt': [10000000.0, 10000000.0], '900_875': [979.0, 0.0], '900_875_passing_MET': [954.0, 0.0], '900_875_failing_MET': [25.0, 0.0], '900_875_min_MET_pt': [14.917080879211426, 10000000.0], '900_870': [0.0, 0.0], '900_870_passing_MET': [0.0, 0.0], '900_870_failing_MET': [0.0, 0.0], '900_870_min_MET_pt': [10000000.0, 10000000.0], '925_915': [0.0, 0.0], '925_915_passing_MET': [0.0, 0.0], '925_915_failing_MET': [0.0, 0.0], '925_915_min_MET_pt': [10000000.0, 10000000.0], '925_910': [0.0, 0.0], '925_910_passing_MET': [0.0, 0.0], '925_910_failing_MET': [0.0, 0.0], '925_910_min_MET_pt': [10000000.0, 10000000.0], '925_905': [0.0, 0.0], '925_905_passing_MET': [0.0, 0.0], '925_905_failing_MET': [0.0, 0.0], '925_905_min_MET_pt': [10000000.0, 10000000.0], '925_900': [0.0, 0.0], '925_900_passing_MET': [0.0, 0.0], '925_900_failing_MET': [0.0, 0.0], '925_900_min_MET_pt': [10000000.0, 10000000.0], '925_895': [0.0, 0.0], '925_895_passing_MET': [0.0, 0.0], '925_895_failing_MET': [0.0, 0.0], '925_895_min_MET_pt': [10000000.0, 10000000.0], '950_940': [1078.0, 0.0], '950_940_passing_MET': [1054.0, 0.0], '950_940_failing_MET': [24.0, 0.0], '950_940_min_MET_pt': [35.93705749511719, 10000000.0], '950_935': [999.0, 0.0], '950_935_passing_MET': [976.0, 0.0], '950_935_failing_MET': [23.0, 0.0], '950_935_min_MET_pt': [35.741920471191406, 10000000.0], '950_930': [1141.0, 1153.0], '950_930_passing_MET': [0.0, 0.0], '950_930_failing_MET': [0.0, 0.0], '950_930_min_MET_pt': [10000000.0, 10000000.0], '950_925': [0.0, 0.0], '950_925_passing_MET': [0.0, 0.0], '950_925_failing_MET': [0.0, 0.0], '950_925_min_MET_pt': [10000000.0, 10000000.0], '950_920': [0.0, 1205.0], '950_920_passing_MET': [0.0, 1175.0], '950_920_failing_MET': [0.0, 30.0], '950_920_min_MET_pt': [10000000.0, 55.92654037475586], '975_965': [0.0, 0.0], '975_965_passing_MET': [0.0, 0.0], '975_965_failing_MET': [0.0, 0.0], '975_965_min_MET_pt': [10000000.0, 10000000.0], '975_960': [0.0, 0.0], '975_960_passing_MET': [0.0, 0.0], '975_960_failing_MET': [0.0, 0.0], '975_960_min_MET_pt': [10000000.0, 10000000.0], '975_955': [0.0, 0.0], '975_955_passing_MET': [0.0, 0.0], '975_955_failing_MET': [0.0, 0.0], '975_955_min_MET_pt': [10000000.0, 10000000.0], '975_950': [0.0, 0.0], '975_950_passing_MET': [0.0, 0.0], '975_950_failing_MET': [0.0, 0.0], '975_950_min_MET_pt': [10000000.0, 10000000.0], '975_945': [0.0, 0.0], '975_945_passing_MET': [0.0, 0.0], '975_945_failing_MET': [0.0, 0.0], '975_945_min_MET_pt': [10000000.0, 10000000.0], '1000_990': [1106.0, 1050.0], '1000_990_passing_MET': [0.0, 0.0], '1000_990_failing_MET': [0.0, 0.0], '1000_990_min_MET_pt': [10000000.0, 10000000.0], '1000_985': [970.0, 0.0], '1000_985_passing_MET': [937.0, 0.0], '1000_985_failing_MET': [33.0, 0.0], '1000_985_min_MET_pt': [22.09525489807129, 10000000.0], '1000_980': [0.0, 0.0], '1000_980_passing_MET': [0.0, 0.0], '1000_980_failing_MET': [0.0, 0.0], '1000_980_min_MET_pt': [10000000.0, 10000000.0], '1000_975': [1001.0, 0.0], '1000_975_passing_MET': [983.0, 0.0], '1000_975_failing_MET': [18.0, 0.0], '1000_975_min_MET_pt': [25.30328369140625, 10000000.0], '1000_970': [0.0, 0.0], '1000_970_passing_MET': [0.0, 0.0], '1000_970_failing_MET': [0.0, 0.0], '1000_970_min_MET_pt': [10000000.0, 10000000.0], '1025_1015': [0.0, 0.0], '1025_1015_passing_MET': [0.0, 0.0], '1025_1015_failing_MET': [0.0, 0.0], '1025_1015_min_MET_pt': [10000000.0, 10000000.0], '1025_1010': [0.0, 0.0], '1025_1010_passing_MET': [0.0, 0.0], '1025_1010_failing_MET': [0.0, 0.0], '1025_1010_min_MET_pt': [10000000.0, 10000000.0], '1025_1005': [0.0, 0.0], '1025_1005_passing_MET': [0.0, 0.0], '1025_1005_failing_MET': [0.0, 0.0], '1025_1005_min_MET_pt': [10000000.0, 10000000.0], '1025_1000': [0.0, 0.0], '1025_1000_passing_MET': [0.0, 0.0], '1025_1000_failing_MET': [0.0, 0.0], '1025_1000_min_MET_pt': [10000000.0, 10000000.0], '1025_995': [0.0, 0.0], '1025_995_passing_MET': [0.0, 0.0], '1025_995_failing_MET': [0.0, 0.0], '1025_995_min_MET_pt': [10000000.0, 10000000.0], '1050_1040': [0.0, 0.0], '1050_1040_passing_MET': [0.0, 0.0], '1050_1040_failing_MET': [0.0, 0.0], '1050_1040_min_MET_pt': [10000000.0, 10000000.0], '1050_1035': [0.0, 0.0], '1050_1035_passing_MET': [0.0, 0.0], '1050_1035_failing_MET': [0.0, 0.0], '1050_1035_min_MET_pt': [10000000.0, 10000000.0], '1050_1030': [0.0, 0.0], '1050_1030_passing_MET': [0.0, 0.0], '1050_1030_failing_MET': [0.0, 0.0], '1050_1030_min_MET_pt': [10000000.0, 10000000.0], '1050_1025': [0.0, 0.0], '1050_1025_passing_MET': [0.0, 0.0], '1050_1025_failing_MET': [0.0, 0.0], '1050_1025_min_MET_pt': [10000000.0, 10000000.0], '1050_1020': [0.0, 0.0], '1050_1020_passing_MET': [0.0, 0.0], '1050_1020_failing_MET': [0.0, 0.0], '1050_1020_min_MET_pt': [10000000.0, 10000000.0], '1075_1065': [0.0, 0.0], '1075_1065_passing_MET': [0.0, 0.0], '1075_1065_failing_MET': [0.0, 0.0], '1075_1065_min_MET_pt': [10000000.0, 10000000.0], '1075_1060': [0.0, 0.0], '1075_1060_passing_MET': [0.0, 0.0], '1075_1060_failing_MET': [0.0, 0.0], '1075_1060_min_MET_pt': [10000000.0, 10000000.0], '1075_1055': [0.0, 0.0], '1075_1055_passing_MET': [0.0, 0.0], '1075_1055_failing_MET': [0.0, 0.0], '1075_1055_min_MET_pt': [10000000.0, 10000000.0], '1075_1050': [0.0, 0.0], '1075_1050_passing_MET': [0.0, 0.0], '1075_1050_failing_MET': [0.0, 0.0], '1075_1050_min_MET_pt': [10000000.0, 10000000.0], '1075_1045': [0.0, 0.0], '1075_1045_passing_MET': [0.0, 0.0], '1075_1045_failing_MET': [0.0, 0.0], '1075_1045_min_MET_pt': [10000000.0, 10000000.0], '1100_1090': [2126.0, 0.0], '1100_1090_passing_MET': [2090.0, 0.0], '1100_1090_failing_MET': [36.0, 0.0], '1100_1090_min_MET_pt': [40.16414260864258, 10000000.0], '1100_1085': [0.0, 0.0], '1100_1085_passing_MET': [0.0, 0.0], '1100_1085_failing_MET': [0.0, 0.0], '1100_1085_min_MET_pt': [10000000.0, 10000000.0], '1100_1080': [0.0, 0.0], '1100_1080_passing_MET': [0.0, 0.0], '1100_1080_failing_MET': [0.0, 0.0], '1100_1080_min_MET_pt': [10000000.0, 10000000.0], '1100_1075': [0.0, 0.0], '1100_1075_passing_MET': [0.0, 0.0], '1100_1075_failing_MET': [0.0, 0.0], '1100_1075_min_MET_pt': [10000000.0, 10000000.0], '1100_1070': [0.0, 0.0], '1100_1070_passing_MET': [0.0, 0.0], '1100_1070_failing_MET': [0.0, 0.0], '1100_1070_min_MET_pt': [10000000.0, 10000000.0], 'nEventsTotal': 119389.0, 'strange masspoints': 0.0, 'orphans': 0.0, 'R-hadron event': 0.0, 'different stop antistop masses': 0.0, 'strange error': 0.0, 'strange event': 0.0, 'different neutralino masses': 8707.0, 'large differences': 0.0, '1024_1005': [0.0, 991.0], '1024_1005_passing_MET': [0.0, 970.0], '1024_1005_failing_MET': [0.0, 21.0], '1024_1005_min_MET_pt': [10000000.0, 14.83900260925293], '1024_1006': [0.0, 153.0], '1024_1006_passing_MET': [0.0, 150.0], '1024_1006_failing_MET': [0.0, 3.0], '1024_1006_min_MET_pt': [10000000.0, 82.55968475341797], '1076_1065': [0.0, 2147.0], '1076_1065_passing_MET': [0.0, 2096.0], '1076_1065_failing_MET': [0.0, 51.0], '1076_1065_min_MET_pt': [10000000.0, 9.570466995239258], '1076_1064': [0.0, 193.0], '1076_1064_passing_MET': [0.0, 186.0], '1076_1064_failing_MET': [0.0, 7.0], '1076_1064_min_MET_pt': [10000000.0, 56.02787399291992], '900_886': [268.0, 0.0], '900_886_passing_MET': [267.0, 0.0], '900_886_failing_MET': [1.0, 0.0], '900_886_min_MET_pt': [83.5546646118164, 10000000.0], '1052_1040': [3409.0, 0.0], '1052_1040_passing_MET': [3330.0, 0.0], '1052_1040_failing_MET': [79.0, 0.0], '1052_1040_min_MET_pt': [14.038970947265625, 10000000.0], '876_850': [1095.0, 0.0], '876_850_passing_MET': [1074.0, 0.0], '876_850_failing_MET': [21.0, 0.0], '876_850_min_MET_pt': [48.827022552490234, 10000000.0], '676_665': [969.0, 932.0], '676_665_passing_MET': [947.0, 909.0], '676_665_failing_MET': [22.0, 23.0], '676_665_min_MET_pt': [33.76139831542969, 39.831817626953125], '676_666': [96.0, 101.0], '676_666_passing_MET': [95.0, 99.0], '676_666_failing_MET': [1.0, 2.0], '676_666_min_MET_pt': [96.07125854492188, 12.501426696777344], '900_876': [173.0, 0.0], '900_876_passing_MET': [168.0, 0.0], '900_876_failing_MET': [5.0, 0.0], '900_876_min_MET_pt': [62.4724235534668, 10000000.0], '526_505': [0.0, 972.0], '526_505_passing_MET': [0.0, 943.0], '526_505_failing_MET': [0.0, 29.0], '526_505_min_MET_pt': [10000000.0, 27.037904739379883], '576_565': [918.0, 885.0], '576_565_passing_MET': [883.0, 856.0], '576_565_failing_MET': [35.0, 29.0], '576_565_min_MET_pt': [34.73439407348633, 64.33710479736328], '576_566': [85.0, 90.0], '576_566_passing_MET': [83.0, 89.0], '576_566_failing_MET': [2.0, 1.0], '576_566_min_MET_pt': [59.4471435546875, 93.2600326538086], '576_555': [867.0, 0.0], '576_555_passing_MET': [845.0, 0.0], '576_555_failing_MET': [22.0, 0.0], '576_555_min_MET_pt': [18.98877716064453, 10000000.0], '576_556': [156.0, 0.0], '576_556_passing_MET': [152.0, 0.0], '576_556_failing_MET': [4.0, 0.0], '576_556_min_MET_pt': [77.50836944580078, 10000000.0], '776_765': [0.0, 1913.0], '776_765_passing_MET': [0.0, 1867.0], '776_765_failing_MET': [0.0, 46.0], '776_765_min_MET_pt': [10000000.0, 20.290246963500977], '776_766': [0.0, 179.0], '776_766_passing_MET': [0.0, 174.0], '776_766_failing_MET': [0.0, 5.0], '776_766_min_MET_pt': [10000000.0, 63.989471435546875], '726_695': [0.0, 1898.0], '726_695_passing_MET': [0.0, 1833.0], '726_695_failing_MET': [0.0, 65.0], '726_695_min_MET_pt': [10000000.0, 44.45733642578125], '726_696': [0.0, 368.0], '726_696_passing_MET': [0.0, 357.0], '726_696_failing_MET': [0.0, 11.0], '726_696_min_MET_pt': [10000000.0, 32.81845474243164], '976_965': [1090.0, 0.0], '976_965_passing_MET': [1070.0, 0.0], '976_965_failing_MET': [20.0, 0.0], '976_965_min_MET_pt': [55.362735748291016, 10000000.0], '976_966': [98.0, 0.0], '976_966_passing_MET': [96.0, 0.0], '976_966_failing_MET': [2.0, 0.0], '976_966_min_MET_pt': [29.98716163635254, 10000000.0], '550_536': [0.0, 102.0], '550_536_passing_MET': [0.0, 99.0], '550_536_failing_MET': [0.0, 3.0], '550_536_min_MET_pt': [10000000.0, 54.70355987548828], '726_715': [0.0, 1879.0], '726_715_passing_MET': [0.0, 1825.0], '726_715_failing_MET': [0.0, 54.0], '726_715_min_MET_pt': [10000000.0, 48.17763137817383], '726_716': [0.0, 205.0], '726_716_passing_MET': [0.0, 196.0], '726_716_failing_MET': [0.0, 9.0], '726_716_min_MET_pt': [10000000.0, 24.162256240844727], '526_495': [1033.0, 0.0], '526_495_passing_MET': [993.0, 0.0], '526_495_failing_MET': [40.0, 0.0], '526_495_min_MET_pt': [42.205101013183594, 10000000.0], '1000_976': [167.0, 0.0], '1000_976_passing_MET': [166.0, 0.0], '1000_976_failing_MET': [1.0, 0.0], '1000_976_min_MET_pt': [77.70836639404297, 10000000.0], '1000_986': [137.0, 0.0], '1000_986_passing_MET': [131.0, 0.0], '1000_986_failing_MET': [6.0, 0.0], '1000_986_min_MET_pt': [72.27621459960938, 10000000.0], '726_700': [1088.0, 1092.0], '726_700_passing_MET': [1050.0, 1055.0], '726_700_failing_MET': [38.0, 37.0], '726_700_min_MET_pt': [20.18488311767578, 12.586505889892578], '676_650': [1081.0, 1067.0], '676_650_passing_MET': [1047.0, 1040.0], '676_650_failing_MET': [34.0, 27.0], '676_650_min_MET_pt': [25.502456665039062, 33.09359359741211], '626_595': [887.0, 0.0], '626_595_passing_MET': [871.0, 0.0], '626_595_failing_MET': [16.0, 0.0], '626_595_min_MET_pt': [35.88993453979492, 10000000.0], '626_596': [171.0, 0.0], '626_596_passing_MET': [169.0, 0.0], '626_596_failing_MET': [2.0, 0.0], '626_596_min_MET_pt': [69.83567810058594, 10000000.0], '1024_1010': [0.0, 1125.0], '1024_1010_passing_MET': [0.0, 1094.0], '1024_1010_failing_MET': [0.0, 31.0], '1024_1010_min_MET_pt': [10000000.0, 41.64054489135742], '576_545': [862.0, 0.0], '576_545_passing_MET': [836.0, 0.0], '576_545_failing_MET': [26.0, 0.0], '576_545_min_MET_pt': [43.097835540771484, 10000000.0], '576_546': [153.0, 0.0], '576_546_passing_MET': [146.0, 0.0], '576_546_failing_MET': [7.0, 0.0], '576_546_min_MET_pt': [34.200260162353516, 10000000.0], '1052_1020': [1188.0, 1198.0], '1052_1020_passing_MET': [1159.0, 1172.0], '1052_1020_failing_MET': [29.0, 26.0], '1052_1020_min_MET_pt': [20.996625900268555, 50.51921844482422], '1100_1092': [201.0, 0.0], '1100_1092_passing_MET': [193.0, 0.0], '1100_1092_failing_MET': [8.0, 0.0], '1100_1092_min_MET_pt': [39.7760009765625, 10000000.0], '850_836': [128.0, 0.0], '850_836_passing_MET': [125.0, 0.0], '850_836_failing_MET': [3.0, 0.0], '850_836_min_MET_pt': [51.28019332885742, 10000000.0], '1024_1015': [2086.0, 0.0], '1024_1015_passing_MET': [2041.0, 0.0], '1024_1015_failing_MET': [45.0, 0.0], '1024_1015_min_MET_pt': [24.166906356811523, 10000000.0], '1024_1016': [181.0, 0.0], '1024_1016_passing_MET': [174.0, 0.0], '1024_1016_failing_MET': [7.0, 0.0], '1024_1016_min_MET_pt': [31.77813720703125, 10000000.0], '826_815': [0.0, 1941.0], '826_815_passing_MET': [0.0, 1889.0], '826_815_failing_MET': [0.0, 52.0], '826_815_min_MET_pt': [10000000.0, 26.48526382446289], '826_816': [0.0, 181.0], '826_816_passing_MET': [0.0, 178.0], '826_816_failing_MET': [0.0, 3.0], '826_816_min_MET_pt': [10000000.0, 37.302249908447266], '1076_1052': [0.0, 181.0], '1076_1052_passing_MET': [0.0, 178.0], '1076_1052_failing_MET': [0.0, 3.0], '1076_1052_min_MET_pt': [10000000.0, 55.735652923583984], '1076_1050': [0.0, 1036.0], '1076_1050_passing_MET': [0.0, 1014.0], '1076_1050_failing_MET': [0.0, 22.0], '1076_1050_min_MET_pt': [10000000.0, 13.002023696899414], '976_955': [978.0, 0.0], '976_955_passing_MET': [956.0, 0.0], '976_955_failing_MET': [22.0, 0.0], '976_955_min_MET_pt': [67.42849731445312, 10000000.0], '976_956': [176.0, 0.0], '976_956_passing_MET': [170.0, 0.0], '976_956_failing_MET': [6.0, 0.0], '976_956_min_MET_pt': [71.35198211669922, 10000000.0], '976_950': [0.0, 1166.0], '976_950_passing_MET': [0.0, 1141.0], '976_950_failing_MET': [0.0, 25.0], '976_950_min_MET_pt': [10000000.0, 31.35125732421875], '526_515': [1779.0, 0.0], '526_515_passing_MET': [1736.0, 0.0], '526_515_failing_MET': [43.0, 0.0], '526_515_min_MET_pt': [6.6621503829956055, 10000000.0], '526_516': [177.0, 0.0], '526_516_passing_MET': [168.0, 0.0], '526_516_failing_MET': [9.0, 0.0], '526_516_min_MET_pt': [53.553035736083984, 10000000.0], '876_865': [0.0, 1068.0], '876_865_passing_MET': [0.0, 1033.0], '876_865_failing_MET': [0.0, 35.0], '876_865_min_MET_pt': [10000000.0, 36.315391540527344], '876_866': [0.0, 100.0], '876_866_passing_MET': [0.0, 98.0], '876_866_failing_MET': [0.0, 2.0], '876_866_min_MET_pt': [10000000.0, 90.81531524658203], '676_645': [0.0, 966.0], '676_645_passing_MET': [0.0, 936.0], '676_645_failing_MET': [0.0, 30.0], '676_645_min_MET_pt': [10000000.0, 10.743541717529297], '676_646': [0.0, 161.0], '676_646_passing_MET': [0.0, 153.0], '676_646_failing_MET': [0.0, 8.0], '676_646_min_MET_pt': [10000000.0, 66.57684326171875], '950_936': [136.0, 0.0], '950_936_passing_MET': [132.0, 0.0], '950_936_failing_MET': [4.0, 0.0], '950_936_min_MET_pt': [46.32271194458008, 10000000.0], '926_905': [0.0, 1020.0], '926_905_passing_MET': [0.0, 991.0], '926_905_failing_MET': [0.0, 29.0], '926_905_min_MET_pt': [10000000.0, 33.8973274230957], '926_906': [0.0, 163.0], '926_906_passing_MET': [0.0, 159.0], '926_906_failing_MET': [0.0, 4.0], '926_906_min_MET_pt': [10000000.0, 54.675865173339844], '650_626': [0.0, 158.0], '650_626_passing_MET': [0.0, 155.0], '650_626_failing_MET': [0.0, 3.0], '650_626_min_MET_pt': [10000000.0, 41.84942626953125]}
nevents_from_dict =  3560222936.8455973
Results saved to /afs/cern.ch/work/m/mleoncoe/private/stop_met_check/outputs_2018/nanoAOD_310.json
done
