000 (9018140.514.000) 01/06 10:56:45 Job submitted from host: <188.185.6.50:9618?addrs=188.185.6.50-9618+[2001-1458-d00-62--100-2b1]-9618&alias=bigbird25.cern.ch&noUDP&sock=schedd_1627_90ad>
...
040 (9018140.514.000) 01/06 11:01:14 Started transferring input files
	Transferring to host: <188.185.213.137:9618?addrs=188.185.213.137-9618+[2001-1458-303-1b--100-5]-9618&alias=b9p28p4002.cern.ch&noUDP&sock=slot1_33_5842_f7a7_133124>
...
040 (9018140.514.000) 01/06 11:01:14 Finished transferring input files
...
001 (9018140.514.000) 01/06 11:01:15 Job executing on host: <188.185.213.137:9618?addrs=188.185.213.137-9618+[2001-1458-303-1b--100-5]-9618&alias=b9p28p4002.cern.ch&noUDP&sock=startd_4937_f328>
	SlotName: slot1_33@b9p28p4002.cern.ch
	CondorScratchDir = "/pool/condor/dir_2681844"
	Cpus = 1
	Disk = 3832
	GPUs = 0
	Memory = 3000
...
006 (9018140.514.000) 01/06 11:01:29 Image size of job updated: 12456
	13  -  MemoryUsage of job (MB)
	12456  -  ResidentSetSize of job (KB)
...
006 (9018140.514.000) 01/06 11:06:30 Image size of job updated: 202552
	198  -  MemoryUsage of job (MB)
	202552  -  ResidentSetSize of job (KB)
...
006 (9018140.514.000) 01/06 11:11:30 Image size of job updated: 202776
	199  -  MemoryUsage of job (MB)
	202776  -  ResidentSetSize of job (KB)
...
006 (9018140.514.000) 01/06 11:16:31 Image size of job updated: 210376
	206  -  MemoryUsage of job (MB)
	210376  -  ResidentSetSize of job (KB)
...
006 (9018140.514.000) 01/06 11:21:32 Image size of job updated: 210488
	206  -  MemoryUsage of job (MB)
	210488  -  ResidentSetSize of job (KB)
...
006 (9018140.514.000) 01/06 11:26:32 Image size of job updated: 210732
	206  -  MemoryUsage of job (MB)
	210732  -  ResidentSetSize of job (KB)
...
006 (9018140.514.000) 01/06 11:31:33 Image size of job updated: 210772
	206  -  MemoryUsage of job (MB)
	210772  -  ResidentSetSize of job (KB)
...
006 (9018140.514.000) 01/06 11:36:33 Image size of job updated: 211528
	207  -  MemoryUsage of job (MB)
	211528  -  ResidentSetSize of job (KB)
...
006 (9018140.514.000) 01/06 11:41:34 Image size of job updated: 211724
	207  -  MemoryUsage of job (MB)
	211724  -  ResidentSetSize of job (KB)
...
006 (9018140.514.000) 01/06 11:51:35 Image size of job updated: 211728
	207  -  MemoryUsage of job (MB)
	211728  -  ResidentSetSize of job (KB)
...
006 (9018140.514.000) 01/06 11:56:36 Image size of job updated: 211732
	207  -  MemoryUsage of job (MB)
	211732  -  ResidentSetSize of job (KB)
...
006 (9018140.514.000) 01/06 12:01:37 Image size of job updated: 211740
	207  -  MemoryUsage of job (MB)
	211740  -  ResidentSetSize of job (KB)
...
006 (9018140.514.000) 01/06 12:06:37 Image size of job updated: 211748
	207  -  MemoryUsage of job (MB)
	211748  -  ResidentSetSize of job (KB)
...
006 (9018140.514.000) 01/06 12:11:38 Image size of job updated: 211752
	207  -  MemoryUsage of job (MB)
	211752  -  ResidentSetSize of job (KB)
...
006 (9018140.514.000) 01/06 12:16:38 Image size of job updated: 211756
	207  -  MemoryUsage of job (MB)
	211756  -  ResidentSetSize of job (KB)
...
006 (9018140.514.000) 01/06 12:21:39 Image size of job updated: 211764
	207  -  MemoryUsage of job (MB)
	211764  -  ResidentSetSize of job (KB)
...
006 (9018140.514.000) 01/06 12:26:39 Image size of job updated: 211768
	207  -  MemoryUsage of job (MB)
	211768  -  ResidentSetSize of job (KB)
...
006 (9018140.514.000) 01/06 12:31:40 Image size of job updated: 212236
	208  -  MemoryUsage of job (MB)
	212236  -  ResidentSetSize of job (KB)
...
006 (9018140.514.000) 01/06 12:36:40 Image size of job updated: 212396
	208  -  MemoryUsage of job (MB)
	212396  -  ResidentSetSize of job (KB)
...
006 (9018140.514.000) 01/06 12:51:42 Image size of job updated: 212400
	208  -  MemoryUsage of job (MB)
	212400  -  ResidentSetSize of job (KB)
...
006 (9018140.514.000) 01/06 13:06:44 Image size of job updated: 212404
	208  -  MemoryUsage of job (MB)
	212404  -  ResidentSetSize of job (KB)
...
006 (9018140.514.000) 01/06 13:16:45 Image size of job updated: 212420
	208  -  MemoryUsage of job (MB)
	212420  -  ResidentSetSize of job (KB)
...
006 (9018140.514.000) 01/06 13:31:46 Image size of job updated: 212424
	208  -  MemoryUsage of job (MB)
	212424  -  ResidentSetSize of job (KB)
...
006 (9018140.514.000) 01/06 13:41:47 Image size of job updated: 248196
	243  -  MemoryUsage of job (MB)
	248196  -  ResidentSetSize of job (KB)
...
006 (9018140.514.000) 01/06 13:51:48 Image size of job updated: 248204
	243  -  MemoryUsage of job (MB)
	248204  -  ResidentSetSize of job (KB)
...
006 (9018140.514.000) 01/06 14:06:50 Image size of job updated: 248208
	243  -  MemoryUsage of job (MB)
	248208  -  ResidentSetSize of job (KB)
...
040 (9018140.514.000) 01/06 14:18:06 Started transferring output files
...
040 (9018140.514.000) 01/06 14:18:07 Finished transferring output files
...
005 (9018140.514.000) 01/06 14:18:07 Job terminated.
	(1) Normal termination (return value 0)
		Usr 0 03:06:55, Sys 0 00:01:53  -  Run Remote Usage
		Usr 0 00:00:00, Sys 0 00:00:00  -  Run Local Usage
		Usr 0 03:06:55, Sys 0 00:01:53  -  Total Remote Usage
		Usr 0 00:00:00, Sys 0 00:00:00  -  Total Local Usage
	45200  -  Run Bytes Sent By Job
	21436  -  Run Bytes Received By Job
	45200  -  Total Bytes Sent By Job
	21436  -  Total Bytes Received By Job
	Partitionable Resources :    Usage  Request Allocated 
	   Cpus                 :     0.98        1         1 
	   Disk (KB)            :    92          22      3832 
	   GPUs                 :                           0 
	   Memory (MB)          :   243        3000      3000 
	   TimeExecute (s)      : 11811                       
	   TimeSlotBusy (s)     : 11813                       

	Job terminated of its own accord at 2026-01-06T13:18:06Z with exit-code 0.
...
