i am in this directory
/pool/condor/dir_1772549
Python 3.9.23
3.9.23
 will run this python stop_check_met_eff.py /eos/user/m/mleoncoe/stop_event_check/privateNanoAod2018/nanoAOD_90.root /afs/cern.ch/work/m/mleoncoe/private/stop_met_check/outputs_2018/nanoAOD_90.json
event num1000
event num2000
event num3000
event num4000
event num5000
event num6000
event num7000
event num8000
event num9000
event num10000
event num11000
event num12000
event num13000
event num14000
event num15000
event num16000
event num17000
event num18000
event num19000
event num20000
event num21000
event num22000
event num23000
event num24000
event num25000
event num26000
event num27000
event num28000
event num29000
event num30000
event num31000
event num32000
event num33000
event num34000
event num35000
event num36000
event num37000
event num38000
event num39000
event num40000
event num41000
event num42000
event num43000
event num44000
event num45000
event num46000
event num47000
event num48000
event num49000
event num50000
event num51000
event num52000
event num53000
event num54000
event num55000
event num56000
event num57000
event num58000
event num59000
event num60000
event num61000
event num62000
event num63000
event num64000
event num65000
event num66000
event num67000
event num68000
event num69000
event num70000
event num71000
event num72000
event num73000
event num74000
event num75000
event num76000
event num77000
event num78000
event num79000
event num80000
event num81000
event num82000
event num83000
event num84000
event num85000
event num86000
event num87000
event num88000
event num89000
event num90000
event num91000
event num92000
event num93000
event num94000
event num95000
event num96000
event num97000
event num98000
event num99000
event num100000
event num101000
event num102000
event num103000
event num104000
event num105000
event num106000
event num107000
event num108000
event num109000
event num110000
event num111000
event num112000
event num113000
event num114000
event num115000
event num116000
event num117000
event num118000
event num119000
event num120000
event num121000
event num122000
event num123000
event num124000
event num125000
event num126000
event num127000
event num128000
event num129000
event num130000
event num131000
event num132000
event num133000
event num134000
event num135000
event num136000
event num137000
event num138000
event num139000
event num140000
event num141000
event num142000
event num143000
event num144000
event num145000
event num146000
event num147000
event num148000
event num149000
{'250_240': [683.0, 0.0], '250_240_passing_MET': [654.0, 0.0], '250_240_failing_MET': [29.0, 0.0], '250_240_min_MET_pt': [33.008663177490234, 10000000.0], '250_235': [0.0, 0.0], '250_235_passing_MET': [0.0, 0.0], '250_235_failing_MET': [0.0, 0.0], '250_235_min_MET_pt': [10000000.0, 10000000.0], '250_230': [1402.0, 694.0], '250_230_passing_MET': [0.0, 0.0], '250_230_failing_MET': [0.0, 0.0], '250_230_min_MET_pt': [10000000.0, 10000000.0], '250_225': [0.0, 0.0], '250_225_passing_MET': [0.0, 0.0], '250_225_failing_MET': [0.0, 0.0], '250_225_min_MET_pt': [10000000.0, 10000000.0], '250_220': [0.0, 0.0], '250_220_passing_MET': [0.0, 0.0], '250_220_failing_MET': [0.0, 0.0], '250_220_min_MET_pt': [10000000.0, 10000000.0], '275_265': [1427.0, 726.0], '275_265_passing_MET': [0.0, 0.0], '275_265_failing_MET': [0.0, 0.0], '275_265_min_MET_pt': [10000000.0, 10000000.0], '275_260': [0.0, 0.0], '275_260_passing_MET': [0.0, 0.0], '275_260_failing_MET': [0.0, 0.0], '275_260_min_MET_pt': [10000000.0, 10000000.0], '275_255': [719.0, 755.0], '275_255_passing_MET': [0.0, 0.0], '275_255_failing_MET': [0.0, 0.0], '275_255_min_MET_pt': [10000000.0, 10000000.0], '275_250': [0.0, 0.0], '275_250_passing_MET': [0.0, 0.0], '275_250_failing_MET': [0.0, 0.0], '275_250_min_MET_pt': [10000000.0, 10000000.0], '275_245': [816.0, 0.0], '275_245_passing_MET': [767.0, 0.0], '275_245_failing_MET': [49.0, 0.0], '275_245_min_MET_pt': [47.274620056152344, 10000000.0], '300_290': [2258.0, 0.0], '300_290_passing_MET': [2174.0, 0.0], '300_290_failing_MET': [84.0, 0.0], '300_290_min_MET_pt': [5.91723108291626, 10000000.0], '300_285': [0.0, 0.0], '300_285_passing_MET': [0.0, 0.0], '300_285_failing_MET': [0.0, 0.0], '300_285_min_MET_pt': [10000000.0, 10000000.0], '300_280': [0.0, 0.0], '300_280_passing_MET': [0.0, 0.0], '300_280_failing_MET': [0.0, 0.0], '300_280_min_MET_pt': [10000000.0, 10000000.0], '300_275': [0.0, 774.0], '300_275_passing_MET': [0.0, 740.0], '300_275_failing_MET': [0.0, 34.0], '300_275_min_MET_pt': [10000000.0, 51.89732360839844], '300_270': [881.0, 839.0], '300_270_passing_MET': [0.0, 0.0], '300_270_failing_MET': [0.0, 0.0], '300_270_min_MET_pt': [10000000.0, 10000000.0], '325_315': [2399.0, 0.0], '325_315_passing_MET': [2308.0, 0.0], '325_315_failing_MET': [91.0, 0.0], '325_315_min_MET_pt': [11.670615196228027, 10000000.0], '325_310': [0.0, 0.0], '325_310_passing_MET': [0.0, 0.0], '325_310_failing_MET': [0.0, 0.0], '325_310_min_MET_pt': [10000000.0, 10000000.0], '325_305': [0.0, 0.0], '325_305_passing_MET': [0.0, 0.0], '325_305_failing_MET': [0.0, 0.0], '325_305_min_MET_pt': [10000000.0, 10000000.0], '325_300': [0.0, 0.0], '325_300_passing_MET': [0.0, 0.0], '325_300_failing_MET': [0.0, 0.0], '325_300_min_MET_pt': [10000000.0, 10000000.0], '325_295': [836.0, 887.0], '325_295_passing_MET': [0.0, 0.0], '325_295_failing_MET': [0.0, 0.0], '325_295_min_MET_pt': [10000000.0, 10000000.0], '350_340': [0.0, 800.0], '350_340_passing_MET': [0.0, 774.0], '350_340_failing_MET': [0.0, 26.0], '350_340_min_MET_pt': [10000000.0, 31.439823150634766], '350_335': [875.0, 0.0], '350_335_passing_MET': [836.0, 0.0], '350_335_failing_MET': [39.0, 0.0], '350_335_min_MET_pt': [34.569156646728516, 10000000.0], '350_330': [0.0, 0.0], '350_330_passing_MET': [0.0, 0.0], '350_330_failing_MET': [0.0, 0.0], '350_330_min_MET_pt': [10000000.0, 10000000.0], '350_325': [0.0, 1824.0], '350_325_passing_MET': [0.0, 1737.0], '350_325_failing_MET': [0.0, 87.0], '350_325_min_MET_pt': [10000000.0, 35.99138259887695], '350_320': [933.0, 899.0], '350_320_passing_MET': [0.0, 0.0], '350_320_failing_MET': [0.0, 0.0], '350_320_min_MET_pt': [10000000.0, 10000000.0], '375_365': [878.0, 1697.0], '375_365_passing_MET': [0.0, 0.0], '375_365_failing_MET': [0.0, 0.0], '375_365_min_MET_pt': [10000000.0, 10000000.0], '375_360': [1814.0, 0.0], '375_360_passing_MET': [1754.0, 0.0], '375_360_failing_MET': [60.0, 0.0], '375_360_min_MET_pt': [11.735262870788574, 10000000.0], '375_355': [0.0, 0.0], '375_355_passing_MET': [0.0, 0.0], '375_355_failing_MET': [0.0, 0.0], '375_355_min_MET_pt': [10000000.0, 10000000.0], '375_350': [0.0, 0.0], '375_350_passing_MET': [0.0, 0.0], '375_350_failing_MET': [0.0, 0.0], '375_350_min_MET_pt': [10000000.0, 10000000.0], '375_345': [0.0, 0.0], '375_345_passing_MET': [0.0, 0.0], '375_345_failing_MET': [0.0, 0.0], '375_345_min_MET_pt': [10000000.0, 10000000.0], '400_390': [0.0, 1777.0], '400_390_passing_MET': [0.0, 1729.0], '400_390_failing_MET': [0.0, 48.0], '400_390_min_MET_pt': [10000000.0, 15.599431037902832], '400_385': [2638.0, 1813.0], '400_385_passing_MET': [0.0, 0.0], '400_385_failing_MET': [0.0, 0.0], '400_385_min_MET_pt': [10000000.0, 10000000.0], '400_380': [0.0, 0.0], '400_380_passing_MET': [0.0, 0.0], '400_380_failing_MET': [0.0, 0.0], '400_380_min_MET_pt': [10000000.0, 10000000.0], '400_375': [0.0, 0.0], '400_375_passing_MET': [0.0, 0.0], '400_375_failing_MET': [0.0, 0.0], '400_375_min_MET_pt': [10000000.0, 10000000.0], '400_370': [1863.0, 0.0], '400_370_passing_MET': [1778.0, 0.0], '400_370_failing_MET': [85.0, 0.0], '400_370_min_MET_pt': [3.1652121543884277, 10000000.0], '425_415': [0.0, 929.0], '425_415_passing_MET': [0.0, 902.0], '425_415_failing_MET': [0.0, 27.0], '425_415_min_MET_pt': [10000000.0, 11.803722381591797], '425_410': [0.0, 0.0], '425_410_passing_MET': [0.0, 0.0], '425_410_failing_MET': [0.0, 0.0], '425_410_min_MET_pt': [10000000.0, 10000000.0], '425_405': [0.0, 0.0], '425_405_passing_MET': [0.0, 0.0], '425_405_failing_MET': [0.0, 0.0], '425_405_min_MET_pt': [10000000.0, 10000000.0], '425_400': [0.0, 0.0], '425_400_passing_MET': [0.0, 0.0], '425_400_failing_MET': [0.0, 0.0], '425_400_min_MET_pt': [10000000.0, 10000000.0], '425_395': [977.0, 0.0], '425_395_passing_MET': [939.0, 0.0], '425_395_failing_MET': [38.0, 0.0], '425_395_min_MET_pt': [33.77564239501953, 10000000.0], '450_440': [867.0, 923.0], '450_440_passing_MET': [0.0, 0.0], '450_440_failing_MET': [0.0, 0.0], '450_440_min_MET_pt': [10000000.0, 10000000.0], '450_435': [0.0, 0.0], '450_435_passing_MET': [0.0, 0.0], '450_435_failing_MET': [0.0, 0.0], '450_435_min_MET_pt': [10000000.0, 10000000.0], '450_430': [0.0, 0.0], '450_430_passing_MET': [0.0, 0.0], '450_430_failing_MET': [0.0, 0.0], '450_430_min_MET_pt': [10000000.0, 10000000.0], '450_425': [0.0, 0.0], '450_425_passing_MET': [0.0, 0.0], '450_425_failing_MET': [0.0, 0.0], '450_425_min_MET_pt': [10000000.0, 10000000.0], '450_420': [0.0, 0.0], '450_420_passing_MET': [0.0, 0.0], '450_420_failing_MET': [0.0, 0.0], '450_420_min_MET_pt': [10000000.0, 10000000.0], '475_465': [943.0, 945.0], '475_465_passing_MET': [0.0, 0.0], '475_465_failing_MET': [0.0, 0.0], '475_465_min_MET_pt': [10000000.0, 10000000.0], '475_460': [0.0, 0.0], '475_460_passing_MET': [0.0, 0.0], '475_460_failing_MET': [0.0, 0.0], '475_460_min_MET_pt': [10000000.0, 10000000.0], '475_455': [0.0, 0.0], '475_455_passing_MET': [0.0, 0.0], '475_455_failing_MET': [0.0, 0.0], '475_455_min_MET_pt': [10000000.0, 10000000.0], '475_450': [989.0, 1004.0], '475_450_passing_MET': [0.0, 0.0], '475_450_failing_MET': [0.0, 0.0], '475_450_min_MET_pt': [10000000.0, 10000000.0], '475_445': [0.0, 1032.0], '475_445_passing_MET': [0.0, 999.0], '475_445_failing_MET': [0.0, 33.0], '475_445_min_MET_pt': [10000000.0, 14.591493606567383], '500_490': [969.0, 0.0], '500_490_passing_MET': [943.0, 0.0], '500_490_failing_MET': [26.0, 0.0], '500_490_min_MET_pt': [34.12467956542969, 10000000.0], '500_485': [941.0, 0.0], '500_485_passing_MET': [913.0, 0.0], '500_485_failing_MET': [28.0, 0.0], '500_485_min_MET_pt': [18.30376625061035, 10000000.0], '500_480': [1000.0, 0.0], '500_480_passing_MET': [965.0, 0.0], '500_480_failing_MET': [35.0, 0.0], '500_480_min_MET_pt': [19.263654708862305, 10000000.0], '500_475': [0.0, 0.0], '500_475_passing_MET': [0.0, 0.0], '500_475_failing_MET': [0.0, 0.0], '500_475_min_MET_pt': [10000000.0, 10000000.0], '500_470': [0.0, 0.0], '500_470_passing_MET': [0.0, 0.0], '500_470_failing_MET': [0.0, 0.0], '500_470_min_MET_pt': [10000000.0, 10000000.0], '525_515': [0.0, 0.0], '525_515_passing_MET': [0.0, 0.0], '525_515_failing_MET': [0.0, 0.0], '525_515_min_MET_pt': [10000000.0, 10000000.0], '525_510': [0.0, 0.0], '525_510_passing_MET': [0.0, 0.0], '525_510_failing_MET': [0.0, 0.0], '525_510_min_MET_pt': [10000000.0, 10000000.0], '525_505': [0.0, 0.0], '525_505_passing_MET': [0.0, 0.0], '525_505_failing_MET': [0.0, 0.0], '525_505_min_MET_pt': [10000000.0, 10000000.0], '525_500': [0.0, 0.0], '525_500_passing_MET': [0.0, 0.0], '525_500_failing_MET': [0.0, 0.0], '525_500_min_MET_pt': [10000000.0, 10000000.0], '525_495': [0.0, 0.0], '525_495_passing_MET': [0.0, 0.0], '525_495_failing_MET': [0.0, 0.0], '525_495_min_MET_pt': [10000000.0, 10000000.0], '550_540': [2915.0, 2008.0], '550_540_passing_MET': [0.0, 0.0], '550_540_failing_MET': [0.0, 0.0], '550_540_min_MET_pt': [10000000.0, 10000000.0], '550_535': [871.0, 0.0], '550_535_passing_MET': [840.0, 0.0], '550_535_failing_MET': [31.0, 0.0], '550_535_min_MET_pt': [40.93642044067383, 10000000.0], '550_530': [0.0, 0.0], '550_530_passing_MET': [0.0, 0.0], '550_530_failing_MET': [0.0, 0.0], '550_530_min_MET_pt': [10000000.0, 10000000.0], '550_525': [0.0, 0.0], '550_525_passing_MET': [0.0, 0.0], '550_525_failing_MET': [0.0, 0.0], '550_525_min_MET_pt': [10000000.0, 10000000.0], '550_520': [0.0, 0.0], '550_520_passing_MET': [0.0, 0.0], '550_520_failing_MET': [0.0, 0.0], '550_520_min_MET_pt': [10000000.0, 10000000.0], '575_565': [0.0, 0.0], '575_565_passing_MET': [0.0, 0.0], '575_565_failing_MET': [0.0, 0.0], '575_565_min_MET_pt': [10000000.0, 10000000.0], '575_560': [0.0, 0.0], '575_560_passing_MET': [0.0, 0.0], '575_560_failing_MET': [0.0, 0.0], '575_560_min_MET_pt': [10000000.0, 10000000.0], '575_555': [0.0, 0.0], '575_555_passing_MET': [0.0, 0.0], '575_555_failing_MET': [0.0, 0.0], '575_555_min_MET_pt': [10000000.0, 10000000.0], '575_550': [0.0, 0.0], '575_550_passing_MET': [0.0, 0.0], '575_550_failing_MET': [0.0, 0.0], '575_550_min_MET_pt': [10000000.0, 10000000.0], '575_545': [0.0, 0.0], '575_545_passing_MET': [0.0, 0.0], '575_545_failing_MET': [0.0, 0.0], '575_545_min_MET_pt': [10000000.0, 10000000.0], '600_590': [1968.0, 1977.0], '600_590_passing_MET': [0.0, 0.0], '600_590_failing_MET': [0.0, 0.0], '600_590_min_MET_pt': [10000000.0, 10000000.0], '600_585': [0.0, 0.0], '600_585_passing_MET': [0.0, 0.0], '600_585_failing_MET': [0.0, 0.0], '600_585_min_MET_pt': [10000000.0, 10000000.0], '600_580': [2078.0, 947.0], '600_580_passing_MET': [0.0, 0.0], '600_580_failing_MET': [0.0, 0.0], '600_580_min_MET_pt': [10000000.0, 10000000.0], '600_575': [0.0, 0.0], '600_575_passing_MET': [0.0, 0.0], '600_575_failing_MET': [0.0, 0.0], '600_575_min_MET_pt': [10000000.0, 10000000.0], '600_570': [0.0, 0.0], '600_570_passing_MET': [0.0, 0.0], '600_570_failing_MET': [0.0, 0.0], '600_570_min_MET_pt': [10000000.0, 10000000.0], '625_615': [0.0, 0.0], '625_615_passing_MET': [0.0, 0.0], '625_615_failing_MET': [0.0, 0.0], '625_615_min_MET_pt': [10000000.0, 10000000.0], '625_610': [0.0, 0.0], '625_610_passing_MET': [0.0, 0.0], '625_610_failing_MET': [0.0, 0.0], '625_610_min_MET_pt': [10000000.0, 10000000.0], '625_605': [0.0, 0.0], '625_605_passing_MET': [0.0, 0.0], '625_605_failing_MET': [0.0, 0.0], '625_605_min_MET_pt': [10000000.0, 10000000.0], '625_600': [0.0, 0.0], '625_600_passing_MET': [0.0, 0.0], '625_600_failing_MET': [0.0, 0.0], '625_600_min_MET_pt': [10000000.0, 10000000.0], '625_595': [0.0, 0.0], '625_595_passing_MET': [0.0, 0.0], '625_595_failing_MET': [0.0, 0.0], '625_595_min_MET_pt': [10000000.0, 10000000.0], '650_640': [1066.0, 1010.0], '650_640_passing_MET': [0.0, 0.0], '650_640_failing_MET': [0.0, 0.0], '650_640_min_MET_pt': [10000000.0, 10000000.0], '650_635': [965.0, 0.0], '650_635_passing_MET': [932.0, 0.0], '650_635_failing_MET': [33.0, 0.0], '650_635_min_MET_pt': [19.77858543395996, 10000000.0], '650_630': [0.0, 0.0], '650_630_passing_MET': [0.0, 0.0], '650_630_failing_MET': [0.0, 0.0], '650_630_min_MET_pt': [10000000.0, 10000000.0], '650_625': [1789.0, 984.0], '650_625_passing_MET': [0.0, 0.0], '650_625_failing_MET': [0.0, 0.0], '650_625_min_MET_pt': [10000000.0, 10000000.0], '650_620': [0.0, 0.0], '650_620_passing_MET': [0.0, 0.0], '650_620_failing_MET': [0.0, 0.0], '650_620_min_MET_pt': [10000000.0, 10000000.0], '675_665': [0.0, 0.0], '675_665_passing_MET': [0.0, 0.0], '675_665_failing_MET': [0.0, 0.0], '675_665_min_MET_pt': [10000000.0, 10000000.0], '675_660': [0.0, 0.0], '675_660_passing_MET': [0.0, 0.0], '675_660_failing_MET': [0.0, 0.0], '675_660_min_MET_pt': [10000000.0, 10000000.0], '675_655': [0.0, 0.0], '675_655_passing_MET': [0.0, 0.0], '675_655_failing_MET': [0.0, 0.0], '675_655_min_MET_pt': [10000000.0, 10000000.0], '675_650': [0.0, 0.0], '675_650_passing_MET': [0.0, 0.0], '675_650_failing_MET': [0.0, 0.0], '675_650_min_MET_pt': [10000000.0, 10000000.0], '675_645': [0.0, 0.0], '675_645_passing_MET': [0.0, 0.0], '675_645_failing_MET': [0.0, 0.0], '675_645_min_MET_pt': [10000000.0, 10000000.0], '700_690': [1047.0, 0.0], '700_690_passing_MET': [1024.0, 0.0], '700_690_failing_MET': [23.0, 0.0], '700_690_min_MET_pt': [21.17491340637207, 10000000.0], '700_685': [0.0, 0.0], '700_685_passing_MET': [0.0, 0.0], '700_685_failing_MET': [0.0, 0.0], '700_685_min_MET_pt': [10000000.0, 10000000.0], '700_680': [0.0, 0.0], '700_680_passing_MET': [0.0, 0.0], '700_680_failing_MET': [0.0, 0.0], '700_680_min_MET_pt': [10000000.0, 10000000.0], '700_675': [946.0, 0.0], '700_675_passing_MET': [922.0, 0.0], '700_675_failing_MET': [24.0, 0.0], '700_675_min_MET_pt': [21.509178161621094, 10000000.0], '700_670': [0.0, 0.0], '700_670_passing_MET': [0.0, 0.0], '700_670_failing_MET': [0.0, 0.0], '700_670_min_MET_pt': [10000000.0, 10000000.0], '725_715': [0.0, 0.0], '725_715_passing_MET': [0.0, 0.0], '725_715_failing_MET': [0.0, 0.0], '725_715_min_MET_pt': [10000000.0, 10000000.0], '725_710': [0.0, 0.0], '725_710_passing_MET': [0.0, 0.0], '725_710_failing_MET': [0.0, 0.0], '725_710_min_MET_pt': [10000000.0, 10000000.0], '725_705': [0.0, 0.0], '725_705_passing_MET': [0.0, 0.0], '725_705_failing_MET': [0.0, 0.0], '725_705_min_MET_pt': [10000000.0, 10000000.0], '725_700': [0.0, 0.0], '725_700_passing_MET': [0.0, 0.0], '725_700_failing_MET': [0.0, 0.0], '725_700_min_MET_pt': [10000000.0, 10000000.0], '725_695': [0.0, 0.0], '725_695_passing_MET': [0.0, 0.0], '725_695_failing_MET': [0.0, 0.0], '725_695_min_MET_pt': [10000000.0, 10000000.0], '750_740': [1045.0, 1023.0], '750_740_passing_MET': [0.0, 0.0], '750_740_failing_MET': [0.0, 0.0], '750_740_min_MET_pt': [10000000.0, 10000000.0], '750_735': [0.0, 973.0], '750_735_passing_MET': [0.0, 953.0], '750_735_failing_MET': [0.0, 20.0], '750_735_min_MET_pt': [10000000.0, 40.518314361572266], '750_730': [0.0, 0.0], '750_730_passing_MET': [0.0, 0.0], '750_730_failing_MET': [0.0, 0.0], '750_730_min_MET_pt': [10000000.0, 10000000.0], '750_725': [937.0, 925.0], '750_725_passing_MET': [0.0, 0.0], '750_725_failing_MET': [0.0, 0.0], '750_725_min_MET_pt': [10000000.0, 10000000.0], '750_720': [0.0, 0.0], '750_720_passing_MET': [0.0, 0.0], '750_720_failing_MET': [0.0, 0.0], '750_720_min_MET_pt': [10000000.0, 10000000.0], '775_765': [0.0, 0.0], '775_765_passing_MET': [0.0, 0.0], '775_765_failing_MET': [0.0, 0.0], '775_765_min_MET_pt': [10000000.0, 10000000.0], '775_760': [0.0, 0.0], '775_760_passing_MET': [0.0, 0.0], '775_760_failing_MET': [0.0, 0.0], '775_760_min_MET_pt': [10000000.0, 10000000.0], '775_755': [0.0, 0.0], '775_755_passing_MET': [0.0, 0.0], '775_755_failing_MET': [0.0, 0.0], '775_755_min_MET_pt': [10000000.0, 10000000.0], '775_750': [0.0, 0.0], '775_750_passing_MET': [0.0, 0.0], '775_750_failing_MET': [0.0, 0.0], '775_750_min_MET_pt': [10000000.0, 10000000.0], '775_745': [0.0, 0.0], '775_745_passing_MET': [0.0, 0.0], '775_745_failing_MET': [0.0, 0.0], '775_745_min_MET_pt': [10000000.0, 10000000.0], '800_790': [1091.0, 1091.0], '800_790_passing_MET': [0.0, 0.0], '800_790_failing_MET': [0.0, 0.0], '800_790_min_MET_pt': [10000000.0, 10000000.0], '800_785': [0.0, 970.0], '800_785_passing_MET': [0.0, 952.0], '800_785_failing_MET': [0.0, 18.0], '800_785_min_MET_pt': [10000000.0, 55.25977325439453], '800_780': [1085.0, 0.0], '800_780_passing_MET': [1053.0, 0.0], '800_780_failing_MET': [32.0, 0.0], '800_780_min_MET_pt': [13.943833351135254, 10000000.0], '800_775': [0.0, 0.0], '800_775_passing_MET': [0.0, 0.0], '800_775_failing_MET': [0.0, 0.0], '800_775_min_MET_pt': [10000000.0, 10000000.0], '800_770': [0.0, 0.0], '800_770_passing_MET': [0.0, 0.0], '800_770_failing_MET': [0.0, 0.0], '800_770_min_MET_pt': [10000000.0, 10000000.0], '825_815': [0.0, 0.0], '825_815_passing_MET': [0.0, 0.0], '825_815_failing_MET': [0.0, 0.0], '825_815_min_MET_pt': [10000000.0, 10000000.0], '825_810': [0.0, 0.0], '825_810_passing_MET': [0.0, 0.0], '825_810_failing_MET': [0.0, 0.0], '825_810_min_MET_pt': [10000000.0, 10000000.0], '825_805': [0.0, 0.0], '825_805_passing_MET': [0.0, 0.0], '825_805_failing_MET': [0.0, 0.0], '825_805_min_MET_pt': [10000000.0, 10000000.0], '825_800': [0.0, 0.0], '825_800_passing_MET': [0.0, 0.0], '825_800_failing_MET': [0.0, 0.0], '825_800_min_MET_pt': [10000000.0, 10000000.0], '825_795': [0.0, 0.0], '825_795_passing_MET': [0.0, 0.0], '825_795_failing_MET': [0.0, 0.0], '825_795_min_MET_pt': [10000000.0, 10000000.0], '850_840': [1125.0, 2208.0], '850_840_passing_MET': [0.0, 0.0], '850_840_failing_MET': [0.0, 0.0], '850_840_min_MET_pt': [10000000.0, 10000000.0], '850_835': [0.0, 0.0], '850_835_passing_MET': [0.0, 0.0], '850_835_failing_MET': [0.0, 0.0], '850_835_min_MET_pt': [10000000.0, 10000000.0], '850_830': [0.0, 0.0], '850_830_passing_MET': [0.0, 0.0], '850_830_failing_MET': [0.0, 0.0], '850_830_min_MET_pt': [10000000.0, 10000000.0], '850_825': [0.0, 0.0], '850_825_passing_MET': [0.0, 0.0], '850_825_failing_MET': [0.0, 0.0], '850_825_min_MET_pt': [10000000.0, 10000000.0], '850_820': [0.0, 0.0], '850_820_passing_MET': [0.0, 0.0], '850_820_failing_MET': [0.0, 0.0], '850_820_min_MET_pt': [10000000.0, 10000000.0], '875_865': [0.0, 0.0], '875_865_passing_MET': [0.0, 0.0], '875_865_failing_MET': [0.0, 0.0], '875_865_min_MET_pt': [10000000.0, 10000000.0], '875_860': [0.0, 0.0], '875_860_passing_MET': [0.0, 0.0], '875_860_failing_MET': [0.0, 0.0], '875_860_min_MET_pt': [10000000.0, 10000000.0], '875_855': [0.0, 0.0], '875_855_passing_MET': [0.0, 0.0], '875_855_failing_MET': [0.0, 0.0], '875_855_min_MET_pt': [10000000.0, 10000000.0], '875_850': [0.0, 0.0], '875_850_passing_MET': [0.0, 0.0], '875_850_failing_MET': [0.0, 0.0], '875_850_min_MET_pt': [10000000.0, 10000000.0], '875_845': [0.0, 0.0], '875_845_passing_MET': [0.0, 0.0], '875_845_failing_MET': [0.0, 0.0], '875_845_min_MET_pt': [10000000.0, 10000000.0], '900_890': [0.0, 1067.0], '900_890_passing_MET': [0.0, 1042.0], '900_890_failing_MET': [0.0, 25.0], '900_890_min_MET_pt': [10000000.0, 38.305511474609375], '900_885': [0.0, 0.0], '900_885_passing_MET': [0.0, 0.0], '900_885_failing_MET': [0.0, 0.0], '900_885_min_MET_pt': [10000000.0, 10000000.0], '900_880': [0.0, 0.0], '900_880_passing_MET': [0.0, 0.0], '900_880_failing_MET': [0.0, 0.0], '900_880_min_MET_pt': [10000000.0, 10000000.0], '900_875': [0.0, 964.0], '900_875_passing_MET': [0.0, 928.0], '900_875_failing_MET': [0.0, 36.0], '900_875_min_MET_pt': [10000000.0, 30.31597137451172], '900_870': [0.0, 0.0], '900_870_passing_MET': [0.0, 0.0], '900_870_failing_MET': [0.0, 0.0], '900_870_min_MET_pt': [10000000.0, 10000000.0], '925_915': [0.0, 0.0], '925_915_passing_MET': [0.0, 0.0], '925_915_failing_MET': [0.0, 0.0], '925_915_min_MET_pt': [10000000.0, 10000000.0], '925_910': [0.0, 0.0], '925_910_passing_MET': [0.0, 0.0], '925_910_failing_MET': [0.0, 0.0], '925_910_min_MET_pt': [10000000.0, 10000000.0], '925_905': [0.0, 0.0], '925_905_passing_MET': [0.0, 0.0], '925_905_failing_MET': [0.0, 0.0], '925_905_min_MET_pt': [10000000.0, 10000000.0], '925_900': [0.0, 0.0], '925_900_passing_MET': [0.0, 0.0], '925_900_failing_MET': [0.0, 0.0], '925_900_min_MET_pt': [10000000.0, 10000000.0], '925_895': [0.0, 0.0], '925_895_passing_MET': [0.0, 0.0], '925_895_failing_MET': [0.0, 0.0], '925_895_min_MET_pt': [10000000.0, 10000000.0], '950_940': [0.0, 1094.0], '950_940_passing_MET': [0.0, 1071.0], '950_940_failing_MET': [0.0, 23.0], '950_940_min_MET_pt': [10000000.0, 34.668617248535156], '950_935': [0.0, 0.0], '950_935_passing_MET': [0.0, 0.0], '950_935_failing_MET': [0.0, 0.0], '950_935_min_MET_pt': [10000000.0, 10000000.0], '950_930': [0.0, 0.0], '950_930_passing_MET': [0.0, 0.0], '950_930_failing_MET': [0.0, 0.0], '950_930_min_MET_pt': [10000000.0, 10000000.0], '950_925': [0.0, 0.0], '950_925_passing_MET': [0.0, 0.0], '950_925_failing_MET': [0.0, 0.0], '950_925_min_MET_pt': [10000000.0, 10000000.0], '950_920': [0.0, 0.0], '950_920_passing_MET': [0.0, 0.0], '950_920_failing_MET': [0.0, 0.0], '950_920_min_MET_pt': [10000000.0, 10000000.0], '975_965': [0.0, 0.0], '975_965_passing_MET': [0.0, 0.0], '975_965_failing_MET': [0.0, 0.0], '975_965_min_MET_pt': [10000000.0, 10000000.0], '975_960': [0.0, 0.0], '975_960_passing_MET': [0.0, 0.0], '975_960_failing_MET': [0.0, 0.0], '975_960_min_MET_pt': [10000000.0, 10000000.0], '975_955': [0.0, 0.0], '975_955_passing_MET': [0.0, 0.0], '975_955_failing_MET': [0.0, 0.0], '975_955_min_MET_pt': [10000000.0, 10000000.0], '975_950': [0.0, 0.0], '975_950_passing_MET': [0.0, 0.0], '975_950_failing_MET': [0.0, 0.0], '975_950_min_MET_pt': [10000000.0, 10000000.0], '975_945': [0.0, 0.0], '975_945_passing_MET': [0.0, 0.0], '975_945_failing_MET': [0.0, 0.0], '975_945_min_MET_pt': [10000000.0, 10000000.0], '1000_990': [1114.0, 0.0], '1000_990_passing_MET': [1087.0, 0.0], '1000_990_failing_MET': [27.0, 0.0], '1000_990_min_MET_pt': [14.553557395935059, 10000000.0], '1000_985': [990.0, 0.0], '1000_985_passing_MET': [964.0, 0.0], '1000_985_failing_MET': [26.0, 0.0], '1000_985_min_MET_pt': [17.922119140625, 10000000.0], '1000_980': [0.0, 1220.0], '1000_980_passing_MET': [0.0, 1191.0], '1000_980_failing_MET': [0.0, 29.0], '1000_980_min_MET_pt': [10000000.0, 27.806438446044922], '1000_975': [962.0, 1006.0], '1000_975_passing_MET': [0.0, 0.0], '1000_975_failing_MET': [0.0, 0.0], '1000_975_min_MET_pt': [10000000.0, 10000000.0], '1000_970': [0.0, 0.0], '1000_970_passing_MET': [0.0, 0.0], '1000_970_failing_MET': [0.0, 0.0], '1000_970_min_MET_pt': [10000000.0, 10000000.0], '1025_1015': [0.0, 0.0], '1025_1015_passing_MET': [0.0, 0.0], '1025_1015_failing_MET': [0.0, 0.0], '1025_1015_min_MET_pt': [10000000.0, 10000000.0], '1025_1010': [0.0, 0.0], '1025_1010_passing_MET': [0.0, 0.0], '1025_1010_failing_MET': [0.0, 0.0], '1025_1010_min_MET_pt': [10000000.0, 10000000.0], '1025_1005': [0.0, 0.0], '1025_1005_passing_MET': [0.0, 0.0], '1025_1005_failing_MET': [0.0, 0.0], '1025_1005_min_MET_pt': [10000000.0, 10000000.0], '1025_1000': [0.0, 0.0], '1025_1000_passing_MET': [0.0, 0.0], '1025_1000_failing_MET': [0.0, 0.0], '1025_1000_min_MET_pt': [10000000.0, 10000000.0], '1025_995': [0.0, 0.0], '1025_995_passing_MET': [0.0, 0.0], '1025_995_failing_MET': [0.0, 0.0], '1025_995_min_MET_pt': [10000000.0, 10000000.0], '1050_1040': [0.0, 0.0], '1050_1040_passing_MET': [0.0, 0.0], '1050_1040_failing_MET': [0.0, 0.0], '1050_1040_min_MET_pt': [10000000.0, 10000000.0], '1050_1035': [0.0, 0.0], '1050_1035_passing_MET': [0.0, 0.0], '1050_1035_failing_MET': [0.0, 0.0], '1050_1035_min_MET_pt': [10000000.0, 10000000.0], '1050_1030': [0.0, 0.0], '1050_1030_passing_MET': [0.0, 0.0], '1050_1030_failing_MET': [0.0, 0.0], '1050_1030_min_MET_pt': [10000000.0, 10000000.0], '1050_1025': [0.0, 0.0], '1050_1025_passing_MET': [0.0, 0.0], '1050_1025_failing_MET': [0.0, 0.0], '1050_1025_min_MET_pt': [10000000.0, 10000000.0], '1050_1020': [0.0, 0.0], '1050_1020_passing_MET': [0.0, 0.0], '1050_1020_failing_MET': [0.0, 0.0], '1050_1020_min_MET_pt': [10000000.0, 10000000.0], '1075_1065': [0.0, 0.0], '1075_1065_passing_MET': [0.0, 0.0], '1075_1065_failing_MET': [0.0, 0.0], '1075_1065_min_MET_pt': [10000000.0, 10000000.0], '1075_1060': [0.0, 0.0], '1075_1060_passing_MET': [0.0, 0.0], '1075_1060_failing_MET': [0.0, 0.0], '1075_1060_min_MET_pt': [10000000.0, 10000000.0], '1075_1055': [0.0, 0.0], '1075_1055_passing_MET': [0.0, 0.0], '1075_1055_failing_MET': [0.0, 0.0], '1075_1055_min_MET_pt': [10000000.0, 10000000.0], '1075_1050': [0.0, 0.0], '1075_1050_passing_MET': [0.0, 0.0], '1075_1050_failing_MET': [0.0, 0.0], '1075_1050_min_MET_pt': [10000000.0, 10000000.0], '1075_1045': [0.0, 0.0], '1075_1045_passing_MET': [0.0, 0.0], '1075_1045_failing_MET': [0.0, 0.0], '1075_1045_min_MET_pt': [10000000.0, 10000000.0], '1100_1090': [0.0, 0.0], '1100_1090_passing_MET': [0.0, 0.0], '1100_1090_failing_MET': [0.0, 0.0], '1100_1090_min_MET_pt': [10000000.0, 10000000.0], '1100_1085': [0.0, 0.0], '1100_1085_passing_MET': [0.0, 0.0], '1100_1085_failing_MET': [0.0, 0.0], '1100_1085_min_MET_pt': [10000000.0, 10000000.0], '1100_1080': [0.0, 1194.0], '1100_1080_passing_MET': [0.0, 1172.0], '1100_1080_failing_MET': [0.0, 22.0], '1100_1080_min_MET_pt': [10000000.0, 40.64366912841797], '1100_1075': [0.0, 0.0], '1100_1075_passing_MET': [0.0, 0.0], '1100_1075_failing_MET': [0.0, 0.0], '1100_1075_min_MET_pt': [10000000.0, 10000000.0], '1100_1070': [1040.0, 0.0], '1100_1070_passing_MET': [1011.0, 0.0], '1100_1070_failing_MET': [29.0, 0.0], '1100_1070_min_MET_pt': [21.71898078918457, 10000000.0], 'nEventsTotal': 149458.0, 'strange masspoints': 0.0, 'orphans': 0.0, 'R-hadron event': 0.0, 'different stop antistop masses': 0.0, 'strange error': 0.0, 'strange event': 0.0, 'different neutralino masses': 12078.0, 'large differences': 0.0, '726_710': [0.0, 2119.0], '726_710_passing_MET': [0.0, 2061.0], '726_710_failing_MET': [0.0, 58.0], '726_710_min_MET_pt': [10000000.0, 20.634700775146484], '1000_976': [167.0, 194.0], '1000_976_passing_MET': [161.0, 191.0], '1000_976_failing_MET': [6.0, 3.0], '1000_976_min_MET_pt': [42.17824172973633, 40.140708923339844], '626_616': [0.0, 183.0], '626_616_passing_MET': [0.0, 180.0], '626_616_failing_MET': [0.0, 3.0], '626_616_min_MET_pt': [10000000.0, 54.20983123779297], '626_615': [0.0, 1773.0], '626_615_passing_MET': [0.0, 1719.0], '626_615_failing_MET': [0.0, 54.0], '626_615_min_MET_pt': [10000000.0, 29.23316764831543], '1052_1040': [1169.0, 2290.0], '1052_1040_passing_MET': [1157.0, 2234.0], '1052_1040_failing_MET': [12.0, 56.0], '1052_1040_min_MET_pt': [55.61181640625, 20.506561279296875], '550_536': [121.0, 0.0], '550_536_passing_MET': [118.0, 0.0], '550_536_failing_MET': [3.0, 0.0], '550_536_min_MET_pt': [51.13685607910156, 10000000.0], '776_760': [1091.0, 0.0], '776_760_passing_MET': [1062.0, 0.0], '776_760_failing_MET': [29.0, 0.0], '776_760_min_MET_pt': [36.04289245605469, 10000000.0], '776_765': [0.0, 984.0], '776_765_passing_MET': [0.0, 959.0], '776_765_failing_MET': [0.0, 25.0], '776_765_min_MET_pt': [10000000.0, 5.253702640533447], '776_766': [0.0, 86.0], '776_766_passing_MET': [0.0, 84.0], '776_766_failing_MET': [0.0, 2.0], '776_766_min_MET_pt': [10000000.0, 73.06108856201172], '1076_1065': [0.0, 1069.0], '1076_1065_passing_MET': [0.0, 1042.0], '1076_1065_failing_MET': [0.0, 27.0], '1076_1065_min_MET_pt': [10000000.0, 58.09770202636719], '1076_1064': [0.0, 104.0], '1076_1064_passing_MET': [0.0, 99.0], '1076_1064_failing_MET': [0.0, 5.0], '1076_1064_min_MET_pt': [10000000.0, 55.06407928466797], '726_715': [927.0, 0.0], '726_715_passing_MET': [908.0, 0.0], '726_715_failing_MET': [19.0, 0.0], '726_715_min_MET_pt': [56.4571418762207, 10000000.0], '726_716': [97.0, 0.0], '726_716_passing_MET': [96.0, 0.0], '726_716_failing_MET': [1.0, 0.0], '726_716_min_MET_pt': [91.2938003540039, 10000000.0], '926_910': [1184.0, 2318.0], '926_910_passing_MET': [1157.0, 2269.0], '926_910_failing_MET': [27.0, 49.0], '926_910_min_MET_pt': [18.79117202758789, 18.0097599029541], '576_560': [0.0, 986.0], '576_560_passing_MET': [0.0, 960.0], '576_560_failing_MET': [0.0, 26.0], '576_560_min_MET_pt': [10000000.0, 42.8350944519043], '1024_1000': [0.0, 1219.0], '1024_1000_passing_MET': [0.0, 1189.0], '1024_1000_failing_MET': [0.0, 30.0], '1024_1000_min_MET_pt': [10000000.0, 20.143951416015625], '676_655': [954.0, 0.0], '676_655_passing_MET': [932.0, 0.0], '676_655_failing_MET': [22.0, 0.0], '676_655_min_MET_pt': [39.22062683105469, 10000000.0], '676_656': [157.0, 0.0], '676_656_passing_MET': [150.0, 0.0], '676_656_failing_MET': [7.0, 0.0], '676_656_min_MET_pt': [71.50821685791016, 10000000.0], '976_965': [0.0, 1884.0], '976_965_passing_MET': [0.0, 1837.0], '976_965_failing_MET': [0.0, 47.0], '976_965_min_MET_pt': [10000000.0, 34.352718353271484], '976_966': [0.0, 216.0], '976_966_passing_MET': [0.0, 212.0], '976_966_failing_MET': [0.0, 4.0], '976_966_min_MET_pt': [10000000.0, 76.72895812988281], '1000_986': [147.0, 0.0], '1000_986_passing_MET': [142.0, 0.0], '1000_986_failing_MET': [5.0, 0.0], '1000_986_min_MET_pt': [72.72010040283203, 10000000.0], '700_676': [169.0, 0.0], '700_676_passing_MET': [169.0, 0.0], '700_676_failing_MET': [0.0, 0.0], '700_676_min_MET_pt': [110.3743667602539, 10000000.0], '776_750': [0.0, 1147.0], '776_750_passing_MET': [0.0, 1113.0], '776_750_failing_MET': [0.0, 34.0], '776_750_min_MET_pt': [10000000.0, 21.642610549926758], '750_726': [182.0, 161.0], '750_726_passing_MET': [172.0, 158.0], '750_726_failing_MET': [10.0, 3.0], '750_726_min_MET_pt': [32.84996795654297, 75.07579040527344], '726_705': [1860.0, 0.0], '726_705_passing_MET': [1813.0, 0.0], '726_705_failing_MET': [47.0, 0.0], '726_705_min_MET_pt': [13.853988647460938, 10000000.0], '726_706': [305.0, 0.0], '726_706_passing_MET': [300.0, 0.0], '726_706_failing_MET': [5.0, 0.0], '726_706_min_MET_pt': [75.88938903808594, 10000000.0], '650_626': [336.0, 129.0], '650_626_passing_MET': [321.0, 126.0], '650_626_failing_MET': [15.0, 3.0], '650_626_min_MET_pt': [48.37413787841797, 74.11833953857422], '976_945': [986.0, 1004.0], '976_945_passing_MET': [964.0, 980.0], '976_945_failing_MET': [22.0, 24.0], '976_945_min_MET_pt': [26.75028419494629, 14.910211563110352], '976_946': [181.0, 189.0], '976_946_passing_MET': [173.0, 183.0], '976_946_failing_MET': [8.0, 6.0], '976_946_min_MET_pt': [43.704837799072266, 65.51222229003906], '876_865': [1007.0, 1970.0], '876_865_passing_MET': [975.0, 1924.0], '876_865_failing_MET': [32.0, 46.0], '876_865_min_MET_pt': [15.069315910339355, 13.360660552978516], '876_866': [99.0, 215.0], '876_866_passing_MET': [97.0, 207.0], '876_866_failing_MET': [2.0, 8.0], '876_866_min_MET_pt': [85.63506317138672, 70.48829650878906], '676_660': [1107.0, 0.0], '676_660_passing_MET': [1071.0, 0.0], '676_660_failing_MET': [36.0, 0.0], '676_660_min_MET_pt': [30.092775344848633, 10000000.0], '676_665': [2888.0, 950.0], '676_665_passing_MET': [2809.0, 923.0], '676_665_failing_MET': [79.0, 27.0], '676_665_min_MET_pt': [26.575450897216797, 22.62078094482422], '676_666': [327.0, 90.0], '676_666_passing_MET': [317.0, 89.0], '676_666_failing_MET': [10.0, 1.0], '676_666_min_MET_pt': [40.412960052490234, 77.11502075195312], '1076_1060': [0.0, 1160.0], '1076_1060_passing_MET': [0.0, 1135.0], '1076_1060_failing_MET': [0.0, 25.0], '1076_1060_min_MET_pt': [10000000.0, 39.48784637451172], '926_905': [1018.0, 988.0], '926_905_passing_MET': [988.0, 957.0], '926_905_failing_MET': [30.0, 31.0], '926_905_min_MET_pt': [42.19012451171875, 33.36790466308594], '926_906': [173.0, 157.0], '926_906_passing_MET': [168.0, 154.0], '926_906_failing_MET': [5.0, 3.0], '926_906_min_MET_pt': [68.83141326904297, 90.25238037109375], '626_606': [0.0, 318.0], '626_606_passing_MET': [0.0, 308.0], '626_606_failing_MET': [0.0, 10.0], '626_606_min_MET_pt': [10000000.0, 11.946170806884766], '626_605': [0.0, 1686.0], '626_605_passing_MET': [0.0, 1627.0], '626_605_failing_MET': [0.0, 59.0], '626_605_min_MET_pt': [10000000.0, 12.703646659851074], '1052_1024': [178.0, 0.0], '1052_1024_passing_MET': [174.0, 0.0], '1052_1024_failing_MET': [4.0, 0.0], '1052_1024_min_MET_pt': [57.2912712097168, 10000000.0], '1052_1025': [973.0, 0.0], '1052_1025_passing_MET': [953.0, 0.0], '1052_1025_failing_MET': [20.0, 0.0], '1052_1025_min_MET_pt': [34.38582229614258, 10000000.0], '826_815': [1015.0, 0.0], '826_815_passing_MET': [988.0, 0.0], '826_815_failing_MET': [27.0, 0.0], '826_815_min_MET_pt': [28.41130828857422, 10000000.0], '826_816': [83.0, 0.0], '826_816_passing_MET': [82.0, 0.0], '826_816_failing_MET': [1.0, 0.0], '826_816_min_MET_pt': [60.37158203125, 10000000.0], '1052_1035': [0.0, 958.0], '1052_1035_passing_MET': [0.0, 931.0], '1052_1035_failing_MET': [0.0, 27.0], '1052_1035_min_MET_pt': [10000000.0, 51.605125427246094], '1052_1036': [0.0, 140.0], '1052_1036_passing_MET': [0.0, 139.0], '1052_1036_failing_MET': [0.0, 1.0], '1052_1036_min_MET_pt': [10000000.0, 81.50196838378906], '900_876': [0.0, 166.0], '900_876_passing_MET': [0.0, 160.0], '900_876_failing_MET': [0.0, 6.0], '900_876_min_MET_pt': [10000000.0, 36.337074279785156], '1076_1055': [0.0, 1002.0], '1076_1055_passing_MET': [0.0, 982.0], '1076_1055_failing_MET': [0.0, 20.0], '1076_1055_min_MET_pt': [10000000.0, 26.113601684570312], '1076_1056': [0.0, 179.0], '1076_1056_passing_MET': [0.0, 174.0], '1076_1056_failing_MET': [0.0, 5.0], '1076_1056_min_MET_pt': [10000000.0, 12.506135940551758], '526_500': [0.0, 1032.0], '526_500_passing_MET': [0.0, 999.0], '526_500_failing_MET': [0.0, 33.0], '526_500_min_MET_pt': [10000000.0, 35.30436325073242], '626_595': [865.0, 877.0], '626_595_passing_MET': [837.0, 844.0], '626_595_failing_MET': [28.0, 33.0], '626_595_min_MET_pt': [21.983442306518555, 20.162797927856445], '626_596': [162.0, 172.0], '626_596_passing_MET': [157.0, 165.0], '626_596_failing_MET': [5.0, 7.0], '626_596_min_MET_pt': [41.88124084472656, 40.330379486083984], '526_505': [983.0, 960.0], '526_505_passing_MET': [955.0, 917.0], '526_505_failing_MET': [28.0, 43.0], '526_505_min_MET_pt': [22.196950912475586, 30.309083938598633], '776_745': [903.0, 0.0], '776_745_passing_MET': [880.0, 0.0], '776_745_failing_MET': [23.0, 0.0], '776_745_min_MET_pt': [40.496002197265625, 10000000.0], '776_746': [202.0, 0.0], '776_746_passing_MET': [194.0, 0.0], '776_746_failing_MET': [8.0, 0.0], '776_746_min_MET_pt': [47.614959716796875, 10000000.0], '576_565': [924.0, 904.0], '576_565_passing_MET': [903.0, 877.0], '576_565_failing_MET': [21.0, 27.0], '576_565_min_MET_pt': [61.81034851074219, 28.812177658081055], '576_566': [83.0, 102.0], '576_566_passing_MET': [82.0, 100.0], '576_566_failing_MET': [1.0, 2.0], '576_566_min_MET_pt': [81.7794189453125, 46.5378532409668], '1052_1020': [1195.0, 0.0], '1052_1020_passing_MET': [1168.0, 0.0], '1052_1020_failing_MET': [27.0, 0.0], '1052_1020_min_MET_pt': [19.955503463745117, 10000000.0], '1024_996': [0.0, 170.0], '1024_996_passing_MET': [0.0, 164.0], '1024_996_failing_MET': [0.0, 6.0], '1024_996_min_MET_pt': [10000000.0, 17.32189178466797], '1024_995': [0.0, 984.0], '1024_995_passing_MET': [0.0, 959.0], '1024_995_failing_MET': [0.0, 25.0], '1024_995_min_MET_pt': [10000000.0, 45.0256462097168], '750_736': [0.0, 119.0], '750_736_passing_MET': [0.0, 117.0], '750_736_failing_MET': [0.0, 2.0], '750_736_min_MET_pt': [10000000.0, 75.00650024414062], '1100_1072': [198.0, 0.0], '1100_1072_passing_MET': [195.0, 0.0], '1100_1072_failing_MET': [3.0, 0.0], '1100_1072_min_MET_pt': [65.62042999267578, 10000000.0], '800_786': [0.0, 126.0], '800_786_passing_MET': [0.0, 121.0], '800_786_failing_MET': [0.0, 5.0], '800_786_min_MET_pt': [10000000.0, 63.87763214111328], '650_636': [116.0, 0.0], '650_636_passing_MET': [116.0, 0.0], '650_636_failing_MET': [0.0, 0.0], '650_636_min_MET_pt': [101.57998657226562, 10000000.0], '1024_1015': [1032.0, 0.0], '1024_1015_passing_MET': [1006.0, 0.0], '1024_1015_failing_MET': [26.0, 0.0], '1024_1015_min_MET_pt': [53.28727340698242, 10000000.0], '1024_1016': [91.0, 0.0], '1024_1016_passing_MET': [85.0, 0.0], '1024_1016_failing_MET': [6.0, 0.0], '1024_1016_min_MET_pt': [45.68927001953125, 10000000.0], '1076_1045': [993.0, 0.0], '1076_1045_passing_MET': [975.0, 0.0], '1076_1045_failing_MET': [18.0, 0.0], '1076_1045_min_MET_pt': [21.57337760925293, 10000000.0], '1076_1044': [209.0, 0.0], '1076_1044_passing_MET': [205.0, 0.0], '1076_1044_failing_MET': [4.0, 0.0], '1076_1044_min_MET_pt': [60.893035888671875, 10000000.0]}
nevents_from_dict =  3670251763.199867
Results saved to /afs/cern.ch/work/m/mleoncoe/private/stop_met_check/outputs_2018/nanoAOD_90.json
done
