i am in this directory
/pool/condor/dir_3634197
Python 3.9.23
3.9.23
 will run this python stop_check_met_eff.py /eos/user/m/mleoncoe/stop_event_check/privateNanoAod2018/nanoAOD_355.root /afs/cern.ch/work/m/mleoncoe/private/stop_met_check/outputs_2018/nanoAOD_355.json
event num1000
event num2000
event num3000
event num4000
event num5000
event num6000
event num7000
event num8000
event num9000
event num10000
event num11000
event num12000
event num13000
event num14000
event num15000
event num16000
event num17000
event num18000
event num19000
event num20000
event num21000
event num22000
event num23000
event num24000
event num25000
event num26000
event num27000
event num28000
event num29000
event num30000
event num31000
event num32000
event num33000
event num34000
event num35000
event num36000
event num37000
event num38000
event num39000
event num40000
event num41000
event num42000
event num43000
event num44000
event num45000
event num46000
event num47000
event num48000
event num49000
event num50000
event num51000
event num52000
event num53000
event num54000
event num55000
event num56000
event num57000
event num58000
event num59000
event num60000
event num61000
event num62000
event num63000
event num64000
event num65000
event num66000
event num67000
event num68000
event num69000
event num70000
event num71000
event num72000
event num73000
event num74000
event num75000
event num76000
event num77000
event num78000
event num79000
event num80000
event num81000
event num82000
event num83000
event num84000
event num85000
event num86000
event num87000
event num88000
event num89000
event num90000
event num91000
event num92000
event num93000
event num94000
event num95000
event num96000
event num97000
event num98000
event num99000
event num100000
event num101000
event num102000
event num103000
event num104000
event num105000
event num106000
event num107000
event num108000
event num109000
event num110000
event num111000
event num112000
event num113000
event num114000
event num115000
event num116000
event num117000
event num118000
event num119000
event num120000
event num121000
event num122000
event num123000
event num124000
event num125000
event num126000
event num127000
event num128000
event num129000
event num130000
event num131000
event num132000
event num133000
event num134000
event num135000
event num136000
event num137000
event num138000
event num139000
event num140000
event num141000
event num142000
event num143000
event num144000
event num145000
event num146000
event num147000
event num148000
event num149000
event num150000
event num151000
event num152000
event num153000
{'250_240': [0.0, 1392.0], '250_240_passing_MET': [0.0, 1336.0], '250_240_failing_MET': [0.0, 56.0], '250_240_min_MET_pt': [10000000.0, 12.99004077911377], '250_235': [0.0, 0.0], '250_235_passing_MET': [0.0, 0.0], '250_235_failing_MET': [0.0, 0.0], '250_235_min_MET_pt': [10000000.0, 10000000.0], '250_230': [0.0, 0.0], '250_230_passing_MET': [0.0, 0.0], '250_230_failing_MET': [0.0, 0.0], '250_230_min_MET_pt': [10000000.0, 10000000.0], '250_225': [0.0, 0.0], '250_225_passing_MET': [0.0, 0.0], '250_225_failing_MET': [0.0, 0.0], '250_225_min_MET_pt': [10000000.0, 10000000.0], '250_220': [0.0, 0.0], '250_220_passing_MET': [0.0, 0.0], '250_220_failing_MET': [0.0, 0.0], '250_220_min_MET_pt': [10000000.0, 10000000.0], '275_265': [0.0, 0.0], '275_265_passing_MET': [0.0, 0.0], '275_265_failing_MET': [0.0, 0.0], '275_265_min_MET_pt': [10000000.0, 10000000.0], '275_260': [0.0, 0.0], '275_260_passing_MET': [0.0, 0.0], '275_260_failing_MET': [0.0, 0.0], '275_260_min_MET_pt': [10000000.0, 10000000.0], '275_255': [0.0, 0.0], '275_255_passing_MET': [0.0, 0.0], '275_255_failing_MET': [0.0, 0.0], '275_255_min_MET_pt': [10000000.0, 10000000.0], '275_250': [0.0, 797.0], '275_250_passing_MET': [0.0, 763.0], '275_250_failing_MET': [0.0, 34.0], '275_250_min_MET_pt': [10000000.0, 46.02986526489258], '275_245': [0.0, 0.0], '275_245_passing_MET': [0.0, 0.0], '275_245_failing_MET': [0.0, 0.0], '275_245_min_MET_pt': [10000000.0, 10000000.0], '300_290': [759.0, 0.0], '300_290_passing_MET': [726.0, 0.0], '300_290_failing_MET': [33.0, 0.0], '300_290_min_MET_pt': [21.47223472595215, 10000000.0], '300_285': [822.0, 796.0], '300_285_passing_MET': [0.0, 0.0], '300_285_failing_MET': [0.0, 0.0], '300_285_min_MET_pt': [10000000.0, 10000000.0], '300_280': [0.0, 0.0], '300_280_passing_MET': [0.0, 0.0], '300_280_failing_MET': [0.0, 0.0], '300_280_min_MET_pt': [10000000.0, 10000000.0], '300_275': [0.0, 780.0], '300_275_passing_MET': [0.0, 734.0], '300_275_failing_MET': [0.0, 46.0], '300_275_min_MET_pt': [10000000.0, 20.487062454223633], '300_270': [0.0, 809.0], '300_270_passing_MET': [0.0, 768.0], '300_270_failing_MET': [0.0, 41.0], '300_270_min_MET_pt': [10000000.0, 35.73011779785156], '325_315': [0.0, 797.0], '325_315_passing_MET': [0.0, 776.0], '325_315_failing_MET': [0.0, 21.0], '325_315_min_MET_pt': [10000000.0, 27.80379295349121], '325_310': [790.0, 0.0], '325_310_passing_MET': [754.0, 0.0], '325_310_failing_MET': [36.0, 0.0], '325_310_min_MET_pt': [42.9821662902832, 10000000.0], '325_305': [809.0, 1647.0], '325_305_passing_MET': [0.0, 0.0], '325_305_failing_MET': [0.0, 0.0], '325_305_min_MET_pt': [10000000.0, 10000000.0], '325_300': [854.0, 854.0], '325_300_passing_MET': [0.0, 0.0], '325_300_failing_MET': [0.0, 0.0], '325_300_min_MET_pt': [10000000.0, 10000000.0], '325_295': [0.0, 0.0], '325_295_passing_MET': [0.0, 0.0], '325_295_failing_MET': [0.0, 0.0], '325_295_min_MET_pt': [10000000.0, 10000000.0], '350_340': [805.0, 1589.0], '350_340_passing_MET': [0.0, 0.0], '350_340_failing_MET': [0.0, 0.0], '350_340_min_MET_pt': [10000000.0, 10000000.0], '350_335': [0.0, 814.0], '350_335_passing_MET': [0.0, 785.0], '350_335_failing_MET': [0.0, 29.0], '350_335_min_MET_pt': [10000000.0, 37.63330078125], '350_330': [0.0, 0.0], '350_330_passing_MET': [0.0, 0.0], '350_330_failing_MET': [0.0, 0.0], '350_330_min_MET_pt': [10000000.0, 10000000.0], '350_325': [0.0, 1767.0], '350_325_passing_MET': [0.0, 1695.0], '350_325_failing_MET': [0.0, 72.0], '350_325_min_MET_pt': [10000000.0, 11.980462074279785], '350_320': [0.0, 874.0], '350_320_passing_MET': [0.0, 841.0], '350_320_failing_MET': [0.0, 33.0], '350_320_min_MET_pt': [10000000.0, 25.875085830688477], '375_365': [840.0, 0.0], '375_365_passing_MET': [814.0, 0.0], '375_365_failing_MET': [26.0, 0.0], '375_365_min_MET_pt': [24.92092514038086, 10000000.0], '375_360': [0.0, 857.0], '375_360_passing_MET': [0.0, 824.0], '375_360_failing_MET': [0.0, 33.0], '375_360_min_MET_pt': [10000000.0, 31.98444938659668], '375_355': [0.0, 0.0], '375_355_passing_MET': [0.0, 0.0], '375_355_failing_MET': [0.0, 0.0], '375_355_min_MET_pt': [10000000.0, 10000000.0], '375_350': [909.0, 0.0], '375_350_passing_MET': [868.0, 0.0], '375_350_failing_MET': [41.0, 0.0], '375_350_min_MET_pt': [47.70342254638672, 10000000.0], '375_345': [0.0, 0.0], '375_345_passing_MET': [0.0, 0.0], '375_345_failing_MET': [0.0, 0.0], '375_345_min_MET_pt': [10000000.0, 10000000.0], '400_390': [0.0, 2715.0], '400_390_passing_MET': [0.0, 2639.0], '400_390_failing_MET': [0.0, 76.0], '400_390_min_MET_pt': [10000000.0, 33.64243698120117], '400_385': [0.0, 0.0], '400_385_passing_MET': [0.0, 0.0], '400_385_failing_MET': [0.0, 0.0], '400_385_min_MET_pt': [10000000.0, 10000000.0], '400_380': [0.0, 0.0], '400_380_passing_MET': [0.0, 0.0], '400_380_failing_MET': [0.0, 0.0], '400_380_min_MET_pt': [10000000.0, 10000000.0], '400_375': [0.0, 0.0], '400_375_passing_MET': [0.0, 0.0], '400_375_failing_MET': [0.0, 0.0], '400_375_min_MET_pt': [10000000.0, 10000000.0], '400_370': [0.0, 984.0], '400_370_passing_MET': [0.0, 934.0], '400_370_failing_MET': [0.0, 50.0], '400_370_min_MET_pt': [10000000.0, 24.886646270751953], '425_415': [0.0, 1773.0], '425_415_passing_MET': [0.0, 1723.0], '425_415_failing_MET': [0.0, 50.0], '425_415_min_MET_pt': [10000000.0, 17.964031219482422], '425_410': [0.0, 856.0], '425_410_passing_MET': [0.0, 820.0], '425_410_failing_MET': [0.0, 36.0], '425_410_min_MET_pt': [10000000.0, 24.549545288085938], '425_405': [1858.0, 933.0], '425_405_passing_MET': [0.0, 0.0], '425_405_failing_MET': [0.0, 0.0], '425_405_min_MET_pt': [10000000.0, 10000000.0], '425_400': [0.0, 0.0], '425_400_passing_MET': [0.0, 0.0], '425_400_failing_MET': [0.0, 0.0], '425_400_min_MET_pt': [10000000.0, 10000000.0], '425_395': [0.0, 0.0], '425_395_passing_MET': [0.0, 0.0], '425_395_failing_MET': [0.0, 0.0], '425_395_min_MET_pt': [10000000.0, 10000000.0], '450_440': [0.0, 1834.0], '450_440_passing_MET': [0.0, 1779.0], '450_440_failing_MET': [0.0, 55.0], '450_440_min_MET_pt': [10000000.0, 26.396516799926758], '450_435': [0.0, 0.0], '450_435_passing_MET': [0.0, 0.0], '450_435_failing_MET': [0.0, 0.0], '450_435_min_MET_pt': [10000000.0, 10000000.0], '450_430': [0.0, 0.0], '450_430_passing_MET': [0.0, 0.0], '450_430_failing_MET': [0.0, 0.0], '450_430_min_MET_pt': [10000000.0, 10000000.0], '450_425': [0.0, 992.0], '450_425_passing_MET': [0.0, 951.0], '450_425_failing_MET': [0.0, 41.0], '450_425_min_MET_pt': [10000000.0, 21.52127456665039], '450_420': [1976.0, 1000.0], '450_420_passing_MET': [0.0, 0.0], '450_420_failing_MET': [0.0, 0.0], '450_420_min_MET_pt': [10000000.0, 10000000.0], '475_465': [890.0, 2819.0], '475_465_passing_MET': [0.0, 0.0], '475_465_failing_MET': [0.0, 0.0], '475_465_min_MET_pt': [10000000.0, 10000000.0], '475_460': [984.0, 992.0], '475_460_passing_MET': [0.0, 0.0], '475_460_failing_MET': [0.0, 0.0], '475_460_min_MET_pt': [10000000.0, 10000000.0], '475_455': [0.0, 988.0], '475_455_passing_MET': [0.0, 960.0], '475_455_failing_MET': [0.0, 28.0], '475_455_min_MET_pt': [10000000.0, 52.577064514160156], '475_450': [0.0, 0.0], '475_450_passing_MET': [0.0, 0.0], '475_450_failing_MET': [0.0, 0.0], '475_450_min_MET_pt': [10000000.0, 10000000.0], '475_445': [1058.0, 0.0], '475_445_passing_MET': [1020.0, 0.0], '475_445_failing_MET': [38.0, 0.0], '475_445_min_MET_pt': [38.20822525024414, 10000000.0], '500_490': [937.0, 1840.0], '500_490_passing_MET': [0.0, 0.0], '500_490_failing_MET': [0.0, 0.0], '500_490_min_MET_pt': [10000000.0, 10000000.0], '500_485': [0.0, 0.0], '500_485_passing_MET': [0.0, 0.0], '500_485_failing_MET': [0.0, 0.0], '500_485_min_MET_pt': [10000000.0, 10000000.0], '500_480': [0.0, 976.0], '500_480_passing_MET': [0.0, 944.0], '500_480_failing_MET': [0.0, 32.0], '500_480_min_MET_pt': [10000000.0, 38.90338897705078], '500_475': [0.0, 1016.0], '500_475_passing_MET': [0.0, 978.0], '500_475_failing_MET': [0.0, 38.0], '500_475_min_MET_pt': [10000000.0, 36.70803451538086], '500_470': [0.0, 0.0], '500_470_passing_MET': [0.0, 0.0], '500_470_failing_MET': [0.0, 0.0], '500_470_min_MET_pt': [10000000.0, 10000000.0], '525_515': [0.0, 0.0], '525_515_passing_MET': [0.0, 0.0], '525_515_failing_MET': [0.0, 0.0], '525_515_min_MET_pt': [10000000.0, 10000000.0], '525_510': [0.0, 0.0], '525_510_passing_MET': [0.0, 0.0], '525_510_failing_MET': [0.0, 0.0], '525_510_min_MET_pt': [10000000.0, 10000000.0], '525_505': [0.0, 0.0], '525_505_passing_MET': [0.0, 0.0], '525_505_failing_MET': [0.0, 0.0], '525_505_min_MET_pt': [10000000.0, 10000000.0], '525_500': [0.0, 0.0], '525_500_passing_MET': [0.0, 0.0], '525_500_failing_MET': [0.0, 0.0], '525_500_min_MET_pt': [10000000.0, 10000000.0], '525_495': [0.0, 0.0], '525_495_passing_MET': [0.0, 0.0], '525_495_failing_MET': [0.0, 0.0], '525_495_min_MET_pt': [10000000.0, 10000000.0], '550_540': [0.0, 972.0], '550_540_passing_MET': [0.0, 943.0], '550_540_failing_MET': [0.0, 29.0], '550_540_min_MET_pt': [10000000.0, 42.674896240234375], '550_535': [0.0, 0.0], '550_535_passing_MET': [0.0, 0.0], '550_535_failing_MET': [0.0, 0.0], '550_535_min_MET_pt': [10000000.0, 10000000.0], '550_530': [982.0, 0.0], '550_530_passing_MET': [946.0, 0.0], '550_530_failing_MET': [36.0, 0.0], '550_530_min_MET_pt': [30.912004470825195, 10000000.0], '550_525': [0.0, 0.0], '550_525_passing_MET': [0.0, 0.0], '550_525_failing_MET': [0.0, 0.0], '550_525_min_MET_pt': [10000000.0, 10000000.0], '550_520': [1039.0, 1050.0], '550_520_passing_MET': [0.0, 0.0], '550_520_failing_MET': [0.0, 0.0], '550_520_min_MET_pt': [10000000.0, 10000000.0], '575_565': [0.0, 0.0], '575_565_passing_MET': [0.0, 0.0], '575_565_failing_MET': [0.0, 0.0], '575_565_min_MET_pt': [10000000.0, 10000000.0], '575_560': [0.0, 0.0], '575_560_passing_MET': [0.0, 0.0], '575_560_failing_MET': [0.0, 0.0], '575_560_min_MET_pt': [10000000.0, 10000000.0], '575_555': [0.0, 0.0], '575_555_passing_MET': [0.0, 0.0], '575_555_failing_MET': [0.0, 0.0], '575_555_min_MET_pt': [10000000.0, 10000000.0], '575_550': [0.0, 0.0], '575_550_passing_MET': [0.0, 0.0], '575_550_failing_MET': [0.0, 0.0], '575_550_min_MET_pt': [10000000.0, 10000000.0], '575_545': [0.0, 0.0], '575_545_passing_MET': [0.0, 0.0], '575_545_failing_MET': [0.0, 0.0], '575_545_min_MET_pt': [10000000.0, 10000000.0], '600_590': [0.0, 0.0], '600_590_passing_MET': [0.0, 0.0], '600_590_failing_MET': [0.0, 0.0], '600_590_min_MET_pt': [10000000.0, 10000000.0], '600_585': [0.0, 897.0], '600_585_passing_MET': [0.0, 874.0], '600_585_failing_MET': [0.0, 23.0], '600_585_min_MET_pt': [10000000.0, 39.588321685791016], '600_580': [986.0, 0.0], '600_580_passing_MET': [963.0, 0.0], '600_580_failing_MET': [23.0, 0.0], '600_580_min_MET_pt': [25.603290557861328, 10000000.0], '600_575': [1825.0, 0.0], '600_575_passing_MET': [1776.0, 0.0], '600_575_failing_MET': [49.0, 0.0], '600_575_min_MET_pt': [20.187915802001953, 10000000.0], '600_570': [0.0, 0.0], '600_570_passing_MET': [0.0, 0.0], '600_570_failing_MET': [0.0, 0.0], '600_570_min_MET_pt': [10000000.0, 10000000.0], '625_615': [0.0, 0.0], '625_615_passing_MET': [0.0, 0.0], '625_615_failing_MET': [0.0, 0.0], '625_615_min_MET_pt': [10000000.0, 10000000.0], '625_610': [0.0, 0.0], '625_610_passing_MET': [0.0, 0.0], '625_610_failing_MET': [0.0, 0.0], '625_610_min_MET_pt': [10000000.0, 10000000.0], '625_605': [0.0, 0.0], '625_605_passing_MET': [0.0, 0.0], '625_605_failing_MET': [0.0, 0.0], '625_605_min_MET_pt': [10000000.0, 10000000.0], '625_600': [0.0, 0.0], '625_600_passing_MET': [0.0, 0.0], '625_600_failing_MET': [0.0, 0.0], '625_600_min_MET_pt': [10000000.0, 10000000.0], '625_595': [0.0, 0.0], '625_595_passing_MET': [0.0, 0.0], '625_595_failing_MET': [0.0, 0.0], '625_595_min_MET_pt': [10000000.0, 10000000.0], '650_640': [1033.0, 975.0], '650_640_passing_MET': [0.0, 0.0], '650_640_failing_MET': [0.0, 0.0], '650_640_min_MET_pt': [10000000.0, 10000000.0], '650_635': [0.0, 943.0], '650_635_passing_MET': [0.0, 915.0], '650_635_failing_MET': [0.0, 28.0], '650_635_min_MET_pt': [10000000.0, 17.913957595825195], '650_630': [0.0, 2090.0], '650_630_passing_MET': [0.0, 2043.0], '650_630_failing_MET': [0.0, 47.0], '650_630_min_MET_pt': [10000000.0, 31.472469329833984], '650_625': [1830.0, 0.0], '650_625_passing_MET': [1767.0, 0.0], '650_625_failing_MET': [63.0, 0.0], '650_625_min_MET_pt': [17.159912109375, 10000000.0], '650_620': [0.0, 0.0], '650_620_passing_MET': [0.0, 0.0], '650_620_failing_MET': [0.0, 0.0], '650_620_min_MET_pt': [10000000.0, 10000000.0], '675_665': [0.0, 0.0], '675_665_passing_MET': [0.0, 0.0], '675_665_failing_MET': [0.0, 0.0], '675_665_min_MET_pt': [10000000.0, 10000000.0], '675_660': [0.0, 0.0], '675_660_passing_MET': [0.0, 0.0], '675_660_failing_MET': [0.0, 0.0], '675_660_min_MET_pt': [10000000.0, 10000000.0], '675_655': [0.0, 0.0], '675_655_passing_MET': [0.0, 0.0], '675_655_failing_MET': [0.0, 0.0], '675_655_min_MET_pt': [10000000.0, 10000000.0], '675_650': [0.0, 0.0], '675_650_passing_MET': [0.0, 0.0], '675_650_failing_MET': [0.0, 0.0], '675_650_min_MET_pt': [10000000.0, 10000000.0], '675_645': [0.0, 0.0], '675_645_passing_MET': [0.0, 0.0], '675_645_failing_MET': [0.0, 0.0], '675_645_min_MET_pt': [10000000.0, 10000000.0], '700_690': [2033.0, 2131.0], '700_690_passing_MET': [0.0, 0.0], '700_690_failing_MET': [0.0, 0.0], '700_690_min_MET_pt': [10000000.0, 10000000.0], '700_685': [0.0, 0.0], '700_685_passing_MET': [0.0, 0.0], '700_685_failing_MET': [0.0, 0.0], '700_685_min_MET_pt': [10000000.0, 10000000.0], '700_680': [0.0, 0.0], '700_680_passing_MET': [0.0, 0.0], '700_680_failing_MET': [0.0, 0.0], '700_680_min_MET_pt': [10000000.0, 10000000.0], '700_675': [0.0, 0.0], '700_675_passing_MET': [0.0, 0.0], '700_675_failing_MET': [0.0, 0.0], '700_675_min_MET_pt': [10000000.0, 10000000.0], '700_670': [0.0, 0.0], '700_670_passing_MET': [0.0, 0.0], '700_670_failing_MET': [0.0, 0.0], '700_670_min_MET_pt': [10000000.0, 10000000.0], '725_715': [0.0, 0.0], '725_715_passing_MET': [0.0, 0.0], '725_715_failing_MET': [0.0, 0.0], '725_715_min_MET_pt': [10000000.0, 10000000.0], '725_710': [0.0, 0.0], '725_710_passing_MET': [0.0, 0.0], '725_710_failing_MET': [0.0, 0.0], '725_710_min_MET_pt': [10000000.0, 10000000.0], '725_705': [0.0, 0.0], '725_705_passing_MET': [0.0, 0.0], '725_705_failing_MET': [0.0, 0.0], '725_705_min_MET_pt': [10000000.0, 10000000.0], '725_700': [0.0, 0.0], '725_700_passing_MET': [0.0, 0.0], '725_700_failing_MET': [0.0, 0.0], '725_700_min_MET_pt': [10000000.0, 10000000.0], '725_695': [0.0, 0.0], '725_695_passing_MET': [0.0, 0.0], '725_695_failing_MET': [0.0, 0.0], '725_695_min_MET_pt': [10000000.0, 10000000.0], '750_740': [1103.0, 1047.0], '750_740_passing_MET': [0.0, 0.0], '750_740_failing_MET': [0.0, 0.0], '750_740_min_MET_pt': [10000000.0, 10000000.0], '750_735': [0.0, 949.0], '750_735_passing_MET': [0.0, 931.0], '750_735_failing_MET': [0.0, 18.0], '750_735_min_MET_pt': [10000000.0, 58.17996597290039], '750_730': [0.0, 0.0], '750_730_passing_MET': [0.0, 0.0], '750_730_failing_MET': [0.0, 0.0], '750_730_min_MET_pt': [10000000.0, 10000000.0], '750_725': [0.0, 0.0], '750_725_passing_MET': [0.0, 0.0], '750_725_failing_MET': [0.0, 0.0], '750_725_min_MET_pt': [10000000.0, 10000000.0], '750_720': [0.0, 0.0], '750_720_passing_MET': [0.0, 0.0], '750_720_failing_MET': [0.0, 0.0], '750_720_min_MET_pt': [10000000.0, 10000000.0], '775_765': [0.0, 0.0], '775_765_passing_MET': [0.0, 0.0], '775_765_failing_MET': [0.0, 0.0], '775_765_min_MET_pt': [10000000.0, 10000000.0], '775_760': [0.0, 0.0], '775_760_passing_MET': [0.0, 0.0], '775_760_failing_MET': [0.0, 0.0], '775_760_min_MET_pt': [10000000.0, 10000000.0], '775_755': [0.0, 0.0], '775_755_passing_MET': [0.0, 0.0], '775_755_failing_MET': [0.0, 0.0], '775_755_min_MET_pt': [10000000.0, 10000000.0], '775_750': [0.0, 0.0], '775_750_passing_MET': [0.0, 0.0], '775_750_failing_MET': [0.0, 0.0], '775_750_min_MET_pt': [10000000.0, 10000000.0], '775_745': [0.0, 0.0], '775_745_passing_MET': [0.0, 0.0], '775_745_failing_MET': [0.0, 0.0], '775_745_min_MET_pt': [10000000.0, 10000000.0], '800_790': [2153.0, 1102.0], '800_790_passing_MET': [0.0, 0.0], '800_790_failing_MET': [0.0, 0.0], '800_790_min_MET_pt': [10000000.0, 10000000.0], '800_785': [0.0, 0.0], '800_785_passing_MET': [0.0, 0.0], '800_785_failing_MET': [0.0, 0.0], '800_785_min_MET_pt': [10000000.0, 10000000.0], '800_780': [0.0, 0.0], '800_780_passing_MET': [0.0, 0.0], '800_780_failing_MET': [0.0, 0.0], '800_780_min_MET_pt': [10000000.0, 10000000.0], '800_775': [0.0, 0.0], '800_775_passing_MET': [0.0, 0.0], '800_775_failing_MET': [0.0, 0.0], '800_775_min_MET_pt': [10000000.0, 10000000.0], '800_770': [0.0, 0.0], '800_770_passing_MET': [0.0, 0.0], '800_770_failing_MET': [0.0, 0.0], '800_770_min_MET_pt': [10000000.0, 10000000.0], '825_815': [0.0, 0.0], '825_815_passing_MET': [0.0, 0.0], '825_815_failing_MET': [0.0, 0.0], '825_815_min_MET_pt': [10000000.0, 10000000.0], '825_810': [0.0, 0.0], '825_810_passing_MET': [0.0, 0.0], '825_810_failing_MET': [0.0, 0.0], '825_810_min_MET_pt': [10000000.0, 10000000.0], '825_805': [0.0, 0.0], '825_805_passing_MET': [0.0, 0.0], '825_805_failing_MET': [0.0, 0.0], '825_805_min_MET_pt': [10000000.0, 10000000.0], '825_800': [0.0, 0.0], '825_800_passing_MET': [0.0, 0.0], '825_800_failing_MET': [0.0, 0.0], '825_800_min_MET_pt': [10000000.0, 10000000.0], '825_795': [0.0, 0.0], '825_795_passing_MET': [0.0, 0.0], '825_795_failing_MET': [0.0, 0.0], '825_795_min_MET_pt': [10000000.0, 10000000.0], '850_840': [0.0, 2235.0], '850_840_passing_MET': [0.0, 2180.0], '850_840_failing_MET': [0.0, 55.0], '850_840_min_MET_pt': [10000000.0, 28.663652420043945], '850_835': [0.0, 0.0], '850_835_passing_MET': [0.0, 0.0], '850_835_failing_MET': [0.0, 0.0], '850_835_min_MET_pt': [10000000.0, 10000000.0], '850_830': [0.0, 0.0], '850_830_passing_MET': [0.0, 0.0], '850_830_failing_MET': [0.0, 0.0], '850_830_min_MET_pt': [10000000.0, 10000000.0], '850_825': [0.0, 0.0], '850_825_passing_MET': [0.0, 0.0], '850_825_failing_MET': [0.0, 0.0], '850_825_min_MET_pt': [10000000.0, 10000000.0], '850_820': [1175.0, 0.0], '850_820_passing_MET': [1145.0, 0.0], '850_820_failing_MET': [30.0, 0.0], '850_820_min_MET_pt': [29.074596405029297, 10000000.0], '875_865': [0.0, 0.0], '875_865_passing_MET': [0.0, 0.0], '875_865_failing_MET': [0.0, 0.0], '875_865_min_MET_pt': [10000000.0, 10000000.0], '875_860': [0.0, 0.0], '875_860_passing_MET': [0.0, 0.0], '875_860_failing_MET': [0.0, 0.0], '875_860_min_MET_pt': [10000000.0, 10000000.0], '875_855': [0.0, 0.0], '875_855_passing_MET': [0.0, 0.0], '875_855_failing_MET': [0.0, 0.0], '875_855_min_MET_pt': [10000000.0, 10000000.0], '875_850': [0.0, 0.0], '875_850_passing_MET': [0.0, 0.0], '875_850_failing_MET': [0.0, 0.0], '875_850_min_MET_pt': [10000000.0, 10000000.0], '875_845': [0.0, 0.0], '875_845_passing_MET': [0.0, 0.0], '875_845_failing_MET': [0.0, 0.0], '875_845_min_MET_pt': [10000000.0, 10000000.0], '900_890': [3253.0, 1119.0], '900_890_passing_MET': [0.0, 0.0], '900_890_failing_MET': [0.0, 0.0], '900_890_min_MET_pt': [10000000.0, 10000000.0], '900_885': [0.0, 998.0], '900_885_passing_MET': [0.0, 975.0], '900_885_failing_MET': [0.0, 23.0], '900_885_min_MET_pt': [10000000.0, 44.64457702636719], '900_880': [0.0, 0.0], '900_880_passing_MET': [0.0, 0.0], '900_880_failing_MET': [0.0, 0.0], '900_880_min_MET_pt': [10000000.0, 10000000.0], '900_875': [0.0, 0.0], '900_875_passing_MET': [0.0, 0.0], '900_875_failing_MET': [0.0, 0.0], '900_875_min_MET_pt': [10000000.0, 10000000.0], '900_870': [0.0, 1144.0], '900_870_passing_MET': [0.0, 1113.0], '900_870_failing_MET': [0.0, 31.0], '900_870_min_MET_pt': [10000000.0, 53.10179901123047], '925_915': [0.0, 0.0], '925_915_passing_MET': [0.0, 0.0], '925_915_failing_MET': [0.0, 0.0], '925_915_min_MET_pt': [10000000.0, 10000000.0], '925_910': [0.0, 0.0], '925_910_passing_MET': [0.0, 0.0], '925_910_failing_MET': [0.0, 0.0], '925_910_min_MET_pt': [10000000.0, 10000000.0], '925_905': [0.0, 0.0], '925_905_passing_MET': [0.0, 0.0], '925_905_failing_MET': [0.0, 0.0], '925_905_min_MET_pt': [10000000.0, 10000000.0], '925_900': [0.0, 0.0], '925_900_passing_MET': [0.0, 0.0], '925_900_failing_MET': [0.0, 0.0], '925_900_min_MET_pt': [10000000.0, 10000000.0], '925_895': [0.0, 0.0], '925_895_passing_MET': [0.0, 0.0], '925_895_failing_MET': [0.0, 0.0], '925_895_min_MET_pt': [10000000.0, 10000000.0], '950_940': [1075.0, 0.0], '950_940_passing_MET': [1054.0, 0.0], '950_940_failing_MET': [21.0, 0.0], '950_940_min_MET_pt': [29.530818939208984, 10000000.0], '950_935': [0.0, 0.0], '950_935_passing_MET': [0.0, 0.0], '950_935_failing_MET': [0.0, 0.0], '950_935_min_MET_pt': [10000000.0, 10000000.0], '950_930': [1094.0, 0.0], '950_930_passing_MET': [1069.0, 0.0], '950_930_failing_MET': [25.0, 0.0], '950_930_min_MET_pt': [26.830472946166992, 10000000.0], '950_925': [0.0, 0.0], '950_925_passing_MET': [0.0, 0.0], '950_925_failing_MET': [0.0, 0.0], '950_925_min_MET_pt': [10000000.0, 10000000.0], '950_920': [0.0, 1137.0], '950_920_passing_MET': [0.0, 1104.0], '950_920_failing_MET': [0.0, 33.0], '950_920_min_MET_pt': [10000000.0, 40.63686752319336], '975_965': [0.0, 0.0], '975_965_passing_MET': [0.0, 0.0], '975_965_failing_MET': [0.0, 0.0], '975_965_min_MET_pt': [10000000.0, 10000000.0], '975_960': [0.0, 0.0], '975_960_passing_MET': [0.0, 0.0], '975_960_failing_MET': [0.0, 0.0], '975_960_min_MET_pt': [10000000.0, 10000000.0], '975_955': [0.0, 0.0], '975_955_passing_MET': [0.0, 0.0], '975_955_failing_MET': [0.0, 0.0], '975_955_min_MET_pt': [10000000.0, 10000000.0], '975_950': [0.0, 0.0], '975_950_passing_MET': [0.0, 0.0], '975_950_failing_MET': [0.0, 0.0], '975_950_min_MET_pt': [10000000.0, 10000000.0], '975_945': [0.0, 0.0], '975_945_passing_MET': [0.0, 0.0], '975_945_failing_MET': [0.0, 0.0], '975_945_min_MET_pt': [10000000.0, 10000000.0], '1000_990': [1143.0, 2213.0], '1000_990_passing_MET': [0.0, 0.0], '1000_990_failing_MET': [0.0, 0.0], '1000_990_min_MET_pt': [10000000.0, 10000000.0], '1000_985': [0.0, 1008.0], '1000_985_passing_MET': [0.0, 982.0], '1000_985_failing_MET': [0.0, 26.0], '1000_985_min_MET_pt': [10000000.0, 43.64396667480469], '1000_980': [0.0, 2283.0], '1000_980_passing_MET': [0.0, 2235.0], '1000_980_failing_MET': [0.0, 48.0], '1000_980_min_MET_pt': [10000000.0, 21.624967575073242], '1000_975': [986.0, 0.0], '1000_975_passing_MET': [963.0, 0.0], '1000_975_failing_MET': [23.0, 0.0], '1000_975_min_MET_pt': [52.18674850463867, 10000000.0], '1000_970': [1126.0, 0.0], '1000_970_passing_MET': [1099.0, 0.0], '1000_970_failing_MET': [27.0, 0.0], '1000_970_min_MET_pt': [20.6675968170166, 10000000.0], '1025_1015': [0.0, 0.0], '1025_1015_passing_MET': [0.0, 0.0], '1025_1015_failing_MET': [0.0, 0.0], '1025_1015_min_MET_pt': [10000000.0, 10000000.0], '1025_1010': [0.0, 0.0], '1025_1010_passing_MET': [0.0, 0.0], '1025_1010_failing_MET': [0.0, 0.0], '1025_1010_min_MET_pt': [10000000.0, 10000000.0], '1025_1005': [0.0, 0.0], '1025_1005_passing_MET': [0.0, 0.0], '1025_1005_failing_MET': [0.0, 0.0], '1025_1005_min_MET_pt': [10000000.0, 10000000.0], '1025_1000': [0.0, 0.0], '1025_1000_passing_MET': [0.0, 0.0], '1025_1000_failing_MET': [0.0, 0.0], '1025_1000_min_MET_pt': [10000000.0, 10000000.0], '1025_995': [0.0, 0.0], '1025_995_passing_MET': [0.0, 0.0], '1025_995_failing_MET': [0.0, 0.0], '1025_995_min_MET_pt': [10000000.0, 10000000.0], '1050_1040': [0.0, 0.0], '1050_1040_passing_MET': [0.0, 0.0], '1050_1040_failing_MET': [0.0, 0.0], '1050_1040_min_MET_pt': [10000000.0, 10000000.0], '1050_1035': [0.0, 0.0], '1050_1035_passing_MET': [0.0, 0.0], '1050_1035_failing_MET': [0.0, 0.0], '1050_1035_min_MET_pt': [10000000.0, 10000000.0], '1050_1030': [0.0, 0.0], '1050_1030_passing_MET': [0.0, 0.0], '1050_1030_failing_MET': [0.0, 0.0], '1050_1030_min_MET_pt': [10000000.0, 10000000.0], '1050_1025': [0.0, 0.0], '1050_1025_passing_MET': [0.0, 0.0], '1050_1025_failing_MET': [0.0, 0.0], '1050_1025_min_MET_pt': [10000000.0, 10000000.0], '1050_1020': [0.0, 0.0], '1050_1020_passing_MET': [0.0, 0.0], '1050_1020_failing_MET': [0.0, 0.0], '1050_1020_min_MET_pt': [10000000.0, 10000000.0], '1075_1065': [0.0, 0.0], '1075_1065_passing_MET': [0.0, 0.0], '1075_1065_failing_MET': [0.0, 0.0], '1075_1065_min_MET_pt': [10000000.0, 10000000.0], '1075_1060': [0.0, 0.0], '1075_1060_passing_MET': [0.0, 0.0], '1075_1060_failing_MET': [0.0, 0.0], '1075_1060_min_MET_pt': [10000000.0, 10000000.0], '1075_1055': [0.0, 0.0], '1075_1055_passing_MET': [0.0, 0.0], '1075_1055_failing_MET': [0.0, 0.0], '1075_1055_min_MET_pt': [10000000.0, 10000000.0], '1075_1050': [0.0, 0.0], '1075_1050_passing_MET': [0.0, 0.0], '1075_1050_failing_MET': [0.0, 0.0], '1075_1050_min_MET_pt': [10000000.0, 10000000.0], '1075_1045': [0.0, 0.0], '1075_1045_passing_MET': [0.0, 0.0], '1075_1045_failing_MET': [0.0, 0.0], '1075_1045_min_MET_pt': [10000000.0, 10000000.0], '1100_1090': [0.0, 0.0], '1100_1090_passing_MET': [0.0, 0.0], '1100_1090_failing_MET': [0.0, 0.0], '1100_1090_min_MET_pt': [10000000.0, 10000000.0], '1100_1085': [0.0, 1034.0], '1100_1085_passing_MET': [0.0, 1009.0], '1100_1085_failing_MET': [0.0, 25.0], '1100_1085_min_MET_pt': [10000000.0, 26.481014251708984], '1100_1080': [0.0, 0.0], '1100_1080_passing_MET': [0.0, 0.0], '1100_1080_failing_MET': [0.0, 0.0], '1100_1080_min_MET_pt': [10000000.0, 10000000.0], '1100_1075': [0.0, 0.0], '1100_1075_passing_MET': [0.0, 0.0], '1100_1075_failing_MET': [0.0, 0.0], '1100_1075_min_MET_pt': [10000000.0, 10000000.0], '1100_1070': [1017.0, 0.0], '1100_1070_passing_MET': [992.0, 0.0], '1100_1070_failing_MET': [25.0, 0.0], '1100_1070_min_MET_pt': [39.21394729614258, 10000000.0], 'nEventsTotal': 153711.0, 'strange masspoints': 0.0, 'orphans': 0.0, 'R-hadron event': 0.0, 'different stop antistop masses': 0.0, 'strange error': 0.0, 'strange event': 0.0, 'different neutralino masses': 10591.0, 'large differences': 0.0, '650_626': [355.0, 0.0], '650_626_passing_MET': [347.0, 0.0], '650_626_failing_MET': [8.0, 0.0], '650_626_min_MET_pt': [47.40623092651367, 10000000.0], '726_695': [960.0, 978.0], '726_695_passing_MET': [935.0, 954.0], '726_695_failing_MET': [25.0, 24.0], '726_695_min_MET_pt': [45.13880157470703, 39.84564971923828], '726_696': [196.0, 175.0], '726_696_passing_MET': [193.0, 164.0], '726_696_failing_MET': [3.0, 11.0], '726_696_min_MET_pt': [46.56062316894531, 62.20078659057617], '1024_1015': [0.0, 2088.0], '1024_1015_passing_MET': [0.0, 2046.0], '1024_1015_failing_MET': [0.0, 42.0], '1024_1015_min_MET_pt': [10000000.0, 34.683074951171875], '1024_1016': [0.0, 197.0], '1024_1016_passing_MET': [0.0, 192.0], '1024_1016_failing_MET': [0.0, 5.0], '1024_1016_min_MET_pt': [10000000.0, 77.86849212646484], '1000_976': [180.0, 0.0], '1000_976_passing_MET': [172.0, 0.0], '1000_976_failing_MET': [8.0, 0.0], '1000_976_min_MET_pt': [26.591341018676758, 10000000.0], '976_950': [0.0, 1162.0], '976_950_passing_MET': [0.0, 1127.0], '976_950_failing_MET': [0.0, 35.0], '976_950_min_MET_pt': [10000000.0, 32.75653076171875], '976_945': [940.0, 0.0], '976_945_passing_MET': [917.0, 0.0], '976_945_failing_MET': [23.0, 0.0], '976_945_min_MET_pt': [61.197479248046875, 10000000.0], '976_946': [179.0, 0.0], '976_946_passing_MET': [172.0, 0.0], '976_946_failing_MET': [7.0, 0.0], '976_946_min_MET_pt': [54.268333435058594, 10000000.0], '726_715': [0.0, 1895.0], '726_715_passing_MET': [0.0, 1849.0], '726_715_failing_MET': [0.0, 46.0], '726_715_min_MET_pt': [10000000.0, 38.41282272338867], '726_716': [0.0, 194.0], '726_716_passing_MET': [0.0, 191.0], '726_716_failing_MET': [0.0, 3.0], '726_716_min_MET_pt': [10000000.0, 64.46863555908203], '600_576': [306.0, 0.0], '600_576_passing_MET': [299.0, 0.0], '600_576_failing_MET': [7.0, 0.0], '600_576_min_MET_pt': [24.199031829833984, 10000000.0], '926_915': [989.0, 0.0], '926_915_passing_MET': [968.0, 0.0], '926_915_failing_MET': [21.0, 0.0], '926_915_min_MET_pt': [37.612247467041016, 10000000.0], '926_916': [93.0, 0.0], '926_916_passing_MET': [88.0, 0.0], '926_916_failing_MET': [5.0, 0.0], '926_916_min_MET_pt': [55.05680465698242, 10000000.0], '826_810': [0.0, 1075.0], '826_810_passing_MET': [0.0, 1046.0], '826_810_failing_MET': [0.0, 29.0], '826_810_min_MET_pt': [10000000.0, 17.667463302612305], '526_515': [855.0, 0.0], '526_515_passing_MET': [838.0, 0.0], '526_515_failing_MET': [17.0, 0.0], '526_515_min_MET_pt': [15.046496391296387, 10000000.0], '526_516': [89.0, 0.0], '526_516_passing_MET': [85.0, 0.0], '526_516_failing_MET': [4.0, 0.0], '526_516_min_MET_pt': [79.45368194580078, 10000000.0], '576_556': [0.0, 281.0], '576_556_passing_MET': [0.0, 271.0], '576_556_failing_MET': [0.0, 10.0], '576_556_min_MET_pt': [10000000.0, 72.95462036132812], '576_555': [0.0, 1800.0], '576_555_passing_MET': [0.0, 1753.0], '576_555_failing_MET': [0.0, 47.0], '576_555_min_MET_pt': [10000000.0, 28.407176971435547], '576_565': [1772.0, 1743.0], '576_565_passing_MET': [1722.0, 1704.0], '576_565_failing_MET': [50.0, 39.0], '576_565_min_MET_pt': [37.62910842895508, 7.31331729888916], '576_566': [221.0, 173.0], '576_566_passing_MET': [215.0, 169.0], '576_566_failing_MET': [6.0, 4.0], '576_566_min_MET_pt': [54.547237396240234, 83.29231262207031], '676_645': [1821.0, 0.0], '676_645_passing_MET': [1765.0, 0.0], '676_645_failing_MET': [56.0, 0.0], '676_645_min_MET_pt': [15.888964653015137, 10000000.0], '676_646': [356.0, 0.0], '676_646_passing_MET': [342.0, 0.0], '676_646_failing_MET': [14.0, 0.0], '676_646_min_MET_pt': [67.32723236083984, 10000000.0], '976_965': [2076.0, 2080.0], '976_965_passing_MET': [2035.0, 2030.0], '976_965_failing_MET': [41.0, 50.0], '976_965_min_MET_pt': [58.504859924316406, 8.181396484375], '976_966': [220.0, 201.0], '976_966_passing_MET': [215.0, 194.0], '976_966_failing_MET': [5.0, 7.0], '976_966_min_MET_pt': [65.87890625, 66.09432983398438], '600_586': [0.0, 134.0], '600_586_passing_MET': [0.0, 131.0], '600_586_failing_MET': [0.0, 3.0], '600_586_min_MET_pt': [10000000.0, 60.60021209716797], '826_795': [1951.0, 0.0], '826_795_passing_MET': [1898.0, 0.0], '826_795_failing_MET': [53.0, 0.0], '826_795_min_MET_pt': [8.021557807922363, 10000000.0], '826_796': [359.0, 0.0], '826_796_passing_MET': [345.0, 0.0], '826_796_failing_MET': [14.0, 0.0], '826_796_min_MET_pt': [37.17558670043945, 10000000.0], '1100_1072': [176.0, 0.0], '1100_1072_passing_MET': [168.0, 0.0], '1100_1072_failing_MET': [8.0, 0.0], '1100_1072_min_MET_pt': [58.294044494628906, 10000000.0], '1052_1020': [0.0, 2418.0], '1052_1020_passing_MET': [0.0, 2352.0], '1052_1020_failing_MET': [0.0, 66.0], '1052_1020_min_MET_pt': [10000000.0, 32.05788803100586], '1000_986': [0.0, 140.0], '1000_986_passing_MET': [0.0, 137.0], '1000_986_failing_MET': [0.0, 3.0], '1000_986_min_MET_pt': [10000000.0, 68.40379333496094], '750_736': [0.0, 128.0], '750_736_passing_MET': [0.0, 125.0], '750_736_failing_MET': [0.0, 3.0], '750_736_min_MET_pt': [10000000.0, 78.563720703125], '1100_1084': [0.0, 143.0], '1100_1084_passing_MET': [0.0, 139.0], '1100_1084_failing_MET': [0.0, 4.0], '1100_1084_min_MET_pt': [10000000.0, 65.83032989501953], '776_766': [390.0, 201.0], '776_766_passing_MET': [385.0, 197.0], '776_766_failing_MET': [5.0, 4.0], '776_766_min_MET_pt': [75.77377319335938, 49.69394302368164], '776_765': [3905.0, 2018.0], '776_765_passing_MET': [3821.0, 1959.0], '776_765_failing_MET': [84.0, 59.0], '776_765_min_MET_pt': [17.66035270690918, 32.762996673583984], '1076_1065': [1060.0, 0.0], '1076_1065_passing_MET': [1042.0, 0.0], '1076_1065_failing_MET': [18.0, 0.0], '1076_1065_min_MET_pt': [48.90666961669922, 10000000.0], '1076_1064': [112.0, 0.0], '1076_1064_passing_MET': [110.0, 0.0], '1076_1064_failing_MET': [2.0, 0.0], '1076_1064_min_MET_pt': [91.83098602294922, 10000000.0], '626_605': [0.0, 930.0], '626_605_passing_MET': [0.0, 903.0], '626_605_failing_MET': [0.0, 27.0], '626_605_min_MET_pt': [10000000.0, 43.16053009033203], '626_606': [0.0, 148.0], '626_606_passing_MET': [0.0, 145.0], '626_606_failing_MET': [0.0, 3.0], '626_606_min_MET_pt': [10000000.0, 77.04639434814453], '826_815': [941.0, 960.0], '826_815_passing_MET': [918.0, 937.0], '826_815_failing_MET': [23.0, 23.0], '826_815_min_MET_pt': [49.78267288208008, 30.362380981445312], '826_816': [81.0, 87.0], '826_816_passing_MET': [80.0, 85.0], '826_816_failing_MET': [1.0, 2.0], '826_816_min_MET_pt': [55.08797836303711, 65.58568572998047], '526_500': [2031.0, 0.0], '526_500_passing_MET': [1956.0, 0.0], '526_500_failing_MET': [75.0, 0.0], '526_500_min_MET_pt': [18.2176570892334, 10000000.0], '526_505': [2014.0, 0.0], '526_505_passing_MET': [1953.0, 0.0], '526_505_failing_MET': [61.0, 0.0], '526_505_min_MET_pt': [26.965736389160156, 10000000.0], '626_610': [0.0, 2092.0], '626_610_passing_MET': [0.0, 2035.0], '626_610_failing_MET': [0.0, 57.0], '626_610_min_MET_pt': [10000000.0, 16.624879837036133], '976_960': [1080.0, 0.0], '976_960_passing_MET': [1047.0, 0.0], '976_960_failing_MET': [33.0, 0.0], '976_960_min_MET_pt': [30.623977661132812, 10000000.0], '526_510': [911.0, 1990.0], '526_510_passing_MET': [887.0, 1934.0], '526_510_failing_MET': [24.0, 56.0], '526_510_min_MET_pt': [24.400753021240234, 26.2205810546875], '900_886': [0.0, 136.0], '900_886_passing_MET': [0.0, 136.0], '900_886_failing_MET': [0.0, 0.0], '900_886_min_MET_pt': [10000000.0, 106.26766204833984], '876_850': [0.0, 1158.0], '876_850_passing_MET': [0.0, 1125.0], '876_850_failing_MET': [0.0, 33.0], '876_850_min_MET_pt': [10000000.0, 4.579132080078125], '676_660': [1004.0, 0.0], '676_660_passing_MET': [979.0, 0.0], '676_660_failing_MET': [25.0, 0.0], '676_660_min_MET_pt': [35.34552001953125, 10000000.0], '876_855': [968.0, 0.0], '876_855_passing_MET': [946.0, 0.0], '876_855_failing_MET': [22.0, 0.0], '876_855_min_MET_pt': [25.41274070739746, 10000000.0], '876_856': [159.0, 0.0], '876_856_passing_MET': [154.0, 0.0], '876_856_failing_MET': [5.0, 0.0], '876_856_min_MET_pt': [56.458744049072266, 10000000.0], '1052_1040': [0.0, 1134.0], '1052_1040_passing_MET': [0.0, 1100.0], '1052_1040_failing_MET': [0.0, 34.0], '1052_1040_min_MET_pt': [10000000.0, 19.12792205810547], '650_636': [0.0, 140.0], '650_636_passing_MET': [0.0, 134.0], '650_636_failing_MET': [0.0, 6.0], '650_636_min_MET_pt': [10000000.0, 80.34034729003906]}
nevents_from_dict =  3470268009.5849895
Results saved to /afs/cern.ch/work/m/mleoncoe/private/stop_met_check/outputs_2018/nanoAOD_355.json
done
