000 (9018140.485.000) 01/06 10:56:40 Job submitted from host: <188.185.6.50:9618?addrs=188.185.6.50-9618+[2001-1458-d00-62--100-2b1]-9618&alias=bigbird25.cern.ch&noUDP&sock=schedd_1627_90ad>
...
040 (9018140.485.000) 01/06 11:01:01 Started transferring input files
	Transferring to host: <188.185.192.99:9618?addrs=188.185.192.99-9618+[2001-1458-303-1f--100-5f]-9618&alias=b9p13p7927.cern.ch&noUDP&sock=slot1_43_6996_1096_87974>
...
040 (9018140.485.000) 01/06 11:01:01 Finished transferring input files
...
001 (9018140.485.000) 01/06 11:01:02 Job executing on host: <188.185.192.99:9618?addrs=188.185.192.99-9618+[2001-1458-303-1f--100-5f]-9618&alias=b9p13p7927.cern.ch&noUDP&sock=startd_6476_9369>
	SlotName: slot1_43@b9p13p7927.cern.ch
	CondorScratchDir = "/pool/condor/dir_2398592"
	Cpus = 1
	Disk = 3796
	GPUs = 0
	Memory = 3000
...
006 (9018140.485.000) 01/06 11:01:15 Image size of job updated: 171460
	168  -  MemoryUsage of job (MB)
	171460  -  ResidentSetSize of job (KB)
...
006 (9018140.485.000) 01/06 11:06:15 Image size of job updated: 197956
	194  -  MemoryUsage of job (MB)
	197956  -  ResidentSetSize of job (KB)
...
006 (9018140.485.000) 01/06 11:10:17 Image size of job updated: 198944
	194  -  MemoryUsage of job (MB)
	197956  -  ResidentSetSize of job (KB)
...
040 (9018140.485.000) 01/06 11:10:17 Started transferring output files
...
040 (9018140.485.000) 01/06 11:10:18 Finished transferring output files
...
005 (9018140.485.000) 01/06 11:10:18 Job terminated.
	(1) Normal termination (return value 0)
		Usr 0 00:09:03, Sys 0 00:00:00  -  Run Remote Usage
		Usr 0 00:00:00, Sys 0 00:00:00  -  Run Local Usage
		Usr 0 00:09:03, Sys 0 00:00:00  -  Total Remote Usage
		Usr 0 00:00:00, Sys 0 00:00:00  -  Total Local Usage
	33066  -  Run Bytes Sent By Job
	21436  -  Run Bytes Received By Job
	33066  -  Total Bytes Sent By Job
	21436  -  Total Bytes Received By Job
	Partitionable Resources :    Usage  Request Allocated 
	   Cpus                 :     1.00        1         1 
	   Disk (KB)            :    80          22      3796 
	   GPUs                 :                           0 
	   Memory (MB)          :   194        3000      3000 
	   TimeExecute (s)      :   555                       
	   TimeSlotBusy (s)     :   557                       

	Job terminated of its own accord at 2026-01-06T10:10:17Z with exit-code 0.
...
