i am in this directory
/pool/condor/dir_4155126
Python 3.9.23
3.9.23
 will run this python stop_check_met_eff.py /eos/user/m/mleoncoe/stop_event_check/privateNanoAod2018/nanoAOD_589.root /afs/cern.ch/work/m/mleoncoe/private/stop_met_check/outputs_2018/nanoAOD_589.json
event num1000
event num2000
event num3000
event num4000
event num5000
event num6000
event num7000
event num8000
event num9000
event num10000
event num11000
event num12000
event num13000
event num14000
event num15000
event num16000
event num17000
event num18000
event num19000
event num20000
event num21000
event num22000
event num23000
event num24000
event num25000
event num26000
event num27000
event num28000
event num29000
event num30000
event num31000
event num32000
event num33000
event num34000
event num35000
event num36000
event num37000
event num38000
event num39000
event num40000
event num41000
event num42000
event num43000
event num44000
event num45000
event num46000
event num47000
event num48000
event num49000
event num50000
event num51000
event num52000
event num53000
event num54000
event num55000
event num56000
event num57000
event num58000
event num59000
event num60000
event num61000
event num62000
event num63000
event num64000
event num65000
event num66000
event num67000
event num68000
event num69000
event num70000
event num71000
event num72000
event num73000
event num74000
event num75000
event num76000
event num77000
event num78000
event num79000
event num80000
event num81000
event num82000
event num83000
event num84000
event num85000
event num86000
event num87000
event num88000
event num89000
event num90000
event num91000
event num92000
event num93000
event num94000
event num95000
event num96000
event num97000
event num98000
event num99000
event num100000
event num101000
event num102000
event num103000
event num104000
event num105000
event num106000
event num107000
event num108000
event num109000
event num110000
event num111000
event num112000
event num113000
event num114000
event num115000
event num116000
event num117000
event num118000
event num119000
event num120000
event num121000
event num122000
event num123000
event num124000
event num125000
event num126000
event num127000
event num128000
event num129000
event num130000
event num131000
event num132000
event num133000
event num134000
event num135000
event num136000
event num137000
event num138000
event num139000
event num140000
event num141000
event num142000
event num143000
event num144000
event num145000
event num146000
event num147000
event num148000
event num149000
event num150000
event num151000
event num152000
event num153000
event num154000
event num155000
event num156000
event num157000
event num158000
event num159000
event num160000
event num161000
event num162000
event num163000
event num164000
event num165000
event num166000
event num167000
event num168000
{'250_240': [0.0, 2070.0], '250_240_passing_MET': [0.0, 1996.0], '250_240_failing_MET': [0.0, 74.0], '250_240_min_MET_pt': [10000000.0, 30.36358070373535], '250_235': [0.0, 700.0], '250_235_passing_MET': [0.0, 670.0], '250_235_failing_MET': [0.0, 30.0], '250_235_min_MET_pt': [10000000.0, 37.30986785888672], '250_230': [0.0, 0.0], '250_230_passing_MET': [0.0, 0.0], '250_230_failing_MET': [0.0, 0.0], '250_230_min_MET_pt': [10000000.0, 10000000.0], '250_225': [0.0, 0.0], '250_225_passing_MET': [0.0, 0.0], '250_225_failing_MET': [0.0, 0.0], '250_225_min_MET_pt': [10000000.0, 10000000.0], '250_220': [754.0, 0.0], '250_220_passing_MET': [714.0, 0.0], '250_220_failing_MET': [40.0, 0.0], '250_220_min_MET_pt': [42.52899169921875, 10000000.0], '275_265': [819.0, 0.0], '275_265_passing_MET': [792.0, 0.0], '275_265_failing_MET': [27.0, 0.0], '275_265_min_MET_pt': [21.91832733154297, 10000000.0], '275_260': [0.0, 0.0], '275_260_passing_MET': [0.0, 0.0], '275_260_failing_MET': [0.0, 0.0], '275_260_min_MET_pt': [10000000.0, 10000000.0], '275_255': [773.0, 0.0], '275_255_passing_MET': [740.0, 0.0], '275_255_failing_MET': [33.0, 0.0], '275_255_min_MET_pt': [17.804351806640625, 10000000.0], '275_250': [751.0, 783.0], '275_250_passing_MET': [0.0, 0.0], '275_250_failing_MET': [0.0, 0.0], '275_250_min_MET_pt': [10000000.0, 10000000.0], '275_245': [0.0, 0.0], '275_245_passing_MET': [0.0, 0.0], '275_245_failing_MET': [0.0, 0.0], '275_245_min_MET_pt': [10000000.0, 10000000.0], '300_290': [1559.0, 813.0], '300_290_passing_MET': [0.0, 0.0], '300_290_failing_MET': [0.0, 0.0], '300_290_min_MET_pt': [10000000.0, 10000000.0], '300_285': [751.0, 1528.0], '300_285_passing_MET': [0.0, 0.0], '300_285_failing_MET': [0.0, 0.0], '300_285_min_MET_pt': [10000000.0, 10000000.0], '300_280': [0.0, 0.0], '300_280_passing_MET': [0.0, 0.0], '300_280_failing_MET': [0.0, 0.0], '300_280_min_MET_pt': [10000000.0, 10000000.0], '300_275': [0.0, 815.0], '300_275_passing_MET': [0.0, 766.0], '300_275_failing_MET': [0.0, 49.0], '300_275_min_MET_pt': [10000000.0, 36.33770751953125], '300_270': [0.0, 816.0], '300_270_passing_MET': [0.0, 782.0], '300_270_failing_MET': [0.0, 34.0], '300_270_min_MET_pt': [10000000.0, 25.06191062927246], '325_315': [1621.0, 759.0], '325_315_passing_MET': [0.0, 0.0], '325_315_failing_MET': [0.0, 0.0], '325_315_min_MET_pt': [10000000.0, 10000000.0], '325_310': [1551.0, 0.0], '325_310_passing_MET': [1491.0, 0.0], '325_310_failing_MET': [60.0, 0.0], '325_310_min_MET_pt': [5.518429279327393, 10000000.0], '325_305': [0.0, 0.0], '325_305_passing_MET': [0.0, 0.0], '325_305_failing_MET': [0.0, 0.0], '325_305_min_MET_pt': [10000000.0, 10000000.0], '325_300': [875.0, 0.0], '325_300_passing_MET': [836.0, 0.0], '325_300_failing_MET': [39.0, 0.0], '325_300_min_MET_pt': [54.682804107666016, 10000000.0], '325_295': [1738.0, 926.0], '325_295_passing_MET': [0.0, 0.0], '325_295_failing_MET': [0.0, 0.0], '325_295_min_MET_pt': [10000000.0, 10000000.0], '350_340': [2445.0, 0.0], '350_340_passing_MET': [2355.0, 0.0], '350_340_failing_MET': [90.0, 0.0], '350_340_min_MET_pt': [30.156875610351562, 10000000.0], '350_335': [888.0, 0.0], '350_335_passing_MET': [851.0, 0.0], '350_335_failing_MET': [37.0, 0.0], '350_335_min_MET_pt': [37.56203079223633, 10000000.0], '350_330': [0.0, 0.0], '350_330_passing_MET': [0.0, 0.0], '350_330_failing_MET': [0.0, 0.0], '350_330_min_MET_pt': [10000000.0, 10000000.0], '350_325': [913.0, 934.0], '350_325_passing_MET': [0.0, 0.0], '350_325_failing_MET': [0.0, 0.0], '350_325_min_MET_pt': [10000000.0, 10000000.0], '350_320': [0.0, 930.0], '350_320_passing_MET': [0.0, 891.0], '350_320_failing_MET': [0.0, 39.0], '350_320_min_MET_pt': [10000000.0, 16.277164459228516], '375_365': [0.0, 821.0], '375_365_passing_MET': [0.0, 799.0], '375_365_failing_MET': [0.0, 22.0], '375_365_min_MET_pt': [10000000.0, 11.86251449584961], '375_360': [0.0, 0.0], '375_360_passing_MET': [0.0, 0.0], '375_360_failing_MET': [0.0, 0.0], '375_360_min_MET_pt': [10000000.0, 10000000.0], '375_355': [0.0, 887.0], '375_355_passing_MET': [0.0, 852.0], '375_355_failing_MET': [0.0, 35.0], '375_355_min_MET_pt': [10000000.0, 16.398908615112305], '375_350': [913.0, 0.0], '375_350_passing_MET': [867.0, 0.0], '375_350_failing_MET': [46.0, 0.0], '375_350_min_MET_pt': [29.133586883544922, 10000000.0], '375_345': [0.0, 0.0], '375_345_passing_MET': [0.0, 0.0], '375_345_failing_MET': [0.0, 0.0], '375_345_min_MET_pt': [10000000.0, 10000000.0], '400_390': [875.0, 1735.0], '400_390_passing_MET': [0.0, 0.0], '400_390_failing_MET': [0.0, 0.0], '400_390_min_MET_pt': [10000000.0, 10000000.0], '400_385': [0.0, 0.0], '400_385_passing_MET': [0.0, 0.0], '400_385_failing_MET': [0.0, 0.0], '400_385_min_MET_pt': [10000000.0, 10000000.0], '400_380': [0.0, 894.0], '400_380_passing_MET': [0.0, 861.0], '400_380_failing_MET': [0.0, 33.0], '400_380_min_MET_pt': [10000000.0, 49.507137298583984], '400_375': [1991.0, 928.0], '400_375_passing_MET': [0.0, 0.0], '400_375_failing_MET': [0.0, 0.0], '400_375_min_MET_pt': [10000000.0, 10000000.0], '400_370': [903.0, 917.0], '400_370_passing_MET': [0.0, 0.0], '400_370_failing_MET': [0.0, 0.0], '400_370_min_MET_pt': [10000000.0, 10000000.0], '425_415': [1781.0, 0.0], '425_415_passing_MET': [1738.0, 0.0], '425_415_failing_MET': [43.0, 0.0], '425_415_min_MET_pt': [42.78091812133789, 10000000.0], '425_410': [0.0, 0.0], '425_410_passing_MET': [0.0, 0.0], '425_410_failing_MET': [0.0, 0.0], '425_410_min_MET_pt': [10000000.0, 10000000.0], '425_405': [0.0, 0.0], '425_405_passing_MET': [0.0, 0.0], '425_405_failing_MET': [0.0, 0.0], '425_405_min_MET_pt': [10000000.0, 10000000.0], '425_400': [1879.0, 964.0], '425_400_passing_MET': [0.0, 0.0], '425_400_failing_MET': [0.0, 0.0], '425_400_min_MET_pt': [10000000.0, 10000000.0], '425_395': [0.0, 0.0], '425_395_passing_MET': [0.0, 0.0], '425_395_failing_MET': [0.0, 0.0], '425_395_min_MET_pt': [10000000.0, 10000000.0], '450_440': [977.0, 0.0], '450_440_passing_MET': [942.0, 0.0], '450_440_failing_MET': [35.0, 0.0], '450_440_min_MET_pt': [27.569971084594727, 10000000.0], '450_435': [0.0, 0.0], '450_435_passing_MET': [0.0, 0.0], '450_435_failing_MET': [0.0, 0.0], '450_435_min_MET_pt': [10000000.0, 10000000.0], '450_430': [0.0, 0.0], '450_430_passing_MET': [0.0, 0.0], '450_430_failing_MET': [0.0, 0.0], '450_430_min_MET_pt': [10000000.0, 10000000.0], '450_425': [1003.0, 0.0], '450_425_passing_MET': [973.0, 0.0], '450_425_failing_MET': [30.0, 0.0], '450_425_min_MET_pt': [59.40166473388672, 10000000.0], '450_420': [0.0, 0.0], '450_420_passing_MET': [0.0, 0.0], '450_420_failing_MET': [0.0, 0.0], '450_420_min_MET_pt': [10000000.0, 10000000.0], '475_465': [0.0, 2752.0], '475_465_passing_MET': [0.0, 2676.0], '475_465_failing_MET': [0.0, 76.0], '475_465_min_MET_pt': [10000000.0, 20.000530242919922], '475_460': [0.0, 1884.0], '475_460_passing_MET': [0.0, 1829.0], '475_460_failing_MET': [0.0, 55.0], '475_460_min_MET_pt': [10000000.0, 34.389015197753906], '475_455': [0.0, 955.0], '475_455_passing_MET': [0.0, 922.0], '475_455_failing_MET': [0.0, 33.0], '475_455_min_MET_pt': [10000000.0, 15.862427711486816], '475_450': [0.0, 984.0], '475_450_passing_MET': [0.0, 956.0], '475_450_failing_MET': [0.0, 28.0], '475_450_min_MET_pt': [10000000.0, 24.173112869262695], '475_445': [1008.0, 2041.0], '475_445_passing_MET': [0.0, 0.0], '475_445_failing_MET': [0.0, 0.0], '475_445_min_MET_pt': [10000000.0, 10000000.0], '500_490': [895.0, 902.0], '500_490_passing_MET': [0.0, 0.0], '500_490_failing_MET': [0.0, 0.0], '500_490_min_MET_pt': [10000000.0, 10000000.0], '500_485': [0.0, 957.0], '500_485_passing_MET': [0.0, 929.0], '500_485_failing_MET': [0.0, 28.0], '500_485_min_MET_pt': [10000000.0, 42.71764373779297], '500_480': [967.0, 0.0], '500_480_passing_MET': [948.0, 0.0], '500_480_failing_MET': [19.0, 0.0], '500_480_min_MET_pt': [46.874515533447266, 10000000.0], '500_475': [0.0, 0.0], '500_475_passing_MET': [0.0, 0.0], '500_475_failing_MET': [0.0, 0.0], '500_475_min_MET_pt': [10000000.0, 10000000.0], '500_470': [0.0, 0.0], '500_470_passing_MET': [0.0, 0.0], '500_470_failing_MET': [0.0, 0.0], '500_470_min_MET_pt': [10000000.0, 10000000.0], '525_515': [0.0, 0.0], '525_515_passing_MET': [0.0, 0.0], '525_515_failing_MET': [0.0, 0.0], '525_515_min_MET_pt': [10000000.0, 10000000.0], '525_510': [0.0, 0.0], '525_510_passing_MET': [0.0, 0.0], '525_510_failing_MET': [0.0, 0.0], '525_510_min_MET_pt': [10000000.0, 10000000.0], '525_505': [0.0, 0.0], '525_505_passing_MET': [0.0, 0.0], '525_505_failing_MET': [0.0, 0.0], '525_505_min_MET_pt': [10000000.0, 10000000.0], '525_500': [0.0, 0.0], '525_500_passing_MET': [0.0, 0.0], '525_500_failing_MET': [0.0, 0.0], '525_500_min_MET_pt': [10000000.0, 10000000.0], '525_495': [0.0, 0.0], '525_495_passing_MET': [0.0, 0.0], '525_495_failing_MET': [0.0, 0.0], '525_495_min_MET_pt': [10000000.0, 10000000.0], '550_540': [3008.0, 0.0], '550_540_passing_MET': [2923.0, 0.0], '550_540_failing_MET': [85.0, 0.0], '550_540_min_MET_pt': [36.913509368896484, 10000000.0], '550_535': [0.0, 0.0], '550_535_passing_MET': [0.0, 0.0], '550_535_failing_MET': [0.0, 0.0], '550_535_min_MET_pt': [10000000.0, 10000000.0], '550_530': [0.0, 1040.0], '550_530_passing_MET': [0.0, 1008.0], '550_530_failing_MET': [0.0, 32.0], '550_530_min_MET_pt': [10000000.0, 57.51643753051758], '550_525': [877.0, 0.0], '550_525_passing_MET': [847.0, 0.0], '550_525_failing_MET': [30.0, 0.0], '550_525_min_MET_pt': [47.387542724609375, 10000000.0], '550_520': [1038.0, 1082.0], '550_520_passing_MET': [0.0, 0.0], '550_520_failing_MET': [0.0, 0.0], '550_520_min_MET_pt': [10000000.0, 10000000.0], '575_565': [0.0, 0.0], '575_565_passing_MET': [0.0, 0.0], '575_565_failing_MET': [0.0, 0.0], '575_565_min_MET_pt': [10000000.0, 10000000.0], '575_560': [0.0, 0.0], '575_560_passing_MET': [0.0, 0.0], '575_560_failing_MET': [0.0, 0.0], '575_560_min_MET_pt': [10000000.0, 10000000.0], '575_555': [0.0, 0.0], '575_555_passing_MET': [0.0, 0.0], '575_555_failing_MET': [0.0, 0.0], '575_555_min_MET_pt': [10000000.0, 10000000.0], '575_550': [0.0, 0.0], '575_550_passing_MET': [0.0, 0.0], '575_550_failing_MET': [0.0, 0.0], '575_550_min_MET_pt': [10000000.0, 10000000.0], '575_545': [0.0, 0.0], '575_545_passing_MET': [0.0, 0.0], '575_545_failing_MET': [0.0, 0.0], '575_545_min_MET_pt': [10000000.0, 10000000.0], '600_590': [965.0, 4038.0], '600_590_passing_MET': [0.0, 0.0], '600_590_failing_MET': [0.0, 0.0], '600_590_min_MET_pt': [10000000.0, 10000000.0], '600_585': [0.0, 0.0], '600_585_passing_MET': [0.0, 0.0], '600_585_failing_MET': [0.0, 0.0], '600_585_min_MET_pt': [10000000.0, 10000000.0], '600_580': [0.0, 0.0], '600_580_passing_MET': [0.0, 0.0], '600_580_failing_MET': [0.0, 0.0], '600_580_min_MET_pt': [10000000.0, 10000000.0], '600_575': [0.0, 0.0], '600_575_passing_MET': [0.0, 0.0], '600_575_failing_MET': [0.0, 0.0], '600_575_min_MET_pt': [10000000.0, 10000000.0], '600_570': [0.0, 1049.0], '600_570_passing_MET': [0.0, 1021.0], '600_570_failing_MET': [0.0, 28.0], '600_570_min_MET_pt': [10000000.0, 33.408477783203125], '625_615': [0.0, 0.0], '625_615_passing_MET': [0.0, 0.0], '625_615_failing_MET': [0.0, 0.0], '625_615_min_MET_pt': [10000000.0, 10000000.0], '625_610': [0.0, 0.0], '625_610_passing_MET': [0.0, 0.0], '625_610_failing_MET': [0.0, 0.0], '625_610_min_MET_pt': [10000000.0, 10000000.0], '625_605': [0.0, 0.0], '625_605_passing_MET': [0.0, 0.0], '625_605_failing_MET': [0.0, 0.0], '625_605_min_MET_pt': [10000000.0, 10000000.0], '625_600': [0.0, 0.0], '625_600_passing_MET': [0.0, 0.0], '625_600_failing_MET': [0.0, 0.0], '625_600_min_MET_pt': [10000000.0, 10000000.0], '625_595': [0.0, 0.0], '625_595_passing_MET': [0.0, 0.0], '625_595_failing_MET': [0.0, 0.0], '625_595_min_MET_pt': [10000000.0, 10000000.0], '650_640': [1003.0, 2087.0], '650_640_passing_MET': [0.0, 0.0], '650_640_failing_MET': [0.0, 0.0], '650_640_min_MET_pt': [10000000.0, 10000000.0], '650_635': [0.0, 924.0], '650_635_passing_MET': [0.0, 895.0], '650_635_failing_MET': [0.0, 29.0], '650_635_min_MET_pt': [10000000.0, 26.888612747192383], '650_630': [0.0, 0.0], '650_630_passing_MET': [0.0, 0.0], '650_630_failing_MET': [0.0, 0.0], '650_630_min_MET_pt': [10000000.0, 10000000.0], '650_625': [0.0, 0.0], '650_625_passing_MET': [0.0, 0.0], '650_625_failing_MET': [0.0, 0.0], '650_625_min_MET_pt': [10000000.0, 10000000.0], '650_620': [1085.0, 1102.0], '650_620_passing_MET': [0.0, 0.0], '650_620_failing_MET': [0.0, 0.0], '650_620_min_MET_pt': [10000000.0, 10000000.0], '675_665': [0.0, 0.0], '675_665_passing_MET': [0.0, 0.0], '675_665_failing_MET': [0.0, 0.0], '675_665_min_MET_pt': [10000000.0, 10000000.0], '675_660': [0.0, 0.0], '675_660_passing_MET': [0.0, 0.0], '675_660_failing_MET': [0.0, 0.0], '675_660_min_MET_pt': [10000000.0, 10000000.0], '675_655': [0.0, 0.0], '675_655_passing_MET': [0.0, 0.0], '675_655_failing_MET': [0.0, 0.0], '675_655_min_MET_pt': [10000000.0, 10000000.0], '675_650': [0.0, 0.0], '675_650_passing_MET': [0.0, 0.0], '675_650_failing_MET': [0.0, 0.0], '675_650_min_MET_pt': [10000000.0, 10000000.0], '675_645': [0.0, 0.0], '675_645_passing_MET': [0.0, 0.0], '675_645_failing_MET': [0.0, 0.0], '675_645_min_MET_pt': [10000000.0, 10000000.0], '700_690': [1036.0, 0.0], '700_690_passing_MET': [1006.0, 0.0], '700_690_failing_MET': [30.0, 0.0], '700_690_min_MET_pt': [27.75567626953125, 10000000.0], '700_685': [0.0, 0.0], '700_685_passing_MET': [0.0, 0.0], '700_685_failing_MET': [0.0, 0.0], '700_685_min_MET_pt': [10000000.0, 10000000.0], '700_680': [1051.0, 0.0], '700_680_passing_MET': [1029.0, 0.0], '700_680_failing_MET': [22.0, 0.0], '700_680_min_MET_pt': [35.15831756591797, 10000000.0], '700_675': [973.0, 0.0], '700_675_passing_MET': [943.0, 0.0], '700_675_failing_MET': [30.0, 0.0], '700_675_min_MET_pt': [18.473661422729492, 10000000.0], '700_670': [0.0, 1133.0], '700_670_passing_MET': [0.0, 1096.0], '700_670_failing_MET': [0.0, 37.0], '700_670_min_MET_pt': [10000000.0, 53.28455352783203], '725_715': [0.0, 0.0], '725_715_passing_MET': [0.0, 0.0], '725_715_failing_MET': [0.0, 0.0], '725_715_min_MET_pt': [10000000.0, 10000000.0], '725_710': [0.0, 0.0], '725_710_passing_MET': [0.0, 0.0], '725_710_failing_MET': [0.0, 0.0], '725_710_min_MET_pt': [10000000.0, 10000000.0], '725_705': [0.0, 0.0], '725_705_passing_MET': [0.0, 0.0], '725_705_failing_MET': [0.0, 0.0], '725_705_min_MET_pt': [10000000.0, 10000000.0], '725_700': [0.0, 0.0], '725_700_passing_MET': [0.0, 0.0], '725_700_failing_MET': [0.0, 0.0], '725_700_min_MET_pt': [10000000.0, 10000000.0], '725_695': [0.0, 0.0], '725_695_passing_MET': [0.0, 0.0], '725_695_failing_MET': [0.0, 0.0], '725_695_min_MET_pt': [10000000.0, 10000000.0], '750_740': [0.0, 0.0], '750_740_passing_MET': [0.0, 0.0], '750_740_failing_MET': [0.0, 0.0], '750_740_min_MET_pt': [10000000.0, 10000000.0], '750_735': [0.0, 950.0], '750_735_passing_MET': [0.0, 930.0], '750_735_failing_MET': [0.0, 20.0], '750_735_min_MET_pt': [10000000.0, 37.99695587158203], '750_730': [0.0, 0.0], '750_730_passing_MET': [0.0, 0.0], '750_730_failing_MET': [0.0, 0.0], '750_730_min_MET_pt': [10000000.0, 10000000.0], '750_725': [0.0, 0.0], '750_725_passing_MET': [0.0, 0.0], '750_725_failing_MET': [0.0, 0.0], '750_725_min_MET_pt': [10000000.0, 10000000.0], '750_720': [0.0, 0.0], '750_720_passing_MET': [0.0, 0.0], '750_720_failing_MET': [0.0, 0.0], '750_720_min_MET_pt': [10000000.0, 10000000.0], '775_765': [0.0, 0.0], '775_765_passing_MET': [0.0, 0.0], '775_765_failing_MET': [0.0, 0.0], '775_765_min_MET_pt': [10000000.0, 10000000.0], '775_760': [0.0, 0.0], '775_760_passing_MET': [0.0, 0.0], '775_760_failing_MET': [0.0, 0.0], '775_760_min_MET_pt': [10000000.0, 10000000.0], '775_755': [0.0, 0.0], '775_755_passing_MET': [0.0, 0.0], '775_755_failing_MET': [0.0, 0.0], '775_755_min_MET_pt': [10000000.0, 10000000.0], '775_750': [0.0, 0.0], '775_750_passing_MET': [0.0, 0.0], '775_750_failing_MET': [0.0, 0.0], '775_750_min_MET_pt': [10000000.0, 10000000.0], '775_745': [0.0, 0.0], '775_745_passing_MET': [0.0, 0.0], '775_745_failing_MET': [0.0, 0.0], '775_745_min_MET_pt': [10000000.0, 10000000.0], '800_790': [2169.0, 0.0], '800_790_passing_MET': [2114.0, 0.0], '800_790_failing_MET': [55.0, 0.0], '800_790_min_MET_pt': [2.2036125659942627, 10000000.0], '800_785': [0.0, 0.0], '800_785_passing_MET': [0.0, 0.0], '800_785_failing_MET': [0.0, 0.0], '800_785_min_MET_pt': [10000000.0, 10000000.0], '800_780': [1111.0, 0.0], '800_780_passing_MET': [1082.0, 0.0], '800_780_failing_MET': [29.0, 0.0], '800_780_min_MET_pt': [38.26641845703125, 10000000.0], '800_775': [0.0, 0.0], '800_775_passing_MET': [0.0, 0.0], '800_775_failing_MET': [0.0, 0.0], '800_775_min_MET_pt': [10000000.0, 10000000.0], '800_770': [0.0, 1102.0], '800_770_passing_MET': [0.0, 1065.0], '800_770_failing_MET': [0.0, 37.0], '800_770_min_MET_pt': [10000000.0, 31.629837036132812], '825_815': [0.0, 0.0], '825_815_passing_MET': [0.0, 0.0], '825_815_failing_MET': [0.0, 0.0], '825_815_min_MET_pt': [10000000.0, 10000000.0], '825_810': [0.0, 0.0], '825_810_passing_MET': [0.0, 0.0], '825_810_failing_MET': [0.0, 0.0], '825_810_min_MET_pt': [10000000.0, 10000000.0], '825_805': [0.0, 0.0], '825_805_passing_MET': [0.0, 0.0], '825_805_failing_MET': [0.0, 0.0], '825_805_min_MET_pt': [10000000.0, 10000000.0], '825_800': [0.0, 0.0], '825_800_passing_MET': [0.0, 0.0], '825_800_failing_MET': [0.0, 0.0], '825_800_min_MET_pt': [10000000.0, 10000000.0], '825_795': [0.0, 0.0], '825_795_passing_MET': [0.0, 0.0], '825_795_failing_MET': [0.0, 0.0], '825_795_min_MET_pt': [10000000.0, 10000000.0], '850_840': [1087.0, 2268.0], '850_840_passing_MET': [0.0, 0.0], '850_840_failing_MET': [0.0, 0.0], '850_840_min_MET_pt': [10000000.0, 10000000.0], '850_835': [0.0, 1020.0], '850_835_passing_MET': [0.0, 1000.0], '850_835_failing_MET': [0.0, 20.0], '850_835_min_MET_pt': [10000000.0, 60.991188049316406], '850_830': [1056.0, 0.0], '850_830_passing_MET': [1028.0, 0.0], '850_830_failing_MET': [28.0, 0.0], '850_830_min_MET_pt': [29.924781799316406, 10000000.0], '850_825': [948.0, 0.0], '850_825_passing_MET': [923.0, 0.0], '850_825_failing_MET': [25.0, 0.0], '850_825_min_MET_pt': [35.68653106689453, 10000000.0], '850_820': [0.0, 0.0], '850_820_passing_MET': [0.0, 0.0], '850_820_failing_MET': [0.0, 0.0], '850_820_min_MET_pt': [10000000.0, 10000000.0], '875_865': [0.0, 0.0], '875_865_passing_MET': [0.0, 0.0], '875_865_failing_MET': [0.0, 0.0], '875_865_min_MET_pt': [10000000.0, 10000000.0], '875_860': [0.0, 0.0], '875_860_passing_MET': [0.0, 0.0], '875_860_failing_MET': [0.0, 0.0], '875_860_min_MET_pt': [10000000.0, 10000000.0], '875_855': [0.0, 0.0], '875_855_passing_MET': [0.0, 0.0], '875_855_failing_MET': [0.0, 0.0], '875_855_min_MET_pt': [10000000.0, 10000000.0], '875_850': [0.0, 0.0], '875_850_passing_MET': [0.0, 0.0], '875_850_failing_MET': [0.0, 0.0], '875_850_min_MET_pt': [10000000.0, 10000000.0], '875_845': [0.0, 0.0], '875_845_passing_MET': [0.0, 0.0], '875_845_failing_MET': [0.0, 0.0], '875_845_min_MET_pt': [10000000.0, 10000000.0], '900_890': [1171.0, 0.0], '900_890_passing_MET': [1144.0, 0.0], '900_890_failing_MET': [27.0, 0.0], '900_890_min_MET_pt': [22.055328369140625, 10000000.0], '900_885': [0.0, 1042.0], '900_885_passing_MET': [0.0, 1015.0], '900_885_failing_MET': [0.0, 27.0], '900_885_min_MET_pt': [10000000.0, 34.991477966308594], '900_880': [0.0, 0.0], '900_880_passing_MET': [0.0, 0.0], '900_880_failing_MET': [0.0, 0.0], '900_880_min_MET_pt': [10000000.0, 10000000.0], '900_875': [0.0, 0.0], '900_875_passing_MET': [0.0, 0.0], '900_875_failing_MET': [0.0, 0.0], '900_875_min_MET_pt': [10000000.0, 10000000.0], '900_870': [0.0, 0.0], '900_870_passing_MET': [0.0, 0.0], '900_870_failing_MET': [0.0, 0.0], '900_870_min_MET_pt': [10000000.0, 10000000.0], '925_915': [0.0, 0.0], '925_915_passing_MET': [0.0, 0.0], '925_915_failing_MET': [0.0, 0.0], '925_915_min_MET_pt': [10000000.0, 10000000.0], '925_910': [0.0, 0.0], '925_910_passing_MET': [0.0, 0.0], '925_910_failing_MET': [0.0, 0.0], '925_910_min_MET_pt': [10000000.0, 10000000.0], '925_905': [0.0, 0.0], '925_905_passing_MET': [0.0, 0.0], '925_905_failing_MET': [0.0, 0.0], '925_905_min_MET_pt': [10000000.0, 10000000.0], '925_900': [0.0, 0.0], '925_900_passing_MET': [0.0, 0.0], '925_900_failing_MET': [0.0, 0.0], '925_900_min_MET_pt': [10000000.0, 10000000.0], '925_895': [0.0, 0.0], '925_895_passing_MET': [0.0, 0.0], '925_895_failing_MET': [0.0, 0.0], '925_895_min_MET_pt': [10000000.0, 10000000.0], '950_940': [4432.0, 1132.0], '950_940_passing_MET': [0.0, 0.0], '950_940_failing_MET': [0.0, 0.0], '950_940_min_MET_pt': [10000000.0, 10000000.0], '950_935': [0.0, 0.0], '950_935_passing_MET': [0.0, 0.0], '950_935_failing_MET': [0.0, 0.0], '950_935_min_MET_pt': [10000000.0, 10000000.0], '950_930': [0.0, 0.0], '950_930_passing_MET': [0.0, 0.0], '950_930_failing_MET': [0.0, 0.0], '950_930_min_MET_pt': [10000000.0, 10000000.0], '950_925': [0.0, 0.0], '950_925_passing_MET': [0.0, 0.0], '950_925_failing_MET': [0.0, 0.0], '950_925_min_MET_pt': [10000000.0, 10000000.0], '950_920': [0.0, 1181.0], '950_920_passing_MET': [0.0, 1152.0], '950_920_failing_MET': [0.0, 29.0], '950_920_min_MET_pt': [10000000.0, 21.948877334594727], '975_965': [0.0, 0.0], '975_965_passing_MET': [0.0, 0.0], '975_965_failing_MET': [0.0, 0.0], '975_965_min_MET_pt': [10000000.0, 10000000.0], '975_960': [0.0, 0.0], '975_960_passing_MET': [0.0, 0.0], '975_960_failing_MET': [0.0, 0.0], '975_960_min_MET_pt': [10000000.0, 10000000.0], '975_955': [0.0, 0.0], '975_955_passing_MET': [0.0, 0.0], '975_955_failing_MET': [0.0, 0.0], '975_955_min_MET_pt': [10000000.0, 10000000.0], '975_950': [0.0, 0.0], '975_950_passing_MET': [0.0, 0.0], '975_950_failing_MET': [0.0, 0.0], '975_950_min_MET_pt': [10000000.0, 10000000.0], '975_945': [0.0, 0.0], '975_945_passing_MET': [0.0, 0.0], '975_945_failing_MET': [0.0, 0.0], '975_945_min_MET_pt': [10000000.0, 10000000.0], '1000_990': [1142.0, 1115.0], '1000_990_passing_MET': [0.0, 0.0], '1000_990_failing_MET': [0.0, 0.0], '1000_990_min_MET_pt': [10000000.0, 10000000.0], '1000_985': [0.0, 0.0], '1000_985_passing_MET': [0.0, 0.0], '1000_985_failing_MET': [0.0, 0.0], '1000_985_min_MET_pt': [10000000.0, 10000000.0], '1000_980': [0.0, 0.0], '1000_980_passing_MET': [0.0, 0.0], '1000_980_failing_MET': [0.0, 0.0], '1000_980_min_MET_pt': [10000000.0, 10000000.0], '1000_975': [1022.0, 998.0], '1000_975_passing_MET': [0.0, 0.0], '1000_975_failing_MET': [0.0, 0.0], '1000_975_min_MET_pt': [10000000.0, 10000000.0], '1000_970': [1204.0, 0.0], '1000_970_passing_MET': [1176.0, 0.0], '1000_970_failing_MET': [28.0, 0.0], '1000_970_min_MET_pt': [35.667789459228516, 10000000.0], '1025_1015': [0.0, 0.0], '1025_1015_passing_MET': [0.0, 0.0], '1025_1015_failing_MET': [0.0, 0.0], '1025_1015_min_MET_pt': [10000000.0, 10000000.0], '1025_1010': [0.0, 0.0], '1025_1010_passing_MET': [0.0, 0.0], '1025_1010_failing_MET': [0.0, 0.0], '1025_1010_min_MET_pt': [10000000.0, 10000000.0], '1025_1005': [0.0, 0.0], '1025_1005_passing_MET': [0.0, 0.0], '1025_1005_failing_MET': [0.0, 0.0], '1025_1005_min_MET_pt': [10000000.0, 10000000.0], '1025_1000': [0.0, 0.0], '1025_1000_passing_MET': [0.0, 0.0], '1025_1000_failing_MET': [0.0, 0.0], '1025_1000_min_MET_pt': [10000000.0, 10000000.0], '1025_995': [0.0, 0.0], '1025_995_passing_MET': [0.0, 0.0], '1025_995_failing_MET': [0.0, 0.0], '1025_995_min_MET_pt': [10000000.0, 10000000.0], '1050_1040': [0.0, 0.0], '1050_1040_passing_MET': [0.0, 0.0], '1050_1040_failing_MET': [0.0, 0.0], '1050_1040_min_MET_pt': [10000000.0, 10000000.0], '1050_1035': [0.0, 0.0], '1050_1035_passing_MET': [0.0, 0.0], '1050_1035_failing_MET': [0.0, 0.0], '1050_1035_min_MET_pt': [10000000.0, 10000000.0], '1050_1030': [0.0, 0.0], '1050_1030_passing_MET': [0.0, 0.0], '1050_1030_failing_MET': [0.0, 0.0], '1050_1030_min_MET_pt': [10000000.0, 10000000.0], '1050_1025': [0.0, 0.0], '1050_1025_passing_MET': [0.0, 0.0], '1050_1025_failing_MET': [0.0, 0.0], '1050_1025_min_MET_pt': [10000000.0, 10000000.0], '1050_1020': [0.0, 0.0], '1050_1020_passing_MET': [0.0, 0.0], '1050_1020_failing_MET': [0.0, 0.0], '1050_1020_min_MET_pt': [10000000.0, 10000000.0], '1075_1065': [0.0, 0.0], '1075_1065_passing_MET': [0.0, 0.0], '1075_1065_failing_MET': [0.0, 0.0], '1075_1065_min_MET_pt': [10000000.0, 10000000.0], '1075_1060': [0.0, 0.0], '1075_1060_passing_MET': [0.0, 0.0], '1075_1060_failing_MET': [0.0, 0.0], '1075_1060_min_MET_pt': [10000000.0, 10000000.0], '1075_1055': [0.0, 0.0], '1075_1055_passing_MET': [0.0, 0.0], '1075_1055_failing_MET': [0.0, 0.0], '1075_1055_min_MET_pt': [10000000.0, 10000000.0], '1075_1050': [0.0, 0.0], '1075_1050_passing_MET': [0.0, 0.0], '1075_1050_failing_MET': [0.0, 0.0], '1075_1050_min_MET_pt': [10000000.0, 10000000.0], '1075_1045': [0.0, 0.0], '1075_1045_passing_MET': [0.0, 0.0], '1075_1045_failing_MET': [0.0, 0.0], '1075_1045_min_MET_pt': [10000000.0, 10000000.0], '1100_1090': [0.0, 1059.0], '1100_1090_passing_MET': [0.0, 1029.0], '1100_1090_failing_MET': [0.0, 30.0], '1100_1090_min_MET_pt': [10000000.0, 27.535228729248047], '1100_1085': [0.0, 0.0], '1100_1085_passing_MET': [0.0, 0.0], '1100_1085_failing_MET': [0.0, 0.0], '1100_1085_min_MET_pt': [10000000.0, 10000000.0], '1100_1080': [1156.0, 0.0], '1100_1080_passing_MET': [1132.0, 0.0], '1100_1080_failing_MET': [24.0, 0.0], '1100_1080_min_MET_pt': [22.156307220458984, 10000000.0], '1100_1075': [2081.0, 0.0], '1100_1075_passing_MET': [2031.0, 0.0], '1100_1075_failing_MET': [50.0, 0.0], '1100_1075_min_MET_pt': [32.30811309814453, 10000000.0], '1100_1070': [0.0, 0.0], '1100_1070_passing_MET': [0.0, 0.0], '1100_1070_failing_MET': [0.0, 0.0], '1100_1070_min_MET_pt': [10000000.0, 10000000.0], 'nEventsTotal': 168166.0, 'strange masspoints': 0.0, 'orphans': 0.0, 'R-hadron event': 0.0, 'different stop antistop masses': 0.0, 'strange error': 0.0, 'strange event': 0.0, 'different neutralino masses': 10960.0, 'large differences': 0.0, '776_755': [974.0, 957.0], '776_755_passing_MET': [953.0, 929.0], '776_755_failing_MET': [21.0, 28.0], '776_755_min_MET_pt': [36.402740478515625, 14.309414863586426], '776_756': [169.0, 176.0], '776_756_passing_MET': [163.0, 166.0], '776_756_failing_MET': [6.0, 10.0], '776_756_min_MET_pt': [70.36422729492188, 39.03971862792969], '926_905': [1036.0, 0.0], '926_905_passing_MET': [1017.0, 0.0], '926_905_failing_MET': [19.0, 0.0], '926_905_min_MET_pt': [6.1500020027160645, 10000000.0], '926_906': [156.0, 0.0], '926_906_passing_MET': [155.0, 0.0], '926_906_failing_MET': [1.0, 0.0], '926_906_min_MET_pt': [94.95582580566406, 10000000.0], '850_836': [0.0, 139.0], '850_836_passing_MET': [0.0, 137.0], '850_836_failing_MET': [0.0, 2.0], '850_836_min_MET_pt': [10000000.0, 83.91011047363281], '676_650': [3336.0, 0.0], '676_650_passing_MET': [3246.0, 0.0], '676_650_failing_MET': [90.0, 0.0], '676_650_min_MET_pt': [16.111337661743164, 10000000.0], '726_715': [1895.0, 0.0], '726_715_passing_MET': [1842.0, 0.0], '726_715_failing_MET': [53.0, 0.0], '726_715_min_MET_pt': [17.15011978149414, 10000000.0], '726_716': [195.0, 0.0], '726_716_passing_MET': [190.0, 0.0], '726_716_failing_MET': [5.0, 0.0], '726_716_min_MET_pt': [24.734237670898438, 10000000.0], '876_850': [1163.0, 1199.0], '876_850_passing_MET': [1134.0, 1169.0], '876_850_failing_MET': [29.0, 30.0], '876_850_min_MET_pt': [34.80780792236328, 20.336936950683594], '726_705': [957.0, 1878.0], '726_705_passing_MET': [932.0, 1835.0], '726_705_failing_MET': [25.0, 43.0], '726_705_min_MET_pt': [25.997323989868164, 26.176340103149414], '726_706': [137.0, 321.0], '726_706_passing_MET': [131.0, 309.0], '726_706_failing_MET': [6.0, 12.0], '726_706_min_MET_pt': [29.01763343811035, 29.68644142150879], '1024_1015': [0.0, 1011.0], '1024_1015_passing_MET': [0.0, 977.0], '1024_1015_failing_MET': [0.0, 34.0], '1024_1015_min_MET_pt': [10000000.0, 32.83283615112305], '1024_1016': [0.0, 87.0], '1024_1016_passing_MET': [0.0, 85.0], '1024_1016_failing_MET': [0.0, 2.0], '1024_1016_min_MET_pt': [10000000.0, 86.64976501464844], '926_900': [1187.0, 0.0], '926_900_passing_MET': [1155.0, 0.0], '926_900_failing_MET': [32.0, 0.0], '926_900_min_MET_pt': [35.018985748291016, 10000000.0], '976_965': [2069.0, 1031.0], '976_965_passing_MET': [2030.0, 1015.0], '976_965_failing_MET': [39.0, 16.0], '976_965_min_MET_pt': [24.2946834564209, 51.99894332885742], '976_966': [194.0, 106.0], '976_966_passing_MET': [190.0, 106.0], '976_966_failing_MET': [4.0, 0.0], '976_966_min_MET_pt': [59.01914596557617, 108.72598266601562], '676_665': [1816.0, 1826.0], '676_665_passing_MET': [1765.0, 1779.0], '676_665_failing_MET': [51.0, 47.0], '676_665_min_MET_pt': [24.403066635131836, 22.236351013183594], '676_666': [196.0, 198.0], '676_666_passing_MET': [193.0, 194.0], '676_666_failing_MET': [3.0, 4.0], '676_666_min_MET_pt': [83.48460388183594, 24.39113426208496], '526_515': [0.0, 920.0], '526_515_passing_MET': [0.0, 892.0], '526_515_failing_MET': [0.0, 28.0], '526_515_min_MET_pt': [10000000.0, 10.874464988708496], '526_516': [0.0, 73.0], '526_516_passing_MET': [0.0, 71.0], '526_516_failing_MET': [0.0, 2.0], '526_516_min_MET_pt': [10000000.0, 76.73115539550781], '1100_1076': [383.0, 0.0], '1100_1076_passing_MET': [373.0, 0.0], '1100_1076_failing_MET': [10.0, 0.0], '1100_1076_min_MET_pt': [65.11531829833984, 10000000.0], '926_910': [0.0, 1183.0], '926_910_passing_MET': [0.0, 1158.0], '926_910_failing_MET': [0.0, 25.0], '926_910_min_MET_pt': [10000000.0, 13.91673469543457], '726_696': [0.0, 174.0], '726_696_passing_MET': [0.0, 168.0], '726_696_failing_MET': [0.0, 6.0], '726_696_min_MET_pt': [10000000.0, 69.25015258789062], '726_695': [0.0, 923.0], '726_695_passing_MET': [0.0, 891.0], '726_695_failing_MET': [0.0, 32.0], '726_695_min_MET_pt': [10000000.0, 32.325157165527344], '826_810': [1114.0, 0.0], '826_810_passing_MET': [1076.0, 0.0], '826_810_failing_MET': [38.0, 0.0], '826_810_min_MET_pt': [11.852766036987305, 10000000.0], '926_915': [1011.0, 2003.0], '926_915_passing_MET': [993.0, 1951.0], '926_915_failing_MET': [18.0, 52.0], '926_915_min_MET_pt': [41.968379974365234, 31.234153747558594], '926_916': [101.0, 202.0], '926_916_passing_MET': [97.0, 199.0], '926_916_failing_MET': [4.0, 3.0], '926_916_min_MET_pt': [24.224868774414062, 56.1463623046875], '1076_1064': [110.0, 0.0], '1076_1064_passing_MET': [105.0, 0.0], '1076_1064_failing_MET': [5.0, 0.0], '1076_1064_min_MET_pt': [72.23883056640625, 10000000.0], '1076_1065': [1028.0, 0.0], '1076_1065_passing_MET': [1011.0, 0.0], '1076_1065_failing_MET': [17.0, 0.0], '1076_1065_min_MET_pt': [48.79670333862305, 10000000.0], '676_645': [0.0, 939.0], '676_645_passing_MET': [0.0, 909.0], '676_645_failing_MET': [0.0, 30.0], '676_645_min_MET_pt': [10000000.0, 55.25347900390625], '676_646': [0.0, 172.0], '676_646_passing_MET': [0.0, 165.0], '676_646_failing_MET': [0.0, 7.0], '676_646_min_MET_pt': [10000000.0, 56.73085403442383], '1100_1092': [0.0, 88.0], '1100_1092_passing_MET': [0.0, 86.0], '1100_1092_failing_MET': [0.0, 2.0], '1100_1092_min_MET_pt': [10000000.0, 61.650760650634766], '876_860': [0.0, 1170.0], '876_860_passing_MET': [0.0, 1146.0], '876_860_failing_MET': [0.0, 24.0], '876_860_min_MET_pt': [10000000.0, 21.971586227416992], '976_950': [1166.0, 0.0], '976_950_passing_MET': [1146.0, 0.0], '976_950_failing_MET': [20.0, 0.0], '976_950_min_MET_pt': [35.97297286987305, 10000000.0], '776_745': [0.0, 952.0], '776_745_passing_MET': [0.0, 927.0], '776_745_failing_MET': [0.0, 25.0], '776_745_min_MET_pt': [10000000.0, 13.344754219055176], '776_746': [0.0, 182.0], '776_746_passing_MET': [0.0, 176.0], '776_746_failing_MET': [0.0, 6.0], '776_746_min_MET_pt': [10000000.0, 68.46768951416016], '576_565': [917.0, 1802.0], '576_565_passing_MET': [892.0, 1755.0], '576_565_failing_MET': [25.0, 47.0], '576_565_min_MET_pt': [34.61519241333008, 21.278095245361328], '576_566': [79.0, 194.0], '576_566_passing_MET': [77.0, 189.0], '576_566_failing_MET': [2.0, 5.0], '576_566_min_MET_pt': [79.45730590820312, 40.887908935546875], '1000_976': [178.0, 166.0], '1000_976_passing_MET': [168.0, 165.0], '1000_976_failing_MET': [10.0, 1.0], '1000_976_min_MET_pt': [25.263938903808594, 79.9346694946289], '750_736': [0.0, 140.0], '750_736_passing_MET': [0.0, 136.0], '750_736_failing_MET': [0.0, 4.0], '750_736_min_MET_pt': [10000000.0, 10.584821701049805], '700_676': [166.0, 0.0], '700_676_passing_MET': [161.0, 0.0], '700_676_failing_MET': [5.0, 0.0], '700_676_min_MET_pt': [73.4020004272461, 10000000.0], '650_636': [0.0, 137.0], '650_636_passing_MET': [0.0, 132.0], '650_636_failing_MET': [0.0, 5.0], '650_636_min_MET_pt': [10000000.0, 68.21057891845703], '1024_1005': [0.0, 971.0], '1024_1005_passing_MET': [0.0, 941.0], '1024_1005_failing_MET': [0.0, 30.0], '1024_1005_min_MET_pt': [10000000.0, 18.022354125976562], '1024_1006': [0.0, 158.0], '1024_1006_passing_MET': [0.0, 157.0], '1024_1006_failing_MET': [0.0, 1.0], '1024_1006_min_MET_pt': [10000000.0, 92.8089370727539], '976_955': [971.0, 974.0], '976_955_passing_MET': [951.0, 954.0], '976_955_failing_MET': [20.0, 20.0], '976_955_min_MET_pt': [30.513957977294922, 62.27850341796875], '976_956': [161.0, 182.0], '976_956_passing_MET': [158.0, 180.0], '976_956_failing_MET': [3.0, 2.0], '976_956_min_MET_pt': [59.66193389892578, 50.42949676513672], '826_815': [0.0, 999.0], '826_815_passing_MET': [0.0, 982.0], '826_815_failing_MET': [0.0, 17.0], '826_815_min_MET_pt': [10000000.0, 8.41878604888916], '826_816': [0.0, 107.0], '826_816_passing_MET': [0.0, 103.0], '826_816_failing_MET': [0.0, 4.0], '826_816_min_MET_pt': [10000000.0, 53.594966888427734], '626_600': [0.0, 1036.0], '626_600_passing_MET': [0.0, 998.0], '626_600_failing_MET': [0.0, 38.0], '626_600_min_MET_pt': [10000000.0, 31.529993057250977], '1052_1040': [1167.0, 1139.0], '1052_1040_passing_MET': [1139.0, 1118.0], '1052_1040_failing_MET': [28.0, 21.0], '1052_1040_min_MET_pt': [13.772770881652832, 33.21519088745117], '550_526': [167.0, 0.0], '550_526_passing_MET': [159.0, 0.0], '550_526_failing_MET': [8.0, 0.0], '550_526_min_MET_pt': [38.81541061401367, 10000000.0], '776_760': [1121.0, 0.0], '776_760_passing_MET': [1095.0, 0.0], '776_760_failing_MET': [26.0, 0.0], '776_760_min_MET_pt': [26.708290100097656, 10000000.0], '876_855': [0.0, 982.0], '876_855_passing_MET': [0.0, 952.0], '876_855_failing_MET': [0.0, 30.0], '876_855_min_MET_pt': [10000000.0, 36.63776779174805], '876_856': [0.0, 140.0], '876_856_passing_MET': [0.0, 139.0], '876_856_failing_MET': [0.0, 1.0], '876_856_min_MET_pt': [10000000.0, 94.57111358642578], '976_945': [0.0, 975.0], '976_945_passing_MET': [0.0, 949.0], '976_945_failing_MET': [0.0, 26.0], '976_945_min_MET_pt': [10000000.0, 38.311988830566406], '976_946': [0.0, 215.0], '976_946_passing_MET': [0.0, 210.0], '976_946_failing_MET': [0.0, 5.0], '976_946_min_MET_pt': [10000000.0, 76.30474090576172], '850_826': [184.0, 0.0], '850_826_passing_MET': [182.0, 0.0], '850_826_failing_MET': [2.0, 0.0], '850_826_min_MET_pt': [82.10482788085938, 10000000.0], '626_615': [0.0, 904.0], '626_615_passing_MET': [0.0, 876.0], '626_615_failing_MET': [0.0, 28.0], '626_615_min_MET_pt': [10000000.0, 27.787635803222656], '626_616': [0.0, 87.0], '626_616_passing_MET': [0.0, 85.0], '626_616_failing_MET': [0.0, 2.0], '626_616_min_MET_pt': [10000000.0, 71.40723419189453], '900_886': [0.0, 134.0], '900_886_passing_MET': [0.0, 128.0], '900_886_failing_MET': [0.0, 6.0], '900_886_min_MET_pt': [10000000.0, 37.11766052246094], '576_556': [143.0, 0.0], '576_556_passing_MET': [141.0, 0.0], '576_556_failing_MET': [2.0, 0.0], '576_556_min_MET_pt': [82.15898895263672, 10000000.0], '576_555': [941.0, 0.0], '576_555_passing_MET': [914.0, 0.0], '576_555_failing_MET': [27.0, 0.0], '576_555_min_MET_pt': [47.88296127319336, 10000000.0], '576_560': [964.0, 0.0], '576_560_passing_MET': [930.0, 0.0], '576_560_failing_MET': [34.0, 0.0], '576_560_min_MET_pt': [31.286466598510742, 10000000.0]}
nevents_from_dict =  3480287737.5925756
Results saved to /afs/cern.ch/work/m/mleoncoe/private/stop_met_check/outputs_2018/nanoAOD_589.json
done
