000 (9018140.227.000) 01/06 10:56:26 Job submitted from host: <188.185.6.50:9618?addrs=188.185.6.50-9618+[2001-1458-d00-62--100-2b1]-9618&alias=bigbird25.cern.ch&noUDP&sock=schedd_1627_90ad>
...
040 (9018140.227.000) 01/06 10:59:40 Started transferring input files
	Transferring to host: <188.185.214.99:9618?addrs=188.185.214.99-9618+[2001-1458-303-1c--100-5f]-9618&alias=b9p29p6860.cern.ch&noUDP&sock=slot1_10_9808_5f88_114593>
...
040 (9018140.227.000) 01/06 10:59:40 Finished transferring input files
...
001 (9018140.227.000) 01/06 10:59:41 Job executing on host: <188.185.214.99:9618?addrs=188.185.214.99-9618+[2001-1458-303-1c--100-5f]-9618&alias=b9p29p6860.cern.ch&noUDP&sock=startd_8893_6fd1>
	SlotName: slot1_10@b9p29p6860.cern.ch
	CondorScratchDir = "/pool/condor/dir_3701354"
	Cpus = 1
	Disk = 3861
	GPUs = 0
	Memory = 3000
...
006 (9018140.227.000) 01/06 10:59:55 Image size of job updated: 93616
	92  -  MemoryUsage of job (MB)
	93616  -  ResidentSetSize of job (KB)
...
006 (9018140.227.000) 01/06 11:04:56 Image size of job updated: 214436
	210  -  MemoryUsage of job (MB)
	214436  -  ResidentSetSize of job (KB)
...
006 (9018140.227.000) 01/06 11:09:56 Image size of job updated: 214596
	210  -  MemoryUsage of job (MB)
	214596  -  ResidentSetSize of job (KB)
...
006 (9018140.227.000) 01/06 11:14:56 Image size of job updated: 214612
	210  -  MemoryUsage of job (MB)
	214612  -  ResidentSetSize of job (KB)
...
006 (9018140.227.000) 01/06 11:19:57 Image size of job updated: 214932
	210  -  MemoryUsage of job (MB)
	214932  -  ResidentSetSize of job (KB)
...
006 (9018140.227.000) 01/06 11:24:57 Image size of job updated: 215132
	211  -  MemoryUsage of job (MB)
	215132  -  ResidentSetSize of job (KB)
...
006 (9018140.227.000) 01/06 11:29:57 Image size of job updated: 215200
	211  -  MemoryUsage of job (MB)
	215200  -  ResidentSetSize of job (KB)
...
006 (9018140.227.000) 01/06 11:34:58 Image size of job updated: 215204
	211  -  MemoryUsage of job (MB)
	215204  -  ResidentSetSize of job (KB)
...
006 (9018140.227.000) 01/06 11:39:58 Image size of job updated: 215216
	211  -  MemoryUsage of job (MB)
	215216  -  ResidentSetSize of job (KB)
...
006 (9018140.227.000) 01/06 11:50:00 Image size of job updated: 215224
	211  -  MemoryUsage of job (MB)
	215224  -  ResidentSetSize of job (KB)
...
006 (9018140.227.000) 01/06 12:00:01 Image size of job updated: 215256
	211  -  MemoryUsage of job (MB)
	215256  -  ResidentSetSize of job (KB)
...
006 (9018140.227.000) 01/06 12:05:02 Image size of job updated: 215260
	211  -  MemoryUsage of job (MB)
	215260  -  ResidentSetSize of job (KB)
...
006 (9018140.227.000) 01/06 12:10:02 Image size of job updated: 215264
	211  -  MemoryUsage of job (MB)
	215264  -  ResidentSetSize of job (KB)
...
006 (9018140.227.000) 01/06 12:20:04 Image size of job updated: 215268
	211  -  MemoryUsage of job (MB)
	215268  -  ResidentSetSize of job (KB)
...
006 (9018140.227.000) 01/06 12:25:04 Image size of job updated: 215272
	211  -  MemoryUsage of job (MB)
	215272  -  ResidentSetSize of job (KB)
...
006 (9018140.227.000) 01/06 12:30:05 Image size of job updated: 215276
	211  -  MemoryUsage of job (MB)
	215276  -  ResidentSetSize of job (KB)
...
006 (9018140.227.000) 01/06 12:40:05 Image size of job updated: 215280
	211  -  MemoryUsage of job (MB)
	215280  -  ResidentSetSize of job (KB)
...
006 (9018140.227.000) 01/06 12:45:06 Image size of job updated: 215284
	211  -  MemoryUsage of job (MB)
	215284  -  ResidentSetSize of job (KB)
...
006 (9018140.227.000) 01/06 12:50:06 Image size of job updated: 215292
	211  -  MemoryUsage of job (MB)
	215292  -  ResidentSetSize of job (KB)
...
006 (9018140.227.000) 01/06 12:55:06 Image size of job updated: 215296
	211  -  MemoryUsage of job (MB)
	215296  -  ResidentSetSize of job (KB)
...
006 (9018140.227.000) 01/06 13:00:07 Image size of job updated: 215300
	211  -  MemoryUsage of job (MB)
	215300  -  ResidentSetSize of job (KB)
...
006 (9018140.227.000) 01/06 13:02:43 Image size of job updated: 215340
	211  -  MemoryUsage of job (MB)
	215300  -  ResidentSetSize of job (KB)
...
040 (9018140.227.000) 01/06 13:02:43 Started transferring output files
...
040 (9018140.227.000) 01/06 13:02:44 Finished transferring output files
...
005 (9018140.227.000) 01/06 13:02:44 Job terminated.
	(1) Normal termination (return value 0)
		Usr 0 01:59:56, Sys 0 00:00:11  -  Run Remote Usage
		Usr 0 00:00:00, Sys 0 00:00:00  -  Run Local Usage
		Usr 0 01:59:56, Sys 0 00:00:11  -  Total Remote Usage
		Usr 0 00:00:00, Sys 0 00:00:00  -  Total Local Usage
	42312  -  Run Bytes Sent By Job
	21436  -  Run Bytes Received By Job
	42312  -  Total Bytes Sent By Job
	21436  -  Total Bytes Received By Job
	Partitionable Resources :    Usage  Request Allocated 
	   Cpus                 :     0.99        1         1 
	   Disk (KB)            :    90          22      3861 
	   GPUs                 :                           0 
	   Memory (MB)          :   211        3000      3000 
	   TimeExecute (s)      :  7382                       
	   TimeSlotBusy (s)     :  7385                       

	Job terminated of its own accord at 2026-01-06T12:02:43Z with exit-code 0.
...
