i am in this directory
/pool/condor/dir_2481607
Python 3.9.23
3.9.23
 will run this python stop_check_met_eff.py /eos/user/m/mleoncoe/stop_event_check/privateNanoAod2018/nanoAOD_163.root /afs/cern.ch/work/m/mleoncoe/private/stop_met_check/outputs_2018/nanoAOD_163.json
event num1000
event num2000
event num3000
event num4000
event num5000
event num6000
event num7000
event num8000
event num9000
event num10000
event num11000
event num12000
event num13000
event num14000
event num15000
event num16000
event num17000
event num18000
event num19000
event num20000
event num21000
event num22000
event num23000
event num24000
event num25000
event num26000
event num27000
event num28000
event num29000
event num30000
event num31000
event num32000
event num33000
event num34000
event num35000
event num36000
event num37000
event num38000
event num39000
event num40000
event num41000
event num42000
event num43000
event num44000
event num45000
event num46000
event num47000
event num48000
event num49000
event num50000
event num51000
event num52000
event num53000
event num54000
event num55000
event num56000
event num57000
event num58000
event num59000
event num60000
event num61000
event num62000
event num63000
event num64000
event num65000
event num66000
event num67000
event num68000
event num69000
event num70000
event num71000
event num72000
event num73000
event num74000
event num75000
event num76000
event num77000
event num78000
event num79000
event num80000
event num81000
event num82000
event num83000
event num84000
R-hadrond found
R-hadrond found
event num85000
event num86000
event num87000
event num88000
event num89000
event num90000
event num91000
event num92000
event num93000
event num94000
event num95000
event num96000
event num97000
event num98000
event num99000
event num100000
event num101000
event num102000
event num103000
event num104000
event num105000
event num106000
event num107000
event num108000
event num109000
event num110000
event num111000
event num112000
event num113000
event num114000
event num115000
event num116000
event num117000
event num118000
event num119000
event num120000
event num121000
event num122000
event num123000
event num124000
event num125000
event num126000
event num127000
event num128000
event num129000
event num130000
event num131000
event num132000
event num133000
event num134000
event num135000
event num136000
event num137000
event num138000
event num139000
event num140000
event num141000
event num142000
event num143000
event num144000
{'250_240': [2107.0, 0.0], '250_240_passing_MET': [2031.0, 0.0], '250_240_failing_MET': [76.0, 0.0], '250_240_min_MET_pt': [32.01304244995117, 10000000.0], '250_235': [0.0, 1394.0], '250_235_passing_MET': [0.0, 1329.0], '250_235_failing_MET': [0.0, 65.0], '250_235_min_MET_pt': [10000000.0, 11.893155097961426], '250_230': [757.0, 1418.0], '250_230_passing_MET': [0.0, 0.0], '250_230_failing_MET': [0.0, 0.0], '250_230_min_MET_pt': [10000000.0, 10000000.0], '250_225': [740.0, 742.0], '250_225_passing_MET': [0.0, 0.0], '250_225_failing_MET': [0.0, 0.0], '250_225_min_MET_pt': [10000000.0, 10000000.0], '250_220': [0.0, 0.0], '250_220_passing_MET': [0.0, 0.0], '250_220_failing_MET': [0.0, 0.0], '250_220_min_MET_pt': [10000000.0, 10000000.0], '275_265': [0.0, 742.0], '275_265_passing_MET': [0.0, 717.0], '275_265_failing_MET': [0.0, 25.0], '275_265_min_MET_pt': [10000000.0, 48.078277587890625], '275_260': [0.0, 780.0], '275_260_passing_MET': [0.0, 754.0], '275_260_failing_MET': [0.0, 26.0], '275_260_min_MET_pt': [10000000.0, 37.46121597290039], '275_255': [724.0, 0.0], '275_255_passing_MET': [694.0, 0.0], '275_255_failing_MET': [30.0, 0.0], '275_255_min_MET_pt': [56.098960876464844, 10000000.0], '275_250': [732.0, 0.0], '275_250_passing_MET': [689.0, 0.0], '275_250_failing_MET': [43.0, 0.0], '275_250_min_MET_pt': [32.32777786254883, 10000000.0], '275_245': [0.0, 0.0], '275_245_passing_MET': [0.0, 0.0], '275_245_failing_MET': [0.0, 0.0], '275_245_min_MET_pt': [10000000.0, 10000000.0], '300_290': [0.0, 0.0], '300_290_passing_MET': [0.0, 0.0], '300_290_failing_MET': [0.0, 0.0], '300_290_min_MET_pt': [10000000.0, 10000000.0], '300_285': [0.0, 836.0], '300_285_passing_MET': [0.0, 800.0], '300_285_failing_MET': [0.0, 36.0], '300_285_min_MET_pt': [10000000.0, 52.96567153930664], '300_280': [0.0, 0.0], '300_280_passing_MET': [0.0, 0.0], '300_280_failing_MET': [0.0, 0.0], '300_280_min_MET_pt': [10000000.0, 10000000.0], '300_275': [0.0, 0.0], '300_275_passing_MET': [0.0, 0.0], '300_275_failing_MET': [0.0, 0.0], '300_275_min_MET_pt': [10000000.0, 10000000.0], '300_270': [0.0, 860.0], '300_270_passing_MET': [0.0, 804.0], '300_270_failing_MET': [0.0, 56.0], '300_270_min_MET_pt': [10000000.0, 30.80304527282715], '325_315': [0.0, 0.0], '325_315_passing_MET': [0.0, 0.0], '325_315_failing_MET': [0.0, 0.0], '325_315_min_MET_pt': [10000000.0, 10000000.0], '325_310': [856.0, 841.0], '325_310_passing_MET': [0.0, 0.0], '325_310_failing_MET': [0.0, 0.0], '325_310_min_MET_pt': [10000000.0, 10000000.0], '325_305': [0.0, 0.0], '325_305_passing_MET': [0.0, 0.0], '325_305_failing_MET': [0.0, 0.0], '325_305_min_MET_pt': [10000000.0, 10000000.0], '325_300': [871.0, 837.0], '325_300_passing_MET': [0.0, 0.0], '325_300_failing_MET': [0.0, 0.0], '325_300_min_MET_pt': [10000000.0, 10000000.0], '325_295': [0.0, 0.0], '325_295_passing_MET': [0.0, 0.0], '325_295_failing_MET': [0.0, 0.0], '325_295_min_MET_pt': [10000000.0, 10000000.0], '350_340': [872.0, 864.0], '350_340_passing_MET': [0.0, 0.0], '350_340_failing_MET': [0.0, 0.0], '350_340_min_MET_pt': [10000000.0, 10000000.0], '350_335': [0.0, 0.0], '350_335_passing_MET': [0.0, 0.0], '350_335_failing_MET': [0.0, 0.0], '350_335_min_MET_pt': [10000000.0, 10000000.0], '350_330': [878.0, 871.0], '350_330_passing_MET': [0.0, 0.0], '350_330_failing_MET': [0.0, 0.0], '350_330_min_MET_pt': [10000000.0, 10000000.0], '350_325': [1775.0, 0.0], '350_325_passing_MET': [1704.0, 0.0], '350_325_failing_MET': [71.0, 0.0], '350_325_min_MET_pt': [18.865219116210938, 10000000.0], '350_320': [0.0, 893.0], '350_320_passing_MET': [0.0, 849.0], '350_320_failing_MET': [0.0, 44.0], '350_320_min_MET_pt': [10000000.0, 37.78788375854492], '375_365': [1739.0, 1743.0], '375_365_passing_MET': [0.0, 0.0], '375_365_failing_MET': [0.0, 0.0], '375_365_min_MET_pt': [10000000.0, 10000000.0], '375_360': [0.0, 0.0], '375_360_passing_MET': [0.0, 0.0], '375_360_failing_MET': [0.0, 0.0], '375_360_min_MET_pt': [10000000.0, 10000000.0], '375_355': [914.0, 0.0], '375_355_passing_MET': [884.0, 0.0], '375_355_failing_MET': [30.0, 0.0], '375_355_min_MET_pt': [47.18911361694336, 10000000.0], '375_350': [0.0, 0.0], '375_350_passing_MET': [0.0, 0.0], '375_350_failing_MET': [0.0, 0.0], '375_350_min_MET_pt': [10000000.0, 10000000.0], '375_345': [942.0, 942.0], '375_345_passing_MET': [0.0, 0.0], '375_345_failing_MET': [0.0, 0.0], '375_345_min_MET_pt': [10000000.0, 10000000.0], '400_390': [1817.0, 1837.0], '400_390_passing_MET': [0.0, 0.0], '400_390_failing_MET': [0.0, 0.0], '400_390_min_MET_pt': [10000000.0, 10000000.0], '400_385': [0.0, 0.0], '400_385_passing_MET': [0.0, 0.0], '400_385_failing_MET': [0.0, 0.0], '400_385_min_MET_pt': [10000000.0, 10000000.0], '400_380': [0.0, 918.0], '400_380_passing_MET': [0.0, 890.0], '400_380_failing_MET': [0.0, 28.0], '400_380_min_MET_pt': [10000000.0, 22.227346420288086], '400_375': [917.0, 947.0], '400_375_passing_MET': [0.0, 0.0], '400_375_failing_MET': [0.0, 0.0], '400_375_min_MET_pt': [10000000.0, 10000000.0], '400_370': [0.0, 0.0], '400_370_passing_MET': [0.0, 0.0], '400_370_failing_MET': [0.0, 0.0], '400_370_min_MET_pt': [10000000.0, 10000000.0], '425_415': [0.0, 895.0], '425_415_passing_MET': [0.0, 875.0], '425_415_failing_MET': [0.0, 20.0], '425_415_min_MET_pt': [10000000.0, 58.73069763183594], '425_410': [905.0, 886.0], '425_410_passing_MET': [0.0, 0.0], '425_410_failing_MET': [0.0, 0.0], '425_410_min_MET_pt': [10000000.0, 10000000.0], '425_405': [0.0, 0.0], '425_405_passing_MET': [0.0, 0.0], '425_405_failing_MET': [0.0, 0.0], '425_405_min_MET_pt': [10000000.0, 10000000.0], '425_400': [950.0, 0.0], '425_400_passing_MET': [917.0, 0.0], '425_400_failing_MET': [33.0, 0.0], '425_400_min_MET_pt': [38.948402404785156, 10000000.0], '425_395': [0.0, 0.0], '425_395_passing_MET': [0.0, 0.0], '425_395_failing_MET': [0.0, 0.0], '425_395_min_MET_pt': [10000000.0, 10000000.0], '450_440': [950.0, 0.0], '450_440_passing_MET': [927.0, 0.0], '450_440_failing_MET': [23.0, 0.0], '450_440_min_MET_pt': [13.150352478027344, 10000000.0], '450_435': [0.0, 0.0], '450_435_passing_MET': [0.0, 0.0], '450_435_failing_MET': [0.0, 0.0], '450_435_min_MET_pt': [10000000.0, 10000000.0], '450_430': [0.0, 932.0], '450_430_passing_MET': [0.0, 904.0], '450_430_failing_MET': [0.0, 28.0], '450_430_min_MET_pt': [10000000.0, 22.641597747802734], '450_425': [0.0, 1006.0], '450_425_passing_MET': [0.0, 970.0], '450_425_failing_MET': [0.0, 36.0], '450_425_min_MET_pt': [10000000.0, 33.7486572265625], '450_420': [0.0, 0.0], '450_420_passing_MET': [0.0, 0.0], '450_420_failing_MET': [0.0, 0.0], '450_420_min_MET_pt': [10000000.0, 10000000.0], '475_465': [0.0, 1862.0], '475_465_passing_MET': [0.0, 1814.0], '475_465_failing_MET': [0.0, 48.0], '475_465_min_MET_pt': [10000000.0, 32.541202545166016], '475_460': [0.0, 1892.0], '475_460_passing_MET': [0.0, 1821.0], '475_460_failing_MET': [0.0, 71.0], '475_460_min_MET_pt': [10000000.0, 33.71102523803711], '475_455': [902.0, 991.0], '475_455_passing_MET': [0.0, 0.0], '475_455_failing_MET': [0.0, 0.0], '475_455_min_MET_pt': [10000000.0, 10000000.0], '475_450': [0.0, 994.0], '475_450_passing_MET': [0.0, 959.0], '475_450_failing_MET': [0.0, 35.0], '475_450_min_MET_pt': [10000000.0, 17.61005401611328], '475_445': [0.0, 953.0], '475_445_passing_MET': [0.0, 921.0], '475_445_failing_MET': [0.0, 32.0], '475_445_min_MET_pt': [10000000.0, 38.0132942199707], '500_490': [947.0, 0.0], '500_490_passing_MET': [931.0, 0.0], '500_490_failing_MET': [16.0, 0.0], '500_490_min_MET_pt': [58.250423431396484, 10000000.0], '500_485': [991.0, 0.0], '500_485_passing_MET': [961.0, 0.0], '500_485_failing_MET': [30.0, 0.0], '500_485_min_MET_pt': [52.12312698364258, 10000000.0], '500_480': [0.0, 0.0], '500_480_passing_MET': [0.0, 0.0], '500_480_failing_MET': [0.0, 0.0], '500_480_min_MET_pt': [10000000.0, 10000000.0], '500_475': [0.0, 0.0], '500_475_passing_MET': [0.0, 0.0], '500_475_failing_MET': [0.0, 0.0], '500_475_min_MET_pt': [10000000.0, 10000000.0], '500_470': [0.0, 0.0], '500_470_passing_MET': [0.0, 0.0], '500_470_failing_MET': [0.0, 0.0], '500_470_min_MET_pt': [10000000.0, 10000000.0], '525_515': [0.0, 0.0], '525_515_passing_MET': [0.0, 0.0], '525_515_failing_MET': [0.0, 0.0], '525_515_min_MET_pt': [10000000.0, 10000000.0], '525_510': [0.0, 0.0], '525_510_passing_MET': [0.0, 0.0], '525_510_failing_MET': [0.0, 0.0], '525_510_min_MET_pt': [10000000.0, 10000000.0], '525_505': [0.0, 0.0], '525_505_passing_MET': [0.0, 0.0], '525_505_failing_MET': [0.0, 0.0], '525_505_min_MET_pt': [10000000.0, 10000000.0], '525_500': [0.0, 0.0], '525_500_passing_MET': [0.0, 0.0], '525_500_failing_MET': [0.0, 0.0], '525_500_min_MET_pt': [10000000.0, 10000000.0], '525_495': [0.0, 0.0], '525_495_passing_MET': [0.0, 0.0], '525_495_failing_MET': [0.0, 0.0], '525_495_min_MET_pt': [10000000.0, 10000000.0], '550_540': [989.0, 957.0], '550_540_passing_MET': [0.0, 0.0], '550_540_failing_MET': [0.0, 0.0], '550_540_min_MET_pt': [10000000.0, 10000000.0], '550_535': [862.0, 0.0], '550_535_passing_MET': [838.0, 0.0], '550_535_failing_MET': [24.0, 0.0], '550_535_min_MET_pt': [29.055278778076172, 10000000.0], '550_530': [0.0, 0.0], '550_530_passing_MET': [0.0, 0.0], '550_530_failing_MET': [0.0, 0.0], '550_530_min_MET_pt': [10000000.0, 10000000.0], '550_525': [0.0, 882.0], '550_525_passing_MET': [0.0, 851.0], '550_525_failing_MET': [0.0, 31.0], '550_525_min_MET_pt': [10000000.0, 15.002432823181152], '550_520': [0.0, 1029.0], '550_520_passing_MET': [0.0, 989.0], '550_520_failing_MET': [0.0, 40.0], '550_520_min_MET_pt': [10000000.0, 23.982912063598633], '575_565': [0.0, 0.0], '575_565_passing_MET': [0.0, 0.0], '575_565_failing_MET': [0.0, 0.0], '575_565_min_MET_pt': [10000000.0, 10000000.0], '575_560': [0.0, 0.0], '575_560_passing_MET': [0.0, 0.0], '575_560_failing_MET': [0.0, 0.0], '575_560_min_MET_pt': [10000000.0, 10000000.0], '575_555': [0.0, 0.0], '575_555_passing_MET': [0.0, 0.0], '575_555_failing_MET': [0.0, 0.0], '575_555_min_MET_pt': [10000000.0, 10000000.0], '575_550': [0.0, 0.0], '575_550_passing_MET': [0.0, 0.0], '575_550_failing_MET': [0.0, 0.0], '575_550_min_MET_pt': [10000000.0, 10000000.0], '575_545': [0.0, 0.0], '575_545_passing_MET': [0.0, 0.0], '575_545_failing_MET': [0.0, 0.0], '575_545_min_MET_pt': [10000000.0, 10000000.0], '600_590': [0.0, 2028.0], '600_590_passing_MET': [0.0, 1980.0], '600_590_failing_MET': [0.0, 48.0], '600_590_min_MET_pt': [10000000.0, 34.43385314941406], '600_585': [938.0, 0.0], '600_585_passing_MET': [914.0, 0.0], '600_585_failing_MET': [24.0, 0.0], '600_585_min_MET_pt': [50.018592834472656, 10000000.0], '600_580': [0.0, 0.0], '600_580_passing_MET': [0.0, 0.0], '600_580_failing_MET': [0.0, 0.0], '600_580_min_MET_pt': [10000000.0, 10000000.0], '600_575': [0.0, 0.0], '600_575_passing_MET': [0.0, 0.0], '600_575_failing_MET': [0.0, 0.0], '600_575_min_MET_pt': [10000000.0, 10000000.0], '600_570': [0.0, 1077.0], '600_570_passing_MET': [0.0, 1042.0], '600_570_failing_MET': [0.0, 35.0], '600_570_min_MET_pt': [10000000.0, 46.260379791259766], '625_615': [0.0, 0.0], '625_615_passing_MET': [0.0, 0.0], '625_615_failing_MET': [0.0, 0.0], '625_615_min_MET_pt': [10000000.0, 10000000.0], '625_610': [0.0, 0.0], '625_610_passing_MET': [0.0, 0.0], '625_610_failing_MET': [0.0, 0.0], '625_610_min_MET_pt': [10000000.0, 10000000.0], '625_605': [0.0, 0.0], '625_605_passing_MET': [0.0, 0.0], '625_605_failing_MET': [0.0, 0.0], '625_605_min_MET_pt': [10000000.0, 10000000.0], '625_600': [0.0, 0.0], '625_600_passing_MET': [0.0, 0.0], '625_600_failing_MET': [0.0, 0.0], '625_600_min_MET_pt': [10000000.0, 10000000.0], '625_595': [0.0, 0.0], '625_595_passing_MET': [0.0, 0.0], '625_595_failing_MET': [0.0, 0.0], '625_595_min_MET_pt': [10000000.0, 10000000.0], '650_640': [1048.0, 0.0], '650_640_passing_MET': [1015.0, 0.0], '650_640_failing_MET': [33.0, 0.0], '650_640_min_MET_pt': [30.732789993286133, 10000000.0], '650_635': [941.0, 0.0], '650_635_passing_MET': [912.0, 0.0], '650_635_failing_MET': [29.0, 0.0], '650_635_min_MET_pt': [51.58348083496094, 10000000.0], '650_630': [0.0, 0.0], '650_630_passing_MET': [0.0, 0.0], '650_630_failing_MET': [0.0, 0.0], '650_630_min_MET_pt': [10000000.0, 10000000.0], '650_625': [0.0, 0.0], '650_625_passing_MET': [0.0, 0.0], '650_625_failing_MET': [0.0, 0.0], '650_625_min_MET_pt': [10000000.0, 10000000.0], '650_620': [0.0, 0.0], '650_620_passing_MET': [0.0, 0.0], '650_620_failing_MET': [0.0, 0.0], '650_620_min_MET_pt': [10000000.0, 10000000.0], '675_665': [0.0, 0.0], '675_665_passing_MET': [0.0, 0.0], '675_665_failing_MET': [0.0, 0.0], '675_665_min_MET_pt': [10000000.0, 10000000.0], '675_660': [0.0, 0.0], '675_660_passing_MET': [0.0, 0.0], '675_660_failing_MET': [0.0, 0.0], '675_660_min_MET_pt': [10000000.0, 10000000.0], '675_655': [0.0, 0.0], '675_655_passing_MET': [0.0, 0.0], '675_655_failing_MET': [0.0, 0.0], '675_655_min_MET_pt': [10000000.0, 10000000.0], '675_650': [0.0, 0.0], '675_650_passing_MET': [0.0, 0.0], '675_650_failing_MET': [0.0, 0.0], '675_650_min_MET_pt': [10000000.0, 10000000.0], '675_645': [0.0, 0.0], '675_645_passing_MET': [0.0, 0.0], '675_645_failing_MET': [0.0, 0.0], '675_645_min_MET_pt': [10000000.0, 10000000.0], '700_690': [1115.0, 3099.0], '700_690_passing_MET': [0.0, 0.0], '700_690_failing_MET': [0.0, 0.0], '700_690_min_MET_pt': [10000000.0, 10000000.0], '700_685': [957.0, 0.0], '700_685_passing_MET': [928.0, 0.0], '700_685_failing_MET': [29.0, 0.0], '700_685_min_MET_pt': [27.423208236694336, 10000000.0], '700_680': [0.0, 0.0], '700_680_passing_MET': [0.0, 0.0], '700_680_failing_MET': [0.0, 0.0], '700_680_min_MET_pt': [10000000.0, 10000000.0], '700_675': [2826.0, 0.0], '700_675_passing_MET': [2740.0, 0.0], '700_675_failing_MET': [86.0, 0.0], '700_675_min_MET_pt': [36.373294830322266, 10000000.0], '700_670': [0.0, 0.0], '700_670_passing_MET': [0.0, 0.0], '700_670_failing_MET': [0.0, 0.0], '700_670_min_MET_pt': [10000000.0, 10000000.0], '725_715': [0.0, 0.0], '725_715_passing_MET': [0.0, 0.0], '725_715_failing_MET': [0.0, 0.0], '725_715_min_MET_pt': [10000000.0, 10000000.0], '725_710': [0.0, 0.0], '725_710_passing_MET': [0.0, 0.0], '725_710_failing_MET': [0.0, 0.0], '725_710_min_MET_pt': [10000000.0, 10000000.0], '725_705': [0.0, 0.0], '725_705_passing_MET': [0.0, 0.0], '725_705_failing_MET': [0.0, 0.0], '725_705_min_MET_pt': [10000000.0, 10000000.0], '725_700': [0.0, 0.0], '725_700_passing_MET': [0.0, 0.0], '725_700_failing_MET': [0.0, 0.0], '725_700_min_MET_pt': [10000000.0, 10000000.0], '725_695': [0.0, 0.0], '725_695_passing_MET': [0.0, 0.0], '725_695_failing_MET': [0.0, 0.0], '725_695_min_MET_pt': [10000000.0, 10000000.0], '750_740': [0.0, 0.0], '750_740_passing_MET': [0.0, 0.0], '750_740_failing_MET': [0.0, 0.0], '750_740_min_MET_pt': [10000000.0, 10000000.0], '750_735': [0.0, 0.0], '750_735_passing_MET': [0.0, 0.0], '750_735_failing_MET': [0.0, 0.0], '750_735_min_MET_pt': [10000000.0, 10000000.0], '750_730': [0.0, 0.0], '750_730_passing_MET': [0.0, 0.0], '750_730_failing_MET': [0.0, 0.0], '750_730_min_MET_pt': [10000000.0, 10000000.0], '750_725': [0.0, 0.0], '750_725_passing_MET': [0.0, 0.0], '750_725_failing_MET': [0.0, 0.0], '750_725_min_MET_pt': [10000000.0, 10000000.0], '750_720': [0.0, 0.0], '750_720_passing_MET': [0.0, 0.0], '750_720_failing_MET': [0.0, 0.0], '750_720_min_MET_pt': [10000000.0, 10000000.0], '775_765': [0.0, 0.0], '775_765_passing_MET': [0.0, 0.0], '775_765_failing_MET': [0.0, 0.0], '775_765_min_MET_pt': [10000000.0, 10000000.0], '775_760': [0.0, 0.0], '775_760_passing_MET': [0.0, 0.0], '775_760_failing_MET': [0.0, 0.0], '775_760_min_MET_pt': [10000000.0, 10000000.0], '775_755': [0.0, 0.0], '775_755_passing_MET': [0.0, 0.0], '775_755_failing_MET': [0.0, 0.0], '775_755_min_MET_pt': [10000000.0, 10000000.0], '775_750': [0.0, 0.0], '775_750_passing_MET': [0.0, 0.0], '775_750_failing_MET': [0.0, 0.0], '775_750_min_MET_pt': [10000000.0, 10000000.0], '775_745': [0.0, 0.0], '775_745_passing_MET': [0.0, 0.0], '775_745_failing_MET': [0.0, 0.0], '775_745_min_MET_pt': [10000000.0, 10000000.0], '800_790': [1025.0, 0.0], '800_790_passing_MET': [998.0, 0.0], '800_790_failing_MET': [27.0, 0.0], '800_790_min_MET_pt': [47.5235595703125, 10000000.0], '800_785': [1001.0, 0.0], '800_785_passing_MET': [976.0, 0.0], '800_785_failing_MET': [25.0, 0.0], '800_785_min_MET_pt': [35.32879638671875, 10000000.0], '800_780': [0.0, 0.0], '800_780_passing_MET': [0.0, 0.0], '800_780_failing_MET': [0.0, 0.0], '800_780_min_MET_pt': [10000000.0, 10000000.0], '800_775': [0.0, 0.0], '800_775_passing_MET': [0.0, 0.0], '800_775_failing_MET': [0.0, 0.0], '800_775_min_MET_pt': [10000000.0, 10000000.0], '800_770': [0.0, 0.0], '800_770_passing_MET': [0.0, 0.0], '800_770_failing_MET': [0.0, 0.0], '800_770_min_MET_pt': [10000000.0, 10000000.0], '825_815': [0.0, 0.0], '825_815_passing_MET': [0.0, 0.0], '825_815_failing_MET': [0.0, 0.0], '825_815_min_MET_pt': [10000000.0, 10000000.0], '825_810': [0.0, 0.0], '825_810_passing_MET': [0.0, 0.0], '825_810_failing_MET': [0.0, 0.0], '825_810_min_MET_pt': [10000000.0, 10000000.0], '825_805': [0.0, 0.0], '825_805_passing_MET': [0.0, 0.0], '825_805_failing_MET': [0.0, 0.0], '825_805_min_MET_pt': [10000000.0, 10000000.0], '825_800': [0.0, 0.0], '825_800_passing_MET': [0.0, 0.0], '825_800_failing_MET': [0.0, 0.0], '825_800_min_MET_pt': [10000000.0, 10000000.0], '825_795': [0.0, 0.0], '825_795_passing_MET': [0.0, 0.0], '825_795_failing_MET': [0.0, 0.0], '825_795_min_MET_pt': [10000000.0, 10000000.0], '850_840': [1104.0, 2196.0], '850_840_passing_MET': [0.0, 0.0], '850_840_failing_MET': [0.0, 0.0], '850_840_min_MET_pt': [10000000.0, 10000000.0], '850_835': [1003.0, 0.0], '850_835_passing_MET': [979.0, 0.0], '850_835_failing_MET': [24.0, 0.0], '850_835_min_MET_pt': [51.075801849365234, 10000000.0], '850_830': [0.0, 0.0], '850_830_passing_MET': [0.0, 0.0], '850_830_failing_MET': [0.0, 0.0], '850_830_min_MET_pt': [10000000.0, 10000000.0], '850_825': [0.0, 0.0], '850_825_passing_MET': [0.0, 0.0], '850_825_failing_MET': [0.0, 0.0], '850_825_min_MET_pt': [10000000.0, 10000000.0], '850_820': [0.0, 0.0], '850_820_passing_MET': [0.0, 0.0], '850_820_failing_MET': [0.0, 0.0], '850_820_min_MET_pt': [10000000.0, 10000000.0], '875_865': [0.0, 0.0], '875_865_passing_MET': [0.0, 0.0], '875_865_failing_MET': [0.0, 0.0], '875_865_min_MET_pt': [10000000.0, 10000000.0], '875_860': [0.0, 0.0], '875_860_passing_MET': [0.0, 0.0], '875_860_failing_MET': [0.0, 0.0], '875_860_min_MET_pt': [10000000.0, 10000000.0], '875_855': [0.0, 0.0], '875_855_passing_MET': [0.0, 0.0], '875_855_failing_MET': [0.0, 0.0], '875_855_min_MET_pt': [10000000.0, 10000000.0], '875_850': [0.0, 0.0], '875_850_passing_MET': [0.0, 0.0], '875_850_failing_MET': [0.0, 0.0], '875_850_min_MET_pt': [10000000.0, 10000000.0], '875_845': [0.0, 0.0], '875_845_passing_MET': [0.0, 0.0], '875_845_failing_MET': [0.0, 0.0], '875_845_min_MET_pt': [10000000.0, 10000000.0], '900_890': [0.0, 3374.0], '900_890_passing_MET': [0.0, 3298.0], '900_890_failing_MET': [0.0, 76.0], '900_890_min_MET_pt': [10000000.0, 26.762826919555664], '900_885': [0.0, 0.0], '900_885_passing_MET': [0.0, 0.0], '900_885_failing_MET': [0.0, 0.0], '900_885_min_MET_pt': [10000000.0, 10000000.0], '900_880': [0.0, 0.0], '900_880_passing_MET': [0.0, 0.0], '900_880_failing_MET': [0.0, 0.0], '900_880_min_MET_pt': [10000000.0, 10000000.0], '900_875': [0.0, 0.0], '900_875_passing_MET': [0.0, 0.0], '900_875_failing_MET': [0.0, 0.0], '900_875_min_MET_pt': [10000000.0, 10000000.0], '900_870': [0.0, 1186.0], '900_870_passing_MET': [0.0, 1152.0], '900_870_failing_MET': [0.0, 34.0], '900_870_min_MET_pt': [10000000.0, 39.09026336669922], '925_915': [0.0, 0.0], '925_915_passing_MET': [0.0, 0.0], '925_915_failing_MET': [0.0, 0.0], '925_915_min_MET_pt': [10000000.0, 10000000.0], '925_910': [0.0, 0.0], '925_910_passing_MET': [0.0, 0.0], '925_910_failing_MET': [0.0, 0.0], '925_910_min_MET_pt': [10000000.0, 10000000.0], '925_905': [0.0, 0.0], '925_905_passing_MET': [0.0, 0.0], '925_905_failing_MET': [0.0, 0.0], '925_905_min_MET_pt': [10000000.0, 10000000.0], '925_900': [0.0, 0.0], '925_900_passing_MET': [0.0, 0.0], '925_900_failing_MET': [0.0, 0.0], '925_900_min_MET_pt': [10000000.0, 10000000.0], '925_895': [0.0, 0.0], '925_895_passing_MET': [0.0, 0.0], '925_895_failing_MET': [0.0, 0.0], '925_895_min_MET_pt': [10000000.0, 10000000.0], '950_940': [1137.0, 0.0], '950_940_passing_MET': [1113.0, 0.0], '950_940_failing_MET': [24.0, 0.0], '950_940_min_MET_pt': [34.834739685058594, 10000000.0], '950_935': [0.0, 996.0], '950_935_passing_MET': [0.0, 969.0], '950_935_failing_MET': [0.0, 27.0], '950_935_min_MET_pt': [10000000.0, 17.19674301147461], '950_930': [0.0, 0.0], '950_930_passing_MET': [0.0, 0.0], '950_930_failing_MET': [0.0, 0.0], '950_930_min_MET_pt': [10000000.0, 10000000.0], '950_925': [0.0, 0.0], '950_925_passing_MET': [0.0, 0.0], '950_925_failing_MET': [0.0, 0.0], '950_925_min_MET_pt': [10000000.0, 10000000.0], '950_920': [0.0, 1178.0], '950_920_passing_MET': [0.0, 1141.0], '950_920_failing_MET': [0.0, 37.0], '950_920_min_MET_pt': [10000000.0, 23.539642333984375], '975_965': [0.0, 0.0], '975_965_passing_MET': [0.0, 0.0], '975_965_failing_MET': [0.0, 0.0], '975_965_min_MET_pt': [10000000.0, 10000000.0], '975_960': [0.0, 0.0], '975_960_passing_MET': [0.0, 0.0], '975_960_failing_MET': [0.0, 0.0], '975_960_min_MET_pt': [10000000.0, 10000000.0], '975_955': [0.0, 0.0], '975_955_passing_MET': [0.0, 0.0], '975_955_failing_MET': [0.0, 0.0], '975_955_min_MET_pt': [10000000.0, 10000000.0], '975_950': [0.0, 0.0], '975_950_passing_MET': [0.0, 0.0], '975_950_failing_MET': [0.0, 0.0], '975_950_min_MET_pt': [10000000.0, 10000000.0], '975_945': [0.0, 0.0], '975_945_passing_MET': [0.0, 0.0], '975_945_failing_MET': [0.0, 0.0], '975_945_min_MET_pt': [10000000.0, 10000000.0], '1000_990': [0.0, 0.0], '1000_990_passing_MET': [0.0, 0.0], '1000_990_failing_MET': [0.0, 0.0], '1000_990_min_MET_pt': [10000000.0, 10000000.0], '1000_985': [0.0, 2993.0], '1000_985_passing_MET': [0.0, 2930.0], '1000_985_failing_MET': [0.0, 63.0], '1000_985_min_MET_pt': [10000000.0, 26.026317596435547], '1000_980': [0.0, 0.0], '1000_980_passing_MET': [0.0, 0.0], '1000_980_failing_MET': [0.0, 0.0], '1000_980_min_MET_pt': [10000000.0, 10000000.0], '1000_975': [1023.0, 0.0], '1000_975_passing_MET': [997.0, 0.0], '1000_975_failing_MET': [26.0, 0.0], '1000_975_min_MET_pt': [45.7854118347168, 10000000.0], '1000_970': [0.0, 0.0], '1000_970_passing_MET': [0.0, 0.0], '1000_970_failing_MET': [0.0, 0.0], '1000_970_min_MET_pt': [10000000.0, 10000000.0], '1025_1015': [0.0, 0.0], '1025_1015_passing_MET': [0.0, 0.0], '1025_1015_failing_MET': [0.0, 0.0], '1025_1015_min_MET_pt': [10000000.0, 10000000.0], '1025_1010': [0.0, 0.0], '1025_1010_passing_MET': [0.0, 0.0], '1025_1010_failing_MET': [0.0, 0.0], '1025_1010_min_MET_pt': [10000000.0, 10000000.0], '1025_1005': [0.0, 0.0], '1025_1005_passing_MET': [0.0, 0.0], '1025_1005_failing_MET': [0.0, 0.0], '1025_1005_min_MET_pt': [10000000.0, 10000000.0], '1025_1000': [0.0, 0.0], '1025_1000_passing_MET': [0.0, 0.0], '1025_1000_failing_MET': [0.0, 0.0], '1025_1000_min_MET_pt': [10000000.0, 10000000.0], '1025_995': [0.0, 0.0], '1025_995_passing_MET': [0.0, 0.0], '1025_995_failing_MET': [0.0, 0.0], '1025_995_min_MET_pt': [10000000.0, 10000000.0], '1050_1040': [0.0, 0.0], '1050_1040_passing_MET': [0.0, 0.0], '1050_1040_failing_MET': [0.0, 0.0], '1050_1040_min_MET_pt': [10000000.0, 10000000.0], '1050_1035': [0.0, 0.0], '1050_1035_passing_MET': [0.0, 0.0], '1050_1035_failing_MET': [0.0, 0.0], '1050_1035_min_MET_pt': [10000000.0, 10000000.0], '1050_1030': [0.0, 0.0], '1050_1030_passing_MET': [0.0, 0.0], '1050_1030_failing_MET': [0.0, 0.0], '1050_1030_min_MET_pt': [10000000.0, 10000000.0], '1050_1025': [0.0, 0.0], '1050_1025_passing_MET': [0.0, 0.0], '1050_1025_failing_MET': [0.0, 0.0], '1050_1025_min_MET_pt': [10000000.0, 10000000.0], '1050_1020': [0.0, 0.0], '1050_1020_passing_MET': [0.0, 0.0], '1050_1020_failing_MET': [0.0, 0.0], '1050_1020_min_MET_pt': [10000000.0, 10000000.0], '1075_1065': [0.0, 0.0], '1075_1065_passing_MET': [0.0, 0.0], '1075_1065_failing_MET': [0.0, 0.0], '1075_1065_min_MET_pt': [10000000.0, 10000000.0], '1075_1060': [0.0, 0.0], '1075_1060_passing_MET': [0.0, 0.0], '1075_1060_failing_MET': [0.0, 0.0], '1075_1060_min_MET_pt': [10000000.0, 10000000.0], '1075_1055': [0.0, 0.0], '1075_1055_passing_MET': [0.0, 0.0], '1075_1055_failing_MET': [0.0, 0.0], '1075_1055_min_MET_pt': [10000000.0, 10000000.0], '1075_1050': [0.0, 0.0], '1075_1050_passing_MET': [0.0, 0.0], '1075_1050_failing_MET': [0.0, 0.0], '1075_1050_min_MET_pt': [10000000.0, 10000000.0], '1075_1045': [0.0, 0.0], '1075_1045_passing_MET': [0.0, 0.0], '1075_1045_failing_MET': [0.0, 0.0], '1075_1045_min_MET_pt': [10000000.0, 10000000.0], '1100_1090': [0.0, 2087.0], '1100_1090_passing_MET': [0.0, 2040.0], '1100_1090_failing_MET': [0.0, 47.0], '1100_1090_min_MET_pt': [10000000.0, 33.48790740966797], '1100_1085': [0.0, 0.0], '1100_1085_passing_MET': [0.0, 0.0], '1100_1085_failing_MET': [0.0, 0.0], '1100_1085_min_MET_pt': [10000000.0, 10000000.0], '1100_1080': [0.0, 0.0], '1100_1080_passing_MET': [0.0, 0.0], '1100_1080_failing_MET': [0.0, 0.0], '1100_1080_min_MET_pt': [10000000.0, 10000000.0], '1100_1075': [0.0, 0.0], '1100_1075_passing_MET': [0.0, 0.0], '1100_1075_failing_MET': [0.0, 0.0], '1100_1075_min_MET_pt': [10000000.0, 10000000.0], '1100_1070': [0.0, 974.0], '1100_1070_passing_MET': [0.0, 950.0], '1100_1070_failing_MET': [0.0, 24.0], '1100_1070_min_MET_pt': [10000000.0, 29.415563583374023], 'nEventsTotal': 144673.0, 'strange masspoints': 0.0, 'orphans': 0.0, 'R-hadron event': 1.0, 'different stop antistop masses': 0.0, 'strange error': 0.0, 'strange event': 0.0, 'different neutralino masses': 11531.0, 'large differences': 0.0, '776_765': [2978.0, 3977.0], '776_765_passing_MET': [2910.0, 3873.0], '776_765_failing_MET': [68.0, 104.0], '776_765_min_MET_pt': [28.13942527770996, 19.394060134887695], '776_766': [298.0, 419.0], '776_766_passing_MET': [293.0, 413.0], '776_766_failing_MET': [5.0, 6.0], '776_766_min_MET_pt': [55.2432861328125, 63.911720275878906], '1000_986': [0.0, 396.0], '1000_986_passing_MET': [0.0, 382.0], '1000_986_failing_MET': [0.0, 14.0], '1000_986_min_MET_pt': [10000000.0, 43.48729705810547], '800_786': [120.0, 0.0], '800_786_passing_MET': [120.0, 0.0], '800_786_failing_MET': [0.0, 0.0], '800_786_min_MET_pt': [107.96829223632812, 10000000.0], '776_750': [2246.0, 0.0], '776_750_passing_MET': [2183.0, 0.0], '776_750_failing_MET': [63.0, 0.0], '776_750_min_MET_pt': [25.98395347595215, 10000000.0], '550_536': [139.0, 0.0], '550_536_passing_MET': [136.0, 0.0], '550_536_failing_MET': [3.0, 0.0], '550_536_min_MET_pt': [71.37458801269531, 10000000.0], '700_686': [127.0, 0.0], '700_686_passing_MET': [124.0, 0.0], '700_686_failing_MET': [3.0, 0.0], '700_686_min_MET_pt': [86.78083801269531, 10000000.0], '626_600': [0.0, 1104.0], '626_600_passing_MET': [0.0, 1070.0], '626_600_failing_MET': [0.0, 34.0], '626_600_min_MET_pt': [10000000.0, 26.760988235473633], '826_810': [0.0, 1112.0], '826_810_passing_MET': [0.0, 1090.0], '826_810_failing_MET': [0.0, 22.0], '826_810_min_MET_pt': [10000000.0, 27.058412551879883], '526_500': [0.0, 1006.0], '526_500_passing_MET': [0.0, 964.0], '526_500_failing_MET': [0.0, 42.0], '526_500_min_MET_pt': [10000000.0, 34.7451286315918], '576_565': [831.0, 2681.0], '576_565_passing_MET': [820.0, 2610.0], '576_565_failing_MET': [11.0, 71.0], '576_565_min_MET_pt': [36.36486053466797, 13.172061920166016], '576_566': [88.0, 290.0], '576_566_passing_MET': [82.0, 284.0], '576_566_failing_MET': [6.0, 6.0], '576_566_min_MET_pt': [45.36412811279297, 66.09393310546875], '1100_1092': [0.0, 210.0], '1100_1092_passing_MET': [0.0, 206.0], '1100_1092_failing_MET': [0.0, 4.0], '1100_1092_min_MET_pt': [10000000.0, 56.880775451660156], '1024_1000': [0.0, 1142.0], '1024_1000_passing_MET': [0.0, 1122.0], '1024_1000_failing_MET': [0.0, 20.0], '1024_1000_min_MET_pt': [10000000.0, 44.33352279663086], '526_505': [2033.0, 0.0], '526_505_passing_MET': [1969.0, 0.0], '526_505_failing_MET': [64.0, 0.0], '526_505_min_MET_pt': [13.384819030761719, 10000000.0], '676_650': [0.0, 1106.0], '676_650_passing_MET': [0.0, 1069.0], '676_650_failing_MET': [0.0, 37.0], '676_650_min_MET_pt': [10000000.0, 2.275552749633789], '576_545': [897.0, 0.0], '576_545_passing_MET': [863.0, 0.0], '576_545_failing_MET': [34.0, 0.0], '576_545_min_MET_pt': [28.89214324951172, 10000000.0], '576_546': [172.0, 0.0], '576_546_passing_MET': [163.0, 0.0], '576_546_failing_MET': [9.0, 0.0], '576_546_min_MET_pt': [70.28319549560547, 10000000.0], '626_616': [287.0, 108.0], '626_616_passing_MET': [282.0, 107.0], '626_616_failing_MET': [5.0, 1.0], '626_616_min_MET_pt': [66.10246276855469, 57.078250885009766], '626_615': [2702.0, 924.0], '626_615_passing_MET': [2628.0, 895.0], '626_615_failing_MET': [74.0, 29.0], '626_615_min_MET_pt': [20.411771774291992, 21.838674545288086], '1000_976': [187.0, 0.0], '1000_976_passing_MET': [184.0, 0.0], '1000_976_failing_MET': [3.0, 0.0], '1000_976_min_MET_pt': [90.76605224609375, 10000000.0], '1024_1005': [0.0, 1030.0], '1024_1005_passing_MET': [0.0, 1003.0], '1024_1005_failing_MET': [0.0, 27.0], '1024_1005_min_MET_pt': [10000000.0, 21.83928680419922], '1024_1006': [0.0, 138.0], '1024_1006_passing_MET': [0.0, 133.0], '1024_1006_failing_MET': [0.0, 5.0], '1024_1006_min_MET_pt': [10000000.0, 25.095916748046875], '576_550': [0.0, 1084.0], '576_550_passing_MET': [0.0, 1063.0], '576_550_failing_MET': [0.0, 21.0], '576_550_min_MET_pt': [10000000.0, 41.20111083984375], '726_696': [183.0, 204.0], '726_696_passing_MET': [179.0, 201.0], '726_696_failing_MET': [4.0, 3.0], '726_696_min_MET_pt': [54.03044891357422, 34.18928909301758], '726_695': [996.0, 877.0], '726_695_passing_MET': [970.0, 857.0], '726_695_failing_MET': [26.0, 20.0], '726_695_min_MET_pt': [44.504310607910156, 48.37793731689453], '700_676': [485.0, 0.0], '700_676_passing_MET': [471.0, 0.0], '700_676_failing_MET': [14.0, 0.0], '700_676_min_MET_pt': [52.04713821411133, 10000000.0], '1100_1072': [0.0, 178.0], '1100_1072_passing_MET': [0.0, 175.0], '1100_1072_failing_MET': [0.0, 3.0], '1100_1072_min_MET_pt': [10000000.0, 68.25814056396484], '676_655': [0.0, 1814.0], '676_655_passing_MET': [0.0, 1769.0], '676_655_failing_MET': [0.0, 45.0], '676_655_min_MET_pt': [10000000.0, 31.056713104248047], '676_656': [0.0, 291.0], '676_656_passing_MET': [0.0, 281.0], '676_656_failing_MET': [0.0, 10.0], '676_656_min_MET_pt': [10000000.0, 44.94989776611328], '876_845': [937.0, 964.0], '876_845_passing_MET': [914.0, 948.0], '876_845_failing_MET': [23.0, 16.0], '876_845_min_MET_pt': [36.71175765991211, 35.61351013183594], '876_846': [176.0, 184.0], '876_846_passing_MET': [169.0, 176.0], '876_846_failing_MET': [7.0, 8.0], '876_846_min_MET_pt': [76.7767105102539, 57.07275390625], '876_865': [0.0, 1019.0], '876_865_passing_MET': [0.0, 993.0], '876_865_failing_MET': [0.0, 26.0], '876_865_min_MET_pt': [10000000.0, 25.337671279907227], '876_866': [0.0, 99.0], '876_866_passing_MET': [0.0, 95.0], '876_866_failing_MET': [0.0, 4.0], '876_866_min_MET_pt': [10000000.0, 70.08364868164062], '950_936': [0.0, 114.0], '950_936_passing_MET': [0.0, 111.0], '950_936_failing_MET': [0.0, 3.0], '950_936_min_MET_pt': [10000000.0, 84.06282806396484], '550_526': [0.0, 155.0], '550_526_passing_MET': [0.0, 146.0], '550_526_failing_MET': [0.0, 9.0], '550_526_min_MET_pt': [10000000.0, 52.76214599609375], '1076_1055': [963.0, 1047.0], '1076_1055_passing_MET': [944.0, 1022.0], '1076_1055_failing_MET': [19.0, 25.0], '1076_1055_min_MET_pt': [22.59789276123047, 24.78383445739746], '1076_1056': [163.0, 172.0], '1076_1056_passing_MET': [156.0, 169.0], '1076_1056_failing_MET': [7.0, 3.0], '1076_1056_min_MET_pt': [63.77172088623047, 91.71183776855469], '876_860': [1140.0, 0.0], '876_860_passing_MET': [1106.0, 0.0], '876_860_failing_MET': [34.0, 0.0], '876_860_min_MET_pt': [32.24980163574219, 10000000.0], '626_595': [0.0, 900.0], '626_595_passing_MET': [0.0, 870.0], '626_595_failing_MET': [0.0, 30.0], '626_595_min_MET_pt': [10000000.0, 21.917362213134766], '626_596': [0.0, 175.0], '626_596_passing_MET': [0.0, 169.0], '626_596_failing_MET': [0.0, 6.0], '626_596_min_MET_pt': [10000000.0, 67.05082702636719], '1052_1040': [0.0, 1103.0], '1052_1040_passing_MET': [0.0, 1076.0], '1052_1040_failing_MET': [0.0, 27.0], '1052_1040_min_MET_pt': [10000000.0, 43.40278244018555], '626_610': [1130.0, 0.0], '626_610_passing_MET': [1101.0, 0.0], '626_610_failing_MET': [29.0, 0.0], '626_610_min_MET_pt': [43.2859992980957, 10000000.0], '926_910': [1152.0, 0.0], '926_910_passing_MET': [1131.0, 0.0], '926_910_failing_MET': [21.0, 0.0], '926_910_min_MET_pt': [23.941612243652344, 10000000.0], '876_855': [991.0, 0.0], '876_855_passing_MET': [966.0, 0.0], '876_855_failing_MET': [25.0, 0.0], '876_855_min_MET_pt': [57.13517379760742, 10000000.0], '876_856': [165.0, 0.0], '876_856_passing_MET': [161.0, 0.0], '876_856_failing_MET': [4.0, 0.0], '876_856_min_MET_pt': [75.61628723144531, 10000000.0], '600_586': [120.0, 0.0], '600_586_passing_MET': [115.0, 0.0], '600_586_failing_MET': [5.0, 0.0], '600_586_min_MET_pt': [56.6338996887207, 10000000.0], '1024_1010': [0.0, 1152.0], '1024_1010_passing_MET': [0.0, 1127.0], '1024_1010_failing_MET': [0.0, 25.0], '1024_1010_min_MET_pt': [10000000.0, 59.11168670654297], '726_715': [938.0, 0.0], '726_715_passing_MET': [908.0, 0.0], '726_715_failing_MET': [30.0, 0.0], '726_715_min_MET_pt': [51.560543060302734, 10000000.0], '726_716': [95.0, 0.0], '726_716_passing_MET': [90.0, 0.0], '726_716_failing_MET': [5.0, 0.0], '726_716_min_MET_pt': [54.58850860595703, 10000000.0], '526_510': [948.0, 0.0], '526_510_passing_MET': [923.0, 0.0], '526_510_failing_MET': [25.0, 0.0], '526_510_min_MET_pt': [26.08784294128418, 10000000.0], '850_836': [153.0, 0.0], '850_836_passing_MET': [146.0, 0.0], '850_836_failing_MET': [7.0, 0.0], '850_836_min_MET_pt': [38.28950500488281, 10000000.0], '526_495': [0.0, 1060.0], '526_495_passing_MET': [0.0, 1020.0], '526_495_failing_MET': [0.0, 40.0], '526_495_min_MET_pt': [10000000.0, 32.979427337646484], '1076_1064': [0.0, 115.0], '1076_1064_passing_MET': [0.0, 110.0], '1076_1064_failing_MET': [0.0, 5.0], '1076_1064_min_MET_pt': [10000000.0, 50.28776931762695], '1076_1065': [0.0, 1002.0], '1076_1065_passing_MET': [0.0, 979.0], '1076_1065_failing_MET': [0.0, 23.0], '1076_1065_min_MET_pt': [10000000.0, 21.908870697021484], '1052_1030': [981.0, 0.0], '1052_1030_passing_MET': [961.0, 0.0], '1052_1030_failing_MET': [20.0, 0.0], '1052_1030_min_MET_pt': [17.089370727539062, 10000000.0], '1052_1032': [185.0, 0.0], '1052_1032_passing_MET': [182.0, 0.0], '1052_1032_failing_MET': [3.0, 0.0], '1052_1032_min_MET_pt': [62.9592399597168, 10000000.0], '650_636': [127.0, 0.0], '650_636_passing_MET': [122.0, 0.0], '650_636_failing_MET': [5.0, 0.0], '650_636_min_MET_pt': [64.98504638671875, 10000000.0]}
nevents_from_dict =  3510259583.1215935
Results saved to /afs/cern.ch/work/m/mleoncoe/private/stop_met_check/outputs_2018/nanoAOD_163.json
done
