000 (9018140.478.000) 01/06 10:56:39 Job submitted from host: <188.185.6.50:9618?addrs=188.185.6.50-9618+[2001-1458-d00-62--100-2b1]-9618&alias=bigbird25.cern.ch&noUDP&sock=schedd_1627_90ad>
...
040 (9018140.478.000) 01/06 11:00:59 Started transferring input files
	Transferring to host: <188.185.192.185:9618?addrs=188.185.192.185-9618+[2001-1458-303-1f--100-b5]-9618&alias=b9p13p1927.cern.ch&noUDP&sock=slot1_37_5641_583e_109800>
...
040 (9018140.478.000) 01/06 11:00:59 Finished transferring input files
...
001 (9018140.478.000) 01/06 11:01:00 Job executing on host: <188.185.192.185:9618?addrs=188.185.192.185-9618+[2001-1458-303-1f--100-b5]-9618&alias=b9p13p1927.cern.ch&noUDP&sock=startd_4361_dc9b>
	SlotName: slot1_37@b9p13p1927.cern.ch
	CondorScratchDir = "/pool/condor/dir_2537573"
	Cpus = 1
	Disk = 3760
	GPUs = 0
	Memory = 3000
...
006 (9018140.478.000) 01/06 11:01:13 Image size of job updated: 160596
	157  -  MemoryUsage of job (MB)
	160596  -  ResidentSetSize of job (KB)
...
006 (9018140.478.000) 01/06 11:06:13 Image size of job updated: 202724
	198  -  MemoryUsage of job (MB)
	202724  -  ResidentSetSize of job (KB)
...
006 (9018140.478.000) 01/06 11:11:14 Image size of job updated: 211676
	207  -  MemoryUsage of job (MB)
	211676  -  ResidentSetSize of job (KB)
...
006 (9018140.478.000) 01/06 11:16:15 Image size of job updated: 211688
	207  -  MemoryUsage of job (MB)
	211688  -  ResidentSetSize of job (KB)
...
006 (9018140.478.000) 01/06 11:21:15 Image size of job updated: 211692
	207  -  MemoryUsage of job (MB)
	211692  -  ResidentSetSize of job (KB)
...
006 (9018140.478.000) 01/06 11:26:16 Image size of job updated: 211768
	207  -  MemoryUsage of job (MB)
	211768  -  ResidentSetSize of job (KB)
...
006 (9018140.478.000) 01/06 11:31:17 Image size of job updated: 211936
	207  -  MemoryUsage of job (MB)
	211936  -  ResidentSetSize of job (KB)
...
006 (9018140.478.000) 01/06 11:35:21 Image size of job updated: 212172
	207  -  MemoryUsage of job (MB)
	211936  -  ResidentSetSize of job (KB)
...
040 (9018140.478.000) 01/06 11:35:21 Started transferring output files
...
040 (9018140.478.000) 01/06 11:35:22 Finished transferring output files
...
005 (9018140.478.000) 01/06 11:35:22 Job terminated.
	(1) Normal termination (return value 0)
		Usr 0 00:33:58, Sys 0 00:00:02  -  Run Remote Usage
		Usr 0 00:00:00, Sys 0 00:00:00  -  Run Local Usage
		Usr 0 00:33:58, Sys 0 00:00:02  -  Total Remote Usage
		Usr 0 00:00:00, Sys 0 00:00:00  -  Total Local Usage
	35028  -  Run Bytes Sent By Job
	21436  -  Run Bytes Received By Job
	35028  -  Total Bytes Sent By Job
	21436  -  Total Bytes Received By Job
	Partitionable Resources :    Usage  Request Allocated 
	   Cpus                 :     0.99        1         1 
	   Disk (KB)            :    82          22      3760 
	   GPUs                 :                           0 
	   Memory (MB)          :   207        3000      3000 
	   TimeExecute (s)      :  2061                       
	   TimeSlotBusy (s)     :  2063                       

	Job terminated of its own accord at 2026-01-06T10:35:21Z with exit-code 0.
...
