000 (9018140.002.000) 01/06 10:56:16 Job submitted from host: <188.185.6.50:9618?addrs=188.185.6.50-9618+[2001-1458-d00-62--100-2b1]-9618&alias=bigbird25.cern.ch&noUDP&sock=schedd_1627_90ad>
...
040 (9018140.002.000) 01/06 10:58:26 Started transferring input files
	Transferring to host: <188.185.192.168:9618?addrs=188.185.192.168-9618+[2001-1458-303-1f--100-a4]-9618&alias=b9p13p8493.cern.ch&noUDP&sock=slot1_28_3794505_ca17_31843>
...
040 (9018140.002.000) 01/06 10:58:26 Finished transferring input files
...
001 (9018140.002.000) 01/06 10:58:27 Job executing on host: <188.185.192.168:9618?addrs=188.185.192.168-9618+[2001-1458-303-1f--100-a4]-9618&alias=b9p13p8493.cern.ch&noUDP&sock=startd_3793695_cd6e>
	SlotName: slot1_28@b9p13p8493.cern.ch
	CondorScratchDir = "/pool/condor/dir_815892"
	Cpus = 1
	Disk = 3847
	GPUs = 0
	Memory = 3000
...
006 (9018140.002.000) 01/06 10:58:40 Image size of job updated: 97788
	96  -  MemoryUsage of job (MB)
	97788  -  ResidentSetSize of job (KB)
...
006 (9018140.002.000) 01/06 11:03:40 Image size of job updated: 213500
	209  -  MemoryUsage of job (MB)
	213500  -  ResidentSetSize of job (KB)
...
006 (9018140.002.000) 01/06 11:08:41 Image size of job updated: 213524
	209  -  MemoryUsage of job (MB)
	213524  -  ResidentSetSize of job (KB)
...
006 (9018140.002.000) 01/06 11:13:41 Image size of job updated: 213692
	209  -  MemoryUsage of job (MB)
	213692  -  ResidentSetSize of job (KB)
...
006 (9018140.002.000) 01/06 11:18:41 Image size of job updated: 213700
	209  -  MemoryUsage of job (MB)
	213700  -  ResidentSetSize of job (KB)
...
006 (9018140.002.000) 01/06 11:23:42 Image size of job updated: 213844
	209  -  MemoryUsage of job (MB)
	213844  -  ResidentSetSize of job (KB)
...
006 (9018140.002.000) 01/06 11:28:42 Image size of job updated: 213924
	209  -  MemoryUsage of job (MB)
	213924  -  ResidentSetSize of job (KB)
...
006 (9018140.002.000) 01/06 11:33:42 Image size of job updated: 213928
	209  -  MemoryUsage of job (MB)
	213928  -  ResidentSetSize of job (KB)
...
006 (9018140.002.000) 01/06 11:43:43 Image size of job updated: 214036
	210  -  MemoryUsage of job (MB)
	214036  -  ResidentSetSize of job (KB)
...
006 (9018140.002.000) 01/06 11:48:43 Image size of job updated: 214040
	210  -  MemoryUsage of job (MB)
	214040  -  ResidentSetSize of job (KB)
...
006 (9018140.002.000) 01/06 11:53:44 Image size of job updated: 214044
	210  -  MemoryUsage of job (MB)
	214044  -  ResidentSetSize of job (KB)
...
006 (9018140.002.000) 01/06 11:58:44 Image size of job updated: 214052
	210  -  MemoryUsage of job (MB)
	214052  -  ResidentSetSize of job (KB)
...
006 (9018140.002.000) 01/06 12:08:45 Image size of job updated: 214096
	210  -  MemoryUsage of job (MB)
	214096  -  ResidentSetSize of job (KB)
...
006 (9018140.002.000) 01/06 12:13:45 Image size of job updated: 214100
	210  -  MemoryUsage of job (MB)
	214100  -  ResidentSetSize of job (KB)
...
006 (9018140.002.000) 01/06 12:18:45 Image size of job updated: 214120
	210  -  MemoryUsage of job (MB)
	214120  -  ResidentSetSize of job (KB)
...
006 (9018140.002.000) 01/06 12:23:46 Image size of job updated: 214152
	210  -  MemoryUsage of job (MB)
	214152  -  ResidentSetSize of job (KB)
...
006 (9018140.002.000) 01/06 12:28:46 Image size of job updated: 214164
	210  -  MemoryUsage of job (MB)
	214164  -  ResidentSetSize of job (KB)
...
040 (9018140.002.000) 01/06 12:31:30 Started transferring output files
...
040 (9018140.002.000) 01/06 12:31:30 Finished transferring output files
...
005 (9018140.002.000) 01/06 12:31:30 Job terminated.
	(1) Normal termination (return value 0)
		Usr 0 01:31:46, Sys 0 00:00:05  -  Run Remote Usage
		Usr 0 00:00:00, Sys 0 00:00:00  -  Run Local Usage
		Usr 0 01:31:46, Sys 0 00:00:05  -  Total Remote Usage
		Usr 0 00:00:00, Sys 0 00:00:00  -  Total Local Usage
	38796  -  Run Bytes Sent By Job
	21436  -  Run Bytes Received By Job
	38796  -  Total Bytes Sent By Job
	21436  -  Total Bytes Received By Job
	Partitionable Resources :    Usage  Request Allocated 
	   Cpus                 :     0.99        1         1 
	   Disk (KB)            :    86          22      3847 
	   GPUs                 :                           0 
	   Memory (MB)          :   210        3000      3000 
	   TimeExecute (s)      :  5583                       
	   TimeSlotBusy (s)     :  5585                       

	Job terminated of its own accord at 2026-01-06T11:31:30Z with exit-code 0.
...
