000 (9018140.424.000) 01/06 10:56:37 Job submitted from host: <188.185.6.50:9618?addrs=188.185.6.50-9618+[2001-1458-d00-62--100-2b1]-9618&alias=bigbird25.cern.ch&noUDP&sock=schedd_1627_90ad>
...
040 (9018140.424.000) 01/06 11:00:42 Started transferring input files
	Transferring to host: <188.185.213.58:9618?addrs=188.185.213.58-9618+[2001-1458-303-1a--100-36]-9618&alias=b9p27p2430.cern.ch&noUDP&sock=slot1_27_2339270_15cf_34161>
...
040 (9018140.424.000) 01/06 11:00:42 Finished transferring input files
...
001 (9018140.424.000) 01/06 11:00:43 Job executing on host: <188.185.213.58:9618?addrs=188.185.213.58-9618+[2001-1458-303-1a--100-36]-9618&alias=b9p27p2430.cern.ch&noUDP&sock=startd_4019_4737>
	SlotName: slot1_27@b9p27p2430.cern.ch
	CondorScratchDir = "/pool/condor/dir_901617"
	Cpus = 1
	Disk = 3840
	GPUs = 0
	Memory = 3000
...
006 (9018140.424.000) 01/06 11:00:56 Image size of job updated: 12464
	13  -  MemoryUsage of job (MB)
	12464  -  ResidentSetSize of job (KB)
...
006 (9018140.424.000) 01/06 11:05:56 Image size of job updated: 202476
	198  -  MemoryUsage of job (MB)
	202476  -  ResidentSetSize of job (KB)
...
006 (9018140.424.000) 01/06 11:10:57 Image size of job updated: 209116
	205  -  MemoryUsage of job (MB)
	209116  -  ResidentSetSize of job (KB)
...
006 (9018140.424.000) 01/06 11:15:57 Image size of job updated: 209360
	205  -  MemoryUsage of job (MB)
	209360  -  ResidentSetSize of job (KB)
...
006 (9018140.424.000) 01/06 11:20:58 Image size of job updated: 209424
	205  -  MemoryUsage of job (MB)
	209424  -  ResidentSetSize of job (KB)
...
006 (9018140.424.000) 01/06 11:30:59 Image size of job updated: 210400
	206  -  MemoryUsage of job (MB)
	210400  -  ResidentSetSize of job (KB)
...
006 (9018140.424.000) 01/06 11:36:00 Image size of job updated: 210404
	206  -  MemoryUsage of job (MB)
	210404  -  ResidentSetSize of job (KB)
...
006 (9018140.424.000) 01/06 11:41:00 Image size of job updated: 210436
	206  -  MemoryUsage of job (MB)
	210436  -  ResidentSetSize of job (KB)
...
006 (9018140.424.000) 01/06 11:46:00 Image size of job updated: 210476
	206  -  MemoryUsage of job (MB)
	210476  -  ResidentSetSize of job (KB)
...
006 (9018140.424.000) 01/06 11:51:01 Image size of job updated: 210500
	206  -  MemoryUsage of job (MB)
	210500  -  ResidentSetSize of job (KB)
...
006 (9018140.424.000) 01/06 11:56:01 Image size of job updated: 210504
	206  -  MemoryUsage of job (MB)
	210504  -  ResidentSetSize of job (KB)
...
006 (9018140.424.000) 01/06 12:01:03 Image size of job updated: 210512
	206  -  MemoryUsage of job (MB)
	210512  -  ResidentSetSize of job (KB)
...
006 (9018140.424.000) 01/06 12:06:03 Image size of job updated: 210524
	206  -  MemoryUsage of job (MB)
	210524  -  ResidentSetSize of job (KB)
...
006 (9018140.424.000) 01/06 12:11:03 Image size of job updated: 210528
	206  -  MemoryUsage of job (MB)
	210528  -  ResidentSetSize of job (KB)
...
006 (9018140.424.000) 01/06 12:21:04 Image size of job updated: 210532
	206  -  MemoryUsage of job (MB)
	210532  -  ResidentSetSize of job (KB)
...
006 (9018140.424.000) 01/06 12:31:05 Image size of job updated: 210540
	206  -  MemoryUsage of job (MB)
	210540  -  ResidentSetSize of job (KB)
...
006 (9018140.424.000) 01/06 12:41:06 Image size of job updated: 210544
	206  -  MemoryUsage of job (MB)
	210544  -  ResidentSetSize of job (KB)
...
006 (9018140.424.000) 01/06 12:51:07 Image size of job updated: 210552
	206  -  MemoryUsage of job (MB)
	210552  -  ResidentSetSize of job (KB)
...
006 (9018140.424.000) 01/06 13:01:08 Image size of job updated: 210556
	206  -  MemoryUsage of job (MB)
	210556  -  ResidentSetSize of job (KB)
...
006 (9018140.424.000) 01/06 13:11:10 Image size of job updated: 210560
	206  -  MemoryUsage of job (MB)
	210560  -  ResidentSetSize of job (KB)
...
006 (9018140.424.000) 01/06 13:16:10 Image size of job updated: 210568
	206  -  MemoryUsage of job (MB)
	210568  -  ResidentSetSize of job (KB)
...
006 (9018140.424.000) 01/06 13:20:44 Image size of job updated: 210648
	206  -  MemoryUsage of job (MB)
	210568  -  ResidentSetSize of job (KB)
...
040 (9018140.424.000) 01/06 13:20:44 Started transferring output files
...
040 (9018140.424.000) 01/06 13:20:44 Finished transferring output files
...
005 (9018140.424.000) 01/06 13:20:44 Job terminated.
	(1) Normal termination (return value 0)
		Usr 0 02:15:08, Sys 0 00:00:50  -  Run Remote Usage
		Usr 0 00:00:00, Sys 0 00:00:00  -  Run Local Usage
		Usr 0 02:15:08, Sys 0 00:00:50  -  Total Remote Usage
		Usr 0 00:00:00, Sys 0 00:00:00  -  Total Local Usage
	42785  -  Run Bytes Sent By Job
	21436  -  Run Bytes Received By Job
	42785  -  Total Bytes Sent By Job
	21436  -  Total Bytes Received By Job
	Partitionable Resources :    Usage  Request Allocated 
	   Cpus                 :     0.98        1         1 
	   Disk (KB)            :    90          22      3840 
	   GPUs                 :                           0 
	   Memory (MB)          :   206        3000      3000 
	   TimeExecute (s)      :  8401                       
	   TimeSlotBusy (s)     :  8403                       

	Job terminated of its own accord at 2026-01-06T12:20:44Z with exit-code 0.
...
