000 (9018140.519.000) 01/06 10:56:45 Job submitted from host: <188.185.6.50:9618?addrs=188.185.6.50-9618+[2001-1458-d00-62--100-2b1]-9618&alias=bigbird25.cern.ch&noUDP&sock=schedd_1627_90ad>
...
040 (9018140.519.000) 01/06 11:01:16 Started transferring input files
	Transferring to host: <188.185.213.83:9618?addrs=188.185.213.83-9618+[2001-1458-303-1a--100-4f]-9618&alias=b9p27p4214.cern.ch&noUDP&sock=slot1_26_5619_d7fe_115093>
...
040 (9018140.519.000) 01/06 11:01:16 Finished transferring input files
...
001 (9018140.519.000) 01/06 11:01:17 Job executing on host: <188.185.213.83:9618?addrs=188.185.213.83-9618+[2001-1458-303-1a--100-4f]-9618&alias=b9p27p4214.cern.ch&noUDP&sock=startd_4725_8914>
	SlotName: slot1_26@b9p27p4214.cern.ch
	CondorScratchDir = "/pool/condor/dir_78513"
	Cpus = 1
	Disk = 3848
	GPUs = 0
	Memory = 3000
...
006 (9018140.519.000) 01/06 11:01:30 Image size of job updated: 109996
	108  -  MemoryUsage of job (MB)
	109996  -  ResidentSetSize of job (KB)
...
006 (9018140.519.000) 01/06 11:06:30 Image size of job updated: 209396
	205  -  MemoryUsage of job (MB)
	209396  -  ResidentSetSize of job (KB)
...
006 (9018140.519.000) 01/06 11:11:31 Image size of job updated: 209504
	205  -  MemoryUsage of job (MB)
	209504  -  ResidentSetSize of job (KB)
...
006 (9018140.519.000) 01/06 11:16:31 Image size of job updated: 209528
	205  -  MemoryUsage of job (MB)
	209528  -  ResidentSetSize of job (KB)
...
006 (9018140.519.000) 01/06 11:21:31 Image size of job updated: 209596
	205  -  MemoryUsage of job (MB)
	209596  -  ResidentSetSize of job (KB)
...
006 (9018140.519.000) 01/06 11:26:31 Image size of job updated: 209628
	205  -  MemoryUsage of job (MB)
	209628  -  ResidentSetSize of job (KB)
...
006 (9018140.519.000) 01/06 11:31:31 Image size of job updated: 209696
	205  -  MemoryUsage of job (MB)
	209696  -  ResidentSetSize of job (KB)
...
006 (9018140.519.000) 01/06 11:41:32 Image size of job updated: 210160
	206  -  MemoryUsage of job (MB)
	210160  -  ResidentSetSize of job (KB)
...
006 (9018140.519.000) 01/06 11:46:33 Image size of job updated: 210472
	206  -  MemoryUsage of job (MB)
	210472  -  ResidentSetSize of job (KB)
...
006 (9018140.519.000) 01/06 11:51:33 Image size of job updated: 210484
	206  -  MemoryUsage of job (MB)
	210484  -  ResidentSetSize of job (KB)
...
006 (9018140.519.000) 01/06 11:56:33 Image size of job updated: 210488
	206  -  MemoryUsage of job (MB)
	210488  -  ResidentSetSize of job (KB)
...
006 (9018140.519.000) 01/06 12:01:34 Image size of job updated: 210492
	206  -  MemoryUsage of job (MB)
	210492  -  ResidentSetSize of job (KB)
...
006 (9018140.519.000) 01/06 12:16:36 Image size of job updated: 210504
	206  -  MemoryUsage of job (MB)
	210504  -  ResidentSetSize of job (KB)
...
006 (9018140.519.000) 01/06 12:21:36 Image size of job updated: 210520
	206  -  MemoryUsage of job (MB)
	210520  -  ResidentSetSize of job (KB)
...
006 (9018140.519.000) 01/06 12:26:37 Image size of job updated: 210532
	206  -  MemoryUsage of job (MB)
	210532  -  ResidentSetSize of job (KB)
...
006 (9018140.519.000) 01/06 12:36:37 Image size of job updated: 210536
	206  -  MemoryUsage of job (MB)
	210536  -  ResidentSetSize of job (KB)
...
006 (9018140.519.000) 01/06 12:41:38 Image size of job updated: 210540
	206  -  MemoryUsage of job (MB)
	210540  -  ResidentSetSize of job (KB)
...
006 (9018140.519.000) 01/06 12:46:38 Image size of job updated: 210544
	206  -  MemoryUsage of job (MB)
	210544  -  ResidentSetSize of job (KB)
...
006 (9018140.519.000) 01/06 12:51:39 Image size of job updated: 210556
	206  -  MemoryUsage of job (MB)
	210556  -  ResidentSetSize of job (KB)
...
006 (9018140.519.000) 01/06 13:11:41 Image size of job updated: 210560
	206  -  MemoryUsage of job (MB)
	210560  -  ResidentSetSize of job (KB)
...
006 (9018140.519.000) 01/06 13:26:42 Image size of job updated: 210564
	206  -  MemoryUsage of job (MB)
	210564  -  ResidentSetSize of job (KB)
...
006 (9018140.519.000) 01/06 13:31:43 Image size of job updated: 210576
	206  -  MemoryUsage of job (MB)
	210576  -  ResidentSetSize of job (KB)
...
006 (9018140.519.000) 01/06 13:41:44 Image size of job updated: 210580
	206  -  MemoryUsage of job (MB)
	210580  -  ResidentSetSize of job (KB)
...
006 (9018140.519.000) 01/06 13:46:44 Image size of job updated: 210584
	206  -  MemoryUsage of job (MB)
	210584  -  ResidentSetSize of job (KB)
...
006 (9018140.519.000) 01/06 13:56:45 Image size of job updated: 210588
	206  -  MemoryUsage of job (MB)
	210588  -  ResidentSetSize of job (KB)
...
006 (9018140.519.000) 01/06 14:01:45 Image size of job updated: 210596
	206  -  MemoryUsage of job (MB)
	210596  -  ResidentSetSize of job (KB)
...
006 (9018140.519.000) 01/06 14:16:46 Image size of job updated: 210600
	206  -  MemoryUsage of job (MB)
	210600  -  ResidentSetSize of job (KB)
...
006 (9018140.519.000) 01/06 14:21:39 Image size of job updated: 210616
	206  -  MemoryUsage of job (MB)
	210600  -  ResidentSetSize of job (KB)
...
040 (9018140.519.000) 01/06 14:21:39 Started transferring output files
...
040 (9018140.519.000) 01/06 14:21:41 Finished transferring output files
...
005 (9018140.519.000) 01/06 14:21:41 Job terminated.
	(1) Normal termination (return value 0)
		Usr 0 03:16:09, Sys 0 00:00:33  -  Run Remote Usage
		Usr 0 00:00:00, Sys 0 00:00:00  -  Run Local Usage
		Usr 0 03:16:09, Sys 0 00:00:33  -  Total Remote Usage
		Usr 0 00:00:00, Sys 0 00:00:00  -  Total Local Usage
	47066  -  Run Bytes Sent By Job
	21436  -  Run Bytes Received By Job
	47066  -  Total Bytes Sent By Job
	21436  -  Total Bytes Received By Job
	Partitionable Resources :    Usage  Request Allocated 
	   Cpus                 :     0.99        1         1 
	   Disk (KB)            :    94          22      3848 
	   GPUs                 :                           0 
	   Memory (MB)          :   206        3000      3000 
	   TimeExecute (s)      : 12022                       
	   TimeSlotBusy (s)     : 12025                       

	Job terminated of its own accord at 2026-01-06T13:21:39Z with exit-code 0.
...
