000 (9018140.388.000) 01/06 10:56:35 Job submitted from host: <188.185.6.50:9618?addrs=188.185.6.50-9618+[2001-1458-d00-62--100-2b1]-9618&alias=bigbird25.cern.ch&noUDP&sock=schedd_1627_90ad>
...
040 (9018140.388.000) 01/06 11:00:30 Started transferring input files
	Transferring to host: <188.185.214.176:9618?addrs=188.185.214.176-9618+[2001-1458-303-1d--100-2c]-9618&alias=b9p30p2994.cern.ch&noUDP&sock=slot1_13_3835837_ec28_33622>
...
040 (9018140.388.000) 01/06 11:00:30 Finished transferring input files
...
001 (9018140.388.000) 01/06 11:00:31 Job executing on host: <188.185.214.176:9618?addrs=188.185.214.176-9618+[2001-1458-303-1d--100-2c]-9618&alias=b9p30p2994.cern.ch&noUDP&sock=startd_5877_b62e>
	SlotName: slot1_13@b9p30p2994.cern.ch
	CondorScratchDir = "/pool/condor/dir_3639793"
	Cpus = 1
	Disk = 3766
	GPUs = 0
	Memory = 3000
...
006 (9018140.388.000) 01/06 11:00:44 Image size of job updated: 93324
	92  -  MemoryUsage of job (MB)
	93324  -  ResidentSetSize of job (KB)
...
006 (9018140.388.000) 01/06 11:05:44 Image size of job updated: 203592
	199  -  MemoryUsage of job (MB)
	203592  -  ResidentSetSize of job (KB)
...
006 (9018140.388.000) 01/06 11:10:45 Image size of job updated: 212144
	208  -  MemoryUsage of job (MB)
	212144  -  ResidentSetSize of job (KB)
...
006 (9018140.388.000) 01/06 11:15:45 Image size of job updated: 212296
	208  -  MemoryUsage of job (MB)
	212296  -  ResidentSetSize of job (KB)
...
006 (9018140.388.000) 01/06 11:20:46 Image size of job updated: 212376
	208  -  MemoryUsage of job (MB)
	212376  -  ResidentSetSize of job (KB)
...
006 (9018140.388.000) 01/06 11:25:47 Image size of job updated: 212572
	208  -  MemoryUsage of job (MB)
	212572  -  ResidentSetSize of job (KB)
...
006 (9018140.388.000) 01/06 11:30:47 Image size of job updated: 212612
	208  -  MemoryUsage of job (MB)
	212612  -  ResidentSetSize of job (KB)
...
006 (9018140.388.000) 01/06 11:45:48 Image size of job updated: 212656
	208  -  MemoryUsage of job (MB)
	212656  -  ResidentSetSize of job (KB)
...
006 (9018140.388.000) 01/06 11:50:49 Image size of job updated: 212664
	208  -  MemoryUsage of job (MB)
	212664  -  ResidentSetSize of job (KB)
...
006 (9018140.388.000) 01/06 12:10:51 Image size of job updated: 212672
	208  -  MemoryUsage of job (MB)
	212672  -  ResidentSetSize of job (KB)
...
006 (9018140.388.000) 01/06 12:15:52 Image size of job updated: 212696
	208  -  MemoryUsage of job (MB)
	212696  -  ResidentSetSize of job (KB)
...
006 (9018140.388.000) 01/06 12:25:53 Image size of job updated: 212700
	208  -  MemoryUsage of job (MB)
	212700  -  ResidentSetSize of job (KB)
...
006 (9018140.388.000) 01/06 12:30:54 Image size of job updated: 212708
	208  -  MemoryUsage of job (MB)
	212708  -  ResidentSetSize of job (KB)
...
006 (9018140.388.000) 01/06 12:35:54 Image size of job updated: 212764
	208  -  MemoryUsage of job (MB)
	212764  -  ResidentSetSize of job (KB)
...
006 (9018140.388.000) 01/06 12:45:55 Image size of job updated: 212768
	208  -  MemoryUsage of job (MB)
	212768  -  ResidentSetSize of job (KB)
...
006 (9018140.388.000) 01/06 12:50:55 Image size of job updated: 212772
	208  -  MemoryUsage of job (MB)
	212772  -  ResidentSetSize of job (KB)
...
006 (9018140.388.000) 01/06 12:55:55 Image size of job updated: 212776
	208  -  MemoryUsage of job (MB)
	212776  -  ResidentSetSize of job (KB)
...
006 (9018140.388.000) 01/06 13:00:56 Image size of job updated: 212816
	208  -  MemoryUsage of job (MB)
	212816  -  ResidentSetSize of job (KB)
...
006 (9018140.388.000) 01/06 13:05:56 Image size of job updated: 212900
	208  -  MemoryUsage of job (MB)
	212900  -  ResidentSetSize of job (KB)
...
006 (9018140.388.000) 01/06 13:10:57 Image size of job updated: 212904
	208  -  MemoryUsage of job (MB)
	212904  -  ResidentSetSize of job (KB)
...
006 (9018140.388.000) 01/06 13:15:58 Image size of job updated: 212960
	208  -  MemoryUsage of job (MB)
	212960  -  ResidentSetSize of job (KB)
...
006 (9018140.388.000) 01/06 13:20:58 Image size of job updated: 212988
	208  -  MemoryUsage of job (MB)
	212988  -  ResidentSetSize of job (KB)
...
006 (9018140.388.000) 01/06 13:25:59 Image size of job updated: 212992
	208  -  MemoryUsage of job (MB)
	212992  -  ResidentSetSize of job (KB)
...
006 (9018140.388.000) 01/06 13:41:00 Image size of job updated: 213000
	209  -  MemoryUsage of job (MB)
	213000  -  ResidentSetSize of job (KB)
...
006 (9018140.388.000) 01/06 13:46:00 Image size of job updated: 213004
	209  -  MemoryUsage of job (MB)
	213004  -  ResidentSetSize of job (KB)
...
006 (9018140.388.000) 01/06 13:51:00 Image size of job updated: 213012
	209  -  MemoryUsage of job (MB)
	213012  -  ResidentSetSize of job (KB)
...
006 (9018140.388.000) 01/06 14:01:01 Image size of job updated: 213016
	209  -  MemoryUsage of job (MB)
	213016  -  ResidentSetSize of job (KB)
...
006 (9018140.388.000) 01/06 14:06:01 Image size of job updated: 213024
	209  -  MemoryUsage of job (MB)
	213024  -  ResidentSetSize of job (KB)
...
040 (9018140.388.000) 01/06 14:13:44 Started transferring output files
...
040 (9018140.388.000) 01/06 14:13:47 Finished transferring output files
...
005 (9018140.388.000) 01/06 14:13:47 Job terminated.
	(1) Normal termination (return value 0)
		Usr 0 03:07:57, Sys 0 00:00:31  -  Run Remote Usage
		Usr 0 00:00:00, Sys 0 00:00:00  -  Run Local Usage
		Usr 0 03:07:57, Sys 0 00:00:31  -  Total Remote Usage
		Usr 0 00:00:00, Sys 0 00:00:00  -  Total Local Usage
	44835  -  Run Bytes Sent By Job
	21436  -  Run Bytes Received By Job
	44835  -  Total Bytes Sent By Job
	21436  -  Total Bytes Received By Job
	Partitionable Resources :    Usage  Request Allocated 
	   Cpus                 :     0.98        1         1 
	   Disk (KB)            :    92          22      3766 
	   GPUs                 :                           0 
	   Memory (MB)          :   209        3000      3000 
	   TimeExecute (s)      : 11593                       
	   TimeSlotBusy (s)     : 11598                       

	Job terminated of its own accord at 2026-01-06T13:13:44Z with exit-code 0.
...
