000 (9018140.237.000) 01/06 10:56:27 Job submitted from host: <188.185.6.50:9618?addrs=188.185.6.50-9618+[2001-1458-d00-62--100-2b1]-9618&alias=bigbird25.cern.ch&noUDP&sock=schedd_1627_90ad>
...
040 (9018140.237.000) 01/06 10:59:43 Started transferring input files
	Transferring to host: <188.185.212.23:9618?addrs=188.185.212.23-9618+[2001-1458-303-18--100-13]-9618&alias=b9p25p5701.cern.ch&noUDP&sock=slot1_34_5270_f10f_108647>
...
040 (9018140.237.000) 01/06 10:59:43 Finished transferring input files
...
001 (9018140.237.000) 01/06 10:59:44 Job executing on host: <188.185.212.23:9618?addrs=188.185.212.23-9618+[2001-1458-303-18--100-13]-9618&alias=b9p25p5701.cern.ch&noUDP&sock=startd_4273_8045>
	SlotName: slot1_34@b9p25p5701.cern.ch
	CondorScratchDir = "/pool/condor/dir_2687259"
	Cpus = 1
	Disk = 3828
	GPUs = 0
	Memory = 3000
...
006 (9018140.237.000) 01/06 10:59:57 Image size of job updated: 93652
	92  -  MemoryUsage of job (MB)
	93652  -  ResidentSetSize of job (KB)
...
006 (9018140.237.000) 01/06 11:04:57 Image size of job updated: 185328
	181  -  MemoryUsage of job (MB)
	185328  -  ResidentSetSize of job (KB)
...
006 (9018140.237.000) 01/06 11:06:15 Image size of job updated: 188588
	181  -  MemoryUsage of job (MB)
	185328  -  ResidentSetSize of job (KB)
...
040 (9018140.237.000) 01/06 11:06:15 Started transferring output files
...
040 (9018140.237.000) 01/06 11:06:17 Finished transferring output files
...
005 (9018140.237.000) 01/06 11:06:17 Job terminated.
	(1) Normal termination (return value 0)
		Usr 0 00:04:46, Sys 0 00:00:01  -  Run Remote Usage
		Usr 0 00:00:00, Sys 0 00:00:00  -  Run Local Usage
		Usr 0 00:04:46, Sys 0 00:00:01  -  Total Remote Usage
		Usr 0 00:00:00, Sys 0 00:00:00  -  Total Local Usage
	32664  -  Run Bytes Sent By Job
	21436  -  Run Bytes Received By Job
	32664  -  Total Bytes Sent By Job
	21436  -  Total Bytes Received By Job
	Partitionable Resources :    Usage  Request Allocated 
	   Cpus                 :     0.01        1         1 
	   Disk (KB)            :    80          22      3828 
	   GPUs                 :                           0 
	   Memory (MB)          :   181        3000      3000 
	   TimeExecute (s)      :   391                       
	   TimeSlotBusy (s)     :   395                       

	Job terminated of its own accord at 2026-01-06T10:06:15Z with exit-code 0.
...
