000 (9018140.068.000) 01/06 10:56:20 Job submitted from host: <188.185.6.50:9618?addrs=188.185.6.50-9618+[2001-1458-d00-62--100-2b1]-9618&alias=bigbird25.cern.ch&noUDP&sock=schedd_1627_90ad>
...
040 (9018140.068.000) 01/06 10:58:48 Started transferring input files
	Transferring to host: <188.185.194.21:9618?addrs=188.185.194.21-9618+[2001-1458-303-21--100-11]-9618&alias=b9p20p4734.cern.ch&noUDP&sock=slot1_44_6722_01ca_105224>
...
040 (9018140.068.000) 01/06 10:58:48 Finished transferring input files
...
001 (9018140.068.000) 01/06 10:58:49 Job executing on host: <188.185.194.21:9618?addrs=188.185.194.21-9618+[2001-1458-303-21--100-11]-9618&alias=b9p20p4734.cern.ch&noUDP&sock=startd_5622_cd88>
	SlotName: slot1_44@b9p20p4734.cern.ch
	CondorScratchDir = "/pool/condor/dir_2172525"
	Cpus = 1
	Disk = 3886
	GPUs = 0
	Memory = 3000
...
006 (9018140.068.000) 01/06 10:59:02 Image size of job updated: 94864
	93  -  MemoryUsage of job (MB)
	94864  -  ResidentSetSize of job (KB)
...
006 (9018140.068.000) 01/06 11:04:02 Image size of job updated: 209924
	206  -  MemoryUsage of job (MB)
	209924  -  ResidentSetSize of job (KB)
...
006 (9018140.068.000) 01/06 11:09:03 Image size of job updated: 209952
	206  -  MemoryUsage of job (MB)
	209952  -  ResidentSetSize of job (KB)
...
006 (9018140.068.000) 01/06 11:14:03 Image size of job updated: 210232
	206  -  MemoryUsage of job (MB)
	210232  -  ResidentSetSize of job (KB)
...
006 (9018140.068.000) 01/06 11:19:03 Image size of job updated: 210252
	206  -  MemoryUsage of job (MB)
	210252  -  ResidentSetSize of job (KB)
...
006 (9018140.068.000) 01/06 11:24:03 Image size of job updated: 210336
	206  -  MemoryUsage of job (MB)
	210336  -  ResidentSetSize of job (KB)
...
006 (9018140.068.000) 01/06 11:29:04 Image size of job updated: 210360
	206  -  MemoryUsage of job (MB)
	210360  -  ResidentSetSize of job (KB)
...
006 (9018140.068.000) 01/06 11:34:04 Image size of job updated: 210396
	206  -  MemoryUsage of job (MB)
	210396  -  ResidentSetSize of job (KB)
...
006 (9018140.068.000) 01/06 11:39:04 Image size of job updated: 210404
	206  -  MemoryUsage of job (MB)
	210404  -  ResidentSetSize of job (KB)
...
006 (9018140.068.000) 01/06 11:44:05 Image size of job updated: 210416
	206  -  MemoryUsage of job (MB)
	210416  -  ResidentSetSize of job (KB)
...
006 (9018140.068.000) 01/06 11:49:05 Image size of job updated: 210536
	206  -  MemoryUsage of job (MB)
	210536  -  ResidentSetSize of job (KB)
...
006 (9018140.068.000) 01/06 11:54:05 Image size of job updated: 210540
	206  -  MemoryUsage of job (MB)
	210540  -  ResidentSetSize of job (KB)
...
006 (9018140.068.000) 01/06 11:59:06 Image size of job updated: 210544
	206  -  MemoryUsage of job (MB)
	210544  -  ResidentSetSize of job (KB)
...
006 (9018140.068.000) 01/06 12:04:06 Image size of job updated: 210564
	206  -  MemoryUsage of job (MB)
	210564  -  ResidentSetSize of job (KB)
...
006 (9018140.068.000) 01/06 12:14:07 Image size of job updated: 210584
	206  -  MemoryUsage of job (MB)
	210584  -  ResidentSetSize of job (KB)
...
006 (9018140.068.000) 01/06 12:19:07 Image size of job updated: 210588
	206  -  MemoryUsage of job (MB)
	210588  -  ResidentSetSize of job (KB)
...
006 (9018140.068.000) 01/06 12:24:07 Image size of job updated: 211180
	207  -  MemoryUsage of job (MB)
	211180  -  ResidentSetSize of job (KB)
...
006 (9018140.068.000) 01/06 12:29:08 Image size of job updated: 211260
	207  -  MemoryUsage of job (MB)
	211260  -  ResidentSetSize of job (KB)
...
006 (9018140.068.000) 01/06 12:34:08 Image size of job updated: 211264
	207  -  MemoryUsage of job (MB)
	211264  -  ResidentSetSize of job (KB)
...
006 (9018140.068.000) 01/06 12:39:08 Image size of job updated: 211272
	207  -  MemoryUsage of job (MB)
	211272  -  ResidentSetSize of job (KB)
...
006 (9018140.068.000) 01/06 12:44:09 Image size of job updated: 211276
	207  -  MemoryUsage of job (MB)
	211276  -  ResidentSetSize of job (KB)
...
006 (9018140.068.000) 01/06 12:54:09 Image size of job updated: 211288
	207  -  MemoryUsage of job (MB)
	211288  -  ResidentSetSize of job (KB)
...
006 (9018140.068.000) 01/06 12:59:10 Image size of job updated: 211348
	207  -  MemoryUsage of job (MB)
	211348  -  ResidentSetSize of job (KB)
...
006 (9018140.068.000) 01/06 13:01:09 Image size of job updated: 211396
	207  -  MemoryUsage of job (MB)
	211348  -  ResidentSetSize of job (KB)
...
040 (9018140.068.000) 01/06 13:01:09 Started transferring output files
...
040 (9018140.068.000) 01/06 13:01:10 Finished transferring output files
...
005 (9018140.068.000) 01/06 13:01:10 Job terminated.
	(1) Normal termination (return value 0)
		Usr 0 02:00:29, Sys 0 00:00:08  -  Run Remote Usage
		Usr 0 00:00:00, Sys 0 00:00:00  -  Run Local Usage
		Usr 0 02:00:29, Sys 0 00:00:08  -  Total Remote Usage
		Usr 0 00:00:00, Sys 0 00:00:00  -  Total Local Usage
	40690  -  Run Bytes Sent By Job
	21436  -  Run Bytes Received By Job
	40690  -  Total Bytes Sent By Job
	21436  -  Total Bytes Received By Job
	Partitionable Resources :    Usage  Request Allocated 
	   Cpus                 :     0.99        1         1 
	   Disk (KB)            :    88          22      3886 
	   GPUs                 :                           0 
	   Memory (MB)          :   207        3000      3000 
	   TimeExecute (s)      :  7340                       
	   TimeSlotBusy (s)     :  7343                       

	Job terminated of its own accord at 2026-01-06T12:01:09Z with exit-code 0.
...
