000 (9018140.415.000) 01/06 10:56:36 Job submitted from host: <188.185.6.50:9618?addrs=188.185.6.50-9618+[2001-1458-d00-62--100-2b1]-9618&alias=bigbird25.cern.ch&noUDP&sock=schedd_1627_90ad>
...
040 (9018140.415.000) 01/06 11:00:43 Started transferring input files
	Transferring to host: <188.185.213.182:9618?addrs=188.185.213.182-9618+[2001-1458-303-1b--100-32]-9618&alias=b9p28p3646.cern.ch&noUDP&sock=slot1_9_4730_7679_135412>
...
040 (9018140.415.000) 01/06 11:00:44 Finished transferring input files
...
001 (9018140.415.000) 01/06 11:00:44 Job executing on host: <188.185.213.182:9618?addrs=188.185.213.182-9618+[2001-1458-303-1b--100-32]-9618&alias=b9p28p3646.cern.ch&noUDP&sock=startd_3933_4a12>
	SlotName: slot1_9@b9p28p3646.cern.ch
	CondorScratchDir = "/pool/condor/dir_1456537"
	Cpus = 1
	Disk = 3883
	GPUs = 0
	Memory = 3000
...
006 (9018140.415.000) 01/06 11:00:57 Image size of job updated: 95064
	93  -  MemoryUsage of job (MB)
	95064  -  ResidentSetSize of job (KB)
...
006 (9018140.415.000) 01/06 11:05:57 Image size of job updated: 208996
	205  -  MemoryUsage of job (MB)
	208996  -  ResidentSetSize of job (KB)
...
006 (9018140.415.000) 01/06 11:10:58 Image size of job updated: 216792
	212  -  MemoryUsage of job (MB)
	216792  -  ResidentSetSize of job (KB)
...
006 (9018140.415.000) 01/06 11:15:58 Image size of job updated: 216908
	212  -  MemoryUsage of job (MB)
	216908  -  ResidentSetSize of job (KB)
...
006 (9018140.415.000) 01/06 11:25:59 Image size of job updated: 216984
	212  -  MemoryUsage of job (MB)
	216984  -  ResidentSetSize of job (KB)
...
006 (9018140.415.000) 01/06 11:30:59 Image size of job updated: 217528
	213  -  MemoryUsage of job (MB)
	217528  -  ResidentSetSize of job (KB)
...
006 (9018140.415.000) 01/06 11:36:00 Image size of job updated: 217556
	213  -  MemoryUsage of job (MB)
	217556  -  ResidentSetSize of job (KB)
...
006 (9018140.415.000) 01/06 11:41:00 Image size of job updated: 217576
	213  -  MemoryUsage of job (MB)
	217576  -  ResidentSetSize of job (KB)
...
006 (9018140.415.000) 01/06 11:46:01 Image size of job updated: 217584
	213  -  MemoryUsage of job (MB)
	217584  -  ResidentSetSize of job (KB)
...
006 (9018140.415.000) 01/06 11:51:01 Image size of job updated: 217596
	213  -  MemoryUsage of job (MB)
	217596  -  ResidentSetSize of job (KB)
...
006 (9018140.415.000) 01/06 11:56:02 Image size of job updated: 217620
	213  -  MemoryUsage of job (MB)
	217620  -  ResidentSetSize of job (KB)
...
006 (9018140.415.000) 01/06 12:11:03 Image size of job updated: 217652
	213  -  MemoryUsage of job (MB)
	217652  -  ResidentSetSize of job (KB)
...
006 (9018140.415.000) 01/06 12:16:03 Image size of job updated: 217664
	213  -  MemoryUsage of job (MB)
	217664  -  ResidentSetSize of job (KB)
...
006 (9018140.415.000) 01/06 12:26:05 Image size of job updated: 217676
	213  -  MemoryUsage of job (MB)
	217676  -  ResidentSetSize of job (KB)
...
006 (9018140.415.000) 01/06 12:36:06 Image size of job updated: 217680
	213  -  MemoryUsage of job (MB)
	217680  -  ResidentSetSize of job (KB)
...
006 (9018140.415.000) 01/06 12:46:07 Image size of job updated: 217692
	213  -  MemoryUsage of job (MB)
	217692  -  ResidentSetSize of job (KB)
...
006 (9018140.415.000) 01/06 12:56:07 Image size of job updated: 217708
	213  -  MemoryUsage of job (MB)
	217708  -  ResidentSetSize of job (KB)
...
006 (9018140.415.000) 01/06 13:11:09 Image size of job updated: 217712
	213  -  MemoryUsage of job (MB)
	217712  -  ResidentSetSize of job (KB)
...
006 (9018140.415.000) 01/06 13:16:09 Image size of job updated: 217716
	213  -  MemoryUsage of job (MB)
	217716  -  ResidentSetSize of job (KB)
...
006 (9018140.415.000) 01/06 13:31:10 Image size of job updated: 217732
	213  -  MemoryUsage of job (MB)
	217732  -  ResidentSetSize of job (KB)
...
006 (9018140.415.000) 01/06 13:36:11 Image size of job updated: 217736
	213  -  MemoryUsage of job (MB)
	217736  -  ResidentSetSize of job (KB)
...
006 (9018140.415.000) 01/06 13:46:12 Image size of job updated: 221732
	217  -  MemoryUsage of job (MB)
	221732  -  ResidentSetSize of job (KB)
...
006 (9018140.415.000) 01/06 13:51:12 Image size of job updated: 251624
	246  -  MemoryUsage of job (MB)
	251624  -  ResidentSetSize of job (KB)
...
040 (9018140.415.000) 01/06 14:07:35 Started transferring output files
...
040 (9018140.415.000) 01/06 14:07:37 Finished transferring output files
...
005 (9018140.415.000) 01/06 14:07:37 Job terminated.
	(1) Normal termination (return value 0)
		Usr 0 02:57:16, Sys 0 00:01:22  -  Run Remote Usage
		Usr 0 00:00:00, Sys 0 00:00:00  -  Run Local Usage
		Usr 0 02:57:16, Sys 0 00:01:22  -  Total Remote Usage
		Usr 0 00:00:00, Sys 0 00:00:00  -  Total Local Usage
	44416  -  Run Bytes Sent By Job
	21436  -  Run Bytes Received By Job
	44416  -  Total Bytes Sent By Job
	21436  -  Total Bytes Received By Job
	Partitionable Resources :    Usage  Request Allocated 
	   Cpus                 :     0.99        1         1 
	   Disk (KB)            :    92          22      3883 
	   GPUs                 :                           0 
	   Memory (MB)          :   246        3000      3000 
	   TimeExecute (s)      : 11211                       
	   TimeSlotBusy (s)     : 11219                       

	Job terminated of its own accord at 2026-01-06T13:07:35Z with exit-code 0.
...
