i am in this directory
/pool/condor/dir_2221359
Python 3.9.23
3.9.23
 will run this python stop_check_met_eff.py /eos/user/m/mleoncoe/stop_event_check/privateNanoAod2018/nanoAOD_131.root /afs/cern.ch/work/m/mleoncoe/private/stop_met_check/outputs_2018/nanoAOD_131.json
event num1000
event num2000
event num3000
event num4000
event num5000
event num6000
event num7000
event num8000
event num9000
event num10000
event num11000
event num12000
event num13000
event num14000
event num15000
event num16000
event num17000
event num18000
event num19000
event num20000
event num21000
event num22000
event num23000
event num24000
event num25000
event num26000
event num27000
event num28000
event num29000
event num30000
event num31000
event num32000
event num33000
event num34000
event num35000
event num36000
event num37000
event num38000
event num39000
event num40000
event num41000
event num42000
event num43000
event num44000
event num45000
event num46000
event num47000
event num48000
event num49000
event num50000
event num51000
event num52000
event num53000
event num54000
event num55000
event num56000
event num57000
event num58000
event num59000
event num60000
event num61000
event num62000
event num63000
event num64000
event num65000
event num66000
event num67000
event num68000
event num69000
event num70000
event num71000
event num72000
event num73000
event num74000
event num75000
event num76000
event num77000
event num78000
event num79000
event num80000
event num81000
event num82000
event num83000
event num84000
event num85000
event num86000
event num87000
event num88000
event num89000
event num90000
event num91000
event num92000
event num93000
event num94000
event num95000
event num96000
event num97000
event num98000
event num99000
event num100000
event num101000
event num102000
event num103000
event num104000
event num105000
event num106000
event num107000
event num108000
event num109000
event num110000
event num111000
event num112000
event num113000
event num114000
event num115000
event num116000
event num117000
event num118000
event num119000
event num120000
event num121000
event num122000
event num123000
event num124000
event num125000
event num126000
event num127000
event num128000
event num129000
event num130000
{'250_240': [2092.0, 693.0], '250_240_passing_MET': [0.0, 0.0], '250_240_failing_MET': [0.0, 0.0], '250_240_min_MET_pt': [10000000.0, 10000000.0], '250_235': [0.0, 0.0], '250_235_passing_MET': [0.0, 0.0], '250_235_failing_MET': [0.0, 0.0], '250_235_min_MET_pt': [10000000.0, 10000000.0], '250_230': [752.0, 0.0], '250_230_passing_MET': [712.0, 0.0], '250_230_failing_MET': [40.0, 0.0], '250_230_min_MET_pt': [46.53414535522461, 10000000.0], '250_225': [0.0, 756.0], '250_225_passing_MET': [0.0, 720.0], '250_225_failing_MET': [0.0, 36.0], '250_225_min_MET_pt': [10000000.0, 15.448870658874512], '250_220': [0.0, 0.0], '250_220_passing_MET': [0.0, 0.0], '250_220_failing_MET': [0.0, 0.0], '250_220_min_MET_pt': [10000000.0, 10000000.0], '275_265': [1418.0, 743.0], '275_265_passing_MET': [0.0, 0.0], '275_265_failing_MET': [0.0, 0.0], '275_265_min_MET_pt': [10000000.0, 10000000.0], '275_260': [0.0, 0.0], '275_260_passing_MET': [0.0, 0.0], '275_260_failing_MET': [0.0, 0.0], '275_260_min_MET_pt': [10000000.0, 10000000.0], '275_255': [0.0, 0.0], '275_255_passing_MET': [0.0, 0.0], '275_255_failing_MET': [0.0, 0.0], '275_255_min_MET_pt': [10000000.0, 10000000.0], '275_250': [0.0, 0.0], '275_250_passing_MET': [0.0, 0.0], '275_250_failing_MET': [0.0, 0.0], '275_250_min_MET_pt': [10000000.0, 10000000.0], '275_245': [762.0, 0.0], '275_245_passing_MET': [723.0, 0.0], '275_245_failing_MET': [39.0, 0.0], '275_245_min_MET_pt': [17.77798843383789, 10000000.0], '300_290': [770.0, 1487.0], '300_290_passing_MET': [0.0, 0.0], '300_290_failing_MET': [0.0, 0.0], '300_290_min_MET_pt': [10000000.0, 10000000.0], '300_285': [0.0, 815.0], '300_285_passing_MET': [0.0, 781.0], '300_285_failing_MET': [0.0, 34.0], '300_285_min_MET_pt': [10000000.0, 36.03146743774414], '300_280': [0.0, 0.0], '300_280_passing_MET': [0.0, 0.0], '300_280_failing_MET': [0.0, 0.0], '300_280_min_MET_pt': [10000000.0, 10000000.0], '300_275': [0.0, 0.0], '300_275_passing_MET': [0.0, 0.0], '300_275_failing_MET': [0.0, 0.0], '300_275_min_MET_pt': [10000000.0, 10000000.0], '300_270': [0.0, 0.0], '300_270_passing_MET': [0.0, 0.0], '300_270_failing_MET': [0.0, 0.0], '300_270_min_MET_pt': [10000000.0, 10000000.0], '325_315': [796.0, 2381.0], '325_315_passing_MET': [0.0, 0.0], '325_315_failing_MET': [0.0, 0.0], '325_315_min_MET_pt': [10000000.0, 10000000.0], '325_310': [0.0, 0.0], '325_310_passing_MET': [0.0, 0.0], '325_310_failing_MET': [0.0, 0.0], '325_310_min_MET_pt': [10000000.0, 10000000.0], '325_305': [0.0, 0.0], '325_305_passing_MET': [0.0, 0.0], '325_305_failing_MET': [0.0, 0.0], '325_305_min_MET_pt': [10000000.0, 10000000.0], '325_300': [0.0, 0.0], '325_300_passing_MET': [0.0, 0.0], '325_300_failing_MET': [0.0, 0.0], '325_300_min_MET_pt': [10000000.0, 10000000.0], '325_295': [0.0, 0.0], '325_295_passing_MET': [0.0, 0.0], '325_295_failing_MET': [0.0, 0.0], '325_295_min_MET_pt': [10000000.0, 10000000.0], '350_340': [0.0, 0.0], '350_340_passing_MET': [0.0, 0.0], '350_340_failing_MET': [0.0, 0.0], '350_340_min_MET_pt': [10000000.0, 10000000.0], '350_335': [839.0, 859.0], '350_335_passing_MET': [0.0, 0.0], '350_335_failing_MET': [0.0, 0.0], '350_335_min_MET_pt': [10000000.0, 10000000.0], '350_330': [1763.0, 0.0], '350_330_passing_MET': [1692.0, 0.0], '350_330_failing_MET': [71.0, 0.0], '350_330_min_MET_pt': [16.887535095214844, 10000000.0], '350_325': [1749.0, 0.0], '350_325_passing_MET': [1706.0, 0.0], '350_325_failing_MET': [43.0, 0.0], '350_325_min_MET_pt': [18.907485961914062, 10000000.0], '350_320': [934.0, 900.0], '350_320_passing_MET': [0.0, 0.0], '350_320_failing_MET': [0.0, 0.0], '350_320_min_MET_pt': [10000000.0, 10000000.0], '375_365': [823.0, 1688.0], '375_365_passing_MET': [0.0, 0.0], '375_365_failing_MET': [0.0, 0.0], '375_365_min_MET_pt': [10000000.0, 10000000.0], '375_360': [925.0, 0.0], '375_360_passing_MET': [896.0, 0.0], '375_360_failing_MET': [29.0, 0.0], '375_360_min_MET_pt': [18.872936248779297, 10000000.0], '375_355': [0.0, 0.0], '375_355_passing_MET': [0.0, 0.0], '375_355_failing_MET': [0.0, 0.0], '375_355_min_MET_pt': [10000000.0, 10000000.0], '375_350': [0.0, 0.0], '375_350_passing_MET': [0.0, 0.0], '375_350_failing_MET': [0.0, 0.0], '375_350_min_MET_pt': [10000000.0, 10000000.0], '375_345': [0.0, 928.0], '375_345_passing_MET': [0.0, 895.0], '375_345_failing_MET': [0.0, 33.0], '375_345_min_MET_pt': [10000000.0, 47.403324127197266], '400_390': [0.0, 1738.0], '400_390_passing_MET': [0.0, 1686.0], '400_390_failing_MET': [0.0, 52.0], '400_390_min_MET_pt': [10000000.0, 37.1578369140625], '400_385': [0.0, 0.0], '400_385_passing_MET': [0.0, 0.0], '400_385_failing_MET': [0.0, 0.0], '400_385_min_MET_pt': [10000000.0, 10000000.0], '400_380': [0.0, 0.0], '400_380_passing_MET': [0.0, 0.0], '400_380_failing_MET': [0.0, 0.0], '400_380_min_MET_pt': [10000000.0, 10000000.0], '400_375': [0.0, 0.0], '400_375_passing_MET': [0.0, 0.0], '400_375_failing_MET': [0.0, 0.0], '400_375_min_MET_pt': [10000000.0, 10000000.0], '400_370': [0.0, 975.0], '400_370_passing_MET': [0.0, 936.0], '400_370_failing_MET': [0.0, 39.0], '400_370_min_MET_pt': [10000000.0, 8.888683319091797], '425_415': [4425.0, 0.0], '425_415_passing_MET': [4299.0, 0.0], '425_415_failing_MET': [126.0, 0.0], '425_415_min_MET_pt': [22.732383728027344, 10000000.0], '425_410': [0.0, 0.0], '425_410_passing_MET': [0.0, 0.0], '425_410_failing_MET': [0.0, 0.0], '425_410_min_MET_pt': [10000000.0, 10000000.0], '425_405': [0.0, 0.0], '425_405_passing_MET': [0.0, 0.0], '425_405_failing_MET': [0.0, 0.0], '425_405_min_MET_pt': [10000000.0, 10000000.0], '425_400': [0.0, 986.0], '425_400_passing_MET': [0.0, 945.0], '425_400_failing_MET': [0.0, 41.0], '425_400_min_MET_pt': [10000000.0, 14.77320671081543], '425_395': [0.0, 0.0], '425_395_passing_MET': [0.0, 0.0], '425_395_failing_MET': [0.0, 0.0], '425_395_min_MET_pt': [10000000.0, 10000000.0], '450_440': [1759.0, 0.0], '450_440_passing_MET': [1705.0, 0.0], '450_440_failing_MET': [54.0, 0.0], '450_440_min_MET_pt': [20.85664176940918, 10000000.0], '450_435': [933.0, 940.0], '450_435_passing_MET': [0.0, 0.0], '450_435_failing_MET': [0.0, 0.0], '450_435_min_MET_pt': [10000000.0, 10000000.0], '450_430': [978.0, 946.0], '450_430_passing_MET': [0.0, 0.0], '450_430_failing_MET': [0.0, 0.0], '450_430_min_MET_pt': [10000000.0, 10000000.0], '450_425': [989.0, 0.0], '450_425_passing_MET': [938.0, 0.0], '450_425_failing_MET': [51.0, 0.0], '450_425_min_MET_pt': [26.174482345581055, 10000000.0], '450_420': [992.0, 952.0], '450_420_passing_MET': [0.0, 0.0], '450_420_failing_MET': [0.0, 0.0], '450_420_min_MET_pt': [10000000.0, 10000000.0], '475_465': [0.0, 0.0], '475_465_passing_MET': [0.0, 0.0], '475_465_failing_MET': [0.0, 0.0], '475_465_min_MET_pt': [10000000.0, 10000000.0], '475_460': [0.0, 919.0], '475_460_passing_MET': [0.0, 888.0], '475_460_failing_MET': [0.0, 31.0], '475_460_min_MET_pt': [10000000.0, 38.68123245239258], '475_455': [0.0, 0.0], '475_455_passing_MET': [0.0, 0.0], '475_455_failing_MET': [0.0, 0.0], '475_455_min_MET_pt': [10000000.0, 10000000.0], '475_450': [0.0, 0.0], '475_450_passing_MET': [0.0, 0.0], '475_450_failing_MET': [0.0, 0.0], '475_450_min_MET_pt': [10000000.0, 10000000.0], '475_445': [970.0, 0.0], '475_445_passing_MET': [947.0, 0.0], '475_445_failing_MET': [23.0, 0.0], '475_445_min_MET_pt': [38.78875732421875, 10000000.0], '500_490': [0.0, 0.0], '500_490_passing_MET': [0.0, 0.0], '500_490_failing_MET': [0.0, 0.0], '500_490_min_MET_pt': [10000000.0, 10000000.0], '500_485': [0.0, 938.0], '500_485_passing_MET': [0.0, 920.0], '500_485_failing_MET': [0.0, 18.0], '500_485_min_MET_pt': [10000000.0, 26.98735237121582], '500_480': [0.0, 0.0], '500_480_passing_MET': [0.0, 0.0], '500_480_failing_MET': [0.0, 0.0], '500_480_min_MET_pt': [10000000.0, 10000000.0], '500_475': [0.0, 1011.0], '500_475_passing_MET': [0.0, 978.0], '500_475_failing_MET': [0.0, 33.0], '500_475_min_MET_pt': [10000000.0, 36.258949279785156], '500_470': [0.0, 1026.0], '500_470_passing_MET': [0.0, 989.0], '500_470_failing_MET': [0.0, 37.0], '500_470_min_MET_pt': [10000000.0, 43.91324234008789], '525_515': [0.0, 0.0], '525_515_passing_MET': [0.0, 0.0], '525_515_failing_MET': [0.0, 0.0], '525_515_min_MET_pt': [10000000.0, 10000000.0], '525_510': [0.0, 0.0], '525_510_passing_MET': [0.0, 0.0], '525_510_failing_MET': [0.0, 0.0], '525_510_min_MET_pt': [10000000.0, 10000000.0], '525_505': [0.0, 0.0], '525_505_passing_MET': [0.0, 0.0], '525_505_failing_MET': [0.0, 0.0], '525_505_min_MET_pt': [10000000.0, 10000000.0], '525_500': [0.0, 0.0], '525_500_passing_MET': [0.0, 0.0], '525_500_failing_MET': [0.0, 0.0], '525_500_min_MET_pt': [10000000.0, 10000000.0], '525_495': [0.0, 0.0], '525_495_passing_MET': [0.0, 0.0], '525_495_failing_MET': [0.0, 0.0], '525_495_min_MET_pt': [10000000.0, 10000000.0], '550_540': [0.0, 959.0], '550_540_passing_MET': [0.0, 931.0], '550_540_failing_MET': [0.0, 28.0], '550_540_min_MET_pt': [10000000.0, 47.3842658996582], '550_535': [861.0, 0.0], '550_535_passing_MET': [838.0, 0.0], '550_535_failing_MET': [23.0, 0.0], '550_535_min_MET_pt': [27.354570388793945, 10000000.0], '550_530': [0.0, 0.0], '550_530_passing_MET': [0.0, 0.0], '550_530_failing_MET': [0.0, 0.0], '550_530_min_MET_pt': [10000000.0, 10000000.0], '550_525': [0.0, 0.0], '550_525_passing_MET': [0.0, 0.0], '550_525_failing_MET': [0.0, 0.0], '550_525_min_MET_pt': [10000000.0, 10000000.0], '550_520': [0.0, 0.0], '550_520_passing_MET': [0.0, 0.0], '550_520_failing_MET': [0.0, 0.0], '550_520_min_MET_pt': [10000000.0, 10000000.0], '575_565': [0.0, 0.0], '575_565_passing_MET': [0.0, 0.0], '575_565_failing_MET': [0.0, 0.0], '575_565_min_MET_pt': [10000000.0, 10000000.0], '575_560': [0.0, 0.0], '575_560_passing_MET': [0.0, 0.0], '575_560_failing_MET': [0.0, 0.0], '575_560_min_MET_pt': [10000000.0, 10000000.0], '575_555': [0.0, 0.0], '575_555_passing_MET': [0.0, 0.0], '575_555_failing_MET': [0.0, 0.0], '575_555_min_MET_pt': [10000000.0, 10000000.0], '575_550': [0.0, 0.0], '575_550_passing_MET': [0.0, 0.0], '575_550_failing_MET': [0.0, 0.0], '575_550_min_MET_pt': [10000000.0, 10000000.0], '575_545': [0.0, 0.0], '575_545_passing_MET': [0.0, 0.0], '575_545_failing_MET': [0.0, 0.0], '575_545_min_MET_pt': [10000000.0, 10000000.0], '600_590': [975.0, 1972.0], '600_590_passing_MET': [0.0, 0.0], '600_590_failing_MET': [0.0, 0.0], '600_590_min_MET_pt': [10000000.0, 10000000.0], '600_585': [0.0, 0.0], '600_585_passing_MET': [0.0, 0.0], '600_585_failing_MET': [0.0, 0.0], '600_585_min_MET_pt': [10000000.0, 10000000.0], '600_580': [0.0, 0.0], '600_580_passing_MET': [0.0, 0.0], '600_580_failing_MET': [0.0, 0.0], '600_580_min_MET_pt': [10000000.0, 10000000.0], '600_575': [0.0, 0.0], '600_575_passing_MET': [0.0, 0.0], '600_575_failing_MET': [0.0, 0.0], '600_575_min_MET_pt': [10000000.0, 10000000.0], '600_570': [0.0, 0.0], '600_570_passing_MET': [0.0, 0.0], '600_570_failing_MET': [0.0, 0.0], '600_570_min_MET_pt': [10000000.0, 10000000.0], '625_615': [0.0, 0.0], '625_615_passing_MET': [0.0, 0.0], '625_615_failing_MET': [0.0, 0.0], '625_615_min_MET_pt': [10000000.0, 10000000.0], '625_610': [0.0, 0.0], '625_610_passing_MET': [0.0, 0.0], '625_610_failing_MET': [0.0, 0.0], '625_610_min_MET_pt': [10000000.0, 10000000.0], '625_605': [0.0, 0.0], '625_605_passing_MET': [0.0, 0.0], '625_605_failing_MET': [0.0, 0.0], '625_605_min_MET_pt': [10000000.0, 10000000.0], '625_600': [0.0, 0.0], '625_600_passing_MET': [0.0, 0.0], '625_600_failing_MET': [0.0, 0.0], '625_600_min_MET_pt': [10000000.0, 10000000.0], '625_595': [0.0, 0.0], '625_595_passing_MET': [0.0, 0.0], '625_595_failing_MET': [0.0, 0.0], '625_595_min_MET_pt': [10000000.0, 10000000.0], '650_640': [0.0, 973.0], '650_640_passing_MET': [0.0, 946.0], '650_640_failing_MET': [0.0, 27.0], '650_640_min_MET_pt': [10000000.0, 6.614407539367676], '650_635': [0.0, 0.0], '650_635_passing_MET': [0.0, 0.0], '650_635_failing_MET': [0.0, 0.0], '650_635_min_MET_pt': [10000000.0, 10000000.0], '650_630': [0.0, 0.0], '650_630_passing_MET': [0.0, 0.0], '650_630_failing_MET': [0.0, 0.0], '650_630_min_MET_pt': [10000000.0, 10000000.0], '650_625': [0.0, 0.0], '650_625_passing_MET': [0.0, 0.0], '650_625_failing_MET': [0.0, 0.0], '650_625_min_MET_pt': [10000000.0, 10000000.0], '650_620': [0.0, 0.0], '650_620_passing_MET': [0.0, 0.0], '650_620_failing_MET': [0.0, 0.0], '650_620_min_MET_pt': [10000000.0, 10000000.0], '675_665': [0.0, 0.0], '675_665_passing_MET': [0.0, 0.0], '675_665_failing_MET': [0.0, 0.0], '675_665_min_MET_pt': [10000000.0, 10000000.0], '675_660': [0.0, 0.0], '675_660_passing_MET': [0.0, 0.0], '675_660_failing_MET': [0.0, 0.0], '675_660_min_MET_pt': [10000000.0, 10000000.0], '675_655': [0.0, 0.0], '675_655_passing_MET': [0.0, 0.0], '675_655_failing_MET': [0.0, 0.0], '675_655_min_MET_pt': [10000000.0, 10000000.0], '675_650': [0.0, 0.0], '675_650_passing_MET': [0.0, 0.0], '675_650_failing_MET': [0.0, 0.0], '675_650_min_MET_pt': [10000000.0, 10000000.0], '675_645': [0.0, 0.0], '675_645_passing_MET': [0.0, 0.0], '675_645_failing_MET': [0.0, 0.0], '675_645_min_MET_pt': [10000000.0, 10000000.0], '700_690': [3154.0, 0.0], '700_690_passing_MET': [3080.0, 0.0], '700_690_failing_MET': [74.0, 0.0], '700_690_min_MET_pt': [10.193843841552734, 10000000.0], '700_685': [919.0, 0.0], '700_685_passing_MET': [894.0, 0.0], '700_685_failing_MET': [25.0, 0.0], '700_685_min_MET_pt': [49.84593200683594, 10000000.0], '700_680': [0.0, 0.0], '700_680_passing_MET': [0.0, 0.0], '700_680_failing_MET': [0.0, 0.0], '700_680_min_MET_pt': [10000000.0, 10000000.0], '700_675': [0.0, 0.0], '700_675_passing_MET': [0.0, 0.0], '700_675_failing_MET': [0.0, 0.0], '700_675_min_MET_pt': [10000000.0, 10000000.0], '700_670': [0.0, 0.0], '700_670_passing_MET': [0.0, 0.0], '700_670_failing_MET': [0.0, 0.0], '700_670_min_MET_pt': [10000000.0, 10000000.0], '725_715': [0.0, 0.0], '725_715_passing_MET': [0.0, 0.0], '725_715_failing_MET': [0.0, 0.0], '725_715_min_MET_pt': [10000000.0, 10000000.0], '725_710': [0.0, 0.0], '725_710_passing_MET': [0.0, 0.0], '725_710_failing_MET': [0.0, 0.0], '725_710_min_MET_pt': [10000000.0, 10000000.0], '725_705': [0.0, 0.0], '725_705_passing_MET': [0.0, 0.0], '725_705_failing_MET': [0.0, 0.0], '725_705_min_MET_pt': [10000000.0, 10000000.0], '725_700': [0.0, 0.0], '725_700_passing_MET': [0.0, 0.0], '725_700_failing_MET': [0.0, 0.0], '725_700_min_MET_pt': [10000000.0, 10000000.0], '725_695': [0.0, 0.0], '725_695_passing_MET': [0.0, 0.0], '725_695_failing_MET': [0.0, 0.0], '725_695_min_MET_pt': [10000000.0, 10000000.0], '750_740': [1056.0, 0.0], '750_740_passing_MET': [1029.0, 0.0], '750_740_failing_MET': [27.0, 0.0], '750_740_min_MET_pt': [24.748071670532227, 10000000.0], '750_735': [0.0, 0.0], '750_735_passing_MET': [0.0, 0.0], '750_735_failing_MET': [0.0, 0.0], '750_735_min_MET_pt': [10000000.0, 10000000.0], '750_730': [0.0, 0.0], '750_730_passing_MET': [0.0, 0.0], '750_730_failing_MET': [0.0, 0.0], '750_730_min_MET_pt': [10000000.0, 10000000.0], '750_725': [0.0, 0.0], '750_725_passing_MET': [0.0, 0.0], '750_725_failing_MET': [0.0, 0.0], '750_725_min_MET_pt': [10000000.0, 10000000.0], '750_720': [1100.0, 0.0], '750_720_passing_MET': [1062.0, 0.0], '750_720_failing_MET': [38.0, 0.0], '750_720_min_MET_pt': [30.115192413330078, 10000000.0], '775_765': [0.0, 0.0], '775_765_passing_MET': [0.0, 0.0], '775_765_failing_MET': [0.0, 0.0], '775_765_min_MET_pt': [10000000.0, 10000000.0], '775_760': [0.0, 0.0], '775_760_passing_MET': [0.0, 0.0], '775_760_failing_MET': [0.0, 0.0], '775_760_min_MET_pt': [10000000.0, 10000000.0], '775_755': [0.0, 0.0], '775_755_passing_MET': [0.0, 0.0], '775_755_failing_MET': [0.0, 0.0], '775_755_min_MET_pt': [10000000.0, 10000000.0], '775_750': [0.0, 0.0], '775_750_passing_MET': [0.0, 0.0], '775_750_failing_MET': [0.0, 0.0], '775_750_min_MET_pt': [10000000.0, 10000000.0], '775_745': [0.0, 0.0], '775_745_passing_MET': [0.0, 0.0], '775_745_failing_MET': [0.0, 0.0], '775_745_min_MET_pt': [10000000.0, 10000000.0], '800_790': [0.0, 1064.0], '800_790_passing_MET': [0.0, 1039.0], '800_790_failing_MET': [0.0, 25.0], '800_790_min_MET_pt': [10000000.0, 44.32289123535156], '800_785': [0.0, 0.0], '800_785_passing_MET': [0.0, 0.0], '800_785_failing_MET': [0.0, 0.0], '800_785_min_MET_pt': [10000000.0, 10000000.0], '800_780': [0.0, 0.0], '800_780_passing_MET': [0.0, 0.0], '800_780_failing_MET': [0.0, 0.0], '800_780_min_MET_pt': [10000000.0, 10000000.0], '800_775': [0.0, 0.0], '800_775_passing_MET': [0.0, 0.0], '800_775_failing_MET': [0.0, 0.0], '800_775_min_MET_pt': [10000000.0, 10000000.0], '800_770': [0.0, 0.0], '800_770_passing_MET': [0.0, 0.0], '800_770_failing_MET': [0.0, 0.0], '800_770_min_MET_pt': [10000000.0, 10000000.0], '825_815': [0.0, 0.0], '825_815_passing_MET': [0.0, 0.0], '825_815_failing_MET': [0.0, 0.0], '825_815_min_MET_pt': [10000000.0, 10000000.0], '825_810': [0.0, 0.0], '825_810_passing_MET': [0.0, 0.0], '825_810_failing_MET': [0.0, 0.0], '825_810_min_MET_pt': [10000000.0, 10000000.0], '825_805': [0.0, 0.0], '825_805_passing_MET': [0.0, 0.0], '825_805_failing_MET': [0.0, 0.0], '825_805_min_MET_pt': [10000000.0, 10000000.0], '825_800': [0.0, 0.0], '825_800_passing_MET': [0.0, 0.0], '825_800_failing_MET': [0.0, 0.0], '825_800_min_MET_pt': [10000000.0, 10000000.0], '825_795': [0.0, 0.0], '825_795_passing_MET': [0.0, 0.0], '825_795_failing_MET': [0.0, 0.0], '825_795_min_MET_pt': [10000000.0, 10000000.0], '850_840': [1104.0, 1088.0], '850_840_passing_MET': [0.0, 0.0], '850_840_failing_MET': [0.0, 0.0], '850_840_min_MET_pt': [10000000.0, 10000000.0], '850_835': [925.0, 912.0], '850_835_passing_MET': [0.0, 0.0], '850_835_failing_MET': [0.0, 0.0], '850_835_min_MET_pt': [10000000.0, 10000000.0], '850_830': [0.0, 0.0], '850_830_passing_MET': [0.0, 0.0], '850_830_failing_MET': [0.0, 0.0], '850_830_min_MET_pt': [10000000.0, 10000000.0], '850_825': [0.0, 941.0], '850_825_passing_MET': [0.0, 925.0], '850_825_failing_MET': [0.0, 16.0], '850_825_min_MET_pt': [10000000.0, 29.688413619995117], '850_820': [0.0, 0.0], '850_820_passing_MET': [0.0, 0.0], '850_820_failing_MET': [0.0, 0.0], '850_820_min_MET_pt': [10000000.0, 10000000.0], '875_865': [0.0, 0.0], '875_865_passing_MET': [0.0, 0.0], '875_865_failing_MET': [0.0, 0.0], '875_865_min_MET_pt': [10000000.0, 10000000.0], '875_860': [0.0, 0.0], '875_860_passing_MET': [0.0, 0.0], '875_860_failing_MET': [0.0, 0.0], '875_860_min_MET_pt': [10000000.0, 10000000.0], '875_855': [0.0, 0.0], '875_855_passing_MET': [0.0, 0.0], '875_855_failing_MET': [0.0, 0.0], '875_855_min_MET_pt': [10000000.0, 10000000.0], '875_850': [0.0, 0.0], '875_850_passing_MET': [0.0, 0.0], '875_850_failing_MET': [0.0, 0.0], '875_850_min_MET_pt': [10000000.0, 10000000.0], '875_845': [0.0, 0.0], '875_845_passing_MET': [0.0, 0.0], '875_845_failing_MET': [0.0, 0.0], '875_845_min_MET_pt': [10000000.0, 10000000.0], '900_890': [4427.0, 0.0], '900_890_passing_MET': [4336.0, 0.0], '900_890_failing_MET': [91.0, 0.0], '900_890_min_MET_pt': [21.011066436767578, 10000000.0], '900_885': [0.0, 0.0], '900_885_passing_MET': [0.0, 0.0], '900_885_failing_MET': [0.0, 0.0], '900_885_min_MET_pt': [10000000.0, 10000000.0], '900_880': [1163.0, 0.0], '900_880_passing_MET': [1133.0, 0.0], '900_880_failing_MET': [30.0, 0.0], '900_880_min_MET_pt': [21.733694076538086, 10000000.0], '900_875': [0.0, 0.0], '900_875_passing_MET': [0.0, 0.0], '900_875_failing_MET': [0.0, 0.0], '900_875_min_MET_pt': [10000000.0, 10000000.0], '900_870': [0.0, 0.0], '900_870_passing_MET': [0.0, 0.0], '900_870_failing_MET': [0.0, 0.0], '900_870_min_MET_pt': [10000000.0, 10000000.0], '925_915': [0.0, 0.0], '925_915_passing_MET': [0.0, 0.0], '925_915_failing_MET': [0.0, 0.0], '925_915_min_MET_pt': [10000000.0, 10000000.0], '925_910': [0.0, 0.0], '925_910_passing_MET': [0.0, 0.0], '925_910_failing_MET': [0.0, 0.0], '925_910_min_MET_pt': [10000000.0, 10000000.0], '925_905': [0.0, 0.0], '925_905_passing_MET': [0.0, 0.0], '925_905_failing_MET': [0.0, 0.0], '925_905_min_MET_pt': [10000000.0, 10000000.0], '925_900': [0.0, 0.0], '925_900_passing_MET': [0.0, 0.0], '925_900_failing_MET': [0.0, 0.0], '925_900_min_MET_pt': [10000000.0, 10000000.0], '925_895': [0.0, 0.0], '925_895_passing_MET': [0.0, 0.0], '925_895_failing_MET': [0.0, 0.0], '925_895_min_MET_pt': [10000000.0, 10000000.0], '950_940': [0.0, 2092.0], '950_940_passing_MET': [0.0, 2034.0], '950_940_failing_MET': [0.0, 58.0], '950_940_min_MET_pt': [10000000.0, 23.618377685546875], '950_935': [0.0, 0.0], '950_935_passing_MET': [0.0, 0.0], '950_935_failing_MET': [0.0, 0.0], '950_935_min_MET_pt': [10000000.0, 10000000.0], '950_930': [1164.0, 0.0], '950_930_passing_MET': [1138.0, 0.0], '950_930_failing_MET': [26.0, 0.0], '950_930_min_MET_pt': [47.020503997802734, 10000000.0], '950_925': [0.0, 986.0], '950_925_passing_MET': [0.0, 965.0], '950_925_failing_MET': [0.0, 21.0], '950_925_min_MET_pt': [10000000.0, 41.46356964111328], '950_920': [0.0, 0.0], '950_920_passing_MET': [0.0, 0.0], '950_920_failing_MET': [0.0, 0.0], '950_920_min_MET_pt': [10000000.0, 10000000.0], '975_965': [0.0, 0.0], '975_965_passing_MET': [0.0, 0.0], '975_965_failing_MET': [0.0, 0.0], '975_965_min_MET_pt': [10000000.0, 10000000.0], '975_960': [0.0, 0.0], '975_960_passing_MET': [0.0, 0.0], '975_960_failing_MET': [0.0, 0.0], '975_960_min_MET_pt': [10000000.0, 10000000.0], '975_955': [0.0, 0.0], '975_955_passing_MET': [0.0, 0.0], '975_955_failing_MET': [0.0, 0.0], '975_955_min_MET_pt': [10000000.0, 10000000.0], '975_950': [0.0, 0.0], '975_950_passing_MET': [0.0, 0.0], '975_950_failing_MET': [0.0, 0.0], '975_950_min_MET_pt': [10000000.0, 10000000.0], '975_945': [0.0, 0.0], '975_945_passing_MET': [0.0, 0.0], '975_945_failing_MET': [0.0, 0.0], '975_945_min_MET_pt': [10000000.0, 10000000.0], '1000_990': [2211.0, 1108.0], '1000_990_passing_MET': [0.0, 0.0], '1000_990_failing_MET': [0.0, 0.0], '1000_990_min_MET_pt': [10000000.0, 10000000.0], '1000_985': [0.0, 0.0], '1000_985_passing_MET': [0.0, 0.0], '1000_985_failing_MET': [0.0, 0.0], '1000_985_min_MET_pt': [10000000.0, 10000000.0], '1000_980': [0.0, 1146.0], '1000_980_passing_MET': [0.0, 1118.0], '1000_980_failing_MET': [0.0, 28.0], '1000_980_min_MET_pt': [10000000.0, 21.84844970703125], '1000_975': [0.0, 0.0], '1000_975_passing_MET': [0.0, 0.0], '1000_975_failing_MET': [0.0, 0.0], '1000_975_min_MET_pt': [10000000.0, 10000000.0], '1000_970': [0.0, 0.0], '1000_970_passing_MET': [0.0, 0.0], '1000_970_failing_MET': [0.0, 0.0], '1000_970_min_MET_pt': [10000000.0, 10000000.0], '1025_1015': [0.0, 0.0], '1025_1015_passing_MET': [0.0, 0.0], '1025_1015_failing_MET': [0.0, 0.0], '1025_1015_min_MET_pt': [10000000.0, 10000000.0], '1025_1010': [0.0, 0.0], '1025_1010_passing_MET': [0.0, 0.0], '1025_1010_failing_MET': [0.0, 0.0], '1025_1010_min_MET_pt': [10000000.0, 10000000.0], '1025_1005': [0.0, 0.0], '1025_1005_passing_MET': [0.0, 0.0], '1025_1005_failing_MET': [0.0, 0.0], '1025_1005_min_MET_pt': [10000000.0, 10000000.0], '1025_1000': [0.0, 0.0], '1025_1000_passing_MET': [0.0, 0.0], '1025_1000_failing_MET': [0.0, 0.0], '1025_1000_min_MET_pt': [10000000.0, 10000000.0], '1025_995': [0.0, 0.0], '1025_995_passing_MET': [0.0, 0.0], '1025_995_failing_MET': [0.0, 0.0], '1025_995_min_MET_pt': [10000000.0, 10000000.0], '1050_1040': [0.0, 0.0], '1050_1040_passing_MET': [0.0, 0.0], '1050_1040_failing_MET': [0.0, 0.0], '1050_1040_min_MET_pt': [10000000.0, 10000000.0], '1050_1035': [0.0, 0.0], '1050_1035_passing_MET': [0.0, 0.0], '1050_1035_failing_MET': [0.0, 0.0], '1050_1035_min_MET_pt': [10000000.0, 10000000.0], '1050_1030': [0.0, 0.0], '1050_1030_passing_MET': [0.0, 0.0], '1050_1030_failing_MET': [0.0, 0.0], '1050_1030_min_MET_pt': [10000000.0, 10000000.0], '1050_1025': [0.0, 0.0], '1050_1025_passing_MET': [0.0, 0.0], '1050_1025_failing_MET': [0.0, 0.0], '1050_1025_min_MET_pt': [10000000.0, 10000000.0], '1050_1020': [0.0, 0.0], '1050_1020_passing_MET': [0.0, 0.0], '1050_1020_failing_MET': [0.0, 0.0], '1050_1020_min_MET_pt': [10000000.0, 10000000.0], '1075_1065': [0.0, 0.0], '1075_1065_passing_MET': [0.0, 0.0], '1075_1065_failing_MET': [0.0, 0.0], '1075_1065_min_MET_pt': [10000000.0, 10000000.0], '1075_1060': [0.0, 0.0], '1075_1060_passing_MET': [0.0, 0.0], '1075_1060_failing_MET': [0.0, 0.0], '1075_1060_min_MET_pt': [10000000.0, 10000000.0], '1075_1055': [0.0, 0.0], '1075_1055_passing_MET': [0.0, 0.0], '1075_1055_failing_MET': [0.0, 0.0], '1075_1055_min_MET_pt': [10000000.0, 10000000.0], '1075_1050': [0.0, 0.0], '1075_1050_passing_MET': [0.0, 0.0], '1075_1050_failing_MET': [0.0, 0.0], '1075_1050_min_MET_pt': [10000000.0, 10000000.0], '1075_1045': [0.0, 0.0], '1075_1045_passing_MET': [0.0, 0.0], '1075_1045_failing_MET': [0.0, 0.0], '1075_1045_min_MET_pt': [10000000.0, 10000000.0], '1100_1090': [0.0, 1049.0], '1100_1090_passing_MET': [0.0, 1025.0], '1100_1090_failing_MET': [0.0, 24.0], '1100_1090_min_MET_pt': [10000000.0, 34.72946548461914], '1100_1085': [0.0, 0.0], '1100_1085_passing_MET': [0.0, 0.0], '1100_1085_failing_MET': [0.0, 0.0], '1100_1085_min_MET_pt': [10000000.0, 10000000.0], '1100_1080': [0.0, 0.0], '1100_1080_passing_MET': [0.0, 0.0], '1100_1080_failing_MET': [0.0, 0.0], '1100_1080_min_MET_pt': [10000000.0, 10000000.0], '1100_1075': [0.0, 0.0], '1100_1075_passing_MET': [0.0, 0.0], '1100_1075_failing_MET': [0.0, 0.0], '1100_1075_min_MET_pt': [10000000.0, 10000000.0], '1100_1070': [0.0, 0.0], '1100_1070_passing_MET': [0.0, 0.0], '1100_1070_failing_MET': [0.0, 0.0], '1100_1070_min_MET_pt': [10000000.0, 10000000.0], 'nEventsTotal': 130506.0, 'strange masspoints': 0.0, 'orphans': 0.0, 'R-hadron event': 0.0, 'different stop antistop masses': 0.0, 'strange error': 0.0, 'strange event': 0.0, 'different neutralino masses': 7848.0, 'large differences': 0.0, '976_950': [1158.0, 0.0], '976_950_passing_MET': [1129.0, 0.0], '976_950_failing_MET': [29.0, 0.0], '976_950_min_MET_pt': [9.732535362243652, 10000000.0], '1076_1056': [151.0, 0.0], '1076_1056_passing_MET': [147.0, 0.0], '1076_1056_failing_MET': [4.0, 0.0], '1076_1056_min_MET_pt': [73.12702178955078, 10000000.0], '1076_1055': [979.0, 0.0], '1076_1055_passing_MET': [950.0, 0.0], '1076_1055_failing_MET': [29.0, 0.0], '1076_1055_min_MET_pt': [48.753875732421875, 10000000.0], '1052_1032': [158.0, 171.0], '1052_1032_passing_MET': [152.0, 167.0], '1052_1032_failing_MET': [6.0, 4.0], '1052_1032_min_MET_pt': [61.204891204833984, 50.208343505859375], '1052_1030': [1038.0, 1027.0], '1052_1030_passing_MET': [1013.0, 1009.0], '1052_1030_failing_MET': [25.0, 18.0], '1052_1030_min_MET_pt': [6.88685417175293, 39.00945281982422], '626_615': [951.0, 947.0], '626_615_passing_MET': [928.0, 931.0], '626_615_failing_MET': [23.0, 16.0], '626_615_min_MET_pt': [21.738323211669922, 47.02863311767578], '626_616': [98.0, 92.0], '626_616_passing_MET': [95.0, 89.0], '626_616_failing_MET': [3.0, 3.0], '626_616_min_MET_pt': [65.88562774658203, 60.92167282104492], '1076_1045': [0.0, 2063.0], '1076_1045_passing_MET': [0.0, 2016.0], '1076_1045_failing_MET': [0.0, 47.0], '1076_1045_min_MET_pt': [10000000.0, 28.989952087402344], '1076_1044': [0.0, 451.0], '1076_1044_passing_MET': [0.0, 444.0], '1076_1044_failing_MET': [0.0, 7.0], '1076_1044_min_MET_pt': [10000000.0, 52.34441375732422], '926_916': [214.0, 114.0], '926_916_passing_MET': [210.0, 110.0], '926_916_failing_MET': [4.0, 4.0], '926_916_min_MET_pt': [40.35054397583008, 75.85580444335938], '926_915': [1945.0, 1061.0], '926_915_passing_MET': [1903.0, 1042.0], '926_915_failing_MET': [42.0, 19.0], '926_915_min_MET_pt': [35.78284454345703, 52.490631103515625], '826_800': [2315.0, 0.0], '826_800_passing_MET': [2250.0, 0.0], '826_800_failing_MET': [65.0, 0.0], '826_800_min_MET_pt': [19.16853141784668, 10000000.0], '976_945': [0.0, 992.0], '976_945_passing_MET': [0.0, 968.0], '976_945_failing_MET': [0.0, 24.0], '976_945_min_MET_pt': [10000000.0, 32.09232711791992], '976_946': [0.0, 186.0], '976_946_passing_MET': [0.0, 184.0], '976_946_failing_MET': [0.0, 2.0], '976_946_min_MET_pt': [10000000.0, 86.85749053955078], '526_495': [0.0, 2102.0], '526_495_passing_MET': [0.0, 2018.0], '526_495_failing_MET': [0.0, 84.0], '526_495_min_MET_pt': [10000000.0, 26.628366470336914], '1076_1065': [1059.0, 1057.0], '1076_1065_passing_MET': [1036.0, 1034.0], '1076_1065_failing_MET': [23.0, 23.0], '1076_1065_min_MET_pt': [40.86970520019531, 37.15425109863281], '1076_1064': [100.0, 110.0], '1076_1064_passing_MET': [98.0, 108.0], '1076_1064_failing_MET': [2.0, 2.0], '1076_1064_min_MET_pt': [61.30922317504883, 86.89216613769531], '776_750': [1085.0, 0.0], '776_750_passing_MET': [1055.0, 0.0], '776_750_failing_MET': [30.0, 0.0], '776_750_min_MET_pt': [35.42653274536133, 10000000.0], '850_836': [142.0, 148.0], '850_836_passing_MET': [138.0, 142.0], '850_836_failing_MET': [4.0, 6.0], '850_836_min_MET_pt': [41.94619369506836, 55.6769905090332], '1100_1092': [0.0, 90.0], '1100_1092_passing_MET': [0.0, 88.0], '1100_1092_failing_MET': [0.0, 2.0], '1100_1092_min_MET_pt': [10000000.0, 61.29043197631836], '976_960': [0.0, 1120.0], '976_960_passing_MET': [0.0, 1102.0], '976_960_failing_MET': [0.0, 18.0], '976_960_min_MET_pt': [10000000.0, 30.076284408569336], '976_965': [2040.0, 0.0], '976_965_passing_MET': [1997.0, 0.0], '976_965_failing_MET': [43.0, 0.0], '976_965_min_MET_pt': [25.222993850708008, 10000000.0], '976_966': [219.0, 0.0], '976_966_passing_MET': [216.0, 0.0], '976_966_failing_MET': [3.0, 0.0], '976_966_min_MET_pt': [34.79348373413086, 10000000.0], '576_565': [1811.0, 0.0], '576_565_passing_MET': [1761.0, 0.0], '576_565_failing_MET': [50.0, 0.0], '576_565_min_MET_pt': [12.858502388000488, 10000000.0], '576_566': [182.0, 0.0], '576_566_passing_MET': [178.0, 0.0], '576_566_failing_MET': [4.0, 0.0], '576_566_min_MET_pt': [13.93331241607666, 10000000.0], '726_695': [0.0, 937.0], '726_695_passing_MET': [0.0, 915.0], '726_695_failing_MET': [0.0, 22.0], '726_695_min_MET_pt': [10000000.0, 45.035560607910156], '726_696': [0.0, 195.0], '726_696_passing_MET': [0.0, 191.0], '726_696_failing_MET': [0.0, 4.0], '726_696_min_MET_pt': [10000000.0, 35.652587890625], '776_746': [197.0, 0.0], '776_746_passing_MET': [191.0, 0.0], '776_746_failing_MET': [6.0, 0.0], '776_746_min_MET_pt': [50.531497955322266, 10000000.0], '776_745': [962.0, 0.0], '776_745_passing_MET': [929.0, 0.0], '776_745_failing_MET': [33.0, 0.0], '776_745_min_MET_pt': [9.833672523498535, 10000000.0], '676_665': [0.0, 923.0], '676_665_passing_MET': [0.0, 906.0], '676_665_failing_MET': [0.0, 17.0], '676_665_min_MET_pt': [10000000.0, 55.34402084350586], '676_666': [0.0, 85.0], '676_666_passing_MET': [0.0, 83.0], '676_666_failing_MET': [0.0, 2.0], '676_666_min_MET_pt': [10000000.0, 49.47829818725586], '526_500': [0.0, 1023.0], '526_500_passing_MET': [0.0, 984.0], '526_500_failing_MET': [0.0, 39.0], '526_500_min_MET_pt': [10000000.0, 30.669559478759766], '726_710': [1049.0, 0.0], '726_710_passing_MET': [1017.0, 0.0], '726_710_failing_MET': [32.0, 0.0], '726_710_min_MET_pt': [20.611526489257812, 10000000.0], '1024_1015': [1013.0, 967.0], '1024_1015_passing_MET': [994.0, 944.0], '1024_1015_failing_MET': [19.0, 23.0], '1024_1015_min_MET_pt': [21.5245361328125, 32.272865295410156], '1024_1016': [105.0, 110.0], '1024_1016_passing_MET': [102.0, 107.0], '1024_1016_failing_MET': [3.0, 3.0], '1024_1016_min_MET_pt': [38.81010055541992, 57.9071159362793], '626_610': [988.0, 0.0], '626_610_passing_MET': [961.0, 0.0], '626_610_failing_MET': [27.0, 0.0], '626_610_min_MET_pt': [34.80684280395508, 10000000.0], '1052_1040': [1153.0, 2270.0], '1052_1040_passing_MET': [1134.0, 2229.0], '1052_1040_failing_MET': [19.0, 41.0], '1052_1040_min_MET_pt': [30.789901733398438, 27.412935256958008], '1052_1020': [1223.0, 0.0], '1052_1020_passing_MET': [1197.0, 0.0], '1052_1020_failing_MET': [26.0, 0.0], '1052_1020_min_MET_pt': [42.421905517578125, 10000000.0], '726_715': [986.0, 956.0], '726_715_passing_MET': [966.0, 916.0], '726_715_failing_MET': [20.0, 40.0], '726_715_min_MET_pt': [44.63835525512695, 42.14441680908203], '726_716': [86.0, 88.0], '726_716_passing_MET': [83.0, 87.0], '726_716_failing_MET': [3.0, 1.0], '726_716_min_MET_pt': [88.3173828125, 81.7393798828125], '550_536': [117.0, 0.0], '550_536_passing_MET': [115.0, 0.0], '550_536_failing_MET': [2.0, 0.0], '550_536_min_MET_pt': [54.70927429199219, 10000000.0], '950_926': [0.0, 164.0], '950_926_passing_MET': [0.0, 160.0], '950_926_failing_MET': [0.0, 4.0], '950_926_min_MET_pt': [10000000.0, 88.46410369873047], '1024_1010': [1126.0, 0.0], '1024_1010_passing_MET': [1106.0, 0.0], '1024_1010_failing_MET': [20.0, 0.0], '1024_1010_min_MET_pt': [26.15239143371582, 10000000.0], '776_755': [966.0, 0.0], '776_755_passing_MET': [944.0, 0.0], '776_755_failing_MET': [22.0, 0.0], '776_755_min_MET_pt': [10.200329780578613, 10000000.0], '776_756': [158.0, 0.0], '776_756_passing_MET': [153.0, 0.0], '776_756_failing_MET': [5.0, 0.0], '776_756_min_MET_pt': [67.99588775634766, 10000000.0], '926_910': [0.0, 1127.0], '926_910_passing_MET': [0.0, 1097.0], '926_910_failing_MET': [0.0, 30.0], '926_910_min_MET_pt': [10000000.0, 40.374046325683594], '700_686': [128.0, 0.0], '700_686_passing_MET': [123.0, 0.0], '700_686_failing_MET': [5.0, 0.0], '700_686_min_MET_pt': [70.72584533691406, 10000000.0], '876_856': [157.0, 0.0], '876_856_passing_MET': [155.0, 0.0], '876_856_failing_MET': [2.0, 0.0], '876_856_min_MET_pt': [68.98794555664062, 10000000.0], '876_855': [957.0, 0.0], '876_855_passing_MET': [933.0, 0.0], '876_855_failing_MET': [24.0, 0.0], '876_855_min_MET_pt': [32.5992546081543, 10000000.0], '826_815': [991.0, 0.0], '826_815_passing_MET': [956.0, 0.0], '826_815_failing_MET': [35.0, 0.0], '826_815_min_MET_pt': [37.77947998046875, 10000000.0], '826_816': [93.0, 0.0], '826_816_passing_MET': [89.0, 0.0], '826_816_failing_MET': [4.0, 0.0], '826_816_min_MET_pt': [64.18952178955078, 10000000.0], '676_660': [0.0, 1047.0], '676_660_passing_MET': [0.0, 1028.0], '676_660_failing_MET': [0.0, 19.0], '676_660_min_MET_pt': [10000000.0, 6.850659370422363], '526_510': [909.0, 0.0], '526_510_passing_MET': [885.0, 0.0], '526_510_failing_MET': [24.0, 0.0], '526_510_min_MET_pt': [16.512601852416992, 10000000.0], '850_826': [0.0, 175.0], '850_826_passing_MET': [0.0, 174.0], '850_826_failing_MET': [0.0, 1.0], '850_826_min_MET_pt': [10000000.0, 34.03166961669922]}
nevents_from_dict =  3550232499.792919
Results saved to /afs/cern.ch/work/m/mleoncoe/private/stop_met_check/outputs_2018/nanoAOD_131.json
done
