i am in this directory
/pool/condor/dir_4190221
Python 3.9.23
3.9.23
 will run this python stop_check_met_eff.py /eos/user/m/mleoncoe/stop_event_check/privateNanoAod2018/nanoAOD_230.root /afs/cern.ch/work/m/mleoncoe/private/stop_met_check/outputs_2018/nanoAOD_230.json
event num1000
event num2000
event num3000
event num4000
event num5000
event num6000
event num7000
event num8000
event num9000
event num10000
event num11000
event num12000
event num13000
event num14000
event num15000
event num16000
event num17000
event num18000
event num19000
event num20000
event num21000
event num22000
event num23000
event num24000
event num25000
event num26000
event num27000
event num28000
event num29000
event num30000
event num31000
event num32000
event num33000
event num34000
event num35000
event num36000
event num37000
event num38000
event num39000
event num40000
event num41000
event num42000
event num43000
event num44000
event num45000
event num46000
event num47000
event num48000
event num49000
event num50000
event num51000
event num52000
event num53000
event num54000
event num55000
event num56000
event num57000
event num58000
event num59000
event num60000
event num61000
event num62000
event num63000
event num64000
event num65000
event num66000
event num67000
event num68000
event num69000
event num70000
event num71000
event num72000
event num73000
event num74000
event num75000
event num76000
event num77000
event num78000
event num79000
event num80000
event num81000
event num82000
event num83000
event num84000
event num85000
event num86000
event num87000
event num88000
event num89000
event num90000
event num91000
event num92000
event num93000
event num94000
event num95000
event num96000
event num97000
event num98000
event num99000
event num100000
event num101000
event num102000
event num103000
event num104000
event num105000
event num106000
event num107000
event num108000
event num109000
event num110000
event num111000
event num112000
event num113000
event num114000
event num115000
event num116000
event num117000
event num118000
event num119000
event num120000
event num121000
event num122000
event num123000
event num124000
event num125000
event num126000
event num127000
event num128000
event num129000
event num130000
event num131000
event num132000
event num133000
event num134000
event num135000
event num136000
event num137000
event num138000
event num139000
event num140000
event num141000
event num142000
event num143000
event num144000
event num145000
event num146000
event num147000
event num148000
event num149000
event num150000
event num151000
event num152000
event num153000
event num154000
event num155000
event num156000
event num157000
event num158000
event num159000
event num160000
event num161000
event num162000
event num163000
event num164000
event num165000
event num166000
event num167000
event num168000
event num169000
event num170000
event num171000
event num172000
event num173000
event num174000
event num175000
event num176000
event num177000
event num178000
event num179000
event num180000
event num181000
event num182000
event num183000
event num184000
event num185000
event num186000
{'250_240': [1386.0, 2757.0], '250_240_passing_MET': [0.0, 0.0], '250_240_failing_MET': [0.0, 0.0], '250_240_min_MET_pt': [10000000.0, 10000000.0], '250_235': [0.0, 701.0], '250_235_passing_MET': [0.0, 662.0], '250_235_failing_MET': [0.0, 39.0], '250_235_min_MET_pt': [10000000.0, 45.84996032714844], '250_230': [0.0, 0.0], '250_230_passing_MET': [0.0, 0.0], '250_230_failing_MET': [0.0, 0.0], '250_230_min_MET_pt': [10000000.0, 10000000.0], '250_225': [0.0, 0.0], '250_225_passing_MET': [0.0, 0.0], '250_225_failing_MET': [0.0, 0.0], '250_225_min_MET_pt': [10000000.0, 10000000.0], '250_220': [0.0, 0.0], '250_220_passing_MET': [0.0, 0.0], '250_220_failing_MET': [0.0, 0.0], '250_220_min_MET_pt': [10000000.0, 10000000.0], '275_265': [714.0, 732.0], '275_265_passing_MET': [0.0, 0.0], '275_265_failing_MET': [0.0, 0.0], '275_265_min_MET_pt': [10000000.0, 10000000.0], '275_260': [0.0, 0.0], '275_260_passing_MET': [0.0, 0.0], '275_260_failing_MET': [0.0, 0.0], '275_260_min_MET_pt': [10000000.0, 10000000.0], '275_255': [0.0, 0.0], '275_255_passing_MET': [0.0, 0.0], '275_255_failing_MET': [0.0, 0.0], '275_255_min_MET_pt': [10000000.0, 10000000.0], '275_250': [0.0, 747.0], '275_250_passing_MET': [0.0, 706.0], '275_250_failing_MET': [0.0, 41.0], '275_250_min_MET_pt': [10000000.0, 46.57548904418945], '275_245': [787.0, 785.0], '275_245_passing_MET': [0.0, 0.0], '275_245_failing_MET': [0.0, 0.0], '275_245_min_MET_pt': [10000000.0, 10000000.0], '300_290': [2258.0, 0.0], '300_290_passing_MET': [2193.0, 0.0], '300_290_failing_MET': [65.0, 0.0], '300_290_min_MET_pt': [29.68316078186035, 10000000.0], '300_285': [0.0, 0.0], '300_285_passing_MET': [0.0, 0.0], '300_285_failing_MET': [0.0, 0.0], '300_285_min_MET_pt': [10000000.0, 10000000.0], '300_280': [776.0, 822.0], '300_280_passing_MET': [0.0, 0.0], '300_280_failing_MET': [0.0, 0.0], '300_280_min_MET_pt': [10000000.0, 10000000.0], '300_275': [0.0, 1628.0], '300_275_passing_MET': [0.0, 1555.0], '300_275_failing_MET': [0.0, 73.0], '300_275_min_MET_pt': [10000000.0, 20.515901565551758], '300_270': [868.0, 0.0], '300_270_passing_MET': [812.0, 0.0], '300_270_failing_MET': [56.0, 0.0], '300_270_min_MET_pt': [17.37403106689453, 10000000.0], '325_315': [1641.0, 777.0], '325_315_passing_MET': [0.0, 0.0], '325_315_failing_MET': [0.0, 0.0], '325_315_min_MET_pt': [10000000.0, 10000000.0], '325_310': [0.0, 0.0], '325_310_passing_MET': [0.0, 0.0], '325_310_failing_MET': [0.0, 0.0], '325_310_min_MET_pt': [10000000.0, 10000000.0], '325_305': [0.0, 0.0], '325_305_passing_MET': [0.0, 0.0], '325_305_failing_MET': [0.0, 0.0], '325_305_min_MET_pt': [10000000.0, 10000000.0], '325_300': [0.0, 841.0], '325_300_passing_MET': [0.0, 797.0], '325_300_failing_MET': [0.0, 44.0], '325_300_min_MET_pt': [10000000.0, 46.1653938293457], '325_295': [0.0, 1697.0], '325_295_passing_MET': [0.0, 1594.0], '325_295_failing_MET': [0.0, 103.0], '325_295_min_MET_pt': [10000000.0, 14.448457717895508], '350_340': [813.0, 0.0], '350_340_passing_MET': [780.0, 0.0], '350_340_failing_MET': [33.0, 0.0], '350_340_min_MET_pt': [48.73640823364258, 10000000.0], '350_335': [0.0, 0.0], '350_335_passing_MET': [0.0, 0.0], '350_335_failing_MET': [0.0, 0.0], '350_335_min_MET_pt': [10000000.0, 10000000.0], '350_330': [848.0, 0.0], '350_330_passing_MET': [807.0, 0.0], '350_330_failing_MET': [41.0, 0.0], '350_330_min_MET_pt': [19.525165557861328, 10000000.0], '350_325': [0.0, 0.0], '350_325_passing_MET': [0.0, 0.0], '350_325_failing_MET': [0.0, 0.0], '350_325_min_MET_pt': [10000000.0, 10000000.0], '350_320': [0.0, 0.0], '350_320_passing_MET': [0.0, 0.0], '350_320_failing_MET': [0.0, 0.0], '350_320_min_MET_pt': [10000000.0, 10000000.0], '375_365': [0.0, 3451.0], '375_365_passing_MET': [0.0, 3350.0], '375_365_failing_MET': [0.0, 101.0], '375_365_min_MET_pt': [10000000.0, 17.810869216918945], '375_360': [883.0, 0.0], '375_360_passing_MET': [857.0, 0.0], '375_360_failing_MET': [26.0, 0.0], '375_360_min_MET_pt': [48.19575119018555, 10000000.0], '375_355': [0.0, 862.0], '375_355_passing_MET': [0.0, 831.0], '375_355_failing_MET': [0.0, 31.0], '375_355_min_MET_pt': [10000000.0, 22.691686630249023], '375_350': [0.0, 0.0], '375_350_passing_MET': [0.0, 0.0], '375_350_failing_MET': [0.0, 0.0], '375_350_min_MET_pt': [10000000.0, 10000000.0], '375_345': [910.0, 933.0], '375_345_passing_MET': [0.0, 0.0], '375_345_failing_MET': [0.0, 0.0], '375_345_min_MET_pt': [10000000.0, 10000000.0], '400_390': [891.0, 0.0], '400_390_passing_MET': [862.0, 0.0], '400_390_failing_MET': [29.0, 0.0], '400_390_min_MET_pt': [48.94007873535156, 10000000.0], '400_385': [0.0, 0.0], '400_385_passing_MET': [0.0, 0.0], '400_385_failing_MET': [0.0, 0.0], '400_385_min_MET_pt': [10000000.0, 10000000.0], '400_380': [0.0, 0.0], '400_380_passing_MET': [0.0, 0.0], '400_380_failing_MET': [0.0, 0.0], '400_380_min_MET_pt': [10000000.0, 10000000.0], '400_375': [0.0, 0.0], '400_375_passing_MET': [0.0, 0.0], '400_375_failing_MET': [0.0, 0.0], '400_375_min_MET_pt': [10000000.0, 10000000.0], '400_370': [0.0, 0.0], '400_370_passing_MET': [0.0, 0.0], '400_370_failing_MET': [0.0, 0.0], '400_370_min_MET_pt': [10000000.0, 10000000.0], '425_415': [3601.0, 904.0], '425_415_passing_MET': [0.0, 0.0], '425_415_failing_MET': [0.0, 0.0], '425_415_min_MET_pt': [10000000.0, 10000000.0], '425_410': [0.0, 0.0], '425_410_passing_MET': [0.0, 0.0], '425_410_failing_MET': [0.0, 0.0], '425_410_min_MET_pt': [10000000.0, 10000000.0], '425_405': [0.0, 0.0], '425_405_passing_MET': [0.0, 0.0], '425_405_failing_MET': [0.0, 0.0], '425_405_min_MET_pt': [10000000.0, 10000000.0], '425_400': [0.0, 0.0], '425_400_passing_MET': [0.0, 0.0], '425_400_failing_MET': [0.0, 0.0], '425_400_min_MET_pt': [10000000.0, 10000000.0], '425_395': [0.0, 0.0], '425_395_passing_MET': [0.0, 0.0], '425_395_failing_MET': [0.0, 0.0], '425_395_min_MET_pt': [10000000.0, 10000000.0], '450_440': [898.0, 922.0], '450_440_passing_MET': [0.0, 0.0], '450_440_failing_MET': [0.0, 0.0], '450_440_min_MET_pt': [10000000.0, 10000000.0], '450_435': [933.0, 0.0], '450_435_passing_MET': [898.0, 0.0], '450_435_failing_MET': [35.0, 0.0], '450_435_min_MET_pt': [18.59087371826172, 10000000.0], '450_430': [0.0, 0.0], '450_430_passing_MET': [0.0, 0.0], '450_430_failing_MET': [0.0, 0.0], '450_430_min_MET_pt': [10000000.0, 10000000.0], '450_425': [0.0, 970.0], '450_425_passing_MET': [0.0, 932.0], '450_425_failing_MET': [0.0, 38.0], '450_425_min_MET_pt': [10000000.0, 33.60615158081055], '450_420': [1001.0, 0.0], '450_420_passing_MET': [963.0, 0.0], '450_420_failing_MET': [38.0, 0.0], '450_420_min_MET_pt': [36.353126525878906, 10000000.0], '475_465': [2906.0, 904.0], '475_465_passing_MET': [0.0, 0.0], '475_465_failing_MET': [0.0, 0.0], '475_465_min_MET_pt': [10000000.0, 10000000.0], '475_460': [0.0, 0.0], '475_460_passing_MET': [0.0, 0.0], '475_460_failing_MET': [0.0, 0.0], '475_460_min_MET_pt': [10000000.0, 10000000.0], '475_455': [0.0, 966.0], '475_455_passing_MET': [0.0, 933.0], '475_455_failing_MET': [0.0, 33.0], '475_455_min_MET_pt': [10000000.0, 50.90516662597656], '475_450': [0.0, 0.0], '475_450_passing_MET': [0.0, 0.0], '475_450_failing_MET': [0.0, 0.0], '475_450_min_MET_pt': [10000000.0, 10000000.0], '475_445': [0.0, 2027.0], '475_445_passing_MET': [0.0, 1955.0], '475_445_failing_MET': [0.0, 72.0], '475_445_min_MET_pt': [10000000.0, 11.054549217224121], '500_490': [971.0, 1859.0], '500_490_passing_MET': [0.0, 0.0], '500_490_failing_MET': [0.0, 0.0], '500_490_min_MET_pt': [10000000.0, 10000000.0], '500_485': [952.0, 0.0], '500_485_passing_MET': [926.0, 0.0], '500_485_failing_MET': [26.0, 0.0], '500_485_min_MET_pt': [26.41902732849121, 10000000.0], '500_480': [0.0, 1953.0], '500_480_passing_MET': [0.0, 1887.0], '500_480_failing_MET': [0.0, 66.0], '500_480_min_MET_pt': [10000000.0, 34.080570220947266], '500_475': [1021.0, 0.0], '500_475_passing_MET': [980.0, 0.0], '500_475_failing_MET': [41.0, 0.0], '500_475_min_MET_pt': [9.499744415283203, 10000000.0], '500_470': [0.0, 0.0], '500_470_passing_MET': [0.0, 0.0], '500_470_failing_MET': [0.0, 0.0], '500_470_min_MET_pt': [10000000.0, 10000000.0], '525_515': [0.0, 0.0], '525_515_passing_MET': [0.0, 0.0], '525_515_failing_MET': [0.0, 0.0], '525_515_min_MET_pt': [10000000.0, 10000000.0], '525_510': [0.0, 0.0], '525_510_passing_MET': [0.0, 0.0], '525_510_failing_MET': [0.0, 0.0], '525_510_min_MET_pt': [10000000.0, 10000000.0], '525_505': [0.0, 0.0], '525_505_passing_MET': [0.0, 0.0], '525_505_failing_MET': [0.0, 0.0], '525_505_min_MET_pt': [10000000.0, 10000000.0], '525_500': [0.0, 0.0], '525_500_passing_MET': [0.0, 0.0], '525_500_failing_MET': [0.0, 0.0], '525_500_min_MET_pt': [10000000.0, 10000000.0], '525_495': [0.0, 0.0], '525_495_passing_MET': [0.0, 0.0], '525_495_failing_MET': [0.0, 0.0], '525_495_min_MET_pt': [10000000.0, 10000000.0], '550_540': [0.0, 1909.0], '550_540_passing_MET': [0.0, 1859.0], '550_540_failing_MET': [0.0, 50.0], '550_540_min_MET_pt': [10000000.0, 5.032169818878174], '550_535': [0.0, 868.0], '550_535_passing_MET': [0.0, 828.0], '550_535_failing_MET': [0.0, 40.0], '550_535_min_MET_pt': [10000000.0, 42.61138153076172], '550_530': [0.0, 0.0], '550_530_passing_MET': [0.0, 0.0], '550_530_failing_MET': [0.0, 0.0], '550_530_min_MET_pt': [10000000.0, 10000000.0], '550_525': [0.0, 0.0], '550_525_passing_MET': [0.0, 0.0], '550_525_failing_MET': [0.0, 0.0], '550_525_min_MET_pt': [10000000.0, 10000000.0], '550_520': [0.0, 1043.0], '550_520_passing_MET': [0.0, 1006.0], '550_520_failing_MET': [0.0, 37.0], '550_520_min_MET_pt': [10000000.0, 37.365535736083984], '575_565': [0.0, 0.0], '575_565_passing_MET': [0.0, 0.0], '575_565_failing_MET': [0.0, 0.0], '575_565_min_MET_pt': [10000000.0, 10000000.0], '575_560': [0.0, 0.0], '575_560_passing_MET': [0.0, 0.0], '575_560_failing_MET': [0.0, 0.0], '575_560_min_MET_pt': [10000000.0, 10000000.0], '575_555': [0.0, 0.0], '575_555_passing_MET': [0.0, 0.0], '575_555_failing_MET': [0.0, 0.0], '575_555_min_MET_pt': [10000000.0, 10000000.0], '575_550': [0.0, 0.0], '575_550_passing_MET': [0.0, 0.0], '575_550_failing_MET': [0.0, 0.0], '575_550_min_MET_pt': [10000000.0, 10000000.0], '575_545': [0.0, 0.0], '575_545_passing_MET': [0.0, 0.0], '575_545_failing_MET': [0.0, 0.0], '575_545_min_MET_pt': [10000000.0, 10000000.0], '600_590': [925.0, 2028.0], '600_590_passing_MET': [0.0, 0.0], '600_590_failing_MET': [0.0, 0.0], '600_590_min_MET_pt': [10000000.0, 10000000.0], '600_585': [0.0, 919.0], '600_585_passing_MET': [0.0, 901.0], '600_585_failing_MET': [0.0, 18.0], '600_585_min_MET_pt': [10000000.0, 64.53168487548828], '600_580': [1024.0, 0.0], '600_580_passing_MET': [994.0, 0.0], '600_580_failing_MET': [30.0, 0.0], '600_580_min_MET_pt': [36.645843505859375, 10000000.0], '600_575': [0.0, 0.0], '600_575_passing_MET': [0.0, 0.0], '600_575_failing_MET': [0.0, 0.0], '600_575_min_MET_pt': [10000000.0, 10000000.0], '600_570': [0.0, 0.0], '600_570_passing_MET': [0.0, 0.0], '600_570_failing_MET': [0.0, 0.0], '600_570_min_MET_pt': [10000000.0, 10000000.0], '625_615': [0.0, 0.0], '625_615_passing_MET': [0.0, 0.0], '625_615_failing_MET': [0.0, 0.0], '625_615_min_MET_pt': [10000000.0, 10000000.0], '625_610': [0.0, 0.0], '625_610_passing_MET': [0.0, 0.0], '625_610_failing_MET': [0.0, 0.0], '625_610_min_MET_pt': [10000000.0, 10000000.0], '625_605': [0.0, 0.0], '625_605_passing_MET': [0.0, 0.0], '625_605_failing_MET': [0.0, 0.0], '625_605_min_MET_pt': [10000000.0, 10000000.0], '625_600': [0.0, 0.0], '625_600_passing_MET': [0.0, 0.0], '625_600_failing_MET': [0.0, 0.0], '625_600_min_MET_pt': [10000000.0, 10000000.0], '625_595': [0.0, 0.0], '625_595_passing_MET': [0.0, 0.0], '625_595_failing_MET': [0.0, 0.0], '625_595_min_MET_pt': [10000000.0, 10000000.0], '650_640': [3103.0, 3011.0], '650_640_passing_MET': [0.0, 0.0], '650_640_failing_MET': [0.0, 0.0], '650_640_min_MET_pt': [10000000.0, 10000000.0], '650_635': [0.0, 0.0], '650_635_passing_MET': [0.0, 0.0], '650_635_failing_MET': [0.0, 0.0], '650_635_min_MET_pt': [10000000.0, 10000000.0], '650_630': [0.0, 0.0], '650_630_passing_MET': [0.0, 0.0], '650_630_failing_MET': [0.0, 0.0], '650_630_min_MET_pt': [10000000.0, 10000000.0], '650_625': [0.0, 0.0], '650_625_passing_MET': [0.0, 0.0], '650_625_failing_MET': [0.0, 0.0], '650_625_min_MET_pt': [10000000.0, 10000000.0], '650_620': [0.0, 1089.0], '650_620_passing_MET': [0.0, 1053.0], '650_620_failing_MET': [0.0, 36.0], '650_620_min_MET_pt': [10000000.0, 13.251213073730469], '675_665': [0.0, 0.0], '675_665_passing_MET': [0.0, 0.0], '675_665_failing_MET': [0.0, 0.0], '675_665_min_MET_pt': [10000000.0, 10000000.0], '675_660': [0.0, 0.0], '675_660_passing_MET': [0.0, 0.0], '675_660_failing_MET': [0.0, 0.0], '675_660_min_MET_pt': [10000000.0, 10000000.0], '675_655': [0.0, 0.0], '675_655_passing_MET': [0.0, 0.0], '675_655_failing_MET': [0.0, 0.0], '675_655_min_MET_pt': [10000000.0, 10000000.0], '675_650': [0.0, 0.0], '675_650_passing_MET': [0.0, 0.0], '675_650_failing_MET': [0.0, 0.0], '675_650_min_MET_pt': [10000000.0, 10000000.0], '675_645': [0.0, 0.0], '675_645_passing_MET': [0.0, 0.0], '675_645_failing_MET': [0.0, 0.0], '675_645_min_MET_pt': [10000000.0, 10000000.0], '700_690': [2094.0, 1013.0], '700_690_passing_MET': [0.0, 0.0], '700_690_failing_MET': [0.0, 0.0], '700_690_min_MET_pt': [10000000.0, 10000000.0], '700_685': [0.0, 0.0], '700_685_passing_MET': [0.0, 0.0], '700_685_failing_MET': [0.0, 0.0], '700_685_min_MET_pt': [10000000.0, 10000000.0], '700_680': [2137.0, 1142.0], '700_680_passing_MET': [0.0, 0.0], '700_680_failing_MET': [0.0, 0.0], '700_680_min_MET_pt': [10000000.0, 10000000.0], '700_675': [950.0, 0.0], '700_675_passing_MET': [932.0, 0.0], '700_675_failing_MET': [18.0, 0.0], '700_675_min_MET_pt': [39.64220428466797, 10000000.0], '700_670': [1131.0, 0.0], '700_670_passing_MET': [1091.0, 0.0], '700_670_failing_MET': [40.0, 0.0], '700_670_min_MET_pt': [56.509639739990234, 10000000.0], '725_715': [0.0, 0.0], '725_715_passing_MET': [0.0, 0.0], '725_715_failing_MET': [0.0, 0.0], '725_715_min_MET_pt': [10000000.0, 10000000.0], '725_710': [0.0, 0.0], '725_710_passing_MET': [0.0, 0.0], '725_710_failing_MET': [0.0, 0.0], '725_710_min_MET_pt': [10000000.0, 10000000.0], '725_705': [0.0, 0.0], '725_705_passing_MET': [0.0, 0.0], '725_705_failing_MET': [0.0, 0.0], '725_705_min_MET_pt': [10000000.0, 10000000.0], '725_700': [0.0, 0.0], '725_700_passing_MET': [0.0, 0.0], '725_700_failing_MET': [0.0, 0.0], '725_700_min_MET_pt': [10000000.0, 10000000.0], '725_695': [0.0, 0.0], '725_695_passing_MET': [0.0, 0.0], '725_695_failing_MET': [0.0, 0.0], '725_695_min_MET_pt': [10000000.0, 10000000.0], '750_740': [1071.0, 1039.0], '750_740_passing_MET': [0.0, 0.0], '750_740_failing_MET': [0.0, 0.0], '750_740_min_MET_pt': [10000000.0, 10000000.0], '750_735': [0.0, 1892.0], '750_735_passing_MET': [0.0, 1840.0], '750_735_failing_MET': [0.0, 52.0], '750_735_min_MET_pt': [10000000.0, 26.60733413696289], '750_730': [0.0, 1064.0], '750_730_passing_MET': [0.0, 1038.0], '750_730_failing_MET': [0.0, 26.0], '750_730_min_MET_pt': [10000000.0, 37.07924270629883], '750_725': [0.0, 0.0], '750_725_passing_MET': [0.0, 0.0], '750_725_failing_MET': [0.0, 0.0], '750_725_min_MET_pt': [10000000.0, 10000000.0], '750_720': [1152.0, 0.0], '750_720_passing_MET': [1116.0, 0.0], '750_720_failing_MET': [36.0, 0.0], '750_720_min_MET_pt': [45.278953552246094, 10000000.0], '775_765': [0.0, 0.0], '775_765_passing_MET': [0.0, 0.0], '775_765_failing_MET': [0.0, 0.0], '775_765_min_MET_pt': [10000000.0, 10000000.0], '775_760': [0.0, 0.0], '775_760_passing_MET': [0.0, 0.0], '775_760_failing_MET': [0.0, 0.0], '775_760_min_MET_pt': [10000000.0, 10000000.0], '775_755': [0.0, 0.0], '775_755_passing_MET': [0.0, 0.0], '775_755_failing_MET': [0.0, 0.0], '775_755_min_MET_pt': [10000000.0, 10000000.0], '775_750': [0.0, 0.0], '775_750_passing_MET': [0.0, 0.0], '775_750_failing_MET': [0.0, 0.0], '775_750_min_MET_pt': [10000000.0, 10000000.0], '775_745': [0.0, 0.0], '775_745_passing_MET': [0.0, 0.0], '775_745_failing_MET': [0.0, 0.0], '775_745_min_MET_pt': [10000000.0, 10000000.0], '800_790': [1090.0, 0.0], '800_790_passing_MET': [1067.0, 0.0], '800_790_failing_MET': [23.0, 0.0], '800_790_min_MET_pt': [30.835206985473633, 10000000.0], '800_785': [0.0, 1873.0], '800_785_passing_MET': [0.0, 1834.0], '800_785_failing_MET': [0.0, 39.0], '800_785_min_MET_pt': [10000000.0, 6.34478235244751], '800_780': [1132.0, 0.0], '800_780_passing_MET': [1101.0, 0.0], '800_780_failing_MET': [31.0, 0.0], '800_780_min_MET_pt': [21.018632888793945, 10000000.0], '800_775': [0.0, 0.0], '800_775_passing_MET': [0.0, 0.0], '800_775_failing_MET': [0.0, 0.0], '800_775_min_MET_pt': [10000000.0, 10000000.0], '800_770': [0.0, 0.0], '800_770_passing_MET': [0.0, 0.0], '800_770_failing_MET': [0.0, 0.0], '800_770_min_MET_pt': [10000000.0, 10000000.0], '825_815': [0.0, 0.0], '825_815_passing_MET': [0.0, 0.0], '825_815_failing_MET': [0.0, 0.0], '825_815_min_MET_pt': [10000000.0, 10000000.0], '825_810': [0.0, 0.0], '825_810_passing_MET': [0.0, 0.0], '825_810_failing_MET': [0.0, 0.0], '825_810_min_MET_pt': [10000000.0, 10000000.0], '825_805': [0.0, 0.0], '825_805_passing_MET': [0.0, 0.0], '825_805_failing_MET': [0.0, 0.0], '825_805_min_MET_pt': [10000000.0, 10000000.0], '825_800': [0.0, 0.0], '825_800_passing_MET': [0.0, 0.0], '825_800_failing_MET': [0.0, 0.0], '825_800_min_MET_pt': [10000000.0, 10000000.0], '825_795': [0.0, 0.0], '825_795_passing_MET': [0.0, 0.0], '825_795_failing_MET': [0.0, 0.0], '825_795_min_MET_pt': [10000000.0, 10000000.0], '850_840': [0.0, 2234.0], '850_840_passing_MET': [0.0, 2186.0], '850_840_failing_MET': [0.0, 48.0], '850_840_min_MET_pt': [10000000.0, 28.952129364013672], '850_835': [0.0, 1955.0], '850_835_passing_MET': [0.0, 1901.0], '850_835_failing_MET': [0.0, 54.0], '850_835_min_MET_pt': [10000000.0, 21.799936294555664], '850_830': [1082.0, 1115.0], '850_830_passing_MET': [0.0, 0.0], '850_830_failing_MET': [0.0, 0.0], '850_830_min_MET_pt': [10000000.0, 10000000.0], '850_825': [0.0, 0.0], '850_825_passing_MET': [0.0, 0.0], '850_825_failing_MET': [0.0, 0.0], '850_825_min_MET_pt': [10000000.0, 10000000.0], '850_820': [1161.0, 0.0], '850_820_passing_MET': [1119.0, 0.0], '850_820_failing_MET': [42.0, 0.0], '850_820_min_MET_pt': [33.560333251953125, 10000000.0], '875_865': [0.0, 0.0], '875_865_passing_MET': [0.0, 0.0], '875_865_failing_MET': [0.0, 0.0], '875_865_min_MET_pt': [10000000.0, 10000000.0], '875_860': [0.0, 0.0], '875_860_passing_MET': [0.0, 0.0], '875_860_failing_MET': [0.0, 0.0], '875_860_min_MET_pt': [10000000.0, 10000000.0], '875_855': [0.0, 0.0], '875_855_passing_MET': [0.0, 0.0], '875_855_failing_MET': [0.0, 0.0], '875_855_min_MET_pt': [10000000.0, 10000000.0], '875_850': [0.0, 0.0], '875_850_passing_MET': [0.0, 0.0], '875_850_failing_MET': [0.0, 0.0], '875_850_min_MET_pt': [10000000.0, 10000000.0], '875_845': [0.0, 0.0], '875_845_passing_MET': [0.0, 0.0], '875_845_failing_MET': [0.0, 0.0], '875_845_min_MET_pt': [10000000.0, 10000000.0], '900_890': [1087.0, 1102.0], '900_890_passing_MET': [0.0, 0.0], '900_890_failing_MET': [0.0, 0.0], '900_890_min_MET_pt': [10000000.0, 10000000.0], '900_885': [987.0, 0.0], '900_885_passing_MET': [980.0, 0.0], '900_885_failing_MET': [7.0, 0.0], '900_885_min_MET_pt': [40.82284164428711, 10000000.0], '900_880': [0.0, 1142.0], '900_880_passing_MET': [0.0, 1109.0], '900_880_failing_MET': [0.0, 33.0], '900_880_min_MET_pt': [10000000.0, 34.42842483520508], '900_875': [0.0, 0.0], '900_875_passing_MET': [0.0, 0.0], '900_875_failing_MET': [0.0, 0.0], '900_875_min_MET_pt': [10000000.0, 10000000.0], '900_870': [0.0, 0.0], '900_870_passing_MET': [0.0, 0.0], '900_870_failing_MET': [0.0, 0.0], '900_870_min_MET_pt': [10000000.0, 10000000.0], '925_915': [0.0, 0.0], '925_915_passing_MET': [0.0, 0.0], '925_915_failing_MET': [0.0, 0.0], '925_915_min_MET_pt': [10000000.0, 10000000.0], '925_910': [0.0, 0.0], '925_910_passing_MET': [0.0, 0.0], '925_910_failing_MET': [0.0, 0.0], '925_910_min_MET_pt': [10000000.0, 10000000.0], '925_905': [0.0, 0.0], '925_905_passing_MET': [0.0, 0.0], '925_905_failing_MET': [0.0, 0.0], '925_905_min_MET_pt': [10000000.0, 10000000.0], '925_900': [0.0, 0.0], '925_900_passing_MET': [0.0, 0.0], '925_900_failing_MET': [0.0, 0.0], '925_900_min_MET_pt': [10000000.0, 10000000.0], '925_895': [0.0, 0.0], '925_895_passing_MET': [0.0, 0.0], '925_895_failing_MET': [0.0, 0.0], '925_895_min_MET_pt': [10000000.0, 10000000.0], '950_940': [3218.0, 0.0], '950_940_passing_MET': [3155.0, 0.0], '950_940_failing_MET': [63.0, 0.0], '950_940_min_MET_pt': [22.24918556213379, 10000000.0], '950_935': [0.0, 0.0], '950_935_passing_MET': [0.0, 0.0], '950_935_failing_MET': [0.0, 0.0], '950_935_min_MET_pt': [10000000.0, 10000000.0], '950_930': [0.0, 3500.0], '950_930_passing_MET': [0.0, 3423.0], '950_930_failing_MET': [0.0, 77.0], '950_930_min_MET_pt': [10000000.0, 22.843793869018555], '950_925': [990.0, 1966.0], '950_925_passing_MET': [0.0, 0.0], '950_925_failing_MET': [0.0, 0.0], '950_925_min_MET_pt': [10000000.0, 10000000.0], '950_920': [0.0, 0.0], '950_920_passing_MET': [0.0, 0.0], '950_920_failing_MET': [0.0, 0.0], '950_920_min_MET_pt': [10000000.0, 10000000.0], '975_965': [0.0, 0.0], '975_965_passing_MET': [0.0, 0.0], '975_965_failing_MET': [0.0, 0.0], '975_965_min_MET_pt': [10000000.0, 10000000.0], '975_960': [0.0, 0.0], '975_960_passing_MET': [0.0, 0.0], '975_960_failing_MET': [0.0, 0.0], '975_960_min_MET_pt': [10000000.0, 10000000.0], '975_955': [0.0, 0.0], '975_955_passing_MET': [0.0, 0.0], '975_955_failing_MET': [0.0, 0.0], '975_955_min_MET_pt': [10000000.0, 10000000.0], '975_950': [0.0, 0.0], '975_950_passing_MET': [0.0, 0.0], '975_950_failing_MET': [0.0, 0.0], '975_950_min_MET_pt': [10000000.0, 10000000.0], '975_945': [0.0, 0.0], '975_945_passing_MET': [0.0, 0.0], '975_945_failing_MET': [0.0, 0.0], '975_945_min_MET_pt': [10000000.0, 10000000.0], '1000_990': [0.0, 0.0], '1000_990_passing_MET': [0.0, 0.0], '1000_990_failing_MET': [0.0, 0.0], '1000_990_min_MET_pt': [10000000.0, 10000000.0], '1000_985': [0.0, 1049.0], '1000_985_passing_MET': [0.0, 1028.0], '1000_985_failing_MET': [0.0, 21.0], '1000_985_min_MET_pt': [10000000.0, 32.57572555541992], '1000_980': [0.0, 1173.0], '1000_980_passing_MET': [0.0, 1139.0], '1000_980_failing_MET': [0.0, 34.0], '1000_980_min_MET_pt': [10000000.0, 50.50815963745117], '1000_975': [2001.0, 0.0], '1000_975_passing_MET': [1946.0, 0.0], '1000_975_failing_MET': [55.0, 0.0], '1000_975_min_MET_pt': [21.166879653930664, 10000000.0], '1000_970': [0.0, 0.0], '1000_970_passing_MET': [0.0, 0.0], '1000_970_failing_MET': [0.0, 0.0], '1000_970_min_MET_pt': [10000000.0, 10000000.0], '1025_1015': [0.0, 0.0], '1025_1015_passing_MET': [0.0, 0.0], '1025_1015_failing_MET': [0.0, 0.0], '1025_1015_min_MET_pt': [10000000.0, 10000000.0], '1025_1010': [0.0, 0.0], '1025_1010_passing_MET': [0.0, 0.0], '1025_1010_failing_MET': [0.0, 0.0], '1025_1010_min_MET_pt': [10000000.0, 10000000.0], '1025_1005': [0.0, 0.0], '1025_1005_passing_MET': [0.0, 0.0], '1025_1005_failing_MET': [0.0, 0.0], '1025_1005_min_MET_pt': [10000000.0, 10000000.0], '1025_1000': [0.0, 0.0], '1025_1000_passing_MET': [0.0, 0.0], '1025_1000_failing_MET': [0.0, 0.0], '1025_1000_min_MET_pt': [10000000.0, 10000000.0], '1025_995': [0.0, 0.0], '1025_995_passing_MET': [0.0, 0.0], '1025_995_failing_MET': [0.0, 0.0], '1025_995_min_MET_pt': [10000000.0, 10000000.0], '1050_1040': [0.0, 0.0], '1050_1040_passing_MET': [0.0, 0.0], '1050_1040_failing_MET': [0.0, 0.0], '1050_1040_min_MET_pt': [10000000.0, 10000000.0], '1050_1035': [0.0, 0.0], '1050_1035_passing_MET': [0.0, 0.0], '1050_1035_failing_MET': [0.0, 0.0], '1050_1035_min_MET_pt': [10000000.0, 10000000.0], '1050_1030': [0.0, 0.0], '1050_1030_passing_MET': [0.0, 0.0], '1050_1030_failing_MET': [0.0, 0.0], '1050_1030_min_MET_pt': [10000000.0, 10000000.0], '1050_1025': [0.0, 0.0], '1050_1025_passing_MET': [0.0, 0.0], '1050_1025_failing_MET': [0.0, 0.0], '1050_1025_min_MET_pt': [10000000.0, 10000000.0], '1050_1020': [0.0, 0.0], '1050_1020_passing_MET': [0.0, 0.0], '1050_1020_failing_MET': [0.0, 0.0], '1050_1020_min_MET_pt': [10000000.0, 10000000.0], '1075_1065': [0.0, 0.0], '1075_1065_passing_MET': [0.0, 0.0], '1075_1065_failing_MET': [0.0, 0.0], '1075_1065_min_MET_pt': [10000000.0, 10000000.0], '1075_1060': [0.0, 0.0], '1075_1060_passing_MET': [0.0, 0.0], '1075_1060_failing_MET': [0.0, 0.0], '1075_1060_min_MET_pt': [10000000.0, 10000000.0], '1075_1055': [0.0, 0.0], '1075_1055_passing_MET': [0.0, 0.0], '1075_1055_failing_MET': [0.0, 0.0], '1075_1055_min_MET_pt': [10000000.0, 10000000.0], '1075_1050': [0.0, 0.0], '1075_1050_passing_MET': [0.0, 0.0], '1075_1050_failing_MET': [0.0, 0.0], '1075_1050_min_MET_pt': [10000000.0, 10000000.0], '1075_1045': [0.0, 0.0], '1075_1045_passing_MET': [0.0, 0.0], '1075_1045_failing_MET': [0.0, 0.0], '1075_1045_min_MET_pt': [10000000.0, 10000000.0], '1100_1090': [1026.0, 0.0], '1100_1090_passing_MET': [1006.0, 0.0], '1100_1090_failing_MET': [20.0, 0.0], '1100_1090_min_MET_pt': [43.216514587402344, 10000000.0], '1100_1085': [0.0, 1027.0], '1100_1085_passing_MET': [0.0, 1004.0], '1100_1085_failing_MET': [0.0, 23.0], '1100_1085_min_MET_pt': [10000000.0, 56.53203201293945], '1100_1080': [0.0, 0.0], '1100_1080_passing_MET': [0.0, 0.0], '1100_1080_failing_MET': [0.0, 0.0], '1100_1080_min_MET_pt': [10000000.0, 10000000.0], '1100_1075': [969.0, 991.0], '1100_1075_passing_MET': [0.0, 0.0], '1100_1075_failing_MET': [0.0, 0.0], '1100_1075_min_MET_pt': [10000000.0, 10000000.0], '1100_1070': [1067.0, 0.0], '1100_1070_passing_MET': [1046.0, 0.0], '1100_1070_failing_MET': [21.0, 0.0], '1100_1070_min_MET_pt': [23.077259063720703, 10000000.0], 'nEventsTotal': 186139.0, 'strange masspoints': 0.0, 'orphans': 0.0, 'R-hadron event': 0.0, 'different stop antistop masses': 0.0, 'strange error': 0.0, 'strange event': 0.0, 'different neutralino masses': 13490.0, 'large differences': 0.0, '1000_986': [0.0, 130.0], '1000_986_passing_MET': [0.0, 126.0], '1000_986_failing_MET': [0.0, 4.0], '1000_986_min_MET_pt': [10000000.0, 47.5623664855957], '1076_1060': [1231.0, 0.0], '1076_1060_passing_MET': [1205.0, 0.0], '1076_1060_failing_MET': [26.0, 0.0], '1076_1060_min_MET_pt': [17.42483901977539, 10000000.0], '776_766': [111.0, 81.0], '776_766_passing_MET': [107.0, 79.0], '776_766_failing_MET': [4.0, 2.0], '776_766_min_MET_pt': [82.919189453125, 92.13645935058594], '776_765': [963.0, 1002.0], '776_765_passing_MET': [942.0, 980.0], '776_765_failing_MET': [21.0, 22.0], '776_765_min_MET_pt': [12.572441101074219, 43.94979476928711], '976_965': [2057.0, 994.0], '976_965_passing_MET': [2015.0, 973.0], '976_965_failing_MET': [42.0, 21.0], '976_965_min_MET_pt': [22.471420288085938, 48.734703063964844], '976_966': [201.0, 119.0], '976_966_passing_MET': [198.0, 119.0], '976_966_failing_MET': [3.0, 0.0], '976_966_min_MET_pt': [87.52252960205078, 100.34574890136719], '1100_1084': [0.0, 167.0], '1100_1084_passing_MET': [0.0, 165.0], '1100_1084_failing_MET': [0.0, 2.0], '1100_1084_min_MET_pt': [10000000.0, 95.11305236816406], '950_926': [174.0, 325.0], '950_926_passing_MET': [169.0, 317.0], '950_926_failing_MET': [5.0, 8.0], '950_926_min_MET_pt': [74.84149932861328, 52.347599029541016], '850_836': [0.0, 266.0], '850_836_passing_MET': [0.0, 255.0], '850_836_failing_MET': [0.0, 11.0], '850_836_min_MET_pt': [10000000.0, 48.26223373413086], '876_860': [0.0, 1047.0], '876_860_passing_MET': [0.0, 1019.0], '876_860_failing_MET': [0.0, 28.0], '876_860_min_MET_pt': [10000000.0, 15.220502853393555], '926_915': [996.0, 1004.0], '926_915_passing_MET': [972.0, 986.0], '926_915_failing_MET': [24.0, 18.0], '926_915_min_MET_pt': [5.189033031463623, 31.76629638671875], '926_916': [96.0, 100.0], '926_916_passing_MET': [92.0, 98.0], '926_916_failing_MET': [4.0, 2.0], '926_916_min_MET_pt': [64.41825866699219, 64.99555206298828], '626_615': [1801.0, 878.0], '626_615_passing_MET': [1756.0, 862.0], '626_615_failing_MET': [45.0, 16.0], '626_615_min_MET_pt': [17.56465721130371, 21.76271629333496], '626_616': [186.0, 88.0], '626_616_passing_MET': [178.0, 85.0], '626_616_failing_MET': [8.0, 3.0], '626_616_min_MET_pt': [66.61067962646484, 56.184818267822266], '776_755': [0.0, 923.0], '776_755_passing_MET': [0.0, 903.0], '776_755_failing_MET': [0.0, 20.0], '776_755_min_MET_pt': [10000000.0, 43.829139709472656], '776_756': [0.0, 165.0], '776_756_passing_MET': [0.0, 157.0], '776_756_failing_MET': [0.0, 8.0], '776_756_min_MET_pt': [10000000.0, 77.34478759765625], '626_610': [2050.0, 0.0], '626_610_passing_MET': [1988.0, 0.0], '626_610_failing_MET': [62.0, 0.0], '626_610_min_MET_pt': [26.78114891052246, 10000000.0], '1052_1040': [2219.0, 2352.0], '1052_1040_passing_MET': [2173.0, 2283.0], '1052_1040_failing_MET': [46.0, 69.0], '1052_1040_min_MET_pt': [23.700315475463867, 21.488073348999023], '876_855': [949.0, 0.0], '876_855_passing_MET': [919.0, 0.0], '876_855_failing_MET': [30.0, 0.0], '876_855_min_MET_pt': [34.81866455078125, 10000000.0], '876_856': [137.0, 0.0], '876_856_passing_MET': [132.0, 0.0], '876_856_failing_MET': [5.0, 0.0], '876_856_min_MET_pt': [56.127628326416016, 10000000.0], '726_715': [962.0, 3873.0], '726_715_passing_MET': [946.0, 3777.0], '726_715_failing_MET': [16.0, 96.0], '726_715_min_MET_pt': [45.52631378173828, 15.49925708770752], '726_716': [105.0, 388.0], '726_716_passing_MET': [103.0, 376.0], '726_716_failing_MET': [2.0, 12.0], '726_716_min_MET_pt': [76.44759368896484, 46.4354133605957], '876_865': [0.0, 949.0], '876_865_passing_MET': [0.0, 919.0], '876_865_failing_MET': [0.0, 30.0], '876_865_min_MET_pt': [10000000.0, 47.95338821411133], '876_866': [0.0, 98.0], '876_866_passing_MET': [0.0, 96.0], '876_866_failing_MET': [0.0, 2.0], '876_866_min_MET_pt': [10000000.0, 86.70185852050781], '626_595': [0.0, 882.0], '626_595_passing_MET': [0.0, 848.0], '626_595_failing_MET': [0.0, 34.0], '626_595_min_MET_pt': [10000000.0, 17.486366271972656], '626_596': [0.0, 180.0], '626_596_passing_MET': [0.0, 171.0], '626_596_failing_MET': [0.0, 9.0], '626_596_min_MET_pt': [10000000.0, 24.18982696533203], '876_850': [0.0, 1148.0], '876_850_passing_MET': [0.0, 1121.0], '876_850_failing_MET': [0.0, 27.0], '876_850_min_MET_pt': [10000000.0, 24.2591495513916], '700_676': [202.0, 0.0], '700_676_passing_MET': [196.0, 0.0], '700_676_failing_MET': [6.0, 0.0], '700_676_min_MET_pt': [77.62740325927734, 10000000.0], '600_586': [0.0, 148.0], '600_586_passing_MET': [0.0, 144.0], '600_586_failing_MET': [0.0, 4.0], '600_586_min_MET_pt': [10000000.0, 54.58869934082031], '676_650': [2169.0, 3316.0], '676_650_passing_MET': [2096.0, 3223.0], '676_650_failing_MET': [73.0, 93.0], '676_650_min_MET_pt': [20.569011688232422, 17.433935165405273], '526_515': [0.0, 902.0], '526_515_passing_MET': [0.0, 881.0], '526_515_failing_MET': [0.0, 21.0], '526_515_min_MET_pt': [10000000.0, 8.022185325622559], '526_516': [0.0, 88.0], '526_516_passing_MET': [0.0, 83.0], '526_516_failing_MET': [0.0, 5.0], '526_516_min_MET_pt': [10000000.0, 79.83149719238281], '1100_1076': [196.0, 191.0], '1100_1076_passing_MET': [192.0, 187.0], '1100_1076_failing_MET': [4.0, 4.0], '1100_1076_min_MET_pt': [71.53195190429688, 29.583097457885742], '876_845': [0.0, 935.0], '876_845_passing_MET': [0.0, 901.0], '876_845_failing_MET': [0.0, 34.0], '876_845_min_MET_pt': [10000000.0, 41.17827606201172], '876_846': [0.0, 215.0], '876_846_passing_MET': [0.0, 212.0], '876_846_failing_MET': [0.0, 3.0], '876_846_min_MET_pt': [10000000.0, 25.455583572387695], '826_815': [1953.0, 0.0], '826_815_passing_MET': [1906.0, 0.0], '826_815_failing_MET': [47.0, 0.0], '826_815_min_MET_pt': [34.73006820678711, 10000000.0], '826_816': [214.0, 0.0], '826_816_passing_MET': [211.0, 0.0], '826_816_failing_MET': [3.0, 0.0], '826_816_min_MET_pt': [71.32917785644531, 10000000.0], '576_550': [0.0, 983.0], '576_550_passing_MET': [0.0, 945.0], '576_550_failing_MET': [0.0, 38.0], '576_550_min_MET_pt': [10000000.0, 39.40126419067383], '726_705': [0.0, 979.0], '726_705_passing_MET': [0.0, 950.0], '726_705_failing_MET': [0.0, 29.0], '726_705_min_MET_pt': [10000000.0, 25.433439254760742], '726_706': [0.0, 156.0], '726_706_passing_MET': [0.0, 150.0], '726_706_failing_MET': [0.0, 6.0], '726_706_min_MET_pt': [10000000.0, 34.77521896362305], '1024_1016': [123.0, 110.0], '1024_1016_passing_MET': [123.0, 105.0], '1024_1016_failing_MET': [0.0, 5.0], '1024_1016_min_MET_pt': [104.10001373291016, 81.85118865966797], '1024_1015': [997.0, 1010.0], '1024_1015_passing_MET': [977.0, 993.0], '1024_1015_failing_MET': [20.0, 17.0], '1024_1015_min_MET_pt': [30.018171310424805, 55.63241958618164], '826_800': [1106.0, 0.0], '826_800_passing_MET': [1076.0, 0.0], '826_800_failing_MET': [30.0, 0.0], '826_800_min_MET_pt': [31.774490356445312, 10000000.0], '926_900': [0.0, 1185.0], '926_900_passing_MET': [0.0, 1161.0], '926_900_failing_MET': [0.0, 24.0], '926_900_min_MET_pt': [10000000.0, 13.594826698303223], '1052_1025': [995.0, 2066.0], '1052_1025_passing_MET': [977.0, 2012.0], '1052_1025_failing_MET': [18.0, 54.0], '1052_1025_min_MET_pt': [22.2977237701416, 14.127104759216309], '1052_1024': [162.0, 327.0], '1052_1024_passing_MET': [159.0, 318.0], '1052_1024_failing_MET': [3.0, 9.0], '1052_1024_min_MET_pt': [93.01766967773438, 53.764129638671875], '576_560': [1046.0, 0.0], '576_560_passing_MET': [1015.0, 0.0], '576_560_failing_MET': [31.0, 0.0], '576_560_min_MET_pt': [11.552927017211914, 10000000.0], '1024_1000': [0.0, 1128.0], '1024_1000_passing_MET': [0.0, 1103.0], '1024_1000_failing_MET': [0.0, 25.0], '1024_1000_min_MET_pt': [10000000.0, 45.30494689941406], '1100_1072': [205.0, 0.0], '1100_1072_passing_MET': [200.0, 0.0], '1100_1072_failing_MET': [5.0, 0.0], '1100_1072_min_MET_pt': [17.24848175048828, 10000000.0], '750_736': [0.0, 269.0], '750_736_passing_MET': [0.0, 259.0], '750_736_failing_MET': [0.0, 10.0], '750_736_min_MET_pt': [10000000.0, 37.11930465698242], '1076_1065': [1081.0, 1083.0], '1076_1065_passing_MET': [1057.0, 1058.0], '1076_1065_failing_MET': [24.0, 25.0], '1076_1065_min_MET_pt': [45.36685562133789, 45.68965148925781], '1076_1064': [111.0, 115.0], '1076_1064_passing_MET': [111.0, 114.0], '1076_1064_failing_MET': [0.0, 1.0], '1076_1064_min_MET_pt': [108.61572265625, 87.7677230834961], '900_886': [127.0, 0.0], '900_886_passing_MET': [124.0, 0.0], '900_886_failing_MET': [3.0, 0.0], '900_886_min_MET_pt': [65.18877410888672, 10000000.0], '1024_1005': [2054.0, 0.0], '1024_1005_passing_MET': [2012.0, 0.0], '1024_1005_failing_MET': [42.0, 0.0], '1024_1005_min_MET_pt': [32.72410583496094, 10000000.0], '1024_1006': [326.0, 0.0], '1024_1006_passing_MET': [320.0, 0.0], '1024_1006_failing_MET': [6.0, 0.0], '1024_1006_min_MET_pt': [50.74916458129883, 10000000.0], '1000_976': [339.0, 0.0], '1000_976_passing_MET': [331.0, 0.0], '1000_976_failing_MET': [8.0, 0.0], '1000_976_min_MET_pt': [38.4661750793457, 10000000.0], '976_946': [0.0, 187.0], '976_946_passing_MET': [0.0, 182.0], '976_946_failing_MET': [0.0, 5.0], '976_946_min_MET_pt': [10000000.0, 50.31520462036133], '976_945': [0.0, 966.0], '976_945_passing_MET': [0.0, 953.0], '976_945_failing_MET': [0.0, 13.0], '976_945_min_MET_pt': [10000000.0, 33.98881530761719], '1052_1020': [1186.0, 0.0], '1052_1020_passing_MET': [1150.0, 0.0], '1052_1020_failing_MET': [36.0, 0.0], '1052_1020_min_MET_pt': [28.591327667236328, 10000000.0], '926_896': [0.0, 182.0], '926_896_passing_MET': [0.0, 180.0], '926_896_failing_MET': [0.0, 2.0], '926_896_min_MET_pt': [10000000.0, 88.11305236816406], '926_895': [0.0, 921.0], '926_895_passing_MET': [0.0, 894.0], '926_895_failing_MET': [0.0, 27.0], '926_895_min_MET_pt': [10000000.0, 49.686031341552734], '550_536': [0.0, 117.0], '550_536_passing_MET': [0.0, 116.0], '550_536_failing_MET': [0.0, 1.0], '550_536_min_MET_pt': [10000000.0, 99.6072998046875], '1100_1092': [99.0, 0.0], '1100_1092_passing_MET': [97.0, 0.0], '1100_1092_failing_MET': [2.0, 0.0], '1100_1092_min_MET_pt': [62.15180969238281, 10000000.0], '800_786': [0.0, 263.0], '800_786_passing_MET': [0.0, 260.0], '800_786_failing_MET': [0.0, 3.0], '800_786_min_MET_pt': [10000000.0, 39.826541900634766], '676_666': [0.0, 95.0], '676_666_passing_MET': [0.0, 89.0], '676_666_failing_MET': [0.0, 6.0], '676_666_min_MET_pt': [10000000.0, 34.98341369628906], '676_665': [0.0, 963.0], '676_665_passing_MET': [0.0, 939.0], '676_665_failing_MET': [0.0, 24.0], '676_665_min_MET_pt': [10000000.0, 33.52531814575195], '526_500': [1084.0, 0.0], '526_500_passing_MET': [1049.0, 0.0], '526_500_failing_MET': [35.0, 0.0], '526_500_min_MET_pt': [35.73539733886719, 10000000.0], '826_810': [1114.0, 0.0], '826_810_passing_MET': [1080.0, 0.0], '826_810_failing_MET': [34.0, 0.0], '826_810_min_MET_pt': [31.956031799316406, 10000000.0], '1024_1010': [1116.0, 0.0], '1024_1010_passing_MET': [1095.0, 0.0], '1024_1010_failing_MET': [21.0, 0.0], '1024_1010_min_MET_pt': [27.525733947753906, 10000000.0]}
nevents_from_dict =  3510325141.4822783
Results saved to /afs/cern.ch/work/m/mleoncoe/private/stop_met_check/outputs_2018/nanoAOD_230.json
done
