000 (9018140.018.000) 01/06 10:56:17 Job submitted from host: <188.185.6.50:9618?addrs=188.185.6.50-9618+[2001-1458-d00-62--100-2b1]-9618&alias=bigbird25.cern.ch&noUDP&sock=schedd_1627_90ad>
...
040 (9018140.018.000) 01/06 10:58:31 Started transferring input files
	Transferring to host: <188.185.193.123:9618?addrs=188.185.193.123-9618+[2001-1458-303-20--100-77]-9618&alias=b9p19p1904.cern.ch&noUDP&sock=slot1_16_6821_c2ee_101991>
...
040 (9018140.018.000) 01/06 10:58:31 Finished transferring input files
...
001 (9018140.018.000) 01/06 10:58:32 Job executing on host: <188.185.193.123:9618?addrs=188.185.193.123-9618+[2001-1458-303-20--100-77]-9618&alias=b9p19p1904.cern.ch&noUDP&sock=startd_5641_d5d4>
	SlotName: slot1_16@b9p19p1904.cern.ch
	CondorScratchDir = "/pool/condor/dir_1916995"
	Cpus = 1
	Disk = 3984
	GPUs = 0
	Memory = 3000
...
006 (9018140.018.000) 01/06 10:58:46 Image size of job updated: 101676
	100  -  MemoryUsage of job (MB)
	101676  -  ResidentSetSize of job (KB)
...
006 (9018140.018.000) 01/06 11:03:47 Image size of job updated: 201188
	197  -  MemoryUsage of job (MB)
	201188  -  ResidentSetSize of job (KB)
...
006 (9018140.018.000) 01/06 11:08:47 Image size of job updated: 208404
	204  -  MemoryUsage of job (MB)
	208404  -  ResidentSetSize of job (KB)
...
006 (9018140.018.000) 01/06 11:13:47 Image size of job updated: 208676
	204  -  MemoryUsage of job (MB)
	208676  -  ResidentSetSize of job (KB)
...
006 (9018140.018.000) 01/06 11:18:48 Image size of job updated: 208792
	204  -  MemoryUsage of job (MB)
	208792  -  ResidentSetSize of job (KB)
...
006 (9018140.018.000) 01/06 11:28:49 Image size of job updated: 208804
	204  -  MemoryUsage of job (MB)
	208804  -  ResidentSetSize of job (KB)
...
006 (9018140.018.000) 01/06 11:33:50 Image size of job updated: 212484
	208  -  MemoryUsage of job (MB)
	212484  -  ResidentSetSize of job (KB)
...
006 (9018140.018.000) 01/06 11:43:51 Image size of job updated: 212536
	208  -  MemoryUsage of job (MB)
	212536  -  ResidentSetSize of job (KB)
...
006 (9018140.018.000) 01/06 11:48:51 Image size of job updated: 212544
	208  -  MemoryUsage of job (MB)
	212544  -  ResidentSetSize of job (KB)
...
006 (9018140.018.000) 01/06 11:53:51 Image size of job updated: 212548
	208  -  MemoryUsage of job (MB)
	212548  -  ResidentSetSize of job (KB)
...
006 (9018140.018.000) 01/06 11:58:52 Image size of job updated: 212552
	208  -  MemoryUsage of job (MB)
	212552  -  ResidentSetSize of job (KB)
...
006 (9018140.018.000) 01/06 12:03:52 Image size of job updated: 212556
	208  -  MemoryUsage of job (MB)
	212556  -  ResidentSetSize of job (KB)
...
006 (9018140.018.000) 01/06 12:08:53 Image size of job updated: 212560
	208  -  MemoryUsage of job (MB)
	212560  -  ResidentSetSize of job (KB)
...
006 (9018140.018.000) 01/06 12:13:54 Image size of job updated: 212564
	208  -  MemoryUsage of job (MB)
	212564  -  ResidentSetSize of job (KB)
...
006 (9018140.018.000) 01/06 12:23:55 Image size of job updated: 212596
	208  -  MemoryUsage of job (MB)
	212596  -  ResidentSetSize of job (KB)
...
006 (9018140.018.000) 01/06 12:38:57 Image size of job updated: 212616
	208  -  MemoryUsage of job (MB)
	212616  -  ResidentSetSize of job (KB)
...
006 (9018140.018.000) 01/06 12:43:58 Image size of job updated: 212620
	208  -  MemoryUsage of job (MB)
	212620  -  ResidentSetSize of job (KB)
...
006 (9018140.018.000) 01/06 13:04:00 Image size of job updated: 212624
	208  -  MemoryUsage of job (MB)
	212624  -  ResidentSetSize of job (KB)
...
006 (9018140.018.000) 01/06 13:09:01 Image size of job updated: 212664
	208  -  MemoryUsage of job (MB)
	212664  -  ResidentSetSize of job (KB)
...
006 (9018140.018.000) 01/06 13:14:02 Image size of job updated: 212676
	208  -  MemoryUsage of job (MB)
	212676  -  ResidentSetSize of job (KB)
...
006 (9018140.018.000) 01/06 13:19:02 Image size of job updated: 212700
	208  -  MemoryUsage of job (MB)
	212700  -  ResidentSetSize of job (KB)
...
006 (9018140.018.000) 01/06 13:34:04 Image size of job updated: 212704
	208  -  MemoryUsage of job (MB)
	212704  -  ResidentSetSize of job (KB)
...
006 (9018140.018.000) 01/06 13:49:06 Image size of job updated: 212712
	208  -  MemoryUsage of job (MB)
	212712  -  ResidentSetSize of job (KB)
...
006 (9018140.018.000) 01/06 14:09:07 Image size of job updated: 212716
	208  -  MemoryUsage of job (MB)
	212716  -  ResidentSetSize of job (KB)
...
006 (9018140.018.000) 01/06 14:39:09 Image size of job updated: 212720
	208  -  MemoryUsage of job (MB)
	212720  -  ResidentSetSize of job (KB)
...
006 (9018140.018.000) 01/06 14:49:10 Image size of job updated: 212724
	208  -  MemoryUsage of job (MB)
	212724  -  ResidentSetSize of job (KB)
...
006 (9018140.018.000) 01/06 15:09:13 Image size of job updated: 212820
	208  -  MemoryUsage of job (MB)
	212820  -  ResidentSetSize of job (KB)
...
006 (9018140.018.000) 01/06 15:09:48 Image size of job updated: 212828
	208  -  MemoryUsage of job (MB)
	212820  -  ResidentSetSize of job (KB)
...
040 (9018140.018.000) 01/06 15:09:48 Started transferring output files
...
040 (9018140.018.000) 01/06 15:09:52 Finished transferring output files
...
005 (9018140.018.000) 01/06 15:09:52 Job terminated.
	(1) Normal termination (return value 0)
		Usr 0 04:06:49, Sys 0 00:00:11  -  Run Remote Usage
		Usr 0 00:00:00, Sys 0 00:00:00  -  Run Local Usage
		Usr 0 04:06:49, Sys 0 00:00:11  -  Total Remote Usage
		Usr 0 00:00:00, Sys 0 00:00:00  -  Total Local Usage
	44951  -  Run Bytes Sent By Job
	21436  -  Run Bytes Received By Job
	44951  -  Total Bytes Sent By Job
	21436  -  Total Bytes Received By Job
	Partitionable Resources :    Usage  Request Allocated 
	   Cpus                 :     0.99        1         1 
	   Disk (KB)            :    92          22      3984 
	   GPUs                 :                           0 
	   Memory (MB)          :   208        3000      3000 
	   TimeExecute (s)      : 15076                       
	   TimeSlotBusy (s)     : 15082                       

	Job terminated of its own accord at 2026-01-06T14:09:48Z with exit-code 0.
...
