000 (9018140.297.000) 01/06 10:56:32 Job submitted from host: <188.185.6.50:9618?addrs=188.185.6.50-9618+[2001-1458-d00-62--100-2b1]-9618&alias=bigbird25.cern.ch&noUDP&sock=schedd_1627_90ad>
...
040 (9018140.297.000) 01/06 11:00:00 Started transferring input files
	Transferring to host: <188.185.210.24:9618?addrs=188.185.210.24-9618+[2001-1458-303-1--100-14]-9618&alias=b9p21p2243.cern.ch&noUDP&sock=slot1_15_4360_c3aa_139465>
...
040 (9018140.297.000) 01/06 11:00:00 Finished transferring input files
...
001 (9018140.297.000) 01/06 11:00:01 Job executing on host: <188.185.210.24:9618?addrs=188.185.210.24-9618+[2001-1458-303-1--100-14]-9618&alias=b9p21p2243.cern.ch&noUDP&sock=startd_3719_80cd>
	SlotName: slot1_15@b9p21p2243.cern.ch
	CondorScratchDir = "/pool/condor/dir_1512867"
	Cpus = 1
	Disk = 3756
	GPUs = 0
	Memory = 3000
...
006 (9018140.297.000) 01/06 11:00:15 Image size of job updated: 12464
	13  -  MemoryUsage of job (MB)
	12464  -  ResidentSetSize of job (KB)
...
006 (9018140.297.000) 01/06 11:05:16 Image size of job updated: 201692
	197  -  MemoryUsage of job (MB)
	201692  -  ResidentSetSize of job (KB)
...
006 (9018140.297.000) 01/06 11:10:16 Image size of job updated: 208344
	204  -  MemoryUsage of job (MB)
	208344  -  ResidentSetSize of job (KB)
...
006 (9018140.297.000) 01/06 11:15:17 Image size of job updated: 208480
	204  -  MemoryUsage of job (MB)
	208480  -  ResidentSetSize of job (KB)
...
006 (9018140.297.000) 01/06 11:20:17 Image size of job updated: 208608
	204  -  MemoryUsage of job (MB)
	208608  -  ResidentSetSize of job (KB)
...
006 (9018140.297.000) 01/06 11:25:17 Image size of job updated: 208740
	204  -  MemoryUsage of job (MB)
	208740  -  ResidentSetSize of job (KB)
...
006 (9018140.297.000) 01/06 11:35:18 Image size of job updated: 213004
	209  -  MemoryUsage of job (MB)
	213004  -  ResidentSetSize of job (KB)
...
006 (9018140.297.000) 01/06 11:40:19 Image size of job updated: 213036
	209  -  MemoryUsage of job (MB)
	213036  -  ResidentSetSize of job (KB)
...
006 (9018140.297.000) 01/06 11:50:20 Image size of job updated: 213048
	209  -  MemoryUsage of job (MB)
	213048  -  ResidentSetSize of job (KB)
...
006 (9018140.297.000) 01/06 11:55:20 Image size of job updated: 213052
	209  -  MemoryUsage of job (MB)
	213052  -  ResidentSetSize of job (KB)
...
006 (9018140.297.000) 01/06 12:15:22 Image size of job updated: 213068
	209  -  MemoryUsage of job (MB)
	213068  -  ResidentSetSize of job (KB)
...
006 (9018140.297.000) 01/06 12:40:24 Image size of job updated: 213072
	209  -  MemoryUsage of job (MB)
	213072  -  ResidentSetSize of job (KB)
...
006 (9018140.297.000) 01/06 12:45:25 Image size of job updated: 213076
	209  -  MemoryUsage of job (MB)
	213076  -  ResidentSetSize of job (KB)
...
006 (9018140.297.000) 01/06 12:50:25 Image size of job updated: 213080
	209  -  MemoryUsage of job (MB)
	213080  -  ResidentSetSize of job (KB)
...
006 (9018140.297.000) 01/06 12:55:26 Image size of job updated: 213084
	209  -  MemoryUsage of job (MB)
	213084  -  ResidentSetSize of job (KB)
...
006 (9018140.297.000) 01/06 13:05:27 Image size of job updated: 213088
	209  -  MemoryUsage of job (MB)
	213088  -  ResidentSetSize of job (KB)
...
006 (9018140.297.000) 01/06 13:10:27 Image size of job updated: 213092
	209  -  MemoryUsage of job (MB)
	213092  -  ResidentSetSize of job (KB)
...
006 (9018140.297.000) 01/06 13:25:29 Image size of job updated: 213096
	209  -  MemoryUsage of job (MB)
	213096  -  ResidentSetSize of job (KB)
...
006 (9018140.297.000) 01/06 13:30:30 Image size of job updated: 248660
	243  -  MemoryUsage of job (MB)
	248660  -  ResidentSetSize of job (KB)
...
006 (9018140.297.000) 01/06 13:35:30 Image size of job updated: 248672
	243  -  MemoryUsage of job (MB)
	248672  -  ResidentSetSize of job (KB)
...
006 (9018140.297.000) 01/06 13:40:31 Image size of job updated: 248676
	243  -  MemoryUsage of job (MB)
	248676  -  ResidentSetSize of job (KB)
...
040 (9018140.297.000) 01/06 13:56:06 Started transferring output files
...
040 (9018140.297.000) 01/06 13:56:07 Finished transferring output files
...
005 (9018140.297.000) 01/06 13:56:07 Job terminated.
	(1) Normal termination (return value 0)
		Usr 0 02:41:54, Sys 0 00:01:56  -  Run Remote Usage
		Usr 0 00:00:00, Sys 0 00:00:00  -  Run Local Usage
		Usr 0 02:41:54, Sys 0 00:01:56  -  Total Remote Usage
		Usr 0 00:00:00, Sys 0 00:00:00  -  Total Local Usage
	42696  -  Run Bytes Sent By Job
	21436  -  Run Bytes Received By Job
	42696  -  Total Bytes Sent By Job
	21436  -  Total Bytes Received By Job
	Partitionable Resources :    Usage  Request Allocated 
	   Cpus                 :     0.96        1         1 
	   Disk (KB)            :    90          22      3756 
	   GPUs                 :                           0 
	   Memory (MB)          :   243        3000      3000 
	   TimeExecute (s)      : 10565                       
	   TimeSlotBusy (s)     : 10568                       

	Job terminated of its own accord at 2026-01-06T12:56:06Z with exit-code 0.
...
