000 (9018140.226.000) 01/06 10:56:26 Job submitted from host: <188.185.6.50:9618?addrs=188.185.6.50-9618+[2001-1458-d00-62--100-2b1]-9618&alias=bigbird25.cern.ch&noUDP&sock=schedd_1627_90ad>
...
040 (9018140.226.000) 01/06 10:59:40 Started transferring input files
	Transferring to host: <188.185.210.105:9618?addrs=188.185.210.105-9618+[2001-1458-303-1--100-65]-9618&alias=b9p21p1603.cern.ch&noUDP&sock=slot1_30_3811_f1b4_113964>
...
040 (9018140.226.000) 01/06 10:59:40 Finished transferring input files
...
001 (9018140.226.000) 01/06 10:59:41 Job executing on host: <188.185.210.105:9618?addrs=188.185.210.105-9618+[2001-1458-303-1--100-65]-9618&alias=b9p21p1603.cern.ch&noUDP&sock=startd_3095_7db5>
	SlotName: slot1_30@b9p21p1603.cern.ch
	CondorScratchDir = "/pool/condor/dir_2098445"
	Cpus = 1
	Disk = 3865
	GPUs = 0
	Memory = 3000
...
006 (9018140.226.000) 01/06 10:59:56 Image size of job updated: 93644
	92  -  MemoryUsage of job (MB)
	93644  -  ResidentSetSize of job (KB)
...
006 (9018140.226.000) 01/06 11:04:57 Image size of job updated: 206028
	202  -  MemoryUsage of job (MB)
	206028  -  ResidentSetSize of job (KB)
...
006 (9018140.226.000) 01/06 11:09:57 Image size of job updated: 206120
	202  -  MemoryUsage of job (MB)
	206120  -  ResidentSetSize of job (KB)
...
006 (9018140.226.000) 01/06 11:14:57 Image size of job updated: 206400
	202  -  MemoryUsage of job (MB)
	206400  -  ResidentSetSize of job (KB)
...
006 (9018140.226.000) 01/06 11:19:58 Image size of job updated: 206452
	202  -  MemoryUsage of job (MB)
	206452  -  ResidentSetSize of job (KB)
...
006 (9018140.226.000) 01/06 11:24:58 Image size of job updated: 206460
	202  -  MemoryUsage of job (MB)
	206460  -  ResidentSetSize of job (KB)
...
006 (9018140.226.000) 01/06 11:29:58 Image size of job updated: 206476
	202  -  MemoryUsage of job (MB)
	206476  -  ResidentSetSize of job (KB)
...
006 (9018140.226.000) 01/06 11:34:59 Image size of job updated: 206512
	202  -  MemoryUsage of job (MB)
	206512  -  ResidentSetSize of job (KB)
...
006 (9018140.226.000) 01/06 11:39:59 Image size of job updated: 206912
	203  -  MemoryUsage of job (MB)
	206912  -  ResidentSetSize of job (KB)
...
006 (9018140.226.000) 01/06 11:44:59 Image size of job updated: 207028
	203  -  MemoryUsage of job (MB)
	207028  -  ResidentSetSize of job (KB)
...
006 (9018140.226.000) 01/06 11:50:00 Image size of job updated: 207040
	203  -  MemoryUsage of job (MB)
	207040  -  ResidentSetSize of job (KB)
...
006 (9018140.226.000) 01/06 12:00:01 Image size of job updated: 207084
	203  -  MemoryUsage of job (MB)
	207084  -  ResidentSetSize of job (KB)
...
006 (9018140.226.000) 01/06 12:05:02 Image size of job updated: 207088
	203  -  MemoryUsage of job (MB)
	207088  -  ResidentSetSize of job (KB)
...
006 (9018140.226.000) 01/06 12:10:02 Image size of job updated: 207304
	203  -  MemoryUsage of job (MB)
	207304  -  ResidentSetSize of job (KB)
...
006 (9018140.226.000) 01/06 12:15:03 Image size of job updated: 207320
	203  -  MemoryUsage of job (MB)
	207320  -  ResidentSetSize of job (KB)
...
006 (9018140.226.000) 01/06 12:25:03 Image size of job updated: 207328
	203  -  MemoryUsage of job (MB)
	207328  -  ResidentSetSize of job (KB)
...
006 (9018140.226.000) 01/06 12:30:04 Image size of job updated: 207336
	203  -  MemoryUsage of job (MB)
	207336  -  ResidentSetSize of job (KB)
...
006 (9018140.226.000) 01/06 12:40:05 Image size of job updated: 207344
	203  -  MemoryUsage of job (MB)
	207344  -  ResidentSetSize of job (KB)
...
006 (9018140.226.000) 01/06 13:00:07 Image size of job updated: 207356
	203  -  MemoryUsage of job (MB)
	207356  -  ResidentSetSize of job (KB)
...
006 (9018140.226.000) 01/06 13:05:07 Image size of job updated: 207360
	203  -  MemoryUsage of job (MB)
	207360  -  ResidentSetSize of job (KB)
...
006 (9018140.226.000) 01/06 13:10:08 Image size of job updated: 207372
	203  -  MemoryUsage of job (MB)
	207372  -  ResidentSetSize of job (KB)
...
006 (9018140.226.000) 01/06 13:15:08 Image size of job updated: 207376
	203  -  MemoryUsage of job (MB)
	207376  -  ResidentSetSize of job (KB)
...
006 (9018140.226.000) 01/06 13:30:10 Image size of job updated: 207380
	203  -  MemoryUsage of job (MB)
	207380  -  ResidentSetSize of job (KB)
...
006 (9018140.226.000) 01/06 13:45:12 Image size of job updated: 207396
	203  -  MemoryUsage of job (MB)
	207396  -  ResidentSetSize of job (KB)
...
006 (9018140.226.000) 01/06 13:50:12 Image size of job updated: 207400
	203  -  MemoryUsage of job (MB)
	207400  -  ResidentSetSize of job (KB)
...
006 (9018140.226.000) 01/06 14:00:13 Image size of job updated: 207404
	203  -  MemoryUsage of job (MB)
	207404  -  ResidentSetSize of job (KB)
...
006 (9018140.226.000) 01/06 14:20:16 Image size of job updated: 207480
	203  -  MemoryUsage of job (MB)
	207480  -  ResidentSetSize of job (KB)
...
006 (9018140.226.000) 01/06 14:25:16 Image size of job updated: 207484
	203  -  MemoryUsage of job (MB)
	207484  -  ResidentSetSize of job (KB)
...
006 (9018140.226.000) 01/06 14:35:17 Image size of job updated: 207488
	203  -  MemoryUsage of job (MB)
	207488  -  ResidentSetSize of job (KB)
...
006 (9018140.226.000) 01/06 14:40:17 Image size of job updated: 207492
	203  -  MemoryUsage of job (MB)
	207492  -  ResidentSetSize of job (KB)
...
006 (9018140.226.000) 01/06 14:42:49 Image size of job updated: 207580
	203  -  MemoryUsage of job (MB)
	207492  -  ResidentSetSize of job (KB)
...
040 (9018140.226.000) 01/06 14:42:49 Started transferring output files
...
040 (9018140.226.000) 01/06 14:42:49 Finished transferring output files
...
005 (9018140.226.000) 01/06 14:42:49 Job terminated.
	(1) Normal termination (return value 0)
		Usr 0 03:33:45, Sys 0 00:00:41  -  Run Remote Usage
		Usr 0 00:00:00, Sys 0 00:00:00  -  Run Local Usage
		Usr 0 03:33:45, Sys 0 00:00:41  -  Total Remote Usage
		Usr 0 00:00:00, Sys 0 00:00:00  -  Total Local Usage
	47373  -  Run Bytes Sent By Job
	21436  -  Run Bytes Received By Job
	47373  -  Total Bytes Sent By Job
	21436  -  Total Bytes Received By Job
	Partitionable Resources :    Usage  Request Allocated 
	   Cpus                 :     0.99        1         1 
	   Disk (KB)            :    95          22      3865 
	   GPUs                 :                           0 
	   Memory (MB)          :   203        3000      3000 
	   TimeExecute (s)      : 13388                       
	   TimeSlotBusy (s)     : 13390                       

	Job terminated of its own accord at 2026-01-06T13:42:49Z with exit-code 0.
...
