i am in this directory
/pool/condor/dir_647038
Python 3.9.23
3.9.23
 will run this python stop_check_met_eff.py /eos/user/m/mleoncoe/stop_event_check/privateNanoAod2018/nanoAOD_277.root /afs/cern.ch/work/m/mleoncoe/private/stop_met_check/outputs_2018/nanoAOD_277.json
event num1000
event num2000
event num3000
event num4000
event num5000
event num6000
event num7000
event num8000
event num9000
event num10000
event num11000
event num12000
event num13000
event num14000
event num15000
event num16000
event num17000
event num18000
event num19000
event num20000
event num21000
event num22000
event num23000
event num24000
event num25000
event num26000
event num27000
event num28000
event num29000
event num30000
event num31000
event num32000
event num33000
event num34000
event num35000
event num36000
event num37000
event num38000
event num39000
event num40000
event num41000
event num42000
event num43000
event num44000
event num45000
event num46000
event num47000
event num48000
event num49000
event num50000
event num51000
event num52000
event num53000
event num54000
event num55000
event num56000
event num57000
event num58000
event num59000
event num60000
event num61000
event num62000
event num63000
event num64000
event num65000
event num66000
event num67000
event num68000
event num69000
event num70000
event num71000
event num72000
event num73000
event num74000
event num75000
event num76000
event num77000
event num78000
event num79000
event num80000
event num81000
event num82000
event num83000
event num84000
event num85000
event num86000
event num87000
event num88000
event num89000
event num90000
event num91000
event num92000
event num93000
event num94000
event num95000
event num96000
event num97000
event num98000
event num99000
event num100000
event num101000
event num102000
event num103000
event num104000
event num105000
event num106000
event num107000
event num108000
event num109000
event num110000
event num111000
event num112000
event num113000
event num114000
event num115000
event num116000
event num117000
event num118000
event num119000
event num120000
event num121000
event num122000
event num123000
event num124000
event num125000
event num126000
event num127000
event num128000
event num129000
event num130000
event num131000
event num132000
event num133000
event num134000
event num135000
event num136000
event num137000
event num138000
event num139000
event num140000
{'250_240': [0.0, 0.0], '250_240_passing_MET': [0.0, 0.0], '250_240_failing_MET': [0.0, 0.0], '250_240_min_MET_pt': [10000000.0, 10000000.0], '250_235': [725.0, 1400.0], '250_235_passing_MET': [0.0, 0.0], '250_235_failing_MET': [0.0, 0.0], '250_235_min_MET_pt': [10000000.0, 10000000.0], '250_230': [0.0, 0.0], '250_230_passing_MET': [0.0, 0.0], '250_230_failing_MET': [0.0, 0.0], '250_230_min_MET_pt': [10000000.0, 10000000.0], '250_225': [0.0, 0.0], '250_225_passing_MET': [0.0, 0.0], '250_225_failing_MET': [0.0, 0.0], '250_225_min_MET_pt': [10000000.0, 10000000.0], '250_220': [0.0, 0.0], '250_220_passing_MET': [0.0, 0.0], '250_220_failing_MET': [0.0, 0.0], '250_220_min_MET_pt': [10000000.0, 10000000.0], '275_265': [738.0, 2141.0], '275_265_passing_MET': [0.0, 0.0], '275_265_failing_MET': [0.0, 0.0], '275_265_min_MET_pt': [10000000.0, 10000000.0], '275_260': [0.0, 0.0], '275_260_passing_MET': [0.0, 0.0], '275_260_failing_MET': [0.0, 0.0], '275_260_min_MET_pt': [10000000.0, 10000000.0], '275_255': [0.0, 0.0], '275_255_passing_MET': [0.0, 0.0], '275_255_failing_MET': [0.0, 0.0], '275_255_min_MET_pt': [10000000.0, 10000000.0], '275_250': [0.0, 0.0], '275_250_passing_MET': [0.0, 0.0], '275_250_failing_MET': [0.0, 0.0], '275_250_min_MET_pt': [10000000.0, 10000000.0], '275_245': [0.0, 0.0], '275_245_passing_MET': [0.0, 0.0], '275_245_failing_MET': [0.0, 0.0], '275_245_min_MET_pt': [10000000.0, 10000000.0], '300_290': [1553.0, 2294.0], '300_290_passing_MET': [0.0, 0.0], '300_290_failing_MET': [0.0, 0.0], '300_290_min_MET_pt': [10000000.0, 10000000.0], '300_285': [0.0, 796.0], '300_285_passing_MET': [0.0, 761.0], '300_285_failing_MET': [0.0, 35.0], '300_285_min_MET_pt': [10000000.0, 29.243860244750977], '300_280': [0.0, 0.0], '300_280_passing_MET': [0.0, 0.0], '300_280_failing_MET': [0.0, 0.0], '300_280_min_MET_pt': [10000000.0, 10000000.0], '300_275': [0.0, 0.0], '300_275_passing_MET': [0.0, 0.0], '300_275_failing_MET': [0.0, 0.0], '300_275_min_MET_pt': [10000000.0, 10000000.0], '300_270': [864.0, 0.0], '300_270_passing_MET': [824.0, 0.0], '300_270_failing_MET': [40.0, 0.0], '300_270_min_MET_pt': [28.791078567504883, 10000000.0], '325_315': [1578.0, 732.0], '325_315_passing_MET': [0.0, 0.0], '325_315_failing_MET': [0.0, 0.0], '325_315_min_MET_pt': [10000000.0, 10000000.0], '325_310': [0.0, 0.0], '325_310_passing_MET': [0.0, 0.0], '325_310_failing_MET': [0.0, 0.0], '325_310_min_MET_pt': [10000000.0, 10000000.0], '325_305': [0.0, 830.0], '325_305_passing_MET': [0.0, 786.0], '325_305_failing_MET': [0.0, 44.0], '325_305_min_MET_pt': [10000000.0, 28.30384635925293], '325_300': [0.0, 0.0], '325_300_passing_MET': [0.0, 0.0], '325_300_failing_MET': [0.0, 0.0], '325_300_min_MET_pt': [10000000.0, 10000000.0], '325_295': [1741.0, 0.0], '325_295_passing_MET': [1659.0, 0.0], '325_295_failing_MET': [82.0, 0.0], '325_295_min_MET_pt': [12.723470687866211, 10000000.0], '350_340': [1755.0, 0.0], '350_340_passing_MET': [1685.0, 0.0], '350_340_failing_MET': [70.0, 0.0], '350_340_min_MET_pt': [21.615894317626953, 10000000.0], '350_335': [0.0, 0.0], '350_335_passing_MET': [0.0, 0.0], '350_335_failing_MET': [0.0, 0.0], '350_335_min_MET_pt': [10000000.0, 10000000.0], '350_330': [0.0, 0.0], '350_330_passing_MET': [0.0, 0.0], '350_330_failing_MET': [0.0, 0.0], '350_330_min_MET_pt': [10000000.0, 10000000.0], '350_325': [0.0, 0.0], '350_325_passing_MET': [0.0, 0.0], '350_325_failing_MET': [0.0, 0.0], '350_325_min_MET_pt': [10000000.0, 10000000.0], '350_320': [0.0, 940.0], '350_320_passing_MET': [0.0, 906.0], '350_320_failing_MET': [0.0, 34.0], '350_320_min_MET_pt': [10000000.0, 42.382362365722656], '375_365': [0.0, 835.0], '375_365_passing_MET': [0.0, 808.0], '375_365_failing_MET': [0.0, 27.0], '375_365_min_MET_pt': [10000000.0, 35.06532287597656], '375_360': [0.0, 0.0], '375_360_passing_MET': [0.0, 0.0], '375_360_failing_MET': [0.0, 0.0], '375_360_min_MET_pt': [10000000.0, 10000000.0], '375_355': [0.0, 0.0], '375_355_passing_MET': [0.0, 0.0], '375_355_failing_MET': [0.0, 0.0], '375_355_min_MET_pt': [10000000.0, 10000000.0], '375_350': [951.0, 0.0], '375_350_passing_MET': [914.0, 0.0], '375_350_failing_MET': [37.0, 0.0], '375_350_min_MET_pt': [34.476863861083984, 10000000.0], '375_345': [0.0, 0.0], '375_345_passing_MET': [0.0, 0.0], '375_345_failing_MET': [0.0, 0.0], '375_345_min_MET_pt': [10000000.0, 10000000.0], '400_390': [904.0, 2679.0], '400_390_passing_MET': [0.0, 0.0], '400_390_failing_MET': [0.0, 0.0], '400_390_min_MET_pt': [10000000.0, 10000000.0], '400_385': [0.0, 0.0], '400_385_passing_MET': [0.0, 0.0], '400_385_failing_MET': [0.0, 0.0], '400_385_min_MET_pt': [10000000.0, 10000000.0], '400_380': [0.0, 0.0], '400_380_passing_MET': [0.0, 0.0], '400_380_failing_MET': [0.0, 0.0], '400_380_min_MET_pt': [10000000.0, 10000000.0], '400_375': [916.0, 0.0], '400_375_passing_MET': [896.0, 0.0], '400_375_failing_MET': [20.0, 0.0], '400_375_min_MET_pt': [51.65147018432617, 10000000.0], '400_370': [0.0, 0.0], '400_370_passing_MET': [0.0, 0.0], '400_370_failing_MET': [0.0, 0.0], '400_370_min_MET_pt': [10000000.0, 10000000.0], '425_415': [931.0, 892.0], '425_415_passing_MET': [0.0, 0.0], '425_415_failing_MET': [0.0, 0.0], '425_415_min_MET_pt': [10000000.0, 10000000.0], '425_410': [0.0, 0.0], '425_410_passing_MET': [0.0, 0.0], '425_410_failing_MET': [0.0, 0.0], '425_410_min_MET_pt': [10000000.0, 10000000.0], '425_405': [0.0, 0.0], '425_405_passing_MET': [0.0, 0.0], '425_405_failing_MET': [0.0, 0.0], '425_405_min_MET_pt': [10000000.0, 10000000.0], '425_400': [0.0, 0.0], '425_400_passing_MET': [0.0, 0.0], '425_400_failing_MET': [0.0, 0.0], '425_400_min_MET_pt': [10000000.0, 10000000.0], '425_395': [958.0, 0.0], '425_395_passing_MET': [917.0, 0.0], '425_395_failing_MET': [41.0, 0.0], '425_395_min_MET_pt': [13.293560028076172, 10000000.0], '450_440': [0.0, 0.0], '450_440_passing_MET': [0.0, 0.0], '450_440_failing_MET': [0.0, 0.0], '450_440_min_MET_pt': [10000000.0, 10000000.0], '450_435': [0.0, 0.0], '450_435_passing_MET': [0.0, 0.0], '450_435_failing_MET': [0.0, 0.0], '450_435_min_MET_pt': [10000000.0, 10000000.0], '450_430': [1920.0, 968.0], '450_430_passing_MET': [0.0, 0.0], '450_430_failing_MET': [0.0, 0.0], '450_430_min_MET_pt': [10000000.0, 10000000.0], '450_425': [931.0, 0.0], '450_425_passing_MET': [905.0, 0.0], '450_425_failing_MET': [26.0, 0.0], '450_425_min_MET_pt': [40.78242492675781, 10000000.0], '450_420': [0.0, 0.0], '450_420_passing_MET': [0.0, 0.0], '450_420_failing_MET': [0.0, 0.0], '450_420_min_MET_pt': [10000000.0, 10000000.0], '475_465': [954.0, 945.0], '475_465_passing_MET': [0.0, 0.0], '475_465_failing_MET': [0.0, 0.0], '475_465_min_MET_pt': [10000000.0, 10000000.0], '475_460': [0.0, 988.0], '475_460_passing_MET': [0.0, 965.0], '475_460_failing_MET': [0.0, 23.0], '475_460_min_MET_pt': [10000000.0, 19.350046157836914], '475_455': [988.0, 1002.0], '475_455_passing_MET': [0.0, 0.0], '475_455_failing_MET': [0.0, 0.0], '475_455_min_MET_pt': [10000000.0, 10000000.0], '475_450': [0.0, 0.0], '475_450_passing_MET': [0.0, 0.0], '475_450_failing_MET': [0.0, 0.0], '475_450_min_MET_pt': [10000000.0, 10000000.0], '475_445': [0.0, 0.0], '475_445_passing_MET': [0.0, 0.0], '475_445_failing_MET': [0.0, 0.0], '475_445_min_MET_pt': [10000000.0, 10000000.0], '500_490': [997.0, 0.0], '500_490_passing_MET': [970.0, 0.0], '500_490_failing_MET': [27.0, 0.0], '500_490_min_MET_pt': [17.82809066772461, 10000000.0], '500_485': [0.0, 0.0], '500_485_passing_MET': [0.0, 0.0], '500_485_failing_MET': [0.0, 0.0], '500_485_min_MET_pt': [10000000.0, 10000000.0], '500_480': [0.0, 0.0], '500_480_passing_MET': [0.0, 0.0], '500_480_failing_MET': [0.0, 0.0], '500_480_min_MET_pt': [10000000.0, 10000000.0], '500_475': [962.0, 1000.0], '500_475_passing_MET': [0.0, 0.0], '500_475_failing_MET': [0.0, 0.0], '500_475_min_MET_pt': [10000000.0, 10000000.0], '500_470': [0.0, 1024.0], '500_470_passing_MET': [0.0, 985.0], '500_470_failing_MET': [0.0, 39.0], '500_470_min_MET_pt': [10000000.0, 44.3161506652832], '525_515': [0.0, 0.0], '525_515_passing_MET': [0.0, 0.0], '525_515_failing_MET': [0.0, 0.0], '525_515_min_MET_pt': [10000000.0, 10000000.0], '525_510': [0.0, 0.0], '525_510_passing_MET': [0.0, 0.0], '525_510_failing_MET': [0.0, 0.0], '525_510_min_MET_pt': [10000000.0, 10000000.0], '525_505': [0.0, 0.0], '525_505_passing_MET': [0.0, 0.0], '525_505_failing_MET': [0.0, 0.0], '525_505_min_MET_pt': [10000000.0, 10000000.0], '525_500': [0.0, 0.0], '525_500_passing_MET': [0.0, 0.0], '525_500_failing_MET': [0.0, 0.0], '525_500_min_MET_pt': [10000000.0, 10000000.0], '525_495': [0.0, 0.0], '525_495_passing_MET': [0.0, 0.0], '525_495_failing_MET': [0.0, 0.0], '525_495_min_MET_pt': [10000000.0, 10000000.0], '550_540': [918.0, 0.0], '550_540_passing_MET': [900.0, 0.0], '550_540_failing_MET': [18.0, 0.0], '550_540_min_MET_pt': [54.22001647949219, 10000000.0], '550_535': [870.0, 834.0], '550_535_passing_MET': [0.0, 0.0], '550_535_failing_MET': [0.0, 0.0], '550_535_min_MET_pt': [10000000.0, 10000000.0], '550_530': [0.0, 1017.0], '550_530_passing_MET': [0.0, 984.0], '550_530_failing_MET': [0.0, 33.0], '550_530_min_MET_pt': [10000000.0, 24.712495803833008], '550_525': [858.0, 0.0], '550_525_passing_MET': [816.0, 0.0], '550_525_failing_MET': [42.0, 0.0], '550_525_min_MET_pt': [33.04429244995117, 10000000.0], '550_520': [0.0, 0.0], '550_520_passing_MET': [0.0, 0.0], '550_520_failing_MET': [0.0, 0.0], '550_520_min_MET_pt': [10000000.0, 10000000.0], '575_565': [0.0, 0.0], '575_565_passing_MET': [0.0, 0.0], '575_565_failing_MET': [0.0, 0.0], '575_565_min_MET_pt': [10000000.0, 10000000.0], '575_560': [0.0, 0.0], '575_560_passing_MET': [0.0, 0.0], '575_560_failing_MET': [0.0, 0.0], '575_560_min_MET_pt': [10000000.0, 10000000.0], '575_555': [0.0, 0.0], '575_555_passing_MET': [0.0, 0.0], '575_555_failing_MET': [0.0, 0.0], '575_555_min_MET_pt': [10000000.0, 10000000.0], '575_550': [0.0, 0.0], '575_550_passing_MET': [0.0, 0.0], '575_550_failing_MET': [0.0, 0.0], '575_550_min_MET_pt': [10000000.0, 10000000.0], '575_545': [0.0, 0.0], '575_545_passing_MET': [0.0, 0.0], '575_545_failing_MET': [0.0, 0.0], '575_545_min_MET_pt': [10000000.0, 10000000.0], '600_590': [1029.0, 1034.0], '600_590_passing_MET': [0.0, 0.0], '600_590_failing_MET': [0.0, 0.0], '600_590_min_MET_pt': [10000000.0, 10000000.0], '600_585': [845.0, 858.0], '600_585_passing_MET': [0.0, 0.0], '600_585_failing_MET': [0.0, 0.0], '600_585_min_MET_pt': [10000000.0, 10000000.0], '600_580': [0.0, 0.0], '600_580_passing_MET': [0.0, 0.0], '600_580_failing_MET': [0.0, 0.0], '600_580_min_MET_pt': [10000000.0, 10000000.0], '600_575': [900.0, 0.0], '600_575_passing_MET': [869.0, 0.0], '600_575_failing_MET': [31.0, 0.0], '600_575_min_MET_pt': [52.06451416015625, 10000000.0], '600_570': [0.0, 0.0], '600_570_passing_MET': [0.0, 0.0], '600_570_failing_MET': [0.0, 0.0], '600_570_min_MET_pt': [10000000.0, 10000000.0], '625_615': [0.0, 0.0], '625_615_passing_MET': [0.0, 0.0], '625_615_failing_MET': [0.0, 0.0], '625_615_min_MET_pt': [10000000.0, 10000000.0], '625_610': [0.0, 0.0], '625_610_passing_MET': [0.0, 0.0], '625_610_failing_MET': [0.0, 0.0], '625_610_min_MET_pt': [10000000.0, 10000000.0], '625_605': [0.0, 0.0], '625_605_passing_MET': [0.0, 0.0], '625_605_failing_MET': [0.0, 0.0], '625_605_min_MET_pt': [10000000.0, 10000000.0], '625_600': [0.0, 0.0], '625_600_passing_MET': [0.0, 0.0], '625_600_failing_MET': [0.0, 0.0], '625_600_min_MET_pt': [10000000.0, 10000000.0], '625_595': [0.0, 0.0], '625_595_passing_MET': [0.0, 0.0], '625_595_failing_MET': [0.0, 0.0], '625_595_min_MET_pt': [10000000.0, 10000000.0], '650_640': [1046.0, 0.0], '650_640_passing_MET': [1025.0, 0.0], '650_640_failing_MET': [21.0, 0.0], '650_640_min_MET_pt': [45.99366760253906, 10000000.0], '650_635': [924.0, 0.0], '650_635_passing_MET': [899.0, 0.0], '650_635_failing_MET': [25.0, 0.0], '650_635_min_MET_pt': [35.218875885009766, 10000000.0], '650_630': [0.0, 0.0], '650_630_passing_MET': [0.0, 0.0], '650_630_failing_MET': [0.0, 0.0], '650_630_min_MET_pt': [10000000.0, 10000000.0], '650_625': [0.0, 0.0], '650_625_passing_MET': [0.0, 0.0], '650_625_failing_MET': [0.0, 0.0], '650_625_min_MET_pt': [10000000.0, 10000000.0], '650_620': [0.0, 0.0], '650_620_passing_MET': [0.0, 0.0], '650_620_failing_MET': [0.0, 0.0], '650_620_min_MET_pt': [10000000.0, 10000000.0], '675_665': [0.0, 0.0], '675_665_passing_MET': [0.0, 0.0], '675_665_failing_MET': [0.0, 0.0], '675_665_min_MET_pt': [10000000.0, 10000000.0], '675_660': [0.0, 0.0], '675_660_passing_MET': [0.0, 0.0], '675_660_failing_MET': [0.0, 0.0], '675_660_min_MET_pt': [10000000.0, 10000000.0], '675_655': [0.0, 0.0], '675_655_passing_MET': [0.0, 0.0], '675_655_failing_MET': [0.0, 0.0], '675_655_min_MET_pt': [10000000.0, 10000000.0], '675_650': [0.0, 0.0], '675_650_passing_MET': [0.0, 0.0], '675_650_failing_MET': [0.0, 0.0], '675_650_min_MET_pt': [10000000.0, 10000000.0], '675_645': [0.0, 0.0], '675_645_passing_MET': [0.0, 0.0], '675_645_failing_MET': [0.0, 0.0], '675_645_min_MET_pt': [10000000.0, 10000000.0], '700_690': [0.0, 0.0], '700_690_passing_MET': [0.0, 0.0], '700_690_failing_MET': [0.0, 0.0], '700_690_min_MET_pt': [10000000.0, 10000000.0], '700_685': [0.0, 0.0], '700_685_passing_MET': [0.0, 0.0], '700_685_failing_MET': [0.0, 0.0], '700_685_min_MET_pt': [10000000.0, 10000000.0], '700_680': [0.0, 0.0], '700_680_passing_MET': [0.0, 0.0], '700_680_failing_MET': [0.0, 0.0], '700_680_min_MET_pt': [10000000.0, 10000000.0], '700_675': [944.0, 0.0], '700_675_passing_MET': [917.0, 0.0], '700_675_failing_MET': [27.0, 0.0], '700_675_min_MET_pt': [40.0172119140625, 10000000.0], '700_670': [1100.0, 0.0], '700_670_passing_MET': [1068.0, 0.0], '700_670_failing_MET': [32.0, 0.0], '700_670_min_MET_pt': [18.23625373840332, 10000000.0], '725_715': [0.0, 0.0], '725_715_passing_MET': [0.0, 0.0], '725_715_failing_MET': [0.0, 0.0], '725_715_min_MET_pt': [10000000.0, 10000000.0], '725_710': [0.0, 0.0], '725_710_passing_MET': [0.0, 0.0], '725_710_failing_MET': [0.0, 0.0], '725_710_min_MET_pt': [10000000.0, 10000000.0], '725_705': [0.0, 0.0], '725_705_passing_MET': [0.0, 0.0], '725_705_failing_MET': [0.0, 0.0], '725_705_min_MET_pt': [10000000.0, 10000000.0], '725_700': [0.0, 0.0], '725_700_passing_MET': [0.0, 0.0], '725_700_failing_MET': [0.0, 0.0], '725_700_min_MET_pt': [10000000.0, 10000000.0], '725_695': [0.0, 0.0], '725_695_passing_MET': [0.0, 0.0], '725_695_failing_MET': [0.0, 0.0], '725_695_min_MET_pt': [10000000.0, 10000000.0], '750_740': [0.0, 0.0], '750_740_passing_MET': [0.0, 0.0], '750_740_failing_MET': [0.0, 0.0], '750_740_min_MET_pt': [10000000.0, 10000000.0], '750_735': [0.0, 0.0], '750_735_passing_MET': [0.0, 0.0], '750_735_failing_MET': [0.0, 0.0], '750_735_min_MET_pt': [10000000.0, 10000000.0], '750_730': [0.0, 0.0], '750_730_passing_MET': [0.0, 0.0], '750_730_failing_MET': [0.0, 0.0], '750_730_min_MET_pt': [10000000.0, 10000000.0], '750_725': [0.0, 936.0], '750_725_passing_MET': [0.0, 912.0], '750_725_failing_MET': [0.0, 24.0], '750_725_min_MET_pt': [10000000.0, 49.73066329956055], '750_720': [0.0, 0.0], '750_720_passing_MET': [0.0, 0.0], '750_720_failing_MET': [0.0, 0.0], '750_720_min_MET_pt': [10000000.0, 10000000.0], '775_765': [0.0, 0.0], '775_765_passing_MET': [0.0, 0.0], '775_765_failing_MET': [0.0, 0.0], '775_765_min_MET_pt': [10000000.0, 10000000.0], '775_760': [0.0, 0.0], '775_760_passing_MET': [0.0, 0.0], '775_760_failing_MET': [0.0, 0.0], '775_760_min_MET_pt': [10000000.0, 10000000.0], '775_755': [0.0, 0.0], '775_755_passing_MET': [0.0, 0.0], '775_755_failing_MET': [0.0, 0.0], '775_755_min_MET_pt': [10000000.0, 10000000.0], '775_750': [0.0, 0.0], '775_750_passing_MET': [0.0, 0.0], '775_750_failing_MET': [0.0, 0.0], '775_750_min_MET_pt': [10000000.0, 10000000.0], '775_745': [0.0, 0.0], '775_745_passing_MET': [0.0, 0.0], '775_745_failing_MET': [0.0, 0.0], '775_745_min_MET_pt': [10000000.0, 10000000.0], '800_790': [1089.0, 0.0], '800_790_passing_MET': [1059.0, 0.0], '800_790_failing_MET': [30.0, 0.0], '800_790_min_MET_pt': [37.34038162231445, 10000000.0], '800_785': [956.0, 0.0], '800_785_passing_MET': [929.0, 0.0], '800_785_failing_MET': [27.0, 0.0], '800_785_min_MET_pt': [26.038070678710938, 10000000.0], '800_780': [0.0, 0.0], '800_780_passing_MET': [0.0, 0.0], '800_780_failing_MET': [0.0, 0.0], '800_780_min_MET_pt': [10000000.0, 10000000.0], '800_775': [0.0, 0.0], '800_775_passing_MET': [0.0, 0.0], '800_775_failing_MET': [0.0, 0.0], '800_775_min_MET_pt': [10000000.0, 10000000.0], '800_770': [0.0, 0.0], '800_770_passing_MET': [0.0, 0.0], '800_770_failing_MET': [0.0, 0.0], '800_770_min_MET_pt': [10000000.0, 10000000.0], '825_815': [0.0, 0.0], '825_815_passing_MET': [0.0, 0.0], '825_815_failing_MET': [0.0, 0.0], '825_815_min_MET_pt': [10000000.0, 10000000.0], '825_810': [0.0, 0.0], '825_810_passing_MET': [0.0, 0.0], '825_810_failing_MET': [0.0, 0.0], '825_810_min_MET_pt': [10000000.0, 10000000.0], '825_805': [0.0, 0.0], '825_805_passing_MET': [0.0, 0.0], '825_805_failing_MET': [0.0, 0.0], '825_805_min_MET_pt': [10000000.0, 10000000.0], '825_800': [0.0, 0.0], '825_800_passing_MET': [0.0, 0.0], '825_800_failing_MET': [0.0, 0.0], '825_800_min_MET_pt': [10000000.0, 10000000.0], '825_795': [0.0, 0.0], '825_795_passing_MET': [0.0, 0.0], '825_795_failing_MET': [0.0, 0.0], '825_795_min_MET_pt': [10000000.0, 10000000.0], '850_840': [1108.0, 2111.0], '850_840_passing_MET': [0.0, 0.0], '850_840_failing_MET': [0.0, 0.0], '850_840_min_MET_pt': [10000000.0, 10000000.0], '850_835': [0.0, 0.0], '850_835_passing_MET': [0.0, 0.0], '850_835_failing_MET': [0.0, 0.0], '850_835_min_MET_pt': [10000000.0, 10000000.0], '850_830': [0.0, 0.0], '850_830_passing_MET': [0.0, 0.0], '850_830_failing_MET': [0.0, 0.0], '850_830_min_MET_pt': [10000000.0, 10000000.0], '850_825': [0.0, 0.0], '850_825_passing_MET': [0.0, 0.0], '850_825_failing_MET': [0.0, 0.0], '850_825_min_MET_pt': [10000000.0, 10000000.0], '850_820': [0.0, 0.0], '850_820_passing_MET': [0.0, 0.0], '850_820_failing_MET': [0.0, 0.0], '850_820_min_MET_pt': [10000000.0, 10000000.0], '875_865': [0.0, 0.0], '875_865_passing_MET': [0.0, 0.0], '875_865_failing_MET': [0.0, 0.0], '875_865_min_MET_pt': [10000000.0, 10000000.0], '875_860': [0.0, 0.0], '875_860_passing_MET': [0.0, 0.0], '875_860_failing_MET': [0.0, 0.0], '875_860_min_MET_pt': [10000000.0, 10000000.0], '875_855': [0.0, 0.0], '875_855_passing_MET': [0.0, 0.0], '875_855_failing_MET': [0.0, 0.0], '875_855_min_MET_pt': [10000000.0, 10000000.0], '875_850': [0.0, 0.0], '875_850_passing_MET': [0.0, 0.0], '875_850_failing_MET': [0.0, 0.0], '875_850_min_MET_pt': [10000000.0, 10000000.0], '875_845': [0.0, 0.0], '875_845_passing_MET': [0.0, 0.0], '875_845_failing_MET': [0.0, 0.0], '875_845_min_MET_pt': [10000000.0, 10000000.0], '900_890': [1128.0, 4358.0], '900_890_passing_MET': [0.0, 0.0], '900_890_failing_MET': [0.0, 0.0], '900_890_min_MET_pt': [10000000.0, 10000000.0], '900_885': [0.0, 0.0], '900_885_passing_MET': [0.0, 0.0], '900_885_failing_MET': [0.0, 0.0], '900_885_min_MET_pt': [10000000.0, 10000000.0], '900_880': [0.0, 0.0], '900_880_passing_MET': [0.0, 0.0], '900_880_failing_MET': [0.0, 0.0], '900_880_min_MET_pt': [10000000.0, 10000000.0], '900_875': [0.0, 0.0], '900_875_passing_MET': [0.0, 0.0], '900_875_failing_MET': [0.0, 0.0], '900_875_min_MET_pt': [10000000.0, 10000000.0], '900_870': [2316.0, 0.0], '900_870_passing_MET': [2260.0, 0.0], '900_870_failing_MET': [56.0, 0.0], '900_870_min_MET_pt': [9.284250259399414, 10000000.0], '925_915': [0.0, 0.0], '925_915_passing_MET': [0.0, 0.0], '925_915_failing_MET': [0.0, 0.0], '925_915_min_MET_pt': [10000000.0, 10000000.0], '925_910': [0.0, 0.0], '925_910_passing_MET': [0.0, 0.0], '925_910_failing_MET': [0.0, 0.0], '925_910_min_MET_pt': [10000000.0, 10000000.0], '925_905': [0.0, 0.0], '925_905_passing_MET': [0.0, 0.0], '925_905_failing_MET': [0.0, 0.0], '925_905_min_MET_pt': [10000000.0, 10000000.0], '925_900': [0.0, 0.0], '925_900_passing_MET': [0.0, 0.0], '925_900_failing_MET': [0.0, 0.0], '925_900_min_MET_pt': [10000000.0, 10000000.0], '925_895': [0.0, 0.0], '925_895_passing_MET': [0.0, 0.0], '925_895_failing_MET': [0.0, 0.0], '925_895_min_MET_pt': [10000000.0, 10000000.0], '950_940': [0.0, 0.0], '950_940_passing_MET': [0.0, 0.0], '950_940_failing_MET': [0.0, 0.0], '950_940_min_MET_pt': [10000000.0, 10000000.0], '950_935': [0.0, 0.0], '950_935_passing_MET': [0.0, 0.0], '950_935_failing_MET': [0.0, 0.0], '950_935_min_MET_pt': [10000000.0, 10000000.0], '950_930': [1148.0, 0.0], '950_930_passing_MET': [1120.0, 0.0], '950_930_failing_MET': [28.0, 0.0], '950_930_min_MET_pt': [6.959583282470703, 10000000.0], '950_925': [0.0, 0.0], '950_925_passing_MET': [0.0, 0.0], '950_925_failing_MET': [0.0, 0.0], '950_925_min_MET_pt': [10000000.0, 10000000.0], '950_920': [0.0, 0.0], '950_920_passing_MET': [0.0, 0.0], '950_920_failing_MET': [0.0, 0.0], '950_920_min_MET_pt': [10000000.0, 10000000.0], '975_965': [0.0, 0.0], '975_965_passing_MET': [0.0, 0.0], '975_965_failing_MET': [0.0, 0.0], '975_965_min_MET_pt': [10000000.0, 10000000.0], '975_960': [0.0, 0.0], '975_960_passing_MET': [0.0, 0.0], '975_960_failing_MET': [0.0, 0.0], '975_960_min_MET_pt': [10000000.0, 10000000.0], '975_955': [0.0, 0.0], '975_955_passing_MET': [0.0, 0.0], '975_955_failing_MET': [0.0, 0.0], '975_955_min_MET_pt': [10000000.0, 10000000.0], '975_950': [0.0, 0.0], '975_950_passing_MET': [0.0, 0.0], '975_950_failing_MET': [0.0, 0.0], '975_950_min_MET_pt': [10000000.0, 10000000.0], '975_945': [0.0, 0.0], '975_945_passing_MET': [0.0, 0.0], '975_945_failing_MET': [0.0, 0.0], '975_945_min_MET_pt': [10000000.0, 10000000.0], '1000_990': [1138.0, 0.0], '1000_990_passing_MET': [1108.0, 0.0], '1000_990_failing_MET': [30.0, 0.0], '1000_990_min_MET_pt': [22.005332946777344, 10000000.0], '1000_985': [0.0, 0.0], '1000_985_passing_MET': [0.0, 0.0], '1000_985_failing_MET': [0.0, 0.0], '1000_985_min_MET_pt': [10000000.0, 10000000.0], '1000_980': [0.0, 1127.0], '1000_980_passing_MET': [0.0, 1104.0], '1000_980_failing_MET': [0.0, 23.0], '1000_980_min_MET_pt': [10000000.0, 24.28516387939453], '1000_975': [0.0, 1017.0], '1000_975_passing_MET': [0.0, 988.0], '1000_975_failing_MET': [0.0, 29.0], '1000_975_min_MET_pt': [10000000.0, 20.30188751220703], '1000_970': [1161.0, 0.0], '1000_970_passing_MET': [1140.0, 0.0], '1000_970_failing_MET': [21.0, 0.0], '1000_970_min_MET_pt': [29.28569221496582, 10000000.0], '1025_1015': [0.0, 0.0], '1025_1015_passing_MET': [0.0, 0.0], '1025_1015_failing_MET': [0.0, 0.0], '1025_1015_min_MET_pt': [10000000.0, 10000000.0], '1025_1010': [0.0, 0.0], '1025_1010_passing_MET': [0.0, 0.0], '1025_1010_failing_MET': [0.0, 0.0], '1025_1010_min_MET_pt': [10000000.0, 10000000.0], '1025_1005': [0.0, 0.0], '1025_1005_passing_MET': [0.0, 0.0], '1025_1005_failing_MET': [0.0, 0.0], '1025_1005_min_MET_pt': [10000000.0, 10000000.0], '1025_1000': [0.0, 0.0], '1025_1000_passing_MET': [0.0, 0.0], '1025_1000_failing_MET': [0.0, 0.0], '1025_1000_min_MET_pt': [10000000.0, 10000000.0], '1025_995': [0.0, 0.0], '1025_995_passing_MET': [0.0, 0.0], '1025_995_failing_MET': [0.0, 0.0], '1025_995_min_MET_pt': [10000000.0, 10000000.0], '1050_1040': [0.0, 0.0], '1050_1040_passing_MET': [0.0, 0.0], '1050_1040_failing_MET': [0.0, 0.0], '1050_1040_min_MET_pt': [10000000.0, 10000000.0], '1050_1035': [0.0, 0.0], '1050_1035_passing_MET': [0.0, 0.0], '1050_1035_failing_MET': [0.0, 0.0], '1050_1035_min_MET_pt': [10000000.0, 10000000.0], '1050_1030': [0.0, 0.0], '1050_1030_passing_MET': [0.0, 0.0], '1050_1030_failing_MET': [0.0, 0.0], '1050_1030_min_MET_pt': [10000000.0, 10000000.0], '1050_1025': [0.0, 0.0], '1050_1025_passing_MET': [0.0, 0.0], '1050_1025_failing_MET': [0.0, 0.0], '1050_1025_min_MET_pt': [10000000.0, 10000000.0], '1050_1020': [0.0, 0.0], '1050_1020_passing_MET': [0.0, 0.0], '1050_1020_failing_MET': [0.0, 0.0], '1050_1020_min_MET_pt': [10000000.0, 10000000.0], '1075_1065': [0.0, 0.0], '1075_1065_passing_MET': [0.0, 0.0], '1075_1065_failing_MET': [0.0, 0.0], '1075_1065_min_MET_pt': [10000000.0, 10000000.0], '1075_1060': [0.0, 0.0], '1075_1060_passing_MET': [0.0, 0.0], '1075_1060_failing_MET': [0.0, 0.0], '1075_1060_min_MET_pt': [10000000.0, 10000000.0], '1075_1055': [0.0, 0.0], '1075_1055_passing_MET': [0.0, 0.0], '1075_1055_failing_MET': [0.0, 0.0], '1075_1055_min_MET_pt': [10000000.0, 10000000.0], '1075_1050': [0.0, 0.0], '1075_1050_passing_MET': [0.0, 0.0], '1075_1050_failing_MET': [0.0, 0.0], '1075_1050_min_MET_pt': [10000000.0, 10000000.0], '1075_1045': [0.0, 0.0], '1075_1045_passing_MET': [0.0, 0.0], '1075_1045_failing_MET': [0.0, 0.0], '1075_1045_min_MET_pt': [10000000.0, 10000000.0], '1100_1090': [2064.0, 0.0], '1100_1090_passing_MET': [2017.0, 0.0], '1100_1090_failing_MET': [47.0, 0.0], '1100_1090_min_MET_pt': [37.75068664550781, 10000000.0], '1100_1085': [1019.0, 0.0], '1100_1085_passing_MET': [1005.0, 0.0], '1100_1085_failing_MET': [14.0, 0.0], '1100_1085_min_MET_pt': [44.42262268066406, 10000000.0], '1100_1080': [1184.0, 2448.0], '1100_1080_passing_MET': [0.0, 0.0], '1100_1080_failing_MET': [0.0, 0.0], '1100_1080_min_MET_pt': [10000000.0, 10000000.0], '1100_1075': [0.0, 1037.0], '1100_1075_passing_MET': [0.0, 1014.0], '1100_1075_failing_MET': [0.0, 23.0], '1100_1075_min_MET_pt': [10000000.0, 22.904775619506836], '1100_1070': [0.0, 0.0], '1100_1070_passing_MET': [0.0, 0.0], '1100_1070_failing_MET': [0.0, 0.0], '1100_1070_min_MET_pt': [10000000.0, 10000000.0], 'nEventsTotal': 140816.0, 'strange masspoints': 0.0, 'orphans': 0.0, 'R-hadron event': 0.0, 'different stop antistop masses': 0.0, 'strange error': 0.0, 'strange event': 0.0, 'different neutralino masses': 12162.0, 'large differences': 0.0, '1024_995': [0.0, 1020.0], '1024_995_passing_MET': [0.0, 985.0], '1024_995_failing_MET': [0.0, 35.0], '1024_995_min_MET_pt': [10000000.0, 28.20747184753418], '1024_996': [0.0, 180.0], '1024_996_passing_MET': [0.0, 175.0], '1024_996_failing_MET': [0.0, 5.0], '1024_996_min_MET_pt': [10000000.0, 23.565093994140625], '826_815': [3781.0, 0.0], '826_815_passing_MET': [3691.0, 0.0], '826_815_failing_MET': [90.0, 0.0], '826_815_min_MET_pt': [32.78756332397461, 10000000.0], '826_816': [405.0, 0.0], '826_816_passing_MET': [398.0, 0.0], '826_816_failing_MET': [7.0, 0.0], '826_816_min_MET_pt': [11.501505851745605, 10000000.0], '650_636': [134.0, 0.0], '650_636_passing_MET': [130.0, 0.0], '650_636_failing_MET': [4.0, 0.0], '650_636_min_MET_pt': [52.2056884765625, 10000000.0], '1024_1015': [2069.0, 2086.0], '1024_1015_passing_MET': [2007.0, 2043.0], '1024_1015_failing_MET': [62.0, 43.0], '1024_1015_min_MET_pt': [31.350263595581055, 40.56629180908203], '1024_1016': [221.0, 219.0], '1024_1016_passing_MET': [217.0, 213.0], '1024_1016_failing_MET': [4.0, 6.0], '1024_1016_min_MET_pt': [37.27615737915039, 49.54261016845703], '876_855': [0.0, 942.0], '876_855_passing_MET': [0.0, 920.0], '876_855_failing_MET': [0.0, 22.0], '876_855_min_MET_pt': [10000000.0, 39.38291549682617], '876_856': [0.0, 131.0], '876_856_passing_MET': [0.0, 129.0], '876_856_failing_MET': [0.0, 2.0], '876_856_min_MET_pt': [10000000.0, 45.80159378051758], '726_710': [1087.0, 0.0], '726_710_passing_MET': [1058.0, 0.0], '726_710_failing_MET': [29.0, 0.0], '726_710_min_MET_pt': [20.575010299682617, 10000000.0], '1024_1010': [0.0, 1142.0], '1024_1010_passing_MET': [0.0, 1111.0], '1024_1010_failing_MET': [0.0, 31.0], '1024_1010_min_MET_pt': [10000000.0, 39.41986083984375], '926_905': [0.0, 948.0], '926_905_passing_MET': [0.0, 922.0], '926_905_failing_MET': [0.0, 26.0], '926_905_min_MET_pt': [10000000.0, 36.22657775878906], '926_906': [0.0, 167.0], '926_906_passing_MET': [0.0, 164.0], '926_906_failing_MET': [0.0, 3.0], '926_906_min_MET_pt': [10000000.0, 91.05258178710938], '526_515': [841.0, 0.0], '526_515_passing_MET': [821.0, 0.0], '526_515_failing_MET': [20.0, 0.0], '526_515_min_MET_pt': [60.99110794067383, 10000000.0], '526_516': [102.0, 0.0], '526_516_passing_MET': [99.0, 0.0], '526_516_failing_MET': [3.0, 0.0], '526_516_min_MET_pt': [51.170188903808594, 10000000.0], '550_536': [115.0, 130.0], '550_536_passing_MET': [112.0, 125.0], '550_536_failing_MET': [3.0, 5.0], '550_536_min_MET_pt': [54.685115814208984, 33.58042907714844], '600_586': [135.0, 129.0], '600_586_passing_MET': [129.0, 125.0], '600_586_failing_MET': [6.0, 4.0], '600_586_min_MET_pt': [59.35945510864258, 60.62950897216797], '926_895': [946.0, 0.0], '926_895_passing_MET': [920.0, 0.0], '926_895_failing_MET': [26.0, 0.0], '926_895_min_MET_pt': [21.767105102539062, 10000000.0], '926_896': [214.0, 0.0], '926_896_passing_MET': [206.0, 0.0], '926_896_failing_MET': [8.0, 0.0], '926_896_min_MET_pt': [53.0163459777832, 10000000.0], '776_755': [0.0, 914.0], '776_755_passing_MET': [0.0, 890.0], '776_755_failing_MET': [0.0, 24.0], '776_755_min_MET_pt': [10000000.0, 10.699470520019531], '776_756': [0.0, 157.0], '776_756_passing_MET': [0.0, 155.0], '776_756_failing_MET': [0.0, 2.0], '776_756_min_MET_pt': [10000000.0, 77.42060089111328], '1100_1076': [0.0, 193.0], '1100_1076_passing_MET': [0.0, 187.0], '1100_1076_failing_MET': [0.0, 6.0], '1100_1076_min_MET_pt': [10000000.0, 56.09913635253906], '1100_1092': [202.0, 0.0], '1100_1092_passing_MET': [199.0, 0.0], '1100_1092_failing_MET': [3.0, 0.0], '1100_1092_min_MET_pt': [85.2020492553711, 10000000.0], '876_845': [922.0, 0.0], '876_845_passing_MET': [902.0, 0.0], '876_845_failing_MET': [20.0, 0.0], '876_845_min_MET_pt': [59.94101333618164, 10000000.0], '876_846': [205.0, 0.0], '876_846_passing_MET': [199.0, 0.0], '876_846_failing_MET': [6.0, 0.0], '876_846_min_MET_pt': [71.29866790771484, 10000000.0], '626_610': [0.0, 1009.0], '626_610_passing_MET': [0.0, 985.0], '626_610_failing_MET': [0.0, 24.0], '626_610_min_MET_pt': [10000000.0, 30.08083724975586], '876_865': [997.0, 0.0], '876_865_passing_MET': [975.0, 0.0], '876_865_failing_MET': [22.0, 0.0], '876_865_min_MET_pt': [29.23801040649414, 10000000.0], '876_866': [91.0, 0.0], '876_866_passing_MET': [88.0, 0.0], '876_866_failing_MET': [3.0, 0.0], '876_866_min_MET_pt': [74.85462951660156, 10000000.0], '1052_1040': [1138.0, 0.0], '1052_1040_passing_MET': [1106.0, 0.0], '1052_1040_failing_MET': [32.0, 0.0], '1052_1040_min_MET_pt': [18.787839889526367, 10000000.0], '1000_976': [0.0, 164.0], '1000_976_passing_MET': [0.0, 163.0], '1000_976_failing_MET': [0.0, 1.0], '1000_976_min_MET_pt': [10000000.0, 98.40116882324219], '726_716': [214.0, 93.0], '726_716_passing_MET': [212.0, 90.0], '726_716_failing_MET': [2.0, 3.0], '726_716_min_MET_pt': [82.41462707519531, 63.03824996948242], '726_715': [1835.0, 947.0], '726_715_passing_MET': [1778.0, 918.0], '726_715_failing_MET': [57.0, 29.0], '726_715_min_MET_pt': [3.801295518875122, 54.097412109375], '526_510': [953.0, 0.0], '526_510_passing_MET': [918.0, 0.0], '526_510_failing_MET': [35.0, 0.0], '526_510_min_MET_pt': [31.176197052001953, 10000000.0], '576_550': [0.0, 2025.0], '576_550_passing_MET': [0.0, 1962.0], '576_550_failing_MET': [0.0, 63.0], '576_550_min_MET_pt': [10000000.0, 36.809471130371094], '976_965': [1030.0, 1981.0], '976_965_passing_MET': [1006.0, 1932.0], '976_965_failing_MET': [24.0, 49.0], '976_965_min_MET_pt': [42.11600112915039, 36.301700592041016], '976_966': [90.0, 202.0], '976_966_passing_MET': [89.0, 200.0], '976_966_failing_MET': [1.0, 2.0], '976_966_min_MET_pt': [82.07198333740234, 55.301429748535156], '1100_1084': [136.0, 0.0], '1100_1084_passing_MET': [130.0, 0.0], '1100_1084_failing_MET': [6.0, 0.0], '1100_1084_min_MET_pt': [19.420259475708008, 10000000.0], '776_765': [0.0, 995.0], '776_765_passing_MET': [0.0, 975.0], '776_765_failing_MET': [0.0, 20.0], '776_765_min_MET_pt': [10000000.0, 31.003511428833008], '776_766': [0.0, 108.0], '776_766_passing_MET': [0.0, 106.0], '776_766_failing_MET': [0.0, 2.0], '776_766_min_MET_pt': [10000000.0, 71.05596923828125], '926_900': [1133.0, 0.0], '926_900_passing_MET': [1102.0, 0.0], '926_900_failing_MET': [31.0, 0.0], '926_900_min_MET_pt': [20.97210693359375, 10000000.0], '600_576': [153.0, 0.0], '600_576_passing_MET': [151.0, 0.0], '600_576_failing_MET': [2.0, 0.0], '600_576_min_MET_pt': [84.63740539550781, 10000000.0], '1052_1035': [1037.0, 0.0], '1052_1035_passing_MET': [1016.0, 0.0], '1052_1035_failing_MET': [21.0, 0.0], '1052_1035_min_MET_pt': [28.02198600769043, 10000000.0], '1052_1036': [151.0, 0.0], '1052_1036_passing_MET': [148.0, 0.0], '1052_1036_failing_MET': [3.0, 0.0], '1052_1036_min_MET_pt': [55.97203826904297, 10000000.0], '776_746': [192.0, 0.0], '776_746_passing_MET': [185.0, 0.0], '776_746_failing_MET': [7.0, 0.0], '776_746_min_MET_pt': [16.6373291015625, 10000000.0], '776_745': [954.0, 0.0], '776_745_passing_MET': [928.0, 0.0], '776_745_failing_MET': [26.0, 0.0], '776_745_min_MET_pt': [23.664241790771484, 10000000.0], '626_605': [0.0, 1796.0], '626_605_passing_MET': [0.0, 1745.0], '626_605_failing_MET': [0.0, 51.0], '626_605_min_MET_pt': [10000000.0, 33.29764175415039], '626_606': [0.0, 325.0], '626_606_passing_MET': [0.0, 315.0], '626_606_failing_MET': [0.0, 10.0], '626_606_min_MET_pt': [10000000.0, 65.5975341796875], '576_545': [0.0, 901.0], '576_545_passing_MET': [0.0, 873.0], '576_545_failing_MET': [0.0, 28.0], '576_545_min_MET_pt': [10000000.0, 64.75105285644531], '576_546': [0.0, 168.0], '576_546_passing_MET': [0.0, 166.0], '576_546_failing_MET': [0.0, 2.0], '576_546_min_MET_pt': [10000000.0, 72.03652954101562], '526_505': [0.0, 958.0], '526_505_passing_MET': [0.0, 924.0], '526_505_failing_MET': [0.0, 34.0], '526_505_min_MET_pt': [10000000.0, 8.36912727355957], '550_526': [151.0, 0.0], '550_526_passing_MET': [147.0, 0.0], '550_526_failing_MET': [4.0, 0.0], '550_526_min_MET_pt': [47.49492645263672, 10000000.0], '750_726': [0.0, 194.0], '750_726_passing_MET': [0.0, 186.0], '750_726_failing_MET': [0.0, 8.0], '750_726_min_MET_pt': [10000000.0, 40.96918869018555], '726_700': [1081.0, 1103.0], '726_700_passing_MET': [1048.0, 1070.0], '726_700_failing_MET': [33.0, 33.0], '726_700_min_MET_pt': [26.341997146606445, 46.137168884277344], '800_786': [176.0, 0.0], '800_786_passing_MET': [167.0, 0.0], '800_786_failing_MET': [9.0, 0.0], '800_786_min_MET_pt': [33.11304473876953, 10000000.0], '926_916': [0.0, 225.0], '926_916_passing_MET': [0.0, 221.0], '926_916_failing_MET': [0.0, 4.0], '926_916_min_MET_pt': [10000000.0, 66.17571258544922], '926_915': [0.0, 2026.0], '926_915_passing_MET': [0.0, 1976.0], '926_915_failing_MET': [0.0, 50.0], '926_915_min_MET_pt': [10000000.0, 29.899131774902344], '976_950': [1177.0, 0.0], '976_950_passing_MET': [1148.0, 0.0], '976_950_failing_MET': [29.0, 0.0], '976_950_min_MET_pt': [32.128475189208984, 10000000.0], '626_615': [914.0, 1790.0], '626_615_passing_MET': [892.0, 1739.0], '626_615_failing_MET': [22.0, 51.0], '626_615_min_MET_pt': [18.429500579833984, 27.435434341430664], '626_616': [95.0, 174.0], '626_616_passing_MET': [94.0, 171.0], '626_616_failing_MET': [1.0, 3.0], '626_616_min_MET_pt': [97.60208892822266, 72.54158782958984], '676_645': [1848.0, 0.0], '676_645_passing_MET': [1785.0, 0.0], '676_645_failing_MET': [63.0, 0.0], '676_645_min_MET_pt': [32.619503021240234, 10000000.0], '676_646': [372.0, 0.0], '676_646_passing_MET': [363.0, 0.0], '676_646_failing_MET': [9.0, 0.0], '676_646_min_MET_pt': [51.379608154296875, 10000000.0], '676_660': [1045.0, 1014.0], '676_660_passing_MET': [1013.0, 981.0], '676_660_failing_MET': [32.0, 33.0], '676_660_min_MET_pt': [4.306556701660156, 35.348140716552734], '676_665': [0.0, 962.0], '676_665_passing_MET': [0.0, 935.0], '676_665_failing_MET': [0.0, 27.0], '676_665_min_MET_pt': [10000000.0, 37.70515441894531], '676_666': [0.0, 101.0], '676_666_passing_MET': [0.0, 98.0], '676_666_failing_MET': [0.0, 3.0], '676_666_min_MET_pt': [10000000.0, 76.21288299560547], '1052_1020': [0.0, 1192.0], '1052_1020_passing_MET': [0.0, 1172.0], '1052_1020_failing_MET': [0.0, 20.0], '1052_1020_min_MET_pt': [10000000.0, 43.483795166015625], '700_676': [188.0, 0.0], '700_676_passing_MET': [181.0, 0.0], '700_676_failing_MET': [7.0, 0.0], '700_676_min_MET_pt': [38.08395767211914, 10000000.0], '726_705': [969.0, 923.0], '726_705_passing_MET': [941.0, 899.0], '726_705_failing_MET': [28.0, 24.0], '726_705_min_MET_pt': [52.45685958862305, 46.521385192871094], '726_706': [147.0, 132.0], '726_706_passing_MET': [144.0, 130.0], '726_706_failing_MET': [3.0, 2.0], '726_706_min_MET_pt': [72.2453384399414, 80.43289947509766], '526_500': [950.0, 0.0], '526_500_passing_MET': [921.0, 0.0], '526_500_failing_MET': [29.0, 0.0], '526_500_min_MET_pt': [28.661251068115234, 10000000.0]}
nevents_from_dict =  3710243379.6154385
Results saved to /afs/cern.ch/work/m/mleoncoe/private/stop_met_check/outputs_2018/nanoAOD_277.json
done
