000 (9018140.022.000) 01/06 10:56:17 Job submitted from host: <188.185.6.50:9618?addrs=188.185.6.50-9618+[2001-1458-d00-62--100-2b1]-9618&alias=bigbird25.cern.ch&noUDP&sock=schedd_1627_90ad>
...
040 (9018140.022.000) 01/06 10:58:33 Started transferring input files
	Transferring to host: <188.185.208.13:9618?addrs=188.185.208.13-9618+[2001-1458-303-f--100-a]-9618&alias=b9p09p5474.cern.ch&noUDP&sock=slot1_11_9187_d28f_98971>
...
040 (9018140.022.000) 01/06 10:58:33 Finished transferring input files
...
001 (9018140.022.000) 01/06 10:58:34 Job executing on host: <188.185.208.13:9618?addrs=188.185.208.13-9618+[2001-1458-303-f--100-a]-9618&alias=b9p09p5474.cern.ch&noUDP&sock=startd_7805_28c6>
	SlotName: slot1_11@b9p09p5474.cern.ch
	CondorScratchDir = "/pool/condor/dir_2006135"
	Cpus = 1
	Disk = 3674
	GPUs = 0
	Memory = 3000
...
006 (9018140.022.000) 01/06 10:58:48 Image size of job updated: 96084
	94  -  MemoryUsage of job (MB)
	96084  -  ResidentSetSize of job (KB)
...
006 (9018140.022.000) 01/06 11:03:49 Image size of job updated: 214564
	210  -  MemoryUsage of job (MB)
	214564  -  ResidentSetSize of job (KB)
...
006 (9018140.022.000) 01/06 11:08:50 Image size of job updated: 214732
	210  -  MemoryUsage of job (MB)
	214732  -  ResidentSetSize of job (KB)
...
006 (9018140.022.000) 01/06 11:13:50 Image size of job updated: 214780
	210  -  MemoryUsage of job (MB)
	214780  -  ResidentSetSize of job (KB)
...
006 (9018140.022.000) 01/06 11:18:51 Image size of job updated: 214876
	210  -  MemoryUsage of job (MB)
	214876  -  ResidentSetSize of job (KB)
...
006 (9018140.022.000) 01/06 11:23:51 Image size of job updated: 214920
	210  -  MemoryUsage of job (MB)
	214920  -  ResidentSetSize of job (KB)
...
006 (9018140.022.000) 01/06 11:28:52 Image size of job updated: 214952
	210  -  MemoryUsage of job (MB)
	214952  -  ResidentSetSize of job (KB)
...
006 (9018140.022.000) 01/06 11:33:52 Image size of job updated: 214956
	210  -  MemoryUsage of job (MB)
	214956  -  ResidentSetSize of job (KB)
...
006 (9018140.022.000) 01/06 11:38:53 Image size of job updated: 214960
	210  -  MemoryUsage of job (MB)
	214960  -  ResidentSetSize of job (KB)
...
006 (9018140.022.000) 01/06 11:43:53 Image size of job updated: 214964
	210  -  MemoryUsage of job (MB)
	214964  -  ResidentSetSize of job (KB)
...
006 (9018140.022.000) 01/06 11:48:54 Image size of job updated: 214980
	210  -  MemoryUsage of job (MB)
	214980  -  ResidentSetSize of job (KB)
...
006 (9018140.022.000) 01/06 11:53:54 Image size of job updated: 215180
	211  -  MemoryUsage of job (MB)
	215180  -  ResidentSetSize of job (KB)
...
006 (9018140.022.000) 01/06 11:58:55 Image size of job updated: 215192
	211  -  MemoryUsage of job (MB)
	215192  -  ResidentSetSize of job (KB)
...
006 (9018140.022.000) 01/06 12:03:55 Image size of job updated: 215200
	211  -  MemoryUsage of job (MB)
	215200  -  ResidentSetSize of job (KB)
...
006 (9018140.022.000) 01/06 12:08:56 Image size of job updated: 215220
	211  -  MemoryUsage of job (MB)
	215220  -  ResidentSetSize of job (KB)
...
006 (9018140.022.000) 01/06 12:13:56 Image size of job updated: 215228
	211  -  MemoryUsage of job (MB)
	215228  -  ResidentSetSize of job (KB)
...
006 (9018140.022.000) 01/06 12:18:57 Image size of job updated: 215232
	211  -  MemoryUsage of job (MB)
	215232  -  ResidentSetSize of job (KB)
...
006 (9018140.022.000) 01/06 12:23:57 Image size of job updated: 215264
	211  -  MemoryUsage of job (MB)
	215264  -  ResidentSetSize of job (KB)
...
006 (9018140.022.000) 01/06 12:28:57 Image size of job updated: 215268
	211  -  MemoryUsage of job (MB)
	215268  -  ResidentSetSize of job (KB)
...
006 (9018140.022.000) 01/06 12:33:58 Image size of job updated: 215272
	211  -  MemoryUsage of job (MB)
	215272  -  ResidentSetSize of job (KB)
...
006 (9018140.022.000) 01/06 12:38:58 Image size of job updated: 215280
	211  -  MemoryUsage of job (MB)
	215280  -  ResidentSetSize of job (KB)
...
006 (9018140.022.000) 01/06 12:43:59 Image size of job updated: 215308
	211  -  MemoryUsage of job (MB)
	215308  -  ResidentSetSize of job (KB)
...
006 (9018140.022.000) 01/06 12:48:59 Image size of job updated: 215312
	211  -  MemoryUsage of job (MB)
	215312  -  ResidentSetSize of job (KB)
...
006 (9018140.022.000) 01/06 12:54:00 Image size of job updated: 215320
	211  -  MemoryUsage of job (MB)
	215320  -  ResidentSetSize of job (KB)
...
040 (9018140.022.000) 01/06 12:54:37 Started transferring output files
...
040 (9018140.022.000) 01/06 12:54:37 Finished transferring output files
...
005 (9018140.022.000) 01/06 12:54:38 Job terminated.
	(1) Normal termination (return value 0)
		Usr 0 01:53:31, Sys 0 00:00:04  -  Run Remote Usage
		Usr 0 00:00:00, Sys 0 00:00:00  -  Run Local Usage
		Usr 0 01:53:31, Sys 0 00:00:04  -  Total Remote Usage
		Usr 0 00:00:00, Sys 0 00:00:00  -  Total Local Usage
	44632  -  Run Bytes Sent By Job
	21436  -  Run Bytes Received By Job
	44632  -  Total Bytes Sent By Job
	21436  -  Total Bytes Received By Job
	Partitionable Resources :    Usage  Request Allocated 
	   Cpus                 :     0.99        1         1 
	   Disk (KB)            :    94          22      3674 
	   GPUs                 :                           0 
	   Memory (MB)          :   211        3000      3000 
	   TimeExecute (s)      :  6963                       
	   TimeSlotBusy (s)     :  6966                       

	Job terminated of its own accord at 2026-01-06T11:54:37Z with exit-code 0.
...
