i am in this directory
/pool/condor/dir_1694563
Python 3.9.23
3.9.23
 will run this python stop_check_met_eff.py /eos/user/m/mleoncoe/stop_event_check/privateNanoAod2018/nanoAOD_229.root /afs/cern.ch/work/m/mleoncoe/private/stop_met_check/outputs_2018/nanoAOD_229.json
event num1000
event num2000
event num3000
event num4000
event num5000
event num6000
event num7000
event num8000
event num9000
event num10000
event num11000
event num12000
event num13000
event num14000
event num15000
event num16000
event num17000
event num18000
event num19000
event num20000
event num21000
event num22000
event num23000
event num24000
event num25000
event num26000
event num27000
event num28000
event num29000
event num30000
event num31000
event num32000
event num33000
event num34000
event num35000
event num36000
event num37000
event num38000
event num39000
event num40000
event num41000
event num42000
event num43000
event num44000
event num45000
event num46000
event num47000
event num48000
event num49000
event num50000
event num51000
event num52000
event num53000
event num54000
event num55000
event num56000
event num57000
event num58000
event num59000
event num60000
event num61000
event num62000
event num63000
event num64000
event num65000
event num66000
event num67000
event num68000
event num69000
event num70000
event num71000
event num72000
event num73000
event num74000
event num75000
event num76000
event num77000
event num78000
event num79000
event num80000
event num81000
event num82000
event num83000
event num84000
event num85000
event num86000
event num87000
event num88000
event num89000
event num90000
event num91000
event num92000
event num93000
event num94000
event num95000
event num96000
event num97000
event num98000
event num99000
event num100000
event num101000
event num102000
event num103000
event num104000
event num105000
event num106000
event num107000
event num108000
event num109000
event num110000
event num111000
event num112000
event num113000
event num114000
event num115000
event num116000
event num117000
event num118000
event num119000
event num120000
event num121000
event num122000
event num123000
event num124000
event num125000
event num126000
event num127000
event num128000
event num129000
event num130000
event num131000
event num132000
event num133000
event num134000
event num135000
event num136000
event num137000
event num138000
event num139000
event num140000
event num141000
event num142000
event num143000
event num144000
event num145000
event num146000
event num147000
event num148000
{'250_240': [672.0, 0.0], '250_240_passing_MET': [644.0, 0.0], '250_240_failing_MET': [28.0, 0.0], '250_240_min_MET_pt': [42.76462936401367, 10000000.0], '250_235': [695.0, 0.0], '250_235_passing_MET': [672.0, 0.0], '250_235_failing_MET': [23.0, 0.0], '250_235_min_MET_pt': [27.598609924316406, 10000000.0], '250_230': [0.0, 0.0], '250_230_passing_MET': [0.0, 0.0], '250_230_failing_MET': [0.0, 0.0], '250_230_min_MET_pt': [10000000.0, 10000000.0], '250_225': [0.0, 738.0], '250_225_passing_MET': [0.0, 701.0], '250_225_failing_MET': [0.0, 37.0], '250_225_min_MET_pt': [10000000.0, 17.41329002380371], '250_220': [0.0, 0.0], '250_220_passing_MET': [0.0, 0.0], '250_220_failing_MET': [0.0, 0.0], '250_220_min_MET_pt': [10000000.0, 10000000.0], '275_265': [1411.0, 779.0], '275_265_passing_MET': [0.0, 0.0], '275_265_failing_MET': [0.0, 0.0], '275_265_min_MET_pt': [10000000.0, 10000000.0], '275_260': [0.0, 0.0], '275_260_passing_MET': [0.0, 0.0], '275_260_failing_MET': [0.0, 0.0], '275_260_min_MET_pt': [10000000.0, 10000000.0], '275_255': [0.0, 0.0], '275_255_passing_MET': [0.0, 0.0], '275_255_failing_MET': [0.0, 0.0], '275_255_min_MET_pt': [10000000.0, 10000000.0], '275_250': [0.0, 0.0], '275_250_passing_MET': [0.0, 0.0], '275_250_failing_MET': [0.0, 0.0], '275_250_min_MET_pt': [10000000.0, 10000000.0], '275_245': [0.0, 0.0], '275_245_passing_MET': [0.0, 0.0], '275_245_failing_MET': [0.0, 0.0], '275_245_min_MET_pt': [10000000.0, 10000000.0], '300_290': [0.0, 776.0], '300_290_passing_MET': [0.0, 753.0], '300_290_failing_MET': [0.0, 23.0], '300_290_min_MET_pt': [10000000.0, 29.30630111694336], '300_285': [772.0, 760.0], '300_285_passing_MET': [0.0, 0.0], '300_285_failing_MET': [0.0, 0.0], '300_285_min_MET_pt': [10000000.0, 10000000.0], '300_280': [0.0, 831.0], '300_280_passing_MET': [0.0, 804.0], '300_280_failing_MET': [0.0, 27.0], '300_280_min_MET_pt': [10000000.0, 27.255706787109375], '300_275': [0.0, 0.0], '300_275_passing_MET': [0.0, 0.0], '300_275_failing_MET': [0.0, 0.0], '300_275_min_MET_pt': [10000000.0, 10000000.0], '300_270': [784.0, 891.0], '300_270_passing_MET': [0.0, 0.0], '300_270_failing_MET': [0.0, 0.0], '300_270_min_MET_pt': [10000000.0, 10000000.0], '325_315': [1654.0, 0.0], '325_315_passing_MET': [1597.0, 0.0], '325_315_failing_MET': [57.0, 0.0], '325_315_min_MET_pt': [30.489328384399414, 10000000.0], '325_310': [0.0, 0.0], '325_310_passing_MET': [0.0, 0.0], '325_310_failing_MET': [0.0, 0.0], '325_310_min_MET_pt': [10000000.0, 10000000.0], '325_305': [0.0, 0.0], '325_305_passing_MET': [0.0, 0.0], '325_305_failing_MET': [0.0, 0.0], '325_305_min_MET_pt': [10000000.0, 10000000.0], '325_300': [818.0, 1704.0], '325_300_passing_MET': [0.0, 0.0], '325_300_failing_MET': [0.0, 0.0], '325_300_min_MET_pt': [10000000.0, 10000000.0], '325_295': [1831.0, 0.0], '325_295_passing_MET': [1740.0, 0.0], '325_295_failing_MET': [91.0, 0.0], '325_295_min_MET_pt': [10.005454063415527, 10000000.0], '350_340': [1644.0, 0.0], '350_340_passing_MET': [1593.0, 0.0], '350_340_failing_MET': [51.0, 0.0], '350_340_min_MET_pt': [48.96366500854492, 10000000.0], '350_335': [0.0, 836.0], '350_335_passing_MET': [0.0, 812.0], '350_335_failing_MET': [0.0, 24.0], '350_335_min_MET_pt': [10000000.0, 49.767276763916016], '350_330': [0.0, 0.0], '350_330_passing_MET': [0.0, 0.0], '350_330_failing_MET': [0.0, 0.0], '350_330_min_MET_pt': [10000000.0, 10000000.0], '350_325': [856.0, 0.0], '350_325_passing_MET': [817.0, 0.0], '350_325_failing_MET': [39.0, 0.0], '350_325_min_MET_pt': [16.456314086914062, 10000000.0], '350_320': [0.0, 0.0], '350_320_passing_MET': [0.0, 0.0], '350_320_failing_MET': [0.0, 0.0], '350_320_min_MET_pt': [10000000.0, 10000000.0], '375_365': [0.0, 863.0], '375_365_passing_MET': [0.0, 839.0], '375_365_failing_MET': [0.0, 24.0], '375_365_min_MET_pt': [10000000.0, 32.74354934692383], '375_360': [0.0, 0.0], '375_360_passing_MET': [0.0, 0.0], '375_360_failing_MET': [0.0, 0.0], '375_360_min_MET_pt': [10000000.0, 10000000.0], '375_355': [912.0, 0.0], '375_355_passing_MET': [879.0, 0.0], '375_355_failing_MET': [33.0, 0.0], '375_355_min_MET_pt': [19.03342628479004, 10000000.0], '375_350': [0.0, 0.0], '375_350_passing_MET': [0.0, 0.0], '375_350_failing_MET': [0.0, 0.0], '375_350_min_MET_pt': [10000000.0, 10000000.0], '375_345': [0.0, 0.0], '375_345_passing_MET': [0.0, 0.0], '375_345_failing_MET': [0.0, 0.0], '375_345_min_MET_pt': [10000000.0, 10000000.0], '400_390': [927.0, 885.0], '400_390_passing_MET': [0.0, 0.0], '400_390_failing_MET': [0.0, 0.0], '400_390_min_MET_pt': [10000000.0, 10000000.0], '400_385': [0.0, 0.0], '400_385_passing_MET': [0.0, 0.0], '400_385_failing_MET': [0.0, 0.0], '400_385_min_MET_pt': [10000000.0, 10000000.0], '400_380': [0.0, 927.0], '400_380_passing_MET': [0.0, 897.0], '400_380_failing_MET': [0.0, 30.0], '400_380_min_MET_pt': [10000000.0, 16.462514877319336], '400_375': [936.0, 0.0], '400_375_passing_MET': [905.0, 0.0], '400_375_failing_MET': [31.0, 0.0], '400_375_min_MET_pt': [37.7091178894043, 10000000.0], '400_370': [943.0, 0.0], '400_370_passing_MET': [896.0, 0.0], '400_370_failing_MET': [47.0, 0.0], '400_370_min_MET_pt': [52.78071594238281, 10000000.0], '425_415': [0.0, 901.0], '425_415_passing_MET': [0.0, 882.0], '425_415_failing_MET': [0.0, 19.0], '425_415_min_MET_pt': [10000000.0, 60.53651809692383], '425_410': [951.0, 948.0], '425_410_passing_MET': [0.0, 0.0], '425_410_failing_MET': [0.0, 0.0], '425_410_min_MET_pt': [10000000.0, 10000000.0], '425_405': [0.0, 961.0], '425_405_passing_MET': [0.0, 926.0], '425_405_failing_MET': [0.0, 35.0], '425_405_min_MET_pt': [10000000.0, 48.96966552734375], '425_400': [0.0, 0.0], '425_400_passing_MET': [0.0, 0.0], '425_400_failing_MET': [0.0, 0.0], '425_400_min_MET_pt': [10000000.0, 10000000.0], '425_395': [1016.0, 935.0], '425_395_passing_MET': [0.0, 0.0], '425_395_failing_MET': [0.0, 0.0], '425_395_min_MET_pt': [10000000.0, 10000000.0], '450_440': [2670.0, 0.0], '450_440_passing_MET': [2593.0, 0.0], '450_440_failing_MET': [77.0, 0.0], '450_440_min_MET_pt': [12.9902982711792, 10000000.0], '450_435': [0.0, 0.0], '450_435_passing_MET': [0.0, 0.0], '450_435_failing_MET': [0.0, 0.0], '450_435_min_MET_pt': [10000000.0, 10000000.0], '450_430': [967.0, 0.0], '450_430_passing_MET': [933.0, 0.0], '450_430_failing_MET': [34.0, 0.0], '450_430_min_MET_pt': [25.611425399780273, 10000000.0], '450_425': [0.0, 956.0], '450_425_passing_MET': [0.0, 921.0], '450_425_failing_MET': [0.0, 35.0], '450_425_min_MET_pt': [10000000.0, 46.484859466552734], '450_420': [958.0, 0.0], '450_420_passing_MET': [911.0, 0.0], '450_420_failing_MET': [47.0, 0.0], '450_420_min_MET_pt': [22.275680541992188, 10000000.0], '475_465': [0.0, 1827.0], '475_465_passing_MET': [0.0, 1766.0], '475_465_failing_MET': [0.0, 61.0], '475_465_min_MET_pt': [10000000.0, 21.473127365112305], '475_460': [0.0, 0.0], '475_460_passing_MET': [0.0, 0.0], '475_460_failing_MET': [0.0, 0.0], '475_460_min_MET_pt': [10000000.0, 10000000.0], '475_455': [1004.0, 0.0], '475_455_passing_MET': [968.0, 0.0], '475_455_failing_MET': [36.0, 0.0], '475_455_min_MET_pt': [23.05190658569336, 10000000.0], '475_450': [0.0, 976.0], '475_450_passing_MET': [0.0, 944.0], '475_450_failing_MET': [0.0, 32.0], '475_450_min_MET_pt': [10000000.0, 36.859901428222656], '475_445': [1030.0, 0.0], '475_445_passing_MET': [983.0, 0.0], '475_445_failing_MET': [47.0, 0.0], '475_445_min_MET_pt': [23.082481384277344, 10000000.0], '500_490': [1817.0, 0.0], '500_490_passing_MET': [1765.0, 0.0], '500_490_failing_MET': [52.0, 0.0], '500_490_min_MET_pt': [8.172685623168945, 10000000.0], '500_485': [0.0, 0.0], '500_485_passing_MET': [0.0, 0.0], '500_485_failing_MET': [0.0, 0.0], '500_485_min_MET_pt': [10000000.0, 10000000.0], '500_480': [0.0, 0.0], '500_480_passing_MET': [0.0, 0.0], '500_480_failing_MET': [0.0, 0.0], '500_480_min_MET_pt': [10000000.0, 10000000.0], '500_475': [0.0, 0.0], '500_475_passing_MET': [0.0, 0.0], '500_475_failing_MET': [0.0, 0.0], '500_475_min_MET_pt': [10000000.0, 10000000.0], '500_470': [0.0, 0.0], '500_470_passing_MET': [0.0, 0.0], '500_470_failing_MET': [0.0, 0.0], '500_470_min_MET_pt': [10000000.0, 10000000.0], '525_515': [0.0, 0.0], '525_515_passing_MET': [0.0, 0.0], '525_515_failing_MET': [0.0, 0.0], '525_515_min_MET_pt': [10000000.0, 10000000.0], '525_510': [0.0, 0.0], '525_510_passing_MET': [0.0, 0.0], '525_510_failing_MET': [0.0, 0.0], '525_510_min_MET_pt': [10000000.0, 10000000.0], '525_505': [0.0, 0.0], '525_505_passing_MET': [0.0, 0.0], '525_505_failing_MET': [0.0, 0.0], '525_505_min_MET_pt': [10000000.0, 10000000.0], '525_500': [0.0, 0.0], '525_500_passing_MET': [0.0, 0.0], '525_500_failing_MET': [0.0, 0.0], '525_500_min_MET_pt': [10000000.0, 10000000.0], '525_495': [0.0, 0.0], '525_495_passing_MET': [0.0, 0.0], '525_495_failing_MET': [0.0, 0.0], '525_495_min_MET_pt': [10000000.0, 10000000.0], '550_540': [943.0, 0.0], '550_540_passing_MET': [914.0, 0.0], '550_540_failing_MET': [29.0, 0.0], '550_540_min_MET_pt': [40.226661682128906, 10000000.0], '550_535': [0.0, 0.0], '550_535_passing_MET': [0.0, 0.0], '550_535_failing_MET': [0.0, 0.0], '550_535_min_MET_pt': [10000000.0, 10000000.0], '550_530': [0.0, 0.0], '550_530_passing_MET': [0.0, 0.0], '550_530_failing_MET': [0.0, 0.0], '550_530_min_MET_pt': [10000000.0, 10000000.0], '550_525': [0.0, 0.0], '550_525_passing_MET': [0.0, 0.0], '550_525_failing_MET': [0.0, 0.0], '550_525_min_MET_pt': [10000000.0, 10000000.0], '550_520': [0.0, 0.0], '550_520_passing_MET': [0.0, 0.0], '550_520_failing_MET': [0.0, 0.0], '550_520_min_MET_pt': [10000000.0, 10000000.0], '575_565': [0.0, 0.0], '575_565_passing_MET': [0.0, 0.0], '575_565_failing_MET': [0.0, 0.0], '575_565_min_MET_pt': [10000000.0, 10000000.0], '575_560': [0.0, 0.0], '575_560_passing_MET': [0.0, 0.0], '575_560_failing_MET': [0.0, 0.0], '575_560_min_MET_pt': [10000000.0, 10000000.0], '575_555': [0.0, 0.0], '575_555_passing_MET': [0.0, 0.0], '575_555_failing_MET': [0.0, 0.0], '575_555_min_MET_pt': [10000000.0, 10000000.0], '575_550': [0.0, 0.0], '575_550_passing_MET': [0.0, 0.0], '575_550_failing_MET': [0.0, 0.0], '575_550_min_MET_pt': [10000000.0, 10000000.0], '575_545': [0.0, 0.0], '575_545_passing_MET': [0.0, 0.0], '575_545_failing_MET': [0.0, 0.0], '575_545_min_MET_pt': [10000000.0, 10000000.0], '600_590': [0.0, 965.0], '600_590_passing_MET': [0.0, 940.0], '600_590_failing_MET': [0.0, 25.0], '600_590_min_MET_pt': [10000000.0, 8.173383712768555], '600_585': [894.0, 0.0], '600_585_passing_MET': [866.0, 0.0], '600_585_failing_MET': [28.0, 0.0], '600_585_min_MET_pt': [28.23859405517578, 10000000.0], '600_580': [0.0, 0.0], '600_580_passing_MET': [0.0, 0.0], '600_580_failing_MET': [0.0, 0.0], '600_580_min_MET_pt': [10000000.0, 10000000.0], '600_575': [0.0, 859.0], '600_575_passing_MET': [0.0, 844.0], '600_575_failing_MET': [0.0, 15.0], '600_575_min_MET_pt': [10000000.0, 48.28822326660156], '600_570': [1113.0, 0.0], '600_570_passing_MET': [1087.0, 0.0], '600_570_failing_MET': [26.0, 0.0], '600_570_min_MET_pt': [22.8988094329834, 10000000.0], '625_615': [0.0, 0.0], '625_615_passing_MET': [0.0, 0.0], '625_615_failing_MET': [0.0, 0.0], '625_615_min_MET_pt': [10000000.0, 10000000.0], '625_610': [0.0, 0.0], '625_610_passing_MET': [0.0, 0.0], '625_610_failing_MET': [0.0, 0.0], '625_610_min_MET_pt': [10000000.0, 10000000.0], '625_605': [0.0, 0.0], '625_605_passing_MET': [0.0, 0.0], '625_605_failing_MET': [0.0, 0.0], '625_605_min_MET_pt': [10000000.0, 10000000.0], '625_600': [0.0, 0.0], '625_600_passing_MET': [0.0, 0.0], '625_600_failing_MET': [0.0, 0.0], '625_600_min_MET_pt': [10000000.0, 10000000.0], '625_595': [0.0, 0.0], '625_595_passing_MET': [0.0, 0.0], '625_595_failing_MET': [0.0, 0.0], '625_595_min_MET_pt': [10000000.0, 10000000.0], '650_640': [0.0, 0.0], '650_640_passing_MET': [0.0, 0.0], '650_640_failing_MET': [0.0, 0.0], '650_640_min_MET_pt': [10000000.0, 10000000.0], '650_635': [0.0, 0.0], '650_635_passing_MET': [0.0, 0.0], '650_635_failing_MET': [0.0, 0.0], '650_635_min_MET_pt': [10000000.0, 10000000.0], '650_630': [0.0, 0.0], '650_630_passing_MET': [0.0, 0.0], '650_630_failing_MET': [0.0, 0.0], '650_630_min_MET_pt': [10000000.0, 10000000.0], '650_625': [0.0, 0.0], '650_625_passing_MET': [0.0, 0.0], '650_625_failing_MET': [0.0, 0.0], '650_625_min_MET_pt': [10000000.0, 10000000.0], '650_620': [0.0, 0.0], '650_620_passing_MET': [0.0, 0.0], '650_620_failing_MET': [0.0, 0.0], '650_620_min_MET_pt': [10000000.0, 10000000.0], '675_665': [0.0, 0.0], '675_665_passing_MET': [0.0, 0.0], '675_665_failing_MET': [0.0, 0.0], '675_665_min_MET_pt': [10000000.0, 10000000.0], '675_660': [0.0, 0.0], '675_660_passing_MET': [0.0, 0.0], '675_660_failing_MET': [0.0, 0.0], '675_660_min_MET_pt': [10000000.0, 10000000.0], '675_655': [0.0, 0.0], '675_655_passing_MET': [0.0, 0.0], '675_655_failing_MET': [0.0, 0.0], '675_655_min_MET_pt': [10000000.0, 10000000.0], '675_650': [0.0, 0.0], '675_650_passing_MET': [0.0, 0.0], '675_650_failing_MET': [0.0, 0.0], '675_650_min_MET_pt': [10000000.0, 10000000.0], '675_645': [0.0, 0.0], '675_645_passing_MET': [0.0, 0.0], '675_645_failing_MET': [0.0, 0.0], '675_645_min_MET_pt': [10000000.0, 10000000.0], '700_690': [2128.0, 991.0], '700_690_passing_MET': [0.0, 0.0], '700_690_failing_MET': [0.0, 0.0], '700_690_min_MET_pt': [10000000.0, 10000000.0], '700_685': [0.0, 0.0], '700_685_passing_MET': [0.0, 0.0], '700_685_failing_MET': [0.0, 0.0], '700_685_min_MET_pt': [10000000.0, 10000000.0], '700_680': [0.0, 0.0], '700_680_passing_MET': [0.0, 0.0], '700_680_failing_MET': [0.0, 0.0], '700_680_min_MET_pt': [10000000.0, 10000000.0], '700_675': [0.0, 0.0], '700_675_passing_MET': [0.0, 0.0], '700_675_failing_MET': [0.0, 0.0], '700_675_min_MET_pt': [10000000.0, 10000000.0], '700_670': [0.0, 0.0], '700_670_passing_MET': [0.0, 0.0], '700_670_failing_MET': [0.0, 0.0], '700_670_min_MET_pt': [10000000.0, 10000000.0], '725_715': [0.0, 0.0], '725_715_passing_MET': [0.0, 0.0], '725_715_failing_MET': [0.0, 0.0], '725_715_min_MET_pt': [10000000.0, 10000000.0], '725_710': [0.0, 0.0], '725_710_passing_MET': [0.0, 0.0], '725_710_failing_MET': [0.0, 0.0], '725_710_min_MET_pt': [10000000.0, 10000000.0], '725_705': [0.0, 0.0], '725_705_passing_MET': [0.0, 0.0], '725_705_failing_MET': [0.0, 0.0], '725_705_min_MET_pt': [10000000.0, 10000000.0], '725_700': [0.0, 0.0], '725_700_passing_MET': [0.0, 0.0], '725_700_failing_MET': [0.0, 0.0], '725_700_min_MET_pt': [10000000.0, 10000000.0], '725_695': [0.0, 0.0], '725_695_passing_MET': [0.0, 0.0], '725_695_failing_MET': [0.0, 0.0], '725_695_min_MET_pt': [10000000.0, 10000000.0], '750_740': [2108.0, 2224.0], '750_740_passing_MET': [0.0, 0.0], '750_740_failing_MET': [0.0, 0.0], '750_740_min_MET_pt': [10000000.0, 10000000.0], '750_735': [0.0, 0.0], '750_735_passing_MET': [0.0, 0.0], '750_735_failing_MET': [0.0, 0.0], '750_735_min_MET_pt': [10000000.0, 10000000.0], '750_730': [0.0, 0.0], '750_730_passing_MET': [0.0, 0.0], '750_730_failing_MET': [0.0, 0.0], '750_730_min_MET_pt': [10000000.0, 10000000.0], '750_725': [0.0, 0.0], '750_725_passing_MET': [0.0, 0.0], '750_725_failing_MET': [0.0, 0.0], '750_725_min_MET_pt': [10000000.0, 10000000.0], '750_720': [1133.0, 0.0], '750_720_passing_MET': [1099.0, 0.0], '750_720_failing_MET': [34.0, 0.0], '750_720_min_MET_pt': [25.889751434326172, 10000000.0], '775_765': [0.0, 0.0], '775_765_passing_MET': [0.0, 0.0], '775_765_failing_MET': [0.0, 0.0], '775_765_min_MET_pt': [10000000.0, 10000000.0], '775_760': [0.0, 0.0], '775_760_passing_MET': [0.0, 0.0], '775_760_failing_MET': [0.0, 0.0], '775_760_min_MET_pt': [10000000.0, 10000000.0], '775_755': [0.0, 0.0], '775_755_passing_MET': [0.0, 0.0], '775_755_failing_MET': [0.0, 0.0], '775_755_min_MET_pt': [10000000.0, 10000000.0], '775_750': [0.0, 0.0], '775_750_passing_MET': [0.0, 0.0], '775_750_failing_MET': [0.0, 0.0], '775_750_min_MET_pt': [10000000.0, 10000000.0], '775_745': [0.0, 0.0], '775_745_passing_MET': [0.0, 0.0], '775_745_failing_MET': [0.0, 0.0], '775_745_min_MET_pt': [10000000.0, 10000000.0], '800_790': [0.0, 1056.0], '800_790_passing_MET': [0.0, 1028.0], '800_790_failing_MET': [0.0, 28.0], '800_790_min_MET_pt': [10000000.0, 26.427810668945312], '800_785': [0.0, 962.0], '800_785_passing_MET': [0.0, 940.0], '800_785_failing_MET': [0.0, 22.0], '800_785_min_MET_pt': [10000000.0, 13.996072769165039], '800_780': [0.0, 0.0], '800_780_passing_MET': [0.0, 0.0], '800_780_failing_MET': [0.0, 0.0], '800_780_min_MET_pt': [10000000.0, 10000000.0], '800_775': [0.0, 0.0], '800_775_passing_MET': [0.0, 0.0], '800_775_failing_MET': [0.0, 0.0], '800_775_min_MET_pt': [10000000.0, 10000000.0], '800_770': [0.0, 0.0], '800_770_passing_MET': [0.0, 0.0], '800_770_failing_MET': [0.0, 0.0], '800_770_min_MET_pt': [10000000.0, 10000000.0], '825_815': [0.0, 0.0], '825_815_passing_MET': [0.0, 0.0], '825_815_failing_MET': [0.0, 0.0], '825_815_min_MET_pt': [10000000.0, 10000000.0], '825_810': [0.0, 0.0], '825_810_passing_MET': [0.0, 0.0], '825_810_failing_MET': [0.0, 0.0], '825_810_min_MET_pt': [10000000.0, 10000000.0], '825_805': [0.0, 0.0], '825_805_passing_MET': [0.0, 0.0], '825_805_failing_MET': [0.0, 0.0], '825_805_min_MET_pt': [10000000.0, 10000000.0], '825_800': [0.0, 0.0], '825_800_passing_MET': [0.0, 0.0], '825_800_failing_MET': [0.0, 0.0], '825_800_min_MET_pt': [10000000.0, 10000000.0], '825_795': [0.0, 0.0], '825_795_passing_MET': [0.0, 0.0], '825_795_failing_MET': [0.0, 0.0], '825_795_min_MET_pt': [10000000.0, 10000000.0], '850_840': [0.0, 1059.0], '850_840_passing_MET': [0.0, 1036.0], '850_840_failing_MET': [0.0, 23.0], '850_840_min_MET_pt': [10000000.0, 30.394840240478516], '850_835': [0.0, 0.0], '850_835_passing_MET': [0.0, 0.0], '850_835_failing_MET': [0.0, 0.0], '850_835_min_MET_pt': [10000000.0, 10000000.0], '850_830': [0.0, 1130.0], '850_830_passing_MET': [0.0, 1099.0], '850_830_failing_MET': [0.0, 31.0], '850_830_min_MET_pt': [10000000.0, 14.004971504211426], '850_825': [0.0, 943.0], '850_825_passing_MET': [0.0, 926.0], '850_825_failing_MET': [0.0, 17.0], '850_825_min_MET_pt': [10000000.0, 48.09389114379883], '850_820': [1181.0, 0.0], '850_820_passing_MET': [1148.0, 0.0], '850_820_failing_MET': [33.0, 0.0], '850_820_min_MET_pt': [48.45402908325195, 10000000.0], '875_865': [0.0, 0.0], '875_865_passing_MET': [0.0, 0.0], '875_865_failing_MET': [0.0, 0.0], '875_865_min_MET_pt': [10000000.0, 10000000.0], '875_860': [0.0, 0.0], '875_860_passing_MET': [0.0, 0.0], '875_860_failing_MET': [0.0, 0.0], '875_860_min_MET_pt': [10000000.0, 10000000.0], '875_855': [0.0, 0.0], '875_855_passing_MET': [0.0, 0.0], '875_855_failing_MET': [0.0, 0.0], '875_855_min_MET_pt': [10000000.0, 10000000.0], '875_850': [0.0, 0.0], '875_850_passing_MET': [0.0, 0.0], '875_850_failing_MET': [0.0, 0.0], '875_850_min_MET_pt': [10000000.0, 10000000.0], '875_845': [0.0, 0.0], '875_845_passing_MET': [0.0, 0.0], '875_845_failing_MET': [0.0, 0.0], '875_845_min_MET_pt': [10000000.0, 10000000.0], '900_890': [1114.0, 0.0], '900_890_passing_MET': [1090.0, 0.0], '900_890_failing_MET': [24.0, 0.0], '900_890_min_MET_pt': [11.457663536071777, 10000000.0], '900_885': [0.0, 1981.0], '900_885_passing_MET': [0.0, 1933.0], '900_885_failing_MET': [0.0, 48.0], '900_885_min_MET_pt': [10000000.0, 2.3144893646240234], '900_880': [0.0, 0.0], '900_880_passing_MET': [0.0, 0.0], '900_880_failing_MET': [0.0, 0.0], '900_880_min_MET_pt': [10000000.0, 10000000.0], '900_875': [0.0, 0.0], '900_875_passing_MET': [0.0, 0.0], '900_875_failing_MET': [0.0, 0.0], '900_875_min_MET_pt': [10000000.0, 10000000.0], '900_870': [1167.0, 0.0], '900_870_passing_MET': [1139.0, 0.0], '900_870_failing_MET': [28.0, 0.0], '900_870_min_MET_pt': [28.16312026977539, 10000000.0], '925_915': [0.0, 0.0], '925_915_passing_MET': [0.0, 0.0], '925_915_failing_MET': [0.0, 0.0], '925_915_min_MET_pt': [10000000.0, 10000000.0], '925_910': [0.0, 0.0], '925_910_passing_MET': [0.0, 0.0], '925_910_failing_MET': [0.0, 0.0], '925_910_min_MET_pt': [10000000.0, 10000000.0], '925_905': [0.0, 0.0], '925_905_passing_MET': [0.0, 0.0], '925_905_failing_MET': [0.0, 0.0], '925_905_min_MET_pt': [10000000.0, 10000000.0], '925_900': [0.0, 0.0], '925_900_passing_MET': [0.0, 0.0], '925_900_failing_MET': [0.0, 0.0], '925_900_min_MET_pt': [10000000.0, 10000000.0], '925_895': [0.0, 0.0], '925_895_passing_MET': [0.0, 0.0], '925_895_failing_MET': [0.0, 0.0], '925_895_min_MET_pt': [10000000.0, 10000000.0], '950_940': [0.0, 1128.0], '950_940_passing_MET': [0.0, 1103.0], '950_940_failing_MET': [0.0, 25.0], '950_940_min_MET_pt': [10000000.0, 47.85691833496094], '950_935': [0.0, 0.0], '950_935_passing_MET': [0.0, 0.0], '950_935_failing_MET': [0.0, 0.0], '950_935_min_MET_pt': [10000000.0, 10000000.0], '950_930': [0.0, 0.0], '950_930_passing_MET': [0.0, 0.0], '950_930_failing_MET': [0.0, 0.0], '950_930_min_MET_pt': [10000000.0, 10000000.0], '950_925': [0.0, 0.0], '950_925_passing_MET': [0.0, 0.0], '950_925_failing_MET': [0.0, 0.0], '950_925_min_MET_pt': [10000000.0, 10000000.0], '950_920': [1142.0, 0.0], '950_920_passing_MET': [1112.0, 0.0], '950_920_failing_MET': [30.0, 0.0], '950_920_min_MET_pt': [32.764923095703125, 10000000.0], '975_965': [0.0, 0.0], '975_965_passing_MET': [0.0, 0.0], '975_965_failing_MET': [0.0, 0.0], '975_965_min_MET_pt': [10000000.0, 10000000.0], '975_960': [0.0, 0.0], '975_960_passing_MET': [0.0, 0.0], '975_960_failing_MET': [0.0, 0.0], '975_960_min_MET_pt': [10000000.0, 10000000.0], '975_955': [0.0, 0.0], '975_955_passing_MET': [0.0, 0.0], '975_955_failing_MET': [0.0, 0.0], '975_955_min_MET_pt': [10000000.0, 10000000.0], '975_950': [0.0, 0.0], '975_950_passing_MET': [0.0, 0.0], '975_950_failing_MET': [0.0, 0.0], '975_950_min_MET_pt': [10000000.0, 10000000.0], '975_945': [0.0, 0.0], '975_945_passing_MET': [0.0, 0.0], '975_945_failing_MET': [0.0, 0.0], '975_945_min_MET_pt': [10000000.0, 10000000.0], '1000_990': [4484.0, 0.0], '1000_990_passing_MET': [4392.0, 0.0], '1000_990_failing_MET': [92.0, 0.0], '1000_990_min_MET_pt': [10.207590103149414, 10000000.0], '1000_985': [0.0, 0.0], '1000_985_passing_MET': [0.0, 0.0], '1000_985_failing_MET': [0.0, 0.0], '1000_985_min_MET_pt': [10000000.0, 10000000.0], '1000_980': [1196.0, 0.0], '1000_980_passing_MET': [1163.0, 0.0], '1000_980_failing_MET': [33.0, 0.0], '1000_980_min_MET_pt': [29.885210037231445, 10000000.0], '1000_975': [0.0, 0.0], '1000_975_passing_MET': [0.0, 0.0], '1000_975_failing_MET': [0.0, 0.0], '1000_975_min_MET_pt': [10000000.0, 10000000.0], '1000_970': [0.0, 1161.0], '1000_970_passing_MET': [0.0, 1132.0], '1000_970_failing_MET': [0.0, 29.0], '1000_970_min_MET_pt': [10000000.0, 31.410564422607422], '1025_1015': [0.0, 0.0], '1025_1015_passing_MET': [0.0, 0.0], '1025_1015_failing_MET': [0.0, 0.0], '1025_1015_min_MET_pt': [10000000.0, 10000000.0], '1025_1010': [0.0, 0.0], '1025_1010_passing_MET': [0.0, 0.0], '1025_1010_failing_MET': [0.0, 0.0], '1025_1010_min_MET_pt': [10000000.0, 10000000.0], '1025_1005': [0.0, 0.0], '1025_1005_passing_MET': [0.0, 0.0], '1025_1005_failing_MET': [0.0, 0.0], '1025_1005_min_MET_pt': [10000000.0, 10000000.0], '1025_1000': [0.0, 0.0], '1025_1000_passing_MET': [0.0, 0.0], '1025_1000_failing_MET': [0.0, 0.0], '1025_1000_min_MET_pt': [10000000.0, 10000000.0], '1025_995': [0.0, 0.0], '1025_995_passing_MET': [0.0, 0.0], '1025_995_failing_MET': [0.0, 0.0], '1025_995_min_MET_pt': [10000000.0, 10000000.0], '1050_1040': [0.0, 0.0], '1050_1040_passing_MET': [0.0, 0.0], '1050_1040_failing_MET': [0.0, 0.0], '1050_1040_min_MET_pt': [10000000.0, 10000000.0], '1050_1035': [0.0, 0.0], '1050_1035_passing_MET': [0.0, 0.0], '1050_1035_failing_MET': [0.0, 0.0], '1050_1035_min_MET_pt': [10000000.0, 10000000.0], '1050_1030': [0.0, 0.0], '1050_1030_passing_MET': [0.0, 0.0], '1050_1030_failing_MET': [0.0, 0.0], '1050_1030_min_MET_pt': [10000000.0, 10000000.0], '1050_1025': [0.0, 0.0], '1050_1025_passing_MET': [0.0, 0.0], '1050_1025_failing_MET': [0.0, 0.0], '1050_1025_min_MET_pt': [10000000.0, 10000000.0], '1050_1020': [0.0, 0.0], '1050_1020_passing_MET': [0.0, 0.0], '1050_1020_failing_MET': [0.0, 0.0], '1050_1020_min_MET_pt': [10000000.0, 10000000.0], '1075_1065': [0.0, 0.0], '1075_1065_passing_MET': [0.0, 0.0], '1075_1065_failing_MET': [0.0, 0.0], '1075_1065_min_MET_pt': [10000000.0, 10000000.0], '1075_1060': [0.0, 0.0], '1075_1060_passing_MET': [0.0, 0.0], '1075_1060_failing_MET': [0.0, 0.0], '1075_1060_min_MET_pt': [10000000.0, 10000000.0], '1075_1055': [0.0, 0.0], '1075_1055_passing_MET': [0.0, 0.0], '1075_1055_failing_MET': [0.0, 0.0], '1075_1055_min_MET_pt': [10000000.0, 10000000.0], '1075_1050': [0.0, 0.0], '1075_1050_passing_MET': [0.0, 0.0], '1075_1050_failing_MET': [0.0, 0.0], '1075_1050_min_MET_pt': [10000000.0, 10000000.0], '1075_1045': [0.0, 0.0], '1075_1045_passing_MET': [0.0, 0.0], '1075_1045_failing_MET': [0.0, 0.0], '1075_1045_min_MET_pt': [10000000.0, 10000000.0], '1100_1090': [0.0, 0.0], '1100_1090_passing_MET': [0.0, 0.0], '1100_1090_failing_MET': [0.0, 0.0], '1100_1090_min_MET_pt': [10000000.0, 10000000.0], '1100_1085': [0.0, 0.0], '1100_1085_passing_MET': [0.0, 0.0], '1100_1085_failing_MET': [0.0, 0.0], '1100_1085_min_MET_pt': [10000000.0, 10000000.0], '1100_1080': [0.0, 1158.0], '1100_1080_passing_MET': [0.0, 1127.0], '1100_1080_failing_MET': [0.0, 31.0], '1100_1080_min_MET_pt': [10000000.0, 37.41953659057617], '1100_1075': [0.0, 0.0], '1100_1075_passing_MET': [0.0, 0.0], '1100_1075_failing_MET': [0.0, 0.0], '1100_1075_min_MET_pt': [10000000.0, 10000000.0], '1100_1070': [0.0, 0.0], '1100_1070_passing_MET': [0.0, 0.0], '1100_1070_failing_MET': [0.0, 0.0], '1100_1070_min_MET_pt': [10000000.0, 10000000.0], 'nEventsTotal': 148263.0, 'strange masspoints': 0.0, 'orphans': 0.0, 'R-hadron event': 0.0, 'different stop antistop masses': 0.0, 'strange error': 0.0, 'strange event': 0.0, 'different neutralino masses': 10746.0, 'large differences': 0.0, '526_510': [996.0, 913.0], '526_510_passing_MET': [965.0, 875.0], '526_510_failing_MET': [31.0, 38.0], '526_510_min_MET_pt': [43.53086853027344, 32.340354919433594], '526_505': [0.0, 981.0], '526_505_passing_MET': [0.0, 946.0], '526_505_failing_MET': [0.0, 35.0], '526_505_min_MET_pt': [10000000.0, 34.529083251953125], '876_865': [0.0, 1998.0], '876_865_passing_MET': [0.0, 1945.0], '876_865_failing_MET': [0.0, 53.0], '876_865_min_MET_pt': [10000000.0, 19.814287185668945], '876_866': [0.0, 199.0], '876_866_passing_MET': [0.0, 194.0], '876_866_failing_MET': [0.0, 5.0], '876_866_min_MET_pt': [10000000.0, 43.74650573730469], '976_965': [2027.0, 0.0], '976_965_passing_MET': [1979.0, 0.0], '976_965_failing_MET': [48.0, 0.0], '976_965_min_MET_pt': [33.919090270996094, 10000000.0], '976_966': [213.0, 0.0], '976_966_passing_MET': [209.0, 0.0], '976_966_failing_MET': [4.0, 0.0], '976_966_min_MET_pt': [61.4992790222168, 10000000.0], '526_515': [1804.0, 3545.0], '526_515_passing_MET': [1762.0, 3439.0], '526_515_failing_MET': [42.0, 106.0], '526_515_min_MET_pt': [25.259132385253906, 17.470788955688477], '526_516': [177.0, 362.0], '526_516_passing_MET': [173.0, 356.0], '526_516_failing_MET': [4.0, 6.0], '526_516_min_MET_pt': [49.85557556152344, 34.99116134643555], '776_766': [98.0, 322.0], '776_766_passing_MET': [95.0, 313.0], '776_766_failing_MET': [3.0, 9.0], '776_766_min_MET_pt': [61.955753326416016, 42.33121871948242], '776_765': [980.0, 2950.0], '776_765_passing_MET': [955.0, 2877.0], '776_765_failing_MET': [25.0, 73.0], '776_765_min_MET_pt': [39.65229415893555, 52.425201416015625], '1024_1015': [1019.0, 0.0], '1024_1015_passing_MET': [1000.0, 0.0], '1024_1015_failing_MET': [19.0, 0.0], '1024_1015_min_MET_pt': [63.67221450805664, 10000000.0], '1024_1016': [105.0, 0.0], '1024_1016_passing_MET': [101.0, 0.0], '1024_1016_failing_MET': [4.0, 0.0], '1024_1016_min_MET_pt': [59.66985321044922, 10000000.0], '1076_1065': [0.0, 1025.0], '1076_1065_passing_MET': [0.0, 1006.0], '1076_1065_failing_MET': [0.0, 19.0], '1076_1065_min_MET_pt': [10000000.0, 7.303482532501221], '1076_1064': [0.0, 118.0], '1076_1064_passing_MET': [0.0, 112.0], '1076_1064_failing_MET': [0.0, 6.0], '1076_1064_min_MET_pt': [10000000.0, 55.361595153808594], '626_605': [883.0, 0.0], '626_605_passing_MET': [850.0, 0.0], '626_605_failing_MET': [33.0, 0.0], '626_605_min_MET_pt': [45.557796478271484, 10000000.0], '626_606': [137.0, 0.0], '626_606_passing_MET': [132.0, 0.0], '626_606_failing_MET': [5.0, 0.0], '626_606_min_MET_pt': [68.69828796386719, 10000000.0], '926_915': [975.0, 1031.0], '926_915_passing_MET': [950.0, 1008.0], '926_915_failing_MET': [25.0, 23.0], '926_915_min_MET_pt': [24.06159210205078, 41.14393615722656], '926_916': [113.0, 94.0], '926_916_passing_MET': [111.0, 91.0], '926_916_failing_MET': [2.0, 3.0], '926_916_min_MET_pt': [21.99466323852539, 46.075035095214844], '976_950': [1195.0, 0.0], '976_950_passing_MET': [1159.0, 0.0], '976_950_failing_MET': [36.0, 0.0], '976_950_min_MET_pt': [29.139354705810547, 10000000.0], '726_705': [0.0, 940.0], '726_705_passing_MET': [0.0, 911.0], '726_705_failing_MET': [0.0, 29.0], '726_705_min_MET_pt': [10000000.0, 50.062217712402344], '726_706': [0.0, 135.0], '726_706_passing_MET': [0.0, 130.0], '726_706_failing_MET': [0.0, 5.0], '726_706_min_MET_pt': [10000000.0, 55.97993087768555], '676_655': [899.0, 1809.0], '676_655_passing_MET': [873.0, 1760.0], '676_655_failing_MET': [26.0, 49.0], '676_655_min_MET_pt': [32.705955505371094, 22.72252082824707], '676_656': [136.0, 285.0], '676_656_passing_MET': [133.0, 278.0], '676_656_failing_MET': [3.0, 7.0], '676_656_min_MET_pt': [93.6192855834961, 28.321746826171875], '1024_995': [2015.0, 988.0], '1024_995_passing_MET': [1967.0, 955.0], '1024_995_failing_MET': [48.0, 33.0], '1024_995_min_MET_pt': [13.240196228027344, 35.19131851196289], '1024_996': [402.0, 201.0], '1024_996_passing_MET': [390.0, 195.0], '1024_996_failing_MET': [12.0, 6.0], '1024_996_min_MET_pt': [58.50160217285156, 31.070690155029297], '976_945': [0.0, 1009.0], '976_945_passing_MET': [0.0, 985.0], '976_945_failing_MET': [0.0, 24.0], '976_945_min_MET_pt': [10000000.0, 1.440486192703247], '976_946': [0.0, 212.0], '976_946_passing_MET': [0.0, 207.0], '976_946_failing_MET': [0.0, 5.0], '976_946_min_MET_pt': [10000000.0, 23.74349594116211], '800_786': [0.0, 155.0], '800_786_passing_MET': [0.0, 152.0], '800_786_failing_MET': [0.0, 3.0], '800_786_min_MET_pt': [10000000.0, 70.0315933227539], '526_500': [1072.0, 2042.0], '526_500_passing_MET': [1021.0, 1966.0], '526_500_failing_MET': [51.0, 76.0], '526_500_min_MET_pt': [39.96772766113281, 17.62383460998535], '826_805': [970.0, 0.0], '826_805_passing_MET': [945.0, 0.0], '826_805_failing_MET': [25.0, 0.0], '826_805_min_MET_pt': [3.0391499996185303, 10000000.0], '826_806': [157.0, 0.0], '826_806_passing_MET': [156.0, 0.0], '826_806_failing_MET': [1.0, 0.0], '826_806_min_MET_pt': [91.03553771972656, 10000000.0], '726_710': [0.0, 1073.0], '726_710_passing_MET': [0.0, 1047.0], '726_710_failing_MET': [0.0, 26.0], '726_710_min_MET_pt': [10000000.0, 37.605995178222656], '676_665': [988.0, 930.0], '676_665_passing_MET': [965.0, 909.0], '676_665_failing_MET': [23.0, 21.0], '676_665_min_MET_pt': [37.90716552734375, 18.87998390197754], '676_666': [106.0, 105.0], '676_666_passing_MET': [102.0, 102.0], '676_666_failing_MET': [4.0, 3.0], '676_666_min_MET_pt': [42.42161178588867, 81.74713897705078], '876_855': [981.0, 0.0], '876_855_passing_MET': [955.0, 0.0], '876_855_failing_MET': [26.0, 0.0], '876_855_min_MET_pt': [25.43564796447754, 10000000.0], '876_856': [162.0, 0.0], '876_856_passing_MET': [158.0, 0.0], '876_856_failing_MET': [4.0, 0.0], '876_856_min_MET_pt': [47.43849182128906, 10000000.0], '626_615': [965.0, 946.0], '626_615_passing_MET': [940.0, 924.0], '626_615_failing_MET': [25.0, 22.0], '626_615_min_MET_pt': [10.944450378417969, 44.690696716308594], '626_616': [99.0, 103.0], '626_616_passing_MET': [99.0, 102.0], '626_616_failing_MET': [0.0, 1.0], '626_616_min_MET_pt': [108.60657501220703, 58.025001525878906], '726_715': [1908.0, 984.0], '726_715_passing_MET': [1862.0, 965.0], '726_715_failing_MET': [46.0, 19.0], '726_715_min_MET_pt': [21.53661346435547, 13.813240051269531], '726_716': [217.0, 83.0], '726_716_passing_MET': [212.0, 79.0], '726_716_failing_MET': [5.0, 4.0], '726_716_min_MET_pt': [78.29246520996094, 63.7791633605957], '676_650': [0.0, 1073.0], '676_650_passing_MET': [0.0, 1045.0], '676_650_failing_MET': [0.0, 28.0], '676_650_min_MET_pt': [10000000.0, 15.76913833618164], '900_886': [0.0, 275.0], '900_886_passing_MET': [0.0, 269.0], '900_886_failing_MET': [0.0, 6.0], '900_886_min_MET_pt': [10000000.0, 68.42449188232422], '726_700': [0.0, 1115.0], '726_700_passing_MET': [0.0, 1071.0], '726_700_failing_MET': [0.0, 44.0], '726_700_min_MET_pt': [10000000.0, 6.520055294036865], '850_826': [0.0, 190.0], '850_826_passing_MET': [0.0, 182.0], '850_826_failing_MET': [0.0, 8.0], '850_826_min_MET_pt': [10000000.0, 73.93785095214844], '600_576': [0.0, 146.0], '600_576_passing_MET': [0.0, 142.0], '600_576_failing_MET': [0.0, 4.0], '600_576_min_MET_pt': [10000000.0, 54.659000396728516], '576_560': [943.0, 1996.0], '576_560_passing_MET': [915.0, 1946.0], '576_560_failing_MET': [28.0, 50.0], '576_560_min_MET_pt': [11.789233207702637, 10.791911125183105], '926_895': [979.0, 942.0], '926_895_passing_MET': [949.0, 924.0], '926_895_failing_MET': [30.0, 18.0], '926_895_min_MET_pt': [26.54073715209961, 24.920114517211914], '926_896': [198.0, 183.0], '926_896_passing_MET': [190.0, 178.0], '926_896_failing_MET': [8.0, 5.0], '926_896_min_MET_pt': [74.3600082397461, 78.75852966308594], '826_815': [1010.0, 955.0], '826_815_passing_MET': [987.0, 932.0], '826_815_failing_MET': [23.0, 23.0], '826_815_min_MET_pt': [18.295669555664062, 29.28042221069336], '826_816': [95.0, 102.0], '826_816_passing_MET': [93.0, 100.0], '826_816_failing_MET': [2.0, 2.0], '826_816_min_MET_pt': [81.89141082763672, 49.17416763305664], '876_850': [1185.0, 1143.0], '876_850_passing_MET': [1154.0, 1122.0], '876_850_failing_MET': [31.0, 21.0], '876_850_min_MET_pt': [27.741348266601562, 45.636043548583984], '600_586': [139.0, 0.0], '600_586_passing_MET': [131.0, 0.0], '600_586_failing_MET': [8.0, 0.0], '600_586_min_MET_pt': [68.12722778320312, 10000000.0], '1052_1040': [2271.0, 0.0], '1052_1040_passing_MET': [2228.0, 0.0], '1052_1040_failing_MET': [43.0, 0.0], '1052_1040_min_MET_pt': [21.043306350708008, 10000000.0], '626_600': [1132.0, 0.0], '626_600_passing_MET': [1091.0, 0.0], '626_600_failing_MET': [41.0, 0.0], '626_600_min_MET_pt': [31.098852157592773, 10000000.0], '1024_1005': [0.0, 995.0], '1024_1005_passing_MET': [0.0, 969.0], '1024_1005_failing_MET': [0.0, 26.0], '1024_1005_min_MET_pt': [10000000.0, 32.76826858520508], '1024_1006': [0.0, 171.0], '1024_1006_passing_MET': [0.0, 166.0], '1024_1006_failing_MET': [0.0, 5.0], '1024_1006_min_MET_pt': [10000000.0, 49.73395538330078], '676_646': [186.0, 0.0], '676_646_passing_MET': [183.0, 0.0], '676_646_failing_MET': [3.0, 0.0], '676_646_min_MET_pt': [76.7059555053711, 10000000.0], '676_645': [925.0, 0.0], '676_645_passing_MET': [893.0, 0.0], '676_645_failing_MET': [32.0, 0.0], '676_645_min_MET_pt': [19.510663986206055, 10000000.0], '776_750': [1079.0, 1071.0], '776_750_passing_MET': [1053.0, 1041.0], '776_750_failing_MET': [26.0, 30.0], '776_750_min_MET_pt': [39.006248474121094, 46.88649368286133], '876_860': [1097.0, 0.0], '876_860_passing_MET': [1071.0, 0.0], '876_860_failing_MET': [26.0, 0.0], '876_860_min_MET_pt': [43.635372161865234, 10000000.0], '1052_1020': [1210.0, 0.0], '1052_1020_passing_MET': [1172.0, 0.0], '1052_1020_failing_MET': [38.0, 0.0], '1052_1020_min_MET_pt': [18.868810653686523, 10000000.0], '776_760': [1138.0, 0.0], '776_760_passing_MET': [1108.0, 0.0], '776_760_failing_MET': [30.0, 0.0], '776_760_min_MET_pt': [55.530845642089844, 10000000.0]}
nevents_from_dict =  3400280485.6515746
Results saved to /afs/cern.ch/work/m/mleoncoe/private/stop_met_check/outputs_2018/nanoAOD_229.json
done
