000 (9018140.287.000) 01/06 10:56:30 Job submitted from host: <188.185.6.50:9618?addrs=188.185.6.50-9618+[2001-1458-d00-62--100-2b1]-9618&alias=bigbird25.cern.ch&noUDP&sock=schedd_1627_90ad>
...
040 (9018140.287.000) 01/06 11:01:12 Started transferring input files
	Transferring to host: <188.185.210.23:9618?addrs=188.185.210.23-9618+[2001-1458-303-1--100-13]-9618&alias=b9p21p8335.cern.ch&noUDP&sock=slot1_35_3959_393a_113300>
...
040 (9018140.287.000) 01/06 11:01:12 Finished transferring input files
...
001 (9018140.287.000) 01/06 11:01:13 Job executing on host: <188.185.210.23:9618?addrs=188.185.210.23-9618+[2001-1458-303-1--100-13]-9618&alias=b9p21p8335.cern.ch&noUDP&sock=startd_3247_c01a>
	SlotName: slot1_35@b9p21p8335.cern.ch
	CondorScratchDir = "/pool/condor/dir_2103439"
	Cpus = 1
	Disk = 3891
	GPUs = 0
	Memory = 3000
...
006 (9018140.287.000) 01/06 11:01:26 Image size of job updated: 109952
	108  -  MemoryUsage of job (MB)
	109952  -  ResidentSetSize of job (KB)
...
006 (9018140.287.000) 01/06 11:06:26 Image size of job updated: 215924
	211  -  MemoryUsage of job (MB)
	215924  -  ResidentSetSize of job (KB)
...
006 (9018140.287.000) 01/06 11:11:27 Image size of job updated: 216056
	211  -  MemoryUsage of job (MB)
	216056  -  ResidentSetSize of job (KB)
...
006 (9018140.287.000) 01/06 11:16:27 Image size of job updated: 216188
	212  -  MemoryUsage of job (MB)
	216188  -  ResidentSetSize of job (KB)
...
006 (9018140.287.000) 01/06 11:21:27 Image size of job updated: 216304
	212  -  MemoryUsage of job (MB)
	216304  -  ResidentSetSize of job (KB)
...
006 (9018140.287.000) 01/06 11:26:28 Image size of job updated: 216312
	212  -  MemoryUsage of job (MB)
	216312  -  ResidentSetSize of job (KB)
...
006 (9018140.287.000) 01/06 11:31:28 Image size of job updated: 216340
	212  -  MemoryUsage of job (MB)
	216340  -  ResidentSetSize of job (KB)
...
006 (9018140.287.000) 01/06 11:36:29 Image size of job updated: 216356
	212  -  MemoryUsage of job (MB)
	216356  -  ResidentSetSize of job (KB)
...
006 (9018140.287.000) 01/06 11:41:30 Image size of job updated: 216392
	212  -  MemoryUsage of job (MB)
	216392  -  ResidentSetSize of job (KB)
...
006 (9018140.287.000) 01/06 11:46:30 Image size of job updated: 216400
	212  -  MemoryUsage of job (MB)
	216400  -  ResidentSetSize of job (KB)
...
006 (9018140.287.000) 01/06 11:51:31 Image size of job updated: 216404
	212  -  MemoryUsage of job (MB)
	216404  -  ResidentSetSize of job (KB)
...
006 (9018140.287.000) 01/06 11:56:32 Image size of job updated: 216460
	212  -  MemoryUsage of job (MB)
	216460  -  ResidentSetSize of job (KB)
...
006 (9018140.287.000) 01/06 12:01:32 Image size of job updated: 216468
	212  -  MemoryUsage of job (MB)
	216468  -  ResidentSetSize of job (KB)
...
006 (9018140.287.000) 01/06 12:06:33 Image size of job updated: 216476
	212  -  MemoryUsage of job (MB)
	216476  -  ResidentSetSize of job (KB)
...
006 (9018140.287.000) 01/06 12:11:33 Image size of job updated: 216480
	212  -  MemoryUsage of job (MB)
	216480  -  ResidentSetSize of job (KB)
...
006 (9018140.287.000) 01/06 12:16:33 Image size of job updated: 216528
	212  -  MemoryUsage of job (MB)
	216528  -  ResidentSetSize of job (KB)
...
006 (9018140.287.000) 01/06 12:21:34 Image size of job updated: 216532
	212  -  MemoryUsage of job (MB)
	216532  -  ResidentSetSize of job (KB)
...
006 (9018140.287.000) 01/06 12:26:34 Image size of job updated: 216540
	212  -  MemoryUsage of job (MB)
	216540  -  ResidentSetSize of job (KB)
...
006 (9018140.287.000) 01/06 12:31:34 Image size of job updated: 216548
	212  -  MemoryUsage of job (MB)
	216548  -  ResidentSetSize of job (KB)
...
006 (9018140.287.000) 01/06 12:36:35 Image size of job updated: 216600
	212  -  MemoryUsage of job (MB)
	216600  -  ResidentSetSize of job (KB)
...
006 (9018140.287.000) 01/06 12:38:35 Image size of job updated: 216612
	212  -  MemoryUsage of job (MB)
	216600  -  ResidentSetSize of job (KB)
...
040 (9018140.287.000) 01/06 12:38:35 Started transferring output files
...
040 (9018140.287.000) 01/06 12:38:35 Finished transferring output files
...
005 (9018140.287.000) 01/06 12:38:35 Job terminated.
	(1) Normal termination (return value 0)
		Usr 0 01:35:48, Sys 0 00:00:04  -  Run Remote Usage
		Usr 0 00:00:00, Sys 0 00:00:00  -  Run Local Usage
		Usr 0 01:35:48, Sys 0 00:00:04  -  Total Remote Usage
		Usr 0 00:00:00, Sys 0 00:00:00  -  Total Local Usage
	42352  -  Run Bytes Sent By Job
	21436  -  Run Bytes Received By Job
	42352  -  Total Bytes Sent By Job
	21436  -  Total Bytes Received By Job
	Partitionable Resources :    Usage  Request Allocated 
	   Cpus                 :     0.99        1         1 
	   Disk (KB)            :    89          22      3891 
	   GPUs                 :                           0 
	   Memory (MB)          :   212        3000      3000 
	   TimeExecute (s)      :  5842                       
	   TimeSlotBusy (s)     :  5843                       

	Job terminated of its own accord at 2026-01-06T11:38:35Z with exit-code 0.
...
