000 (9018140.028.000) 01/06 10:56:17 Job submitted from host: <188.185.6.50:9618?addrs=188.185.6.50-9618+[2001-1458-d00-62--100-2b1]-9618&alias=bigbird25.cern.ch&noUDP&sock=schedd_1627_90ad>
...
040 (9018140.028.000) 01/06 10:58:35 Started transferring input files
	Transferring to host: <188.185.214.177:9618?addrs=188.185.214.177-9618+[2001-1458-303-1d--100-2d]-9618&alias=b9p30p3407.cern.ch&noUDP&sock=slot1_34_7396_e6a6_116809>
...
040 (9018140.028.000) 01/06 10:58:35 Finished transferring input files
...
001 (9018140.028.000) 01/06 10:58:36 Job executing on host: <188.185.214.177:9618?addrs=188.185.214.177-9618+[2001-1458-303-1d--100-2d]-9618&alias=b9p30p3407.cern.ch&noUDP&sock=startd_6650_ece3>
	SlotName: slot1_34@b9p30p3407.cern.ch
	CondorScratchDir = "/pool/condor/dir_1130191"
	Cpus = 1
	Disk = 3874
	GPUs = 0
	Memory = 3000
...
006 (9018140.028.000) 01/06 10:58:49 Image size of job updated: 97040
	95  -  MemoryUsage of job (MB)
	97040  -  ResidentSetSize of job (KB)
...
006 (9018140.028.000) 01/06 11:03:49 Image size of job updated: 203128
	199  -  MemoryUsage of job (MB)
	203128  -  ResidentSetSize of job (KB)
...
006 (9018140.028.000) 01/06 11:08:50 Image size of job updated: 210260
	206  -  MemoryUsage of job (MB)
	210260  -  ResidentSetSize of job (KB)
...
006 (9018140.028.000) 01/06 11:13:50 Image size of job updated: 210272
	206  -  MemoryUsage of job (MB)
	210272  -  ResidentSetSize of job (KB)
...
006 (9018140.028.000) 01/06 11:18:50 Image size of job updated: 210476
	206  -  MemoryUsage of job (MB)
	210476  -  ResidentSetSize of job (KB)
...
006 (9018140.028.000) 01/06 11:23:51 Image size of job updated: 211308
	207  -  MemoryUsage of job (MB)
	211308  -  ResidentSetSize of job (KB)
...
006 (9018140.028.000) 01/06 11:28:51 Image size of job updated: 211376
	207  -  MemoryUsage of job (MB)
	211376  -  ResidentSetSize of job (KB)
...
006 (9018140.028.000) 01/06 11:33:52 Image size of job updated: 211384
	207  -  MemoryUsage of job (MB)
	211384  -  ResidentSetSize of job (KB)
...
006 (9018140.028.000) 01/06 11:38:53 Image size of job updated: 211392
	207  -  MemoryUsage of job (MB)
	211392  -  ResidentSetSize of job (KB)
...
006 (9018140.028.000) 01/06 11:43:53 Image size of job updated: 211428
	207  -  MemoryUsage of job (MB)
	211428  -  ResidentSetSize of job (KB)
...
006 (9018140.028.000) 01/06 11:53:54 Image size of job updated: 211432
	207  -  MemoryUsage of job (MB)
	211432  -  ResidentSetSize of job (KB)
...
006 (9018140.028.000) 01/06 11:58:54 Image size of job updated: 211452
	207  -  MemoryUsage of job (MB)
	211452  -  ResidentSetSize of job (KB)
...
006 (9018140.028.000) 01/06 12:03:55 Image size of job updated: 211456
	207  -  MemoryUsage of job (MB)
	211456  -  ResidentSetSize of job (KB)
...
006 (9018140.028.000) 01/06 12:08:55 Image size of job updated: 211484
	207  -  MemoryUsage of job (MB)
	211484  -  ResidentSetSize of job (KB)
...
006 (9018140.028.000) 01/06 12:13:56 Image size of job updated: 211496
	207  -  MemoryUsage of job (MB)
	211496  -  ResidentSetSize of job (KB)
...
006 (9018140.028.000) 01/06 12:28:58 Image size of job updated: 211508
	207  -  MemoryUsage of job (MB)
	211508  -  ResidentSetSize of job (KB)
...
006 (9018140.028.000) 01/06 12:33:58 Image size of job updated: 211512
	207  -  MemoryUsage of job (MB)
	211512  -  ResidentSetSize of job (KB)
...
006 (9018140.028.000) 01/06 12:39:00 Image size of job updated: 211564
	207  -  MemoryUsage of job (MB)
	211564  -  ResidentSetSize of job (KB)
...
006 (9018140.028.000) 01/06 12:49:00 Image size of job updated: 211580
	207  -  MemoryUsage of job (MB)
	211580  -  ResidentSetSize of job (KB)
...
006 (9018140.028.000) 01/06 12:54:01 Image size of job updated: 213840
	209  -  MemoryUsage of job (MB)
	213840  -  ResidentSetSize of job (KB)
...
006 (9018140.028.000) 01/06 12:57:52 Image size of job updated: 213964
	209  -  MemoryUsage of job (MB)
	213840  -  ResidentSetSize of job (KB)
...
040 (9018140.028.000) 01/06 12:57:52 Started transferring output files
...
040 (9018140.028.000) 01/06 12:57:55 Finished transferring output files
...
005 (9018140.028.000) 01/06 12:57:55 Job terminated.
	(1) Normal termination (return value 0)
		Usr 0 01:57:02, Sys 0 00:00:14  -  Run Remote Usage
		Usr 0 00:00:00, Sys 0 00:00:00  -  Run Local Usage
		Usr 0 01:57:02, Sys 0 00:00:14  -  Total Remote Usage
		Usr 0 00:00:00, Sys 0 00:00:00  -  Total Local Usage
	42631  -  Run Bytes Sent By Job
	21436  -  Run Bytes Received By Job
	42631  -  Total Bytes Sent By Job
	21436  -  Total Bytes Received By Job
	Partitionable Resources :    Usage  Request Allocated 
	   Cpus                 :     0.99        1         1 
	   Disk (KB)            :    90          22      3874 
	   GPUs                 :                           0 
	   Memory (MB)          :   209        3000      3000 
	   TimeExecute (s)      :  7156                       
	   TimeSlotBusy (s)     :  7161                       

	Job terminated of its own accord at 2026-01-06T11:57:52Z with exit-code 0.
...
