000 (9018140.451.000) 01/06 10:56:38 Job submitted from host: <188.185.6.50:9618?addrs=188.185.6.50-9618+[2001-1458-d00-62--100-2b1]-9618&alias=bigbird25.cern.ch&noUDP&sock=schedd_1627_90ad>
...
040 (9018140.451.000) 01/06 11:01:49 Started transferring input files
	Transferring to host: <188.185.207.67:9618?addrs=188.185.207.67-9618+[2001-1458-303-d--100-40]-9618&alias=b9p07p9028.cern.ch&noUDP&sock=slot1_24_8446_b891_104193>
...
040 (9018140.451.000) 01/06 11:01:49 Finished transferring input files
...
001 (9018140.451.000) 01/06 11:01:50 Job executing on host: <188.185.207.67:9618?addrs=188.185.207.67-9618+[2001-1458-303-d--100-40]-9618&alias=b9p07p9028.cern.ch&noUDP&sock=startd_7097_87b9>
	SlotName: slot1_24@b9p07p9028.cern.ch
	CondorScratchDir = "/pool/condor/dir_3579032"
	Cpus = 1
	Disk = 3788
	GPUs = 0
	Memory = 3000
...
006 (9018140.451.000) 01/06 11:02:03 Image size of job updated: 96924
	95  -  MemoryUsage of job (MB)
	96924  -  ResidentSetSize of job (KB)
...
006 (9018140.451.000) 01/06 11:07:03 Image size of job updated: 211488
	207  -  MemoryUsage of job (MB)
	211488  -  ResidentSetSize of job (KB)
...
006 (9018140.451.000) 01/06 11:12:04 Image size of job updated: 211592
	207  -  MemoryUsage of job (MB)
	211592  -  ResidentSetSize of job (KB)
...
006 (9018140.451.000) 01/06 11:17:04 Image size of job updated: 211624
	207  -  MemoryUsage of job (MB)
	211624  -  ResidentSetSize of job (KB)
...
006 (9018140.451.000) 01/06 11:22:05 Image size of job updated: 211652
	207  -  MemoryUsage of job (MB)
	211652  -  ResidentSetSize of job (KB)
...
006 (9018140.451.000) 01/06 11:27:06 Image size of job updated: 211892
	207  -  MemoryUsage of job (MB)
	211892  -  ResidentSetSize of job (KB)
...
006 (9018140.451.000) 01/06 11:32:06 Image size of job updated: 211936
	207  -  MemoryUsage of job (MB)
	211936  -  ResidentSetSize of job (KB)
...
006 (9018140.451.000) 01/06 11:37:07 Image size of job updated: 211968
	207  -  MemoryUsage of job (MB)
	211968  -  ResidentSetSize of job (KB)
...
006 (9018140.451.000) 01/06 11:42:07 Image size of job updated: 211988
	208  -  MemoryUsage of job (MB)
	211988  -  ResidentSetSize of job (KB)
...
006 (9018140.451.000) 01/06 11:47:08 Image size of job updated: 212064
	208  -  MemoryUsage of job (MB)
	212064  -  ResidentSetSize of job (KB)
...
006 (9018140.451.000) 01/06 11:52:09 Image size of job updated: 214668
	210  -  MemoryUsage of job (MB)
	214668  -  ResidentSetSize of job (KB)
...
006 (9018140.451.000) 01/06 11:57:09 Image size of job updated: 214868
	210  -  MemoryUsage of job (MB)
	214868  -  ResidentSetSize of job (KB)
...
006 (9018140.451.000) 01/06 12:07:10 Image size of job updated: 214880
	210  -  MemoryUsage of job (MB)
	214880  -  ResidentSetSize of job (KB)
...
006 (9018140.451.000) 01/06 12:17:11 Image size of job updated: 214884
	210  -  MemoryUsage of job (MB)
	214884  -  ResidentSetSize of job (KB)
...
006 (9018140.451.000) 01/06 12:22:11 Image size of job updated: 214896
	210  -  MemoryUsage of job (MB)
	214896  -  ResidentSetSize of job (KB)
...
006 (9018140.451.000) 01/06 12:32:13 Image size of job updated: 214904
	210  -  MemoryUsage of job (MB)
	214904  -  ResidentSetSize of job (KB)
...
006 (9018140.451.000) 01/06 12:37:13 Image size of job updated: 214932
	210  -  MemoryUsage of job (MB)
	214932  -  ResidentSetSize of job (KB)
...
006 (9018140.451.000) 01/06 12:47:14 Image size of job updated: 214944
	210  -  MemoryUsage of job (MB)
	214944  -  ResidentSetSize of job (KB)
...
006 (9018140.451.000) 01/06 12:52:15 Image size of job updated: 214952
	210  -  MemoryUsage of job (MB)
	214952  -  ResidentSetSize of job (KB)
...
006 (9018140.451.000) 01/06 12:57:15 Image size of job updated: 214956
	210  -  MemoryUsage of job (MB)
	214956  -  ResidentSetSize of job (KB)
...
006 (9018140.451.000) 01/06 13:02:15 Image size of job updated: 214960
	210  -  MemoryUsage of job (MB)
	214960  -  ResidentSetSize of job (KB)
...
006 (9018140.451.000) 01/06 13:12:16 Image size of job updated: 214968
	210  -  MemoryUsage of job (MB)
	214968  -  ResidentSetSize of job (KB)
...
006 (9018140.451.000) 01/06 13:17:17 Image size of job updated: 214972
	210  -  MemoryUsage of job (MB)
	214972  -  ResidentSetSize of job (KB)
...
006 (9018140.451.000) 01/06 13:22:17 Image size of job updated: 214976
	210  -  MemoryUsage of job (MB)
	214976  -  ResidentSetSize of job (KB)
...
006 (9018140.451.000) 01/06 13:27:18 Image size of job updated: 214980
	210  -  MemoryUsage of job (MB)
	214980  -  ResidentSetSize of job (KB)
...
006 (9018140.451.000) 01/06 13:37:19 Image size of job updated: 214992
	210  -  MemoryUsage of job (MB)
	214992  -  ResidentSetSize of job (KB)
...
006 (9018140.451.000) 01/06 13:38:58 Image size of job updated: 215016
	210  -  MemoryUsage of job (MB)
	214992  -  ResidentSetSize of job (KB)
...
040 (9018140.451.000) 01/06 13:38:58 Started transferring output files
...
040 (9018140.451.000) 01/06 13:38:58 Finished transferring output files
...
005 (9018140.451.000) 01/06 13:38:58 Job terminated.
	(1) Normal termination (return value 0)
		Usr 0 02:34:30, Sys 0 00:00:12  -  Run Remote Usage
		Usr 0 00:00:00, Sys 0 00:00:00  -  Run Local Usage
		Usr 0 02:34:30, Sys 0 00:00:12  -  Total Remote Usage
		Usr 0 00:00:00, Sys 0 00:00:00  -  Total Local Usage
	47071  -  Run Bytes Sent By Job
	21436  -  Run Bytes Received By Job
	47071  -  Total Bytes Sent By Job
	21436  -  Total Bytes Received By Job
	Partitionable Resources :    Usage  Request Allocated 
	   Cpus                 :     0.99        1         1 
	   Disk (KB)            :    94          22      3788 
	   GPUs                 :                           0 
	   Memory (MB)          :   210        3000      3000 
	   TimeExecute (s)      :  9428                       
	   TimeSlotBusy (s)     :  9429                       

	Job terminated of its own accord at 2026-01-06T12:38:58Z with exit-code 0.
...
