000 (9018140.611.000) 01/06 10:56:50 Job submitted from host: <188.185.6.50:9618?addrs=188.185.6.50-9618+[2001-1458-d00-62--100-2b1]-9618&alias=bigbird25.cern.ch&noUDP&sock=schedd_1627_90ad>
...
040 (9018140.611.000) 01/06 11:01:46 Started transferring input files
	Transferring to host: <128.142.137.91:9618?addrs=128.142.137.91-9618+[2001-1458-301-5e--100-4f]-9618&alias=b9g19p8336.cern.ch&noUDP&sock=slot1_32_2831_720c_102777>
...
040 (9018140.611.000) 01/06 11:01:46 Finished transferring input files
...
001 (9018140.611.000) 01/06 11:01:47 Job executing on host: <128.142.137.91:9618?addrs=128.142.137.91-9618+[2001-1458-301-5e--100-4f]-9618&alias=b9g19p8336.cern.ch&noUDP&sock=startd_2458_8fe1>
	SlotName: slot1_32@b9g19p8336.cern.ch
	CondorScratchDir = "/pool/condor/dir_1772549"
	Cpus = 1
	Disk = 2661
	GPUs = 0
	Memory = 3000
...
006 (9018140.611.000) 01/06 11:02:00 Image size of job updated: 12468
	13  -  MemoryUsage of job (MB)
	12468  -  ResidentSetSize of job (KB)
...
006 (9018140.611.000) 01/06 11:07:00 Image size of job updated: 213424
	209  -  MemoryUsage of job (MB)
	213424  -  ResidentSetSize of job (KB)
...
006 (9018140.611.000) 01/06 11:12:01 Image size of job updated: 213436
	209  -  MemoryUsage of job (MB)
	213436  -  ResidentSetSize of job (KB)
...
006 (9018140.611.000) 01/06 11:17:01 Image size of job updated: 213564
	209  -  MemoryUsage of job (MB)
	213564  -  ResidentSetSize of job (KB)
...
006 (9018140.611.000) 01/06 11:22:01 Image size of job updated: 213704
	209  -  MemoryUsage of job (MB)
	213704  -  ResidentSetSize of job (KB)
...
006 (9018140.611.000) 01/06 11:27:02 Image size of job updated: 213816
	209  -  MemoryUsage of job (MB)
	213816  -  ResidentSetSize of job (KB)
...
006 (9018140.611.000) 01/06 11:32:02 Image size of job updated: 213828
	209  -  MemoryUsage of job (MB)
	213828  -  ResidentSetSize of job (KB)
...
006 (9018140.611.000) 01/06 11:37:03 Image size of job updated: 213916
	209  -  MemoryUsage of job (MB)
	213916  -  ResidentSetSize of job (KB)
...
006 (9018140.611.000) 01/06 11:52:05 Image size of job updated: 213936
	209  -  MemoryUsage of job (MB)
	213936  -  ResidentSetSize of job (KB)
...
006 (9018140.611.000) 01/06 11:57:06 Image size of job updated: 214228
	210  -  MemoryUsage of job (MB)
	214228  -  ResidentSetSize of job (KB)
...
006 (9018140.611.000) 01/06 12:02:06 Image size of job updated: 214236
	210  -  MemoryUsage of job (MB)
	214236  -  ResidentSetSize of job (KB)
...
006 (9018140.611.000) 01/06 12:07:07 Image size of job updated: 214240
	210  -  MemoryUsage of job (MB)
	214240  -  ResidentSetSize of job (KB)
...
006 (9018140.611.000) 01/06 12:12:08 Image size of job updated: 214244
	210  -  MemoryUsage of job (MB)
	214244  -  ResidentSetSize of job (KB)
...
006 (9018140.611.000) 01/06 12:17:08 Image size of job updated: 214248
	210  -  MemoryUsage of job (MB)
	214248  -  ResidentSetSize of job (KB)
...
006 (9018140.611.000) 01/06 12:22:09 Image size of job updated: 214252
	210  -  MemoryUsage of job (MB)
	214252  -  ResidentSetSize of job (KB)
...
006 (9018140.611.000) 01/06 12:42:11 Image size of job updated: 214264
	210  -  MemoryUsage of job (MB)
	214264  -  ResidentSetSize of job (KB)
...
006 (9018140.611.000) 01/06 12:47:12 Image size of job updated: 214268
	210  -  MemoryUsage of job (MB)
	214268  -  ResidentSetSize of job (KB)
...
006 (9018140.611.000) 01/06 12:52:12 Image size of job updated: 214276
	210  -  MemoryUsage of job (MB)
	214276  -  ResidentSetSize of job (KB)
...
006 (9018140.611.000) 01/06 13:07:13 Image size of job updated: 214280
	210  -  MemoryUsage of job (MB)
	214280  -  ResidentSetSize of job (KB)
...
006 (9018140.611.000) 01/06 13:12:14 Image size of job updated: 214288
	210  -  MemoryUsage of job (MB)
	214288  -  ResidentSetSize of job (KB)
...
006 (9018140.611.000) 01/06 13:22:14 Image size of job updated: 214296
	210  -  MemoryUsage of job (MB)
	214296  -  ResidentSetSize of job (KB)
...
006 (9018140.611.000) 01/06 13:32:16 Image size of job updated: 214300
	210  -  MemoryUsage of job (MB)
	214300  -  ResidentSetSize of job (KB)
...
006 (9018140.611.000) 01/06 13:37:17 Image size of job updated: 214304
	210  -  MemoryUsage of job (MB)
	214304  -  ResidentSetSize of job (KB)
...
006 (9018140.611.000) 01/06 13:42:17 Image size of job updated: 214308
	210  -  MemoryUsage of job (MB)
	214308  -  ResidentSetSize of job (KB)
...
006 (9018140.611.000) 01/06 14:12:19 Image size of job updated: 214312
	210  -  MemoryUsage of job (MB)
	214312  -  ResidentSetSize of job (KB)
...
006 (9018140.611.000) 01/06 14:22:20 Image size of job updated: 214316
	210  -  MemoryUsage of job (MB)
	214316  -  ResidentSetSize of job (KB)
...
006 (9018140.611.000) 01/06 14:37:21 Image size of job updated: 214320
	210  -  MemoryUsage of job (MB)
	214320  -  ResidentSetSize of job (KB)
...
006 (9018140.611.000) 01/06 14:42:22 Image size of job updated: 214324
	210  -  MemoryUsage of job (MB)
	214324  -  ResidentSetSize of job (KB)
...
006 (9018140.611.000) 01/06 14:47:22 Image size of job updated: 214344
	210  -  MemoryUsage of job (MB)
	214344  -  ResidentSetSize of job (KB)
...
006 (9018140.611.000) 01/06 14:52:22 Image size of job updated: 214348
	210  -  MemoryUsage of job (MB)
	214348  -  ResidentSetSize of job (KB)
...
006 (9018140.611.000) 01/06 14:54:48 Image size of job updated: 214408
	210  -  MemoryUsage of job (MB)
	214348  -  ResidentSetSize of job (KB)
...
040 (9018140.611.000) 01/06 14:54:48 Started transferring output files
...
040 (9018140.611.000) 01/06 14:54:48 Finished transferring output files
...
005 (9018140.611.000) 01/06 14:54:48 Job terminated.
	(1) Normal termination (return value 0)
		Usr 0 03:49:58, Sys 0 00:00:35  -  Run Remote Usage
		Usr 0 00:00:00, Sys 0 00:00:00  -  Run Local Usage
		Usr 0 03:49:58, Sys 0 00:00:35  -  Total Remote Usage
		Usr 0 00:00:00, Sys 0 00:00:00  -  Total Local Usage
	45392  -  Run Bytes Sent By Job
	21436  -  Run Bytes Received By Job
	45392  -  Total Bytes Sent By Job
	21436  -  Total Bytes Received By Job
	Partitionable Resources :    Usage  Request Allocated 
	   Cpus                 :     0.99        1         1 
	   Disk (KB)            :    92          22      2661 
	   GPUs                 :                           0 
	   Memory (MB)          :   210        3000      3000 
	   TimeExecute (s)      : 13981                       
	   TimeSlotBusy (s)     : 13982                       

	Job terminated of its own accord at 2026-01-06T13:54:48Z with exit-code 0.
...
