000 (9018140.009.000) 01/06 10:56:17 Job submitted from host: <188.185.6.50:9618?addrs=188.185.6.50-9618+[2001-1458-d00-62--100-2b1]-9618&alias=bigbird25.cern.ch&noUDP&sock=schedd_1627_90ad>
...
040 (9018140.009.000) 01/06 10:58:28 Started transferring input files
	Transferring to host: <188.185.195.17:9618?addrs=188.185.195.17-9618+[2001-1458-303-22--100-d]-9618&alias=b9p17p0260.cern.ch&noUDP&sock=slot1_23_7621_6f0f_103463>
...
040 (9018140.009.000) 01/06 10:58:28 Finished transferring input files
...
001 (9018140.009.000) 01/06 10:58:29 Job executing on host: <188.185.195.17:9618?addrs=188.185.195.17-9618+[2001-1458-303-22--100-d]-9618&alias=b9p17p0260.cern.ch&noUDP&sock=startd_6433_14d6>
	SlotName: slot1_23@b9p17p0260.cern.ch
	CondorScratchDir = "/pool/condor/dir_4012562"
	Cpus = 1
	Disk = 3850
	GPUs = 0
	Memory = 3000
...
006 (9018140.009.000) 01/06 10:58:43 Image size of job updated: 97396
	96  -  MemoryUsage of job (MB)
	97396  -  ResidentSetSize of job (KB)
...
006 (9018140.009.000) 01/06 11:03:44 Image size of job updated: 203420
	199  -  MemoryUsage of job (MB)
	203420  -  ResidentSetSize of job (KB)
...
006 (9018140.009.000) 01/06 11:08:44 Image size of job updated: 211796
	207  -  MemoryUsage of job (MB)
	211796  -  ResidentSetSize of job (KB)
...
006 (9018140.009.000) 01/06 11:13:44 Image size of job updated: 211804
	207  -  MemoryUsage of job (MB)
	211804  -  ResidentSetSize of job (KB)
...
006 (9018140.009.000) 01/06 11:18:45 Image size of job updated: 211808
	207  -  MemoryUsage of job (MB)
	211808  -  ResidentSetSize of job (KB)
...
006 (9018140.009.000) 01/06 11:23:45 Image size of job updated: 211920
	207  -  MemoryUsage of job (MB)
	211920  -  ResidentSetSize of job (KB)
...
006 (9018140.009.000) 01/06 11:28:46 Image size of job updated: 211968
	207  -  MemoryUsage of job (MB)
	211968  -  ResidentSetSize of job (KB)
...
006 (9018140.009.000) 01/06 11:33:47 Image size of job updated: 211976
	208  -  MemoryUsage of job (MB)
	211976  -  ResidentSetSize of job (KB)
...
006 (9018140.009.000) 01/06 11:38:47 Image size of job updated: 212076
	208  -  MemoryUsage of job (MB)
	212076  -  ResidentSetSize of job (KB)
...
006 (9018140.009.000) 01/06 11:53:49 Image size of job updated: 212108
	208  -  MemoryUsage of job (MB)
	212108  -  ResidentSetSize of job (KB)
...
006 (9018140.009.000) 01/06 12:03:51 Image size of job updated: 212136
	208  -  MemoryUsage of job (MB)
	212136  -  ResidentSetSize of job (KB)
...
006 (9018140.009.000) 01/06 12:13:52 Image size of job updated: 212140
	208  -  MemoryUsage of job (MB)
	212140  -  ResidentSetSize of job (KB)
...
006 (9018140.009.000) 01/06 12:18:53 Image size of job updated: 212160
	208  -  MemoryUsage of job (MB)
	212160  -  ResidentSetSize of job (KB)
...
006 (9018140.009.000) 01/06 12:28:54 Image size of job updated: 212180
	208  -  MemoryUsage of job (MB)
	212180  -  ResidentSetSize of job (KB)
...
006 (9018140.009.000) 01/06 12:30:27 Image size of job updated: 212188
	208  -  MemoryUsage of job (MB)
	212180  -  ResidentSetSize of job (KB)
...
040 (9018140.009.000) 01/06 12:30:27 Started transferring output files
...
040 (9018140.009.000) 01/06 12:30:28 Finished transferring output files
...
005 (9018140.009.000) 01/06 12:30:28 Job terminated.
	(1) Normal termination (return value 0)
		Usr 0 01:30:48, Sys 0 00:00:02  -  Run Remote Usage
		Usr 0 00:00:00, Sys 0 00:00:00  -  Run Local Usage
		Usr 0 01:30:48, Sys 0 00:00:02  -  Total Remote Usage
		Usr 0 00:00:00, Sys 0 00:00:00  -  Total Local Usage
	38687  -  Run Bytes Sent By Job
	21436  -  Run Bytes Received By Job
	38687  -  Total Bytes Sent By Job
	21436  -  Total Bytes Received By Job
	Partitionable Resources :    Usage  Request Allocated 
	   Cpus                 :     0.99        1         1 
	   Disk (KB)            :    86          22      3850 
	   GPUs                 :                           0 
	   Memory (MB)          :   208        3000      3000 
	   TimeExecute (s)      :  5518                       
	   TimeSlotBusy (s)     :  5521                       

	Job terminated of its own accord at 2026-01-06T11:30:27Z with exit-code 0.
...
