000 (9018140.062.000) 01/06 10:56:20 Job submitted from host: <188.185.6.50:9618?addrs=188.185.6.50-9618+[2001-1458-d00-62--100-2b1]-9618&alias=bigbird25.cern.ch&noUDP&sock=schedd_1627_90ad>
...
040 (9018140.062.000) 01/06 10:58:46 Started transferring input files
	Transferring to host: <188.185.208.205:9618?addrs=188.185.208.205-9618+[2001-1458-303-10--100-4a]-9618&alias=b9p10p8826.cern.ch&noUDP&sock=slot1_19_6711_41aa_99275>
...
040 (9018140.062.000) 01/06 10:58:46 Finished transferring input files
...
001 (9018140.062.000) 01/06 10:58:47 Job executing on host: <188.185.208.205:9618?addrs=188.185.208.205-9618+[2001-1458-303-10--100-4a]-9618&alias=b9p10p8826.cern.ch&noUDP&sock=startd_5670_ba13>
	SlotName: slot1_19@b9p10p8826.cern.ch
	CondorScratchDir = "/pool/condor/dir_2851618"
	Cpus = 1
	Disk = 3738
	GPUs = 0
	Memory = 3000
...
006 (9018140.062.000) 01/06 10:59:01 Image size of job updated: 96156
	94  -  MemoryUsage of job (MB)
	96156  -  ResidentSetSize of job (KB)
...
006 (9018140.062.000) 01/06 11:04:02 Image size of job updated: 204368
	200  -  MemoryUsage of job (MB)
	204368  -  ResidentSetSize of job (KB)
...
006 (9018140.062.000) 01/06 11:09:02 Image size of job updated: 204696
	200  -  MemoryUsage of job (MB)
	204696  -  ResidentSetSize of job (KB)
...
006 (9018140.062.000) 01/06 11:12:59 Image size of job updated: 204980
	200  -  MemoryUsage of job (MB)
	204696  -  ResidentSetSize of job (KB)
...
040 (9018140.062.000) 01/06 11:12:59 Started transferring output files
...
040 (9018140.062.000) 01/06 11:13:01 Finished transferring output files
...
005 (9018140.062.000) 01/06 11:13:01 Job terminated.
	(1) Normal termination (return value 0)
		Usr 0 00:13:11, Sys 0 00:00:01  -  Run Remote Usage
		Usr 0 00:00:00, Sys 0 00:00:00  -  Run Local Usage
		Usr 0 00:13:11, Sys 0 00:00:01  -  Total Remote Usage
		Usr 0 00:00:00, Sys 0 00:00:00  -  Total Local Usage
	34595  -  Run Bytes Sent By Job
	21436  -  Run Bytes Received By Job
	34595  -  Total Bytes Sent By Job
	21436  -  Total Bytes Received By Job
	Partitionable Resources :    Usage  Request Allocated 
	   Cpus                 :     0.99        1         1 
	   Disk (KB)            :    84          22      3738 
	   GPUs                 :                           0 
	   Memory (MB)          :   200        3000      3000 
	   TimeExecute (s)      :   852                       
	   TimeSlotBusy (s)     :   856                       

	Job terminated of its own accord at 2026-01-06T10:12:59Z with exit-code 0.
...
