000 (9018140.154.000) 01/06 10:56:22 Job submitted from host: <188.185.6.50:9618?addrs=188.185.6.50-9618+[2001-1458-d00-62--100-2b1]-9618&alias=bigbird25.cern.ch&noUDP&sock=schedd_1627_90ad>
...
040 (9018140.154.000) 01/06 10:59:16 Started transferring input files
	Transferring to host: <188.185.213.163:9618?addrs=188.185.213.163-9618+[2001-1458-303-1b--100-1f]-9618&alias=b9p28p6164.cern.ch&noUDP&sock=slot1_34_6185_a455_133512>
...
040 (9018140.154.000) 01/06 10:59:16 Finished transferring input files
...
001 (9018140.154.000) 01/06 10:59:17 Job executing on host: <188.185.213.163:9618?addrs=188.185.213.163-9618+[2001-1458-303-1b--100-1f]-9618&alias=b9p28p6164.cern.ch&noUDP&sock=startd_5450_d33d>
	SlotName: slot1_34@b9p28p6164.cern.ch
	CondorScratchDir = "/pool/condor/dir_3363463"
	Cpus = 1
	Disk = 3768
	GPUs = 0
	Memory = 3000
...
006 (9018140.154.000) 01/06 10:59:31 Image size of job updated: 252
	1  -  MemoryUsage of job (MB)
	252  -  ResidentSetSize of job (KB)
...
006 (9018140.154.000) 01/06 11:04:32 Image size of job updated: 203408
	199  -  MemoryUsage of job (MB)
	203408  -  ResidentSetSize of job (KB)
...
006 (9018140.154.000) 01/06 11:09:32 Image size of job updated: 213000
	209  -  MemoryUsage of job (MB)
	213000  -  ResidentSetSize of job (KB)
...
006 (9018140.154.000) 01/06 11:14:33 Image size of job updated: 213020
	209  -  MemoryUsage of job (MB)
	213020  -  ResidentSetSize of job (KB)
...
006 (9018140.154.000) 01/06 11:19:34 Image size of job updated: 213140
	209  -  MemoryUsage of job (MB)
	213140  -  ResidentSetSize of job (KB)
...
006 (9018140.154.000) 01/06 11:24:34 Image size of job updated: 213244
	209  -  MemoryUsage of job (MB)
	213244  -  ResidentSetSize of job (KB)
...
006 (9018140.154.000) 01/06 11:29:35 Image size of job updated: 213276
	209  -  MemoryUsage of job (MB)
	213276  -  ResidentSetSize of job (KB)
...
006 (9018140.154.000) 01/06 11:34:35 Image size of job updated: 213284
	209  -  MemoryUsage of job (MB)
	213284  -  ResidentSetSize of job (KB)
...
006 (9018140.154.000) 01/06 11:39:36 Image size of job updated: 213308
	209  -  MemoryUsage of job (MB)
	213308  -  ResidentSetSize of job (KB)
...
006 (9018140.154.000) 01/06 11:44:36 Image size of job updated: 213316
	209  -  MemoryUsage of job (MB)
	213316  -  ResidentSetSize of job (KB)
...
006 (9018140.154.000) 01/06 11:54:38 Image size of job updated: 213324
	209  -  MemoryUsage of job (MB)
	213324  -  ResidentSetSize of job (KB)
...
006 (9018140.154.000) 01/06 11:59:38 Image size of job updated: 213340
	209  -  MemoryUsage of job (MB)
	213340  -  ResidentSetSize of job (KB)
...
006 (9018140.154.000) 01/06 12:04:39 Image size of job updated: 213344
	209  -  MemoryUsage of job (MB)
	213344  -  ResidentSetSize of job (KB)
...
006 (9018140.154.000) 01/06 12:14:40 Image size of job updated: 213356
	209  -  MemoryUsage of job (MB)
	213356  -  ResidentSetSize of job (KB)
...
006 (9018140.154.000) 01/06 12:20:35 Image size of job updated: 214136
	209  -  MemoryUsage of job (MB)
	213356  -  ResidentSetSize of job (KB)
...
040 (9018140.154.000) 01/06 12:20:35 Started transferring output files
...
040 (9018140.154.000) 01/06 12:20:35 Finished transferring output files
...
005 (9018140.154.000) 01/06 12:20:35 Job terminated.
	(1) Normal termination (return value 0)
		Usr 0 01:18:17, Sys 0 00:00:05  -  Run Remote Usage
		Usr 0 00:00:00, Sys 0 00:00:00  -  Run Local Usage
		Usr 0 01:18:17, Sys 0 00:00:05  -  Total Remote Usage
		Usr 0 00:00:00, Sys 0 00:00:00  -  Total Local Usage
	40818  -  Run Bytes Sent By Job
	21436  -  Run Bytes Received By Job
	40818  -  Total Bytes Sent By Job
	21436  -  Total Bytes Received By Job
	Partitionable Resources :    Usage  Request Allocated 
	   Cpus                 :     0.99        1         1 
	   Disk (KB)            :    88          22      3768 
	   GPUs                 :                           0 
	   Memory (MB)          :   209        3000      3000 
	   TimeExecute (s)      :  4878                       
	   TimeSlotBusy (s)     :  4880                       

	Job terminated of its own accord at 2026-01-06T11:20:35Z with exit-code 0.
...
