000 (9018140.319.000) 01/06 10:56:32 Job submitted from host: <188.185.6.50:9618?addrs=188.185.6.50-9618+[2001-1458-d00-62--100-2b1]-9618&alias=bigbird25.cern.ch&noUDP&sock=schedd_1627_90ad>
...
040 (9018140.319.000) 01/06 11:00:07 Started transferring input files
	Transferring to host: <188.185.213.23:9618?addrs=188.185.213.23-9618+[2001-1458-303-1a--100-13]-9618&alias=b9p27p8195.cern.ch&noUDP&sock=slot1_16_993394_b085_34589>
...
040 (9018140.319.000) 01/06 11:00:07 Finished transferring input files
...
001 (9018140.319.000) 01/06 11:00:08 Job executing on host: <188.185.213.23:9618?addrs=188.185.213.23-9618+[2001-1458-303-1a--100-13]-9618&alias=b9p27p8195.cern.ch&noUDP&sock=startd_990263_a143>
	SlotName: slot1_16@b9p27p8195.cern.ch
	CondorScratchDir = "/pool/condor/dir_786088"
	Cpus = 1
	Disk = 3755
	GPUs = 0
	Memory = 3000
...
006 (9018140.319.000) 01/06 11:00:22 Image size of job updated: 93644
	92  -  MemoryUsage of job (MB)
	93644  -  ResidentSetSize of job (KB)
...
006 (9018140.319.000) 01/06 11:05:23 Image size of job updated: 196400
	192  -  MemoryUsage of job (MB)
	196400  -  ResidentSetSize of job (KB)
...
006 (9018140.319.000) 01/06 11:10:24 Image size of job updated: 205588
	201  -  MemoryUsage of job (MB)
	205588  -  ResidentSetSize of job (KB)
...
006 (9018140.319.000) 01/06 11:15:24 Image size of job updated: 208312
	204  -  MemoryUsage of job (MB)
	208312  -  ResidentSetSize of job (KB)
...
006 (9018140.319.000) 01/06 11:20:25 Image size of job updated: 208340
	204  -  MemoryUsage of job (MB)
	208340  -  ResidentSetSize of job (KB)
...
006 (9018140.319.000) 01/06 11:25:26 Image size of job updated: 208380
	204  -  MemoryUsage of job (MB)
	208380  -  ResidentSetSize of job (KB)
...
006 (9018140.319.000) 01/06 11:30:26 Image size of job updated: 208400
	204  -  MemoryUsage of job (MB)
	208400  -  ResidentSetSize of job (KB)
...
006 (9018140.319.000) 01/06 11:35:27 Image size of job updated: 208404
	204  -  MemoryUsage of job (MB)
	208404  -  ResidentSetSize of job (KB)
...
006 (9018140.319.000) 01/06 11:40:28 Image size of job updated: 208412
	204  -  MemoryUsage of job (MB)
	208412  -  ResidentSetSize of job (KB)
...
006 (9018140.319.000) 01/06 11:45:28 Image size of job updated: 208448
	204  -  MemoryUsage of job (MB)
	208448  -  ResidentSetSize of job (KB)
...
006 (9018140.319.000) 01/06 11:50:29 Image size of job updated: 208452
	204  -  MemoryUsage of job (MB)
	208452  -  ResidentSetSize of job (KB)
...
006 (9018140.319.000) 01/06 11:55:29 Image size of job updated: 208492
	204  -  MemoryUsage of job (MB)
	208492  -  ResidentSetSize of job (KB)
...
006 (9018140.319.000) 01/06 12:00:29 Image size of job updated: 208496
	204  -  MemoryUsage of job (MB)
	208496  -  ResidentSetSize of job (KB)
...
006 (9018140.319.000) 01/06 12:05:30 Image size of job updated: 208520
	204  -  MemoryUsage of job (MB)
	208520  -  ResidentSetSize of job (KB)
...
006 (9018140.319.000) 01/06 12:08:11 Image size of job updated: 208592
	204  -  MemoryUsage of job (MB)
	208520  -  ResidentSetSize of job (KB)
...
040 (9018140.319.000) 01/06 12:08:11 Started transferring output files
...
040 (9018140.319.000) 01/06 12:08:13 Finished transferring output files
...
005 (9018140.319.000) 01/06 12:08:13 Job terminated.
	(1) Normal termination (return value 0)
		Usr 0 01:05:29, Sys 0 00:00:06  -  Run Remote Usage
		Usr 0 00:00:00, Sys 0 00:00:00  -  Run Local Usage
		Usr 0 01:05:29, Sys 0 00:00:06  -  Total Remote Usage
		Usr 0 00:00:00, Sys 0 00:00:00  -  Total Local Usage
	39556  -  Run Bytes Sent By Job
	21436  -  Run Bytes Received By Job
	39556  -  Total Bytes Sent By Job
	21436  -  Total Bytes Received By Job
	Partitionable Resources :    Usage  Request Allocated 
	   Cpus                 :     0.99        1         1 
	   Disk (KB)            :    87          22      3755 
	   GPUs                 :                           0 
	   Memory (MB)          :   204        3000      3000 
	   TimeExecute (s)      :  4083                       
	   TimeSlotBusy (s)     :  4087                       

	Job terminated of its own accord at 2026-01-06T11:08:11Z with exit-code 0.
...
