i am in this directory
/pool/condor/dir_770414
Python 3.9.23
3.9.23
 will run this python stop_check_met_eff.py /eos/user/m/mleoncoe/stop_event_check/privateNanoAod2018/nanoAOD_178.root /afs/cern.ch/work/m/mleoncoe/private/stop_met_check/outputs_2018/nanoAOD_178.json
event num1000
event num2000
event num3000
event num4000
event num5000
R-hadrond found
R-hadrond found
event num6000
event num7000
event num8000
event num9000
event num10000
event num11000
event num12000
event num13000
event num14000
event num15000
event num16000
event num17000
event num18000
event num19000
event num20000
event num21000
event num22000
event num23000
event num24000
event num25000
event num26000
event num27000
event num28000
event num29000
event num30000
event num31000
event num32000
event num33000
event num34000
event num35000
event num36000
event num37000
event num38000
event num39000
event num40000
event num41000
event num42000
event num43000
event num44000
event num45000
event num46000
event num47000
event num48000
event num49000
event num50000
event num51000
event num52000
event num53000
event num54000
event num55000
event num56000
event num57000
event num58000
event num59000
event num60000
event num61000
event num62000
event num63000
event num64000
event num65000
event num66000
event num67000
event num68000
event num69000
event num70000
event num71000
event num72000
event num73000
event num74000
event num75000
event num76000
event num77000
event num78000
event num79000
event num80000
event num81000
event num82000
event num83000
event num84000
event num85000
event num86000
event num87000
event num88000
event num89000
event num90000
event num91000
event num92000
event num93000
event num94000
event num95000
event num96000
event num97000
event num98000
event num99000
event num100000
event num101000
event num102000
event num103000
event num104000
event num105000
event num106000
event num107000
event num108000
event num109000
event num110000
event num111000
event num112000
event num113000
event num114000
event num115000
event num116000
event num117000
event num118000
event num119000
event num120000
event num121000
event num122000
event num123000
event num124000
event num125000
event num126000
event num127000
event num128000
event num129000
event num130000
event num131000
event num132000
event num133000
event num134000
event num135000
event num136000
event num137000
event num138000
event num139000
event num140000
event num141000
event num142000
event num143000
event num144000
event num145000
event num146000
event num147000
event num148000
event num149000
event num150000
event num151000
event num152000
event num153000
event num154000
event num155000
event num156000
event num157000
event num158000
event num159000
event num160000
event num161000
event num162000
event num163000
event num164000
event num165000
event num166000
event num167000
event num168000
event num169000
event num170000
event num171000
event num172000
event num173000
event num174000
event num175000
event num176000
event num177000
event num178000
event num179000
event num180000
event num181000
event num182000
event num183000
event num184000
event num185000
event num186000
event num187000
event num188000
{'250_240': [0.0, 2069.0], '250_240_passing_MET': [0.0, 2003.0], '250_240_failing_MET': [0.0, 66.0], '250_240_min_MET_pt': [10000000.0, 35.76701736450195], '250_235': [0.0, 0.0], '250_235_passing_MET': [0.0, 0.0], '250_235_failing_MET': [0.0, 0.0], '250_235_min_MET_pt': [10000000.0, 10000000.0], '250_230': [0.0, 0.0], '250_230_passing_MET': [0.0, 0.0], '250_230_failing_MET': [0.0, 0.0], '250_230_min_MET_pt': [10000000.0, 10000000.0], '250_225': [736.0, 711.0], '250_225_passing_MET': [0.0, 0.0], '250_225_failing_MET': [0.0, 0.0], '250_225_min_MET_pt': [10000000.0, 10000000.0], '250_220': [0.0, 0.0], '250_220_passing_MET': [0.0, 0.0], '250_220_failing_MET': [0.0, 0.0], '250_220_min_MET_pt': [10000000.0, 10000000.0], '275_265': [1481.0, 1481.0], '275_265_passing_MET': [0.0, 0.0], '275_265_failing_MET': [0.0, 0.0], '275_265_min_MET_pt': [10000000.0, 10000000.0], '275_260': [0.0, 1441.0], '275_260_passing_MET': [0.0, 1387.0], '275_260_failing_MET': [0.0, 54.0], '275_260_min_MET_pt': [10000000.0, 33.94916915893555], '275_255': [0.0, 0.0], '275_255_passing_MET': [0.0, 0.0], '275_255_failing_MET': [0.0, 0.0], '275_255_min_MET_pt': [10000000.0, 10000000.0], '275_250': [0.0, 0.0], '275_250_passing_MET': [0.0, 0.0], '275_250_failing_MET': [0.0, 0.0], '275_250_min_MET_pt': [10000000.0, 10000000.0], '275_245': [0.0, 783.0], '275_245_passing_MET': [0.0, 745.0], '275_245_failing_MET': [0.0, 38.0], '275_245_min_MET_pt': [10000000.0, 25.387020111083984], '300_290': [1499.0, 755.0], '300_290_passing_MET': [0.0, 0.0], '300_290_failing_MET': [0.0, 0.0], '300_290_min_MET_pt': [10000000.0, 10000000.0], '300_285': [0.0, 0.0], '300_285_passing_MET': [0.0, 0.0], '300_285_failing_MET': [0.0, 0.0], '300_285_min_MET_pt': [10000000.0, 10000000.0], '300_280': [800.0, 0.0], '300_280_passing_MET': [758.0, 0.0], '300_280_failing_MET': [42.0, 0.0], '300_280_min_MET_pt': [48.77916717529297, 10000000.0], '300_275': [0.0, 0.0], '300_275_passing_MET': [0.0, 0.0], '300_275_failing_MET': [0.0, 0.0], '300_275_min_MET_pt': [10000000.0, 10000000.0], '300_270': [0.0, 0.0], '300_270_passing_MET': [0.0, 0.0], '300_270_failing_MET': [0.0, 0.0], '300_270_min_MET_pt': [10000000.0, 10000000.0], '325_315': [2314.0, 809.0], '325_315_passing_MET': [0.0, 0.0], '325_315_failing_MET': [0.0, 0.0], '325_315_min_MET_pt': [10000000.0, 10000000.0], '325_310': [837.0, 0.0], '325_310_passing_MET': [811.0, 0.0], '325_310_failing_MET': [26.0, 0.0], '325_310_min_MET_pt': [33.868656158447266, 10000000.0], '325_305': [0.0, 0.0], '325_305_passing_MET': [0.0, 0.0], '325_305_failing_MET': [0.0, 0.0], '325_305_min_MET_pt': [10000000.0, 10000000.0], '325_300': [0.0, 852.0], '325_300_passing_MET': [0.0, 823.0], '325_300_failing_MET': [0.0, 29.0], '325_300_min_MET_pt': [10000000.0, 37.88581466674805], '325_295': [1794.0, 881.0], '325_295_passing_MET': [0.0, 0.0], '325_295_failing_MET': [0.0, 0.0], '325_295_min_MET_pt': [10000000.0, 10000000.0], '350_340': [853.0, 0.0], '350_340_passing_MET': [815.0, 0.0], '350_340_failing_MET': [38.0, 0.0], '350_340_min_MET_pt': [17.69417953491211, 10000000.0], '350_335': [0.0, 0.0], '350_335_passing_MET': [0.0, 0.0], '350_335_failing_MET': [0.0, 0.0], '350_335_min_MET_pt': [10000000.0, 10000000.0], '350_330': [871.0, 0.0], '350_330_passing_MET': [841.0, 0.0], '350_330_failing_MET': [30.0, 0.0], '350_330_min_MET_pt': [9.46703815460205, 10000000.0], '350_325': [900.0, 0.0], '350_325_passing_MET': [853.0, 0.0], '350_325_failing_MET': [47.0, 0.0], '350_325_min_MET_pt': [22.34648895263672, 10000000.0], '350_320': [0.0, 0.0], '350_320_passing_MET': [0.0, 0.0], '350_320_failing_MET': [0.0, 0.0], '350_320_min_MET_pt': [10000000.0, 10000000.0], '375_365': [858.0, 1689.0], '375_365_passing_MET': [0.0, 0.0], '375_365_failing_MET': [0.0, 0.0], '375_365_min_MET_pt': [10000000.0, 10000000.0], '375_360': [908.0, 844.0], '375_360_passing_MET': [0.0, 0.0], '375_360_failing_MET': [0.0, 0.0], '375_360_min_MET_pt': [10000000.0, 10000000.0], '375_355': [0.0, 0.0], '375_355_passing_MET': [0.0, 0.0], '375_355_failing_MET': [0.0, 0.0], '375_355_min_MET_pt': [10000000.0, 10000000.0], '375_350': [892.0, 0.0], '375_350_passing_MET': [850.0, 0.0], '375_350_failing_MET': [42.0, 0.0], '375_350_min_MET_pt': [31.023591995239258, 10000000.0], '375_345': [0.0, 913.0], '375_345_passing_MET': [0.0, 876.0], '375_345_failing_MET': [0.0, 37.0], '375_345_min_MET_pt': [10000000.0, 19.19349479675293], '400_390': [890.0, 5370.0], '400_390_passing_MET': [0.0, 0.0], '400_390_failing_MET': [0.0, 0.0], '400_390_min_MET_pt': [10000000.0, 10000000.0], '400_385': [0.0, 896.0], '400_385_passing_MET': [0.0, 867.0], '400_385_failing_MET': [0.0, 29.0], '400_385_min_MET_pt': [10000000.0, 32.825626373291016], '400_380': [1827.0, 897.0], '400_380_passing_MET': [0.0, 0.0], '400_380_failing_MET': [0.0, 0.0], '400_380_min_MET_pt': [10000000.0, 10000000.0], '400_375': [868.0, 926.0], '400_375_passing_MET': [0.0, 0.0], '400_375_failing_MET': [0.0, 0.0], '400_375_min_MET_pt': [10000000.0, 10000000.0], '400_370': [0.0, 0.0], '400_370_passing_MET': [0.0, 0.0], '400_370_failing_MET': [0.0, 0.0], '400_370_min_MET_pt': [10000000.0, 10000000.0], '425_415': [942.0, 1711.0], '425_415_passing_MET': [0.0, 0.0], '425_415_failing_MET': [0.0, 0.0], '425_415_min_MET_pt': [10000000.0, 10000000.0], '425_410': [0.0, 0.0], '425_410_passing_MET': [0.0, 0.0], '425_410_failing_MET': [0.0, 0.0], '425_410_min_MET_pt': [10000000.0, 10000000.0], '425_405': [0.0, 0.0], '425_405_passing_MET': [0.0, 0.0], '425_405_failing_MET': [0.0, 0.0], '425_405_min_MET_pt': [10000000.0, 10000000.0], '425_400': [1933.0, 0.0], '425_400_passing_MET': [1860.0, 0.0], '425_400_failing_MET': [73.0, 0.0], '425_400_min_MET_pt': [9.4906644821167, 10000000.0], '425_395': [1862.0, 0.0], '425_395_passing_MET': [1784.0, 0.0], '425_395_failing_MET': [78.0, 0.0], '425_395_min_MET_pt': [11.829509735107422, 10000000.0], '450_440': [0.0, 0.0], '450_440_passing_MET': [0.0, 0.0], '450_440_failing_MET': [0.0, 0.0], '450_440_min_MET_pt': [10000000.0, 10000000.0], '450_435': [0.0, 0.0], '450_435_passing_MET': [0.0, 0.0], '450_435_failing_MET': [0.0, 0.0], '450_435_min_MET_pt': [10000000.0, 10000000.0], '450_430': [0.0, 0.0], '450_430_passing_MET': [0.0, 0.0], '450_430_failing_MET': [0.0, 0.0], '450_430_min_MET_pt': [10000000.0, 10000000.0], '450_425': [0.0, 0.0], '450_425_passing_MET': [0.0, 0.0], '450_425_failing_MET': [0.0, 0.0], '450_425_min_MET_pt': [10000000.0, 10000000.0], '450_420': [960.0, 977.0], '450_420_passing_MET': [0.0, 0.0], '450_420_failing_MET': [0.0, 0.0], '450_420_min_MET_pt': [10000000.0, 10000000.0], '475_465': [894.0, 0.0], '475_465_passing_MET': [869.0, 0.0], '475_465_failing_MET': [25.0, 0.0], '475_465_min_MET_pt': [20.562030792236328, 10000000.0], '475_460': [932.0, 904.0], '475_460_passing_MET': [0.0, 0.0], '475_460_failing_MET': [0.0, 0.0], '475_460_min_MET_pt': [10000000.0, 10000000.0], '475_455': [0.0, 0.0], '475_455_passing_MET': [0.0, 0.0], '475_455_failing_MET': [0.0, 0.0], '475_455_min_MET_pt': [10000000.0, 10000000.0], '475_450': [0.0, 982.0], '475_450_passing_MET': [0.0, 947.0], '475_450_failing_MET': [0.0, 35.0], '475_450_min_MET_pt': [10000000.0, 38.796112060546875], '475_445': [1059.0, 2002.0], '475_445_passing_MET': [0.0, 0.0], '475_445_failing_MET': [0.0, 0.0], '475_445_min_MET_pt': [10000000.0, 10000000.0], '500_490': [0.0, 953.0], '500_490_passing_MET': [0.0, 928.0], '500_490_failing_MET': [0.0, 25.0], '500_490_min_MET_pt': [10000000.0, 23.871440887451172], '500_485': [0.0, 0.0], '500_485_passing_MET': [0.0, 0.0], '500_485_failing_MET': [0.0, 0.0], '500_485_min_MET_pt': [10000000.0, 10000000.0], '500_480': [0.0, 990.0], '500_480_passing_MET': [0.0, 958.0], '500_480_failing_MET': [0.0, 32.0], '500_480_min_MET_pt': [10000000.0, 27.040367126464844], '500_475': [0.0, 0.0], '500_475_passing_MET': [0.0, 0.0], '500_475_failing_MET': [0.0, 0.0], '500_475_min_MET_pt': [10000000.0, 10000000.0], '500_470': [0.0, 0.0], '500_470_passing_MET': [0.0, 0.0], '500_470_failing_MET': [0.0, 0.0], '500_470_min_MET_pt': [10000000.0, 10000000.0], '525_515': [0.0, 0.0], '525_515_passing_MET': [0.0, 0.0], '525_515_failing_MET': [0.0, 0.0], '525_515_min_MET_pt': [10000000.0, 10000000.0], '525_510': [0.0, 0.0], '525_510_passing_MET': [0.0, 0.0], '525_510_failing_MET': [0.0, 0.0], '525_510_min_MET_pt': [10000000.0, 10000000.0], '525_505': [0.0, 0.0], '525_505_passing_MET': [0.0, 0.0], '525_505_failing_MET': [0.0, 0.0], '525_505_min_MET_pt': [10000000.0, 10000000.0], '525_500': [0.0, 0.0], '525_500_passing_MET': [0.0, 0.0], '525_500_failing_MET': [0.0, 0.0], '525_500_min_MET_pt': [10000000.0, 10000000.0], '525_495': [0.0, 0.0], '525_495_passing_MET': [0.0, 0.0], '525_495_failing_MET': [0.0, 0.0], '525_495_min_MET_pt': [10000000.0, 10000000.0], '550_540': [1907.0, 3807.0], '550_540_passing_MET': [0.0, 0.0], '550_540_failing_MET': [0.0, 0.0], '550_540_min_MET_pt': [10000000.0, 10000000.0], '550_535': [0.0, 883.0], '550_535_passing_MET': [0.0, 842.0], '550_535_failing_MET': [0.0, 41.0], '550_535_min_MET_pt': [10000000.0, 50.760704040527344], '550_530': [0.0, 0.0], '550_530_passing_MET': [0.0, 0.0], '550_530_failing_MET': [0.0, 0.0], '550_530_min_MET_pt': [10000000.0, 10000000.0], '550_525': [0.0, 0.0], '550_525_passing_MET': [0.0, 0.0], '550_525_failing_MET': [0.0, 0.0], '550_525_min_MET_pt': [10000000.0, 10000000.0], '550_520': [0.0, 0.0], '550_520_passing_MET': [0.0, 0.0], '550_520_failing_MET': [0.0, 0.0], '550_520_min_MET_pt': [10000000.0, 10000000.0], '575_565': [0.0, 0.0], '575_565_passing_MET': [0.0, 0.0], '575_565_failing_MET': [0.0, 0.0], '575_565_min_MET_pt': [10000000.0, 10000000.0], '575_560': [0.0, 0.0], '575_560_passing_MET': [0.0, 0.0], '575_560_failing_MET': [0.0, 0.0], '575_560_min_MET_pt': [10000000.0, 10000000.0], '575_555': [0.0, 0.0], '575_555_passing_MET': [0.0, 0.0], '575_555_failing_MET': [0.0, 0.0], '575_555_min_MET_pt': [10000000.0, 10000000.0], '575_550': [0.0, 0.0], '575_550_passing_MET': [0.0, 0.0], '575_550_failing_MET': [0.0, 0.0], '575_550_min_MET_pt': [10000000.0, 10000000.0], '575_545': [0.0, 0.0], '575_545_passing_MET': [0.0, 0.0], '575_545_failing_MET': [0.0, 0.0], '575_545_min_MET_pt': [10000000.0, 10000000.0], '600_590': [999.0, 1020.0], '600_590_passing_MET': [0.0, 0.0], '600_590_failing_MET': [0.0, 0.0], '600_590_min_MET_pt': [10000000.0, 10000000.0], '600_585': [0.0, 0.0], '600_585_passing_MET': [0.0, 0.0], '600_585_failing_MET': [0.0, 0.0], '600_585_min_MET_pt': [10000000.0, 10000000.0], '600_580': [0.0, 0.0], '600_580_passing_MET': [0.0, 0.0], '600_580_failing_MET': [0.0, 0.0], '600_580_min_MET_pt': [10000000.0, 10000000.0], '600_575': [0.0, 921.0], '600_575_passing_MET': [0.0, 891.0], '600_575_failing_MET': [0.0, 30.0], '600_575_min_MET_pt': [10000000.0, 41.109066009521484], '600_570': [1071.0, 0.0], '600_570_passing_MET': [1020.0, 0.0], '600_570_failing_MET': [51.0, 0.0], '600_570_min_MET_pt': [19.948902130126953, 10000000.0], '625_615': [0.0, 0.0], '625_615_passing_MET': [0.0, 0.0], '625_615_failing_MET': [0.0, 0.0], '625_615_min_MET_pt': [10000000.0, 10000000.0], '625_610': [0.0, 0.0], '625_610_passing_MET': [0.0, 0.0], '625_610_failing_MET': [0.0, 0.0], '625_610_min_MET_pt': [10000000.0, 10000000.0], '625_605': [0.0, 0.0], '625_605_passing_MET': [0.0, 0.0], '625_605_failing_MET': [0.0, 0.0], '625_605_min_MET_pt': [10000000.0, 10000000.0], '625_600': [0.0, 0.0], '625_600_passing_MET': [0.0, 0.0], '625_600_failing_MET': [0.0, 0.0], '625_600_min_MET_pt': [10000000.0, 10000000.0], '625_595': [0.0, 0.0], '625_595_passing_MET': [0.0, 0.0], '625_595_failing_MET': [0.0, 0.0], '625_595_min_MET_pt': [10000000.0, 10000000.0], '650_640': [1983.0, 2000.0], '650_640_passing_MET': [0.0, 0.0], '650_640_failing_MET': [0.0, 0.0], '650_640_min_MET_pt': [10000000.0, 10000000.0], '650_635': [0.0, 920.0], '650_635_passing_MET': [0.0, 898.0], '650_635_failing_MET': [0.0, 22.0], '650_635_min_MET_pt': [10000000.0, 39.918487548828125], '650_630': [0.0, 0.0], '650_630_passing_MET': [0.0, 0.0], '650_630_failing_MET': [0.0, 0.0], '650_630_min_MET_pt': [10000000.0, 10000000.0], '650_625': [0.0, 902.0], '650_625_passing_MET': [0.0, 874.0], '650_625_failing_MET': [0.0, 28.0], '650_625_min_MET_pt': [10000000.0, 51.096900939941406], '650_620': [0.0, 0.0], '650_620_passing_MET': [0.0, 0.0], '650_620_failing_MET': [0.0, 0.0], '650_620_min_MET_pt': [10000000.0, 10000000.0], '675_665': [0.0, 0.0], '675_665_passing_MET': [0.0, 0.0], '675_665_failing_MET': [0.0, 0.0], '675_665_min_MET_pt': [10000000.0, 10000000.0], '675_660': [0.0, 0.0], '675_660_passing_MET': [0.0, 0.0], '675_660_failing_MET': [0.0, 0.0], '675_660_min_MET_pt': [10000000.0, 10000000.0], '675_655': [0.0, 0.0], '675_655_passing_MET': [0.0, 0.0], '675_655_failing_MET': [0.0, 0.0], '675_655_min_MET_pt': [10000000.0, 10000000.0], '675_650': [0.0, 0.0], '675_650_passing_MET': [0.0, 0.0], '675_650_failing_MET': [0.0, 0.0], '675_650_min_MET_pt': [10000000.0, 10000000.0], '675_645': [0.0, 0.0], '675_645_passing_MET': [0.0, 0.0], '675_645_failing_MET': [0.0, 0.0], '675_645_min_MET_pt': [10000000.0, 10000000.0], '700_690': [2167.0, 1047.0], '700_690_passing_MET': [0.0, 0.0], '700_690_failing_MET': [0.0, 0.0], '700_690_min_MET_pt': [10000000.0, 10000000.0], '700_685': [0.0, 0.0], '700_685_passing_MET': [0.0, 0.0], '700_685_failing_MET': [0.0, 0.0], '700_685_min_MET_pt': [10000000.0, 10000000.0], '700_680': [1093.0, 0.0], '700_680_passing_MET': [1061.0, 0.0], '700_680_failing_MET': [32.0, 0.0], '700_680_min_MET_pt': [58.30033874511719, 10000000.0], '700_675': [0.0, 0.0], '700_675_passing_MET': [0.0, 0.0], '700_675_failing_MET': [0.0, 0.0], '700_675_min_MET_pt': [10000000.0, 10000000.0], '700_670': [0.0, 1108.0], '700_670_passing_MET': [0.0, 1067.0], '700_670_failing_MET': [0.0, 41.0], '700_670_min_MET_pt': [10000000.0, 45.53403091430664], '725_715': [0.0, 0.0], '725_715_passing_MET': [0.0, 0.0], '725_715_failing_MET': [0.0, 0.0], '725_715_min_MET_pt': [10000000.0, 10000000.0], '725_710': [0.0, 0.0], '725_710_passing_MET': [0.0, 0.0], '725_710_failing_MET': [0.0, 0.0], '725_710_min_MET_pt': [10000000.0, 10000000.0], '725_705': [0.0, 0.0], '725_705_passing_MET': [0.0, 0.0], '725_705_failing_MET': [0.0, 0.0], '725_705_min_MET_pt': [10000000.0, 10000000.0], '725_700': [0.0, 0.0], '725_700_passing_MET': [0.0, 0.0], '725_700_failing_MET': [0.0, 0.0], '725_700_min_MET_pt': [10000000.0, 10000000.0], '725_695': [0.0, 0.0], '725_695_passing_MET': [0.0, 0.0], '725_695_failing_MET': [0.0, 0.0], '725_695_min_MET_pt': [10000000.0, 10000000.0], '750_740': [1028.0, 1092.0], '750_740_passing_MET': [0.0, 0.0], '750_740_failing_MET': [0.0, 0.0], '750_740_min_MET_pt': [10000000.0, 10000000.0], '750_735': [959.0, 0.0], '750_735_passing_MET': [937.0, 0.0], '750_735_failing_MET': [22.0, 0.0], '750_735_min_MET_pt': [52.39806365966797, 10000000.0], '750_730': [0.0, 0.0], '750_730_passing_MET': [0.0, 0.0], '750_730_failing_MET': [0.0, 0.0], '750_730_min_MET_pt': [10000000.0, 10000000.0], '750_725': [0.0, 0.0], '750_725_passing_MET': [0.0, 0.0], '750_725_failing_MET': [0.0, 0.0], '750_725_min_MET_pt': [10000000.0, 10000000.0], '750_720': [0.0, 0.0], '750_720_passing_MET': [0.0, 0.0], '750_720_failing_MET': [0.0, 0.0], '750_720_min_MET_pt': [10000000.0, 10000000.0], '775_765': [0.0, 0.0], '775_765_passing_MET': [0.0, 0.0], '775_765_failing_MET': [0.0, 0.0], '775_765_min_MET_pt': [10000000.0, 10000000.0], '775_760': [0.0, 0.0], '775_760_passing_MET': [0.0, 0.0], '775_760_failing_MET': [0.0, 0.0], '775_760_min_MET_pt': [10000000.0, 10000000.0], '775_755': [0.0, 0.0], '775_755_passing_MET': [0.0, 0.0], '775_755_failing_MET': [0.0, 0.0], '775_755_min_MET_pt': [10000000.0, 10000000.0], '775_750': [0.0, 0.0], '775_750_passing_MET': [0.0, 0.0], '775_750_failing_MET': [0.0, 0.0], '775_750_min_MET_pt': [10000000.0, 10000000.0], '775_745': [0.0, 0.0], '775_745_passing_MET': [0.0, 0.0], '775_745_failing_MET': [0.0, 0.0], '775_745_min_MET_pt': [10000000.0, 10000000.0], '800_790': [1083.0, 0.0], '800_790_passing_MET': [1068.0, 0.0], '800_790_failing_MET': [15.0, 0.0], '800_790_min_MET_pt': [36.71028137207031, 10000000.0], '800_785': [0.0, 0.0], '800_785_passing_MET': [0.0, 0.0], '800_785_failing_MET': [0.0, 0.0], '800_785_min_MET_pt': [10000000.0, 10000000.0], '800_780': [0.0, 0.0], '800_780_passing_MET': [0.0, 0.0], '800_780_failing_MET': [0.0, 0.0], '800_780_min_MET_pt': [10000000.0, 10000000.0], '800_775': [0.0, 948.0], '800_775_passing_MET': [0.0, 925.0], '800_775_failing_MET': [0.0, 23.0], '800_775_min_MET_pt': [10000000.0, 55.01192092895508], '800_770': [0.0, 1196.0], '800_770_passing_MET': [0.0, 1162.0], '800_770_failing_MET': [0.0, 34.0], '800_770_min_MET_pt': [10000000.0, 49.22604751586914], '825_815': [0.0, 0.0], '825_815_passing_MET': [0.0, 0.0], '825_815_failing_MET': [0.0, 0.0], '825_815_min_MET_pt': [10000000.0, 10000000.0], '825_810': [0.0, 0.0], '825_810_passing_MET': [0.0, 0.0], '825_810_failing_MET': [0.0, 0.0], '825_810_min_MET_pt': [10000000.0, 10000000.0], '825_805': [0.0, 0.0], '825_805_passing_MET': [0.0, 0.0], '825_805_failing_MET': [0.0, 0.0], '825_805_min_MET_pt': [10000000.0, 10000000.0], '825_800': [0.0, 0.0], '825_800_passing_MET': [0.0, 0.0], '825_800_failing_MET': [0.0, 0.0], '825_800_min_MET_pt': [10000000.0, 10000000.0], '825_795': [0.0, 0.0], '825_795_passing_MET': [0.0, 0.0], '825_795_failing_MET': [0.0, 0.0], '825_795_min_MET_pt': [10000000.0, 10000000.0], '850_840': [2205.0, 1090.0], '850_840_passing_MET': [0.0, 0.0], '850_840_failing_MET': [0.0, 0.0], '850_840_min_MET_pt': [10000000.0, 10000000.0], '850_835': [0.0, 0.0], '850_835_passing_MET': [0.0, 0.0], '850_835_failing_MET': [0.0, 0.0], '850_835_min_MET_pt': [10000000.0, 10000000.0], '850_830': [0.0, 1187.0], '850_830_passing_MET': [0.0, 1154.0], '850_830_failing_MET': [0.0, 33.0], '850_830_min_MET_pt': [10000000.0, 37.18595504760742], '850_825': [1879.0, 0.0], '850_825_passing_MET': [1826.0, 0.0], '850_825_failing_MET': [53.0, 0.0], '850_825_min_MET_pt': [18.046348571777344, 10000000.0], '850_820': [0.0, 0.0], '850_820_passing_MET': [0.0, 0.0], '850_820_failing_MET': [0.0, 0.0], '850_820_min_MET_pt': [10000000.0, 10000000.0], '875_865': [0.0, 0.0], '875_865_passing_MET': [0.0, 0.0], '875_865_failing_MET': [0.0, 0.0], '875_865_min_MET_pt': [10000000.0, 10000000.0], '875_860': [0.0, 0.0], '875_860_passing_MET': [0.0, 0.0], '875_860_failing_MET': [0.0, 0.0], '875_860_min_MET_pt': [10000000.0, 10000000.0], '875_855': [0.0, 0.0], '875_855_passing_MET': [0.0, 0.0], '875_855_failing_MET': [0.0, 0.0], '875_855_min_MET_pt': [10000000.0, 10000000.0], '875_850': [0.0, 0.0], '875_850_passing_MET': [0.0, 0.0], '875_850_failing_MET': [0.0, 0.0], '875_850_min_MET_pt': [10000000.0, 10000000.0], '875_845': [0.0, 0.0], '875_845_passing_MET': [0.0, 0.0], '875_845_failing_MET': [0.0, 0.0], '875_845_min_MET_pt': [10000000.0, 10000000.0], '900_890': [0.0, 4315.0], '900_890_passing_MET': [0.0, 4218.0], '900_890_failing_MET': [0.0, 97.0], '900_890_min_MET_pt': [10000000.0, 29.093313217163086], '900_885': [0.0, 0.0], '900_885_passing_MET': [0.0, 0.0], '900_885_failing_MET': [0.0, 0.0], '900_885_min_MET_pt': [10000000.0, 10000000.0], '900_880': [0.0, 0.0], '900_880_passing_MET': [0.0, 0.0], '900_880_failing_MET': [0.0, 0.0], '900_880_min_MET_pt': [10000000.0, 10000000.0], '900_875': [0.0, 0.0], '900_875_passing_MET': [0.0, 0.0], '900_875_failing_MET': [0.0, 0.0], '900_875_min_MET_pt': [10000000.0, 10000000.0], '900_870': [0.0, 1191.0], '900_870_passing_MET': [0.0, 1157.0], '900_870_failing_MET': [0.0, 34.0], '900_870_min_MET_pt': [10000000.0, 19.99368667602539], '925_915': [0.0, 0.0], '925_915_passing_MET': [0.0, 0.0], '925_915_failing_MET': [0.0, 0.0], '925_915_min_MET_pt': [10000000.0, 10000000.0], '925_910': [0.0, 0.0], '925_910_passing_MET': [0.0, 0.0], '925_910_failing_MET': [0.0, 0.0], '925_910_min_MET_pt': [10000000.0, 10000000.0], '925_905': [0.0, 0.0], '925_905_passing_MET': [0.0, 0.0], '925_905_failing_MET': [0.0, 0.0], '925_905_min_MET_pt': [10000000.0, 10000000.0], '925_900': [0.0, 0.0], '925_900_passing_MET': [0.0, 0.0], '925_900_failing_MET': [0.0, 0.0], '925_900_min_MET_pt': [10000000.0, 10000000.0], '925_895': [0.0, 0.0], '925_895_passing_MET': [0.0, 0.0], '925_895_failing_MET': [0.0, 0.0], '925_895_min_MET_pt': [10000000.0, 10000000.0], '950_940': [3290.0, 2202.0], '950_940_passing_MET': [0.0, 0.0], '950_940_failing_MET': [0.0, 0.0], '950_940_min_MET_pt': [10000000.0, 10000000.0], '950_935': [992.0, 0.0], '950_935_passing_MET': [972.0, 0.0], '950_935_failing_MET': [20.0, 0.0], '950_935_min_MET_pt': [9.997310638427734, 10000000.0], '950_930': [0.0, 0.0], '950_930_passing_MET': [0.0, 0.0], '950_930_failing_MET': [0.0, 0.0], '950_930_min_MET_pt': [10000000.0, 10000000.0], '950_925': [0.0, 968.0], '950_925_passing_MET': [0.0, 944.0], '950_925_failing_MET': [0.0, 24.0], '950_925_min_MET_pt': [10000000.0, 13.335784912109375], '950_920': [1205.0, 0.0], '950_920_passing_MET': [1178.0, 0.0], '950_920_failing_MET': [27.0, 0.0], '950_920_min_MET_pt': [38.03993225097656, 10000000.0], '975_965': [0.0, 0.0], '975_965_passing_MET': [0.0, 0.0], '975_965_failing_MET': [0.0, 0.0], '975_965_min_MET_pt': [10000000.0, 10000000.0], '975_960': [0.0, 0.0], '975_960_passing_MET': [0.0, 0.0], '975_960_failing_MET': [0.0, 0.0], '975_960_min_MET_pt': [10000000.0, 10000000.0], '975_955': [0.0, 0.0], '975_955_passing_MET': [0.0, 0.0], '975_955_failing_MET': [0.0, 0.0], '975_955_min_MET_pt': [10000000.0, 10000000.0], '975_950': [0.0, 0.0], '975_950_passing_MET': [0.0, 0.0], '975_950_failing_MET': [0.0, 0.0], '975_950_min_MET_pt': [10000000.0, 10000000.0], '975_945': [0.0, 0.0], '975_945_passing_MET': [0.0, 0.0], '975_945_failing_MET': [0.0, 0.0], '975_945_min_MET_pt': [10000000.0, 10000000.0], '1000_990': [0.0, 1121.0], '1000_990_passing_MET': [0.0, 1099.0], '1000_990_failing_MET': [0.0, 22.0], '1000_990_min_MET_pt': [10000000.0, 36.557010650634766], '1000_985': [0.0, 0.0], '1000_985_passing_MET': [0.0, 0.0], '1000_985_failing_MET': [0.0, 0.0], '1000_985_min_MET_pt': [10000000.0, 10000000.0], '1000_980': [0.0, 0.0], '1000_980_passing_MET': [0.0, 0.0], '1000_980_failing_MET': [0.0, 0.0], '1000_980_min_MET_pt': [10000000.0, 10000000.0], '1000_975': [0.0, 984.0], '1000_975_passing_MET': [0.0, 954.0], '1000_975_failing_MET': [0.0, 30.0], '1000_975_min_MET_pt': [10000000.0, 32.935157775878906], '1000_970': [1177.0, 0.0], '1000_970_passing_MET': [1148.0, 0.0], '1000_970_failing_MET': [29.0, 0.0], '1000_970_min_MET_pt': [29.836471557617188, 10000000.0], '1025_1015': [0.0, 0.0], '1025_1015_passing_MET': [0.0, 0.0], '1025_1015_failing_MET': [0.0, 0.0], '1025_1015_min_MET_pt': [10000000.0, 10000000.0], '1025_1010': [0.0, 0.0], '1025_1010_passing_MET': [0.0, 0.0], '1025_1010_failing_MET': [0.0, 0.0], '1025_1010_min_MET_pt': [10000000.0, 10000000.0], '1025_1005': [0.0, 0.0], '1025_1005_passing_MET': [0.0, 0.0], '1025_1005_failing_MET': [0.0, 0.0], '1025_1005_min_MET_pt': [10000000.0, 10000000.0], '1025_1000': [0.0, 0.0], '1025_1000_passing_MET': [0.0, 0.0], '1025_1000_failing_MET': [0.0, 0.0], '1025_1000_min_MET_pt': [10000000.0, 10000000.0], '1025_995': [0.0, 0.0], '1025_995_passing_MET': [0.0, 0.0], '1025_995_failing_MET': [0.0, 0.0], '1025_995_min_MET_pt': [10000000.0, 10000000.0], '1050_1040': [0.0, 0.0], '1050_1040_passing_MET': [0.0, 0.0], '1050_1040_failing_MET': [0.0, 0.0], '1050_1040_min_MET_pt': [10000000.0, 10000000.0], '1050_1035': [0.0, 0.0], '1050_1035_passing_MET': [0.0, 0.0], '1050_1035_failing_MET': [0.0, 0.0], '1050_1035_min_MET_pt': [10000000.0, 10000000.0], '1050_1030': [0.0, 0.0], '1050_1030_passing_MET': [0.0, 0.0], '1050_1030_failing_MET': [0.0, 0.0], '1050_1030_min_MET_pt': [10000000.0, 10000000.0], '1050_1025': [0.0, 0.0], '1050_1025_passing_MET': [0.0, 0.0], '1050_1025_failing_MET': [0.0, 0.0], '1050_1025_min_MET_pt': [10000000.0, 10000000.0], '1050_1020': [0.0, 0.0], '1050_1020_passing_MET': [0.0, 0.0], '1050_1020_failing_MET': [0.0, 0.0], '1050_1020_min_MET_pt': [10000000.0, 10000000.0], '1075_1065': [0.0, 0.0], '1075_1065_passing_MET': [0.0, 0.0], '1075_1065_failing_MET': [0.0, 0.0], '1075_1065_min_MET_pt': [10000000.0, 10000000.0], '1075_1060': [0.0, 0.0], '1075_1060_passing_MET': [0.0, 0.0], '1075_1060_failing_MET': [0.0, 0.0], '1075_1060_min_MET_pt': [10000000.0, 10000000.0], '1075_1055': [0.0, 0.0], '1075_1055_passing_MET': [0.0, 0.0], '1075_1055_failing_MET': [0.0, 0.0], '1075_1055_min_MET_pt': [10000000.0, 10000000.0], '1075_1050': [0.0, 0.0], '1075_1050_passing_MET': [0.0, 0.0], '1075_1050_failing_MET': [0.0, 0.0], '1075_1050_min_MET_pt': [10000000.0, 10000000.0], '1075_1045': [0.0, 0.0], '1075_1045_passing_MET': [0.0, 0.0], '1075_1045_failing_MET': [0.0, 0.0], '1075_1045_min_MET_pt': [10000000.0, 10000000.0], '1100_1090': [0.0, 1035.0], '1100_1090_passing_MET': [0.0, 1012.0], '1100_1090_failing_MET': [0.0, 23.0], '1100_1090_min_MET_pt': [10000000.0, 33.110408782958984], '1100_1085': [1052.0, 0.0], '1100_1085_passing_MET': [1028.0, 0.0], '1100_1085_failing_MET': [24.0, 0.0], '1100_1085_min_MET_pt': [19.06630516052246, 10000000.0], '1100_1080': [0.0, 0.0], '1100_1080_passing_MET': [0.0, 0.0], '1100_1080_failing_MET': [0.0, 0.0], '1100_1080_min_MET_pt': [10000000.0, 10000000.0], '1100_1075': [0.0, 1046.0], '1100_1075_passing_MET': [0.0, 1026.0], '1100_1075_failing_MET': [0.0, 20.0], '1100_1075_min_MET_pt': [10000000.0, 7.310877323150635], '1100_1070': [1021.0, 0.0], '1100_1070_passing_MET': [998.0, 0.0], '1100_1070_failing_MET': [23.0, 0.0], '1100_1070_min_MET_pt': [51.77761459350586, 10000000.0], 'nEventsTotal': 188293.0, 'strange masspoints': 0.0, 'orphans': 0.0, 'R-hadron event': 1.0, 'different stop antistop masses': 0.0, 'strange error': 0.0, 'strange event': 0.0, 'different neutralino masses': 13576.0, 'large differences': 0.0, '526_500': [992.0, 0.0], '526_500_passing_MET': [961.0, 0.0], '526_500_failing_MET': [31.0, 0.0], '526_500_min_MET_pt': [35.5970344543457, 10000000.0], '626_595': [897.0, 931.0], '626_595_passing_MET': [869.0, 902.0], '626_595_failing_MET': [28.0, 29.0], '626_595_min_MET_pt': [40.491458892822266, 46.445106506347656], '626_596': [189.0, 168.0], '626_596_passing_MET': [183.0, 164.0], '626_596_failing_MET': [6.0, 4.0], '626_596_min_MET_pt': [40.809326171875, 57.20822525024414], '926_915': [0.0, 2012.0], '926_915_passing_MET': [0.0, 1972.0], '926_915_failing_MET': [0.0, 40.0], '926_915_min_MET_pt': [10000000.0, 32.33018112182617], '926_916': [0.0, 186.0], '926_916_passing_MET': [0.0, 181.0], '926_916_failing_MET': [0.0, 5.0], '926_916_min_MET_pt': [10000000.0, 48.33422088623047], '976_966': [98.0, 82.0], '976_966_passing_MET': [97.0, 80.0], '976_966_failing_MET': [1.0, 2.0], '976_966_min_MET_pt': [92.85391235351562, 86.460205078125], '976_965': [1080.0, 1047.0], '976_965_passing_MET': [1060.0, 1025.0], '976_965_failing_MET': [20.0, 22.0], '976_965_min_MET_pt': [26.29702377319336, 41.43013381958008], '650_626': [0.0, 162.0], '650_626_passing_MET': [0.0, 156.0], '650_626_failing_MET': [0.0, 6.0], '650_626_min_MET_pt': [10000000.0, 69.65552520751953], '876_865': [1048.0, 2056.0], '876_865_passing_MET': [1026.0, 2006.0], '876_865_failing_MET': [22.0, 50.0], '876_865_min_MET_pt': [40.424747467041016, 14.363762855529785], '876_866': [97.0, 190.0], '876_866_passing_MET': [97.0, 189.0], '876_866_failing_MET': [0.0, 1.0], '876_866_min_MET_pt': [108.74283599853516, 34.485145568847656], '950_926': [0.0, 185.0], '950_926_passing_MET': [0.0, 184.0], '950_926_failing_MET': [0.0, 1.0], '950_926_min_MET_pt': [10000000.0, 93.21383666992188], '676_656': [0.0, 150.0], '676_656_passing_MET': [0.0, 143.0], '676_656_failing_MET': [0.0, 7.0], '676_656_min_MET_pt': [10000000.0, 61.63892364501953], '676_655': [0.0, 985.0], '676_655_passing_MET': [0.0, 959.0], '676_655_failing_MET': [0.0, 26.0], '676_655_min_MET_pt': [10000000.0, 8.107810020446777], '576_565': [905.0, 1790.0], '576_565_passing_MET': [885.0, 1742.0], '576_565_failing_MET': [20.0, 48.0], '576_565_min_MET_pt': [61.39784240722656, 41.7647705078125], '576_566': [88.0, 173.0], '576_566_passing_MET': [87.0, 167.0], '576_566_failing_MET': [1.0, 6.0], '576_566_min_MET_pt': [95.96414184570312, 40.12113952636719], '576_560': [985.0, 1069.0], '576_560_passing_MET': [958.0, 1038.0], '576_560_failing_MET': [27.0, 31.0], '576_560_min_MET_pt': [41.436710357666016, 2.778493642807007], '1024_1015': [2024.0, 0.0], '1024_1015_passing_MET': [1988.0, 0.0], '1024_1015_failing_MET': [36.0, 0.0], '1024_1015_min_MET_pt': [34.46075439453125, 10000000.0], '1024_1016': [203.0, 0.0], '1024_1016_passing_MET': [199.0, 0.0], '1024_1016_failing_MET': [4.0, 0.0], '1024_1016_min_MET_pt': [52.47481918334961, 10000000.0], '550_536': [0.0, 110.0], '550_536_passing_MET': [0.0, 109.0], '550_536_failing_MET': [0.0, 1.0], '550_536_min_MET_pt': [10000000.0, 92.6980972290039], '626_615': [921.0, 934.0], '626_615_passing_MET': [899.0, 903.0], '626_615_failing_MET': [22.0, 31.0], '626_615_min_MET_pt': [47.65224838256836, 45.04938888549805], '626_616': [75.0, 93.0], '626_616_passing_MET': [71.0, 91.0], '626_616_failing_MET': [4.0, 2.0], '626_616_min_MET_pt': [57.29747772216797, 66.77711486816406], '526_515': [848.0, 0.0], '526_515_passing_MET': [829.0, 0.0], '526_515_failing_MET': [19.0, 0.0], '526_515_min_MET_pt': [47.434974670410156, 10000000.0], '526_516': [74.0, 0.0], '526_516_passing_MET': [72.0, 0.0], '526_516_failing_MET': [2.0, 0.0], '526_516_min_MET_pt': [87.64461517333984, 10000000.0], '826_805': [0.0, 924.0], '826_805_passing_MET': [0.0, 899.0], '826_805_failing_MET': [0.0, 25.0], '826_805_min_MET_pt': [10000000.0, 24.527156829833984], '826_806': [0.0, 166.0], '826_806_passing_MET': [0.0, 156.0], '826_806_failing_MET': [0.0, 10.0], '826_806_min_MET_pt': [10000000.0, 46.61930847167969], '950_936': [131.0, 0.0], '950_936_passing_MET': [127.0, 0.0], '950_936_failing_MET': [4.0, 0.0], '950_936_min_MET_pt': [67.64423370361328, 10000000.0], '726_700': [2204.0, 1097.0], '726_700_passing_MET': [2139.0, 1065.0], '726_700_failing_MET': [65.0, 32.0], '726_700_min_MET_pt': [37.435752868652344, 40.76773452758789], '876_860': [3346.0, 0.0], '876_860_passing_MET': [3272.0, 0.0], '876_860_failing_MET': [74.0, 0.0], '876_860_min_MET_pt': [14.489326477050781, 10000000.0], '726_715': [1923.0, 1034.0], '726_715_passing_MET': [1867.0, 1010.0], '726_715_failing_MET': [56.0, 24.0], '726_715_min_MET_pt': [12.32712173461914, 35.07644271850586], '726_716': [203.0, 101.0], '726_716_passing_MET': [201.0, 99.0], '726_716_failing_MET': [2.0, 2.0], '726_716_min_MET_pt': [86.44941711425781, 88.54141998291016], '676_650': [1070.0, 1163.0], '676_650_passing_MET': [1038.0, 1120.0], '676_650_failing_MET': [32.0, 43.0], '676_650_min_MET_pt': [14.38658618927002, 19.507810592651367], '926_895': [0.0, 1924.0], '926_895_passing_MET': [0.0, 1868.0], '926_895_failing_MET': [0.0, 56.0], '926_895_min_MET_pt': [10000000.0, 14.821884155273438], '926_896': [0.0, 393.0], '926_896_passing_MET': [0.0, 378.0], '926_896_failing_MET': [0.0, 15.0], '926_896_min_MET_pt': [10000000.0, 34.56172180175781], '726_710': [1044.0, 0.0], '726_710_passing_MET': [1016.0, 0.0], '726_710_failing_MET': [28.0, 0.0], '726_710_min_MET_pt': [9.254803657531738, 10000000.0], '1100_1072': [193.0, 0.0], '1100_1072_passing_MET': [186.0, 0.0], '1100_1072_failing_MET': [7.0, 0.0], '1100_1072_min_MET_pt': [42.710182189941406, 10000000.0], '826_815': [1007.0, 1063.0], '826_815_passing_MET': [988.0, 1033.0], '826_815_failing_MET': [19.0, 30.0], '826_815_min_MET_pt': [36.58907699584961, 48.68922424316406], '826_816': [104.0, 88.0], '826_816_passing_MET': [102.0, 87.0], '826_816_failing_MET': [2.0, 1.0], '826_816_min_MET_pt': [71.64791870117188, 81.9299545288086], '1052_1040': [1116.0, 2243.0], '1052_1040_passing_MET': [1095.0, 2196.0], '1052_1040_failing_MET': [21.0, 47.0], '1052_1040_min_MET_pt': [46.095706939697266, 20.61220932006836], '1052_1035': [1020.0, 0.0], '1052_1035_passing_MET': [999.0, 0.0], '1052_1035_failing_MET': [21.0, 0.0], '1052_1035_min_MET_pt': [32.02928161621094, 10000000.0], '1052_1036': [133.0, 0.0], '1052_1036_passing_MET': [130.0, 0.0], '1052_1036_failing_MET': [3.0, 0.0], '1052_1036_min_MET_pt': [75.80215454101562, 10000000.0], '576_545': [2563.0, 0.0], '576_545_passing_MET': [2485.0, 0.0], '576_545_failing_MET': [78.0, 0.0], '576_545_min_MET_pt': [5.0379109382629395, 10000000.0], '576_546': [524.0, 0.0], '576_546_passing_MET': [512.0, 0.0], '576_546_failing_MET': [12.0, 0.0], '576_546_min_MET_pt': [34.07514572143555, 10000000.0], '576_555': [0.0, 896.0], '576_555_passing_MET': [0.0, 870.0], '576_555_failing_MET': [0.0, 26.0], '576_555_min_MET_pt': [10000000.0, 12.275504112243652], '576_556': [0.0, 132.0], '576_556_passing_MET': [0.0, 126.0], '576_556_failing_MET': [0.0, 6.0], '576_556_min_MET_pt': [10000000.0, 72.14968872070312], '776_760': [1101.0, 1112.0], '776_760_passing_MET': [1070.0, 1077.0], '776_760_failing_MET': [31.0, 35.0], '776_760_min_MET_pt': [42.792816162109375, 32.92115783691406], '1024_1010': [1101.0, 0.0], '1024_1010_passing_MET': [1078.0, 0.0], '1024_1010_failing_MET': [23.0, 0.0], '1024_1010_min_MET_pt': [46.09213638305664, 10000000.0], '876_855': [0.0, 958.0], '876_855_passing_MET': [0.0, 935.0], '876_855_failing_MET': [0.0, 23.0], '876_855_min_MET_pt': [10000000.0, 17.82341194152832], '876_856': [0.0, 180.0], '876_856_passing_MET': [0.0, 176.0], '876_856_failing_MET': [0.0, 4.0], '876_856_min_MET_pt': [10000000.0, 80.86763000488281], '750_736': [155.0, 0.0], '750_736_passing_MET': [152.0, 0.0], '750_736_failing_MET': [3.0, 0.0], '750_736_min_MET_pt': [50.04419708251953, 10000000.0], '1024_995': [0.0, 1968.0], '1024_995_passing_MET': [0.0, 1912.0], '1024_995_failing_MET': [0.0, 56.0], '1024_995_min_MET_pt': [10000000.0, 16.73004913330078], '1024_996': [0.0, 384.0], '1024_996_passing_MET': [0.0, 370.0], '1024_996_failing_MET': [0.0, 14.0], '1024_996_min_MET_pt': [10000000.0, 8.65160083770752], '1100_1076': [0.0, 190.0], '1100_1076_passing_MET': [0.0, 187.0], '1100_1076_failing_MET': [0.0, 3.0], '1100_1076_min_MET_pt': [10000000.0, 39.84590530395508], '1076_1064': [104.0, 111.0], '1076_1064_passing_MET': [102.0, 107.0], '1076_1064_failing_MET': [2.0, 4.0], '1076_1064_min_MET_pt': [41.236759185791016, 77.81531524658203], '1076_1065': [1036.0, 1052.0], '1076_1065_passing_MET': [1019.0, 1033.0], '1076_1065_failing_MET': [17.0, 19.0], '1076_1065_min_MET_pt': [41.98837661743164, 22.88445281982422], '650_636': [0.0, 112.0], '650_636_passing_MET': [0.0, 110.0], '650_636_failing_MET': [0.0, 2.0], '650_636_min_MET_pt': [10000000.0, 96.71086883544922], '926_905': [1000.0, 0.0], '926_905_passing_MET': [980.0, 0.0], '926_905_failing_MET': [20.0, 0.0], '926_905_min_MET_pt': [38.78791046142578, 10000000.0], '926_906': [156.0, 0.0], '926_906_passing_MET': [156.0, 0.0], '926_906_failing_MET': [0.0, 0.0], '926_906_min_MET_pt': [112.35553741455078, 10000000.0], '676_665': [897.0, 938.0], '676_665_passing_MET': [868.0, 908.0], '676_665_failing_MET': [29.0, 30.0], '676_665_min_MET_pt': [50.620704650878906, 39.71023178100586], '676_666': [102.0, 97.0], '676_666_passing_MET': [100.0, 94.0], '676_666_failing_MET': [2.0, 3.0], '676_666_min_MET_pt': [38.341434478759766, 57.972801208496094], '1024_1000': [0.0, 1167.0], '1024_1000_passing_MET': [0.0, 1139.0], '1024_1000_failing_MET': [0.0, 28.0], '1024_1000_min_MET_pt': [10000000.0, 53.9663200378418], '626_600': [1057.0, 1046.0], '626_600_passing_MET': [1029.0, 1013.0], '626_600_failing_MET': [28.0, 33.0], '626_600_min_MET_pt': [33.18118667602539, 35.62720489501953], '1000_976': [0.0, 196.0], '1000_976_passing_MET': [0.0, 190.0], '1000_976_failing_MET': [0.0, 6.0], '1000_976_min_MET_pt': [10000000.0, 23.451929092407227], '1052_1020': [1198.0, 0.0], '1052_1020_passing_MET': [1161.0, 0.0], '1052_1020_failing_MET': [37.0, 0.0], '1052_1020_min_MET_pt': [38.55952072143555, 10000000.0], '526_495': [1018.0, 0.0], '526_495_passing_MET': [985.0, 0.0], '526_495_failing_MET': [33.0, 0.0], '526_495_min_MET_pt': [25.57964515686035, 10000000.0], '776_745': [917.0, 0.0], '776_745_passing_MET': [893.0, 0.0], '776_745_failing_MET': [24.0, 0.0], '776_745_min_MET_pt': [36.208740234375, 10000000.0], '776_746': [199.0, 0.0], '776_746_passing_MET': [192.0, 0.0], '776_746_failing_MET': [7.0, 0.0], '776_746_min_MET_pt': [68.35138702392578, 10000000.0], '976_960': [0.0, 1093.0], '976_960_passing_MET': [0.0, 1066.0], '976_960_failing_MET': [0.0, 27.0], '976_960_min_MET_pt': [10000000.0, 14.79818058013916], '850_826': [360.0, 0.0], '850_826_passing_MET': [352.0, 0.0], '850_826_failing_MET': [8.0, 0.0], '850_826_min_MET_pt': [79.92794799804688, 10000000.0], '600_576': [0.0, 163.0], '600_576_passing_MET': [0.0, 162.0], '600_576_failing_MET': [0.0, 1.0], '600_576_min_MET_pt': [10000000.0, 82.51455688476562], '526_505': [0.0, 1044.0], '526_505_passing_MET': [0.0, 1015.0], '526_505_failing_MET': [0.0, 29.0], '526_505_min_MET_pt': [10000000.0, 28.035064697265625], '726_695': [0.0, 933.0], '726_695_passing_MET': [0.0, 904.0], '726_695_failing_MET': [0.0, 29.0], '726_695_min_MET_pt': [10000000.0, 30.013229370117188], '726_696': [0.0, 170.0], '726_696_passing_MET': [0.0, 165.0], '726_696_failing_MET': [0.0, 5.0], '726_696_min_MET_pt': [10000000.0, 54.79376220703125], '1100_1084': [145.0, 0.0], '1100_1084_passing_MET': [140.0, 0.0], '1100_1084_failing_MET': [5.0, 0.0], '1100_1084_min_MET_pt': [71.67279052734375, 10000000.0], '776_756': [0.0, 154.0], '776_756_passing_MET': [0.0, 146.0], '776_756_failing_MET': [0.0, 8.0], '776_756_min_MET_pt': [10000000.0, 52.75691223144531], '776_755': [0.0, 884.0], '776_755_passing_MET': [0.0, 853.0], '776_755_failing_MET': [0.0, 31.0], '776_755_min_MET_pt': [10000000.0, 40.3297119140625], '800_776': [0.0, 180.0], '800_776_passing_MET': [0.0, 173.0], '800_776_failing_MET': [0.0, 7.0], '800_776_min_MET_pt': [10000000.0, 61.00137710571289], '1100_1092': [0.0, 122.0], '1100_1092_passing_MET': [0.0, 121.0], '1100_1092_failing_MET': [0.0, 1.0], '1100_1092_min_MET_pt': [10000000.0, 78.65562438964844]}
nevents_from_dict =  3600319861.5933833
Results saved to /afs/cern.ch/work/m/mleoncoe/private/stop_met_check/outputs_2018/nanoAOD_178.json
done
