i am in this directory
/pool/condor/dir_2189705
Python 3.9.23
3.9.23
 will run this python stop_check_met_eff.py /eos/user/m/mleoncoe/stop_event_check/privateNanoAod2018/nanoAOD_512.root /afs/cern.ch/work/m/mleoncoe/private/stop_met_check/outputs_2018/nanoAOD_512.json
event num1000
event num2000
event num3000
event num4000
event num5000
event num6000
event num7000
event num8000
event num9000
event num10000
event num11000
event num12000
event num13000
event num14000
event num15000
event num16000
event num17000
event num18000
event num19000
event num20000
event num21000
event num22000
event num23000
event num24000
event num25000
event num26000
event num27000
event num28000
event num29000
event num30000
event num31000
event num32000
event num33000
event num34000
event num35000
event num36000
event num37000
event num38000
event num39000
event num40000
event num41000
event num42000
event num43000
event num44000
event num45000
event num46000
event num47000
event num48000
event num49000
event num50000
event num51000
event num52000
event num53000
event num54000
event num55000
event num56000
event num57000
event num58000
event num59000
event num60000
event num61000
event num62000
event num63000
event num64000
event num65000
event num66000
event num67000
event num68000
event num69000
event num70000
event num71000
event num72000
event num73000
event num74000
event num75000
event num76000
event num77000
event num78000
event num79000
event num80000
event num81000
event num82000
event num83000
event num84000
event num85000
event num86000
event num87000
event num88000
event num89000
event num90000
event num91000
event num92000
event num93000
event num94000
event num95000
event num96000
event num97000
event num98000
event num99000
event num100000
event num101000
event num102000
event num103000
event num104000
event num105000
event num106000
event num107000
event num108000
event num109000
event num110000
event num111000
event num112000
event num113000
event num114000
event num115000
event num116000
event num117000
event num118000
event num119000
event num120000
event num121000
event num122000
event num123000
event num124000
event num125000
event num126000
event num127000
event num128000
event num129000
event num130000
event num131000
event num132000
event num133000
event num134000
event num135000
event num136000
event num137000
event num138000
event num139000
event num140000
event num141000
event num142000
event num143000
event num144000
event num145000
event num146000
event num147000
event num148000
event num149000
event num150000
event num151000
event num152000
event num153000
event num154000
event num155000
{'250_240': [678.0, 1364.0], '250_240_passing_MET': [0.0, 0.0], '250_240_failing_MET': [0.0, 0.0], '250_240_min_MET_pt': [10000000.0, 10000000.0], '250_235': [735.0, 0.0], '250_235_passing_MET': [705.0, 0.0], '250_235_failing_MET': [30.0, 0.0], '250_235_min_MET_pt': [19.609682083129883, 10000000.0], '250_230': [0.0, 741.0], '250_230_passing_MET': [0.0, 706.0], '250_230_failing_MET': [0.0, 35.0], '250_230_min_MET_pt': [10000000.0, 10.798157691955566], '250_225': [0.0, 0.0], '250_225_passing_MET': [0.0, 0.0], '250_225_failing_MET': [0.0, 0.0], '250_225_min_MET_pt': [10000000.0, 10000000.0], '250_220': [0.0, 0.0], '250_220_passing_MET': [0.0, 0.0], '250_220_failing_MET': [0.0, 0.0], '250_220_min_MET_pt': [10000000.0, 10000000.0], '275_265': [0.0, 2267.0], '275_265_passing_MET': [0.0, 2171.0], '275_265_failing_MET': [0.0, 96.0], '275_265_min_MET_pt': [10000000.0, 12.058503150939941], '275_260': [0.0, 0.0], '275_260_passing_MET': [0.0, 0.0], '275_260_failing_MET': [0.0, 0.0], '275_260_min_MET_pt': [10000000.0, 10000000.0], '275_255': [0.0, 0.0], '275_255_passing_MET': [0.0, 0.0], '275_255_failing_MET': [0.0, 0.0], '275_255_min_MET_pt': [10000000.0, 10000000.0], '275_250': [0.0, 0.0], '275_250_passing_MET': [0.0, 0.0], '275_250_failing_MET': [0.0, 0.0], '275_250_min_MET_pt': [10000000.0, 10000000.0], '275_245': [0.0, 0.0], '275_245_passing_MET': [0.0, 0.0], '275_245_failing_MET': [0.0, 0.0], '275_245_min_MET_pt': [10000000.0, 10000000.0], '300_290': [1539.0, 0.0], '300_290_passing_MET': [1490.0, 0.0], '300_290_failing_MET': [49.0, 0.0], '300_290_min_MET_pt': [34.36539840698242, 10000000.0], '300_285': [0.0, 862.0], '300_285_passing_MET': [0.0, 832.0], '300_285_failing_MET': [0.0, 30.0], '300_285_min_MET_pt': [10000000.0, 29.047008514404297], '300_280': [777.0, 0.0], '300_280_passing_MET': [740.0, 0.0], '300_280_failing_MET': [37.0, 0.0], '300_280_min_MET_pt': [27.053958892822266, 10000000.0], '300_275': [0.0, 0.0], '300_275_passing_MET': [0.0, 0.0], '300_275_failing_MET': [0.0, 0.0], '300_275_min_MET_pt': [10000000.0, 10000000.0], '300_270': [0.0, 0.0], '300_270_passing_MET': [0.0, 0.0], '300_270_failing_MET': [0.0, 0.0], '300_270_min_MET_pt': [10000000.0, 10000000.0], '325_315': [773.0, 1559.0], '325_315_passing_MET': [0.0, 0.0], '325_315_failing_MET': [0.0, 0.0], '325_315_min_MET_pt': [10000000.0, 10000000.0], '325_310': [0.0, 811.0], '325_310_passing_MET': [0.0, 782.0], '325_310_failing_MET': [0.0, 29.0], '325_310_min_MET_pt': [10000000.0, 24.78458023071289], '325_305': [0.0, 0.0], '325_305_passing_MET': [0.0, 0.0], '325_305_failing_MET': [0.0, 0.0], '325_305_min_MET_pt': [10000000.0, 10000000.0], '325_300': [0.0, 0.0], '325_300_passing_MET': [0.0, 0.0], '325_300_failing_MET': [0.0, 0.0], '325_300_min_MET_pt': [10000000.0, 10000000.0], '325_295': [0.0, 850.0], '325_295_passing_MET': [0.0, 804.0], '325_295_failing_MET': [0.0, 46.0], '325_295_min_MET_pt': [10000000.0, 23.331928253173828], '350_340': [0.0, 0.0], '350_340_passing_MET': [0.0, 0.0], '350_340_failing_MET': [0.0, 0.0], '350_340_min_MET_pt': [10000000.0, 10000000.0], '350_335': [0.0, 0.0], '350_335_passing_MET': [0.0, 0.0], '350_335_failing_MET': [0.0, 0.0], '350_335_min_MET_pt': [10000000.0, 10000000.0], '350_330': [0.0, 0.0], '350_330_passing_MET': [0.0, 0.0], '350_330_failing_MET': [0.0, 0.0], '350_330_min_MET_pt': [10000000.0, 10000000.0], '350_325': [0.0, 0.0], '350_325_passing_MET': [0.0, 0.0], '350_325_failing_MET': [0.0, 0.0], '350_325_min_MET_pt': [10000000.0, 10000000.0], '350_320': [0.0, 0.0], '350_320_passing_MET': [0.0, 0.0], '350_320_failing_MET': [0.0, 0.0], '350_320_min_MET_pt': [10000000.0, 10000000.0], '375_365': [1718.0, 0.0], '375_365_passing_MET': [1643.0, 0.0], '375_365_failing_MET': [75.0, 0.0], '375_365_min_MET_pt': [28.275184631347656, 10000000.0], '375_360': [0.0, 0.0], '375_360_passing_MET': [0.0, 0.0], '375_360_failing_MET': [0.0, 0.0], '375_360_min_MET_pt': [10000000.0, 10000000.0], '375_355': [1854.0, 922.0], '375_355_passing_MET': [0.0, 0.0], '375_355_failing_MET': [0.0, 0.0], '375_355_min_MET_pt': [10000000.0, 10000000.0], '375_350': [0.0, 0.0], '375_350_passing_MET': [0.0, 0.0], '375_350_failing_MET': [0.0, 0.0], '375_350_min_MET_pt': [10000000.0, 10000000.0], '375_345': [0.0, 0.0], '375_345_passing_MET': [0.0, 0.0], '375_345_failing_MET': [0.0, 0.0], '375_345_min_MET_pt': [10000000.0, 10000000.0], '400_390': [0.0, 1755.0], '400_390_passing_MET': [0.0, 1704.0], '400_390_failing_MET': [0.0, 51.0], '400_390_min_MET_pt': [10000000.0, 39.576751708984375], '400_385': [0.0, 1777.0], '400_385_passing_MET': [0.0, 1730.0], '400_385_failing_MET': [0.0, 47.0], '400_385_min_MET_pt': [10000000.0, 34.65475845336914], '400_380': [0.0, 0.0], '400_380_passing_MET': [0.0, 0.0], '400_380_failing_MET': [0.0, 0.0], '400_380_min_MET_pt': [10000000.0, 10000000.0], '400_375': [1931.0, 0.0], '400_375_passing_MET': [1858.0, 0.0], '400_375_failing_MET': [73.0, 0.0], '400_375_min_MET_pt': [24.433202743530273, 10000000.0], '400_370': [0.0, 0.0], '400_370_passing_MET': [0.0, 0.0], '400_370_failing_MET': [0.0, 0.0], '400_370_min_MET_pt': [10000000.0, 10000000.0], '425_415': [916.0, 893.0], '425_415_passing_MET': [0.0, 0.0], '425_415_failing_MET': [0.0, 0.0], '425_415_min_MET_pt': [10000000.0, 10000000.0], '425_410': [0.0, 3621.0], '425_410_passing_MET': [0.0, 3501.0], '425_410_failing_MET': [0.0, 120.0], '425_410_min_MET_pt': [10000000.0, 18.559574127197266], '425_405': [0.0, 0.0], '425_405_passing_MET': [0.0, 0.0], '425_405_failing_MET': [0.0, 0.0], '425_405_min_MET_pt': [10000000.0, 10000000.0], '425_400': [0.0, 937.0], '425_400_passing_MET': [0.0, 899.0], '425_400_failing_MET': [0.0, 38.0], '425_400_min_MET_pt': [10000000.0, 19.41861915588379], '425_395': [0.0, 0.0], '425_395_passing_MET': [0.0, 0.0], '425_395_failing_MET': [0.0, 0.0], '425_395_min_MET_pt': [10000000.0, 10000000.0], '450_440': [1840.0, 909.0], '450_440_passing_MET': [0.0, 0.0], '450_440_failing_MET': [0.0, 0.0], '450_440_min_MET_pt': [10000000.0, 10000000.0], '450_435': [0.0, 0.0], '450_435_passing_MET': [0.0, 0.0], '450_435_failing_MET': [0.0, 0.0], '450_435_min_MET_pt': [10000000.0, 10000000.0], '450_430': [963.0, 0.0], '450_430_passing_MET': [934.0, 0.0], '450_430_failing_MET': [29.0, 0.0], '450_430_min_MET_pt': [48.267494201660156, 10000000.0], '450_425': [991.0, 0.0], '450_425_passing_MET': [963.0, 0.0], '450_425_failing_MET': [28.0, 0.0], '450_425_min_MET_pt': [39.41630935668945, 10000000.0], '450_420': [974.0, 0.0], '450_420_passing_MET': [928.0, 0.0], '450_420_failing_MET': [46.0, 0.0], '450_420_min_MET_pt': [30.56293487548828, 10000000.0], '475_465': [0.0, 1823.0], '475_465_passing_MET': [0.0, 1783.0], '475_465_failing_MET': [0.0, 40.0], '475_465_min_MET_pt': [10000000.0, 36.771732330322266], '475_460': [0.0, 0.0], '475_460_passing_MET': [0.0, 0.0], '475_460_failing_MET': [0.0, 0.0], '475_460_min_MET_pt': [10000000.0, 10000000.0], '475_455': [0.0, 0.0], '475_455_passing_MET': [0.0, 0.0], '475_455_failing_MET': [0.0, 0.0], '475_455_min_MET_pt': [10000000.0, 10000000.0], '475_450': [0.0, 0.0], '475_450_passing_MET': [0.0, 0.0], '475_450_failing_MET': [0.0, 0.0], '475_450_min_MET_pt': [10000000.0, 10000000.0], '475_445': [0.0, 1009.0], '475_445_passing_MET': [0.0, 970.0], '475_445_failing_MET': [0.0, 39.0], '475_445_min_MET_pt': [10000000.0, 38.28214645385742], '500_490': [0.0, 0.0], '500_490_passing_MET': [0.0, 0.0], '500_490_failing_MET': [0.0, 0.0], '500_490_min_MET_pt': [10000000.0, 10000000.0], '500_485': [0.0, 0.0], '500_485_passing_MET': [0.0, 0.0], '500_485_failing_MET': [0.0, 0.0], '500_485_min_MET_pt': [10000000.0, 10000000.0], '500_480': [0.0, 1038.0], '500_480_passing_MET': [0.0, 1010.0], '500_480_failing_MET': [0.0, 28.0], '500_480_min_MET_pt': [10000000.0, 25.018049240112305], '500_475': [0.0, 0.0], '500_475_passing_MET': [0.0, 0.0], '500_475_failing_MET': [0.0, 0.0], '500_475_min_MET_pt': [10000000.0, 10000000.0], '500_470': [1005.0, 1033.0], '500_470_passing_MET': [0.0, 0.0], '500_470_failing_MET': [0.0, 0.0], '500_470_min_MET_pt': [10000000.0, 10000000.0], '525_515': [0.0, 0.0], '525_515_passing_MET': [0.0, 0.0], '525_515_failing_MET': [0.0, 0.0], '525_515_min_MET_pt': [10000000.0, 10000000.0], '525_510': [0.0, 0.0], '525_510_passing_MET': [0.0, 0.0], '525_510_failing_MET': [0.0, 0.0], '525_510_min_MET_pt': [10000000.0, 10000000.0], '525_505': [0.0, 0.0], '525_505_passing_MET': [0.0, 0.0], '525_505_failing_MET': [0.0, 0.0], '525_505_min_MET_pt': [10000000.0, 10000000.0], '525_500': [0.0, 0.0], '525_500_passing_MET': [0.0, 0.0], '525_500_failing_MET': [0.0, 0.0], '525_500_min_MET_pt': [10000000.0, 10000000.0], '525_495': [0.0, 0.0], '525_495_passing_MET': [0.0, 0.0], '525_495_failing_MET': [0.0, 0.0], '525_495_min_MET_pt': [10000000.0, 10000000.0], '550_540': [3911.0, 0.0], '550_540_passing_MET': [3795.0, 0.0], '550_540_failing_MET': [116.0, 0.0], '550_540_min_MET_pt': [7.76027774810791, 10000000.0], '550_535': [0.0, 823.0], '550_535_passing_MET': [0.0, 809.0], '550_535_failing_MET': [0.0, 14.0], '550_535_min_MET_pt': [10000000.0, 18.23428726196289], '550_530': [1019.0, 0.0], '550_530_passing_MET': [993.0, 0.0], '550_530_failing_MET': [26.0, 0.0], '550_530_min_MET_pt': [53.65516662597656, 10000000.0], '550_525': [0.0, 906.0], '550_525_passing_MET': [0.0, 880.0], '550_525_failing_MET': [0.0, 26.0], '550_525_min_MET_pt': [10000000.0, 59.30253601074219], '550_520': [0.0, 994.0], '550_520_passing_MET': [0.0, 954.0], '550_520_failing_MET': [0.0, 40.0], '550_520_min_MET_pt': [10000000.0, 42.729007720947266], '575_565': [0.0, 0.0], '575_565_passing_MET': [0.0, 0.0], '575_565_failing_MET': [0.0, 0.0], '575_565_min_MET_pt': [10000000.0, 10000000.0], '575_560': [0.0, 0.0], '575_560_passing_MET': [0.0, 0.0], '575_560_failing_MET': [0.0, 0.0], '575_560_min_MET_pt': [10000000.0, 10000000.0], '575_555': [0.0, 0.0], '575_555_passing_MET': [0.0, 0.0], '575_555_failing_MET': [0.0, 0.0], '575_555_min_MET_pt': [10000000.0, 10000000.0], '575_550': [0.0, 0.0], '575_550_passing_MET': [0.0, 0.0], '575_550_failing_MET': [0.0, 0.0], '575_550_min_MET_pt': [10000000.0, 10000000.0], '575_545': [0.0, 0.0], '575_545_passing_MET': [0.0, 0.0], '575_545_failing_MET': [0.0, 0.0], '575_545_min_MET_pt': [10000000.0, 10000000.0], '600_590': [998.0, 957.0], '600_590_passing_MET': [0.0, 0.0], '600_590_failing_MET': [0.0, 0.0], '600_590_min_MET_pt': [10000000.0, 10000000.0], '600_585': [0.0, 0.0], '600_585_passing_MET': [0.0, 0.0], '600_585_failing_MET': [0.0, 0.0], '600_585_min_MET_pt': [10000000.0, 10000000.0], '600_580': [0.0, 0.0], '600_580_passing_MET': [0.0, 0.0], '600_580_failing_MET': [0.0, 0.0], '600_580_min_MET_pt': [10000000.0, 10000000.0], '600_575': [0.0, 946.0], '600_575_passing_MET': [0.0, 923.0], '600_575_failing_MET': [0.0, 23.0], '600_575_min_MET_pt': [10000000.0, 38.65898513793945], '600_570': [0.0, 2095.0], '600_570_passing_MET': [0.0, 2023.0], '600_570_failing_MET': [0.0, 72.0], '600_570_min_MET_pt': [10000000.0, 29.3644962310791], '625_615': [0.0, 0.0], '625_615_passing_MET': [0.0, 0.0], '625_615_failing_MET': [0.0, 0.0], '625_615_min_MET_pt': [10000000.0, 10000000.0], '625_610': [0.0, 0.0], '625_610_passing_MET': [0.0, 0.0], '625_610_failing_MET': [0.0, 0.0], '625_610_min_MET_pt': [10000000.0, 10000000.0], '625_605': [0.0, 0.0], '625_605_passing_MET': [0.0, 0.0], '625_605_failing_MET': [0.0, 0.0], '625_605_min_MET_pt': [10000000.0, 10000000.0], '625_600': [0.0, 0.0], '625_600_passing_MET': [0.0, 0.0], '625_600_failing_MET': [0.0, 0.0], '625_600_min_MET_pt': [10000000.0, 10000000.0], '625_595': [0.0, 0.0], '625_595_passing_MET': [0.0, 0.0], '625_595_failing_MET': [0.0, 0.0], '625_595_min_MET_pt': [10000000.0, 10000000.0], '650_640': [3034.0, 971.0], '650_640_passing_MET': [0.0, 0.0], '650_640_failing_MET': [0.0, 0.0], '650_640_min_MET_pt': [10000000.0, 10000000.0], '650_635': [0.0, 933.0], '650_635_passing_MET': [0.0, 908.0], '650_635_failing_MET': [0.0, 25.0], '650_635_min_MET_pt': [10000000.0, 14.215069770812988], '650_630': [0.0, 0.0], '650_630_passing_MET': [0.0, 0.0], '650_630_failing_MET': [0.0, 0.0], '650_630_min_MET_pt': [10000000.0, 10000000.0], '650_625': [0.0, 0.0], '650_625_passing_MET': [0.0, 0.0], '650_625_failing_MET': [0.0, 0.0], '650_625_min_MET_pt': [10000000.0, 10000000.0], '650_620': [1104.0, 2115.0], '650_620_passing_MET': [0.0, 0.0], '650_620_failing_MET': [0.0, 0.0], '650_620_min_MET_pt': [10000000.0, 10000000.0], '675_665': [0.0, 0.0], '675_665_passing_MET': [0.0, 0.0], '675_665_failing_MET': [0.0, 0.0], '675_665_min_MET_pt': [10000000.0, 10000000.0], '675_660': [0.0, 0.0], '675_660_passing_MET': [0.0, 0.0], '675_660_failing_MET': [0.0, 0.0], '675_660_min_MET_pt': [10000000.0, 10000000.0], '675_655': [0.0, 0.0], '675_655_passing_MET': [0.0, 0.0], '675_655_failing_MET': [0.0, 0.0], '675_655_min_MET_pt': [10000000.0, 10000000.0], '675_650': [0.0, 0.0], '675_650_passing_MET': [0.0, 0.0], '675_650_failing_MET': [0.0, 0.0], '675_650_min_MET_pt': [10000000.0, 10000000.0], '675_645': [0.0, 0.0], '675_645_passing_MET': [0.0, 0.0], '675_645_failing_MET': [0.0, 0.0], '675_645_min_MET_pt': [10000000.0, 10000000.0], '700_690': [1049.0, 0.0], '700_690_passing_MET': [1013.0, 0.0], '700_690_failing_MET': [36.0, 0.0], '700_690_min_MET_pt': [41.328216552734375, 10000000.0], '700_685': [0.0, 0.0], '700_685_passing_MET': [0.0, 0.0], '700_685_failing_MET': [0.0, 0.0], '700_685_min_MET_pt': [10000000.0, 10000000.0], '700_680': [0.0, 1089.0], '700_680_passing_MET': [0.0, 1053.0], '700_680_failing_MET': [0.0, 36.0], '700_680_min_MET_pt': [10000000.0, 35.93475341796875], '700_675': [0.0, 866.0], '700_675_passing_MET': [0.0, 843.0], '700_675_failing_MET': [0.0, 23.0], '700_675_min_MET_pt': [10000000.0, 17.779996871948242], '700_670': [0.0, 0.0], '700_670_passing_MET': [0.0, 0.0], '700_670_failing_MET': [0.0, 0.0], '700_670_min_MET_pt': [10000000.0, 10000000.0], '725_715': [0.0, 0.0], '725_715_passing_MET': [0.0, 0.0], '725_715_failing_MET': [0.0, 0.0], '725_715_min_MET_pt': [10000000.0, 10000000.0], '725_710': [0.0, 0.0], '725_710_passing_MET': [0.0, 0.0], '725_710_failing_MET': [0.0, 0.0], '725_710_min_MET_pt': [10000000.0, 10000000.0], '725_705': [0.0, 0.0], '725_705_passing_MET': [0.0, 0.0], '725_705_failing_MET': [0.0, 0.0], '725_705_min_MET_pt': [10000000.0, 10000000.0], '725_700': [0.0, 0.0], '725_700_passing_MET': [0.0, 0.0], '725_700_failing_MET': [0.0, 0.0], '725_700_min_MET_pt': [10000000.0, 10000000.0], '725_695': [0.0, 0.0], '725_695_passing_MET': [0.0, 0.0], '725_695_failing_MET': [0.0, 0.0], '725_695_min_MET_pt': [10000000.0, 10000000.0], '750_740': [1052.0, 0.0], '750_740_passing_MET': [1022.0, 0.0], '750_740_failing_MET': [30.0, 0.0], '750_740_min_MET_pt': [12.047689437866211, 10000000.0], '750_735': [0.0, 0.0], '750_735_passing_MET': [0.0, 0.0], '750_735_failing_MET': [0.0, 0.0], '750_735_min_MET_pt': [10000000.0, 10000000.0], '750_730': [1130.0, 0.0], '750_730_passing_MET': [1101.0, 0.0], '750_730_failing_MET': [29.0, 0.0], '750_730_min_MET_pt': [33.265106201171875, 10000000.0], '750_725': [0.0, 946.0], '750_725_passing_MET': [0.0, 922.0], '750_725_failing_MET': [0.0, 24.0], '750_725_min_MET_pt': [10000000.0, 34.446895599365234], '750_720': [1107.0, 0.0], '750_720_passing_MET': [1078.0, 0.0], '750_720_failing_MET': [29.0, 0.0], '750_720_min_MET_pt': [34.6977653503418, 10000000.0], '775_765': [0.0, 0.0], '775_765_passing_MET': [0.0, 0.0], '775_765_failing_MET': [0.0, 0.0], '775_765_min_MET_pt': [10000000.0, 10000000.0], '775_760': [0.0, 0.0], '775_760_passing_MET': [0.0, 0.0], '775_760_failing_MET': [0.0, 0.0], '775_760_min_MET_pt': [10000000.0, 10000000.0], '775_755': [0.0, 0.0], '775_755_passing_MET': [0.0, 0.0], '775_755_failing_MET': [0.0, 0.0], '775_755_min_MET_pt': [10000000.0, 10000000.0], '775_750': [0.0, 0.0], '775_750_passing_MET': [0.0, 0.0], '775_750_failing_MET': [0.0, 0.0], '775_750_min_MET_pt': [10000000.0, 10000000.0], '775_745': [0.0, 0.0], '775_745_passing_MET': [0.0, 0.0], '775_745_failing_MET': [0.0, 0.0], '775_745_min_MET_pt': [10000000.0, 10000000.0], '800_790': [0.0, 0.0], '800_790_passing_MET': [0.0, 0.0], '800_790_failing_MET': [0.0, 0.0], '800_790_min_MET_pt': [10000000.0, 10000000.0], '800_785': [0.0, 0.0], '800_785_passing_MET': [0.0, 0.0], '800_785_failing_MET': [0.0, 0.0], '800_785_min_MET_pt': [10000000.0, 10000000.0], '800_780': [0.0, 0.0], '800_780_passing_MET': [0.0, 0.0], '800_780_failing_MET': [0.0, 0.0], '800_780_min_MET_pt': [10000000.0, 10000000.0], '800_775': [0.0, 0.0], '800_775_passing_MET': [0.0, 0.0], '800_775_failing_MET': [0.0, 0.0], '800_775_min_MET_pt': [10000000.0, 10000000.0], '800_770': [1109.0, 0.0], '800_770_passing_MET': [1075.0, 0.0], '800_770_failing_MET': [34.0, 0.0], '800_770_min_MET_pt': [27.304349899291992, 10000000.0], '825_815': [0.0, 0.0], '825_815_passing_MET': [0.0, 0.0], '825_815_failing_MET': [0.0, 0.0], '825_815_min_MET_pt': [10000000.0, 10000000.0], '825_810': [0.0, 0.0], '825_810_passing_MET': [0.0, 0.0], '825_810_failing_MET': [0.0, 0.0], '825_810_min_MET_pt': [10000000.0, 10000000.0], '825_805': [0.0, 0.0], '825_805_passing_MET': [0.0, 0.0], '825_805_failing_MET': [0.0, 0.0], '825_805_min_MET_pt': [10000000.0, 10000000.0], '825_800': [0.0, 0.0], '825_800_passing_MET': [0.0, 0.0], '825_800_failing_MET': [0.0, 0.0], '825_800_min_MET_pt': [10000000.0, 10000000.0], '825_795': [0.0, 0.0], '825_795_passing_MET': [0.0, 0.0], '825_795_failing_MET': [0.0, 0.0], '825_795_min_MET_pt': [10000000.0, 10000000.0], '850_840': [0.0, 2259.0], '850_840_passing_MET': [0.0, 2210.0], '850_840_failing_MET': [0.0, 49.0], '850_840_min_MET_pt': [10000000.0, 23.7530517578125], '850_835': [0.0, 0.0], '850_835_passing_MET': [0.0, 0.0], '850_835_failing_MET': [0.0, 0.0], '850_835_min_MET_pt': [10000000.0, 10000000.0], '850_830': [0.0, 0.0], '850_830_passing_MET': [0.0, 0.0], '850_830_failing_MET': [0.0, 0.0], '850_830_min_MET_pt': [10000000.0, 10000000.0], '850_825': [0.0, 0.0], '850_825_passing_MET': [0.0, 0.0], '850_825_failing_MET': [0.0, 0.0], '850_825_min_MET_pt': [10000000.0, 10000000.0], '850_820': [0.0, 0.0], '850_820_passing_MET': [0.0, 0.0], '850_820_failing_MET': [0.0, 0.0], '850_820_min_MET_pt': [10000000.0, 10000000.0], '875_865': [0.0, 0.0], '875_865_passing_MET': [0.0, 0.0], '875_865_failing_MET': [0.0, 0.0], '875_865_min_MET_pt': [10000000.0, 10000000.0], '875_860': [0.0, 0.0], '875_860_passing_MET': [0.0, 0.0], '875_860_failing_MET': [0.0, 0.0], '875_860_min_MET_pt': [10000000.0, 10000000.0], '875_855': [0.0, 0.0], '875_855_passing_MET': [0.0, 0.0], '875_855_failing_MET': [0.0, 0.0], '875_855_min_MET_pt': [10000000.0, 10000000.0], '875_850': [0.0, 0.0], '875_850_passing_MET': [0.0, 0.0], '875_850_failing_MET': [0.0, 0.0], '875_850_min_MET_pt': [10000000.0, 10000000.0], '875_845': [0.0, 0.0], '875_845_passing_MET': [0.0, 0.0], '875_845_failing_MET': [0.0, 0.0], '875_845_min_MET_pt': [10000000.0, 10000000.0], '900_890': [1104.0, 1158.0], '900_890_passing_MET': [0.0, 0.0], '900_890_failing_MET': [0.0, 0.0], '900_890_min_MET_pt': [10000000.0, 10000000.0], '900_885': [0.0, 0.0], '900_885_passing_MET': [0.0, 0.0], '900_885_failing_MET': [0.0, 0.0], '900_885_min_MET_pt': [10000000.0, 10000000.0], '900_880': [0.0, 0.0], '900_880_passing_MET': [0.0, 0.0], '900_880_failing_MET': [0.0, 0.0], '900_880_min_MET_pt': [10000000.0, 10000000.0], '900_875': [961.0, 0.0], '900_875_passing_MET': [938.0, 0.0], '900_875_failing_MET': [23.0, 0.0], '900_875_min_MET_pt': [16.269987106323242, 10000000.0], '900_870': [0.0, 1118.0], '900_870_passing_MET': [0.0, 1088.0], '900_870_failing_MET': [0.0, 30.0], '900_870_min_MET_pt': [10000000.0, 27.37322235107422], '925_915': [0.0, 0.0], '925_915_passing_MET': [0.0, 0.0], '925_915_failing_MET': [0.0, 0.0], '925_915_min_MET_pt': [10000000.0, 10000000.0], '925_910': [0.0, 0.0], '925_910_passing_MET': [0.0, 0.0], '925_910_failing_MET': [0.0, 0.0], '925_910_min_MET_pt': [10000000.0, 10000000.0], '925_905': [0.0, 0.0], '925_905_passing_MET': [0.0, 0.0], '925_905_failing_MET': [0.0, 0.0], '925_905_min_MET_pt': [10000000.0, 10000000.0], '925_900': [0.0, 0.0], '925_900_passing_MET': [0.0, 0.0], '925_900_failing_MET': [0.0, 0.0], '925_900_min_MET_pt': [10000000.0, 10000000.0], '925_895': [0.0, 0.0], '925_895_passing_MET': [0.0, 0.0], '925_895_failing_MET': [0.0, 0.0], '925_895_min_MET_pt': [10000000.0, 10000000.0], '950_940': [0.0, 1098.0], '950_940_passing_MET': [0.0, 1075.0], '950_940_failing_MET': [0.0, 23.0], '950_940_min_MET_pt': [10000000.0, 44.72578048706055], '950_935': [0.0, 977.0], '950_935_passing_MET': [0.0, 951.0], '950_935_failing_MET': [0.0, 26.0], '950_935_min_MET_pt': [10000000.0, 50.30500030517578], '950_930': [0.0, 0.0], '950_930_passing_MET': [0.0, 0.0], '950_930_failing_MET': [0.0, 0.0], '950_930_min_MET_pt': [10000000.0, 10000000.0], '950_925': [0.0, 0.0], '950_925_passing_MET': [0.0, 0.0], '950_925_failing_MET': [0.0, 0.0], '950_925_min_MET_pt': [10000000.0, 10000000.0], '950_920': [0.0, 1157.0], '950_920_passing_MET': [0.0, 1130.0], '950_920_failing_MET': [0.0, 27.0], '950_920_min_MET_pt': [10000000.0, 15.244999885559082], '975_965': [0.0, 0.0], '975_965_passing_MET': [0.0, 0.0], '975_965_failing_MET': [0.0, 0.0], '975_965_min_MET_pt': [10000000.0, 10000000.0], '975_960': [0.0, 0.0], '975_960_passing_MET': [0.0, 0.0], '975_960_failing_MET': [0.0, 0.0], '975_960_min_MET_pt': [10000000.0, 10000000.0], '975_955': [0.0, 0.0], '975_955_passing_MET': [0.0, 0.0], '975_955_failing_MET': [0.0, 0.0], '975_955_min_MET_pt': [10000000.0, 10000000.0], '975_950': [0.0, 0.0], '975_950_passing_MET': [0.0, 0.0], '975_950_failing_MET': [0.0, 0.0], '975_950_min_MET_pt': [10000000.0, 10000000.0], '975_945': [0.0, 0.0], '975_945_passing_MET': [0.0, 0.0], '975_945_failing_MET': [0.0, 0.0], '975_945_min_MET_pt': [10000000.0, 10000000.0], '1000_990': [3446.0, 1134.0], '1000_990_passing_MET': [0.0, 0.0], '1000_990_failing_MET': [0.0, 0.0], '1000_990_min_MET_pt': [10000000.0, 10000000.0], '1000_985': [0.0, 0.0], '1000_985_passing_MET': [0.0, 0.0], '1000_985_failing_MET': [0.0, 0.0], '1000_985_min_MET_pt': [10000000.0, 10000000.0], '1000_980': [0.0, 0.0], '1000_980_passing_MET': [0.0, 0.0], '1000_980_failing_MET': [0.0, 0.0], '1000_980_min_MET_pt': [10000000.0, 10000000.0], '1000_975': [0.0, 0.0], '1000_975_passing_MET': [0.0, 0.0], '1000_975_failing_MET': [0.0, 0.0], '1000_975_min_MET_pt': [10000000.0, 10000000.0], '1000_970': [0.0, 0.0], '1000_970_passing_MET': [0.0, 0.0], '1000_970_failing_MET': [0.0, 0.0], '1000_970_min_MET_pt': [10000000.0, 10000000.0], '1025_1015': [0.0, 0.0], '1025_1015_passing_MET': [0.0, 0.0], '1025_1015_failing_MET': [0.0, 0.0], '1025_1015_min_MET_pt': [10000000.0, 10000000.0], '1025_1010': [0.0, 0.0], '1025_1010_passing_MET': [0.0, 0.0], '1025_1010_failing_MET': [0.0, 0.0], '1025_1010_min_MET_pt': [10000000.0, 10000000.0], '1025_1005': [0.0, 0.0], '1025_1005_passing_MET': [0.0, 0.0], '1025_1005_failing_MET': [0.0, 0.0], '1025_1005_min_MET_pt': [10000000.0, 10000000.0], '1025_1000': [0.0, 0.0], '1025_1000_passing_MET': [0.0, 0.0], '1025_1000_failing_MET': [0.0, 0.0], '1025_1000_min_MET_pt': [10000000.0, 10000000.0], '1025_995': [0.0, 0.0], '1025_995_passing_MET': [0.0, 0.0], '1025_995_failing_MET': [0.0, 0.0], '1025_995_min_MET_pt': [10000000.0, 10000000.0], '1050_1040': [0.0, 0.0], '1050_1040_passing_MET': [0.0, 0.0], '1050_1040_failing_MET': [0.0, 0.0], '1050_1040_min_MET_pt': [10000000.0, 10000000.0], '1050_1035': [0.0, 0.0], '1050_1035_passing_MET': [0.0, 0.0], '1050_1035_failing_MET': [0.0, 0.0], '1050_1035_min_MET_pt': [10000000.0, 10000000.0], '1050_1030': [0.0, 0.0], '1050_1030_passing_MET': [0.0, 0.0], '1050_1030_failing_MET': [0.0, 0.0], '1050_1030_min_MET_pt': [10000000.0, 10000000.0], '1050_1025': [0.0, 0.0], '1050_1025_passing_MET': [0.0, 0.0], '1050_1025_failing_MET': [0.0, 0.0], '1050_1025_min_MET_pt': [10000000.0, 10000000.0], '1050_1020': [0.0, 0.0], '1050_1020_passing_MET': [0.0, 0.0], '1050_1020_failing_MET': [0.0, 0.0], '1050_1020_min_MET_pt': [10000000.0, 10000000.0], '1075_1065': [0.0, 0.0], '1075_1065_passing_MET': [0.0, 0.0], '1075_1065_failing_MET': [0.0, 0.0], '1075_1065_min_MET_pt': [10000000.0, 10000000.0], '1075_1060': [0.0, 0.0], '1075_1060_passing_MET': [0.0, 0.0], '1075_1060_failing_MET': [0.0, 0.0], '1075_1060_min_MET_pt': [10000000.0, 10000000.0], '1075_1055': [0.0, 0.0], '1075_1055_passing_MET': [0.0, 0.0], '1075_1055_failing_MET': [0.0, 0.0], '1075_1055_min_MET_pt': [10000000.0, 10000000.0], '1075_1050': [0.0, 0.0], '1075_1050_passing_MET': [0.0, 0.0], '1075_1050_failing_MET': [0.0, 0.0], '1075_1050_min_MET_pt': [10000000.0, 10000000.0], '1075_1045': [0.0, 0.0], '1075_1045_passing_MET': [0.0, 0.0], '1075_1045_failing_MET': [0.0, 0.0], '1075_1045_min_MET_pt': [10000000.0, 10000000.0], '1100_1090': [1045.0, 3169.0], '1100_1090_passing_MET': [0.0, 0.0], '1100_1090_failing_MET': [0.0, 0.0], '1100_1090_min_MET_pt': [10000000.0, 10000000.0], '1100_1085': [0.0, 1012.0], '1100_1085_passing_MET': [0.0, 993.0], '1100_1085_failing_MET': [0.0, 19.0], '1100_1085_min_MET_pt': [10000000.0, 36.11307907104492], '1100_1080': [0.0, 0.0], '1100_1080_passing_MET': [0.0, 0.0], '1100_1080_failing_MET': [0.0, 0.0], '1100_1080_min_MET_pt': [10000000.0, 10000000.0], '1100_1075': [0.0, 0.0], '1100_1075_passing_MET': [0.0, 0.0], '1100_1075_failing_MET': [0.0, 0.0], '1100_1075_min_MET_pt': [10000000.0, 10000000.0], '1100_1070': [0.0, 0.0], '1100_1070_passing_MET': [0.0, 0.0], '1100_1070_failing_MET': [0.0, 0.0], '1100_1070_min_MET_pt': [10000000.0, 10000000.0], 'nEventsTotal': 155070.0, 'strange masspoints': 0.0, 'orphans': 0.0, 'R-hadron event': 0.0, 'different stop antistop masses': 0.0, 'strange error': 0.0, 'strange event': 0.0, 'different neutralino masses': 11557.0, 'large differences': 0.0, '626_600': [1051.0, 2205.0], '626_600_passing_MET': [1013.0, 2131.0], '626_600_failing_MET': [38.0, 74.0], '626_600_min_MET_pt': [28.287351608276367, 28.649337768554688], '650_636': [0.0, 129.0], '650_636_passing_MET': [0.0, 122.0], '650_636_failing_MET': [0.0, 7.0], '650_636_min_MET_pt': [10000000.0, 23.81081771850586], '976_956': [0.0, 317.0], '976_956_passing_MET': [0.0, 307.0], '976_956_failing_MET': [0.0, 10.0], '976_956_min_MET_pt': [10000000.0, 41.636383056640625], '976_955': [0.0, 1995.0], '976_955_passing_MET': [0.0, 1938.0], '976_955_failing_MET': [0.0, 57.0], '976_955_min_MET_pt': [10000000.0, 21.00640106201172], '1052_1040': [1146.0, 4556.0], '1052_1040_passing_MET': [1130.0, 4457.0], '1052_1040_failing_MET': [16.0, 99.0], '1052_1040_min_MET_pt': [28.527788162231445, 9.502352714538574], '1052_1032': [0.0, 177.0], '1052_1032_passing_MET': [0.0, 174.0], '1052_1032_failing_MET': [0.0, 3.0], '1052_1032_min_MET_pt': [10000000.0, 61.55339813232422], '1052_1030': [0.0, 1001.0], '1052_1030_passing_MET': [0.0, 971.0], '1052_1030_failing_MET': [0.0, 30.0], '1052_1030_min_MET_pt': [10000000.0, 24.08502197265625], '600_576': [0.0, 148.0], '600_576_passing_MET': [0.0, 143.0], '600_576_failing_MET': [0.0, 5.0], '600_576_min_MET_pt': [10000000.0, 36.019859313964844], '976_960': [1086.0, 1098.0], '976_960_passing_MET': [1056.0, 1074.0], '976_960_failing_MET': [30.0, 24.0], '976_960_min_MET_pt': [28.01656723022461, 47.16990280151367], '1100_1092': [105.0, 323.0], '1100_1092_passing_MET': [102.0, 316.0], '1100_1092_failing_MET': [3.0, 7.0], '1100_1092_min_MET_pt': [81.40880584716797, 73.76471710205078], '576_565': [1766.0, 0.0], '576_565_passing_MET': [1717.0, 0.0], '576_565_failing_MET': [49.0, 0.0], '576_565_min_MET_pt': [18.13916778564453, 10000000.0], '576_566': [198.0, 0.0], '576_566_passing_MET': [195.0, 0.0], '576_566_failing_MET': [3.0, 0.0], '576_566_min_MET_pt': [69.72673797607422, 10000000.0], '526_515': [0.0, 860.0], '526_515_passing_MET': [0.0, 842.0], '526_515_failing_MET': [0.0, 18.0], '526_515_min_MET_pt': [10000000.0, 49.936622619628906], '526_516': [0.0, 90.0], '526_516_passing_MET': [0.0, 86.0], '526_516_failing_MET': [0.0, 4.0], '526_516_min_MET_pt': [10000000.0, 42.436744689941406], '576_560': [1011.0, 0.0], '576_560_passing_MET': [981.0, 0.0], '576_560_failing_MET': [30.0, 0.0], '576_560_min_MET_pt': [48.08281326293945, 10000000.0], '826_815': [978.0, 958.0], '826_815_passing_MET': [955.0, 932.0], '826_815_failing_MET': [23.0, 26.0], '826_815_min_MET_pt': [37.62479782104492, 31.55059051513672], '826_816': [109.0, 118.0], '826_816_passing_MET': [106.0, 117.0], '826_816_failing_MET': [3.0, 1.0], '826_816_min_MET_pt': [43.28042221069336, 99.68366241455078], '1076_1056': [178.0, 194.0], '1076_1056_passing_MET': [176.0, 191.0], '1076_1056_failing_MET': [2.0, 3.0], '1076_1056_min_MET_pt': [87.3836669921875, 84.80413818359375], '1076_1055': [1086.0, 985.0], '1076_1055_passing_MET': [1062.0, 964.0], '1076_1055_failing_MET': [24.0, 21.0], '1076_1055_min_MET_pt': [25.924589157104492, 53.952247619628906], '676_665': [973.0, 924.0], '676_665_passing_MET': [948.0, 903.0], '676_665_failing_MET': [25.0, 21.0], '676_665_min_MET_pt': [64.85308074951172, 15.915700912475586], '676_666': [90.0, 83.0], '676_666_passing_MET': [89.0, 79.0], '676_666_failing_MET': [1.0, 4.0], '676_666_min_MET_pt': [30.571260452270508, 50.47220993041992], '1024_1005': [954.0, 1010.0], '1024_1005_passing_MET': [924.0, 981.0], '1024_1005_failing_MET': [30.0, 29.0], '1024_1005_min_MET_pt': [30.008419036865234, 52.27657699584961], '1024_1006': [149.0, 158.0], '1024_1006_passing_MET': [143.0, 156.0], '1024_1006_failing_MET': [6.0, 2.0], '1024_1006_min_MET_pt': [75.9454345703125, 55.89339828491211], '676_645': [0.0, 1784.0], '676_645_passing_MET': [0.0, 1728.0], '676_645_failing_MET': [0.0, 56.0], '676_645_min_MET_pt': [10000000.0, 7.191847801208496], '676_646': [0.0, 391.0], '676_646_passing_MET': [0.0, 382.0], '676_646_failing_MET': [0.0, 9.0], '676_646_min_MET_pt': [10000000.0, 58.41976547241211], '926_915': [1042.0, 3103.0], '926_915_passing_MET': [1019.0, 3029.0], '926_915_failing_MET': [23.0, 74.0], '926_915_min_MET_pt': [47.577598571777344, 14.350119590759277], '926_916': [111.0, 297.0], '926_916_passing_MET': [109.0, 288.0], '926_916_failing_MET': [2.0, 9.0], '926_916_min_MET_pt': [72.71749877929688, 46.74703598022461], '750_726': [0.0, 185.0], '750_726_passing_MET': [0.0, 179.0], '750_726_failing_MET': [0.0, 6.0], '750_726_min_MET_pt': [10000000.0, 78.24585723876953], '626_596': [0.0, 149.0], '626_596_passing_MET': [0.0, 143.0], '626_596_failing_MET': [0.0, 6.0], '626_596_min_MET_pt': [10000000.0, 75.30786895751953], '626_595': [0.0, 888.0], '626_595_passing_MET': [0.0, 866.0], '626_595_failing_MET': [0.0, 22.0], '626_595_min_MET_pt': [10000000.0, 21.288394927978516], '726_715': [1965.0, 937.0], '726_715_passing_MET': [1916.0, 916.0], '726_715_failing_MET': [49.0, 21.0], '726_715_min_MET_pt': [7.19267463684082, 35.25770568847656], '726_716': [169.0, 103.0], '726_716_passing_MET': [163.0, 102.0], '726_716_failing_MET': [6.0, 1.0], '726_716_min_MET_pt': [69.52873229980469, 91.22423553466797], '826_810': [1124.0, 0.0], '826_810_passing_MET': [1086.0, 0.0], '826_810_failing_MET': [38.0, 0.0], '826_810_min_MET_pt': [47.01795959472656, 10000000.0], '900_876': [176.0, 0.0], '900_876_passing_MET': [172.0, 0.0], '900_876_failing_MET': [4.0, 0.0], '900_876_min_MET_pt': [87.52254486083984, 10000000.0], '876_866': [193.0, 178.0], '876_866_passing_MET': [189.0, 175.0], '876_866_failing_MET': [4.0, 3.0], '876_866_min_MET_pt': [61.47876739501953, 43.695682525634766], '876_865': [2036.0, 1961.0], '876_865_passing_MET': [1991.0, 1924.0], '876_865_failing_MET': [45.0, 37.0], '876_865_min_MET_pt': [27.580703735351562, 29.71183967590332], '626_610': [1035.0, 0.0], '626_610_passing_MET': [1005.0, 0.0], '626_610_failing_MET': [30.0, 0.0], '626_610_min_MET_pt': [14.152348518371582, 10000000.0], '776_750': [0.0, 1189.0], '776_750_passing_MET': [0.0, 1155.0], '776_750_failing_MET': [0.0, 34.0], '776_750_min_MET_pt': [10000000.0, 28.597078323364258], '550_526': [0.0, 159.0], '550_526_passing_MET': [0.0, 157.0], '550_526_failing_MET': [0.0, 2.0], '550_526_min_MET_pt': [10000000.0, 72.55304718017578], '1024_1016': [0.0, 115.0], '1024_1016_passing_MET': [0.0, 112.0], '1024_1016_failing_MET': [0.0, 3.0], '1024_1016_min_MET_pt': [10000000.0, 80.28058624267578], '1024_1015': [0.0, 1010.0], '1024_1015_passing_MET': [0.0, 992.0], '1024_1015_failing_MET': [0.0, 18.0], '1024_1015_min_MET_pt': [10000000.0, 9.527149200439453], '926_895': [1028.0, 0.0], '926_895_passing_MET': [995.0, 0.0], '926_895_failing_MET': [33.0, 0.0], '926_895_min_MET_pt': [32.290340423583984, 10000000.0], '926_896': [176.0, 0.0], '926_896_passing_MET': [175.0, 0.0], '926_896_failing_MET': [1.0, 0.0], '926_896_min_MET_pt': [89.01214599609375, 10000000.0], '1100_1084': [0.0, 129.0], '1100_1084_passing_MET': [0.0, 128.0], '1100_1084_failing_MET': [0.0, 1.0], '1100_1084_min_MET_pt': [10000000.0, 64.67633819580078], '726_710': [1081.0, 0.0], '726_710_passing_MET': [1058.0, 0.0], '726_710_failing_MET': [23.0, 0.0], '726_710_min_MET_pt': [12.230942726135254, 10000000.0], '576_545': [887.0, 887.0], '576_545_passing_MET': [862.0, 860.0], '576_545_failing_MET': [25.0, 27.0], '576_545_min_MET_pt': [37.09904098510742, 14.47919750213623], '576_546': [177.0, 171.0], '576_546_passing_MET': [171.0, 167.0], '576_546_failing_MET': [6.0, 4.0], '576_546_min_MET_pt': [32.01945114135742, 57.731163024902344], '926_910': [1115.0, 0.0], '926_910_passing_MET': [1086.0, 0.0], '926_910_failing_MET': [29.0, 0.0], '926_910_min_MET_pt': [43.80070114135742, 10000000.0], '826_800': [0.0, 1118.0], '826_800_passing_MET': [0.0, 1082.0], '826_800_failing_MET': [0.0, 36.0], '826_800_min_MET_pt': [10000000.0, 34.14231872558594], '1052_1035': [1029.0, 0.0], '1052_1035_passing_MET': [1013.0, 0.0], '1052_1035_failing_MET': [16.0, 0.0], '1052_1035_min_MET_pt': [4.2850165367126465, 10000000.0], '1052_1036': [120.0, 0.0], '1052_1036_passing_MET': [114.0, 0.0], '1052_1036_failing_MET': [6.0, 0.0], '1052_1036_min_MET_pt': [74.32975769042969, 10000000.0], '976_965': [1009.0, 0.0], '976_965_passing_MET': [994.0, 0.0], '976_965_failing_MET': [15.0, 0.0], '976_965_min_MET_pt': [45.97775650024414, 10000000.0], '976_966': [98.0, 0.0], '976_966_passing_MET': [96.0, 0.0], '976_966_failing_MET': [2.0, 0.0], '976_966_min_MET_pt': [87.3257064819336, 10000000.0], '726_700': [1084.0, 1094.0], '726_700_passing_MET': [1057.0, 1068.0], '726_700_failing_MET': [27.0, 26.0], '726_700_min_MET_pt': [37.86468505859375, 25.568201065063477], '876_845': [0.0, 961.0], '876_845_passing_MET': [0.0, 943.0], '876_845_failing_MET': [0.0, 18.0], '876_845_min_MET_pt': [10000000.0, 37.15899658203125], '876_846': [0.0, 181.0], '876_846_passing_MET': [0.0, 172.0], '876_846_failing_MET': [0.0, 9.0], '876_846_min_MET_pt': [10000000.0, 23.11646842956543], '550_536': [0.0, 111.0], '550_536_passing_MET': [0.0, 105.0], '550_536_failing_MET': [0.0, 6.0], '550_536_min_MET_pt': [10000000.0, 46.683441162109375], '626_615': [0.0, 912.0], '626_615_passing_MET': [0.0, 893.0], '626_615_failing_MET': [0.0, 19.0], '626_615_min_MET_pt': [10000000.0, 49.771942138671875], '626_616': [0.0, 89.0], '626_616_passing_MET': [0.0, 88.0], '626_616_failing_MET': [0.0, 1.0], '626_616_min_MET_pt': [10000000.0, 67.52108001708984], '526_495': [0.0, 1009.0], '526_495_passing_MET': [0.0, 975.0], '526_495_failing_MET': [0.0, 34.0], '526_495_min_MET_pt': [10000000.0, 27.432395935058594], '526_510': [984.0, 0.0], '526_510_passing_MET': [955.0, 0.0], '526_510_failing_MET': [29.0, 0.0], '526_510_min_MET_pt': [31.84049415588379, 10000000.0], '700_676': [0.0, 177.0], '700_676_passing_MET': [0.0, 166.0], '700_676_failing_MET': [0.0, 11.0], '700_676_min_MET_pt': [10000000.0, 27.312429428100586], '776_745': [933.0, 0.0], '776_745_passing_MET': [905.0, 0.0], '776_745_failing_MET': [28.0, 0.0], '776_745_min_MET_pt': [17.550439834594727, 10000000.0], '776_746': [193.0, 0.0], '776_746_passing_MET': [187.0, 0.0], '776_746_failing_MET': [6.0, 0.0], '776_746_min_MET_pt': [42.33995819091797, 10000000.0], '950_936': [0.0, 151.0], '950_936_passing_MET': [0.0, 150.0], '950_936_failing_MET': [0.0, 1.0], '950_936_min_MET_pt': [10000000.0, 4.142549514770508]}
nevents_from_dict =  3510281234.5666833
Results saved to /afs/cern.ch/work/m/mleoncoe/private/stop_met_check/outputs_2018/nanoAOD_512.json
done
