000 (9018140.184.000) 01/06 10:56:24 Job submitted from host: <188.185.6.50:9618?addrs=188.185.6.50-9618+[2001-1458-d00-62--100-2b1]-9618&alias=bigbird25.cern.ch&noUDP&sock=schedd_1627_90ad>
...
040 (9018140.184.000) 01/06 10:59:26 Started transferring input files
	Transferring to host: <188.185.215.28:9618?addrs=188.185.215.28-9618+[2001-1458-303-1e--100-18]-9618&alias=b9p31p1477.cern.ch&noUDP&sock=slot1_33_8474_7312_43339>
...
040 (9018140.184.000) 01/06 10:59:26 Finished transferring input files
...
001 (9018140.184.000) 01/06 10:59:27 Job executing on host: <188.185.215.28:9618?addrs=188.185.215.28-9618+[2001-1458-303-1e--100-18]-9618&alias=b9p31p1477.cern.ch&noUDP&sock=startd_7943_d0d8>
	SlotName: slot1_33@b9p31p1477.cern.ch
	CondorScratchDir = "/pool/condor/dir_1903333"
	Cpus = 1
	Disk = 3772
	GPUs = 0
	Memory = 3000
...
006 (9018140.184.000) 01/06 10:59:40 Image size of job updated: 92804
	91  -  MemoryUsage of job (MB)
	92804  -  ResidentSetSize of job (KB)
...
006 (9018140.184.000) 01/06 11:04:40 Image size of job updated: 203316
	199  -  MemoryUsage of job (MB)
	203316  -  ResidentSetSize of job (KB)
...
006 (9018140.184.000) 01/06 11:09:41 Image size of job updated: 209804
	205  -  MemoryUsage of job (MB)
	209804  -  ResidentSetSize of job (KB)
...
006 (9018140.184.000) 01/06 11:14:41 Image size of job updated: 210904
	206  -  MemoryUsage of job (MB)
	210904  -  ResidentSetSize of job (KB)
...
006 (9018140.184.000) 01/06 11:19:42 Image size of job updated: 212996
	209  -  MemoryUsage of job (MB)
	212996  -  ResidentSetSize of job (KB)
...
006 (9018140.184.000) 01/06 11:24:43 Image size of job updated: 213028
	209  -  MemoryUsage of job (MB)
	213028  -  ResidentSetSize of job (KB)
...
006 (9018140.184.000) 01/06 11:29:43 Image size of job updated: 213040
	209  -  MemoryUsage of job (MB)
	213040  -  ResidentSetSize of job (KB)
...
006 (9018140.184.000) 01/06 11:34:44 Image size of job updated: 213044
	209  -  MemoryUsage of job (MB)
	213044  -  ResidentSetSize of job (KB)
...
006 (9018140.184.000) 01/06 11:39:44 Image size of job updated: 213056
	209  -  MemoryUsage of job (MB)
	213056  -  ResidentSetSize of job (KB)
...
006 (9018140.184.000) 01/06 11:44:44 Image size of job updated: 213068
	209  -  MemoryUsage of job (MB)
	213068  -  ResidentSetSize of job (KB)
...
006 (9018140.184.000) 01/06 11:49:45 Image size of job updated: 213072
	209  -  MemoryUsage of job (MB)
	213072  -  ResidentSetSize of job (KB)
...
006 (9018140.184.000) 01/06 11:54:45 Image size of job updated: 213208
	209  -  MemoryUsage of job (MB)
	213208  -  ResidentSetSize of job (KB)
...
006 (9018140.184.000) 01/06 11:59:46 Image size of job updated: 213228
	209  -  MemoryUsage of job (MB)
	213228  -  ResidentSetSize of job (KB)
...
006 (9018140.184.000) 01/06 12:04:47 Image size of job updated: 213244
	209  -  MemoryUsage of job (MB)
	213244  -  ResidentSetSize of job (KB)
...
006 (9018140.184.000) 01/06 12:09:47 Image size of job updated: 213252
	209  -  MemoryUsage of job (MB)
	213252  -  ResidentSetSize of job (KB)
...
006 (9018140.184.000) 01/06 12:19:48 Image size of job updated: 213256
	209  -  MemoryUsage of job (MB)
	213256  -  ResidentSetSize of job (KB)
...
006 (9018140.184.000) 01/06 12:34:49 Image size of job updated: 213268
	209  -  MemoryUsage of job (MB)
	213268  -  ResidentSetSize of job (KB)
...
006 (9018140.184.000) 01/06 12:39:49 Image size of job updated: 213304
	209  -  MemoryUsage of job (MB)
	213304  -  ResidentSetSize of job (KB)
...
006 (9018140.184.000) 01/06 12:44:49 Image size of job updated: 213308
	209  -  MemoryUsage of job (MB)
	213308  -  ResidentSetSize of job (KB)
...
006 (9018140.184.000) 01/06 12:49:50 Image size of job updated: 213320
	209  -  MemoryUsage of job (MB)
	213320  -  ResidentSetSize of job (KB)
...
006 (9018140.184.000) 01/06 12:53:31 Image size of job updated: 213324
	209  -  MemoryUsage of job (MB)
	213320  -  ResidentSetSize of job (KB)
...
040 (9018140.184.000) 01/06 12:53:31 Started transferring output files
...
040 (9018140.184.000) 01/06 12:53:32 Finished transferring output files
...
005 (9018140.184.000) 01/06 12:53:32 Job terminated.
	(1) Normal termination (return value 0)
		Usr 0 01:51:07, Sys 0 00:00:08  -  Run Remote Usage
		Usr 0 00:00:00, Sys 0 00:00:00  -  Run Local Usage
		Usr 0 01:51:07, Sys 0 00:00:08  -  Total Remote Usage
		Usr 0 00:00:00, Sys 0 00:00:00  -  Total Local Usage
	42058  -  Run Bytes Sent By Job
	21436  -  Run Bytes Received By Job
	42058  -  Total Bytes Sent By Job
	21436  -  Total Bytes Received By Job
	Partitionable Resources :    Usage  Request Allocated 
	   Cpus                 :     0.99        1         1 
	   Disk (KB)            :    89          22      3772 
	   GPUs                 :                           0 
	   Memory (MB)          :   209        3000      3000 
	   TimeExecute (s)      :  6844                       
	   TimeSlotBusy (s)     :  6847                       

	Job terminated of its own accord at 2026-01-06T11:53:31Z with exit-code 0.
...
