i am in this directory
/pool/condor/dir_3422708
Python 3.9.23
3.9.21
 will run this python stop_check_met_eff.py /eos/user/m/mleoncoe/stop_event_check/privateNanoAod2018/nanoAOD_2.root /afs/cern.ch/work/m/mleoncoe/private/stop_met_check/outputs_2018/nanoAOD_2.json
event num1000
event num2000
event num3000
event num4000
event num5000
event num6000
event num7000
event num8000
event num9000
event num10000
event num11000
event num12000
event num13000
event num14000
event num15000
event num16000
event num17000
event num18000
event num19000
event num20000
event num21000
event num22000
event num23000
event num24000
event num25000
event num26000
event num27000
event num28000
event num29000
event num30000
event num31000
event num32000
event num33000
event num34000
event num35000
event num36000
event num37000
event num38000
event num39000
event num40000
event num41000
event num42000
event num43000
event num44000
event num45000
event num46000
event num47000
event num48000
event num49000
event num50000
event num51000
event num52000
event num53000
event num54000
event num55000
event num56000
event num57000
event num58000
event num59000
event num60000
event num61000
event num62000
event num63000
event num64000
event num65000
event num66000
event num67000
event num68000
event num69000
event num70000
event num71000
event num72000
event num73000
event num74000
event num75000
event num76000
event num77000
event num78000
event num79000
event num80000
event num81000
event num82000
event num83000
event num84000
event num85000
event num86000
event num87000
event num88000
event num89000
event num90000
event num91000
event num92000
event num93000
event num94000
event num95000
event num96000
event num97000
event num98000
event num99000
event num100000
event num101000
event num102000
event num103000
event num104000
event num105000
event num106000
event num107000
event num108000
event num109000
event num110000
event num111000
event num112000
event num113000
event num114000
event num115000
event num116000
event num117000
event num118000
event num119000
event num120000
event num121000
event num122000
event num123000
event num124000
event num125000
event num126000
event num127000
event num128000
event num129000
event num130000
event num131000
event num132000
event num133000
event num134000
event num135000
event num136000
event num137000
event num138000
event num139000
event num140000
event num141000
event num142000
event num143000
event num144000
event num145000
event num146000
event num147000
event num148000
event num149000
event num150000
event num151000
event num152000
event num153000
event num154000
event num155000
{'250_240': [699.0, 695.0], '250_240_passing_MET': [0.0, 0.0], '250_240_failing_MET': [0.0, 0.0], '250_240_min_MET_pt': [10000000.0, 10000000.0], '250_235': [1415.0, 712.0], '250_235_passing_MET': [0.0, 0.0], '250_235_failing_MET': [0.0, 0.0], '250_235_min_MET_pt': [10000000.0, 10000000.0], '250_230': [0.0, 0.0], '250_230_passing_MET': [0.0, 0.0], '250_230_failing_MET': [0.0, 0.0], '250_230_min_MET_pt': [10000000.0, 10000000.0], '250_225': [809.0, 0.0], '250_225_passing_MET': [766.0, 0.0], '250_225_failing_MET': [43.0, 0.0], '250_225_min_MET_pt': [10.623649597167969, 10000000.0], '250_220': [0.0, 0.0], '250_220_passing_MET': [0.0, 0.0], '250_220_failing_MET': [0.0, 0.0], '250_220_min_MET_pt': [10000000.0, 10000000.0], '275_265': [740.0, 677.0], '275_265_passing_MET': [0.0, 0.0], '275_265_failing_MET': [0.0, 0.0], '275_265_min_MET_pt': [10000000.0, 10000000.0], '275_260': [0.0, 0.0], '275_260_passing_MET': [0.0, 0.0], '275_260_failing_MET': [0.0, 0.0], '275_260_min_MET_pt': [10000000.0, 10000000.0], '275_255': [0.0, 0.0], '275_255_passing_MET': [0.0, 0.0], '275_255_failing_MET': [0.0, 0.0], '275_255_min_MET_pt': [10000000.0, 10000000.0], '275_250': [0.0, 1524.0], '275_250_passing_MET': [0.0, 1454.0], '275_250_failing_MET': [0.0, 70.0], '275_250_min_MET_pt': [10000000.0, 12.648025512695312], '275_245': [1546.0, 0.0], '275_245_passing_MET': [1471.0, 0.0], '275_245_failing_MET': [75.0, 0.0], '275_245_min_MET_pt': [20.6081600189209, 10000000.0], '300_290': [4550.0, 1586.0], '300_290_passing_MET': [0.0, 0.0], '300_290_failing_MET': [0.0, 0.0], '300_290_min_MET_pt': [10000000.0, 10000000.0], '300_285': [0.0, 0.0], '300_285_passing_MET': [0.0, 0.0], '300_285_failing_MET': [0.0, 0.0], '300_285_min_MET_pt': [10000000.0, 10000000.0], '300_280': [784.0, 0.0], '300_280_passing_MET': [758.0, 0.0], '300_280_failing_MET': [26.0, 0.0], '300_280_min_MET_pt': [41.393798828125, 10000000.0], '300_275': [810.0, 0.0], '300_275_passing_MET': [772.0, 0.0], '300_275_failing_MET': [38.0, 0.0], '300_275_min_MET_pt': [35.938560485839844, 10000000.0], '300_270': [0.0, 0.0], '300_270_passing_MET': [0.0, 0.0], '300_270_failing_MET': [0.0, 0.0], '300_270_min_MET_pt': [10000000.0, 10000000.0], '325_315': [1647.0, 2386.0], '325_315_passing_MET': [0.0, 0.0], '325_315_failing_MET': [0.0, 0.0], '325_315_min_MET_pt': [10000000.0, 10000000.0], '325_310': [0.0, 0.0], '325_310_passing_MET': [0.0, 0.0], '325_310_failing_MET': [0.0, 0.0], '325_310_min_MET_pt': [10000000.0, 10000000.0], '325_305': [819.0, 0.0], '325_305_passing_MET': [785.0, 0.0], '325_305_failing_MET': [34.0, 0.0], '325_305_min_MET_pt': [28.674226760864258, 10000000.0], '325_300': [0.0, 806.0], '325_300_passing_MET': [0.0, 761.0], '325_300_failing_MET': [0.0, 45.0], '325_300_min_MET_pt': [10000000.0, 15.936884880065918], '325_295': [0.0, 0.0], '325_295_passing_MET': [0.0, 0.0], '325_295_failing_MET': [0.0, 0.0], '325_295_min_MET_pt': [10000000.0, 10000000.0], '350_340': [855.0, 844.0], '350_340_passing_MET': [0.0, 0.0], '350_340_failing_MET': [0.0, 0.0], '350_340_min_MET_pt': [10000000.0, 10000000.0], '350_335': [0.0, 828.0], '350_335_passing_MET': [0.0, 795.0], '350_335_failing_MET': [0.0, 33.0], '350_335_min_MET_pt': [10000000.0, 16.31123924255371], '350_330': [0.0, 0.0], '350_330_passing_MET': [0.0, 0.0], '350_330_failing_MET': [0.0, 0.0], '350_330_min_MET_pt': [10000000.0, 10000000.0], '350_325': [0.0, 0.0], '350_325_passing_MET': [0.0, 0.0], '350_325_failing_MET': [0.0, 0.0], '350_325_min_MET_pt': [10000000.0, 10000000.0], '350_320': [0.0, 0.0], '350_320_passing_MET': [0.0, 0.0], '350_320_failing_MET': [0.0, 0.0], '350_320_min_MET_pt': [10000000.0, 10000000.0], '375_365': [879.0, 830.0], '375_365_passing_MET': [0.0, 0.0], '375_365_failing_MET': [0.0, 0.0], '375_365_min_MET_pt': [10000000.0, 10000000.0], '375_360': [862.0, 0.0], '375_360_passing_MET': [833.0, 0.0], '375_360_failing_MET': [29.0, 0.0], '375_360_min_MET_pt': [15.80247974395752, 10000000.0], '375_355': [2654.0, 0.0], '375_355_passing_MET': [2550.0, 0.0], '375_355_failing_MET': [104.0, 0.0], '375_355_min_MET_pt': [14.346129417419434, 10000000.0], '375_350': [892.0, 0.0], '375_350_passing_MET': [855.0, 0.0], '375_350_failing_MET': [37.0, 0.0], '375_350_min_MET_pt': [19.198734283447266, 10000000.0], '375_345': [0.0, 1805.0], '375_345_passing_MET': [0.0, 1736.0], '375_345_failing_MET': [0.0, 69.0], '375_345_min_MET_pt': [10000000.0, 13.166912078857422], '400_390': [0.0, 0.0], '400_390_passing_MET': [0.0, 0.0], '400_390_failing_MET': [0.0, 0.0], '400_390_min_MET_pt': [10000000.0, 10000000.0], '400_385': [0.0, 0.0], '400_385_passing_MET': [0.0, 0.0], '400_385_failing_MET': [0.0, 0.0], '400_385_min_MET_pt': [10000000.0, 10000000.0], '400_380': [924.0, 0.0], '400_380_passing_MET': [900.0, 0.0], '400_380_failing_MET': [24.0, 0.0], '400_380_min_MET_pt': [21.610633850097656, 10000000.0], '400_375': [0.0, 0.0], '400_375_passing_MET': [0.0, 0.0], '400_375_failing_MET': [0.0, 0.0], '400_375_min_MET_pt': [10000000.0, 10000000.0], '400_370': [0.0, 0.0], '400_370_passing_MET': [0.0, 0.0], '400_370_failing_MET': [0.0, 0.0], '400_370_min_MET_pt': [10000000.0, 10000000.0], '425_415': [880.0, 2706.0], '425_415_passing_MET': [0.0, 0.0], '425_415_failing_MET': [0.0, 0.0], '425_415_min_MET_pt': [10000000.0, 10000000.0], '425_410': [898.0, 0.0], '425_410_passing_MET': [856.0, 0.0], '425_410_failing_MET': [42.0, 0.0], '425_410_min_MET_pt': [40.20878601074219, 10000000.0], '425_405': [0.0, 0.0], '425_405_passing_MET': [0.0, 0.0], '425_405_failing_MET': [0.0, 0.0], '425_405_min_MET_pt': [10000000.0, 10000000.0], '425_400': [0.0, 0.0], '425_400_passing_MET': [0.0, 0.0], '425_400_failing_MET': [0.0, 0.0], '425_400_min_MET_pt': [10000000.0, 10000000.0], '425_395': [0.0, 999.0], '425_395_passing_MET': [0.0, 955.0], '425_395_failing_MET': [0.0, 44.0], '425_395_min_MET_pt': [10000000.0, 38.758079528808594], '450_440': [1879.0, 0.0], '450_440_passing_MET': [1825.0, 0.0], '450_440_failing_MET': [54.0, 0.0], '450_440_min_MET_pt': [29.345243453979492, 10000000.0], '450_435': [0.0, 0.0], '450_435_passing_MET': [0.0, 0.0], '450_435_failing_MET': [0.0, 0.0], '450_435_min_MET_pt': [10000000.0, 10000000.0], '450_430': [0.0, 965.0], '450_430_passing_MET': [0.0, 931.0], '450_430_failing_MET': [0.0, 34.0], '450_430_min_MET_pt': [10000000.0, 41.37371063232422], '450_425': [0.0, 0.0], '450_425_passing_MET': [0.0, 0.0], '450_425_failing_MET': [0.0, 0.0], '450_425_min_MET_pt': [10000000.0, 10000000.0], '450_420': [0.0, 0.0], '450_420_passing_MET': [0.0, 0.0], '450_420_failing_MET': [0.0, 0.0], '450_420_min_MET_pt': [10000000.0, 10000000.0], '475_465': [0.0, 949.0], '475_465_passing_MET': [0.0, 916.0], '475_465_failing_MET': [0.0, 33.0], '475_465_min_MET_pt': [10000000.0, 37.759395599365234], '475_460': [0.0, 0.0], '475_460_passing_MET': [0.0, 0.0], '475_460_failing_MET': [0.0, 0.0], '475_460_min_MET_pt': [10000000.0, 10000000.0], '475_455': [0.0, 0.0], '475_455_passing_MET': [0.0, 0.0], '475_455_failing_MET': [0.0, 0.0], '475_455_min_MET_pt': [10000000.0, 10000000.0], '475_450': [0.0, 0.0], '475_450_passing_MET': [0.0, 0.0], '475_450_failing_MET': [0.0, 0.0], '475_450_min_MET_pt': [10000000.0, 10000000.0], '475_445': [0.0, 0.0], '475_445_passing_MET': [0.0, 0.0], '475_445_failing_MET': [0.0, 0.0], '475_445_min_MET_pt': [10000000.0, 10000000.0], '500_490': [1001.0, 969.0], '500_490_passing_MET': [0.0, 0.0], '500_490_failing_MET': [0.0, 0.0], '500_490_min_MET_pt': [10000000.0, 10000000.0], '500_485': [0.0, 0.0], '500_485_passing_MET': [0.0, 0.0], '500_485_failing_MET': [0.0, 0.0], '500_485_min_MET_pt': [10000000.0, 10000000.0], '500_480': [918.0, 0.0], '500_480_passing_MET': [896.0, 0.0], '500_480_failing_MET': [22.0, 0.0], '500_480_min_MET_pt': [43.99483108520508, 10000000.0], '500_475': [3931.0, 0.0], '500_475_passing_MET': [3786.0, 0.0], '500_475_failing_MET': [145.0, 0.0], '500_475_min_MET_pt': [18.937108993530273, 10000000.0], '500_470': [1038.0, 0.0], '500_470_passing_MET': [989.0, 0.0], '500_470_failing_MET': [49.0, 0.0], '500_470_min_MET_pt': [37.73904800415039, 10000000.0], '525_515': [0.0, 0.0], '525_515_passing_MET': [0.0, 0.0], '525_515_failing_MET': [0.0, 0.0], '525_515_min_MET_pt': [10000000.0, 10000000.0], '525_510': [0.0, 0.0], '525_510_passing_MET': [0.0, 0.0], '525_510_failing_MET': [0.0, 0.0], '525_510_min_MET_pt': [10000000.0, 10000000.0], '525_505': [0.0, 0.0], '525_505_passing_MET': [0.0, 0.0], '525_505_failing_MET': [0.0, 0.0], '525_505_min_MET_pt': [10000000.0, 10000000.0], '525_500': [0.0, 0.0], '525_500_passing_MET': [0.0, 0.0], '525_500_failing_MET': [0.0, 0.0], '525_500_min_MET_pt': [10000000.0, 10000000.0], '525_495': [0.0, 0.0], '525_495_passing_MET': [0.0, 0.0], '525_495_failing_MET': [0.0, 0.0], '525_495_min_MET_pt': [10000000.0, 10000000.0], '550_540': [967.0, 2902.0], '550_540_passing_MET': [0.0, 0.0], '550_540_failing_MET': [0.0, 0.0], '550_540_min_MET_pt': [10000000.0, 10000000.0], '550_535': [0.0, 871.0], '550_535_passing_MET': [0.0, 836.0], '550_535_failing_MET': [0.0, 35.0], '550_535_min_MET_pt': [10000000.0, 22.69457244873047], '550_530': [0.0, 0.0], '550_530_passing_MET': [0.0, 0.0], '550_530_failing_MET': [0.0, 0.0], '550_530_min_MET_pt': [10000000.0, 10000000.0], '550_525': [826.0, 906.0], '550_525_passing_MET': [0.0, 0.0], '550_525_failing_MET': [0.0, 0.0], '550_525_min_MET_pt': [10000000.0, 10000000.0], '550_520': [0.0, 0.0], '550_520_passing_MET': [0.0, 0.0], '550_520_failing_MET': [0.0, 0.0], '550_520_min_MET_pt': [10000000.0, 10000000.0], '575_565': [0.0, 0.0], '575_565_passing_MET': [0.0, 0.0], '575_565_failing_MET': [0.0, 0.0], '575_565_min_MET_pt': [10000000.0, 10000000.0], '575_560': [0.0, 0.0], '575_560_passing_MET': [0.0, 0.0], '575_560_failing_MET': [0.0, 0.0], '575_560_min_MET_pt': [10000000.0, 10000000.0], '575_555': [0.0, 0.0], '575_555_passing_MET': [0.0, 0.0], '575_555_failing_MET': [0.0, 0.0], '575_555_min_MET_pt': [10000000.0, 10000000.0], '575_550': [0.0, 0.0], '575_550_passing_MET': [0.0, 0.0], '575_550_failing_MET': [0.0, 0.0], '575_550_min_MET_pt': [10000000.0, 10000000.0], '575_545': [0.0, 0.0], '575_545_passing_MET': [0.0, 0.0], '575_545_failing_MET': [0.0, 0.0], '575_545_min_MET_pt': [10000000.0, 10000000.0], '600_590': [1928.0, 2033.0], '600_590_passing_MET': [0.0, 0.0], '600_590_failing_MET': [0.0, 0.0], '600_590_min_MET_pt': [10000000.0, 10000000.0], '600_585': [0.0, 0.0], '600_585_passing_MET': [0.0, 0.0], '600_585_failing_MET': [0.0, 0.0], '600_585_min_MET_pt': [10000000.0, 10000000.0], '600_580': [1071.0, 0.0], '600_580_passing_MET': [1037.0, 0.0], '600_580_failing_MET': [34.0, 0.0], '600_580_min_MET_pt': [11.942612648010254, 10000000.0], '600_575': [869.0, 0.0], '600_575_passing_MET': [849.0, 0.0], '600_575_failing_MET': [20.0, 0.0], '600_575_min_MET_pt': [58.33415603637695, 10000000.0], '600_570': [0.0, 0.0], '600_570_passing_MET': [0.0, 0.0], '600_570_failing_MET': [0.0, 0.0], '600_570_min_MET_pt': [10000000.0, 10000000.0], '625_615': [0.0, 0.0], '625_615_passing_MET': [0.0, 0.0], '625_615_failing_MET': [0.0, 0.0], '625_615_min_MET_pt': [10000000.0, 10000000.0], '625_610': [0.0, 0.0], '625_610_passing_MET': [0.0, 0.0], '625_610_failing_MET': [0.0, 0.0], '625_610_min_MET_pt': [10000000.0, 10000000.0], '625_605': [0.0, 0.0], '625_605_passing_MET': [0.0, 0.0], '625_605_failing_MET': [0.0, 0.0], '625_605_min_MET_pt': [10000000.0, 10000000.0], '625_600': [0.0, 0.0], '625_600_passing_MET': [0.0, 0.0], '625_600_failing_MET': [0.0, 0.0], '625_600_min_MET_pt': [10000000.0, 10000000.0], '625_595': [0.0, 0.0], '625_595_passing_MET': [0.0, 0.0], '625_595_failing_MET': [0.0, 0.0], '625_595_min_MET_pt': [10000000.0, 10000000.0], '650_640': [0.0, 1044.0], '650_640_passing_MET': [0.0, 1019.0], '650_640_failing_MET': [0.0, 25.0], '650_640_min_MET_pt': [10000000.0, 6.555678844451904], '650_635': [0.0, 0.0], '650_635_passing_MET': [0.0, 0.0], '650_635_failing_MET': [0.0, 0.0], '650_635_min_MET_pt': [10000000.0, 10000000.0], '650_630': [0.0, 1002.0], '650_630_passing_MET': [0.0, 971.0], '650_630_failing_MET': [0.0, 31.0], '650_630_min_MET_pt': [10000000.0, 19.256982803344727], '650_625': [0.0, 0.0], '650_625_passing_MET': [0.0, 0.0], '650_625_failing_MET': [0.0, 0.0], '650_625_min_MET_pt': [10000000.0, 10000000.0], '650_620': [0.0, 1129.0], '650_620_passing_MET': [0.0, 1099.0], '650_620_failing_MET': [0.0, 30.0], '650_620_min_MET_pt': [10000000.0, 31.019775390625], '675_665': [0.0, 0.0], '675_665_passing_MET': [0.0, 0.0], '675_665_failing_MET': [0.0, 0.0], '675_665_min_MET_pt': [10000000.0, 10000000.0], '675_660': [0.0, 0.0], '675_660_passing_MET': [0.0, 0.0], '675_660_failing_MET': [0.0, 0.0], '675_660_min_MET_pt': [10000000.0, 10000000.0], '675_655': [0.0, 0.0], '675_655_passing_MET': [0.0, 0.0], '675_655_failing_MET': [0.0, 0.0], '675_655_min_MET_pt': [10000000.0, 10000000.0], '675_650': [0.0, 0.0], '675_650_passing_MET': [0.0, 0.0], '675_650_failing_MET': [0.0, 0.0], '675_650_min_MET_pt': [10000000.0, 10000000.0], '675_645': [0.0, 0.0], '675_645_passing_MET': [0.0, 0.0], '675_645_failing_MET': [0.0, 0.0], '675_645_min_MET_pt': [10000000.0, 10000000.0], '700_690': [1098.0, 1043.0], '700_690_passing_MET': [0.0, 0.0], '700_690_failing_MET': [0.0, 0.0], '700_690_min_MET_pt': [10000000.0, 10000000.0], '700_685': [0.0, 950.0], '700_685_passing_MET': [0.0, 934.0], '700_685_failing_MET': [0.0, 16.0], '700_685_min_MET_pt': [10000000.0, 44.556644439697266], '700_680': [0.0, 0.0], '700_680_passing_MET': [0.0, 0.0], '700_680_failing_MET': [0.0, 0.0], '700_680_min_MET_pt': [10000000.0, 10000000.0], '700_675': [0.0, 0.0], '700_675_passing_MET': [0.0, 0.0], '700_675_failing_MET': [0.0, 0.0], '700_675_min_MET_pt': [10000000.0, 10000000.0], '700_670': [1108.0, 0.0], '700_670_passing_MET': [1087.0, 0.0], '700_670_failing_MET': [21.0, 0.0], '700_670_min_MET_pt': [37.75707244873047, 10000000.0], '725_715': [0.0, 0.0], '725_715_passing_MET': [0.0, 0.0], '725_715_failing_MET': [0.0, 0.0], '725_715_min_MET_pt': [10000000.0, 10000000.0], '725_710': [0.0, 0.0], '725_710_passing_MET': [0.0, 0.0], '725_710_failing_MET': [0.0, 0.0], '725_710_min_MET_pt': [10000000.0, 10000000.0], '725_705': [0.0, 0.0], '725_705_passing_MET': [0.0, 0.0], '725_705_failing_MET': [0.0, 0.0], '725_705_min_MET_pt': [10000000.0, 10000000.0], '725_700': [0.0, 0.0], '725_700_passing_MET': [0.0, 0.0], '725_700_failing_MET': [0.0, 0.0], '725_700_min_MET_pt': [10000000.0, 10000000.0], '725_695': [0.0, 0.0], '725_695_passing_MET': [0.0, 0.0], '725_695_failing_MET': [0.0, 0.0], '725_695_min_MET_pt': [10000000.0, 10000000.0], '750_740': [0.0, 0.0], '750_740_passing_MET': [0.0, 0.0], '750_740_failing_MET': [0.0, 0.0], '750_740_min_MET_pt': [10000000.0, 10000000.0], '750_735': [0.0, 0.0], '750_735_passing_MET': [0.0, 0.0], '750_735_failing_MET': [0.0, 0.0], '750_735_min_MET_pt': [10000000.0, 10000000.0], '750_730': [0.0, 0.0], '750_730_passing_MET': [0.0, 0.0], '750_730_failing_MET': [0.0, 0.0], '750_730_min_MET_pt': [10000000.0, 10000000.0], '750_725': [0.0, 0.0], '750_725_passing_MET': [0.0, 0.0], '750_725_failing_MET': [0.0, 0.0], '750_725_min_MET_pt': [10000000.0, 10000000.0], '750_720': [0.0, 0.0], '750_720_passing_MET': [0.0, 0.0], '750_720_failing_MET': [0.0, 0.0], '750_720_min_MET_pt': [10000000.0, 10000000.0], '775_765': [0.0, 0.0], '775_765_passing_MET': [0.0, 0.0], '775_765_failing_MET': [0.0, 0.0], '775_765_min_MET_pt': [10000000.0, 10000000.0], '775_760': [0.0, 0.0], '775_760_passing_MET': [0.0, 0.0], '775_760_failing_MET': [0.0, 0.0], '775_760_min_MET_pt': [10000000.0, 10000000.0], '775_755': [0.0, 0.0], '775_755_passing_MET': [0.0, 0.0], '775_755_failing_MET': [0.0, 0.0], '775_755_min_MET_pt': [10000000.0, 10000000.0], '775_750': [0.0, 0.0], '775_750_passing_MET': [0.0, 0.0], '775_750_failing_MET': [0.0, 0.0], '775_750_min_MET_pt': [10000000.0, 10000000.0], '775_745': [0.0, 0.0], '775_745_passing_MET': [0.0, 0.0], '775_745_failing_MET': [0.0, 0.0], '775_745_min_MET_pt': [10000000.0, 10000000.0], '800_790': [1091.0, 0.0], '800_790_passing_MET': [1075.0, 0.0], '800_790_failing_MET': [16.0, 0.0], '800_790_min_MET_pt': [67.11399841308594, 10000000.0], '800_785': [0.0, 948.0], '800_785_passing_MET': [0.0, 927.0], '800_785_failing_MET': [0.0, 21.0], '800_785_min_MET_pt': [10000000.0, 4.394375324249268], '800_780': [0.0, 0.0], '800_780_passing_MET': [0.0, 0.0], '800_780_failing_MET': [0.0, 0.0], '800_780_min_MET_pt': [10000000.0, 10000000.0], '800_775': [0.0, 0.0], '800_775_passing_MET': [0.0, 0.0], '800_775_failing_MET': [0.0, 0.0], '800_775_min_MET_pt': [10000000.0, 10000000.0], '800_770': [1181.0, 0.0], '800_770_passing_MET': [1150.0, 0.0], '800_770_failing_MET': [31.0, 0.0], '800_770_min_MET_pt': [48.49034118652344, 10000000.0], '825_815': [0.0, 0.0], '825_815_passing_MET': [0.0, 0.0], '825_815_failing_MET': [0.0, 0.0], '825_815_min_MET_pt': [10000000.0, 10000000.0], '825_810': [0.0, 0.0], '825_810_passing_MET': [0.0, 0.0], '825_810_failing_MET': [0.0, 0.0], '825_810_min_MET_pt': [10000000.0, 10000000.0], '825_805': [0.0, 0.0], '825_805_passing_MET': [0.0, 0.0], '825_805_failing_MET': [0.0, 0.0], '825_805_min_MET_pt': [10000000.0, 10000000.0], '825_800': [0.0, 0.0], '825_800_passing_MET': [0.0, 0.0], '825_800_failing_MET': [0.0, 0.0], '825_800_min_MET_pt': [10000000.0, 10000000.0], '825_795': [0.0, 0.0], '825_795_passing_MET': [0.0, 0.0], '825_795_failing_MET': [0.0, 0.0], '825_795_min_MET_pt': [10000000.0, 10000000.0], '850_840': [1098.0, 2220.0], '850_840_passing_MET': [0.0, 0.0], '850_840_failing_MET': [0.0, 0.0], '850_840_min_MET_pt': [10000000.0, 10000000.0], '850_835': [0.0, 0.0], '850_835_passing_MET': [0.0, 0.0], '850_835_failing_MET': [0.0, 0.0], '850_835_min_MET_pt': [10000000.0, 10000000.0], '850_830': [0.0, 2219.0], '850_830_passing_MET': [0.0, 2157.0], '850_830_failing_MET': [0.0, 62.0], '850_830_min_MET_pt': [10000000.0, 18.93824577331543], '850_825': [0.0, 0.0], '850_825_passing_MET': [0.0, 0.0], '850_825_failing_MET': [0.0, 0.0], '850_825_min_MET_pt': [10000000.0, 10000000.0], '850_820': [0.0, 0.0], '850_820_passing_MET': [0.0, 0.0], '850_820_failing_MET': [0.0, 0.0], '850_820_min_MET_pt': [10000000.0, 10000000.0], '875_865': [0.0, 0.0], '875_865_passing_MET': [0.0, 0.0], '875_865_failing_MET': [0.0, 0.0], '875_865_min_MET_pt': [10000000.0, 10000000.0], '875_860': [0.0, 0.0], '875_860_passing_MET': [0.0, 0.0], '875_860_failing_MET': [0.0, 0.0], '875_860_min_MET_pt': [10000000.0, 10000000.0], '875_855': [0.0, 0.0], '875_855_passing_MET': [0.0, 0.0], '875_855_failing_MET': [0.0, 0.0], '875_855_min_MET_pt': [10000000.0, 10000000.0], '875_850': [0.0, 0.0], '875_850_passing_MET': [0.0, 0.0], '875_850_failing_MET': [0.0, 0.0], '875_850_min_MET_pt': [10000000.0, 10000000.0], '875_845': [0.0, 0.0], '875_845_passing_MET': [0.0, 0.0], '875_845_failing_MET': [0.0, 0.0], '875_845_min_MET_pt': [10000000.0, 10000000.0], '900_890': [0.0, 1014.0], '900_890_passing_MET': [0.0, 994.0], '900_890_failing_MET': [0.0, 20.0], '900_890_min_MET_pt': [10000000.0, 45.08384704589844], '900_885': [0.0, 0.0], '900_885_passing_MET': [0.0, 0.0], '900_885_failing_MET': [0.0, 0.0], '900_885_min_MET_pt': [10000000.0, 10000000.0], '900_880': [0.0, 1102.0], '900_880_passing_MET': [0.0, 1084.0], '900_880_failing_MET': [0.0, 18.0], '900_880_min_MET_pt': [10000000.0, 46.973690032958984], '900_875': [0.0, 0.0], '900_875_passing_MET': [0.0, 0.0], '900_875_failing_MET': [0.0, 0.0], '900_875_min_MET_pt': [10000000.0, 10000000.0], '900_870': [1134.0, 1189.0], '900_870_passing_MET': [0.0, 0.0], '900_870_failing_MET': [0.0, 0.0], '900_870_min_MET_pt': [10000000.0, 10000000.0], '925_915': [0.0, 0.0], '925_915_passing_MET': [0.0, 0.0], '925_915_failing_MET': [0.0, 0.0], '925_915_min_MET_pt': [10000000.0, 10000000.0], '925_910': [0.0, 0.0], '925_910_passing_MET': [0.0, 0.0], '925_910_failing_MET': [0.0, 0.0], '925_910_min_MET_pt': [10000000.0, 10000000.0], '925_905': [0.0, 0.0], '925_905_passing_MET': [0.0, 0.0], '925_905_failing_MET': [0.0, 0.0], '925_905_min_MET_pt': [10000000.0, 10000000.0], '925_900': [0.0, 0.0], '925_900_passing_MET': [0.0, 0.0], '925_900_failing_MET': [0.0, 0.0], '925_900_min_MET_pt': [10000000.0, 10000000.0], '925_895': [0.0, 0.0], '925_895_passing_MET': [0.0, 0.0], '925_895_failing_MET': [0.0, 0.0], '925_895_min_MET_pt': [10000000.0, 10000000.0], '950_940': [2232.0, 1102.0], '950_940_passing_MET': [0.0, 0.0], '950_940_failing_MET': [0.0, 0.0], '950_940_min_MET_pt': [10000000.0, 10000000.0], '950_935': [0.0, 0.0], '950_935_passing_MET': [0.0, 0.0], '950_935_failing_MET': [0.0, 0.0], '950_935_min_MET_pt': [10000000.0, 10000000.0], '950_930': [1130.0, 0.0], '950_930_passing_MET': [1093.0, 0.0], '950_930_failing_MET': [37.0, 0.0], '950_930_min_MET_pt': [46.61521911621094, 10000000.0], '950_925': [0.0, 0.0], '950_925_passing_MET': [0.0, 0.0], '950_925_failing_MET': [0.0, 0.0], '950_925_min_MET_pt': [10000000.0, 10000000.0], '950_920': [2311.0, 1211.0], '950_920_passing_MET': [0.0, 0.0], '950_920_failing_MET': [0.0, 0.0], '950_920_min_MET_pt': [10000000.0, 10000000.0], '975_965': [0.0, 0.0], '975_965_passing_MET': [0.0, 0.0], '975_965_failing_MET': [0.0, 0.0], '975_965_min_MET_pt': [10000000.0, 10000000.0], '975_960': [0.0, 0.0], '975_960_passing_MET': [0.0, 0.0], '975_960_failing_MET': [0.0, 0.0], '975_960_min_MET_pt': [10000000.0, 10000000.0], '975_955': [0.0, 0.0], '975_955_passing_MET': [0.0, 0.0], '975_955_failing_MET': [0.0, 0.0], '975_955_min_MET_pt': [10000000.0, 10000000.0], '975_950': [0.0, 0.0], '975_950_passing_MET': [0.0, 0.0], '975_950_failing_MET': [0.0, 0.0], '975_950_min_MET_pt': [10000000.0, 10000000.0], '975_945': [0.0, 0.0], '975_945_passing_MET': [0.0, 0.0], '975_945_failing_MET': [0.0, 0.0], '975_945_min_MET_pt': [10000000.0, 10000000.0], '1000_990': [2265.0, 2221.0], '1000_990_passing_MET': [0.0, 0.0], '1000_990_failing_MET': [0.0, 0.0], '1000_990_min_MET_pt': [10000000.0, 10000000.0], '1000_985': [0.0, 1952.0], '1000_985_passing_MET': [0.0, 1915.0], '1000_985_failing_MET': [0.0, 37.0], '1000_985_min_MET_pt': [10000000.0, 25.975627899169922], '1000_980': [0.0, 0.0], '1000_980_passing_MET': [0.0, 0.0], '1000_980_failing_MET': [0.0, 0.0], '1000_980_min_MET_pt': [10000000.0, 10000000.0], '1000_975': [0.0, 0.0], '1000_975_passing_MET': [0.0, 0.0], '1000_975_failing_MET': [0.0, 0.0], '1000_975_min_MET_pt': [10000000.0, 10000000.0], '1000_970': [0.0, 0.0], '1000_970_passing_MET': [0.0, 0.0], '1000_970_failing_MET': [0.0, 0.0], '1000_970_min_MET_pt': [10000000.0, 10000000.0], '1025_1015': [0.0, 0.0], '1025_1015_passing_MET': [0.0, 0.0], '1025_1015_failing_MET': [0.0, 0.0], '1025_1015_min_MET_pt': [10000000.0, 10000000.0], '1025_1010': [0.0, 0.0], '1025_1010_passing_MET': [0.0, 0.0], '1025_1010_failing_MET': [0.0, 0.0], '1025_1010_min_MET_pt': [10000000.0, 10000000.0], '1025_1005': [0.0, 0.0], '1025_1005_passing_MET': [0.0, 0.0], '1025_1005_failing_MET': [0.0, 0.0], '1025_1005_min_MET_pt': [10000000.0, 10000000.0], '1025_1000': [0.0, 0.0], '1025_1000_passing_MET': [0.0, 0.0], '1025_1000_failing_MET': [0.0, 0.0], '1025_1000_min_MET_pt': [10000000.0, 10000000.0], '1025_995': [0.0, 0.0], '1025_995_passing_MET': [0.0, 0.0], '1025_995_failing_MET': [0.0, 0.0], '1025_995_min_MET_pt': [10000000.0, 10000000.0], '1050_1040': [0.0, 0.0], '1050_1040_passing_MET': [0.0, 0.0], '1050_1040_failing_MET': [0.0, 0.0], '1050_1040_min_MET_pt': [10000000.0, 10000000.0], '1050_1035': [0.0, 0.0], '1050_1035_passing_MET': [0.0, 0.0], '1050_1035_failing_MET': [0.0, 0.0], '1050_1035_min_MET_pt': [10000000.0, 10000000.0], '1050_1030': [0.0, 0.0], '1050_1030_passing_MET': [0.0, 0.0], '1050_1030_failing_MET': [0.0, 0.0], '1050_1030_min_MET_pt': [10000000.0, 10000000.0], '1050_1025': [0.0, 0.0], '1050_1025_passing_MET': [0.0, 0.0], '1050_1025_failing_MET': [0.0, 0.0], '1050_1025_min_MET_pt': [10000000.0, 10000000.0], '1050_1020': [0.0, 0.0], '1050_1020_passing_MET': [0.0, 0.0], '1050_1020_failing_MET': [0.0, 0.0], '1050_1020_min_MET_pt': [10000000.0, 10000000.0], '1075_1065': [0.0, 0.0], '1075_1065_passing_MET': [0.0, 0.0], '1075_1065_failing_MET': [0.0, 0.0], '1075_1065_min_MET_pt': [10000000.0, 10000000.0], '1075_1060': [0.0, 0.0], '1075_1060_passing_MET': [0.0, 0.0], '1075_1060_failing_MET': [0.0, 0.0], '1075_1060_min_MET_pt': [10000000.0, 10000000.0], '1075_1055': [0.0, 0.0], '1075_1055_passing_MET': [0.0, 0.0], '1075_1055_failing_MET': [0.0, 0.0], '1075_1055_min_MET_pt': [10000000.0, 10000000.0], '1075_1050': [0.0, 0.0], '1075_1050_passing_MET': [0.0, 0.0], '1075_1050_failing_MET': [0.0, 0.0], '1075_1050_min_MET_pt': [10000000.0, 10000000.0], '1075_1045': [0.0, 0.0], '1075_1045_passing_MET': [0.0, 0.0], '1075_1045_failing_MET': [0.0, 0.0], '1075_1045_min_MET_pt': [10000000.0, 10000000.0], '1100_1090': [0.0, 1037.0], '1100_1090_passing_MET': [0.0, 1010.0], '1100_1090_failing_MET': [0.0, 27.0], '1100_1090_min_MET_pt': [10000000.0, 23.90691566467285], '1100_1085': [0.0, 942.0], '1100_1085_passing_MET': [0.0, 933.0], '1100_1085_failing_MET': [0.0, 9.0], '1100_1085_min_MET_pt': [10000000.0, 62.041175842285156], '1100_1080': [0.0, 0.0], '1100_1080_passing_MET': [0.0, 0.0], '1100_1080_failing_MET': [0.0, 0.0], '1100_1080_min_MET_pt': [10000000.0, 10000000.0], '1100_1075': [0.0, 0.0], '1100_1075_passing_MET': [0.0, 0.0], '1100_1075_failing_MET': [0.0, 0.0], '1100_1075_min_MET_pt': [10000000.0, 10000000.0], '1100_1070': [0.0, 0.0], '1100_1070_passing_MET': [0.0, 0.0], '1100_1070_failing_MET': [0.0, 0.0], '1100_1070_min_MET_pt': [10000000.0, 10000000.0], 'nEventsTotal': 155295.0, 'strange masspoints': 0.0, 'orphans': 0.0, 'R-hadron event': 0.0, 'different stop antistop masses': 0.0, 'strange error': 0.0, 'strange event': 0.0, 'different neutralino masses': 9768.0, 'large differences': 0.0, '776_756': [148.0, 144.0], '776_756_passing_MET': [146.0, 142.0], '776_756_failing_MET': [2.0, 2.0], '776_756_min_MET_pt': [87.74903106689453, 89.24801635742188], '776_755': [927.0, 926.0], '776_755_passing_MET': [898.0, 903.0], '776_755_failing_MET': [29.0, 23.0], '776_755_min_MET_pt': [31.721643447875977, 58.37385177612305], '576_545': [911.0, 0.0], '576_545_passing_MET': [882.0, 0.0], '576_545_failing_MET': [29.0, 0.0], '576_545_min_MET_pt': [29.799463272094727, 10000000.0], '576_546': [172.0, 0.0], '576_546_passing_MET': [168.0, 0.0], '576_546_failing_MET': [4.0, 0.0], '576_546_min_MET_pt': [87.1991958618164, 10000000.0], '626_615': [0.0, 1973.0], '626_615_passing_MET': [0.0, 1913.0], '626_615_failing_MET': [0.0, 60.0], '626_615_min_MET_pt': [10000000.0, 27.75983238220215], '626_616': [0.0, 200.0], '626_616_passing_MET': [0.0, 195.0], '626_616_failing_MET': [0.0, 5.0], '626_616_min_MET_pt': [10000000.0, 75.84805297851562], '776_765': [940.0, 0.0], '776_765_passing_MET': [913.0, 0.0], '776_765_failing_MET': [27.0, 0.0], '776_765_min_MET_pt': [49.45770263671875, 10000000.0], '776_766': [102.0, 0.0], '776_766_passing_MET': [99.0, 0.0], '776_766_failing_MET': [3.0, 0.0], '776_766_min_MET_pt': [64.40947723388672, 10000000.0], '576_550': [0.0, 1048.0], '576_550_passing_MET': [0.0, 1015.0], '576_550_failing_MET': [0.0, 33.0], '576_550_min_MET_pt': [10000000.0, 12.87907886505127], '1100_1084': [0.0, 137.0], '1100_1084_passing_MET': [0.0, 135.0], '1100_1084_failing_MET': [0.0, 2.0], '1100_1084_min_MET_pt': [10000000.0, 79.00344848632812], '976_966': [0.0, 109.0], '976_966_passing_MET': [0.0, 107.0], '976_966_failing_MET': [0.0, 2.0], '976_966_min_MET_pt': [10000000.0, 28.543807983398438], '976_965': [0.0, 1073.0], '976_965_passing_MET': [0.0, 1056.0], '976_965_failing_MET': [0.0, 17.0], '976_965_min_MET_pt': [10000000.0, 54.90290832519531], '1076_1065': [4223.0, 2022.0], '1076_1065_passing_MET': [4134.0, 1971.0], '1076_1065_failing_MET': [89.0, 51.0], '1076_1065_min_MET_pt': [11.092479705810547, 18.01081085205078], '1076_1064': [414.0, 200.0], '1076_1064_passing_MET': [404.0, 196.0], '1076_1064_failing_MET': [10.0, 4.0], '1076_1064_min_MET_pt': [42.41989517211914, 75.58799743652344], '526_505': [977.0, 0.0], '526_505_passing_MET': [951.0, 0.0], '526_505_failing_MET': [26.0, 0.0], '526_505_min_MET_pt': [14.447203636169434, 10000000.0], '876_865': [1039.0, 984.0], '876_865_passing_MET': [1013.0, 965.0], '876_865_failing_MET': [26.0, 19.0], '876_865_min_MET_pt': [25.543333053588867, 45.56407165527344], '876_866': [104.0, 98.0], '876_866_passing_MET': [103.0, 98.0], '876_866_failing_MET': [1.0, 0.0], '876_866_min_MET_pt': [84.89813232421875, 105.8432846069336], '976_950': [0.0, 1154.0], '976_950_passing_MET': [0.0, 1134.0], '976_950_failing_MET': [0.0, 20.0], '976_950_min_MET_pt': [10000000.0, 50.70366668701172], '1100_1092': [0.0, 112.0], '1100_1092_passing_MET': [0.0, 109.0], '1100_1092_failing_MET': [0.0, 3.0], '1100_1092_min_MET_pt': [10000000.0, 61.37108612060547], '926_915': [0.0, 1019.0], '926_915_passing_MET': [0.0, 993.0], '926_915_failing_MET': [0.0, 26.0], '926_915_min_MET_pt': [10000000.0, 10.116369247436523], '926_916': [0.0, 92.0], '926_916_passing_MET': [0.0, 92.0], '926_916_failing_MET': [0.0, 0.0], '926_916_min_MET_pt': [10000000.0, 114.05928039550781], '600_576': [153.0, 0.0], '600_576_passing_MET': [151.0, 0.0], '600_576_failing_MET': [2.0, 0.0], '600_576_min_MET_pt': [74.46311950683594, 10000000.0], '926_895': [983.0, 0.0], '926_895_passing_MET': [952.0, 0.0], '926_895_failing_MET': [31.0, 0.0], '926_895_min_MET_pt': [28.58068084716797, 10000000.0], '926_896': [198.0, 0.0], '926_896_passing_MET': [193.0, 0.0], '926_896_failing_MET': [5.0, 0.0], '926_896_min_MET_pt': [31.34146499633789, 10000000.0], '776_760': [0.0, 1009.0], '776_760_passing_MET': [0.0, 989.0], '776_760_failing_MET': [0.0, 20.0], '776_760_min_MET_pt': [10000000.0, 40.758018493652344], '1052_1025': [971.0, 0.0], '1052_1025_passing_MET': [950.0, 0.0], '1052_1025_failing_MET': [21.0, 0.0], '1052_1025_min_MET_pt': [37.794185638427734, 10000000.0], '1052_1024': [179.0, 0.0], '1052_1024_passing_MET': [173.0, 0.0], '1052_1024_failing_MET': [6.0, 0.0], '1052_1024_min_MET_pt': [83.80321502685547, 10000000.0], '526_515': [1747.0, 0.0], '526_515_passing_MET': [1703.0, 0.0], '526_515_failing_MET': [44.0, 0.0], '526_515_min_MET_pt': [41.10797119140625, 10000000.0], '526_516': [165.0, 0.0], '526_516_passing_MET': [162.0, 0.0], '526_516_failing_MET': [3.0, 0.0], '526_516_min_MET_pt': [71.094970703125, 10000000.0], '1024_1000': [0.0, 1197.0], '1024_1000_passing_MET': [0.0, 1163.0], '1024_1000_failing_MET': [0.0, 34.0], '1024_1000_min_MET_pt': [10000000.0, 27.67523956298828], '576_565': [904.0, 0.0], '576_565_passing_MET': [881.0, 0.0], '576_565_failing_MET': [23.0, 0.0], '576_565_min_MET_pt': [25.572864532470703, 10000000.0], '576_566': [84.0, 0.0], '576_566_passing_MET': [83.0, 0.0], '576_566_failing_MET': [1.0, 0.0], '576_566_min_MET_pt': [83.64745330810547, 10000000.0], '726_715': [1987.0, 1936.0], '726_715_passing_MET': [1926.0, 1899.0], '726_715_failing_MET': [61.0, 37.0], '726_715_min_MET_pt': [30.253767013549805, 31.826814651489258], '726_716': [195.0, 162.0], '726_716_passing_MET': [191.0, 159.0], '726_716_failing_MET': [4.0, 3.0], '726_716_min_MET_pt': [35.90611267089844, 74.99778747558594], '876_850': [1186.0, 0.0], '876_850_passing_MET': [1161.0, 0.0], '876_850_failing_MET': [25.0, 0.0], '876_850_min_MET_pt': [36.141746520996094, 10000000.0], '626_610': [0.0, 982.0], '626_610_passing_MET': [0.0, 960.0], '626_610_failing_MET': [0.0, 22.0], '626_610_min_MET_pt': [10000000.0, 47.17063522338867], '676_660': [0.0, 1079.0], '676_660_passing_MET': [0.0, 1052.0], '676_660_failing_MET': [0.0, 27.0], '676_660_min_MET_pt': [10000000.0, 56.38570022583008], '550_536': [0.0, 131.0], '550_536_passing_MET': [0.0, 128.0], '550_536_failing_MET': [0.0, 3.0], '550_536_min_MET_pt': [10000000.0, 68.19156646728516], '676_665': [0.0, 959.0], '676_665_passing_MET': [0.0, 934.0], '676_665_failing_MET': [0.0, 25.0], '676_665_min_MET_pt': [10000000.0, 25.72223472595215], '676_666': [0.0, 83.0], '676_666_passing_MET': [0.0, 81.0], '676_666_failing_MET': [0.0, 2.0], '676_666_min_MET_pt': [10000000.0, 66.46426391601562], '826_810': [0.0, 1115.0], '826_810_passing_MET': [0.0, 1093.0], '826_810_failing_MET': [0.0, 22.0], '826_810_min_MET_pt': [10000000.0, 32.08927917480469], '550_526': [140.0, 145.0], '550_526_passing_MET': [134.0, 139.0], '550_526_failing_MET': [6.0, 6.0], '550_526_min_MET_pt': [71.23483276367188, 64.96560668945312], '826_815': [999.0, 0.0], '826_815_passing_MET': [975.0, 0.0], '826_815_failing_MET': [24.0, 0.0], '826_815_min_MET_pt': [19.99936294555664, 10000000.0], '826_816': [89.0, 0.0], '826_816_passing_MET': [85.0, 0.0], '826_816_failing_MET': [4.0, 0.0], '826_816_min_MET_pt': [62.386722564697266, 10000000.0], '526_500': [1036.0, 0.0], '526_500_passing_MET': [1002.0, 0.0], '526_500_failing_MET': [34.0, 0.0], '526_500_min_MET_pt': [14.481616973876953, 10000000.0], '1000_986': [0.0, 240.0], '1000_986_passing_MET': [0.0, 235.0], '1000_986_failing_MET': [0.0, 5.0], '1000_986_min_MET_pt': [10000000.0, 56.91353225708008], '976_945': [0.0, 986.0], '976_945_passing_MET': [0.0, 952.0], '976_945_failing_MET': [0.0, 34.0], '976_945_min_MET_pt': [10000000.0, 51.66861343383789], '976_946': [0.0, 179.0], '976_946_passing_MET': [0.0, 175.0], '976_946_failing_MET': [0.0, 4.0], '976_946_min_MET_pt': [10000000.0, 24.85211181640625], '726_700': [1166.0, 0.0], '726_700_passing_MET': [1133.0, 0.0], '726_700_failing_MET': [33.0, 0.0], '726_700_min_MET_pt': [45.63361740112305, 10000000.0], '926_906': [0.0, 183.0], '926_906_passing_MET': [0.0, 180.0], '926_906_failing_MET': [0.0, 3.0], '926_906_min_MET_pt': [10000000.0, 91.9290771484375], '926_905': [0.0, 987.0], '926_905_passing_MET': [0.0, 956.0], '926_905_failing_MET': [0.0, 31.0], '926_905_min_MET_pt': [10000000.0, 53.08177947998047], '676_650': [1069.0, 0.0], '676_650_passing_MET': [1029.0, 0.0], '676_650_failing_MET': [40.0, 0.0], '676_650_min_MET_pt': [10.630369186401367, 10000000.0], '826_805': [0.0, 1008.0], '826_805_passing_MET': [0.0, 986.0], '826_805_failing_MET': [0.0, 22.0], '826_805_min_MET_pt': [10000000.0, 35.768531799316406], '826_806': [0.0, 154.0], '826_806_passing_MET': [0.0, 151.0], '826_806_failing_MET': [0.0, 3.0], '826_806_min_MET_pt': [10000000.0, 79.78145599365234], '826_795': [972.0, 0.0], '826_795_passing_MET': [953.0, 0.0], '826_795_failing_MET': [19.0, 0.0], '826_795_min_MET_pt': [20.72919464111328, 10000000.0], '826_796': [195.0, 0.0], '826_796_passing_MET': [188.0, 0.0], '826_796_failing_MET': [7.0, 0.0], '826_796_min_MET_pt': [31.580543518066406, 10000000.0], '826_800': [0.0, 1170.0], '826_800_passing_MET': [0.0, 1142.0], '826_800_failing_MET': [0.0, 28.0], '826_800_min_MET_pt': [10000000.0, 17.8958740234375], '1052_1040': [0.0, 1144.0], '1052_1040_passing_MET': [0.0, 1118.0], '1052_1040_failing_MET': [0.0, 26.0], '1052_1040_min_MET_pt': [10000000.0, 32.21177673339844], '1024_1015': [0.0, 2047.0], '1024_1015_passing_MET': [0.0, 1995.0], '1024_1015_failing_MET': [0.0, 52.0], '1024_1015_min_MET_pt': [10000000.0, 27.85963249206543], '1024_1016': [0.0, 209.0], '1024_1016_passing_MET': [0.0, 201.0], '1024_1016_failing_MET': [0.0, 8.0], '1024_1016_min_MET_pt': [10000000.0, 25.300559997558594], '800_786': [0.0, 137.0], '800_786_passing_MET': [0.0, 132.0], '800_786_failing_MET': [0.0, 5.0], '800_786_min_MET_pt': [10000000.0, 74.74635314941406], '1052_1032': [144.0, 0.0], '1052_1032_passing_MET': [141.0, 0.0], '1052_1032_failing_MET': [3.0, 0.0], '1052_1032_min_MET_pt': [58.39944076538086, 10000000.0], '1052_1030': [987.0, 0.0], '1052_1030_passing_MET': [966.0, 0.0], '1052_1030_failing_MET': [21.0, 0.0], '1052_1030_min_MET_pt': [49.39419174194336, 10000000.0], '700_686': [0.0, 125.0], '700_686_passing_MET': [0.0, 123.0], '700_686_failing_MET': [0.0, 2.0], '700_686_min_MET_pt': [10000000.0, 60.88533401489258], '726_705': [913.0, 0.0], '726_705_passing_MET': [894.0, 0.0], '726_705_failing_MET': [19.0, 0.0], '726_705_min_MET_pt': [50.98065185546875, 10000000.0], '726_706': [161.0, 0.0], '726_706_passing_MET': [158.0, 0.0], '726_706_failing_MET': [3.0, 0.0], '726_706_min_MET_pt': [68.86251068115234, 10000000.0]}
nevents_from_dict =  3680262698.742077
Results saved to /afs/cern.ch/work/m/mleoncoe/private/stop_met_check/outputs_2018/nanoAOD_2.json
done
