000 (9018140.486.000) 01/06 10:56:41 Job submitted from host: <188.185.6.50:9618?addrs=188.185.6.50-9618+[2001-1458-d00-62--100-2b1]-9618&alias=bigbird25.cern.ch&noUDP&sock=schedd_1627_90ad>
...
040 (9018140.486.000) 01/06 11:01:02 Started transferring input files
	Transferring to host: <188.185.196.132:9618?addrs=188.185.196.132-9618+[2001-1458-303-23--100-80]-9618&alias=b9p16p6169.cern.ch&noUDP&sock=slot1_45_372764_b5af_32418>
...
040 (9018140.486.000) 01/06 11:01:02 Finished transferring input files
...
001 (9018140.486.000) 01/06 11:01:03 Job executing on host: <188.185.196.132:9618?addrs=188.185.196.132-9618+[2001-1458-303-23--100-80]-9618&alias=b9p16p6169.cern.ch&noUDP&sock=startd_3963_dde9>
	SlotName: slot1_45@b9p16p6169.cern.ch
	CondorScratchDir = "/pool/condor/dir_1672430"
	Cpus = 1
	Disk = 3801
	GPUs = 0
	Memory = 3000
...
006 (9018140.486.000) 01/06 11:01:16 Image size of job updated: 173144
	170  -  MemoryUsage of job (MB)
	173144  -  ResidentSetSize of job (KB)
...
006 (9018140.486.000) 01/06 11:06:16 Image size of job updated: 199168
	195  -  MemoryUsage of job (MB)
	199168  -  ResidentSetSize of job (KB)
...
006 (9018140.486.000) 01/06 11:11:17 Image size of job updated: 199336
	195  -  MemoryUsage of job (MB)
	199336  -  ResidentSetSize of job (KB)
...
006 (9018140.486.000) 01/06 11:15:19 Image size of job updated: 200248
	195  -  MemoryUsage of job (MB)
	199336  -  ResidentSetSize of job (KB)
...
040 (9018140.486.000) 01/06 11:15:19 Started transferring output files
...
040 (9018140.486.000) 01/06 11:15:19 Finished transferring output files
...
005 (9018140.486.000) 01/06 11:15:19 Job terminated.
	(1) Normal termination (return value 0)
		Usr 0 00:14:02, Sys 0 00:00:01  -  Run Remote Usage
		Usr 0 00:00:00, Sys 0 00:00:00  -  Run Local Usage
		Usr 0 00:14:02, Sys 0 00:00:01  -  Total Remote Usage
		Usr 0 00:00:00, Sys 0 00:00:00  -  Total Local Usage
	33219  -  Run Bytes Sent By Job
	21436  -  Run Bytes Received By Job
	33219  -  Total Bytes Sent By Job
	21436  -  Total Bytes Received By Job
	Partitionable Resources :    Usage  Request Allocated 
	   Cpus                 :     0.99        1         1 
	   Disk (KB)            :    81          22      3801 
	   GPUs                 :                           0 
	   Memory (MB)          :   195        3000      3000 
	   TimeExecute (s)      :   856                       
	   TimeSlotBusy (s)     :   857                       

	Job terminated of its own accord at 2026-01-06T10:15:19Z with exit-code 0.
...
