i am in this directory
/pool/condor/dir_3837277
Python 3.9.23
3.9.23
 will run this python stop_check_met_eff.py /eos/user/m/mleoncoe/stop_event_check/privateNanoAod2018/nanoAOD_569.root /afs/cern.ch/work/m/mleoncoe/private/stop_met_check/outputs_2018/nanoAOD_569.json
event num1000
event num2000
event num3000
event num4000
event num5000
event num6000
event num7000
event num8000
event num9000
event num10000
event num11000
event num12000
event num13000
event num14000
event num15000
event num16000
event num17000
event num18000
event num19000
event num20000
event num21000
event num22000
event num23000
event num24000
event num25000
event num26000
event num27000
event num28000
event num29000
event num30000
event num31000
event num32000
event num33000
event num34000
event num35000
event num36000
event num37000
event num38000
event num39000
event num40000
event num41000
event num42000
event num43000
R-hadrond found
R-hadrond found
event num44000
event num45000
event num46000
event num47000
event num48000
event num49000
event num50000
event num51000
event num52000
event num53000
event num54000
event num55000
event num56000
event num57000
event num58000
event num59000
event num60000
event num61000
event num62000
event num63000
event num64000
event num65000
event num66000
event num67000
event num68000
event num69000
event num70000
event num71000
event num72000
event num73000
event num74000
event num75000
event num76000
event num77000
event num78000
event num79000
event num80000
event num81000
event num82000
event num83000
event num84000
event num85000
event num86000
event num87000
event num88000
event num89000
event num90000
event num91000
event num92000
event num93000
event num94000
event num95000
event num96000
event num97000
event num98000
event num99000
event num100000
event num101000
event num102000
event num103000
event num104000
event num105000
event num106000
event num107000
event num108000
event num109000
event num110000
event num111000
event num112000
event num113000
event num114000
event num115000
event num116000
event num117000
event num118000
event num119000
event num120000
event num121000
event num122000
event num123000
event num124000
event num125000
event num126000
event num127000
event num128000
event num129000
event num130000
event num131000
event num132000
event num133000
event num134000
event num135000
event num136000
event num137000
event num138000
event num139000
event num140000
event num141000
event num142000
event num143000
event num144000
event num145000
event num146000
event num147000
event num148000
event num149000
event num150000
event num151000
event num152000
event num153000
event num154000
event num155000
event num156000
event num157000
event num158000
event num159000
event num160000
event num161000
event num162000
event num163000
event num164000
event num165000
event num166000
event num167000
event num168000
event num169000
event num170000
event num171000
event num172000
event num173000
event num174000
event num175000
{'250_240': [0.0, 716.0], '250_240_passing_MET': [0.0, 692.0], '250_240_failing_MET': [0.0, 24.0], '250_240_min_MET_pt': [10000000.0, 45.441375732421875], '250_235': [0.0, 740.0], '250_235_passing_MET': [0.0, 705.0], '250_235_failing_MET': [0.0, 35.0], '250_235_min_MET_pt': [10000000.0, 16.35149383544922], '250_230': [1539.0, 770.0], '250_230_passing_MET': [0.0, 0.0], '250_230_failing_MET': [0.0, 0.0], '250_230_min_MET_pt': [10000000.0, 10000000.0], '250_225': [745.0, 0.0], '250_225_passing_MET': [708.0, 0.0], '250_225_failing_MET': [37.0, 0.0], '250_225_min_MET_pt': [25.500831604003906, 10000000.0], '250_220': [0.0, 1548.0], '250_220_passing_MET': [0.0, 1450.0], '250_220_failing_MET': [0.0, 98.0], '250_220_min_MET_pt': [10000000.0, 10.053987503051758], '275_265': [0.0, 692.0], '275_265_passing_MET': [0.0, 665.0], '275_265_failing_MET': [0.0, 27.0], '275_265_min_MET_pt': [10000000.0, 4.204019546508789], '275_260': [0.0, 0.0], '275_260_passing_MET': [0.0, 0.0], '275_260_failing_MET': [0.0, 0.0], '275_260_min_MET_pt': [10000000.0, 10000000.0], '275_255': [1556.0, 794.0], '275_255_passing_MET': [0.0, 0.0], '275_255_failing_MET': [0.0, 0.0], '275_255_min_MET_pt': [10000000.0, 10000000.0], '275_250': [0.0, 0.0], '275_250_passing_MET': [0.0, 0.0], '275_250_failing_MET': [0.0, 0.0], '275_250_min_MET_pt': [10000000.0, 10000000.0], '275_245': [0.0, 0.0], '275_245_passing_MET': [0.0, 0.0], '275_245_failing_MET': [0.0, 0.0], '275_245_min_MET_pt': [10000000.0, 10000000.0], '300_290': [0.0, 0.0], '300_290_passing_MET': [0.0, 0.0], '300_290_failing_MET': [0.0, 0.0], '300_290_min_MET_pt': [10000000.0, 10000000.0], '300_285': [0.0, 764.0], '300_285_passing_MET': [0.0, 731.0], '300_285_failing_MET': [0.0, 33.0], '300_285_min_MET_pt': [10000000.0, 23.570005416870117], '300_280': [0.0, 1549.0], '300_280_passing_MET': [0.0, 1488.0], '300_280_failing_MET': [0.0, 61.0], '300_280_min_MET_pt': [10000000.0, 29.900741577148438], '300_275': [0.0, 0.0], '300_275_passing_MET': [0.0, 0.0], '300_275_failing_MET': [0.0, 0.0], '300_275_min_MET_pt': [10000000.0, 10000000.0], '300_270': [0.0, 0.0], '300_270_passing_MET': [0.0, 0.0], '300_270_failing_MET': [0.0, 0.0], '300_270_min_MET_pt': [10000000.0, 10000000.0], '325_315': [761.0, 1551.0], '325_315_passing_MET': [0.0, 0.0], '325_315_failing_MET': [0.0, 0.0], '325_315_min_MET_pt': [10000000.0, 10000000.0], '325_310': [0.0, 1608.0], '325_310_passing_MET': [0.0, 1544.0], '325_310_failing_MET': [0.0, 64.0], '325_310_min_MET_pt': [10000000.0, 9.175704956054688], '325_305': [0.0, 802.0], '325_305_passing_MET': [0.0, 773.0], '325_305_failing_MET': [0.0, 29.0], '325_305_min_MET_pt': [10000000.0, 35.21394729614258], '325_300': [0.0, 0.0], '325_300_passing_MET': [0.0, 0.0], '325_300_failing_MET': [0.0, 0.0], '325_300_min_MET_pt': [10000000.0, 10000000.0], '325_295': [0.0, 0.0], '325_295_passing_MET': [0.0, 0.0], '325_295_failing_MET': [0.0, 0.0], '325_295_min_MET_pt': [10000000.0, 10000000.0], '350_340': [0.0, 1694.0], '350_340_passing_MET': [0.0, 1648.0], '350_340_failing_MET': [0.0, 46.0], '350_340_min_MET_pt': [10000000.0, 27.096609115600586], '350_335': [0.0, 867.0], '350_335_passing_MET': [0.0, 837.0], '350_335_failing_MET': [0.0, 30.0], '350_335_min_MET_pt': [10000000.0, 50.230987548828125], '350_330': [0.0, 0.0], '350_330_passing_MET': [0.0, 0.0], '350_330_failing_MET': [0.0, 0.0], '350_330_min_MET_pt': [10000000.0, 10000000.0], '350_325': [0.0, 0.0], '350_325_passing_MET': [0.0, 0.0], '350_325_failing_MET': [0.0, 0.0], '350_325_min_MET_pt': [10000000.0, 10000000.0], '350_320': [0.0, 891.0], '350_320_passing_MET': [0.0, 855.0], '350_320_failing_MET': [0.0, 36.0], '350_320_min_MET_pt': [10000000.0, 34.3844108581543], '375_365': [889.0, 0.0], '375_365_passing_MET': [860.0, 0.0], '375_365_failing_MET': [29.0, 0.0], '375_365_min_MET_pt': [15.826784133911133, 10000000.0], '375_360': [900.0, 0.0], '375_360_passing_MET': [870.0, 0.0], '375_360_failing_MET': [30.0, 0.0], '375_360_min_MET_pt': [8.97242546081543, 10000000.0], '375_355': [896.0, 0.0], '375_355_passing_MET': [859.0, 0.0], '375_355_failing_MET': [37.0, 0.0], '375_355_min_MET_pt': [24.395349502563477, 10000000.0], '375_350': [0.0, 952.0], '375_350_passing_MET': [0.0, 909.0], '375_350_failing_MET': [0.0, 43.0], '375_350_min_MET_pt': [10000000.0, 41.600746154785156], '375_345': [0.0, 0.0], '375_345_passing_MET': [0.0, 0.0], '375_345_failing_MET': [0.0, 0.0], '375_345_min_MET_pt': [10000000.0, 10000000.0], '400_390': [0.0, 915.0], '400_390_passing_MET': [0.0, 891.0], '400_390_failing_MET': [0.0, 24.0], '400_390_min_MET_pt': [10000000.0, 53.31895065307617], '400_385': [0.0, 0.0], '400_385_passing_MET': [0.0, 0.0], '400_385_failing_MET': [0.0, 0.0], '400_385_min_MET_pt': [10000000.0, 10000000.0], '400_380': [0.0, 987.0], '400_380_passing_MET': [0.0, 958.0], '400_380_failing_MET': [0.0, 29.0], '400_380_min_MET_pt': [10000000.0, 24.051513671875], '400_375': [0.0, 0.0], '400_375_passing_MET': [0.0, 0.0], '400_375_failing_MET': [0.0, 0.0], '400_375_min_MET_pt': [10000000.0, 10000000.0], '400_370': [0.0, 980.0], '400_370_passing_MET': [0.0, 940.0], '400_370_failing_MET': [0.0, 40.0], '400_370_min_MET_pt': [10000000.0, 40.6836051940918], '425_415': [0.0, 943.0], '425_415_passing_MET': [0.0, 916.0], '425_415_failing_MET': [0.0, 27.0], '425_415_min_MET_pt': [10000000.0, 24.70751190185547], '425_410': [0.0, 0.0], '425_410_passing_MET': [0.0, 0.0], '425_410_failing_MET': [0.0, 0.0], '425_410_min_MET_pt': [10000000.0, 10000000.0], '425_405': [0.0, 0.0], '425_405_passing_MET': [0.0, 0.0], '425_405_failing_MET': [0.0, 0.0], '425_405_min_MET_pt': [10000000.0, 10000000.0], '425_400': [0.0, 0.0], '425_400_passing_MET': [0.0, 0.0], '425_400_failing_MET': [0.0, 0.0], '425_400_min_MET_pt': [10000000.0, 10000000.0], '425_395': [0.0, 2957.0], '425_395_passing_MET': [0.0, 2837.0], '425_395_failing_MET': [0.0, 120.0], '425_395_min_MET_pt': [10000000.0, 3.1881215572357178], '450_440': [1792.0, 1838.0], '450_440_passing_MET': [0.0, 0.0], '450_440_failing_MET': [0.0, 0.0], '450_440_min_MET_pt': [10000000.0, 10000000.0], '450_435': [0.0, 0.0], '450_435_passing_MET': [0.0, 0.0], '450_435_failing_MET': [0.0, 0.0], '450_435_min_MET_pt': [10000000.0, 10000000.0], '450_430': [950.0, 961.0], '450_430_passing_MET': [0.0, 0.0], '450_430_failing_MET': [0.0, 0.0], '450_430_min_MET_pt': [10000000.0, 10000000.0], '450_425': [0.0, 0.0], '450_425_passing_MET': [0.0, 0.0], '450_425_failing_MET': [0.0, 0.0], '450_425_min_MET_pt': [10000000.0, 10000000.0], '450_420': [0.0, 1022.0], '450_420_passing_MET': [0.0, 982.0], '450_420_failing_MET': [0.0, 40.0], '450_420_min_MET_pt': [10000000.0, 21.401142120361328], '475_465': [0.0, 944.0], '475_465_passing_MET': [0.0, 912.0], '475_465_failing_MET': [0.0, 32.0], '475_465_min_MET_pt': [10000000.0, 35.64210510253906], '475_460': [0.0, 0.0], '475_460_passing_MET': [0.0, 0.0], '475_460_failing_MET': [0.0, 0.0], '475_460_min_MET_pt': [10000000.0, 10000000.0], '475_455': [0.0, 930.0], '475_455_passing_MET': [0.0, 903.0], '475_455_failing_MET': [0.0, 27.0], '475_455_min_MET_pt': [10000000.0, 7.327314376831055], '475_450': [1023.0, 0.0], '475_450_passing_MET': [984.0, 0.0], '475_450_failing_MET': [39.0, 0.0], '475_450_min_MET_pt': [43.553497314453125, 10000000.0], '475_445': [0.0, 0.0], '475_445_passing_MET': [0.0, 0.0], '475_445_failing_MET': [0.0, 0.0], '475_445_min_MET_pt': [10000000.0, 10000000.0], '500_490': [2909.0, 1895.0], '500_490_passing_MET': [0.0, 0.0], '500_490_failing_MET': [0.0, 0.0], '500_490_min_MET_pt': [10000000.0, 10000000.0], '500_485': [988.0, 0.0], '500_485_passing_MET': [956.0, 0.0], '500_485_failing_MET': [32.0, 0.0], '500_485_min_MET_pt': [21.214691162109375, 10000000.0], '500_480': [0.0, 0.0], '500_480_passing_MET': [0.0, 0.0], '500_480_failing_MET': [0.0, 0.0], '500_480_min_MET_pt': [10000000.0, 10000000.0], '500_475': [0.0, 0.0], '500_475_passing_MET': [0.0, 0.0], '500_475_failing_MET': [0.0, 0.0], '500_475_min_MET_pt': [10000000.0, 10000000.0], '500_470': [0.0, 0.0], '500_470_passing_MET': [0.0, 0.0], '500_470_failing_MET': [0.0, 0.0], '500_470_min_MET_pt': [10000000.0, 10000000.0], '525_515': [0.0, 0.0], '525_515_passing_MET': [0.0, 0.0], '525_515_failing_MET': [0.0, 0.0], '525_515_min_MET_pt': [10000000.0, 10000000.0], '525_510': [0.0, 0.0], '525_510_passing_MET': [0.0, 0.0], '525_510_failing_MET': [0.0, 0.0], '525_510_min_MET_pt': [10000000.0, 10000000.0], '525_505': [0.0, 0.0], '525_505_passing_MET': [0.0, 0.0], '525_505_failing_MET': [0.0, 0.0], '525_505_min_MET_pt': [10000000.0, 10000000.0], '525_500': [0.0, 0.0], '525_500_passing_MET': [0.0, 0.0], '525_500_failing_MET': [0.0, 0.0], '525_500_min_MET_pt': [10000000.0, 10000000.0], '525_495': [0.0, 0.0], '525_495_passing_MET': [0.0, 0.0], '525_495_failing_MET': [0.0, 0.0], '525_495_min_MET_pt': [10000000.0, 10000000.0], '550_540': [984.0, 0.0], '550_540_passing_MET': [954.0, 0.0], '550_540_failing_MET': [30.0, 0.0], '550_540_min_MET_pt': [42.21800994873047, 10000000.0], '550_535': [0.0, 2644.0], '550_535_passing_MET': [0.0, 2577.0], '550_535_failing_MET': [0.0, 67.0], '550_535_min_MET_pt': [10000000.0, 28.73072624206543], '550_530': [966.0, 0.0], '550_530_passing_MET': [935.0, 0.0], '550_530_failing_MET': [31.0, 0.0], '550_530_min_MET_pt': [13.22714900970459, 10000000.0], '550_525': [0.0, 0.0], '550_525_passing_MET': [0.0, 0.0], '550_525_failing_MET': [0.0, 0.0], '550_525_min_MET_pt': [10000000.0, 10000000.0], '550_520': [0.0, 0.0], '550_520_passing_MET': [0.0, 0.0], '550_520_failing_MET': [0.0, 0.0], '550_520_min_MET_pt': [10000000.0, 10000000.0], '575_565': [0.0, 0.0], '575_565_passing_MET': [0.0, 0.0], '575_565_failing_MET': [0.0, 0.0], '575_565_min_MET_pt': [10000000.0, 10000000.0], '575_560': [0.0, 0.0], '575_560_passing_MET': [0.0, 0.0], '575_560_failing_MET': [0.0, 0.0], '575_560_min_MET_pt': [10000000.0, 10000000.0], '575_555': [0.0, 0.0], '575_555_passing_MET': [0.0, 0.0], '575_555_failing_MET': [0.0, 0.0], '575_555_min_MET_pt': [10000000.0, 10000000.0], '575_550': [0.0, 0.0], '575_550_passing_MET': [0.0, 0.0], '575_550_failing_MET': [0.0, 0.0], '575_550_min_MET_pt': [10000000.0, 10000000.0], '575_545': [0.0, 0.0], '575_545_passing_MET': [0.0, 0.0], '575_545_failing_MET': [0.0, 0.0], '575_545_min_MET_pt': [10000000.0, 10000000.0], '600_590': [1049.0, 1027.0], '600_590_passing_MET': [0.0, 0.0], '600_590_failing_MET': [0.0, 0.0], '600_590_min_MET_pt': [10000000.0, 10000000.0], '600_585': [0.0, 0.0], '600_585_passing_MET': [0.0, 0.0], '600_585_failing_MET': [0.0, 0.0], '600_585_min_MET_pt': [10000000.0, 10000000.0], '600_580': [988.0, 1025.0], '600_580_passing_MET': [0.0, 0.0], '600_580_failing_MET': [0.0, 0.0], '600_580_min_MET_pt': [10000000.0, 10000000.0], '600_575': [0.0, 0.0], '600_575_passing_MET': [0.0, 0.0], '600_575_failing_MET': [0.0, 0.0], '600_575_min_MET_pt': [10000000.0, 10000000.0], '600_570': [0.0, 3165.0], '600_570_passing_MET': [0.0, 3056.0], '600_570_failing_MET': [0.0, 109.0], '600_570_min_MET_pt': [10000000.0, 15.580897331237793], '625_615': [0.0, 0.0], '625_615_passing_MET': [0.0, 0.0], '625_615_failing_MET': [0.0, 0.0], '625_615_min_MET_pt': [10000000.0, 10000000.0], '625_610': [0.0, 0.0], '625_610_passing_MET': [0.0, 0.0], '625_610_failing_MET': [0.0, 0.0], '625_610_min_MET_pt': [10000000.0, 10000000.0], '625_605': [0.0, 0.0], '625_605_passing_MET': [0.0, 0.0], '625_605_failing_MET': [0.0, 0.0], '625_605_min_MET_pt': [10000000.0, 10000000.0], '625_600': [0.0, 0.0], '625_600_passing_MET': [0.0, 0.0], '625_600_failing_MET': [0.0, 0.0], '625_600_min_MET_pt': [10000000.0, 10000000.0], '625_595': [0.0, 0.0], '625_595_passing_MET': [0.0, 0.0], '625_595_failing_MET': [0.0, 0.0], '625_595_min_MET_pt': [10000000.0, 10000000.0], '650_640': [1019.0, 1995.0], '650_640_passing_MET': [0.0, 0.0], '650_640_failing_MET': [0.0, 0.0], '650_640_min_MET_pt': [10000000.0, 10000000.0], '650_635': [899.0, 918.0], '650_635_passing_MET': [0.0, 0.0], '650_635_failing_MET': [0.0, 0.0], '650_635_min_MET_pt': [10000000.0, 10000000.0], '650_630': [0.0, 0.0], '650_630_passing_MET': [0.0, 0.0], '650_630_failing_MET': [0.0, 0.0], '650_630_min_MET_pt': [10000000.0, 10000000.0], '650_625': [937.0, 963.0], '650_625_passing_MET': [0.0, 0.0], '650_625_failing_MET': [0.0, 0.0], '650_625_min_MET_pt': [10000000.0, 10000000.0], '650_620': [0.0, 0.0], '650_620_passing_MET': [0.0, 0.0], '650_620_failing_MET': [0.0, 0.0], '650_620_min_MET_pt': [10000000.0, 10000000.0], '675_665': [0.0, 0.0], '675_665_passing_MET': [0.0, 0.0], '675_665_failing_MET': [0.0, 0.0], '675_665_min_MET_pt': [10000000.0, 10000000.0], '675_660': [0.0, 0.0], '675_660_passing_MET': [0.0, 0.0], '675_660_failing_MET': [0.0, 0.0], '675_660_min_MET_pt': [10000000.0, 10000000.0], '675_655': [0.0, 0.0], '675_655_passing_MET': [0.0, 0.0], '675_655_failing_MET': [0.0, 0.0], '675_655_min_MET_pt': [10000000.0, 10000000.0], '675_650': [0.0, 0.0], '675_650_passing_MET': [0.0, 0.0], '675_650_failing_MET': [0.0, 0.0], '675_650_min_MET_pt': [10000000.0, 10000000.0], '675_645': [0.0, 0.0], '675_645_passing_MET': [0.0, 0.0], '675_645_failing_MET': [0.0, 0.0], '675_645_min_MET_pt': [10000000.0, 10000000.0], '700_690': [2097.0, 978.0], '700_690_passing_MET': [0.0, 0.0], '700_690_failing_MET': [0.0, 0.0], '700_690_min_MET_pt': [10000000.0, 10000000.0], '700_685': [0.0, 0.0], '700_685_passing_MET': [0.0, 0.0], '700_685_failing_MET': [0.0, 0.0], '700_685_min_MET_pt': [10000000.0, 10000000.0], '700_680': [1059.0, 0.0], '700_680_passing_MET': [1020.0, 0.0], '700_680_failing_MET': [39.0, 0.0], '700_680_min_MET_pt': [34.28047180175781, 10000000.0], '700_675': [0.0, 930.0], '700_675_passing_MET': [0.0, 905.0], '700_675_failing_MET': [0.0, 25.0], '700_675_min_MET_pt': [10000000.0, 45.97102737426758], '700_670': [0.0, 1134.0], '700_670_passing_MET': [0.0, 1095.0], '700_670_failing_MET': [0.0, 39.0], '700_670_min_MET_pt': [10000000.0, 24.83834457397461], '725_715': [0.0, 0.0], '725_715_passing_MET': [0.0, 0.0], '725_715_failing_MET': [0.0, 0.0], '725_715_min_MET_pt': [10000000.0, 10000000.0], '725_710': [0.0, 0.0], '725_710_passing_MET': [0.0, 0.0], '725_710_failing_MET': [0.0, 0.0], '725_710_min_MET_pt': [10000000.0, 10000000.0], '725_705': [0.0, 0.0], '725_705_passing_MET': [0.0, 0.0], '725_705_failing_MET': [0.0, 0.0], '725_705_min_MET_pt': [10000000.0, 10000000.0], '725_700': [0.0, 0.0], '725_700_passing_MET': [0.0, 0.0], '725_700_failing_MET': [0.0, 0.0], '725_700_min_MET_pt': [10000000.0, 10000000.0], '725_695': [0.0, 0.0], '725_695_passing_MET': [0.0, 0.0], '725_695_failing_MET': [0.0, 0.0], '725_695_min_MET_pt': [10000000.0, 10000000.0], '750_740': [0.0, 0.0], '750_740_passing_MET': [0.0, 0.0], '750_740_failing_MET': [0.0, 0.0], '750_740_min_MET_pt': [10000000.0, 10000000.0], '750_735': [0.0, 0.0], '750_735_passing_MET': [0.0, 0.0], '750_735_failing_MET': [0.0, 0.0], '750_735_min_MET_pt': [10000000.0, 10000000.0], '750_730': [0.0, 1120.0], '750_730_passing_MET': [0.0, 1080.0], '750_730_failing_MET': [0.0, 40.0], '750_730_min_MET_pt': [10000000.0, 26.318485260009766], '750_725': [963.0, 0.0], '750_725_passing_MET': [924.0, 0.0], '750_725_failing_MET': [39.0, 0.0], '750_725_min_MET_pt': [24.687681198120117, 10000000.0], '750_720': [0.0, 0.0], '750_720_passing_MET': [0.0, 0.0], '750_720_failing_MET': [0.0, 0.0], '750_720_min_MET_pt': [10000000.0, 10000000.0], '775_765': [0.0, 0.0], '775_765_passing_MET': [0.0, 0.0], '775_765_failing_MET': [0.0, 0.0], '775_765_min_MET_pt': [10000000.0, 10000000.0], '775_760': [0.0, 0.0], '775_760_passing_MET': [0.0, 0.0], '775_760_failing_MET': [0.0, 0.0], '775_760_min_MET_pt': [10000000.0, 10000000.0], '775_755': [0.0, 0.0], '775_755_passing_MET': [0.0, 0.0], '775_755_failing_MET': [0.0, 0.0], '775_755_min_MET_pt': [10000000.0, 10000000.0], '775_750': [0.0, 0.0], '775_750_passing_MET': [0.0, 0.0], '775_750_failing_MET': [0.0, 0.0], '775_750_min_MET_pt': [10000000.0, 10000000.0], '775_745': [0.0, 0.0], '775_745_passing_MET': [0.0, 0.0], '775_745_failing_MET': [0.0, 0.0], '775_745_min_MET_pt': [10000000.0, 10000000.0], '800_790': [0.0, 0.0], '800_790_passing_MET': [0.0, 0.0], '800_790_failing_MET': [0.0, 0.0], '800_790_min_MET_pt': [10000000.0, 10000000.0], '800_785': [2003.0, 942.0], '800_785_passing_MET': [0.0, 0.0], '800_785_failing_MET': [0.0, 0.0], '800_785_min_MET_pt': [10000000.0, 10000000.0], '800_780': [0.0, 0.0], '800_780_passing_MET': [0.0, 0.0], '800_780_failing_MET': [0.0, 0.0], '800_780_min_MET_pt': [10000000.0, 10000000.0], '800_775': [936.0, 1914.0], '800_775_passing_MET': [0.0, 0.0], '800_775_failing_MET': [0.0, 0.0], '800_775_min_MET_pt': [10000000.0, 10000000.0], '800_770': [0.0, 0.0], '800_770_passing_MET': [0.0, 0.0], '800_770_failing_MET': [0.0, 0.0], '800_770_min_MET_pt': [10000000.0, 10000000.0], '825_815': [0.0, 0.0], '825_815_passing_MET': [0.0, 0.0], '825_815_failing_MET': [0.0, 0.0], '825_815_min_MET_pt': [10000000.0, 10000000.0], '825_810': [0.0, 0.0], '825_810_passing_MET': [0.0, 0.0], '825_810_failing_MET': [0.0, 0.0], '825_810_min_MET_pt': [10000000.0, 10000000.0], '825_805': [0.0, 0.0], '825_805_passing_MET': [0.0, 0.0], '825_805_failing_MET': [0.0, 0.0], '825_805_min_MET_pt': [10000000.0, 10000000.0], '825_800': [0.0, 0.0], '825_800_passing_MET': [0.0, 0.0], '825_800_failing_MET': [0.0, 0.0], '825_800_min_MET_pt': [10000000.0, 10000000.0], '825_795': [0.0, 0.0], '825_795_passing_MET': [0.0, 0.0], '825_795_failing_MET': [0.0, 0.0], '825_795_min_MET_pt': [10000000.0, 10000000.0], '850_840': [0.0, 1083.0], '850_840_passing_MET': [0.0, 1051.0], '850_840_failing_MET': [0.0, 32.0], '850_840_min_MET_pt': [10000000.0, 18.769947052001953], '850_835': [0.0, 954.0], '850_835_passing_MET': [0.0, 931.0], '850_835_failing_MET': [0.0, 23.0], '850_835_min_MET_pt': [10000000.0, 52.26521682739258], '850_830': [0.0, 2259.0], '850_830_passing_MET': [0.0, 2192.0], '850_830_failing_MET': [0.0, 67.0], '850_830_min_MET_pt': [10000000.0, 23.8019962310791], '850_825': [0.0, 996.0], '850_825_passing_MET': [0.0, 961.0], '850_825_failing_MET': [0.0, 35.0], '850_825_min_MET_pt': [10000000.0, 38.39836883544922], '850_820': [1133.0, 0.0], '850_820_passing_MET': [1103.0, 0.0], '850_820_failing_MET': [30.0, 0.0], '850_820_min_MET_pt': [23.195125579833984, 10000000.0], '875_865': [0.0, 0.0], '875_865_passing_MET': [0.0, 0.0], '875_865_failing_MET': [0.0, 0.0], '875_865_min_MET_pt': [10000000.0, 10000000.0], '875_860': [0.0, 0.0], '875_860_passing_MET': [0.0, 0.0], '875_860_failing_MET': [0.0, 0.0], '875_860_min_MET_pt': [10000000.0, 10000000.0], '875_855': [0.0, 0.0], '875_855_passing_MET': [0.0, 0.0], '875_855_failing_MET': [0.0, 0.0], '875_855_min_MET_pt': [10000000.0, 10000000.0], '875_850': [0.0, 0.0], '875_850_passing_MET': [0.0, 0.0], '875_850_failing_MET': [0.0, 0.0], '875_850_min_MET_pt': [10000000.0, 10000000.0], '875_845': [0.0, 0.0], '875_845_passing_MET': [0.0, 0.0], '875_845_failing_MET': [0.0, 0.0], '875_845_min_MET_pt': [10000000.0, 10000000.0], '900_890': [0.0, 0.0], '900_890_passing_MET': [0.0, 0.0], '900_890_failing_MET': [0.0, 0.0], '900_890_min_MET_pt': [10000000.0, 10000000.0], '900_885': [0.0, 2017.0], '900_885_passing_MET': [0.0, 1965.0], '900_885_failing_MET': [0.0, 52.0], '900_885_min_MET_pt': [10000000.0, 28.58233642578125], '900_880': [0.0, 0.0], '900_880_passing_MET': [0.0, 0.0], '900_880_failing_MET': [0.0, 0.0], '900_880_min_MET_pt': [10000000.0, 10000000.0], '900_875': [0.0, 992.0], '900_875_passing_MET': [0.0, 967.0], '900_875_failing_MET': [0.0, 25.0], '900_875_min_MET_pt': [10000000.0, 24.83134651184082], '900_870': [1202.0, 1216.0], '900_870_passing_MET': [0.0, 0.0], '900_870_failing_MET': [0.0, 0.0], '900_870_min_MET_pt': [10000000.0, 10000000.0], '925_915': [0.0, 0.0], '925_915_passing_MET': [0.0, 0.0], '925_915_failing_MET': [0.0, 0.0], '925_915_min_MET_pt': [10000000.0, 10000000.0], '925_910': [0.0, 0.0], '925_910_passing_MET': [0.0, 0.0], '925_910_failing_MET': [0.0, 0.0], '925_910_min_MET_pt': [10000000.0, 10000000.0], '925_905': [0.0, 0.0], '925_905_passing_MET': [0.0, 0.0], '925_905_failing_MET': [0.0, 0.0], '925_905_min_MET_pt': [10000000.0, 10000000.0], '925_900': [0.0, 0.0], '925_900_passing_MET': [0.0, 0.0], '925_900_failing_MET': [0.0, 0.0], '925_900_min_MET_pt': [10000000.0, 10000000.0], '925_895': [0.0, 0.0], '925_895_passing_MET': [0.0, 0.0], '925_895_failing_MET': [0.0, 0.0], '925_895_min_MET_pt': [10000000.0, 10000000.0], '950_940': [2173.0, 1113.0], '950_940_passing_MET': [0.0, 0.0], '950_940_failing_MET': [0.0, 0.0], '950_940_min_MET_pt': [10000000.0, 10000000.0], '950_935': [0.0, 0.0], '950_935_passing_MET': [0.0, 0.0], '950_935_failing_MET': [0.0, 0.0], '950_935_min_MET_pt': [10000000.0, 10000000.0], '950_930': [1144.0, 1141.0], '950_930_passing_MET': [0.0, 0.0], '950_930_failing_MET': [0.0, 0.0], '950_930_min_MET_pt': [10000000.0, 10000000.0], '950_925': [0.0, 0.0], '950_925_passing_MET': [0.0, 0.0], '950_925_failing_MET': [0.0, 0.0], '950_925_min_MET_pt': [10000000.0, 10000000.0], '950_920': [0.0, 0.0], '950_920_passing_MET': [0.0, 0.0], '950_920_failing_MET': [0.0, 0.0], '950_920_min_MET_pt': [10000000.0, 10000000.0], '975_965': [0.0, 0.0], '975_965_passing_MET': [0.0, 0.0], '975_965_failing_MET': [0.0, 0.0], '975_965_min_MET_pt': [10000000.0, 10000000.0], '975_960': [0.0, 0.0], '975_960_passing_MET': [0.0, 0.0], '975_960_failing_MET': [0.0, 0.0], '975_960_min_MET_pt': [10000000.0, 10000000.0], '975_955': [0.0, 0.0], '975_955_passing_MET': [0.0, 0.0], '975_955_failing_MET': [0.0, 0.0], '975_955_min_MET_pt': [10000000.0, 10000000.0], '975_950': [0.0, 0.0], '975_950_passing_MET': [0.0, 0.0], '975_950_failing_MET': [0.0, 0.0], '975_950_min_MET_pt': [10000000.0, 10000000.0], '975_945': [0.0, 0.0], '975_945_passing_MET': [0.0, 0.0], '975_945_failing_MET': [0.0, 0.0], '975_945_min_MET_pt': [10000000.0, 10000000.0], '1000_990': [1099.0, 2237.0], '1000_990_passing_MET': [0.0, 0.0], '1000_990_failing_MET': [0.0, 0.0], '1000_990_min_MET_pt': [10000000.0, 10000000.0], '1000_985': [0.0, 0.0], '1000_985_passing_MET': [0.0, 0.0], '1000_985_failing_MET': [0.0, 0.0], '1000_985_min_MET_pt': [10000000.0, 10000000.0], '1000_980': [1111.0, 0.0], '1000_980_passing_MET': [1087.0, 0.0], '1000_980_failing_MET': [24.0, 0.0], '1000_980_min_MET_pt': [3.798891067504883, 10000000.0], '1000_975': [0.0, 0.0], '1000_975_passing_MET': [0.0, 0.0], '1000_975_failing_MET': [0.0, 0.0], '1000_975_min_MET_pt': [10000000.0, 10000000.0], '1000_970': [0.0, 0.0], '1000_970_passing_MET': [0.0, 0.0], '1000_970_failing_MET': [0.0, 0.0], '1000_970_min_MET_pt': [10000000.0, 10000000.0], '1025_1015': [0.0, 0.0], '1025_1015_passing_MET': [0.0, 0.0], '1025_1015_failing_MET': [0.0, 0.0], '1025_1015_min_MET_pt': [10000000.0, 10000000.0], '1025_1010': [0.0, 0.0], '1025_1010_passing_MET': [0.0, 0.0], '1025_1010_failing_MET': [0.0, 0.0], '1025_1010_min_MET_pt': [10000000.0, 10000000.0], '1025_1005': [0.0, 0.0], '1025_1005_passing_MET': [0.0, 0.0], '1025_1005_failing_MET': [0.0, 0.0], '1025_1005_min_MET_pt': [10000000.0, 10000000.0], '1025_1000': [0.0, 0.0], '1025_1000_passing_MET': [0.0, 0.0], '1025_1000_failing_MET': [0.0, 0.0], '1025_1000_min_MET_pt': [10000000.0, 10000000.0], '1025_995': [0.0, 0.0], '1025_995_passing_MET': [0.0, 0.0], '1025_995_failing_MET': [0.0, 0.0], '1025_995_min_MET_pt': [10000000.0, 10000000.0], '1050_1040': [0.0, 0.0], '1050_1040_passing_MET': [0.0, 0.0], '1050_1040_failing_MET': [0.0, 0.0], '1050_1040_min_MET_pt': [10000000.0, 10000000.0], '1050_1035': [0.0, 0.0], '1050_1035_passing_MET': [0.0, 0.0], '1050_1035_failing_MET': [0.0, 0.0], '1050_1035_min_MET_pt': [10000000.0, 10000000.0], '1050_1030': [0.0, 0.0], '1050_1030_passing_MET': [0.0, 0.0], '1050_1030_failing_MET': [0.0, 0.0], '1050_1030_min_MET_pt': [10000000.0, 10000000.0], '1050_1025': [0.0, 0.0], '1050_1025_passing_MET': [0.0, 0.0], '1050_1025_failing_MET': [0.0, 0.0], '1050_1025_min_MET_pt': [10000000.0, 10000000.0], '1050_1020': [0.0, 0.0], '1050_1020_passing_MET': [0.0, 0.0], '1050_1020_failing_MET': [0.0, 0.0], '1050_1020_min_MET_pt': [10000000.0, 10000000.0], '1075_1065': [0.0, 0.0], '1075_1065_passing_MET': [0.0, 0.0], '1075_1065_failing_MET': [0.0, 0.0], '1075_1065_min_MET_pt': [10000000.0, 10000000.0], '1075_1060': [0.0, 0.0], '1075_1060_passing_MET': [0.0, 0.0], '1075_1060_failing_MET': [0.0, 0.0], '1075_1060_min_MET_pt': [10000000.0, 10000000.0], '1075_1055': [0.0, 0.0], '1075_1055_passing_MET': [0.0, 0.0], '1075_1055_failing_MET': [0.0, 0.0], '1075_1055_min_MET_pt': [10000000.0, 10000000.0], '1075_1050': [0.0, 0.0], '1075_1050_passing_MET': [0.0, 0.0], '1075_1050_failing_MET': [0.0, 0.0], '1075_1050_min_MET_pt': [10000000.0, 10000000.0], '1075_1045': [0.0, 0.0], '1075_1045_passing_MET': [0.0, 0.0], '1075_1045_failing_MET': [0.0, 0.0], '1075_1045_min_MET_pt': [10000000.0, 10000000.0], '1100_1090': [1087.0, 0.0], '1100_1090_passing_MET': [1068.0, 0.0], '1100_1090_failing_MET': [19.0, 0.0], '1100_1090_min_MET_pt': [36.145164489746094, 10000000.0], '1100_1085': [1044.0, 0.0], '1100_1085_passing_MET': [1013.0, 0.0], '1100_1085_failing_MET': [31.0, 0.0], '1100_1085_min_MET_pt': [24.27393913269043, 10000000.0], '1100_1080': [0.0, 0.0], '1100_1080_passing_MET': [0.0, 0.0], '1100_1080_failing_MET': [0.0, 0.0], '1100_1080_min_MET_pt': [10000000.0, 10000000.0], '1100_1075': [1036.0, 0.0], '1100_1075_passing_MET': [1009.0, 0.0], '1100_1075_failing_MET': [27.0, 0.0], '1100_1075_min_MET_pt': [19.752098083496094, 10000000.0], '1100_1070': [0.0, 0.0], '1100_1070_passing_MET': [0.0, 0.0], '1100_1070_failing_MET': [0.0, 0.0], '1100_1070_min_MET_pt': [10000000.0, 10000000.0], 'nEventsTotal': 175107.0, 'strange masspoints': 0.0, 'orphans': 0.0, 'R-hadron event': 1.0, 'different stop antistop masses': 0.0, 'strange error': 0.0, 'strange event': 0.0, 'different neutralino masses': 14421.0, 'large differences': 0.0, '776_755': [0.0, 976.0], '776_755_passing_MET': [0.0, 959.0], '776_755_failing_MET': [0.0, 17.0], '776_755_min_MET_pt': [10000000.0, 8.66981029510498], '776_756': [0.0, 172.0], '776_756_passing_MET': [0.0, 166.0], '776_756_failing_MET': [0.0, 6.0], '776_756_min_MET_pt': [10000000.0, 72.59571075439453], '776_745': [0.0, 1820.0], '776_745_passing_MET': [0.0, 1773.0], '776_745_failing_MET': [0.0, 47.0], '776_745_min_MET_pt': [10000000.0, 44.042415618896484], '776_746': [0.0, 374.0], '776_746_passing_MET': [0.0, 360.0], '776_746_failing_MET': [0.0, 14.0], '776_746_min_MET_pt': [10000000.0, 31.7086124420166], '1024_1015': [2038.0, 0.0], '1024_1015_passing_MET': [1997.0, 0.0], '1024_1015_failing_MET': [41.0, 0.0], '1024_1015_min_MET_pt': [43.94869613647461, 10000000.0], '1024_1016': [210.0, 0.0], '1024_1016_passing_MET': [204.0, 0.0], '1024_1016_failing_MET': [6.0, 0.0], '1024_1016_min_MET_pt': [19.10143280029297, 10000000.0], '800_776': [159.0, 348.0], '800_776_passing_MET': [158.0, 336.0], '800_776_failing_MET': [1.0, 12.0], '800_776_min_MET_pt': [99.81945037841797, 48.676998138427734], '1076_1065': [2134.0, 2033.0], '1076_1065_passing_MET': [2078.0, 1990.0], '1076_1065_failing_MET': [56.0, 43.0], '1076_1065_min_MET_pt': [26.591365814208984, 41.974037170410156], '1076_1064': [195.0, 192.0], '1076_1064_passing_MET': [190.0, 188.0], '1076_1064_failing_MET': [5.0, 4.0], '1076_1064_min_MET_pt': [81.1909408569336, 40.699188232421875], '650_636': [118.0, 119.0], '650_636_passing_MET': [114.0, 117.0], '650_636_failing_MET': [4.0, 2.0], '650_636_min_MET_pt': [77.46817779541016, 63.11080551147461], '1100_1084': [130.0, 0.0], '1100_1084_passing_MET': [128.0, 0.0], '1100_1084_failing_MET': [2.0, 0.0], '1100_1084_min_MET_pt': [72.10319519042969, 10000000.0], '1052_1040': [2250.0, 0.0], '1052_1040_passing_MET': [2199.0, 0.0], '1052_1040_failing_MET': [51.0, 0.0], '1052_1040_min_MET_pt': [10.167448997497559, 10000000.0], '726_710': [1050.0, 0.0], '726_710_passing_MET': [1030.0, 0.0], '726_710_failing_MET': [20.0, 0.0], '726_710_min_MET_pt': [55.48262023925781, 10000000.0], '626_610': [1059.0, 0.0], '626_610_passing_MET': [1020.0, 0.0], '626_610_failing_MET': [39.0, 0.0], '626_610_min_MET_pt': [32.05499267578125, 10000000.0], '676_646': [370.0, 192.0], '676_646_passing_MET': [356.0, 185.0], '676_646_failing_MET': [14.0, 7.0], '676_646_min_MET_pt': [41.77891540527344, 54.866966247558594], '676_645': [1752.0, 934.0], '676_645_passing_MET': [1696.0, 909.0], '676_645_failing_MET': [56.0, 25.0], '676_645_min_MET_pt': [42.181087493896484, 31.40410614013672], '650_626': [153.0, 155.0], '650_626_passing_MET': [146.0, 150.0], '650_626_failing_MET': [7.0, 5.0], '650_626_min_MET_pt': [59.66885757446289, 75.01131439208984], '700_676': [0.0, 196.0], '700_676_passing_MET': [0.0, 189.0], '700_676_failing_MET': [0.0, 7.0], '700_676_min_MET_pt': [10000000.0, 51.64316940307617], '576_565': [2699.0, 0.0], '576_565_passing_MET': [2628.0, 0.0], '576_565_failing_MET': [71.0, 0.0], '576_565_min_MET_pt': [26.475627899169922, 10000000.0], '576_566': [276.0, 0.0], '576_566_passing_MET': [268.0, 0.0], '576_566_failing_MET': [8.0, 0.0], '576_566_min_MET_pt': [36.1778678894043, 10000000.0], '976_965': [1961.0, 2064.0], '976_965_passing_MET': [1928.0, 2022.0], '976_965_failing_MET': [33.0, 42.0], '976_965_min_MET_pt': [41.556880950927734, 20.52597427368164], '976_966': [181.0, 209.0], '976_966_passing_MET': [179.0, 205.0], '976_966_failing_MET': [2.0, 4.0], '976_966_min_MET_pt': [90.6030502319336, 31.812376022338867], '1052_1020': [0.0, 2351.0], '1052_1020_passing_MET': [0.0, 2271.0], '1052_1020_failing_MET': [0.0, 80.0], '1052_1020_min_MET_pt': [10000000.0, 10.48769474029541], '826_796': [0.0, 204.0], '826_796_passing_MET': [0.0, 201.0], '826_796_failing_MET': [0.0, 3.0], '826_796_min_MET_pt': [10000000.0, 60.30929946899414], '826_795': [0.0, 985.0], '826_795_passing_MET': [0.0, 953.0], '826_795_failing_MET': [0.0, 32.0], '826_795_min_MET_pt': [10000000.0, 18.430200576782227], '1024_1000': [0.0, 2273.0], '1024_1000_passing_MET': [0.0, 2222.0], '1024_1000_failing_MET': [0.0, 51.0], '1024_1000_min_MET_pt': [10000000.0, 32.368186950683594], '526_515': [894.0, 892.0], '526_515_passing_MET': [865.0, 870.0], '526_515_failing_MET': [29.0, 22.0], '526_515_min_MET_pt': [26.282672882080078, 56.63142776489258], '526_516': [97.0, 86.0], '526_516_passing_MET': [94.0, 85.0], '526_516_failing_MET': [3.0, 1.0], '526_516_min_MET_pt': [58.76822280883789, 98.5174789428711], '526_505': [1994.0, 2056.0], '526_505_passing_MET': [1918.0, 1999.0], '526_505_failing_MET': [76.0, 57.0], '526_505_min_MET_pt': [10.979459762573242, 5.856389045715332], '726_715': [961.0, 936.0], '726_715_passing_MET': [944.0, 909.0], '726_715_failing_MET': [17.0, 27.0], '726_715_min_MET_pt': [22.863903045654297, 34.50025177001953], '726_716': [114.0, 107.0], '726_716_passing_MET': [112.0, 106.0], '726_716_failing_MET': [2.0, 1.0], '726_716_min_MET_pt': [72.19426727294922, 88.90373229980469], '926_910': [0.0, 1179.0], '926_910_passing_MET': [0.0, 1149.0], '926_910_failing_MET': [0.0, 30.0], '926_910_min_MET_pt': [10000000.0, 34.730796813964844], '1076_1060': [0.0, 1189.0], '1076_1060_passing_MET': [0.0, 1163.0], '1076_1060_failing_MET': [0.0, 26.0], '1076_1060_min_MET_pt': [10000000.0, 27.621566772460938], '850_826': [0.0, 163.0], '850_826_passing_MET': [0.0, 158.0], '850_826_failing_MET': [0.0, 5.0], '850_826_min_MET_pt': [10000000.0, 26.409326553344727], '976_945': [0.0, 993.0], '976_945_passing_MET': [0.0, 975.0], '976_945_failing_MET': [0.0, 18.0], '976_945_min_MET_pt': [10000000.0, 27.51915168762207], '976_946': [0.0, 151.0], '976_946_passing_MET': [0.0, 147.0], '976_946_failing_MET': [0.0, 4.0], '976_946_min_MET_pt': [10000000.0, 65.08248138427734], '726_695': [1849.0, 0.0], '726_695_passing_MET': [1801.0, 0.0], '726_695_failing_MET': [48.0, 0.0], '726_695_min_MET_pt': [40.59431838989258, 10000000.0], '726_696': [351.0, 0.0], '726_696_passing_MET': [338.0, 0.0], '726_696_failing_MET': [13.0, 0.0], '726_696_min_MET_pt': [47.080909729003906, 10000000.0], '826_800': [1123.0, 1147.0], '826_800_passing_MET': [1094.0, 1111.0], '826_800_failing_MET': [29.0, 36.0], '826_800_min_MET_pt': [29.91750144958496, 18.32372283935547], '576_550': [2036.0, 0.0], '576_550_passing_MET': [1979.0, 0.0], '576_550_failing_MET': [57.0, 0.0], '576_550_min_MET_pt': [27.61115837097168, 10000000.0], '826_810': [1123.0, 0.0], '826_810_passing_MET': [1093.0, 0.0], '826_810_failing_MET': [30.0, 0.0], '826_810_min_MET_pt': [43.893985748291016, 10000000.0], '1024_1005': [1031.0, 0.0], '1024_1005_passing_MET': [1003.0, 0.0], '1024_1005_failing_MET': [28.0, 0.0], '1024_1005_min_MET_pt': [38.481170654296875, 10000000.0], '1024_1006': [140.0, 0.0], '1024_1006_passing_MET': [134.0, 0.0], '1024_1006_failing_MET': [6.0, 0.0], '1024_1006_min_MET_pt': [66.30259704589844, 10000000.0], '800_786': [282.0, 132.0], '800_786_passing_MET': [270.0, 130.0], '800_786_failing_MET': [12.0, 2.0], '800_786_min_MET_pt': [54.4652214050293, 36.42823791503906], '926_895': [961.0, 0.0], '926_895_passing_MET': [926.0, 0.0], '926_895_failing_MET': [35.0, 0.0], '926_895_min_MET_pt': [19.224952697753906, 10000000.0], '926_896': [201.0, 0.0], '926_896_passing_MET': [195.0, 0.0], '926_896_failing_MET': [6.0, 0.0], '926_896_min_MET_pt': [69.10086822509766, 10000000.0], '876_845': [1030.0, 0.0], '876_845_passing_MET': [999.0, 0.0], '876_845_failing_MET': [31.0, 0.0], '876_845_min_MET_pt': [24.786258697509766, 10000000.0], '876_846': [199.0, 0.0], '876_846_passing_MET': [193.0, 0.0], '876_846_failing_MET': [6.0, 0.0], '876_846_min_MET_pt': [71.95762634277344, 10000000.0], '850_836': [0.0, 129.0], '850_836_passing_MET': [0.0, 126.0], '850_836_failing_MET': [0.0, 3.0], '850_836_min_MET_pt': [10000000.0, 60.44004440307617], '526_495': [1050.0, 1012.0], '526_495_passing_MET': [1007.0, 979.0], '526_495_failing_MET': [43.0, 33.0], '526_495_min_MET_pt': [21.240764617919922, 22.049997329711914], '1052_1035': [1046.0, 0.0], '1052_1035_passing_MET': [1019.0, 0.0], '1052_1035_failing_MET': [27.0, 0.0], '1052_1035_min_MET_pt': [32.368350982666016, 10000000.0], '1052_1036': [131.0, 0.0], '1052_1036_passing_MET': [129.0, 0.0], '1052_1036_failing_MET': [2.0, 0.0], '1052_1036_min_MET_pt': [84.46624755859375, 10000000.0], '1100_1076': [167.0, 0.0], '1100_1076_passing_MET': [160.0, 0.0], '1100_1076_failing_MET': [7.0, 0.0], '1100_1076_min_MET_pt': [61.570030212402344, 10000000.0], '826_806': [170.0, 0.0], '826_806_passing_MET': [167.0, 0.0], '826_806_failing_MET': [3.0, 0.0], '826_806_min_MET_pt': [64.03086853027344, 10000000.0], '826_805': [986.0, 0.0], '826_805_passing_MET': [967.0, 0.0], '826_805_failing_MET': [19.0, 0.0], '826_805_min_MET_pt': [38.09099197387695, 10000000.0], '776_765': [0.0, 968.0], '776_765_passing_MET': [0.0, 943.0], '776_765_failing_MET': [0.0, 25.0], '776_765_min_MET_pt': [10000000.0, 37.87071228027344], '776_766': [0.0, 91.0], '776_766_passing_MET': [0.0, 88.0], '776_766_failing_MET': [0.0, 3.0], '776_766_min_MET_pt': [10000000.0, 59.8956184387207], '626_605': [0.0, 911.0], '626_605_passing_MET': [0.0, 882.0], '626_605_failing_MET': [0.0, 29.0], '626_605_min_MET_pt': [10000000.0, 37.874305725097656], '626_606': [0.0, 153.0], '626_606_passing_MET': [0.0, 152.0], '626_606_failing_MET': [0.0, 1.0], '626_606_min_MET_pt': [10000000.0, 79.00752258300781], '876_865': [0.0, 976.0], '876_865_passing_MET': [0.0, 943.0], '876_865_failing_MET': [0.0, 33.0], '876_865_min_MET_pt': [10000000.0, 27.587955474853516], '876_866': [0.0, 102.0], '876_866_passing_MET': [0.0, 99.0], '876_866_failing_MET': [0.0, 3.0], '876_866_min_MET_pt': [10000000.0, 83.8521499633789], '776_760': [0.0, 1087.0], '776_760_passing_MET': [0.0, 1066.0], '776_760_failing_MET': [0.0, 21.0], '776_760_min_MET_pt': [10000000.0, 16.271543502807617], '750_726': [170.0, 0.0], '750_726_passing_MET': [167.0, 0.0], '750_726_failing_MET': [3.0, 0.0], '750_726_min_MET_pt': [86.10875701904297, 10000000.0], '550_536': [0.0, 367.0], '550_536_passing_MET': [0.0, 355.0], '550_536_failing_MET': [0.0, 12.0], '550_536_min_MET_pt': [10000000.0, 44.072349548339844], '926_915': [0.0, 1054.0], '926_915_passing_MET': [0.0, 1027.0], '926_915_failing_MET': [0.0, 27.0], '926_915_min_MET_pt': [10000000.0, 35.91595458984375], '926_916': [0.0, 104.0], '926_916_passing_MET': [0.0, 102.0], '926_916_failing_MET': [0.0, 2.0], '926_916_min_MET_pt': [10000000.0, 47.1082878112793], '976_950': [0.0, 1175.0], '976_950_passing_MET': [0.0, 1141.0], '976_950_failing_MET': [0.0, 34.0], '976_950_min_MET_pt': [10000000.0, 32.300941467285156], '1100_1092': [84.0, 0.0], '1100_1092_passing_MET': [83.0, 0.0], '1100_1092_failing_MET': [1.0, 0.0], '1100_1092_min_MET_pt': [83.06396484375, 10000000.0], '526_510': [1005.0, 0.0], '526_510_passing_MET': [975.0, 0.0], '526_510_failing_MET': [30.0, 0.0], '526_510_min_MET_pt': [27.936925888061523, 10000000.0], '900_886': [0.0, 283.0], '900_886_passing_MET': [0.0, 277.0], '900_886_failing_MET': [0.0, 6.0], '900_886_min_MET_pt': [10000000.0, 76.66472625732422], '900_876': [0.0, 167.0], '900_876_passing_MET': [0.0, 161.0], '900_876_failing_MET': [0.0, 6.0], '900_876_min_MET_pt': [10000000.0, 72.3388442993164], '626_615': [1795.0, 0.0], '626_615_passing_MET': [1746.0, 0.0], '626_615_failing_MET': [49.0, 0.0], '626_615_min_MET_pt': [28.643535614013672, 10000000.0], '626_616': [170.0, 0.0], '626_616_passing_MET': [168.0, 0.0], '626_616_failing_MET': [2.0, 0.0], '626_616_min_MET_pt': [76.70394897460938, 10000000.0], '676_660': [0.0, 1054.0], '676_660_passing_MET': [0.0, 1028.0], '676_660_failing_MET': [0.0, 26.0], '676_660_min_MET_pt': [10000000.0, 19.842388153076172]}
nevents_from_dict =  3610307304.7299576
Results saved to /afs/cern.ch/work/m/mleoncoe/private/stop_met_check/outputs_2018/nanoAOD_569.json
done
