000 (9018140.243.000) 01/06 10:56:27 Job submitted from host: <188.185.6.50:9618?addrs=188.185.6.50-9618+[2001-1458-d00-62--100-2b1]-9618&alias=bigbird25.cern.ch&noUDP&sock=schedd_1627_90ad>
...
040 (9018140.243.000) 01/06 10:59:44 Started transferring input files
	Transferring to host: <188.185.207.50:9618?addrs=188.185.207.50-9618+[2001-1458-303-d--100-2f]-9618&alias=b9p07p2522.cern.ch&noUDP&sock=slot1_19_6047_688f_98368>
...
040 (9018140.243.000) 01/06 10:59:44 Finished transferring input files
...
001 (9018140.243.000) 01/06 10:59:45 Job executing on host: <188.185.207.50:9618?addrs=188.185.207.50-9618+[2001-1458-303-d--100-2f]-9618&alias=b9p07p2522.cern.ch&noUDP&sock=startd_5029_0dde>
	SlotName: slot1_19@b9p07p2522.cern.ch
	CondorScratchDir = "/pool/condor/dir_1434148"
	Cpus = 1
	Disk = 3500
	GPUs = 0
	Memory = 3000
...
006 (9018140.243.000) 01/06 10:59:58 Image size of job updated: 93680
	92  -  MemoryUsage of job (MB)
	93680  -  ResidentSetSize of job (KB)
...
006 (9018140.243.000) 01/06 11:04:58 Image size of job updated: 196144
	192  -  MemoryUsage of job (MB)
	196144  -  ResidentSetSize of job (KB)
...
006 (9018140.243.000) 01/06 11:08:05 Image size of job updated: 205988
	192  -  MemoryUsage of job (MB)
	196144  -  ResidentSetSize of job (KB)
...
040 (9018140.243.000) 01/06 11:08:05 Started transferring output files
...
040 (9018140.243.000) 01/06 11:08:05 Finished transferring output files
...
005 (9018140.243.000) 01/06 11:08:05 Job terminated.
	(1) Normal termination (return value 0)
		Usr 0 00:06:32, Sys 0 00:00:01  -  Run Remote Usage
		Usr 0 00:00:00, Sys 0 00:00:00  -  Run Local Usage
		Usr 0 00:06:32, Sys 0 00:00:01  -  Total Remote Usage
		Usr 0 00:00:00, Sys 0 00:00:00  -  Total Local Usage
	33458  -  Run Bytes Sent By Job
	21436  -  Run Bytes Received By Job
	33458  -  Total Bytes Sent By Job
	21436  -  Total Bytes Received By Job
	Partitionable Resources :    Usage  Request Allocated 
	   Cpus                 :     0.99        1         1 
	   Disk (KB)            :    83          22      3500 
	   GPUs                 :                           0 
	   Memory (MB)          :   192        3000      3000 
	   TimeExecute (s)      :   500                       
	   TimeSlotBusy (s)     :   502                       

	Job terminated of its own accord at 2026-01-06T10:08:05Z with exit-code 0.
...
