i am in this directory
/pool/condor/dir_1903256
Python 3.9.23
3.9.23
 will run this python stop_check_met_eff.py /eos/user/m/mleoncoe/stop_event_check/privateNanoAod2018/nanoAOD_490.root /afs/cern.ch/work/m/mleoncoe/private/stop_met_check/outputs_2018/nanoAOD_490.json
event num1000
event num2000
event num3000
event num4000
event num5000
event num6000
event num7000
event num8000
event num9000
event num10000
event num11000
event num12000
event num13000
event num14000
event num15000
event num16000
event num17000
event num18000
event num19000
event num20000
event num21000
event num22000
event num23000
event num24000
event num25000
event num26000
event num27000
event num28000
event num29000
event num30000
event num31000
event num32000
event num33000
event num34000
event num35000
event num36000
event num37000
event num38000
event num39000
event num40000
event num41000
event num42000
event num43000
event num44000
event num45000
event num46000
event num47000
event num48000
event num49000
event num50000
event num51000
event num52000
event num53000
event num54000
event num55000
event num56000
event num57000
event num58000
event num59000
event num60000
event num61000
event num62000
event num63000
event num64000
event num65000
event num66000
event num67000
event num68000
event num69000
event num70000
event num71000
event num72000
event num73000
event num74000
event num75000
event num76000
event num77000
event num78000
event num79000
event num80000
event num81000
event num82000
event num83000
event num84000
event num85000
event num86000
event num87000
event num88000
event num89000
event num90000
event num91000
event num92000
event num93000
event num94000
event num95000
event num96000
event num97000
event num98000
event num99000
event num100000
event num101000
event num102000
event num103000
event num104000
event num105000
event num106000
event num107000
event num108000
event num109000
event num110000
event num111000
event num112000
event num113000
event num114000
event num115000
event num116000
event num117000
event num118000
event num119000
event num120000
event num121000
event num122000
event num123000
event num124000
event num125000
event num126000
event num127000
event num128000
event num129000
event num130000
event num131000
event num132000
event num133000
event num134000
event num135000
event num136000
event num137000
event num138000
event num139000
event num140000
event num141000
event num142000
event num143000
event num144000
event num145000
event num146000
event num147000
event num148000
event num149000
event num150000
event num151000
event num152000
event num153000
event num154000
event num155000
event num156000
event num157000
event num158000
event num159000
event num160000
event num161000
event num162000
event num163000
event num164000
event num165000
event num166000
event num167000
event num168000
event num169000
event num170000
event num171000
event num172000
event num173000
event num174000
event num175000
event num176000
event num177000
event num178000
event num179000
event num180000
event num181000
event num182000
event num183000
event num184000
{'250_240': [707.0, 692.0], '250_240_passing_MET': [0.0, 0.0], '250_240_failing_MET': [0.0, 0.0], '250_240_min_MET_pt': [10000000.0, 10000000.0], '250_235': [0.0, 0.0], '250_235_passing_MET': [0.0, 0.0], '250_235_failing_MET': [0.0, 0.0], '250_235_min_MET_pt': [10000000.0, 10000000.0], '250_230': [0.0, 745.0], '250_230_passing_MET': [0.0, 705.0], '250_230_failing_MET': [0.0, 40.0], '250_230_min_MET_pt': [10000000.0, 32.42619323730469], '250_225': [0.0, 765.0], '250_225_passing_MET': [0.0, 734.0], '250_225_failing_MET': [0.0, 31.0], '250_225_min_MET_pt': [10000000.0, 19.2232608795166], '250_220': [744.0, 3017.0], '250_220_passing_MET': [0.0, 0.0], '250_220_failing_MET': [0.0, 0.0], '250_220_min_MET_pt': [10000000.0, 10000000.0], '275_265': [761.0, 743.0], '275_265_passing_MET': [0.0, 0.0], '275_265_failing_MET': [0.0, 0.0], '275_265_min_MET_pt': [10000000.0, 10000000.0], '275_260': [0.0, 0.0], '275_260_passing_MET': [0.0, 0.0], '275_260_failing_MET': [0.0, 0.0], '275_260_min_MET_pt': [10000000.0, 10000000.0], '275_255': [0.0, 0.0], '275_255_passing_MET': [0.0, 0.0], '275_255_failing_MET': [0.0, 0.0], '275_255_min_MET_pt': [10000000.0, 10000000.0], '275_250': [0.0, 0.0], '275_250_passing_MET': [0.0, 0.0], '275_250_failing_MET': [0.0, 0.0], '275_250_min_MET_pt': [10000000.0, 10000000.0], '275_245': [0.0, 0.0], '275_245_passing_MET': [0.0, 0.0], '275_245_failing_MET': [0.0, 0.0], '275_245_min_MET_pt': [10000000.0, 10000000.0], '300_290': [0.0, 808.0], '300_290_passing_MET': [0.0, 775.0], '300_290_failing_MET': [0.0, 33.0], '300_290_min_MET_pt': [10000000.0, 17.413938522338867], '300_285': [792.0, 0.0], '300_285_passing_MET': [772.0, 0.0], '300_285_failing_MET': [20.0, 0.0], '300_285_min_MET_pt': [37.908573150634766, 10000000.0], '300_280': [0.0, 0.0], '300_280_passing_MET': [0.0, 0.0], '300_280_failing_MET': [0.0, 0.0], '300_280_min_MET_pt': [10000000.0, 10000000.0], '300_275': [811.0, 0.0], '300_275_passing_MET': [772.0, 0.0], '300_275_failing_MET': [39.0, 0.0], '300_275_min_MET_pt': [34.29930114746094, 10000000.0], '300_270': [1696.0, 0.0], '300_270_passing_MET': [1611.0, 0.0], '300_270_failing_MET': [85.0, 0.0], '300_270_min_MET_pt': [33.87451934814453, 10000000.0], '325_315': [0.0, 3221.0], '325_315_passing_MET': [0.0, 3120.0], '325_315_failing_MET': [0.0, 101.0], '325_315_min_MET_pt': [10000000.0, 17.646942138671875], '325_310': [0.0, 1638.0], '325_310_passing_MET': [0.0, 1588.0], '325_310_failing_MET': [0.0, 50.0], '325_310_min_MET_pt': [10000000.0, 20.28168487548828], '325_305': [834.0, 0.0], '325_305_passing_MET': [798.0, 0.0], '325_305_failing_MET': [36.0, 0.0], '325_305_min_MET_pt': [14.505708694458008, 10000000.0], '325_300': [892.0, 0.0], '325_300_passing_MET': [851.0, 0.0], '325_300_failing_MET': [41.0, 0.0], '325_300_min_MET_pt': [28.6997013092041, 10000000.0], '325_295': [855.0, 873.0], '325_295_passing_MET': [0.0, 0.0], '325_295_failing_MET': [0.0, 0.0], '325_295_min_MET_pt': [10000000.0, 10000000.0], '350_340': [841.0, 873.0], '350_340_passing_MET': [0.0, 0.0], '350_340_failing_MET': [0.0, 0.0], '350_340_min_MET_pt': [10000000.0, 10000000.0], '350_335': [874.0, 0.0], '350_335_passing_MET': [853.0, 0.0], '350_335_failing_MET': [21.0, 0.0], '350_335_min_MET_pt': [41.56291580200195, 10000000.0], '350_330': [0.0, 0.0], '350_330_passing_MET': [0.0, 0.0], '350_330_failing_MET': [0.0, 0.0], '350_330_min_MET_pt': [10000000.0, 10000000.0], '350_325': [0.0, 0.0], '350_325_passing_MET': [0.0, 0.0], '350_325_failing_MET': [0.0, 0.0], '350_325_min_MET_pt': [10000000.0, 10000000.0], '350_320': [907.0, 863.0], '350_320_passing_MET': [0.0, 0.0], '350_320_failing_MET': [0.0, 0.0], '350_320_min_MET_pt': [10000000.0, 10000000.0], '375_365': [2573.0, 865.0], '375_365_passing_MET': [0.0, 0.0], '375_365_failing_MET': [0.0, 0.0], '375_365_min_MET_pt': [10000000.0, 10000000.0], '375_360': [863.0, 0.0], '375_360_passing_MET': [840.0, 0.0], '375_360_failing_MET': [23.0, 0.0], '375_360_min_MET_pt': [17.91080665588379, 10000000.0], '375_355': [0.0, 0.0], '375_355_passing_MET': [0.0, 0.0], '375_355_failing_MET': [0.0, 0.0], '375_355_min_MET_pt': [10000000.0, 10000000.0], '375_350': [2640.0, 872.0], '375_350_passing_MET': [0.0, 0.0], '375_350_failing_MET': [0.0, 0.0], '375_350_min_MET_pt': [10000000.0, 10000000.0], '375_345': [0.0, 0.0], '375_345_passing_MET': [0.0, 0.0], '375_345_failing_MET': [0.0, 0.0], '375_345_min_MET_pt': [10000000.0, 10000000.0], '400_390': [0.0, 922.0], '400_390_passing_MET': [0.0, 891.0], '400_390_failing_MET': [0.0, 31.0], '400_390_min_MET_pt': [10000000.0, 38.126033782958984], '400_385': [888.0, 2692.0], '400_385_passing_MET': [0.0, 0.0], '400_385_failing_MET': [0.0, 0.0], '400_385_min_MET_pt': [10000000.0, 10000000.0], '400_380': [0.0, 0.0], '400_380_passing_MET': [0.0, 0.0], '400_380_failing_MET': [0.0, 0.0], '400_380_min_MET_pt': [10000000.0, 10000000.0], '400_375': [961.0, 0.0], '400_375_passing_MET': [933.0, 0.0], '400_375_failing_MET': [28.0, 0.0], '400_375_min_MET_pt': [20.193599700927734, 10000000.0], '400_370': [937.0, 936.0], '400_370_passing_MET': [0.0, 0.0], '400_370_failing_MET': [0.0, 0.0], '400_370_min_MET_pt': [10000000.0, 10000000.0], '425_415': [892.0, 874.0], '425_415_passing_MET': [0.0, 0.0], '425_415_failing_MET': [0.0, 0.0], '425_415_min_MET_pt': [10000000.0, 10000000.0], '425_410': [0.0, 0.0], '425_410_passing_MET': [0.0, 0.0], '425_410_failing_MET': [0.0, 0.0], '425_410_min_MET_pt': [10000000.0, 10000000.0], '425_405': [973.0, 0.0], '425_405_passing_MET': [946.0, 0.0], '425_405_failing_MET': [27.0, 0.0], '425_405_min_MET_pt': [11.414758682250977, 10000000.0], '425_400': [0.0, 0.0], '425_400_passing_MET': [0.0, 0.0], '425_400_failing_MET': [0.0, 0.0], '425_400_min_MET_pt': [10000000.0, 10000000.0], '425_395': [976.0, 0.0], '425_395_passing_MET': [924.0, 0.0], '425_395_failing_MET': [52.0, 0.0], '425_395_min_MET_pt': [21.349140167236328, 10000000.0], '450_440': [863.0, 0.0], '450_440_passing_MET': [830.0, 0.0], '450_440_failing_MET': [33.0, 0.0], '450_440_min_MET_pt': [10.547667503356934, 10000000.0], '450_435': [0.0, 0.0], '450_435_passing_MET': [0.0, 0.0], '450_435_failing_MET': [0.0, 0.0], '450_435_min_MET_pt': [10000000.0, 10000000.0], '450_430': [933.0, 0.0], '450_430_passing_MET': [908.0, 0.0], '450_430_failing_MET': [25.0, 0.0], '450_430_min_MET_pt': [25.808454513549805, 10000000.0], '450_425': [0.0, 0.0], '450_425_passing_MET': [0.0, 0.0], '450_425_failing_MET': [0.0, 0.0], '450_425_min_MET_pt': [10000000.0, 10000000.0], '450_420': [0.0, 0.0], '450_420_passing_MET': [0.0, 0.0], '450_420_failing_MET': [0.0, 0.0], '450_420_min_MET_pt': [10000000.0, 10000000.0], '475_465': [975.0, 0.0], '475_465_passing_MET': [947.0, 0.0], '475_465_failing_MET': [28.0, 0.0], '475_465_min_MET_pt': [22.255773544311523, 10000000.0], '475_460': [946.0, 1914.0], '475_460_passing_MET': [0.0, 0.0], '475_460_failing_MET': [0.0, 0.0], '475_460_min_MET_pt': [10000000.0, 10000000.0], '475_455': [0.0, 0.0], '475_455_passing_MET': [0.0, 0.0], '475_455_failing_MET': [0.0, 0.0], '475_455_min_MET_pt': [10000000.0, 10000000.0], '475_450': [0.0, 0.0], '475_450_passing_MET': [0.0, 0.0], '475_450_failing_MET': [0.0, 0.0], '475_450_min_MET_pt': [10000000.0, 10000000.0], '475_445': [1011.0, 0.0], '475_445_passing_MET': [979.0, 0.0], '475_445_failing_MET': [32.0, 0.0], '475_445_min_MET_pt': [21.249404907226562, 10000000.0], '500_490': [925.0, 0.0], '500_490_passing_MET': [900.0, 0.0], '500_490_failing_MET': [25.0, 0.0], '500_490_min_MET_pt': [22.048341751098633, 10000000.0], '500_485': [987.0, 992.0], '500_485_passing_MET': [0.0, 0.0], '500_485_failing_MET': [0.0, 0.0], '500_485_min_MET_pt': [10000000.0, 10000000.0], '500_480': [0.0, 1898.0], '500_480_passing_MET': [0.0, 1818.0], '500_480_failing_MET': [0.0, 80.0], '500_480_min_MET_pt': [10000000.0, 32.96183395385742], '500_475': [983.0, 1025.0], '500_475_passing_MET': [0.0, 0.0], '500_475_failing_MET': [0.0, 0.0], '500_475_min_MET_pt': [10000000.0, 10000000.0], '500_470': [0.0, 1019.0], '500_470_passing_MET': [0.0, 977.0], '500_470_failing_MET': [0.0, 42.0], '500_470_min_MET_pt': [10000000.0, 33.61144256591797], '525_515': [0.0, 0.0], '525_515_passing_MET': [0.0, 0.0], '525_515_failing_MET': [0.0, 0.0], '525_515_min_MET_pt': [10000000.0, 10000000.0], '525_510': [0.0, 0.0], '525_510_passing_MET': [0.0, 0.0], '525_510_failing_MET': [0.0, 0.0], '525_510_min_MET_pt': [10000000.0, 10000000.0], '525_505': [0.0, 0.0], '525_505_passing_MET': [0.0, 0.0], '525_505_failing_MET': [0.0, 0.0], '525_505_min_MET_pt': [10000000.0, 10000000.0], '525_500': [0.0, 0.0], '525_500_passing_MET': [0.0, 0.0], '525_500_failing_MET': [0.0, 0.0], '525_500_min_MET_pt': [10000000.0, 10000000.0], '525_495': [0.0, 0.0], '525_495_passing_MET': [0.0, 0.0], '525_495_failing_MET': [0.0, 0.0], '525_495_min_MET_pt': [10000000.0, 10000000.0], '550_540': [5871.0, 2020.0], '550_540_passing_MET': [0.0, 0.0], '550_540_failing_MET': [0.0, 0.0], '550_540_min_MET_pt': [10000000.0, 10000000.0], '550_535': [0.0, 0.0], '550_535_passing_MET': [0.0, 0.0], '550_535_failing_MET': [0.0, 0.0], '550_535_min_MET_pt': [10000000.0, 10000000.0], '550_530': [0.0, 0.0], '550_530_passing_MET': [0.0, 0.0], '550_530_failing_MET': [0.0, 0.0], '550_530_min_MET_pt': [10000000.0, 10000000.0], '550_525': [867.0, 913.0], '550_525_passing_MET': [0.0, 0.0], '550_525_failing_MET': [0.0, 0.0], '550_525_min_MET_pt': [10000000.0, 10000000.0], '550_520': [1003.0, 1060.0], '550_520_passing_MET': [0.0, 0.0], '550_520_failing_MET': [0.0, 0.0], '550_520_min_MET_pt': [10000000.0, 10000000.0], '575_565': [0.0, 0.0], '575_565_passing_MET': [0.0, 0.0], '575_565_failing_MET': [0.0, 0.0], '575_565_min_MET_pt': [10000000.0, 10000000.0], '575_560': [0.0, 0.0], '575_560_passing_MET': [0.0, 0.0], '575_560_failing_MET': [0.0, 0.0], '575_560_min_MET_pt': [10000000.0, 10000000.0], '575_555': [0.0, 0.0], '575_555_passing_MET': [0.0, 0.0], '575_555_failing_MET': [0.0, 0.0], '575_555_min_MET_pt': [10000000.0, 10000000.0], '575_550': [0.0, 0.0], '575_550_passing_MET': [0.0, 0.0], '575_550_failing_MET': [0.0, 0.0], '575_550_min_MET_pt': [10000000.0, 10000000.0], '575_545': [0.0, 0.0], '575_545_passing_MET': [0.0, 0.0], '575_545_failing_MET': [0.0, 0.0], '575_545_min_MET_pt': [10000000.0, 10000000.0], '600_590': [0.0, 2006.0], '600_590_passing_MET': [0.0, 1970.0], '600_590_failing_MET': [0.0, 36.0], '600_590_min_MET_pt': [10000000.0, 31.046649932861328], '600_585': [0.0, 877.0], '600_585_passing_MET': [0.0, 853.0], '600_585_failing_MET': [0.0, 24.0], '600_585_min_MET_pt': [10000000.0, 28.471059799194336], '600_580': [0.0, 0.0], '600_580_passing_MET': [0.0, 0.0], '600_580_failing_MET': [0.0, 0.0], '600_580_min_MET_pt': [10000000.0, 10000000.0], '600_575': [0.0, 0.0], '600_575_passing_MET': [0.0, 0.0], '600_575_failing_MET': [0.0, 0.0], '600_575_min_MET_pt': [10000000.0, 10000000.0], '600_570': [0.0, 1168.0], '600_570_passing_MET': [0.0, 1124.0], '600_570_failing_MET': [0.0, 44.0], '600_570_min_MET_pt': [10000000.0, 36.98341751098633], '625_615': [0.0, 0.0], '625_615_passing_MET': [0.0, 0.0], '625_615_failing_MET': [0.0, 0.0], '625_615_min_MET_pt': [10000000.0, 10000000.0], '625_610': [0.0, 0.0], '625_610_passing_MET': [0.0, 0.0], '625_610_failing_MET': [0.0, 0.0], '625_610_min_MET_pt': [10000000.0, 10000000.0], '625_605': [0.0, 0.0], '625_605_passing_MET': [0.0, 0.0], '625_605_failing_MET': [0.0, 0.0], '625_605_min_MET_pt': [10000000.0, 10000000.0], '625_600': [0.0, 0.0], '625_600_passing_MET': [0.0, 0.0], '625_600_failing_MET': [0.0, 0.0], '625_600_min_MET_pt': [10000000.0, 10000000.0], '625_595': [0.0, 0.0], '625_595_passing_MET': [0.0, 0.0], '625_595_failing_MET': [0.0, 0.0], '625_595_min_MET_pt': [10000000.0, 10000000.0], '650_640': [0.0, 1041.0], '650_640_passing_MET': [0.0, 1021.0], '650_640_failing_MET': [0.0, 20.0], '650_640_min_MET_pt': [10000000.0, 44.1322021484375], '650_635': [0.0, 0.0], '650_635_passing_MET': [0.0, 0.0], '650_635_failing_MET': [0.0, 0.0], '650_635_min_MET_pt': [10000000.0, 10000000.0], '650_630': [0.0, 1075.0], '650_630_passing_MET': [0.0, 1044.0], '650_630_failing_MET': [0.0, 31.0], '650_630_min_MET_pt': [10000000.0, 34.99338912963867], '650_625': [0.0, 947.0], '650_625_passing_MET': [0.0, 913.0], '650_625_failing_MET': [0.0, 34.0], '650_625_min_MET_pt': [10000000.0, 31.714723587036133], '650_620': [0.0, 0.0], '650_620_passing_MET': [0.0, 0.0], '650_620_failing_MET': [0.0, 0.0], '650_620_min_MET_pt': [10000000.0, 10000000.0], '675_665': [0.0, 0.0], '675_665_passing_MET': [0.0, 0.0], '675_665_failing_MET': [0.0, 0.0], '675_665_min_MET_pt': [10000000.0, 10000000.0], '675_660': [0.0, 0.0], '675_660_passing_MET': [0.0, 0.0], '675_660_failing_MET': [0.0, 0.0], '675_660_min_MET_pt': [10000000.0, 10000000.0], '675_655': [0.0, 0.0], '675_655_passing_MET': [0.0, 0.0], '675_655_failing_MET': [0.0, 0.0], '675_655_min_MET_pt': [10000000.0, 10000000.0], '675_650': [0.0, 0.0], '675_650_passing_MET': [0.0, 0.0], '675_650_failing_MET': [0.0, 0.0], '675_650_min_MET_pt': [10000000.0, 10000000.0], '675_645': [0.0, 0.0], '675_645_passing_MET': [0.0, 0.0], '675_645_failing_MET': [0.0, 0.0], '675_645_min_MET_pt': [10000000.0, 10000000.0], '700_690': [2075.0, 0.0], '700_690_passing_MET': [2024.0, 0.0], '700_690_failing_MET': [51.0, 0.0], '700_690_min_MET_pt': [50.87481689453125, 10000000.0], '700_685': [0.0, 0.0], '700_685_passing_MET': [0.0, 0.0], '700_685_failing_MET': [0.0, 0.0], '700_685_min_MET_pt': [10000000.0, 10000000.0], '700_680': [0.0, 0.0], '700_680_passing_MET': [0.0, 0.0], '700_680_failing_MET': [0.0, 0.0], '700_680_min_MET_pt': [10000000.0, 10000000.0], '700_675': [947.0, 0.0], '700_675_passing_MET': [927.0, 0.0], '700_675_failing_MET': [20.0, 0.0], '700_675_min_MET_pt': [32.91655731201172, 10000000.0], '700_670': [1096.0, 0.0], '700_670_passing_MET': [1054.0, 0.0], '700_670_failing_MET': [42.0, 0.0], '700_670_min_MET_pt': [49.19497299194336, 10000000.0], '725_715': [0.0, 0.0], '725_715_passing_MET': [0.0, 0.0], '725_715_failing_MET': [0.0, 0.0], '725_715_min_MET_pt': [10000000.0, 10000000.0], '725_710': [0.0, 0.0], '725_710_passing_MET': [0.0, 0.0], '725_710_failing_MET': [0.0, 0.0], '725_710_min_MET_pt': [10000000.0, 10000000.0], '725_705': [0.0, 0.0], '725_705_passing_MET': [0.0, 0.0], '725_705_failing_MET': [0.0, 0.0], '725_705_min_MET_pt': [10000000.0, 10000000.0], '725_700': [0.0, 0.0], '725_700_passing_MET': [0.0, 0.0], '725_700_failing_MET': [0.0, 0.0], '725_700_min_MET_pt': [10000000.0, 10000000.0], '725_695': [0.0, 0.0], '725_695_passing_MET': [0.0, 0.0], '725_695_failing_MET': [0.0, 0.0], '725_695_min_MET_pt': [10000000.0, 10000000.0], '750_740': [1074.0, 2087.0], '750_740_passing_MET': [0.0, 0.0], '750_740_failing_MET': [0.0, 0.0], '750_740_min_MET_pt': [10000000.0, 10000000.0], '750_735': [0.0, 0.0], '750_735_passing_MET': [0.0, 0.0], '750_735_failing_MET': [0.0, 0.0], '750_735_min_MET_pt': [10000000.0, 10000000.0], '750_730': [0.0, 0.0], '750_730_passing_MET': [0.0, 0.0], '750_730_failing_MET': [0.0, 0.0], '750_730_min_MET_pt': [10000000.0, 10000000.0], '750_725': [1887.0, 0.0], '750_725_passing_MET': [1822.0, 0.0], '750_725_failing_MET': [65.0, 0.0], '750_725_min_MET_pt': [23.363327026367188, 10000000.0], '750_720': [0.0, 1164.0], '750_720_passing_MET': [0.0, 1135.0], '750_720_failing_MET': [0.0, 29.0], '750_720_min_MET_pt': [10000000.0, 32.21980285644531], '775_765': [0.0, 0.0], '775_765_passing_MET': [0.0, 0.0], '775_765_failing_MET': [0.0, 0.0], '775_765_min_MET_pt': [10000000.0, 10000000.0], '775_760': [0.0, 0.0], '775_760_passing_MET': [0.0, 0.0], '775_760_failing_MET': [0.0, 0.0], '775_760_min_MET_pt': [10000000.0, 10000000.0], '775_755': [0.0, 0.0], '775_755_passing_MET': [0.0, 0.0], '775_755_failing_MET': [0.0, 0.0], '775_755_min_MET_pt': [10000000.0, 10000000.0], '775_750': [0.0, 0.0], '775_750_passing_MET': [0.0, 0.0], '775_750_failing_MET': [0.0, 0.0], '775_750_min_MET_pt': [10000000.0, 10000000.0], '775_745': [0.0, 0.0], '775_745_passing_MET': [0.0, 0.0], '775_745_failing_MET': [0.0, 0.0], '775_745_min_MET_pt': [10000000.0, 10000000.0], '800_790': [1071.0, 0.0], '800_790_passing_MET': [1045.0, 0.0], '800_790_failing_MET': [26.0, 0.0], '800_790_min_MET_pt': [11.957717895507812, 10000000.0], '800_785': [0.0, 925.0], '800_785_passing_MET': [0.0, 906.0], '800_785_failing_MET': [0.0, 19.0], '800_785_min_MET_pt': [10000000.0, 48.007720947265625], '800_780': [0.0, 1090.0], '800_780_passing_MET': [0.0, 1057.0], '800_780_failing_MET': [0.0, 33.0], '800_780_min_MET_pt': [10000000.0, 10.51822280883789], '800_775': [912.0, 0.0], '800_775_passing_MET': [882.0, 0.0], '800_775_failing_MET': [30.0, 0.0], '800_775_min_MET_pt': [43.78324890136719, 10000000.0], '800_770': [1145.0, 0.0], '800_770_passing_MET': [1108.0, 0.0], '800_770_failing_MET': [37.0, 0.0], '800_770_min_MET_pt': [46.970863342285156, 10000000.0], '825_815': [0.0, 0.0], '825_815_passing_MET': [0.0, 0.0], '825_815_failing_MET': [0.0, 0.0], '825_815_min_MET_pt': [10000000.0, 10000000.0], '825_810': [0.0, 0.0], '825_810_passing_MET': [0.0, 0.0], '825_810_failing_MET': [0.0, 0.0], '825_810_min_MET_pt': [10000000.0, 10000000.0], '825_805': [0.0, 0.0], '825_805_passing_MET': [0.0, 0.0], '825_805_failing_MET': [0.0, 0.0], '825_805_min_MET_pt': [10000000.0, 10000000.0], '825_800': [0.0, 0.0], '825_800_passing_MET': [0.0, 0.0], '825_800_failing_MET': [0.0, 0.0], '825_800_min_MET_pt': [10000000.0, 10000000.0], '825_795': [0.0, 0.0], '825_795_passing_MET': [0.0, 0.0], '825_795_failing_MET': [0.0, 0.0], '825_795_min_MET_pt': [10000000.0, 10000000.0], '850_840': [0.0, 0.0], '850_840_passing_MET': [0.0, 0.0], '850_840_failing_MET': [0.0, 0.0], '850_840_min_MET_pt': [10000000.0, 10000000.0], '850_835': [0.0, 0.0], '850_835_passing_MET': [0.0, 0.0], '850_835_failing_MET': [0.0, 0.0], '850_835_min_MET_pt': [10000000.0, 10000000.0], '850_830': [1141.0, 0.0], '850_830_passing_MET': [1115.0, 0.0], '850_830_failing_MET': [26.0, 0.0], '850_830_min_MET_pt': [13.38899040222168, 10000000.0], '850_825': [0.0, 0.0], '850_825_passing_MET': [0.0, 0.0], '850_825_failing_MET': [0.0, 0.0], '850_825_min_MET_pt': [10000000.0, 10000000.0], '850_820': [2268.0, 0.0], '850_820_passing_MET': [2203.0, 0.0], '850_820_failing_MET': [65.0, 0.0], '850_820_min_MET_pt': [24.83961296081543, 10000000.0], '875_865': [0.0, 0.0], '875_865_passing_MET': [0.0, 0.0], '875_865_failing_MET': [0.0, 0.0], '875_865_min_MET_pt': [10000000.0, 10000000.0], '875_860': [0.0, 0.0], '875_860_passing_MET': [0.0, 0.0], '875_860_failing_MET': [0.0, 0.0], '875_860_min_MET_pt': [10000000.0, 10000000.0], '875_855': [0.0, 0.0], '875_855_passing_MET': [0.0, 0.0], '875_855_failing_MET': [0.0, 0.0], '875_855_min_MET_pt': [10000000.0, 10000000.0], '875_850': [0.0, 0.0], '875_850_passing_MET': [0.0, 0.0], '875_850_failing_MET': [0.0, 0.0], '875_850_min_MET_pt': [10000000.0, 10000000.0], '875_845': [0.0, 0.0], '875_845_passing_MET': [0.0, 0.0], '875_845_failing_MET': [0.0, 0.0], '875_845_min_MET_pt': [10000000.0, 10000000.0], '900_890': [1085.0, 0.0], '900_890_passing_MET': [1061.0, 0.0], '900_890_failing_MET': [24.0, 0.0], '900_890_min_MET_pt': [24.769886016845703, 10000000.0], '900_885': [972.0, 948.0], '900_885_passing_MET': [0.0, 0.0], '900_885_failing_MET': [0.0, 0.0], '900_885_min_MET_pt': [10000000.0, 10000000.0], '900_880': [0.0, 1119.0], '900_880_passing_MET': [0.0, 1088.0], '900_880_failing_MET': [0.0, 31.0], '900_880_min_MET_pt': [10000000.0, 59.42924499511719], '900_875': [0.0, 0.0], '900_875_passing_MET': [0.0, 0.0], '900_875_failing_MET': [0.0, 0.0], '900_875_min_MET_pt': [10000000.0, 10000000.0], '900_870': [2372.0, 0.0], '900_870_passing_MET': [2294.0, 0.0], '900_870_failing_MET': [78.0, 0.0], '900_870_min_MET_pt': [37.16166305541992, 10000000.0], '925_915': [0.0, 0.0], '925_915_passing_MET': [0.0, 0.0], '925_915_failing_MET': [0.0, 0.0], '925_915_min_MET_pt': [10000000.0, 10000000.0], '925_910': [0.0, 0.0], '925_910_passing_MET': [0.0, 0.0], '925_910_failing_MET': [0.0, 0.0], '925_910_min_MET_pt': [10000000.0, 10000000.0], '925_905': [0.0, 0.0], '925_905_passing_MET': [0.0, 0.0], '925_905_failing_MET': [0.0, 0.0], '925_905_min_MET_pt': [10000000.0, 10000000.0], '925_900': [0.0, 0.0], '925_900_passing_MET': [0.0, 0.0], '925_900_failing_MET': [0.0, 0.0], '925_900_min_MET_pt': [10000000.0, 10000000.0], '925_895': [0.0, 0.0], '925_895_passing_MET': [0.0, 0.0], '925_895_failing_MET': [0.0, 0.0], '925_895_min_MET_pt': [10000000.0, 10000000.0], '950_940': [1101.0, 1146.0], '950_940_passing_MET': [0.0, 0.0], '950_940_failing_MET': [0.0, 0.0], '950_940_min_MET_pt': [10000000.0, 10000000.0], '950_935': [0.0, 0.0], '950_935_passing_MET': [0.0, 0.0], '950_935_failing_MET': [0.0, 0.0], '950_935_min_MET_pt': [10000000.0, 10000000.0], '950_930': [0.0, 0.0], '950_930_passing_MET': [0.0, 0.0], '950_930_failing_MET': [0.0, 0.0], '950_930_min_MET_pt': [10000000.0, 10000000.0], '950_925': [0.0, 0.0], '950_925_passing_MET': [0.0, 0.0], '950_925_failing_MET': [0.0, 0.0], '950_925_min_MET_pt': [10000000.0, 10000000.0], '950_920': [0.0, 0.0], '950_920_passing_MET': [0.0, 0.0], '950_920_failing_MET': [0.0, 0.0], '950_920_min_MET_pt': [10000000.0, 10000000.0], '975_965': [0.0, 0.0], '975_965_passing_MET': [0.0, 0.0], '975_965_failing_MET': [0.0, 0.0], '975_965_min_MET_pt': [10000000.0, 10000000.0], '975_960': [0.0, 0.0], '975_960_passing_MET': [0.0, 0.0], '975_960_failing_MET': [0.0, 0.0], '975_960_min_MET_pt': [10000000.0, 10000000.0], '975_955': [0.0, 0.0], '975_955_passing_MET': [0.0, 0.0], '975_955_failing_MET': [0.0, 0.0], '975_955_min_MET_pt': [10000000.0, 10000000.0], '975_950': [0.0, 0.0], '975_950_passing_MET': [0.0, 0.0], '975_950_failing_MET': [0.0, 0.0], '975_950_min_MET_pt': [10000000.0, 10000000.0], '975_945': [0.0, 0.0], '975_945_passing_MET': [0.0, 0.0], '975_945_failing_MET': [0.0, 0.0], '975_945_min_MET_pt': [10000000.0, 10000000.0], '1000_990': [2223.0, 0.0], '1000_990_passing_MET': [2166.0, 0.0], '1000_990_failing_MET': [57.0, 0.0], '1000_990_min_MET_pt': [26.166532516479492, 10000000.0], '1000_985': [0.0, 0.0], '1000_985_passing_MET': [0.0, 0.0], '1000_985_failing_MET': [0.0, 0.0], '1000_985_min_MET_pt': [10000000.0, 10000000.0], '1000_980': [0.0, 1173.0], '1000_980_passing_MET': [0.0, 1136.0], '1000_980_failing_MET': [0.0, 37.0], '1000_980_min_MET_pt': [10000000.0, 31.247970581054688], '1000_975': [956.0, 0.0], '1000_975_passing_MET': [944.0, 0.0], '1000_975_failing_MET': [12.0, 0.0], '1000_975_min_MET_pt': [70.35735321044922, 10000000.0], '1000_970': [0.0, 0.0], '1000_970_passing_MET': [0.0, 0.0], '1000_970_failing_MET': [0.0, 0.0], '1000_970_min_MET_pt': [10000000.0, 10000000.0], '1025_1015': [0.0, 0.0], '1025_1015_passing_MET': [0.0, 0.0], '1025_1015_failing_MET': [0.0, 0.0], '1025_1015_min_MET_pt': [10000000.0, 10000000.0], '1025_1010': [0.0, 0.0], '1025_1010_passing_MET': [0.0, 0.0], '1025_1010_failing_MET': [0.0, 0.0], '1025_1010_min_MET_pt': [10000000.0, 10000000.0], '1025_1005': [0.0, 0.0], '1025_1005_passing_MET': [0.0, 0.0], '1025_1005_failing_MET': [0.0, 0.0], '1025_1005_min_MET_pt': [10000000.0, 10000000.0], '1025_1000': [0.0, 0.0], '1025_1000_passing_MET': [0.0, 0.0], '1025_1000_failing_MET': [0.0, 0.0], '1025_1000_min_MET_pt': [10000000.0, 10000000.0], '1025_995': [0.0, 0.0], '1025_995_passing_MET': [0.0, 0.0], '1025_995_failing_MET': [0.0, 0.0], '1025_995_min_MET_pt': [10000000.0, 10000000.0], '1050_1040': [0.0, 0.0], '1050_1040_passing_MET': [0.0, 0.0], '1050_1040_failing_MET': [0.0, 0.0], '1050_1040_min_MET_pt': [10000000.0, 10000000.0], '1050_1035': [0.0, 0.0], '1050_1035_passing_MET': [0.0, 0.0], '1050_1035_failing_MET': [0.0, 0.0], '1050_1035_min_MET_pt': [10000000.0, 10000000.0], '1050_1030': [0.0, 0.0], '1050_1030_passing_MET': [0.0, 0.0], '1050_1030_failing_MET': [0.0, 0.0], '1050_1030_min_MET_pt': [10000000.0, 10000000.0], '1050_1025': [0.0, 0.0], '1050_1025_passing_MET': [0.0, 0.0], '1050_1025_failing_MET': [0.0, 0.0], '1050_1025_min_MET_pt': [10000000.0, 10000000.0], '1050_1020': [0.0, 0.0], '1050_1020_passing_MET': [0.0, 0.0], '1050_1020_failing_MET': [0.0, 0.0], '1050_1020_min_MET_pt': [10000000.0, 10000000.0], '1075_1065': [0.0, 0.0], '1075_1065_passing_MET': [0.0, 0.0], '1075_1065_failing_MET': [0.0, 0.0], '1075_1065_min_MET_pt': [10000000.0, 10000000.0], '1075_1060': [0.0, 0.0], '1075_1060_passing_MET': [0.0, 0.0], '1075_1060_failing_MET': [0.0, 0.0], '1075_1060_min_MET_pt': [10000000.0, 10000000.0], '1075_1055': [0.0, 0.0], '1075_1055_passing_MET': [0.0, 0.0], '1075_1055_failing_MET': [0.0, 0.0], '1075_1055_min_MET_pt': [10000000.0, 10000000.0], '1075_1050': [0.0, 0.0], '1075_1050_passing_MET': [0.0, 0.0], '1075_1050_failing_MET': [0.0, 0.0], '1075_1050_min_MET_pt': [10000000.0, 10000000.0], '1075_1045': [0.0, 0.0], '1075_1045_passing_MET': [0.0, 0.0], '1075_1045_failing_MET': [0.0, 0.0], '1075_1045_min_MET_pt': [10000000.0, 10000000.0], '1100_1090': [0.0, 0.0], '1100_1090_passing_MET': [0.0, 0.0], '1100_1090_failing_MET': [0.0, 0.0], '1100_1090_min_MET_pt': [10000000.0, 10000000.0], '1100_1085': [0.0, 0.0], '1100_1085_passing_MET': [0.0, 0.0], '1100_1085_failing_MET': [0.0, 0.0], '1100_1085_min_MET_pt': [10000000.0, 10000000.0], '1100_1080': [0.0, 0.0], '1100_1080_passing_MET': [0.0, 0.0], '1100_1080_failing_MET': [0.0, 0.0], '1100_1080_min_MET_pt': [10000000.0, 10000000.0], '1100_1075': [0.0, 2061.0], '1100_1075_passing_MET': [0.0, 2014.0], '1100_1075_failing_MET': [0.0, 47.0], '1100_1075_min_MET_pt': [10000000.0, 43.51968002319336], '1100_1070': [0.0, 996.0], '1100_1070_passing_MET': [0.0, 964.0], '1100_1070_failing_MET': [0.0, 32.0], '1100_1070_min_MET_pt': [10000000.0, 47.38998031616211], 'nEventsTotal': 184493.0, 'strange masspoints': 0.0, 'orphans': 0.0, 'R-hadron event': 0.0, 'different stop antistop masses': 0.0, 'strange error': 0.0, 'strange event': 0.0, 'different neutralino masses': 15213.0, 'large differences': 0.0, '1076_1065': [3150.0, 990.0], '1076_1065_passing_MET': [3074.0, 959.0], '1076_1065_failing_MET': [76.0, 31.0], '1076_1065_min_MET_pt': [33.23257827758789, 36.173946380615234], '1076_1064': [313.0, 104.0], '1076_1064_passing_MET': [307.0, 104.0], '1076_1064_failing_MET': [6.0, 0.0], '1076_1064_min_MET_pt': [77.93000030517578, 102.08352661132812], '926_910': [0.0, 1117.0], '926_910_passing_MET': [0.0, 1086.0], '926_910_failing_MET': [0.0, 31.0], '926_910_min_MET_pt': [10000000.0, 25.76953887939453], '876_860': [1198.0, 0.0], '876_860_passing_MET': [1156.0, 0.0], '876_860_failing_MET': [42.0, 0.0], '876_860_min_MET_pt': [25.04891586303711, 10000000.0], '1024_1005': [0.0, 1932.0], '1024_1005_passing_MET': [0.0, 1892.0], '1024_1005_failing_MET': [0.0, 40.0], '1024_1005_min_MET_pt': [10000000.0, 23.615478515625], '1024_1006': [0.0, 298.0], '1024_1006_passing_MET': [0.0, 292.0], '1024_1006_failing_MET': [0.0, 6.0], '1024_1006_min_MET_pt': [10000000.0, 27.017566680908203], '876_865': [2962.0, 2005.0], '876_865_passing_MET': [2888.0, 1960.0], '876_865_failing_MET': [74.0, 45.0], '876_865_min_MET_pt': [12.117162704467773, 29.856645584106445], '876_866': [274.0, 219.0], '876_866_passing_MET': [268.0, 216.0], '876_866_failing_MET': [6.0, 3.0], '876_866_min_MET_pt': [37.23263931274414, 81.57243347167969], '1024_1010': [1151.0, 0.0], '1024_1010_passing_MET': [1124.0, 0.0], '1024_1010_failing_MET': [27.0, 0.0], '1024_1010_min_MET_pt': [45.02081298828125, 10000000.0], '1024_1015': [3104.0, 1016.0], '1024_1015_passing_MET': [3022.0, 993.0], '1024_1015_failing_MET': [82.0, 23.0], '1024_1015_min_MET_pt': [15.881949424743652, 53.796226501464844], '1024_1016': [286.0, 100.0], '1024_1016_passing_MET': [283.0, 98.0], '1024_1016_failing_MET': [3.0, 2.0], '1024_1016_min_MET_pt': [54.27800369262695, 82.06751251220703], '626_615': [0.0, 2660.0], '626_615_passing_MET': [0.0, 2598.0], '626_615_failing_MET': [0.0, 62.0], '626_615_min_MET_pt': [10000000.0, 14.376461029052734], '626_616': [0.0, 280.0], '626_616_passing_MET': [0.0, 277.0], '626_616_failing_MET': [0.0, 3.0], '626_616_min_MET_pt': [10000000.0, 54.59321975708008], '550_526': [160.0, 143.0], '550_526_passing_MET': [155.0, 139.0], '550_526_failing_MET': [5.0, 4.0], '550_526_min_MET_pt': [86.6893539428711, 64.13694763183594], '900_886': [140.0, 142.0], '900_886_passing_MET': [136.0, 140.0], '900_886_failing_MET': [4.0, 2.0], '900_886_min_MET_pt': [11.936452865600586, 91.31774139404297], '750_726': [347.0, 0.0], '750_726_passing_MET': [340.0, 0.0], '750_726_failing_MET': [7.0, 0.0], '750_726_min_MET_pt': [70.0420913696289, 10000000.0], '776_745': [977.0, 0.0], '776_745_passing_MET': [945.0, 0.0], '776_745_failing_MET': [32.0, 0.0], '776_745_min_MET_pt': [27.099529266357422, 10000000.0], '776_746': [168.0, 0.0], '776_746_passing_MET': [162.0, 0.0], '776_746_failing_MET': [6.0, 0.0], '776_746_min_MET_pt': [54.243961334228516, 10000000.0], '776_765': [3901.0, 955.0], '776_765_passing_MET': [3822.0, 936.0], '776_765_failing_MET': [79.0, 19.0], '776_765_min_MET_pt': [30.760616302490234, 21.956525802612305], '776_766': [412.0, 108.0], '776_766_passing_MET': [404.0, 106.0], '776_766_failing_MET': [8.0, 2.0], '776_766_min_MET_pt': [71.8109130859375, 78.0689926147461], '926_895': [0.0, 986.0], '926_895_passing_MET': [0.0, 962.0], '926_895_failing_MET': [0.0, 24.0], '926_895_min_MET_pt': [10000000.0, 39.24666213989258], '926_896': [0.0, 174.0], '926_896_passing_MET': [0.0, 172.0], '926_896_failing_MET': [0.0, 2.0], '926_896_min_MET_pt': [10000000.0, 87.89937591552734], '800_776': [171.0, 0.0], '800_776_passing_MET': [167.0, 0.0], '800_776_failing_MET': [4.0, 0.0], '800_776_min_MET_pt': [71.75936126708984, 10000000.0], '526_515': [877.0, 2627.0], '526_515_passing_MET': [856.0, 2559.0], '526_515_failing_MET': [21.0, 68.0], '526_515_min_MET_pt': [32.81642150878906, 34.044254302978516], '526_516': [102.0, 269.0], '526_516_passing_MET': [95.0, 264.0], '526_516_failing_MET': [7.0, 5.0], '526_516_min_MET_pt': [61.611019134521484, 54.964080810546875], '676_665': [0.0, 1921.0], '676_665_passing_MET': [0.0, 1878.0], '676_665_failing_MET': [0.0, 43.0], '676_665_min_MET_pt': [10000000.0, 39.87750244140625], '676_666': [0.0, 181.0], '676_666_passing_MET': [0.0, 180.0], '676_666_failing_MET': [0.0, 1.0], '676_666_min_MET_pt': [10000000.0, 92.77892303466797], '726_700': [0.0, 1116.0], '726_700_passing_MET': [0.0, 1073.0], '726_700_failing_MET': [0.0, 43.0], '726_700_min_MET_pt': [10000000.0, 25.925003051757812], '1024_995': [0.0, 979.0], '1024_995_passing_MET': [0.0, 955.0], '1024_995_failing_MET': [0.0, 24.0], '1024_995_min_MET_pt': [10000000.0, 34.68701934814453], '1024_996': [0.0, 203.0], '1024_996_passing_MET': [0.0, 193.0], '1024_996_failing_MET': [0.0, 10.0], '1024_996_min_MET_pt': [10000000.0, 66.03411102294922], '1076_1045': [1008.0, 0.0], '1076_1045_passing_MET': [976.0, 0.0], '1076_1045_failing_MET': [32.0, 0.0], '1076_1045_min_MET_pt': [20.840383529663086, 10000000.0], '1076_1044': [190.0, 0.0], '1076_1044_passing_MET': [182.0, 0.0], '1076_1044_failing_MET': [8.0, 0.0], '1076_1044_min_MET_pt': [68.11309814453125, 10000000.0], '576_545': [858.0, 0.0], '576_545_passing_MET': [824.0, 0.0], '576_545_failing_MET': [34.0, 0.0], '576_545_min_MET_pt': [62.44199752807617, 10000000.0], '576_546': [161.0, 0.0], '576_546_passing_MET': [157.0, 0.0], '576_546_failing_MET': [4.0, 0.0], '576_546_min_MET_pt': [59.88270568847656, 10000000.0], '650_626': [0.0, 168.0], '650_626_passing_MET': [0.0, 162.0], '650_626_failing_MET': [0.0, 6.0], '650_626_min_MET_pt': [10000000.0, 59.9586067199707], '700_676': [160.0, 0.0], '700_676_passing_MET': [158.0, 0.0], '700_676_failing_MET': [2.0, 0.0], '700_676_min_MET_pt': [48.069400787353516, 10000000.0], '526_495': [1015.0, 2048.0], '526_495_passing_MET': [974.0, 1983.0], '526_495_failing_MET': [41.0, 65.0], '526_495_min_MET_pt': [35.78407669067383, 8.511713981628418], '1100_1076': [0.0, 354.0], '1100_1076_passing_MET': [0.0, 345.0], '1100_1076_failing_MET': [0.0, 9.0], '1100_1076_min_MET_pt': [10000000.0, 41.93179702758789], '726_696': [0.0, 181.0], '726_696_passing_MET': [0.0, 176.0], '726_696_failing_MET': [0.0, 5.0], '726_696_min_MET_pt': [10000000.0, 63.596412658691406], '726_695': [0.0, 958.0], '726_695_passing_MET': [0.0, 935.0], '726_695_failing_MET': [0.0, 23.0], '726_695_min_MET_pt': [10000000.0, 35.84018325805664], '876_845': [988.0, 0.0], '876_845_passing_MET': [952.0, 0.0], '876_845_failing_MET': [36.0, 0.0], '876_845_min_MET_pt': [23.47492218017578, 10000000.0], '876_846': [170.0, 0.0], '876_846_passing_MET': [167.0, 0.0], '876_846_failing_MET': [3.0, 0.0], '876_846_min_MET_pt': [47.07332992553711, 10000000.0], '976_955': [0.0, 1940.0], '976_955_passing_MET': [0.0, 1890.0], '976_955_failing_MET': [0.0, 50.0], '976_955_min_MET_pt': [10000000.0, 4.200381278991699], '976_956': [0.0, 304.0], '976_956_passing_MET': [0.0, 297.0], '976_956_failing_MET': [0.0, 7.0], '976_956_min_MET_pt': [10000000.0, 51.330570220947266], '1052_1025': [978.0, 1003.0], '1052_1025_passing_MET': [950.0, 976.0], '1052_1025_failing_MET': [28.0, 27.0], '1052_1025_min_MET_pt': [29.73200798034668, 15.707076072692871], '1052_1024': [177.0, 193.0], '1052_1024_passing_MET': [174.0, 189.0], '1052_1024_failing_MET': [3.0, 4.0], '1052_1024_min_MET_pt': [62.5604362487793, 45.89883041381836], '1052_1040': [1134.0, 2244.0], '1052_1040_passing_MET': [1107.0, 2200.0], '1052_1040_failing_MET': [27.0, 44.0], '1052_1040_min_MET_pt': [20.095197677612305, 39.02802276611328], '800_786': [0.0, 121.0], '800_786_passing_MET': [0.0, 120.0], '800_786_failing_MET': [0.0, 1.0], '800_786_min_MET_pt': [10000000.0, 52.56557846069336], '1076_1056': [0.0, 179.0], '1076_1056_passing_MET': [0.0, 173.0], '1076_1056_failing_MET': [0.0, 6.0], '1076_1056_min_MET_pt': [10000000.0, 69.9199447631836], '1076_1055': [0.0, 1065.0], '1076_1055_passing_MET': [0.0, 1044.0], '1076_1055_failing_MET': [0.0, 21.0], '1076_1055_min_MET_pt': [10000000.0, 22.711284637451172], '600_586': [0.0, 122.0], '600_586_passing_MET': [0.0, 116.0], '600_586_failing_MET': [0.0, 6.0], '600_586_min_MET_pt': [10000000.0, 50.073307037353516], '826_815': [0.0, 965.0], '826_815_passing_MET': [0.0, 946.0], '826_815_failing_MET': [0.0, 19.0], '826_815_min_MET_pt': [10000000.0, 46.63195037841797], '826_816': [0.0, 96.0], '826_816_passing_MET': [0.0, 95.0], '826_816_failing_MET': [0.0, 1.0], '826_816_min_MET_pt': [10000000.0, 60.76454162597656], '976_960': [0.0, 1175.0], '976_960_passing_MET': [0.0, 1153.0], '976_960_failing_MET': [0.0, 22.0], '976_960_min_MET_pt': [10000000.0, 33.000885009765625], '526_500': [1990.0, 0.0], '526_500_passing_MET': [1938.0, 0.0], '526_500_failing_MET': [52.0, 0.0], '526_500_min_MET_pt': [28.315385818481445, 10000000.0], '576_565': [0.0, 1828.0], '576_565_passing_MET': [0.0, 1771.0], '576_565_failing_MET': [0.0, 57.0], '576_565_min_MET_pt': [10000000.0, 38.67957305908203], '576_566': [0.0, 168.0], '576_566_passing_MET': [0.0, 164.0], '576_566_failing_MET': [0.0, 4.0], '576_566_min_MET_pt': [10000000.0, 72.7325668334961], '976_945': [0.0, 974.0], '976_945_passing_MET': [0.0, 954.0], '976_945_failing_MET': [0.0, 20.0], '976_945_min_MET_pt': [10000000.0, 37.646175384521484], '976_946': [0.0, 205.0], '976_946_passing_MET': [0.0, 201.0], '976_946_failing_MET': [0.0, 4.0], '976_946_min_MET_pt': [10000000.0, 56.027828216552734], '726_705': [0.0, 897.0], '726_705_passing_MET': [0.0, 877.0], '726_705_failing_MET': [0.0, 20.0], '726_705_min_MET_pt': [10000000.0, 17.828948974609375], '726_706': [0.0, 164.0], '726_706_passing_MET': [0.0, 157.0], '726_706_failing_MET': [0.0, 7.0], '726_706_min_MET_pt': [10000000.0, 57.97123718261719], '576_555': [0.0, 909.0], '576_555_passing_MET': [0.0, 887.0], '576_555_failing_MET': [0.0, 22.0], '576_555_min_MET_pt': [10000000.0, 49.58068084716797], '576_556': [0.0, 156.0], '576_556_passing_MET': [0.0, 149.0], '576_556_failing_MET': [0.0, 7.0], '576_556_min_MET_pt': [10000000.0, 56.50894546508789], '976_965': [978.0, 0.0], '976_965_passing_MET': [958.0, 0.0], '976_965_failing_MET': [20.0, 0.0], '976_965_min_MET_pt': [44.13069534301758, 10000000.0], '976_966': [101.0, 0.0], '976_966_passing_MET': [97.0, 0.0], '976_966_failing_MET': [4.0, 0.0], '976_966_min_MET_pt': [54.20888900756836, 10000000.0], '876_850': [1128.0, 0.0], '876_850_passing_MET': [1101.0, 0.0], '876_850_failing_MET': [27.0, 0.0], '876_850_min_MET_pt': [33.67613983154297, 10000000.0], '1000_976': [168.0, 0.0], '1000_976_passing_MET': [157.0, 0.0], '1000_976_failing_MET': [11.0, 0.0], '1000_976_min_MET_pt': [20.07704734802246, 10000000.0], '1100_1072': [0.0, 194.0], '1100_1072_passing_MET': [0.0, 187.0], '1100_1072_failing_MET': [0.0, 7.0], '1100_1072_min_MET_pt': [10000000.0, 65.18242645263672], '1052_1036': [142.0, 0.0], '1052_1036_passing_MET': [141.0, 0.0], '1052_1036_failing_MET': [1.0, 0.0], '1052_1036_min_MET_pt': [38.79907989501953, 10000000.0], '1052_1035': [963.0, 0.0], '1052_1035_passing_MET': [938.0, 0.0], '1052_1035_failing_MET': [25.0, 0.0], '1052_1035_min_MET_pt': [29.261425018310547, 10000000.0], '1076_1050': [0.0, 980.0], '1076_1050_passing_MET': [0.0, 959.0], '1076_1050_failing_MET': [0.0, 21.0], '1076_1050_min_MET_pt': [10000000.0, 51.83830642700195], '1076_1052': [0.0, 206.0], '1076_1052_passing_MET': [0.0, 201.0], '1076_1052_failing_MET': [0.0, 5.0], '1076_1052_min_MET_pt': [10000000.0, 50.915611267089844]}
nevents_from_dict =  3570322607.230687
Results saved to /afs/cern.ch/work/m/mleoncoe/private/stop_met_check/outputs_2018/nanoAOD_490.json
done
