i am in this directory
/pool/condor/dir_2536514
Python 3.9.23
3.9.23
 will run this python stop_check_met_eff.py /eos/user/m/mleoncoe/stop_event_check/privateNanoAod2018/nanoAOD_45.root /afs/cern.ch/work/m/mleoncoe/private/stop_met_check/outputs_2018/nanoAOD_45.json
event num1000
event num2000
event num3000
event num4000
event num5000
event num6000
event num7000
event num8000
event num9000
event num10000
event num11000
event num12000
event num13000
event num14000
event num15000
event num16000
event num17000
event num18000
event num19000
event num20000
event num21000
event num22000
event num23000
event num24000
event num25000
event num26000
event num27000
event num28000
event num29000
event num30000
event num31000
event num32000
event num33000
event num34000
event num35000
event num36000
event num37000
event num38000
event num39000
event num40000
event num41000
event num42000
event num43000
event num44000
event num45000
event num46000
event num47000
event num48000
event num49000
event num50000
event num51000
event num52000
event num53000
event num54000
event num55000
event num56000
event num57000
event num58000
event num59000
event num60000
event num61000
event num62000
event num63000
event num64000
event num65000
event num66000
event num67000
event num68000
event num69000
event num70000
event num71000
event num72000
event num73000
event num74000
event num75000
event num76000
event num77000
event num78000
event num79000
event num80000
event num81000
event num82000
event num83000
event num84000
event num85000
event num86000
event num87000
event num88000
event num89000
event num90000
event num91000
event num92000
event num93000
event num94000
event num95000
event num96000
event num97000
event num98000
event num99000
event num100000
event num101000
event num102000
event num103000
event num104000
event num105000
event num106000
event num107000
event num108000
event num109000
event num110000
event num111000
event num112000
event num113000
event num114000
event num115000
event num116000
event num117000
event num118000
event num119000
event num120000
event num121000
event num122000
event num123000
event num124000
event num125000
event num126000
event num127000
event num128000
event num129000
event num130000
event num131000
event num132000
event num133000
event num134000
event num135000
event num136000
event num137000
event num138000
event num139000
event num140000
event num141000
event num142000
event num143000
event num144000
event num145000
event num146000
event num147000
event num148000
event num149000
event num150000
event num151000
event num152000
event num153000
event num154000
event num155000
event num156000
event num157000
event num158000
event num159000
event num160000
event num161000
event num162000
event num163000
event num164000
event num165000
event num166000
event num167000
event num168000
event num169000
event num170000
event num171000
event num172000
event num173000
event num174000
event num175000
event num176000
event num177000
event num178000
event num179000
event num180000
event num181000
event num182000
event num183000
event num184000
{'250_240': [0.0, 2207.0], '250_240_passing_MET': [0.0, 2130.0], '250_240_failing_MET': [0.0, 77.0], '250_240_min_MET_pt': [10000000.0, 21.6900577545166], '250_235': [0.0, 692.0], '250_235_passing_MET': [0.0, 663.0], '250_235_failing_MET': [0.0, 29.0], '250_235_min_MET_pt': [10000000.0, 38.22312545776367], '250_230': [0.0, 1446.0], '250_230_passing_MET': [0.0, 1375.0], '250_230_failing_MET': [0.0, 71.0], '250_230_min_MET_pt': [10000000.0, 37.69452667236328], '250_225': [0.0, 0.0], '250_225_passing_MET': [0.0, 0.0], '250_225_failing_MET': [0.0, 0.0], '250_225_min_MET_pt': [10000000.0, 10000000.0], '250_220': [0.0, 0.0], '250_220_passing_MET': [0.0, 0.0], '250_220_failing_MET': [0.0, 0.0], '250_220_min_MET_pt': [10000000.0, 10000000.0], '275_265': [0.0, 1449.0], '275_265_passing_MET': [0.0, 1391.0], '275_265_failing_MET': [0.0, 58.0], '275_265_min_MET_pt': [10000000.0, 11.269309043884277], '275_260': [1537.0, 0.0], '275_260_passing_MET': [1468.0, 0.0], '275_260_failing_MET': [69.0, 0.0], '275_260_min_MET_pt': [2.0015625953674316, 10000000.0], '275_255': [0.0, 1525.0], '275_255_passing_MET': [0.0, 1443.0], '275_255_failing_MET': [0.0, 82.0], '275_255_min_MET_pt': [10000000.0, 6.243715763092041], '275_250': [0.0, 0.0], '275_250_passing_MET': [0.0, 0.0], '275_250_failing_MET': [0.0, 0.0], '275_250_min_MET_pt': [10000000.0, 10000000.0], '275_245': [0.0, 780.0], '275_245_passing_MET': [0.0, 739.0], '275_245_failing_MET': [0.0, 41.0], '275_245_min_MET_pt': [10000000.0, 7.39232063293457], '300_290': [1518.0, 2253.0], '300_290_passing_MET': [0.0, 0.0], '300_290_failing_MET': [0.0, 0.0], '300_290_min_MET_pt': [10000000.0, 10000000.0], '300_285': [0.0, 786.0], '300_285_passing_MET': [0.0, 755.0], '300_285_failing_MET': [0.0, 31.0], '300_285_min_MET_pt': [10000000.0, 24.24391746520996], '300_280': [788.0, 0.0], '300_280_passing_MET': [759.0, 0.0], '300_280_failing_MET': [29.0, 0.0], '300_280_min_MET_pt': [38.73041915893555, 10000000.0], '300_275': [1619.0, 0.0], '300_275_passing_MET': [1539.0, 0.0], '300_275_failing_MET': [80.0, 0.0], '300_275_min_MET_pt': [7.106862545013428, 10000000.0], '300_270': [852.0, 846.0], '300_270_passing_MET': [0.0, 0.0], '300_270_failing_MET': [0.0, 0.0], '300_270_min_MET_pt': [10000000.0, 10000000.0], '325_315': [778.0, 2372.0], '325_315_passing_MET': [0.0, 0.0], '325_315_failing_MET': [0.0, 0.0], '325_315_min_MET_pt': [10000000.0, 10000000.0], '325_310': [849.0, 0.0], '325_310_passing_MET': [813.0, 0.0], '325_310_failing_MET': [36.0, 0.0], '325_310_min_MET_pt': [24.67735481262207, 10000000.0], '325_305': [0.0, 0.0], '325_305_passing_MET': [0.0, 0.0], '325_305_failing_MET': [0.0, 0.0], '325_305_min_MET_pt': [10000000.0, 10000000.0], '325_300': [809.0, 0.0], '325_300_passing_MET': [771.0, 0.0], '325_300_failing_MET': [38.0, 0.0], '325_300_min_MET_pt': [40.397186279296875, 10000000.0], '325_295': [0.0, 905.0], '325_295_passing_MET': [0.0, 862.0], '325_295_failing_MET': [0.0, 43.0], '325_295_min_MET_pt': [10000000.0, 16.18478775024414], '350_340': [892.0, 818.0], '350_340_passing_MET': [0.0, 0.0], '350_340_failing_MET': [0.0, 0.0], '350_340_min_MET_pt': [10000000.0, 10000000.0], '350_335': [856.0, 865.0], '350_335_passing_MET': [0.0, 0.0], '350_335_failing_MET': [0.0, 0.0], '350_335_min_MET_pt': [10000000.0, 10000000.0], '350_330': [0.0, 0.0], '350_330_passing_MET': [0.0, 0.0], '350_330_failing_MET': [0.0, 0.0], '350_330_min_MET_pt': [10000000.0, 10000000.0], '350_325': [0.0, 1722.0], '350_325_passing_MET': [0.0, 1663.0], '350_325_failing_MET': [0.0, 59.0], '350_325_min_MET_pt': [10000000.0, 35.3653678894043], '350_320': [0.0, 0.0], '350_320_passing_MET': [0.0, 0.0], '350_320_failing_MET': [0.0, 0.0], '350_320_min_MET_pt': [10000000.0, 10000000.0], '375_365': [1803.0, 0.0], '375_365_passing_MET': [1747.0, 0.0], '375_365_failing_MET': [56.0, 0.0], '375_365_min_MET_pt': [5.6916022300720215, 10000000.0], '375_360': [2619.0, 852.0], '375_360_passing_MET': [0.0, 0.0], '375_360_failing_MET': [0.0, 0.0], '375_360_min_MET_pt': [10000000.0, 10000000.0], '375_355': [856.0, 0.0], '375_355_passing_MET': [822.0, 0.0], '375_355_failing_MET': [34.0, 0.0], '375_355_min_MET_pt': [27.530881881713867, 10000000.0], '375_350': [0.0, 0.0], '375_350_passing_MET': [0.0, 0.0], '375_350_failing_MET': [0.0, 0.0], '375_350_min_MET_pt': [10000000.0, 10000000.0], '375_345': [0.0, 0.0], '375_345_passing_MET': [0.0, 0.0], '375_345_failing_MET': [0.0, 0.0], '375_345_min_MET_pt': [10000000.0, 10000000.0], '400_390': [931.0, 3551.0], '400_390_passing_MET': [0.0, 0.0], '400_390_failing_MET': [0.0, 0.0], '400_390_min_MET_pt': [10000000.0, 10000000.0], '400_385': [0.0, 0.0], '400_385_passing_MET': [0.0, 0.0], '400_385_failing_MET': [0.0, 0.0], '400_385_min_MET_pt': [10000000.0, 10000000.0], '400_380': [0.0, 0.0], '400_380_passing_MET': [0.0, 0.0], '400_380_failing_MET': [0.0, 0.0], '400_380_min_MET_pt': [10000000.0, 10000000.0], '400_375': [0.0, 0.0], '400_375_passing_MET': [0.0, 0.0], '400_375_failing_MET': [0.0, 0.0], '400_375_min_MET_pt': [10000000.0, 10000000.0], '400_370': [0.0, 0.0], '400_370_passing_MET': [0.0, 0.0], '400_370_failing_MET': [0.0, 0.0], '400_370_min_MET_pt': [10000000.0, 10000000.0], '425_415': [2743.0, 4455.0], '425_415_passing_MET': [0.0, 0.0], '425_415_failing_MET': [0.0, 0.0], '425_415_min_MET_pt': [10000000.0, 10000000.0], '425_410': [871.0, 0.0], '425_410_passing_MET': [854.0, 0.0], '425_410_failing_MET': [17.0, 0.0], '425_410_min_MET_pt': [32.14059829711914, 10000000.0], '425_405': [0.0, 0.0], '425_405_passing_MET': [0.0, 0.0], '425_405_failing_MET': [0.0, 0.0], '425_405_min_MET_pt': [10000000.0, 10000000.0], '425_400': [0.0, 940.0], '425_400_passing_MET': [0.0, 910.0], '425_400_failing_MET': [0.0, 30.0], '425_400_min_MET_pt': [10000000.0, 10.781128883361816], '425_395': [0.0, 2000.0], '425_395_passing_MET': [0.0, 1909.0], '425_395_failing_MET': [0.0, 91.0], '425_395_min_MET_pt': [10000000.0, 6.956719398498535], '450_440': [0.0, 1833.0], '450_440_passing_MET': [0.0, 1789.0], '450_440_failing_MET': [0.0, 44.0], '450_440_min_MET_pt': [10000000.0, 44.335914611816406], '450_435': [0.0, 0.0], '450_435_passing_MET': [0.0, 0.0], '450_435_failing_MET': [0.0, 0.0], '450_435_min_MET_pt': [10000000.0, 10000000.0], '450_430': [0.0, 0.0], '450_430_passing_MET': [0.0, 0.0], '450_430_failing_MET': [0.0, 0.0], '450_430_min_MET_pt': [10000000.0, 10000000.0], '450_425': [989.0, 0.0], '450_425_passing_MET': [947.0, 0.0], '450_425_failing_MET': [42.0, 0.0], '450_425_min_MET_pt': [34.84849166870117, 10000000.0], '450_420': [0.0, 0.0], '450_420_passing_MET': [0.0, 0.0], '450_420_failing_MET': [0.0, 0.0], '450_420_min_MET_pt': [10000000.0, 10000000.0], '475_465': [907.0, 0.0], '475_465_passing_MET': [886.0, 0.0], '475_465_failing_MET': [21.0, 0.0], '475_465_min_MET_pt': [21.970088958740234, 10000000.0], '475_460': [0.0, 0.0], '475_460_passing_MET': [0.0, 0.0], '475_460_failing_MET': [0.0, 0.0], '475_460_min_MET_pt': [10000000.0, 10000000.0], '475_455': [955.0, 0.0], '475_455_passing_MET': [916.0, 0.0], '475_455_failing_MET': [39.0, 0.0], '475_455_min_MET_pt': [40.294795989990234, 10000000.0], '475_450': [954.0, 0.0], '475_450_passing_MET': [921.0, 0.0], '475_450_failing_MET': [33.0, 0.0], '475_450_min_MET_pt': [21.40906524658203, 10000000.0], '475_445': [1976.0, 0.0], '475_445_passing_MET': [1904.0, 0.0], '475_445_failing_MET': [72.0, 0.0], '475_445_min_MET_pt': [18.36794090270996, 10000000.0], '500_490': [1860.0, 1917.0], '500_490_passing_MET': [0.0, 0.0], '500_490_failing_MET': [0.0, 0.0], '500_490_min_MET_pt': [10000000.0, 10000000.0], '500_485': [0.0, 0.0], '500_485_passing_MET': [0.0, 0.0], '500_485_failing_MET': [0.0, 0.0], '500_485_min_MET_pt': [10000000.0, 10000000.0], '500_480': [0.0, 0.0], '500_480_passing_MET': [0.0, 0.0], '500_480_failing_MET': [0.0, 0.0], '500_480_min_MET_pt': [10000000.0, 10000000.0], '500_475': [0.0, 0.0], '500_475_passing_MET': [0.0, 0.0], '500_475_failing_MET': [0.0, 0.0], '500_475_min_MET_pt': [10000000.0, 10000000.0], '500_470': [0.0, 0.0], '500_470_passing_MET': [0.0, 0.0], '500_470_failing_MET': [0.0, 0.0], '500_470_min_MET_pt': [10000000.0, 10000000.0], '525_515': [0.0, 0.0], '525_515_passing_MET': [0.0, 0.0], '525_515_failing_MET': [0.0, 0.0], '525_515_min_MET_pt': [10000000.0, 10000000.0], '525_510': [0.0, 0.0], '525_510_passing_MET': [0.0, 0.0], '525_510_failing_MET': [0.0, 0.0], '525_510_min_MET_pt': [10000000.0, 10000000.0], '525_505': [0.0, 0.0], '525_505_passing_MET': [0.0, 0.0], '525_505_failing_MET': [0.0, 0.0], '525_505_min_MET_pt': [10000000.0, 10000000.0], '525_500': [0.0, 0.0], '525_500_passing_MET': [0.0, 0.0], '525_500_failing_MET': [0.0, 0.0], '525_500_min_MET_pt': [10000000.0, 10000000.0], '525_495': [0.0, 0.0], '525_495_passing_MET': [0.0, 0.0], '525_495_failing_MET': [0.0, 0.0], '525_495_min_MET_pt': [10000000.0, 10000000.0], '550_540': [1972.0, 0.0], '550_540_passing_MET': [1912.0, 0.0], '550_540_failing_MET': [60.0, 0.0], '550_540_min_MET_pt': [12.760941505432129, 10000000.0], '550_535': [0.0, 0.0], '550_535_passing_MET': [0.0, 0.0], '550_535_failing_MET': [0.0, 0.0], '550_535_min_MET_pt': [10000000.0, 10000000.0], '550_530': [0.0, 0.0], '550_530_passing_MET': [0.0, 0.0], '550_530_failing_MET': [0.0, 0.0], '550_530_min_MET_pt': [10000000.0, 10000000.0], '550_525': [0.0, 0.0], '550_525_passing_MET': [0.0, 0.0], '550_525_failing_MET': [0.0, 0.0], '550_525_min_MET_pt': [10000000.0, 10000000.0], '550_520': [1006.0, 0.0], '550_520_passing_MET': [971.0, 0.0], '550_520_failing_MET': [35.0, 0.0], '550_520_min_MET_pt': [52.91709518432617, 10000000.0], '575_565': [0.0, 0.0], '575_565_passing_MET': [0.0, 0.0], '575_565_failing_MET': [0.0, 0.0], '575_565_min_MET_pt': [10000000.0, 10000000.0], '575_560': [0.0, 0.0], '575_560_passing_MET': [0.0, 0.0], '575_560_failing_MET': [0.0, 0.0], '575_560_min_MET_pt': [10000000.0, 10000000.0], '575_555': [0.0, 0.0], '575_555_passing_MET': [0.0, 0.0], '575_555_failing_MET': [0.0, 0.0], '575_555_min_MET_pt': [10000000.0, 10000000.0], '575_550': [0.0, 0.0], '575_550_passing_MET': [0.0, 0.0], '575_550_failing_MET': [0.0, 0.0], '575_550_min_MET_pt': [10000000.0, 10000000.0], '575_545': [0.0, 0.0], '575_545_passing_MET': [0.0, 0.0], '575_545_failing_MET': [0.0, 0.0], '575_545_min_MET_pt': [10000000.0, 10000000.0], '600_590': [2027.0, 2048.0], '600_590_passing_MET': [0.0, 0.0], '600_590_failing_MET': [0.0, 0.0], '600_590_min_MET_pt': [10000000.0, 10000000.0], '600_585': [0.0, 944.0], '600_585_passing_MET': [0.0, 912.0], '600_585_failing_MET': [0.0, 32.0], '600_585_min_MET_pt': [10000000.0, 43.911136627197266], '600_580': [1064.0, 0.0], '600_580_passing_MET': [1042.0, 0.0], '600_580_failing_MET': [22.0, 0.0], '600_580_min_MET_pt': [58.655174255371094, 10000000.0], '600_575': [0.0, 0.0], '600_575_passing_MET': [0.0, 0.0], '600_575_failing_MET': [0.0, 0.0], '600_575_min_MET_pt': [10000000.0, 10000000.0], '600_570': [0.0, 0.0], '600_570_passing_MET': [0.0, 0.0], '600_570_failing_MET': [0.0, 0.0], '600_570_min_MET_pt': [10000000.0, 10000000.0], '625_615': [0.0, 0.0], '625_615_passing_MET': [0.0, 0.0], '625_615_failing_MET': [0.0, 0.0], '625_615_min_MET_pt': [10000000.0, 10000000.0], '625_610': [0.0, 0.0], '625_610_passing_MET': [0.0, 0.0], '625_610_failing_MET': [0.0, 0.0], '625_610_min_MET_pt': [10000000.0, 10000000.0], '625_605': [0.0, 0.0], '625_605_passing_MET': [0.0, 0.0], '625_605_failing_MET': [0.0, 0.0], '625_605_min_MET_pt': [10000000.0, 10000000.0], '625_600': [0.0, 0.0], '625_600_passing_MET': [0.0, 0.0], '625_600_failing_MET': [0.0, 0.0], '625_600_min_MET_pt': [10000000.0, 10000000.0], '625_595': [0.0, 0.0], '625_595_passing_MET': [0.0, 0.0], '625_595_failing_MET': [0.0, 0.0], '625_595_min_MET_pt': [10000000.0, 10000000.0], '650_640': [1055.0, 1033.0], '650_640_passing_MET': [0.0, 0.0], '650_640_failing_MET': [0.0, 0.0], '650_640_min_MET_pt': [10000000.0, 10000000.0], '650_635': [1813.0, 0.0], '650_635_passing_MET': [1758.0, 0.0], '650_635_failing_MET': [55.0, 0.0], '650_635_min_MET_pt': [28.018007278442383, 10000000.0], '650_630': [0.0, 1092.0], '650_630_passing_MET': [0.0, 1057.0], '650_630_failing_MET': [0.0, 35.0], '650_630_min_MET_pt': [10000000.0, 13.25699520111084], '650_625': [0.0, 0.0], '650_625_passing_MET': [0.0, 0.0], '650_625_failing_MET': [0.0, 0.0], '650_625_min_MET_pt': [10000000.0, 10000000.0], '650_620': [0.0, 0.0], '650_620_passing_MET': [0.0, 0.0], '650_620_failing_MET': [0.0, 0.0], '650_620_min_MET_pt': [10000000.0, 10000000.0], '675_665': [0.0, 0.0], '675_665_passing_MET': [0.0, 0.0], '675_665_failing_MET': [0.0, 0.0], '675_665_min_MET_pt': [10000000.0, 10000000.0], '675_660': [0.0, 0.0], '675_660_passing_MET': [0.0, 0.0], '675_660_failing_MET': [0.0, 0.0], '675_660_min_MET_pt': [10000000.0, 10000000.0], '675_655': [0.0, 0.0], '675_655_passing_MET': [0.0, 0.0], '675_655_failing_MET': [0.0, 0.0], '675_655_min_MET_pt': [10000000.0, 10000000.0], '675_650': [0.0, 0.0], '675_650_passing_MET': [0.0, 0.0], '675_650_failing_MET': [0.0, 0.0], '675_650_min_MET_pt': [10000000.0, 10000000.0], '675_645': [0.0, 0.0], '675_645_passing_MET': [0.0, 0.0], '675_645_failing_MET': [0.0, 0.0], '675_645_min_MET_pt': [10000000.0, 10000000.0], '700_690': [0.0, 1013.0], '700_690_passing_MET': [0.0, 982.0], '700_690_failing_MET': [0.0, 31.0], '700_690_min_MET_pt': [10000000.0, 37.558349609375], '700_685': [0.0, 0.0], '700_685_passing_MET': [0.0, 0.0], '700_685_failing_MET': [0.0, 0.0], '700_685_min_MET_pt': [10000000.0, 10000000.0], '700_680': [0.0, 2202.0], '700_680_passing_MET': [0.0, 2144.0], '700_680_failing_MET': [0.0, 58.0], '700_680_min_MET_pt': [10000000.0, 30.433914184570312], '700_675': [900.0, 900.0], '700_675_passing_MET': [0.0, 0.0], '700_675_failing_MET': [0.0, 0.0], '700_675_min_MET_pt': [10000000.0, 10000000.0], '700_670': [0.0, 1084.0], '700_670_passing_MET': [0.0, 1056.0], '700_670_failing_MET': [0.0, 28.0], '700_670_min_MET_pt': [10000000.0, 43.55567169189453], '725_715': [0.0, 0.0], '725_715_passing_MET': [0.0, 0.0], '725_715_failing_MET': [0.0, 0.0], '725_715_min_MET_pt': [10000000.0, 10000000.0], '725_710': [0.0, 0.0], '725_710_passing_MET': [0.0, 0.0], '725_710_failing_MET': [0.0, 0.0], '725_710_min_MET_pt': [10000000.0, 10000000.0], '725_705': [0.0, 0.0], '725_705_passing_MET': [0.0, 0.0], '725_705_failing_MET': [0.0, 0.0], '725_705_min_MET_pt': [10000000.0, 10000000.0], '725_700': [0.0, 0.0], '725_700_passing_MET': [0.0, 0.0], '725_700_failing_MET': [0.0, 0.0], '725_700_min_MET_pt': [10000000.0, 10000000.0], '725_695': [0.0, 0.0], '725_695_passing_MET': [0.0, 0.0], '725_695_failing_MET': [0.0, 0.0], '725_695_min_MET_pt': [10000000.0, 10000000.0], '750_740': [1089.0, 1063.0], '750_740_passing_MET': [0.0, 0.0], '750_740_failing_MET': [0.0, 0.0], '750_740_min_MET_pt': [10000000.0, 10000000.0], '750_735': [0.0, 0.0], '750_735_passing_MET': [0.0, 0.0], '750_735_failing_MET': [0.0, 0.0], '750_735_min_MET_pt': [10000000.0, 10000000.0], '750_730': [0.0, 0.0], '750_730_passing_MET': [0.0, 0.0], '750_730_failing_MET': [0.0, 0.0], '750_730_min_MET_pt': [10000000.0, 10000000.0], '750_725': [0.0, 921.0], '750_725_passing_MET': [0.0, 903.0], '750_725_failing_MET': [0.0, 18.0], '750_725_min_MET_pt': [10000000.0, 24.532779693603516], '750_720': [1146.0, 1139.0], '750_720_passing_MET': [0.0, 0.0], '750_720_failing_MET': [0.0, 0.0], '750_720_min_MET_pt': [10000000.0, 10000000.0], '775_765': [0.0, 0.0], '775_765_passing_MET': [0.0, 0.0], '775_765_failing_MET': [0.0, 0.0], '775_765_min_MET_pt': [10000000.0, 10000000.0], '775_760': [0.0, 0.0], '775_760_passing_MET': [0.0, 0.0], '775_760_failing_MET': [0.0, 0.0], '775_760_min_MET_pt': [10000000.0, 10000000.0], '775_755': [0.0, 0.0], '775_755_passing_MET': [0.0, 0.0], '775_755_failing_MET': [0.0, 0.0], '775_755_min_MET_pt': [10000000.0, 10000000.0], '775_750': [0.0, 0.0], '775_750_passing_MET': [0.0, 0.0], '775_750_failing_MET': [0.0, 0.0], '775_750_min_MET_pt': [10000000.0, 10000000.0], '775_745': [0.0, 0.0], '775_745_passing_MET': [0.0, 0.0], '775_745_failing_MET': [0.0, 0.0], '775_745_min_MET_pt': [10000000.0, 10000000.0], '800_790': [0.0, 1047.0], '800_790_passing_MET': [0.0, 1013.0], '800_790_failing_MET': [0.0, 34.0], '800_790_min_MET_pt': [10000000.0, 16.23661231994629], '800_785': [952.0, 0.0], '800_785_passing_MET': [932.0, 0.0], '800_785_failing_MET': [20.0, 0.0], '800_785_min_MET_pt': [28.7464542388916, 10000000.0], '800_780': [0.0, 0.0], '800_780_passing_MET': [0.0, 0.0], '800_780_failing_MET': [0.0, 0.0], '800_780_min_MET_pt': [10000000.0, 10000000.0], '800_775': [0.0, 0.0], '800_775_passing_MET': [0.0, 0.0], '800_775_failing_MET': [0.0, 0.0], '800_775_min_MET_pt': [10000000.0, 10000000.0], '800_770': [0.0, 0.0], '800_770_passing_MET': [0.0, 0.0], '800_770_failing_MET': [0.0, 0.0], '800_770_min_MET_pt': [10000000.0, 10000000.0], '825_815': [0.0, 0.0], '825_815_passing_MET': [0.0, 0.0], '825_815_failing_MET': [0.0, 0.0], '825_815_min_MET_pt': [10000000.0, 10000000.0], '825_810': [0.0, 0.0], '825_810_passing_MET': [0.0, 0.0], '825_810_failing_MET': [0.0, 0.0], '825_810_min_MET_pt': [10000000.0, 10000000.0], '825_805': [0.0, 0.0], '825_805_passing_MET': [0.0, 0.0], '825_805_failing_MET': [0.0, 0.0], '825_805_min_MET_pt': [10000000.0, 10000000.0], '825_800': [0.0, 0.0], '825_800_passing_MET': [0.0, 0.0], '825_800_failing_MET': [0.0, 0.0], '825_800_min_MET_pt': [10000000.0, 10000000.0], '825_795': [0.0, 0.0], '825_795_passing_MET': [0.0, 0.0], '825_795_failing_MET': [0.0, 0.0], '825_795_min_MET_pt': [10000000.0, 10000000.0], '850_840': [2153.0, 3332.0], '850_840_passing_MET': [0.0, 0.0], '850_840_failing_MET': [0.0, 0.0], '850_840_min_MET_pt': [10000000.0, 10000000.0], '850_835': [934.0, 971.0], '850_835_passing_MET': [0.0, 0.0], '850_835_failing_MET': [0.0, 0.0], '850_835_min_MET_pt': [10000000.0, 10000000.0], '850_830': [1085.0, 1135.0], '850_830_passing_MET': [0.0, 0.0], '850_830_failing_MET': [0.0, 0.0], '850_830_min_MET_pt': [10000000.0, 10000000.0], '850_825': [0.0, 973.0], '850_825_passing_MET': [0.0, 952.0], '850_825_failing_MET': [0.0, 21.0], '850_825_min_MET_pt': [10000000.0, 20.66832733154297], '850_820': [0.0, 0.0], '850_820_passing_MET': [0.0, 0.0], '850_820_failing_MET': [0.0, 0.0], '850_820_min_MET_pt': [10000000.0, 10000000.0], '875_865': [0.0, 0.0], '875_865_passing_MET': [0.0, 0.0], '875_865_failing_MET': [0.0, 0.0], '875_865_min_MET_pt': [10000000.0, 10000000.0], '875_860': [0.0, 0.0], '875_860_passing_MET': [0.0, 0.0], '875_860_failing_MET': [0.0, 0.0], '875_860_min_MET_pt': [10000000.0, 10000000.0], '875_855': [0.0, 0.0], '875_855_passing_MET': [0.0, 0.0], '875_855_failing_MET': [0.0, 0.0], '875_855_min_MET_pt': [10000000.0, 10000000.0], '875_850': [0.0, 0.0], '875_850_passing_MET': [0.0, 0.0], '875_850_failing_MET': [0.0, 0.0], '875_850_min_MET_pt': [10000000.0, 10000000.0], '875_845': [0.0, 0.0], '875_845_passing_MET': [0.0, 0.0], '875_845_failing_MET': [0.0, 0.0], '875_845_min_MET_pt': [10000000.0, 10000000.0], '900_890': [1111.0, 0.0], '900_890_passing_MET': [1091.0, 0.0], '900_890_failing_MET': [20.0, 0.0], '900_890_min_MET_pt': [36.802879333496094, 10000000.0], '900_885': [0.0, 0.0], '900_885_passing_MET': [0.0, 0.0], '900_885_failing_MET': [0.0, 0.0], '900_885_min_MET_pt': [10000000.0, 10000000.0], '900_880': [0.0, 0.0], '900_880_passing_MET': [0.0, 0.0], '900_880_failing_MET': [0.0, 0.0], '900_880_min_MET_pt': [10000000.0, 10000000.0], '900_875': [958.0, 0.0], '900_875_passing_MET': [936.0, 0.0], '900_875_failing_MET': [22.0, 0.0], '900_875_min_MET_pt': [42.93083572387695, 10000000.0], '900_870': [0.0, 0.0], '900_870_passing_MET': [0.0, 0.0], '900_870_failing_MET': [0.0, 0.0], '900_870_min_MET_pt': [10000000.0, 10000000.0], '925_915': [0.0, 0.0], '925_915_passing_MET': [0.0, 0.0], '925_915_failing_MET': [0.0, 0.0], '925_915_min_MET_pt': [10000000.0, 10000000.0], '925_910': [0.0, 0.0], '925_910_passing_MET': [0.0, 0.0], '925_910_failing_MET': [0.0, 0.0], '925_910_min_MET_pt': [10000000.0, 10000000.0], '925_905': [0.0, 0.0], '925_905_passing_MET': [0.0, 0.0], '925_905_failing_MET': [0.0, 0.0], '925_905_min_MET_pt': [10000000.0, 10000000.0], '925_900': [0.0, 0.0], '925_900_passing_MET': [0.0, 0.0], '925_900_failing_MET': [0.0, 0.0], '925_900_min_MET_pt': [10000000.0, 10000000.0], '925_895': [0.0, 0.0], '925_895_passing_MET': [0.0, 0.0], '925_895_failing_MET': [0.0, 0.0], '925_895_min_MET_pt': [10000000.0, 10000000.0], '950_940': [1065.0, 4425.0], '950_940_passing_MET': [0.0, 0.0], '950_940_failing_MET': [0.0, 0.0], '950_940_min_MET_pt': [10000000.0, 10000000.0], '950_935': [0.0, 0.0], '950_935_passing_MET': [0.0, 0.0], '950_935_failing_MET': [0.0, 0.0], '950_935_min_MET_pt': [10000000.0, 10000000.0], '950_930': [0.0, 0.0], '950_930_passing_MET': [0.0, 0.0], '950_930_failing_MET': [0.0, 0.0], '950_930_min_MET_pt': [10000000.0, 10000000.0], '950_925': [0.0, 0.0], '950_925_passing_MET': [0.0, 0.0], '950_925_failing_MET': [0.0, 0.0], '950_925_min_MET_pt': [10000000.0, 10000000.0], '950_920': [0.0, 0.0], '950_920_passing_MET': [0.0, 0.0], '950_920_failing_MET': [0.0, 0.0], '950_920_min_MET_pt': [10000000.0, 10000000.0], '975_965': [0.0, 0.0], '975_965_passing_MET': [0.0, 0.0], '975_965_failing_MET': [0.0, 0.0], '975_965_min_MET_pt': [10000000.0, 10000000.0], '975_960': [0.0, 0.0], '975_960_passing_MET': [0.0, 0.0], '975_960_failing_MET': [0.0, 0.0], '975_960_min_MET_pt': [10000000.0, 10000000.0], '975_955': [0.0, 0.0], '975_955_passing_MET': [0.0, 0.0], '975_955_failing_MET': [0.0, 0.0], '975_955_min_MET_pt': [10000000.0, 10000000.0], '975_950': [0.0, 0.0], '975_950_passing_MET': [0.0, 0.0], '975_950_failing_MET': [0.0, 0.0], '975_950_min_MET_pt': [10000000.0, 10000000.0], '975_945': [0.0, 0.0], '975_945_passing_MET': [0.0, 0.0], '975_945_failing_MET': [0.0, 0.0], '975_945_min_MET_pt': [10000000.0, 10000000.0], '1000_990': [2223.0, 0.0], '1000_990_passing_MET': [2164.0, 0.0], '1000_990_failing_MET': [59.0, 0.0], '1000_990_min_MET_pt': [40.98970413208008, 10000000.0], '1000_985': [0.0, 980.0], '1000_985_passing_MET': [0.0, 962.0], '1000_985_failing_MET': [0.0, 18.0], '1000_985_min_MET_pt': [10000000.0, 39.35429763793945], '1000_980': [0.0, 0.0], '1000_980_passing_MET': [0.0, 0.0], '1000_980_failing_MET': [0.0, 0.0], '1000_980_min_MET_pt': [10000000.0, 10000000.0], '1000_975': [0.0, 0.0], '1000_975_passing_MET': [0.0, 0.0], '1000_975_failing_MET': [0.0, 0.0], '1000_975_min_MET_pt': [10000000.0, 10000000.0], '1000_970': [0.0, 0.0], '1000_970_passing_MET': [0.0, 0.0], '1000_970_failing_MET': [0.0, 0.0], '1000_970_min_MET_pt': [10000000.0, 10000000.0], '1025_1015': [0.0, 0.0], '1025_1015_passing_MET': [0.0, 0.0], '1025_1015_failing_MET': [0.0, 0.0], '1025_1015_min_MET_pt': [10000000.0, 10000000.0], '1025_1010': [0.0, 0.0], '1025_1010_passing_MET': [0.0, 0.0], '1025_1010_failing_MET': [0.0, 0.0], '1025_1010_min_MET_pt': [10000000.0, 10000000.0], '1025_1005': [0.0, 0.0], '1025_1005_passing_MET': [0.0, 0.0], '1025_1005_failing_MET': [0.0, 0.0], '1025_1005_min_MET_pt': [10000000.0, 10000000.0], '1025_1000': [0.0, 0.0], '1025_1000_passing_MET': [0.0, 0.0], '1025_1000_failing_MET': [0.0, 0.0], '1025_1000_min_MET_pt': [10000000.0, 10000000.0], '1025_995': [0.0, 0.0], '1025_995_passing_MET': [0.0, 0.0], '1025_995_failing_MET': [0.0, 0.0], '1025_995_min_MET_pt': [10000000.0, 10000000.0], '1050_1040': [0.0, 0.0], '1050_1040_passing_MET': [0.0, 0.0], '1050_1040_failing_MET': [0.0, 0.0], '1050_1040_min_MET_pt': [10000000.0, 10000000.0], '1050_1035': [0.0, 0.0], '1050_1035_passing_MET': [0.0, 0.0], '1050_1035_failing_MET': [0.0, 0.0], '1050_1035_min_MET_pt': [10000000.0, 10000000.0], '1050_1030': [0.0, 0.0], '1050_1030_passing_MET': [0.0, 0.0], '1050_1030_failing_MET': [0.0, 0.0], '1050_1030_min_MET_pt': [10000000.0, 10000000.0], '1050_1025': [0.0, 0.0], '1050_1025_passing_MET': [0.0, 0.0], '1050_1025_failing_MET': [0.0, 0.0], '1050_1025_min_MET_pt': [10000000.0, 10000000.0], '1050_1020': [0.0, 0.0], '1050_1020_passing_MET': [0.0, 0.0], '1050_1020_failing_MET': [0.0, 0.0], '1050_1020_min_MET_pt': [10000000.0, 10000000.0], '1075_1065': [0.0, 0.0], '1075_1065_passing_MET': [0.0, 0.0], '1075_1065_failing_MET': [0.0, 0.0], '1075_1065_min_MET_pt': [10000000.0, 10000000.0], '1075_1060': [0.0, 0.0], '1075_1060_passing_MET': [0.0, 0.0], '1075_1060_failing_MET': [0.0, 0.0], '1075_1060_min_MET_pt': [10000000.0, 10000000.0], '1075_1055': [0.0, 0.0], '1075_1055_passing_MET': [0.0, 0.0], '1075_1055_failing_MET': [0.0, 0.0], '1075_1055_min_MET_pt': [10000000.0, 10000000.0], '1075_1050': [0.0, 0.0], '1075_1050_passing_MET': [0.0, 0.0], '1075_1050_failing_MET': [0.0, 0.0], '1075_1050_min_MET_pt': [10000000.0, 10000000.0], '1075_1045': [0.0, 0.0], '1075_1045_passing_MET': [0.0, 0.0], '1075_1045_failing_MET': [0.0, 0.0], '1075_1045_min_MET_pt': [10000000.0, 10000000.0], '1100_1090': [0.0, 0.0], '1100_1090_passing_MET': [0.0, 0.0], '1100_1090_failing_MET': [0.0, 0.0], '1100_1090_min_MET_pt': [10000000.0, 10000000.0], '1100_1085': [0.0, 0.0], '1100_1085_passing_MET': [0.0, 0.0], '1100_1085_failing_MET': [0.0, 0.0], '1100_1085_min_MET_pt': [10000000.0, 10000000.0], '1100_1080': [0.0, 0.0], '1100_1080_passing_MET': [0.0, 0.0], '1100_1080_failing_MET': [0.0, 0.0], '1100_1080_min_MET_pt': [10000000.0, 10000000.0], '1100_1075': [0.0, 1972.0], '1100_1075_passing_MET': [0.0, 1911.0], '1100_1075_failing_MET': [0.0, 61.0], '1100_1075_min_MET_pt': [10000000.0, 8.053691864013672], '1100_1070': [0.0, 1016.0], '1100_1070_passing_MET': [0.0, 985.0], '1100_1070_failing_MET': [0.0, 31.0], '1100_1070_min_MET_pt': [10000000.0, 24.50321388244629], 'nEventsTotal': 184824.0, 'strange masspoints': 0.0, 'orphans': 0.0, 'R-hadron event': 0.0, 'different stop antistop masses': 0.0, 'strange error': 0.0, 'strange event': 0.0, 'different neutralino masses': 14846.0, 'large differences': 0.0, '1024_1005': [949.0, 1015.0], '1024_1005_passing_MET': [922.0, 991.0], '1024_1005_failing_MET': [27.0, 24.0], '1024_1005_min_MET_pt': [41.24421691894531, 38.53370666503906], '1024_1006': [163.0, 183.0], '1024_1006_passing_MET': [160.0, 178.0], '1024_1006_failing_MET': [3.0, 5.0], '1024_1006_min_MET_pt': [72.6136703491211, 84.05442810058594], '776_745': [906.0, 963.0], '776_745_passing_MET': [882.0, 938.0], '776_745_failing_MET': [24.0, 25.0], '776_745_min_MET_pt': [44.76457977294922, 29.762126922607422], '776_746': [207.0, 161.0], '776_746_passing_MET': [199.0, 155.0], '776_746_failing_MET': [8.0, 6.0], '776_746_min_MET_pt': [77.41935729980469, 40.120357513427734], '1076_1060': [1152.0, 1154.0], '1076_1060_passing_MET': [1120.0, 1124.0], '1076_1060_failing_MET': [32.0, 30.0], '1076_1060_min_MET_pt': [28.32420539855957, 47.17708206176758], '676_666': [87.0, 88.0], '676_666_passing_MET': [82.0, 86.0], '676_666_failing_MET': [5.0, 2.0], '676_666_min_MET_pt': [52.63816452026367, 77.74736785888672], '676_665': [944.0, 953.0], '676_665_passing_MET': [915.0, 931.0], '676_665_failing_MET': [29.0, 22.0], '676_665_min_MET_pt': [33.79250717163086, 19.72726821899414], '826_810': [0.0, 1154.0], '826_810_passing_MET': [0.0, 1128.0], '826_810_failing_MET': [0.0, 26.0], '826_810_min_MET_pt': [10000000.0, 51.309356689453125], '926_910': [1116.0, 1132.0], '926_910_passing_MET': [1094.0, 1106.0], '926_910_failing_MET': [22.0, 26.0], '926_910_min_MET_pt': [42.83322525024414, 30.291086196899414], '700_676': [155.0, 183.0], '700_676_passing_MET': [151.0, 181.0], '700_676_failing_MET': [4.0, 2.0], '700_676_min_MET_pt': [60.8043327331543, 54.290706634521484], '1052_1040': [1134.0, 0.0], '1052_1040_passing_MET': [1118.0, 0.0], '1052_1040_failing_MET': [16.0, 0.0], '1052_1040_min_MET_pt': [47.18195343017578, 10000000.0], '976_965': [0.0, 4012.0], '976_965_passing_MET': [0.0, 3915.0], '976_965_failing_MET': [0.0, 97.0], '976_965_min_MET_pt': [10000000.0, 28.46239471435547], '976_966': [0.0, 428.0], '976_966_passing_MET': [0.0, 418.0], '976_966_failing_MET': [0.0, 10.0], '976_966_min_MET_pt': [10000000.0, 57.572181701660156], '826_795': [0.0, 945.0], '826_795_passing_MET': [0.0, 930.0], '826_795_failing_MET': [0.0, 15.0], '826_795_min_MET_pt': [10000000.0, 46.28615188598633], '826_796': [0.0, 179.0], '826_796_passing_MET': [0.0, 173.0], '826_796_failing_MET': [0.0, 6.0], '826_796_min_MET_pt': [10000000.0, 16.13716697692871], '1076_1050': [0.0, 934.0], '1076_1050_passing_MET': [0.0, 911.0], '1076_1050_failing_MET': [0.0, 23.0], '1076_1050_min_MET_pt': [10000000.0, 36.664710998535156], '1076_1052': [0.0, 165.0], '1076_1052_passing_MET': [0.0, 161.0], '1076_1052_failing_MET': [0.0, 4.0], '1076_1052_min_MET_pt': [10000000.0, 75.85547637939453], '850_826': [0.0, 143.0], '850_826_passing_MET': [0.0, 139.0], '850_826_failing_MET': [0.0, 4.0], '850_826_min_MET_pt': [10000000.0, 80.91571044921875], '926_900': [0.0, 1175.0], '926_900_passing_MET': [0.0, 1148.0], '926_900_failing_MET': [0.0, 27.0], '926_900_min_MET_pt': [10000000.0, 41.5739860534668], '1076_1065': [985.0, 1030.0], '1076_1065_passing_MET': [962.0, 1002.0], '1076_1065_failing_MET': [23.0, 28.0], '1076_1065_min_MET_pt': [57.55031204223633, 2.4901692867279053], '1076_1064': [102.0, 89.0], '1076_1064_passing_MET': [101.0, 89.0], '1076_1064_failing_MET': [1.0, 0.0], '1076_1064_min_MET_pt': [94.10782623291016, 104.98292541503906], '1000_986': [0.0, 158.0], '1000_986_passing_MET': [0.0, 156.0], '1000_986_failing_MET': [0.0, 2.0], '1000_986_min_MET_pt': [10000000.0, 73.81813049316406], '750_726': [0.0, 170.0], '750_726_passing_MET': [0.0, 162.0], '750_726_failing_MET': [0.0, 8.0], '750_726_min_MET_pt': [10000000.0, 50.40131378173828], '626_615': [907.0, 0.0], '626_615_passing_MET': [884.0, 0.0], '626_615_failing_MET': [23.0, 0.0], '626_615_min_MET_pt': [28.89499282836914, 10000000.0], '626_616': [88.0, 0.0], '626_616_passing_MET': [87.0, 0.0], '626_616_failing_MET': [1.0, 0.0], '626_616_min_MET_pt': [92.36414337158203, 10000000.0], '900_876': [198.0, 0.0], '900_876_passing_MET': [195.0, 0.0], '900_876_failing_MET': [3.0, 0.0], '900_876_min_MET_pt': [88.17329406738281, 10000000.0], '1024_1016': [106.0, 0.0], '1024_1016_passing_MET': [105.0, 0.0], '1024_1016_failing_MET': [1.0, 0.0], '1024_1016_min_MET_pt': [80.6881103515625, 10000000.0], '1024_1015': [1010.0, 0.0], '1024_1015_passing_MET': [990.0, 0.0], '1024_1015_failing_MET': [20.0, 0.0], '1024_1015_min_MET_pt': [32.5229606628418, 10000000.0], '876_865': [2972.0, 3067.0], '876_865_passing_MET': [2904.0, 3001.0], '876_865_failing_MET': [68.0, 66.0], '876_865_min_MET_pt': [39.56836700439453, 27.294504165649414], '876_866': [296.0, 291.0], '876_866_passing_MET': [287.0, 283.0], '876_866_failing_MET': [9.0, 8.0], '876_866_min_MET_pt': [20.339391708374023, 47.103145599365234], '576_565': [0.0, 1843.0], '576_565_passing_MET': [0.0, 1797.0], '576_565_failing_MET': [0.0, 46.0], '576_565_min_MET_pt': [10000000.0, 13.600735664367676], '576_566': [0.0, 158.0], '576_566_passing_MET': [0.0, 156.0], '576_566_failing_MET': [0.0, 2.0], '576_566_min_MET_pt': [10000000.0, 61.6031494140625], '800_786': [141.0, 0.0], '800_786_passing_MET': [139.0, 0.0], '800_786_failing_MET': [2.0, 0.0], '800_786_min_MET_pt': [81.84007263183594, 10000000.0], '776_755': [1903.0, 0.0], '776_755_passing_MET': [1865.0, 0.0], '776_755_failing_MET': [38.0, 0.0], '776_755_min_MET_pt': [50.76123809814453, 10000000.0], '776_756': [335.0, 0.0], '776_756_passing_MET': [327.0, 0.0], '776_756_failing_MET': [8.0, 0.0], '776_756_min_MET_pt': [11.096540451049805, 10000000.0], '826_815': [2954.0, 0.0], '826_815_passing_MET': [2889.0, 0.0], '826_815_failing_MET': [65.0, 0.0], '826_815_min_MET_pt': [34.74980163574219, 10000000.0], '826_816': [294.0, 0.0], '826_816_passing_MET': [287.0, 0.0], '826_816_failing_MET': [7.0, 0.0], '826_816_min_MET_pt': [52.07318878173828, 10000000.0], '1100_1072': [0.0, 186.0], '1100_1072_passing_MET': [0.0, 181.0], '1100_1072_failing_MET': [0.0, 5.0], '1100_1072_min_MET_pt': [10000000.0, 21.2802734375], '1052_1030': [943.0, 0.0], '1052_1030_passing_MET': [922.0, 0.0], '1052_1030_failing_MET': [21.0, 0.0], '1052_1030_min_MET_pt': [30.320343017578125, 10000000.0], '1052_1032': [156.0, 0.0], '1052_1032_passing_MET': [153.0, 0.0], '1052_1032_failing_MET': [3.0, 0.0], '1052_1032_min_MET_pt': [47.69891357421875, 10000000.0], '726_715': [961.0, 0.0], '726_715_passing_MET': [944.0, 0.0], '726_715_failing_MET': [17.0, 0.0], '726_715_min_MET_pt': [54.12428665161133, 10000000.0], '726_716': [95.0, 0.0], '726_716_passing_MET': [94.0, 0.0], '726_716_failing_MET': [1.0, 0.0], '726_716_min_MET_pt': [99.09343719482422, 10000000.0], '926_895': [956.0, 0.0], '926_895_passing_MET': [921.0, 0.0], '926_895_failing_MET': [35.0, 0.0], '926_895_min_MET_pt': [32.09132766723633, 10000000.0], '926_896': [191.0, 0.0], '926_896_passing_MET': [183.0, 0.0], '926_896_failing_MET': [8.0, 0.0], '926_896_min_MET_pt': [41.27012252807617, 10000000.0], '576_560': [961.0, 0.0], '576_560_passing_MET': [937.0, 0.0], '576_560_failing_MET': [24.0, 0.0], '576_560_min_MET_pt': [13.468667984008789, 10000000.0], '626_595': [0.0, 1815.0], '626_595_passing_MET': [0.0, 1758.0], '626_595_failing_MET': [0.0, 57.0], '626_595_min_MET_pt': [10000000.0, 6.359746932983398], '626_596': [0.0, 343.0], '626_596_passing_MET': [0.0, 332.0], '626_596_failing_MET': [0.0, 11.0], '626_596_min_MET_pt': [10000000.0, 60.6652946472168], '876_850': [1106.0, 0.0], '876_850_passing_MET': [1062.0, 0.0], '876_850_failing_MET': [44.0, 0.0], '876_850_min_MET_pt': [27.800884246826172, 10000000.0], '526_515': [856.0, 847.0], '526_515_passing_MET': [829.0, 825.0], '526_515_failing_MET': [27.0, 22.0], '526_515_min_MET_pt': [10.741198539733887, 53.268409729003906], '526_516': [85.0, 87.0], '526_516_passing_MET': [81.0, 85.0], '526_516_failing_MET': [4.0, 2.0], '526_516_min_MET_pt': [80.20374298095703, 80.10279846191406], '1024_1000': [1190.0, 1205.0], '1024_1000_passing_MET': [1157.0, 1181.0], '1024_1000_failing_MET': [33.0, 24.0], '1024_1000_min_MET_pt': [37.266883850097656, 13.374823570251465], '1100_1076': [0.0, 362.0], '1100_1076_passing_MET': [0.0, 352.0], '1100_1076_failing_MET': [0.0, 10.0], '1100_1076_min_MET_pt': [10000000.0, 47.57119369506836], '926_905': [949.0, 922.0], '926_905_passing_MET': [926.0, 896.0], '926_905_failing_MET': [23.0, 26.0], '926_905_min_MET_pt': [44.95756530761719, 30.375871658325195], '926_906': [175.0, 152.0], '926_906_passing_MET': [170.0, 150.0], '926_906_failing_MET': [5.0, 2.0], '926_906_min_MET_pt': [72.72479248046875, 76.57623291015625], '1052_1035': [979.0, 0.0], '1052_1035_passing_MET': [960.0, 0.0], '1052_1035_failing_MET': [19.0, 0.0], '1052_1035_min_MET_pt': [49.54146957397461, 10000000.0], '1052_1036': [134.0, 0.0], '1052_1036_passing_MET': [131.0, 0.0], '1052_1036_failing_MET': [3.0, 0.0], '1052_1036_min_MET_pt': [59.13679122924805, 10000000.0], '650_636': [250.0, 0.0], '650_636_passing_MET': [244.0, 0.0], '650_636_failing_MET': [6.0, 0.0], '650_636_min_MET_pt': [50.02290725708008, 10000000.0], '776_750': [1109.0, 0.0], '776_750_passing_MET': [1083.0, 0.0], '776_750_failing_MET': [26.0, 0.0], '776_750_min_MET_pt': [32.76192092895508, 10000000.0], '726_695': [0.0, 940.0], '726_695_passing_MET': [0.0, 912.0], '726_695_failing_MET': [0.0, 28.0], '726_695_min_MET_pt': [10000000.0, 8.828937530517578], '726_696': [0.0, 206.0], '726_696_passing_MET': [0.0, 200.0], '726_696_failing_MET': [0.0, 6.0], '726_696_min_MET_pt': [10000000.0, 79.32115936279297], '850_836': [132.0, 137.0], '850_836_passing_MET': [131.0, 132.0], '850_836_failing_MET': [1.0, 5.0], '850_836_min_MET_pt': [40.793434143066406, 67.9664077758789], '976_945': [0.0, 961.0], '976_945_passing_MET': [0.0, 926.0], '976_945_failing_MET': [0.0, 35.0], '976_945_min_MET_pt': [10000000.0, 27.762020111083984], '976_946': [0.0, 173.0], '976_946_passing_MET': [0.0, 172.0], '976_946_failing_MET': [0.0, 1.0], '976_946_min_MET_pt': [10000000.0, 25.408212661743164], '776_765': [1960.0, 0.0], '776_765_passing_MET': [1921.0, 0.0], '776_765_failing_MET': [39.0, 0.0], '776_765_min_MET_pt': [5.16091775894165, 10000000.0], '776_766': [202.0, 0.0], '776_766_passing_MET': [192.0, 0.0], '776_766_failing_MET': [10.0, 0.0], '776_766_min_MET_pt': [75.33218383789062, 10000000.0], '1076_1055': [985.0, 0.0], '1076_1055_passing_MET': [958.0, 0.0], '1076_1055_failing_MET': [27.0, 0.0], '1076_1055_min_MET_pt': [52.529457092285156, 10000000.0], '1076_1056': [153.0, 0.0], '1076_1056_passing_MET': [144.0, 0.0], '1076_1056_failing_MET': [9.0, 0.0], '1076_1056_min_MET_pt': [60.473472595214844, 10000000.0], '676_650': [0.0, 1078.0], '676_650_passing_MET': [0.0, 1051.0], '676_650_failing_MET': [0.0, 27.0], '676_650_min_MET_pt': [10000000.0, 57.946407318115234], '926_915': [1005.0, 0.0], '926_915_passing_MET': [983.0, 0.0], '926_915_failing_MET': [22.0, 0.0], '926_915_min_MET_pt': [50.776004791259766, 10000000.0], '926_916': [97.0, 0.0], '926_916_passing_MET': [94.0, 0.0], '926_916_failing_MET': [3.0, 0.0], '926_916_min_MET_pt': [14.115291595458984, 10000000.0], '1024_995': [1001.0, 0.0], '1024_995_passing_MET': [977.0, 0.0], '1024_995_failing_MET': [24.0, 0.0], '1024_995_min_MET_pt': [38.181243896484375, 10000000.0], '1024_996': [195.0, 0.0], '1024_996_passing_MET': [187.0, 0.0], '1024_996_failing_MET': [8.0, 0.0], '1024_996_min_MET_pt': [34.02376174926758, 10000000.0], '1024_1010': [0.0, 1151.0], '1024_1010_passing_MET': [0.0, 1129.0], '1024_1010_failing_MET': [0.0, 22.0], '1024_1010_min_MET_pt': [10000000.0, 54.76512145996094], '976_955': [0.0, 990.0], '976_955_passing_MET': [0.0, 965.0], '976_955_failing_MET': [0.0, 25.0], '976_955_min_MET_pt': [10000000.0, 44.030181884765625], '976_956': [0.0, 176.0], '976_956_passing_MET': [0.0, 171.0], '976_956_failing_MET': [0.0, 5.0], '976_956_min_MET_pt': [10000000.0, 64.45985412597656], '1076_1045': [1033.0, 0.0], '1076_1045_passing_MET': [1001.0, 0.0], '1076_1045_failing_MET': [32.0, 0.0], '1076_1045_min_MET_pt': [32.68885040283203, 10000000.0], '1076_1044': [214.0, 0.0], '1076_1044_passing_MET': [208.0, 0.0], '1076_1044_failing_MET': [6.0, 0.0], '1076_1044_min_MET_pt': [45.5718994140625, 10000000.0], '600_586': [0.0, 124.0], '600_586_passing_MET': [0.0, 122.0], '600_586_failing_MET': [0.0, 2.0], '600_586_min_MET_pt': [10000000.0, 74.25148010253906]}
nevents_from_dict =  3650316980.741816
Results saved to /afs/cern.ch/work/m/mleoncoe/private/stop_met_check/outputs_2018/nanoAOD_45.json
done
