000 (9018140.251.000) 01/06 10:56:27 Job submitted from host: <188.185.6.50:9618?addrs=188.185.6.50-9618+[2001-1458-d00-62--100-2b1]-9618&alias=bigbird25.cern.ch&noUDP&sock=schedd_1627_90ad>
...
040 (9018140.251.000) 01/06 11:03:30 Started transferring input files
	Transferring to host: <188.185.211.139:9618?addrs=188.185.211.139-9618+[2001-1458-303-17--100-7]-9618&alias=b9p24p1745.cern.ch&noUDP&sock=slot1_24_4769_f11b_114927>
...
040 (9018140.251.000) 01/06 11:03:30 Finished transferring input files
...
001 (9018140.251.000) 01/06 11:03:31 Job executing on host: <188.185.211.139:9618?addrs=188.185.211.139-9618+[2001-1458-303-17--100-7]-9618&alias=b9p24p1745.cern.ch&noUDP&sock=startd_3952_525f>
	SlotName: slot1_24@b9p24p1745.cern.ch
	CondorScratchDir = "/pool/condor/dir_476984"
	Cpus = 1
	Disk = 3810
	GPUs = 0
	Memory = 3000
...
006 (9018140.251.000) 01/06 11:03:44 Image size of job updated: 176908
	173  -  MemoryUsage of job (MB)
	176908  -  ResidentSetSize of job (KB)
...
006 (9018140.251.000) 01/06 11:08:44 Image size of job updated: 197964
	194  -  MemoryUsage of job (MB)
	197964  -  ResidentSetSize of job (KB)
...
006 (9018140.251.000) 01/06 11:13:45 Image size of job updated: 205940
	202  -  MemoryUsage of job (MB)
	205940  -  ResidentSetSize of job (KB)
...
006 (9018140.251.000) 01/06 11:18:45 Image size of job updated: 206412
	202  -  MemoryUsage of job (MB)
	206412  -  ResidentSetSize of job (KB)
...
006 (9018140.251.000) 01/06 11:22:21 Image size of job updated: 206524
	202  -  MemoryUsage of job (MB)
	206412  -  ResidentSetSize of job (KB)
...
040 (9018140.251.000) 01/06 11:22:21 Started transferring output files
...
040 (9018140.251.000) 01/06 11:22:21 Finished transferring output files
...
005 (9018140.251.000) 01/06 11:22:21 Job terminated.
	(1) Normal termination (return value 0)
		Usr 0 00:18:29, Sys 0 00:00:01  -  Run Remote Usage
		Usr 0 00:00:00, Sys 0 00:00:00  -  Run Local Usage
		Usr 0 00:18:29, Sys 0 00:00:01  -  Total Remote Usage
		Usr 0 00:00:00, Sys 0 00:00:00  -  Total Local Usage
	34414  -  Run Bytes Sent By Job
	21436  -  Run Bytes Received By Job
	34414  -  Total Bytes Sent By Job
	21436  -  Total Bytes Received By Job
	Partitionable Resources :    Usage  Request Allocated 
	   Cpus                 :     0.99        1         1 
	   Disk (KB)            :    83          22      3810 
	   GPUs                 :                           0 
	   Memory (MB)          :   202        3000      3000 
	   TimeExecute (s)      :  1130                       
	   TimeSlotBusy (s)     :  1131                       

	Job terminated of its own accord at 2026-01-06T10:22:21Z with exit-code 0.
...
