000 (9018140.049.000) 01/06 10:56:18 Job submitted from host: <188.185.6.50:9618?addrs=188.185.6.50-9618+[2001-1458-d00-62--100-2b1]-9618&alias=bigbird25.cern.ch&noUDP&sock=schedd_1627_90ad>
...
040 (9018140.049.000) 01/06 10:58:42 Started transferring input files
	Transferring to host: <188.185.193.165:9618?addrs=188.185.193.165-9618+[2001-1458-303-20--100-a1]-9618&alias=b9p19p2832.cern.ch&noUDP&sock=slot1_34_3909419_1918_43035>
...
040 (9018140.049.000) 01/06 10:58:42 Finished transferring input files
...
001 (9018140.049.000) 01/06 10:58:43 Job executing on host: <188.185.193.165:9618?addrs=188.185.193.165-9618+[2001-1458-303-20--100-a1]-9618&alias=b9p19p2832.cern.ch&noUDP&sock=startd_6307_a7e7>
	SlotName: slot1_34@b9p19p2832.cern.ch
	CondorScratchDir = "/pool/condor/dir_2001727"
	Cpus = 1
	Disk = 3869
	GPUs = 0
	Memory = 3000
...
006 (9018140.049.000) 01/06 10:58:57 Image size of job updated: 96916
	95  -  MemoryUsage of job (MB)
	96916  -  ResidentSetSize of job (KB)
...
006 (9018140.049.000) 01/06 11:03:58 Image size of job updated: 205048
	201  -  MemoryUsage of job (MB)
	205048  -  ResidentSetSize of job (KB)
...
006 (9018140.049.000) 01/06 11:08:58 Image size of job updated: 215212
	211  -  MemoryUsage of job (MB)
	215212  -  ResidentSetSize of job (KB)
...
006 (9018140.049.000) 01/06 11:13:58 Image size of job updated: 215328
	211  -  MemoryUsage of job (MB)
	215328  -  ResidentSetSize of job (KB)
...
006 (9018140.049.000) 01/06 11:18:59 Image size of job updated: 215380
	211  -  MemoryUsage of job (MB)
	215380  -  ResidentSetSize of job (KB)
...
006 (9018140.049.000) 01/06 11:23:59 Image size of job updated: 215408
	211  -  MemoryUsage of job (MB)
	215408  -  ResidentSetSize of job (KB)
...
006 (9018140.049.000) 01/06 11:28:59 Image size of job updated: 215424
	211  -  MemoryUsage of job (MB)
	215424  -  ResidentSetSize of job (KB)
...
006 (9018140.049.000) 01/06 11:34:00 Image size of job updated: 215456
	211  -  MemoryUsage of job (MB)
	215456  -  ResidentSetSize of job (KB)
...
006 (9018140.049.000) 01/06 11:39:01 Image size of job updated: 215476
	211  -  MemoryUsage of job (MB)
	215476  -  ResidentSetSize of job (KB)
...
006 (9018140.049.000) 01/06 11:44:01 Image size of job updated: 215500
	211  -  MemoryUsage of job (MB)
	215500  -  ResidentSetSize of job (KB)
...
006 (9018140.049.000) 01/06 11:49:02 Image size of job updated: 215524
	211  -  MemoryUsage of job (MB)
	215524  -  ResidentSetSize of job (KB)
...
006 (9018140.049.000) 01/06 11:54:03 Image size of job updated: 215540
	211  -  MemoryUsage of job (MB)
	215540  -  ResidentSetSize of job (KB)
...
006 (9018140.049.000) 01/06 11:59:03 Image size of job updated: 215560
	211  -  MemoryUsage of job (MB)
	215560  -  ResidentSetSize of job (KB)
...
040 (9018140.049.000) 01/06 11:59:51 Started transferring output files
...
040 (9018140.049.000) 01/06 11:59:52 Finished transferring output files
...
005 (9018140.049.000) 01/06 11:59:52 Job terminated.
	(1) Normal termination (return value 0)
		Usr 0 01:00:04, Sys 0 00:00:01  -  Run Remote Usage
		Usr 0 00:00:00, Sys 0 00:00:00  -  Run Local Usage
		Usr 0 01:00:04, Sys 0 00:00:01  -  Total Remote Usage
		Usr 0 00:00:00, Sys 0 00:00:00  -  Total Local Usage
	38343  -  Run Bytes Sent By Job
	21436  -  Run Bytes Received By Job
	38343  -  Total Bytes Sent By Job
	21436  -  Total Bytes Received By Job
	Partitionable Resources :    Usage  Request Allocated 
	   Cpus                 :     1.00        1         1 
	   Disk (KB)            :    86          22      3869 
	   GPUs                 :                           0 
	   Memory (MB)          :   211        3000      3000 
	   TimeExecute (s)      :  3668                       
	   TimeSlotBusy (s)     :  3671                       

	Job terminated of its own accord at 2026-01-06T10:59:51Z with exit-code 0.
...
