000 (9018140.450.000) 01/06 10:56:38 Job submitted from host: <188.185.6.50:9618?addrs=188.185.6.50-9618+[2001-1458-d00-62--100-2b1]-9618&alias=bigbird25.cern.ch&noUDP&sock=schedd_1627_90ad>
...
040 (9018140.450.000) 01/06 11:00:51 Started transferring input files
	Transferring to host: <188.185.209.76:9618?addrs=188.185.209.76-9618+[2001-1458-303-11--100-49]-9618&alias=b9p11p1755.cern.ch&noUDP&sock=slot1_16_9163_e98e_106649>
...
040 (9018140.450.000) 01/06 11:00:51 Finished transferring input files
...
001 (9018140.450.000) 01/06 11:00:52 Job executing on host: <188.185.209.76:9618?addrs=188.185.209.76-9618+[2001-1458-303-11--100-49]-9618&alias=b9p11p1755.cern.ch&noUDP&sock=startd_7594_6e4b>
	SlotName: slot1_16@b9p11p1755.cern.ch
	CondorScratchDir = "/pool/condor/dir_1243486"
	Cpus = 1
	Disk = 3707
	GPUs = 0
	Memory = 3000
...
006 (9018140.450.000) 01/06 11:01:06 Image size of job updated: 93620
	92  -  MemoryUsage of job (MB)
	93620  -  ResidentSetSize of job (KB)
...
006 (9018140.450.000) 01/06 11:06:07 Image size of job updated: 214980
	210  -  MemoryUsage of job (MB)
	214980  -  ResidentSetSize of job (KB)
...
006 (9018140.450.000) 01/06 11:11:07 Image size of job updated: 215076
	211  -  MemoryUsage of job (MB)
	215076  -  ResidentSetSize of job (KB)
...
006 (9018140.450.000) 01/06 11:16:08 Image size of job updated: 215336
	211  -  MemoryUsage of job (MB)
	215336  -  ResidentSetSize of job (KB)
...
006 (9018140.450.000) 01/06 11:21:09 Image size of job updated: 215436
	211  -  MemoryUsage of job (MB)
	215436  -  ResidentSetSize of job (KB)
...
006 (9018140.450.000) 01/06 11:26:09 Image size of job updated: 215484
	211  -  MemoryUsage of job (MB)
	215484  -  ResidentSetSize of job (KB)
...
006 (9018140.450.000) 01/06 11:31:10 Image size of job updated: 215516
	211  -  MemoryUsage of job (MB)
	215516  -  ResidentSetSize of job (KB)
...
006 (9018140.450.000) 01/06 11:36:10 Image size of job updated: 215524
	211  -  MemoryUsage of job (MB)
	215524  -  ResidentSetSize of job (KB)
...
006 (9018140.450.000) 01/06 11:41:11 Image size of job updated: 215544
	211  -  MemoryUsage of job (MB)
	215544  -  ResidentSetSize of job (KB)
...
006 (9018140.450.000) 01/06 11:46:11 Image size of job updated: 215548
	211  -  MemoryUsage of job (MB)
	215548  -  ResidentSetSize of job (KB)
...
006 (9018140.450.000) 01/06 11:51:12 Image size of job updated: 215568
	211  -  MemoryUsage of job (MB)
	215568  -  ResidentSetSize of job (KB)
...
006 (9018140.450.000) 01/06 11:56:12 Image size of job updated: 215572
	211  -  MemoryUsage of job (MB)
	215572  -  ResidentSetSize of job (KB)
...
006 (9018140.450.000) 01/06 12:01:12 Image size of job updated: 215576
	211  -  MemoryUsage of job (MB)
	215576  -  ResidentSetSize of job (KB)
...
006 (9018140.450.000) 01/06 12:06:13 Image size of job updated: 215612
	211  -  MemoryUsage of job (MB)
	215612  -  ResidentSetSize of job (KB)
...
006 (9018140.450.000) 01/06 12:16:14 Image size of job updated: 215616
	211  -  MemoryUsage of job (MB)
	215616  -  ResidentSetSize of job (KB)
...
006 (9018140.450.000) 01/06 12:21:14 Image size of job updated: 215628
	211  -  MemoryUsage of job (MB)
	215628  -  ResidentSetSize of job (KB)
...
006 (9018140.450.000) 01/06 12:26:15 Image size of job updated: 215652
	211  -  MemoryUsage of job (MB)
	215652  -  ResidentSetSize of job (KB)
...
006 (9018140.450.000) 01/06 12:31:15 Image size of job updated: 215656
	211  -  MemoryUsage of job (MB)
	215656  -  ResidentSetSize of job (KB)
...
006 (9018140.450.000) 01/06 12:36:16 Image size of job updated: 215660
	211  -  MemoryUsage of job (MB)
	215660  -  ResidentSetSize of job (KB)
...
006 (9018140.450.000) 01/06 12:46:17 Image size of job updated: 215664
	211  -  MemoryUsage of job (MB)
	215664  -  ResidentSetSize of job (KB)
...
006 (9018140.450.000) 01/06 12:51:18 Image size of job updated: 215680
	211  -  MemoryUsage of job (MB)
	215680  -  ResidentSetSize of job (KB)
...
006 (9018140.450.000) 01/06 12:54:07 Image size of job updated: 215696
	211  -  MemoryUsage of job (MB)
	215680  -  ResidentSetSize of job (KB)
...
040 (9018140.450.000) 01/06 12:54:07 Started transferring output files
...
040 (9018140.450.000) 01/06 12:54:09 Finished transferring output files
...
005 (9018140.450.000) 01/06 12:54:09 Job terminated.
	(1) Normal termination (return value 0)
		Usr 0 01:50:38, Sys 0 00:00:06  -  Run Remote Usage
		Usr 0 00:00:00, Sys 0 00:00:00  -  Run Local Usage
		Usr 0 01:50:38, Sys 0 00:00:06  -  Total Remote Usage
		Usr 0 00:00:00, Sys 0 00:00:00  -  Total Local Usage
	43626  -  Run Bytes Sent By Job
	21436  -  Run Bytes Received By Job
	43626  -  Total Bytes Sent By Job
	21436  -  Total Bytes Received By Job
	Partitionable Resources :    Usage  Request Allocated 
	   Cpus                 :     0.99        1         1 
	   Disk (KB)            :    91          22      3707 
	   GPUs                 :                           0 
	   Memory (MB)          :   211        3000      3000 
	   TimeExecute (s)      :  6795                       
	   TimeSlotBusy (s)     :  6799                       

	Job terminated of its own accord at 2026-01-06T11:54:07Z with exit-code 0.
...
