000 (9018140.229.000) 01/06 10:56:26 Job submitted from host: <188.185.6.50:9618?addrs=188.185.6.50-9618+[2001-1458-d00-62--100-2b1]-9618&alias=bigbird25.cern.ch&noUDP&sock=schedd_1627_90ad>
...
040 (9018140.229.000) 01/06 10:59:41 Started transferring input files
	Transferring to host: <188.185.213.9:9618?addrs=188.185.213.9-9618+[2001-1458-303-1a--100-5]-9618&alias=b9p27p1480.cern.ch&noUDP&sock=slot1_47_6993_f375_114766>
...
040 (9018140.229.000) 01/06 10:59:41 Finished transferring input files
...
001 (9018140.229.000) 01/06 10:59:42 Job executing on host: <188.185.213.9:9618?addrs=188.185.213.9-9618+[2001-1458-303-1a--100-5]-9618&alias=b9p27p1480.cern.ch&noUDP&sock=startd_6047_5148>
	SlotName: slot1_47@b9p27p1480.cern.ch
	CondorScratchDir = "/pool/condor/dir_2511127"
	Cpus = 1
	Disk = 3756
	GPUs = 0
	Memory = 3000
...
006 (9018140.229.000) 01/06 10:59:56 Image size of job updated: 93764
	92  -  MemoryUsage of job (MB)
	93764  -  ResidentSetSize of job (KB)
...
006 (9018140.229.000) 01/06 11:04:57 Image size of job updated: 207436
	203  -  MemoryUsage of job (MB)
	207436  -  ResidentSetSize of job (KB)
...
006 (9018140.229.000) 01/06 11:09:58 Image size of job updated: 209656
	205  -  MemoryUsage of job (MB)
	209656  -  ResidentSetSize of job (KB)
...
006 (9018140.229.000) 01/06 11:14:58 Image size of job updated: 209804
	205  -  MemoryUsage of job (MB)
	209804  -  ResidentSetSize of job (KB)
...
006 (9018140.229.000) 01/06 11:19:59 Image size of job updated: 209872
	205  -  MemoryUsage of job (MB)
	209872  -  ResidentSetSize of job (KB)
...
006 (9018140.229.000) 01/06 11:25:00 Image size of job updated: 210028
	206  -  MemoryUsage of job (MB)
	210028  -  ResidentSetSize of job (KB)
...
006 (9018140.229.000) 01/06 11:30:00 Image size of job updated: 210064
	206  -  MemoryUsage of job (MB)
	210064  -  ResidentSetSize of job (KB)
...
006 (9018140.229.000) 01/06 11:35:01 Image size of job updated: 210068
	206  -  MemoryUsage of job (MB)
	210068  -  ResidentSetSize of job (KB)
...
006 (9018140.229.000) 01/06 11:40:01 Image size of job updated: 210076
	206  -  MemoryUsage of job (MB)
	210076  -  ResidentSetSize of job (KB)
...
006 (9018140.229.000) 01/06 11:45:02 Image size of job updated: 210096
	206  -  MemoryUsage of job (MB)
	210096  -  ResidentSetSize of job (KB)
...
006 (9018140.229.000) 01/06 11:50:02 Image size of job updated: 210100
	206  -  MemoryUsage of job (MB)
	210100  -  ResidentSetSize of job (KB)
...
006 (9018140.229.000) 01/06 11:55:03 Image size of job updated: 210112
	206  -  MemoryUsage of job (MB)
	210112  -  ResidentSetSize of job (KB)
...
006 (9018140.229.000) 01/06 12:05:04 Image size of job updated: 210136
	206  -  MemoryUsage of job (MB)
	210136  -  ResidentSetSize of job (KB)
...
006 (9018140.229.000) 01/06 12:10:05 Image size of job updated: 210196
	206  -  MemoryUsage of job (MB)
	210196  -  ResidentSetSize of job (KB)
...
006 (9018140.229.000) 01/06 12:15:05 Image size of job updated: 210212
	206  -  MemoryUsage of job (MB)
	210212  -  ResidentSetSize of job (KB)
...
006 (9018140.229.000) 01/06 12:19:55 Image size of job updated: 210220
	206  -  MemoryUsage of job (MB)
	210212  -  ResidentSetSize of job (KB)
...
040 (9018140.229.000) 01/06 12:19:55 Started transferring output files
...
040 (9018140.229.000) 01/06 12:19:56 Finished transferring output files
...
005 (9018140.229.000) 01/06 12:19:56 Job terminated.
	(1) Normal termination (return value 0)
		Usr 0 01:14:39, Sys 0 00:00:55  -  Run Remote Usage
		Usr 0 00:00:00, Sys 0 00:00:00  -  Run Local Usage
		Usr 0 01:14:39, Sys 0 00:00:55  -  Total Remote Usage
		Usr 0 00:00:00, Sys 0 00:00:00  -  Total Local Usage
	39327  -  Run Bytes Sent By Job
	21436  -  Run Bytes Received By Job
	39327  -  Total Bytes Sent By Job
	21436  -  Total Bytes Received By Job
	Partitionable Resources :    Usage  Request Allocated 
	   Cpus                 :     0.96        1         1 
	   Disk (KB)            :    87          22      3756 
	   GPUs                 :                           0 
	   Memory (MB)          :   206        3000      3000 
	   TimeExecute (s)      :  4813                       
	   TimeSlotBusy (s)     :  4816                       

	Job terminated of its own accord at 2026-01-06T11:19:55Z with exit-code 0.
...
