000 (9018140.373.000) 01/06 10:56:35 Job submitted from host: <188.185.6.50:9618?addrs=188.185.6.50-9618+[2001-1458-d00-62--100-2b1]-9618&alias=bigbird25.cern.ch&noUDP&sock=schedd_1627_90ad>
...
040 (9018140.373.000) 01/06 11:00:25 Started transferring input files
	Transferring to host: <188.185.214.172:9618?addrs=188.185.214.172-9618+[2001-1458-303-1d--100-28]-9618&alias=b9p30p4499.cern.ch&noUDP&sock=slot1_22_3788_bd13_111984>
...
040 (9018140.373.000) 01/06 11:00:25 Finished transferring input files
...
001 (9018140.373.000) 01/06 11:00:26 Job executing on host: <188.185.214.172:9618?addrs=188.185.214.172-9618+[2001-1458-303-1d--100-28]-9618&alias=b9p30p4499.cern.ch&noUDP&sock=startd_3060_7be4>
	SlotName: slot1_22@b9p30p4499.cern.ch
	CondorScratchDir = "/pool/condor/dir_651613"
	Cpus = 1
	Disk = 3862
	GPUs = 0
	Memory = 3000
...
006 (9018140.373.000) 01/06 11:00:39 Image size of job updated: 12460
	13  -  MemoryUsage of job (MB)
	12460  -  ResidentSetSize of job (KB)
...
006 (9018140.373.000) 01/06 11:05:39 Image size of job updated: 200216
	196  -  MemoryUsage of job (MB)
	200216  -  ResidentSetSize of job (KB)
...
006 (9018140.373.000) 01/06 11:10:40 Image size of job updated: 209444
	205  -  MemoryUsage of job (MB)
	209444  -  ResidentSetSize of job (KB)
...
006 (9018140.373.000) 01/06 11:15:40 Image size of job updated: 209660
	205  -  MemoryUsage of job (MB)
	209660  -  ResidentSetSize of job (KB)
...
006 (9018140.373.000) 01/06 11:20:40 Image size of job updated: 209676
	205  -  MemoryUsage of job (MB)
	209676  -  ResidentSetSize of job (KB)
...
006 (9018140.373.000) 01/06 11:25:41 Image size of job updated: 209752
	205  -  MemoryUsage of job (MB)
	209752  -  ResidentSetSize of job (KB)
...
006 (9018140.373.000) 01/06 11:26:33 Image size of job updated: 209856
	205  -  MemoryUsage of job (MB)
	209752  -  ResidentSetSize of job (KB)
...
040 (9018140.373.000) 01/06 11:26:34 Started transferring output files
...
040 (9018140.373.000) 01/06 11:26:35 Finished transferring output files
...
005 (9018140.373.000) 01/06 11:26:35 Job terminated.
	(1) Normal termination (return value 0)
		Usr 0 00:24:09, Sys 0 00:00:03  -  Run Remote Usage
		Usr 0 00:00:00, Sys 0 00:00:00  -  Run Local Usage
		Usr 0 00:24:09, Sys 0 00:00:03  -  Total Remote Usage
		Usr 0 00:00:00, Sys 0 00:00:00  -  Total Local Usage
	35455  -  Run Bytes Sent By Job
	21436  -  Run Bytes Received By Job
	35455  -  Total Bytes Sent By Job
	21436  -  Total Bytes Received By Job
	Partitionable Resources :    Usage  Request Allocated 
	   Cpus                 :     0.99        1         1 
	   Disk (KB)            :    83          22      3862 
	   GPUs                 :                           0 
	   Memory (MB)          :   205        3000      3000 
	   TimeExecute (s)      :  1568                       
	   TimeSlotBusy (s)     :  1571                       

	Job terminated of its own accord at 2026-01-06T10:26:33Z with exit-code 0.
...
