i am in this directory
/pool/condor/dir_959929
Python 3.9.23
3.9.23
 will run this python stop_check_met_eff.py /eos/user/m/mleoncoe/stop_event_check/privateNanoAod2018/nanoAOD_511.root /afs/cern.ch/work/m/mleoncoe/private/stop_met_check/outputs_2018/nanoAOD_511.json
event num1000
event num2000
event num3000
event num4000
event num5000
event num6000
event num7000
event num8000
event num9000
event num10000
event num11000
event num12000
event num13000
event num14000
event num15000
event num16000
event num17000
event num18000
event num19000
event num20000
event num21000
event num22000
event num23000
event num24000
event num25000
event num26000
event num27000
event num28000
event num29000
event num30000
event num31000
event num32000
event num33000
event num34000
event num35000
event num36000
event num37000
event num38000
event num39000
event num40000
event num41000
event num42000
event num43000
event num44000
event num45000
event num46000
event num47000
event num48000
event num49000
event num50000
event num51000
event num52000
event num53000
event num54000
event num55000
event num56000
event num57000
event num58000
event num59000
event num60000
event num61000
event num62000
event num63000
event num64000
event num65000
event num66000
event num67000
event num68000
event num69000
event num70000
event num71000
event num72000
event num73000
event num74000
event num75000
event num76000
event num77000
event num78000
event num79000
event num80000
event num81000
event num82000
event num83000
event num84000
event num85000
event num86000
event num87000
event num88000
event num89000
event num90000
event num91000
event num92000
event num93000
event num94000
event num95000
event num96000
event num97000
event num98000
event num99000
event num100000
event num101000
event num102000
event num103000
event num104000
event num105000
event num106000
event num107000
event num108000
event num109000
event num110000
event num111000
event num112000
event num113000
event num114000
event num115000
event num116000
event num117000
event num118000
event num119000
event num120000
event num121000
event num122000
event num123000
event num124000
event num125000
event num126000
event num127000
event num128000
event num129000
event num130000
event num131000
event num132000
event num133000
event num134000
event num135000
event num136000
event num137000
event num138000
event num139000
event num140000
event num141000
event num142000
event num143000
event num144000
event num145000
event num146000
event num147000
event num148000
event num149000
event num150000
{'250_240': [697.0, 2130.0], '250_240_passing_MET': [0.0, 0.0], '250_240_failing_MET': [0.0, 0.0], '250_240_min_MET_pt': [10000000.0, 10000000.0], '250_235': [0.0, 0.0], '250_235_passing_MET': [0.0, 0.0], '250_235_failing_MET': [0.0, 0.0], '250_235_min_MET_pt': [10000000.0, 10000000.0], '250_230': [0.0, 0.0], '250_230_passing_MET': [0.0, 0.0], '250_230_failing_MET': [0.0, 0.0], '250_230_min_MET_pt': [10000000.0, 10000000.0], '250_225': [1466.0, 1477.0], '250_225_passing_MET': [0.0, 0.0], '250_225_failing_MET': [0.0, 0.0], '250_225_min_MET_pt': [10000000.0, 10000000.0], '250_220': [747.0, 748.0], '250_220_passing_MET': [0.0, 0.0], '250_220_failing_MET': [0.0, 0.0], '250_220_min_MET_pt': [10000000.0, 10000000.0], '275_265': [0.0, 677.0], '275_265_passing_MET': [0.0, 657.0], '275_265_failing_MET': [0.0, 20.0], '275_265_min_MET_pt': [10000000.0, 51.07823181152344], '275_260': [0.0, 0.0], '275_260_passing_MET': [0.0, 0.0], '275_260_failing_MET': [0.0, 0.0], '275_260_min_MET_pt': [10000000.0, 10000000.0], '275_255': [0.0, 1500.0], '275_255_passing_MET': [0.0, 1425.0], '275_255_failing_MET': [0.0, 75.0], '275_255_min_MET_pt': [10000000.0, 13.57537841796875], '275_250': [0.0, 0.0], '275_250_passing_MET': [0.0, 0.0], '275_250_failing_MET': [0.0, 0.0], '275_250_min_MET_pt': [10000000.0, 10000000.0], '275_245': [0.0, 0.0], '275_245_passing_MET': [0.0, 0.0], '275_245_failing_MET': [0.0, 0.0], '275_245_min_MET_pt': [10000000.0, 10000000.0], '300_290': [2189.0, 0.0], '300_290_passing_MET': [2118.0, 0.0], '300_290_failing_MET': [71.0, 0.0], '300_290_min_MET_pt': [34.9926643371582, 10000000.0], '300_285': [0.0, 0.0], '300_285_passing_MET': [0.0, 0.0], '300_285_failing_MET': [0.0, 0.0], '300_285_min_MET_pt': [10000000.0, 10000000.0], '300_280': [1632.0, 809.0], '300_280_passing_MET': [0.0, 0.0], '300_280_failing_MET': [0.0, 0.0], '300_280_min_MET_pt': [10000000.0, 10000000.0], '300_275': [0.0, 0.0], '300_275_passing_MET': [0.0, 0.0], '300_275_failing_MET': [0.0, 0.0], '300_275_min_MET_pt': [10000000.0, 10000000.0], '300_270': [0.0, 831.0], '300_270_passing_MET': [0.0, 793.0], '300_270_failing_MET': [0.0, 38.0], '300_270_min_MET_pt': [10000000.0, 19.121335983276367], '325_315': [1608.0, 785.0], '325_315_passing_MET': [0.0, 0.0], '325_315_failing_MET': [0.0, 0.0], '325_315_min_MET_pt': [10000000.0, 10000000.0], '325_310': [0.0, 0.0], '325_310_passing_MET': [0.0, 0.0], '325_310_failing_MET': [0.0, 0.0], '325_310_min_MET_pt': [10000000.0, 10000000.0], '325_305': [0.0, 0.0], '325_305_passing_MET': [0.0, 0.0], '325_305_failing_MET': [0.0, 0.0], '325_305_min_MET_pt': [10000000.0, 10000000.0], '325_300': [0.0, 0.0], '325_300_passing_MET': [0.0, 0.0], '325_300_failing_MET': [0.0, 0.0], '325_300_min_MET_pt': [10000000.0, 10000000.0], '325_295': [0.0, 0.0], '325_295_passing_MET': [0.0, 0.0], '325_295_failing_MET': [0.0, 0.0], '325_295_min_MET_pt': [10000000.0, 10000000.0], '350_340': [822.0, 0.0], '350_340_passing_MET': [795.0, 0.0], '350_340_failing_MET': [27.0, 0.0], '350_340_min_MET_pt': [51.10408020019531, 10000000.0], '350_335': [874.0, 0.0], '350_335_passing_MET': [847.0, 0.0], '350_335_failing_MET': [27.0, 0.0], '350_335_min_MET_pt': [52.59173583984375, 10000000.0], '350_330': [846.0, 0.0], '350_330_passing_MET': [808.0, 0.0], '350_330_failing_MET': [38.0, 0.0], '350_330_min_MET_pt': [17.75861167907715, 10000000.0], '350_325': [854.0, 0.0], '350_325_passing_MET': [821.0, 0.0], '350_325_failing_MET': [33.0, 0.0], '350_325_min_MET_pt': [10.362916946411133, 10000000.0], '350_320': [0.0, 0.0], '350_320_passing_MET': [0.0, 0.0], '350_320_failing_MET': [0.0, 0.0], '350_320_min_MET_pt': [10000000.0, 10000000.0], '375_365': [885.0, 1751.0], '375_365_passing_MET': [0.0, 0.0], '375_365_failing_MET': [0.0, 0.0], '375_365_min_MET_pt': [10000000.0, 10000000.0], '375_360': [0.0, 858.0], '375_360_passing_MET': [0.0, 829.0], '375_360_failing_MET': [0.0, 29.0], '375_360_min_MET_pt': [10000000.0, 39.06663513183594], '375_355': [0.0, 951.0], '375_355_passing_MET': [0.0, 921.0], '375_355_failing_MET': [0.0, 30.0], '375_355_min_MET_pt': [10000000.0, 19.94062042236328], '375_350': [0.0, 0.0], '375_350_passing_MET': [0.0, 0.0], '375_350_failing_MET': [0.0, 0.0], '375_350_min_MET_pt': [10000000.0, 10000000.0], '375_345': [0.0, 0.0], '375_345_passing_MET': [0.0, 0.0], '375_345_failing_MET': [0.0, 0.0], '375_345_min_MET_pt': [10000000.0, 10000000.0], '400_390': [2608.0, 1760.0], '400_390_passing_MET': [0.0, 0.0], '400_390_failing_MET': [0.0, 0.0], '400_390_min_MET_pt': [10000000.0, 10000000.0], '400_385': [0.0, 0.0], '400_385_passing_MET': [0.0, 0.0], '400_385_failing_MET': [0.0, 0.0], '400_385_min_MET_pt': [10000000.0, 10000000.0], '400_380': [0.0, 0.0], '400_380_passing_MET': [0.0, 0.0], '400_380_failing_MET': [0.0, 0.0], '400_380_min_MET_pt': [10000000.0, 10000000.0], '400_375': [935.0, 975.0], '400_375_passing_MET': [0.0, 0.0], '400_375_failing_MET': [0.0, 0.0], '400_375_min_MET_pt': [10000000.0, 10000000.0], '400_370': [0.0, 0.0], '400_370_passing_MET': [0.0, 0.0], '400_370_failing_MET': [0.0, 0.0], '400_370_min_MET_pt': [10000000.0, 10000000.0], '425_415': [1752.0, 0.0], '425_415_passing_MET': [1698.0, 0.0], '425_415_failing_MET': [54.0, 0.0], '425_415_min_MET_pt': [26.11076545715332, 10000000.0], '425_410': [0.0, 0.0], '425_410_passing_MET': [0.0, 0.0], '425_410_failing_MET': [0.0, 0.0], '425_410_min_MET_pt': [10000000.0, 10000000.0], '425_405': [0.0, 0.0], '425_405_passing_MET': [0.0, 0.0], '425_405_failing_MET': [0.0, 0.0], '425_405_min_MET_pt': [10000000.0, 10000000.0], '425_400': [948.0, 986.0], '425_400_passing_MET': [0.0, 0.0], '425_400_failing_MET': [0.0, 0.0], '425_400_min_MET_pt': [10000000.0, 10000000.0], '425_395': [941.0, 1968.0], '425_395_passing_MET': [0.0, 0.0], '425_395_failing_MET': [0.0, 0.0], '425_395_min_MET_pt': [10000000.0, 10000000.0], '450_440': [2782.0, 911.0], '450_440_passing_MET': [0.0, 0.0], '450_440_failing_MET': [0.0, 0.0], '450_440_min_MET_pt': [10000000.0, 10000000.0], '450_435': [0.0, 0.0], '450_435_passing_MET': [0.0, 0.0], '450_435_failing_MET': [0.0, 0.0], '450_435_min_MET_pt': [10000000.0, 10000000.0], '450_430': [0.0, 899.0], '450_430_passing_MET': [0.0, 868.0], '450_430_failing_MET': [0.0, 31.0], '450_430_min_MET_pt': [10000000.0, 37.95956039428711], '450_425': [932.0, 996.0], '450_425_passing_MET': [0.0, 0.0], '450_425_failing_MET': [0.0, 0.0], '450_425_min_MET_pt': [10000000.0, 10000000.0], '450_420': [0.0, 0.0], '450_420_passing_MET': [0.0, 0.0], '450_420_failing_MET': [0.0, 0.0], '450_420_min_MET_pt': [10000000.0, 10000000.0], '475_465': [1890.0, 2814.0], '475_465_passing_MET': [0.0, 0.0], '475_465_failing_MET': [0.0, 0.0], '475_465_min_MET_pt': [10000000.0, 10000000.0], '475_460': [0.0, 0.0], '475_460_passing_MET': [0.0, 0.0], '475_460_failing_MET': [0.0, 0.0], '475_460_min_MET_pt': [10000000.0, 10000000.0], '475_455': [948.0, 0.0], '475_455_passing_MET': [924.0, 0.0], '475_455_failing_MET': [24.0, 0.0], '475_455_min_MET_pt': [50.982994079589844, 10000000.0], '475_450': [0.0, 0.0], '475_450_passing_MET': [0.0, 0.0], '475_450_failing_MET': [0.0, 0.0], '475_450_min_MET_pt': [10000000.0, 10000000.0], '475_445': [998.0, 0.0], '475_445_passing_MET': [961.0, 0.0], '475_445_failing_MET': [37.0, 0.0], '475_445_min_MET_pt': [12.212176322937012, 10000000.0], '500_490': [963.0, 1857.0], '500_490_passing_MET': [0.0, 0.0], '500_490_failing_MET': [0.0, 0.0], '500_490_min_MET_pt': [10000000.0, 10000000.0], '500_485': [995.0, 0.0], '500_485_passing_MET': [962.0, 0.0], '500_485_failing_MET': [33.0, 0.0], '500_485_min_MET_pt': [32.10393142700195, 10000000.0], '500_480': [1025.0, 1983.0], '500_480_passing_MET': [0.0, 0.0], '500_480_failing_MET': [0.0, 0.0], '500_480_min_MET_pt': [10000000.0, 10000000.0], '500_475': [0.0, 1042.0], '500_475_passing_MET': [0.0, 1015.0], '500_475_failing_MET': [0.0, 27.0], '500_475_min_MET_pt': [10000000.0, 36.19221115112305], '500_470': [0.0, 0.0], '500_470_passing_MET': [0.0, 0.0], '500_470_failing_MET': [0.0, 0.0], '500_470_min_MET_pt': [10000000.0, 10000000.0], '525_515': [0.0, 0.0], '525_515_passing_MET': [0.0, 0.0], '525_515_failing_MET': [0.0, 0.0], '525_515_min_MET_pt': [10000000.0, 10000000.0], '525_510': [0.0, 0.0], '525_510_passing_MET': [0.0, 0.0], '525_510_failing_MET': [0.0, 0.0], '525_510_min_MET_pt': [10000000.0, 10000000.0], '525_505': [0.0, 0.0], '525_505_passing_MET': [0.0, 0.0], '525_505_failing_MET': [0.0, 0.0], '525_505_min_MET_pt': [10000000.0, 10000000.0], '525_500': [0.0, 0.0], '525_500_passing_MET': [0.0, 0.0], '525_500_failing_MET': [0.0, 0.0], '525_500_min_MET_pt': [10000000.0, 10000000.0], '525_495': [0.0, 0.0], '525_495_passing_MET': [0.0, 0.0], '525_495_failing_MET': [0.0, 0.0], '525_495_min_MET_pt': [10000000.0, 10000000.0], '550_540': [0.0, 0.0], '550_540_passing_MET': [0.0, 0.0], '550_540_failing_MET': [0.0, 0.0], '550_540_min_MET_pt': [10000000.0, 10000000.0], '550_535': [903.0, 0.0], '550_535_passing_MET': [885.0, 0.0], '550_535_failing_MET': [18.0, 0.0], '550_535_min_MET_pt': [43.00227737426758, 10000000.0], '550_530': [0.0, 1011.0], '550_530_passing_MET': [0.0, 989.0], '550_530_failing_MET': [0.0, 22.0], '550_530_min_MET_pt': [10000000.0, 21.701274871826172], '550_525': [910.0, 0.0], '550_525_passing_MET': [886.0, 0.0], '550_525_failing_MET': [24.0, 0.0], '550_525_min_MET_pt': [46.73896408081055, 10000000.0], '550_520': [0.0, 0.0], '550_520_passing_MET': [0.0, 0.0], '550_520_failing_MET': [0.0, 0.0], '550_520_min_MET_pt': [10000000.0, 10000000.0], '575_565': [0.0, 0.0], '575_565_passing_MET': [0.0, 0.0], '575_565_failing_MET': [0.0, 0.0], '575_565_min_MET_pt': [10000000.0, 10000000.0], '575_560': [0.0, 0.0], '575_560_passing_MET': [0.0, 0.0], '575_560_failing_MET': [0.0, 0.0], '575_560_min_MET_pt': [10000000.0, 10000000.0], '575_555': [0.0, 0.0], '575_555_passing_MET': [0.0, 0.0], '575_555_failing_MET': [0.0, 0.0], '575_555_min_MET_pt': [10000000.0, 10000000.0], '575_550': [0.0, 0.0], '575_550_passing_MET': [0.0, 0.0], '575_550_failing_MET': [0.0, 0.0], '575_550_min_MET_pt': [10000000.0, 10000000.0], '575_545': [0.0, 0.0], '575_545_passing_MET': [0.0, 0.0], '575_545_failing_MET': [0.0, 0.0], '575_545_min_MET_pt': [10000000.0, 10000000.0], '600_590': [0.0, 944.0], '600_590_passing_MET': [0.0, 915.0], '600_590_failing_MET': [0.0, 29.0], '600_590_min_MET_pt': [10000000.0, 32.62404251098633], '600_585': [0.0, 0.0], '600_585_passing_MET': [0.0, 0.0], '600_585_failing_MET': [0.0, 0.0], '600_585_min_MET_pt': [10000000.0, 10000000.0], '600_580': [982.0, 0.0], '600_580_passing_MET': [958.0, 0.0], '600_580_failing_MET': [24.0, 0.0], '600_580_min_MET_pt': [22.435274124145508, 10000000.0], '600_575': [881.0, 856.0], '600_575_passing_MET': [0.0, 0.0], '600_575_failing_MET': [0.0, 0.0], '600_575_min_MET_pt': [10000000.0, 10000000.0], '600_570': [0.0, 1115.0], '600_570_passing_MET': [0.0, 1081.0], '600_570_failing_MET': [0.0, 34.0], '600_570_min_MET_pt': [10000000.0, 26.79129981994629], '625_615': [0.0, 0.0], '625_615_passing_MET': [0.0, 0.0], '625_615_failing_MET': [0.0, 0.0], '625_615_min_MET_pt': [10000000.0, 10000000.0], '625_610': [0.0, 0.0], '625_610_passing_MET': [0.0, 0.0], '625_610_failing_MET': [0.0, 0.0], '625_610_min_MET_pt': [10000000.0, 10000000.0], '625_605': [0.0, 0.0], '625_605_passing_MET': [0.0, 0.0], '625_605_failing_MET': [0.0, 0.0], '625_605_min_MET_pt': [10000000.0, 10000000.0], '625_600': [0.0, 0.0], '625_600_passing_MET': [0.0, 0.0], '625_600_failing_MET': [0.0, 0.0], '625_600_min_MET_pt': [10000000.0, 10000000.0], '625_595': [0.0, 0.0], '625_595_passing_MET': [0.0, 0.0], '625_595_failing_MET': [0.0, 0.0], '625_595_min_MET_pt': [10000000.0, 10000000.0], '650_640': [0.0, 0.0], '650_640_passing_MET': [0.0, 0.0], '650_640_failing_MET': [0.0, 0.0], '650_640_min_MET_pt': [10000000.0, 10000000.0], '650_635': [0.0, 0.0], '650_635_passing_MET': [0.0, 0.0], '650_635_failing_MET': [0.0, 0.0], '650_635_min_MET_pt': [10000000.0, 10000000.0], '650_630': [0.0, 0.0], '650_630_passing_MET': [0.0, 0.0], '650_630_failing_MET': [0.0, 0.0], '650_630_min_MET_pt': [10000000.0, 10000000.0], '650_625': [932.0, 0.0], '650_625_passing_MET': [905.0, 0.0], '650_625_failing_MET': [27.0, 0.0], '650_625_min_MET_pt': [13.094280242919922, 10000000.0], '650_620': [0.0, 0.0], '650_620_passing_MET': [0.0, 0.0], '650_620_failing_MET': [0.0, 0.0], '650_620_min_MET_pt': [10000000.0, 10000000.0], '675_665': [0.0, 0.0], '675_665_passing_MET': [0.0, 0.0], '675_665_failing_MET': [0.0, 0.0], '675_665_min_MET_pt': [10000000.0, 10000000.0], '675_660': [0.0, 0.0], '675_660_passing_MET': [0.0, 0.0], '675_660_failing_MET': [0.0, 0.0], '675_660_min_MET_pt': [10000000.0, 10000000.0], '675_655': [0.0, 0.0], '675_655_passing_MET': [0.0, 0.0], '675_655_failing_MET': [0.0, 0.0], '675_655_min_MET_pt': [10000000.0, 10000000.0], '675_650': [0.0, 0.0], '675_650_passing_MET': [0.0, 0.0], '675_650_failing_MET': [0.0, 0.0], '675_650_min_MET_pt': [10000000.0, 10000000.0], '675_645': [0.0, 0.0], '675_645_passing_MET': [0.0, 0.0], '675_645_failing_MET': [0.0, 0.0], '675_645_min_MET_pt': [10000000.0, 10000000.0], '700_690': [0.0, 1066.0], '700_690_passing_MET': [0.0, 1044.0], '700_690_failing_MET': [0.0, 22.0], '700_690_min_MET_pt': [10000000.0, 34.96601104736328], '700_685': [0.0, 951.0], '700_685_passing_MET': [0.0, 919.0], '700_685_failing_MET': [0.0, 32.0], '700_685_min_MET_pt': [10000000.0, 35.140647888183594], '700_680': [0.0, 0.0], '700_680_passing_MET': [0.0, 0.0], '700_680_failing_MET': [0.0, 0.0], '700_680_min_MET_pt': [10000000.0, 10000000.0], '700_675': [0.0, 0.0], '700_675_passing_MET': [0.0, 0.0], '700_675_failing_MET': [0.0, 0.0], '700_675_min_MET_pt': [10000000.0, 10000000.0], '700_670': [0.0, 0.0], '700_670_passing_MET': [0.0, 0.0], '700_670_failing_MET': [0.0, 0.0], '700_670_min_MET_pt': [10000000.0, 10000000.0], '725_715': [0.0, 0.0], '725_715_passing_MET': [0.0, 0.0], '725_715_failing_MET': [0.0, 0.0], '725_715_min_MET_pt': [10000000.0, 10000000.0], '725_710': [0.0, 0.0], '725_710_passing_MET': [0.0, 0.0], '725_710_failing_MET': [0.0, 0.0], '725_710_min_MET_pt': [10000000.0, 10000000.0], '725_705': [0.0, 0.0], '725_705_passing_MET': [0.0, 0.0], '725_705_failing_MET': [0.0, 0.0], '725_705_min_MET_pt': [10000000.0, 10000000.0], '725_700': [0.0, 0.0], '725_700_passing_MET': [0.0, 0.0], '725_700_failing_MET': [0.0, 0.0], '725_700_min_MET_pt': [10000000.0, 10000000.0], '725_695': [0.0, 0.0], '725_695_passing_MET': [0.0, 0.0], '725_695_failing_MET': [0.0, 0.0], '725_695_min_MET_pt': [10000000.0, 10000000.0], '750_740': [0.0, 1026.0], '750_740_passing_MET': [0.0, 1005.0], '750_740_failing_MET': [0.0, 21.0], '750_740_min_MET_pt': [10000000.0, 46.684364318847656], '750_735': [0.0, 0.0], '750_735_passing_MET': [0.0, 0.0], '750_735_failing_MET': [0.0, 0.0], '750_735_min_MET_pt': [10000000.0, 10000000.0], '750_730': [0.0, 0.0], '750_730_passing_MET': [0.0, 0.0], '750_730_failing_MET': [0.0, 0.0], '750_730_min_MET_pt': [10000000.0, 10000000.0], '750_725': [0.0, 0.0], '750_725_passing_MET': [0.0, 0.0], '750_725_failing_MET': [0.0, 0.0], '750_725_min_MET_pt': [10000000.0, 10000000.0], '750_720': [0.0, 0.0], '750_720_passing_MET': [0.0, 0.0], '750_720_failing_MET': [0.0, 0.0], '750_720_min_MET_pt': [10000000.0, 10000000.0], '775_765': [0.0, 0.0], '775_765_passing_MET': [0.0, 0.0], '775_765_failing_MET': [0.0, 0.0], '775_765_min_MET_pt': [10000000.0, 10000000.0], '775_760': [0.0, 0.0], '775_760_passing_MET': [0.0, 0.0], '775_760_failing_MET': [0.0, 0.0], '775_760_min_MET_pt': [10000000.0, 10000000.0], '775_755': [0.0, 0.0], '775_755_passing_MET': [0.0, 0.0], '775_755_failing_MET': [0.0, 0.0], '775_755_min_MET_pt': [10000000.0, 10000000.0], '775_750': [0.0, 0.0], '775_750_passing_MET': [0.0, 0.0], '775_750_failing_MET': [0.0, 0.0], '775_750_min_MET_pt': [10000000.0, 10000000.0], '775_745': [0.0, 0.0], '775_745_passing_MET': [0.0, 0.0], '775_745_failing_MET': [0.0, 0.0], '775_745_min_MET_pt': [10000000.0, 10000000.0], '800_790': [0.0, 1109.0], '800_790_passing_MET': [0.0, 1080.0], '800_790_failing_MET': [0.0, 29.0], '800_790_min_MET_pt': [10000000.0, 39.864505767822266], '800_785': [0.0, 952.0], '800_785_passing_MET': [0.0, 925.0], '800_785_failing_MET': [0.0, 27.0], '800_785_min_MET_pt': [10000000.0, 26.807762145996094], '800_780': [0.0, 0.0], '800_780_passing_MET': [0.0, 0.0], '800_780_failing_MET': [0.0, 0.0], '800_780_min_MET_pt': [10000000.0, 10000000.0], '800_775': [0.0, 0.0], '800_775_passing_MET': [0.0, 0.0], '800_775_failing_MET': [0.0, 0.0], '800_775_min_MET_pt': [10000000.0, 10000000.0], '800_770': [1165.0, 1178.0], '800_770_passing_MET': [0.0, 0.0], '800_770_failing_MET': [0.0, 0.0], '800_770_min_MET_pt': [10000000.0, 10000000.0], '825_815': [0.0, 0.0], '825_815_passing_MET': [0.0, 0.0], '825_815_failing_MET': [0.0, 0.0], '825_815_min_MET_pt': [10000000.0, 10000000.0], '825_810': [0.0, 0.0], '825_810_passing_MET': [0.0, 0.0], '825_810_failing_MET': [0.0, 0.0], '825_810_min_MET_pt': [10000000.0, 10000000.0], '825_805': [0.0, 0.0], '825_805_passing_MET': [0.0, 0.0], '825_805_failing_MET': [0.0, 0.0], '825_805_min_MET_pt': [10000000.0, 10000000.0], '825_800': [0.0, 0.0], '825_800_passing_MET': [0.0, 0.0], '825_800_failing_MET': [0.0, 0.0], '825_800_min_MET_pt': [10000000.0, 10000000.0], '825_795': [0.0, 0.0], '825_795_passing_MET': [0.0, 0.0], '825_795_failing_MET': [0.0, 0.0], '825_795_min_MET_pt': [10000000.0, 10000000.0], '850_840': [1051.0, 0.0], '850_840_passing_MET': [1022.0, 0.0], '850_840_failing_MET': [29.0, 0.0], '850_840_min_MET_pt': [27.617380142211914, 10000000.0], '850_835': [0.0, 0.0], '850_835_passing_MET': [0.0, 0.0], '850_835_failing_MET': [0.0, 0.0], '850_835_min_MET_pt': [10000000.0, 10000000.0], '850_830': [1068.0, 1130.0], '850_830_passing_MET': [0.0, 0.0], '850_830_failing_MET': [0.0, 0.0], '850_830_min_MET_pt': [10000000.0, 10000000.0], '850_825': [0.0, 0.0], '850_825_passing_MET': [0.0, 0.0], '850_825_failing_MET': [0.0, 0.0], '850_825_min_MET_pt': [10000000.0, 10000000.0], '850_820': [1172.0, 1218.0], '850_820_passing_MET': [0.0, 0.0], '850_820_failing_MET': [0.0, 0.0], '850_820_min_MET_pt': [10000000.0, 10000000.0], '875_865': [0.0, 0.0], '875_865_passing_MET': [0.0, 0.0], '875_865_failing_MET': [0.0, 0.0], '875_865_min_MET_pt': [10000000.0, 10000000.0], '875_860': [0.0, 0.0], '875_860_passing_MET': [0.0, 0.0], '875_860_failing_MET': [0.0, 0.0], '875_860_min_MET_pt': [10000000.0, 10000000.0], '875_855': [0.0, 0.0], '875_855_passing_MET': [0.0, 0.0], '875_855_failing_MET': [0.0, 0.0], '875_855_min_MET_pt': [10000000.0, 10000000.0], '875_850': [0.0, 0.0], '875_850_passing_MET': [0.0, 0.0], '875_850_failing_MET': [0.0, 0.0], '875_850_min_MET_pt': [10000000.0, 10000000.0], '875_845': [0.0, 0.0], '875_845_passing_MET': [0.0, 0.0], '875_845_failing_MET': [0.0, 0.0], '875_845_min_MET_pt': [10000000.0, 10000000.0], '900_890': [2308.0, 0.0], '900_890_passing_MET': [2254.0, 0.0], '900_890_failing_MET': [54.0, 0.0], '900_890_min_MET_pt': [20.890134811401367, 10000000.0], '900_885': [0.0, 0.0], '900_885_passing_MET': [0.0, 0.0], '900_885_failing_MET': [0.0, 0.0], '900_885_min_MET_pt': [10000000.0, 10000000.0], '900_880': [0.0, 0.0], '900_880_passing_MET': [0.0, 0.0], '900_880_failing_MET': [0.0, 0.0], '900_880_min_MET_pt': [10000000.0, 10000000.0], '900_875': [0.0, 960.0], '900_875_passing_MET': [0.0, 940.0], '900_875_failing_MET': [0.0, 20.0], '900_875_min_MET_pt': [10000000.0, 47.2081413269043], '900_870': [1166.0, 1105.0], '900_870_passing_MET': [0.0, 0.0], '900_870_failing_MET': [0.0, 0.0], '900_870_min_MET_pt': [10000000.0, 10000000.0], '925_915': [0.0, 0.0], '925_915_passing_MET': [0.0, 0.0], '925_915_failing_MET': [0.0, 0.0], '925_915_min_MET_pt': [10000000.0, 10000000.0], '925_910': [0.0, 0.0], '925_910_passing_MET': [0.0, 0.0], '925_910_failing_MET': [0.0, 0.0], '925_910_min_MET_pt': [10000000.0, 10000000.0], '925_905': [0.0, 0.0], '925_905_passing_MET': [0.0, 0.0], '925_905_failing_MET': [0.0, 0.0], '925_905_min_MET_pt': [10000000.0, 10000000.0], '925_900': [0.0, 0.0], '925_900_passing_MET': [0.0, 0.0], '925_900_failing_MET': [0.0, 0.0], '925_900_min_MET_pt': [10000000.0, 10000000.0], '925_895': [0.0, 0.0], '925_895_passing_MET': [0.0, 0.0], '925_895_failing_MET': [0.0, 0.0], '925_895_min_MET_pt': [10000000.0, 10000000.0], '950_940': [2130.0, 1080.0], '950_940_passing_MET': [0.0, 0.0], '950_940_failing_MET': [0.0, 0.0], '950_940_min_MET_pt': [10000000.0, 10000000.0], '950_935': [0.0, 0.0], '950_935_passing_MET': [0.0, 0.0], '950_935_failing_MET': [0.0, 0.0], '950_935_min_MET_pt': [10000000.0, 10000000.0], '950_930': [0.0, 0.0], '950_930_passing_MET': [0.0, 0.0], '950_930_failing_MET': [0.0, 0.0], '950_930_min_MET_pt': [10000000.0, 10000000.0], '950_925': [0.0, 0.0], '950_925_passing_MET': [0.0, 0.0], '950_925_failing_MET': [0.0, 0.0], '950_925_min_MET_pt': [10000000.0, 10000000.0], '950_920': [0.0, 0.0], '950_920_passing_MET': [0.0, 0.0], '950_920_failing_MET': [0.0, 0.0], '950_920_min_MET_pt': [10000000.0, 10000000.0], '975_965': [0.0, 0.0], '975_965_passing_MET': [0.0, 0.0], '975_965_failing_MET': [0.0, 0.0], '975_965_min_MET_pt': [10000000.0, 10000000.0], '975_960': [0.0, 0.0], '975_960_passing_MET': [0.0, 0.0], '975_960_failing_MET': [0.0, 0.0], '975_960_min_MET_pt': [10000000.0, 10000000.0], '975_955': [0.0, 0.0], '975_955_passing_MET': [0.0, 0.0], '975_955_failing_MET': [0.0, 0.0], '975_955_min_MET_pt': [10000000.0, 10000000.0], '975_950': [0.0, 0.0], '975_950_passing_MET': [0.0, 0.0], '975_950_failing_MET': [0.0, 0.0], '975_950_min_MET_pt': [10000000.0, 10000000.0], '975_945': [0.0, 0.0], '975_945_passing_MET': [0.0, 0.0], '975_945_failing_MET': [0.0, 0.0], '975_945_min_MET_pt': [10000000.0, 10000000.0], '1000_990': [1065.0, 0.0], '1000_990_passing_MET': [1029.0, 0.0], '1000_990_failing_MET': [36.0, 0.0], '1000_990_min_MET_pt': [12.254914283752441, 10000000.0], '1000_985': [1059.0, 0.0], '1000_985_passing_MET': [1044.0, 0.0], '1000_985_failing_MET': [15.0, 0.0], '1000_985_min_MET_pt': [13.515801429748535, 10000000.0], '1000_980': [0.0, 0.0], '1000_980_passing_MET': [0.0, 0.0], '1000_980_failing_MET': [0.0, 0.0], '1000_980_min_MET_pt': [10000000.0, 10000000.0], '1000_975': [0.0, 0.0], '1000_975_passing_MET': [0.0, 0.0], '1000_975_failing_MET': [0.0, 0.0], '1000_975_min_MET_pt': [10000000.0, 10000000.0], '1000_970': [0.0, 0.0], '1000_970_passing_MET': [0.0, 0.0], '1000_970_failing_MET': [0.0, 0.0], '1000_970_min_MET_pt': [10000000.0, 10000000.0], '1025_1015': [0.0, 0.0], '1025_1015_passing_MET': [0.0, 0.0], '1025_1015_failing_MET': [0.0, 0.0], '1025_1015_min_MET_pt': [10000000.0, 10000000.0], '1025_1010': [0.0, 0.0], '1025_1010_passing_MET': [0.0, 0.0], '1025_1010_failing_MET': [0.0, 0.0], '1025_1010_min_MET_pt': [10000000.0, 10000000.0], '1025_1005': [0.0, 0.0], '1025_1005_passing_MET': [0.0, 0.0], '1025_1005_failing_MET': [0.0, 0.0], '1025_1005_min_MET_pt': [10000000.0, 10000000.0], '1025_1000': [0.0, 0.0], '1025_1000_passing_MET': [0.0, 0.0], '1025_1000_failing_MET': [0.0, 0.0], '1025_1000_min_MET_pt': [10000000.0, 10000000.0], '1025_995': [0.0, 0.0], '1025_995_passing_MET': [0.0, 0.0], '1025_995_failing_MET': [0.0, 0.0], '1025_995_min_MET_pt': [10000000.0, 10000000.0], '1050_1040': [0.0, 0.0], '1050_1040_passing_MET': [0.0, 0.0], '1050_1040_failing_MET': [0.0, 0.0], '1050_1040_min_MET_pt': [10000000.0, 10000000.0], '1050_1035': [0.0, 0.0], '1050_1035_passing_MET': [0.0, 0.0], '1050_1035_failing_MET': [0.0, 0.0], '1050_1035_min_MET_pt': [10000000.0, 10000000.0], '1050_1030': [0.0, 0.0], '1050_1030_passing_MET': [0.0, 0.0], '1050_1030_failing_MET': [0.0, 0.0], '1050_1030_min_MET_pt': [10000000.0, 10000000.0], '1050_1025': [0.0, 0.0], '1050_1025_passing_MET': [0.0, 0.0], '1050_1025_failing_MET': [0.0, 0.0], '1050_1025_min_MET_pt': [10000000.0, 10000000.0], '1050_1020': [0.0, 0.0], '1050_1020_passing_MET': [0.0, 0.0], '1050_1020_failing_MET': [0.0, 0.0], '1050_1020_min_MET_pt': [10000000.0, 10000000.0], '1075_1065': [0.0, 0.0], '1075_1065_passing_MET': [0.0, 0.0], '1075_1065_failing_MET': [0.0, 0.0], '1075_1065_min_MET_pt': [10000000.0, 10000000.0], '1075_1060': [0.0, 0.0], '1075_1060_passing_MET': [0.0, 0.0], '1075_1060_failing_MET': [0.0, 0.0], '1075_1060_min_MET_pt': [10000000.0, 10000000.0], '1075_1055': [0.0, 0.0], '1075_1055_passing_MET': [0.0, 0.0], '1075_1055_failing_MET': [0.0, 0.0], '1075_1055_min_MET_pt': [10000000.0, 10000000.0], '1075_1050': [0.0, 0.0], '1075_1050_passing_MET': [0.0, 0.0], '1075_1050_failing_MET': [0.0, 0.0], '1075_1050_min_MET_pt': [10000000.0, 10000000.0], '1075_1045': [0.0, 0.0], '1075_1045_passing_MET': [0.0, 0.0], '1075_1045_failing_MET': [0.0, 0.0], '1075_1045_min_MET_pt': [10000000.0, 10000000.0], '1100_1090': [0.0, 1043.0], '1100_1090_passing_MET': [0.0, 1020.0], '1100_1090_failing_MET': [0.0, 23.0], '1100_1090_min_MET_pt': [10000000.0, 15.15806770324707], '1100_1085': [0.0, 977.0], '1100_1085_passing_MET': [0.0, 958.0], '1100_1085_failing_MET': [0.0, 19.0], '1100_1085_min_MET_pt': [10000000.0, 25.645780563354492], '1100_1080': [0.0, 0.0], '1100_1080_passing_MET': [0.0, 0.0], '1100_1080_failing_MET': [0.0, 0.0], '1100_1080_min_MET_pt': [10000000.0, 10000000.0], '1100_1075': [0.0, 0.0], '1100_1075_passing_MET': [0.0, 0.0], '1100_1075_failing_MET': [0.0, 0.0], '1100_1075_min_MET_pt': [10000000.0, 10000000.0], '1100_1070': [1008.0, 0.0], '1100_1070_passing_MET': [984.0, 0.0], '1100_1070_failing_MET': [24.0, 0.0], '1100_1070_min_MET_pt': [7.029144763946533, 10000000.0], 'nEventsTotal': 150393.0, 'strange masspoints': 0.0, 'orphans': 0.0, 'R-hadron event': 0.0, 'different stop antistop masses': 0.0, 'strange error': 0.0, 'strange event': 0.0, 'different neutralino masses': 9821.0, 'large differences': 0.0, '700_686': [0.0, 115.0], '700_686_passing_MET': [0.0, 113.0], '700_686_failing_MET': [0.0, 2.0], '700_686_min_MET_pt': [10000000.0, 89.22520446777344], '826_805': [1943.0, 0.0], '826_805_passing_MET': [1895.0, 0.0], '826_805_failing_MET': [48.0, 0.0], '826_805_min_MET_pt': [33.420066833496094, 10000000.0], '826_806': [301.0, 0.0], '826_806_passing_MET': [296.0, 0.0], '826_806_failing_MET': [5.0, 0.0], '826_806_min_MET_pt': [43.42009735107422, 10000000.0], '1052_1040': [1137.0, 1191.0], '1052_1040_passing_MET': [1114.0, 1169.0], '1052_1040_failing_MET': [23.0, 22.0], '1052_1040_min_MET_pt': [34.595733642578125, 40.76825714111328], '526_495': [2133.0, 0.0], '526_495_passing_MET': [2057.0, 0.0], '526_495_failing_MET': [76.0, 0.0], '526_495_min_MET_pt': [29.483285903930664, 10000000.0], '526_515': [869.0, 0.0], '526_515_passing_MET': [846.0, 0.0], '526_515_failing_MET': [23.0, 0.0], '526_515_min_MET_pt': [44.926116943359375, 10000000.0], '526_516': [108.0, 0.0], '526_516_passing_MET': [106.0, 0.0], '526_516_failing_MET': [2.0, 0.0], '526_516_min_MET_pt': [61.98451614379883, 10000000.0], '1076_1065': [0.0, 1070.0], '1076_1065_passing_MET': [0.0, 1047.0], '1076_1065_failing_MET': [0.0, 23.0], '1076_1065_min_MET_pt': [10000000.0, 53.6585693359375], '1076_1064': [0.0, 119.0], '1076_1064_passing_MET': [0.0, 117.0], '1076_1064_failing_MET': [0.0, 2.0], '1076_1064_min_MET_pt': [10000000.0, 81.0212631225586], '600_576': [167.0, 156.0], '600_576_passing_MET': [161.0, 149.0], '600_576_failing_MET': [6.0, 7.0], '600_576_min_MET_pt': [56.30035400390625, 76.40097045898438], '676_665': [1909.0, 1850.0], '676_665_passing_MET': [1855.0, 1807.0], '676_665_failing_MET': [54.0, 43.0], '676_665_min_MET_pt': [20.520252227783203, 14.608684539794922], '676_666': [191.0, 207.0], '676_666_passing_MET': [189.0, 204.0], '676_666_failing_MET': [2.0, 3.0], '676_666_min_MET_pt': [80.75672149658203, 60.206634521484375], '976_945': [1002.0, 0.0], '976_945_passing_MET': [974.0, 0.0], '976_945_failing_MET': [28.0, 0.0], '976_945_min_MET_pt': [9.943940162658691, 10000000.0], '976_946': [182.0, 0.0], '976_946_passing_MET': [172.0, 0.0], '976_946_failing_MET': [10.0, 0.0], '976_946_min_MET_pt': [44.892478942871094, 10000000.0], '726_710': [0.0, 2193.0], '726_710_passing_MET': [0.0, 2145.0], '726_710_failing_MET': [0.0, 48.0], '726_710_min_MET_pt': [10000000.0, 32.86272048950195], '1100_1072': [195.0, 0.0], '1100_1072_passing_MET': [188.0, 0.0], '1100_1072_failing_MET': [7.0, 0.0], '1100_1072_min_MET_pt': [75.67942810058594, 10000000.0], '626_600': [0.0, 1061.0], '626_600_passing_MET': [0.0, 1025.0], '626_600_failing_MET': [0.0, 36.0], '626_600_min_MET_pt': [10000000.0, 45.342803955078125], '650_626': [186.0, 0.0], '650_626_passing_MET': [179.0, 0.0], '650_626_failing_MET': [7.0, 0.0], '650_626_min_MET_pt': [65.76595306396484, 10000000.0], '926_915': [1013.0, 0.0], '926_915_passing_MET': [987.0, 0.0], '926_915_failing_MET': [26.0, 0.0], '926_915_min_MET_pt': [7.504754066467285, 10000000.0], '926_916': [89.0, 0.0], '926_916_passing_MET': [88.0, 0.0], '926_916_failing_MET': [1.0, 0.0], '926_916_min_MET_pt': [97.6157455444336, 10000000.0], '976_965': [1085.0, 0.0], '976_965_passing_MET': [1064.0, 0.0], '976_965_failing_MET': [21.0, 0.0], '976_965_min_MET_pt': [41.63359069824219, 10000000.0], '976_966': [105.0, 0.0], '976_966_passing_MET': [105.0, 0.0], '976_966_failing_MET': [0.0, 0.0], '976_966_min_MET_pt': [105.65171813964844, 10000000.0], '626_615': [915.0, 1825.0], '626_615_passing_MET': [891.0, 1781.0], '626_615_failing_MET': [24.0, 44.0], '626_615_min_MET_pt': [26.348352432250977, 16.809175491333008], '626_616': [88.0, 192.0], '626_616_passing_MET': [86.0, 185.0], '626_616_failing_MET': [2.0, 7.0], '626_616_min_MET_pt': [35.863529205322266, 14.322258949279785], '576_555': [858.0, 0.0], '576_555_passing_MET': [835.0, 0.0], '576_555_failing_MET': [23.0, 0.0], '576_555_min_MET_pt': [42.839664459228516, 10000000.0], '576_556': [143.0, 0.0], '576_556_passing_MET': [139.0, 0.0], '576_556_failing_MET': [4.0, 0.0], '576_556_min_MET_pt': [50.42475509643555, 10000000.0], '1052_1020': [2379.0, 0.0], '1052_1020_passing_MET': [2320.0, 0.0], '1052_1020_failing_MET': [59.0, 0.0], '1052_1020_min_MET_pt': [31.1845760345459, 10000000.0], '1076_1060': [2380.0, 0.0], '1076_1060_passing_MET': [2325.0, 0.0], '1076_1060_failing_MET': [55.0, 0.0], '1076_1060_min_MET_pt': [33.30105972290039, 10000000.0], '876_865': [0.0, 3007.0], '876_865_passing_MET': [0.0, 2936.0], '876_865_failing_MET': [0.0, 71.0], '876_865_min_MET_pt': [10000000.0, 25.81487464904785], '876_866': [0.0, 308.0], '876_866_passing_MET': [0.0, 300.0], '876_866_failing_MET': [0.0, 8.0], '876_866_min_MET_pt': [10000000.0, 36.31734085083008], '800_786': [0.0, 129.0], '800_786_passing_MET': [0.0, 124.0], '800_786_failing_MET': [0.0, 5.0], '800_786_min_MET_pt': [10000000.0, 46.723915100097656], '826_800': [1164.0, 0.0], '826_800_passing_MET': [1136.0, 0.0], '826_800_failing_MET': [28.0, 0.0], '826_800_min_MET_pt': [50.226470947265625, 10000000.0], '676_660': [0.0, 1064.0], '676_660_passing_MET': [0.0, 1034.0], '676_660_failing_MET': [0.0, 30.0], '676_660_min_MET_pt': [10000000.0, 23.909658432006836], '676_650': [1061.0, 1085.0], '676_650_passing_MET': [1031.0, 1055.0], '676_650_failing_MET': [30.0, 30.0], '676_650_min_MET_pt': [48.57907485961914, 27.399017333984375], '726_715': [966.0, 953.0], '726_715_passing_MET': [949.0, 929.0], '726_715_failing_MET': [17.0, 24.0], '726_715_min_MET_pt': [48.09670639038086, 44.88624954223633], '726_716': [77.0, 102.0], '726_716_passing_MET': [75.0, 99.0], '726_716_failing_MET': [2.0, 3.0], '726_716_min_MET_pt': [77.28671264648438, 70.18659210205078], '1024_1005': [1016.0, 0.0], '1024_1005_passing_MET': [982.0, 0.0], '1024_1005_failing_MET': [34.0, 0.0], '1024_1005_min_MET_pt': [26.150733947753906, 10000000.0], '1024_1006': [176.0, 0.0], '1024_1006_passing_MET': [169.0, 0.0], '1024_1006_failing_MET': [7.0, 0.0], '1024_1006_min_MET_pt': [71.6779556274414, 10000000.0], '1100_1084': [0.0, 140.0], '1100_1084_passing_MET': [0.0, 136.0], '1100_1084_failing_MET': [0.0, 4.0], '1100_1084_min_MET_pt': [10000000.0, 45.83160400390625], '826_815': [979.0, 945.0], '826_815_passing_MET': [955.0, 927.0], '826_815_failing_MET': [24.0, 18.0], '826_815_min_MET_pt': [19.887813568115234, 44.14619827270508], '826_816': [101.0, 106.0], '826_816_passing_MET': [100.0, 102.0], '826_816_failing_MET': [1.0, 4.0], '826_816_min_MET_pt': [80.49674224853516, 47.05403518676758], '1024_1000': [1208.0, 0.0], '1024_1000_passing_MET': [1184.0, 0.0], '1024_1000_failing_MET': [24.0, 0.0], '1024_1000_min_MET_pt': [37.796302795410156, 10000000.0], '726_695': [994.0, 0.0], '726_695_passing_MET': [965.0, 0.0], '726_695_failing_MET': [29.0, 0.0], '726_695_min_MET_pt': [6.514024257659912, 10000000.0], '726_696': [187.0, 0.0], '726_696_passing_MET': [182.0, 0.0], '726_696_failing_MET': [5.0, 0.0], '726_696_min_MET_pt': [44.635841369628906, 10000000.0], '900_876': [0.0, 174.0], '900_876_passing_MET': [0.0, 167.0], '900_876_failing_MET': [0.0, 7.0], '900_876_min_MET_pt': [10000000.0, 57.15192413330078], '926_910': [0.0, 1158.0], '926_910_passing_MET': [0.0, 1131.0], '926_910_failing_MET': [0.0, 27.0], '926_910_min_MET_pt': [10000000.0, 32.98459243774414], '1100_1092': [0.0, 111.0], '1100_1092_passing_MET': [0.0, 109.0], '1100_1092_failing_MET': [0.0, 2.0], '1100_1092_min_MET_pt': [10000000.0, 57.2950325012207], '926_905': [1049.0, 0.0], '926_905_passing_MET': [1015.0, 0.0], '926_905_failing_MET': [34.0, 0.0], '926_905_min_MET_pt': [10.914224624633789, 10000000.0], '926_906': [153.0, 0.0], '926_906_passing_MET': [147.0, 0.0], '926_906_failing_MET': [6.0, 0.0], '926_906_min_MET_pt': [59.758758544921875, 10000000.0], '1000_986': [115.0, 0.0], '1000_986_passing_MET': [111.0, 0.0], '1000_986_failing_MET': [4.0, 0.0], '1000_986_min_MET_pt': [53.57655334472656, 10000000.0], '550_536': [135.0, 0.0], '550_536_passing_MET': [131.0, 0.0], '550_536_failing_MET': [4.0, 0.0], '550_536_min_MET_pt': [52.13107681274414, 10000000.0], '1076_1045': [0.0, 992.0], '1076_1045_passing_MET': [0.0, 969.0], '1076_1045_failing_MET': [0.0, 23.0], '1076_1045_min_MET_pt': [10000000.0, 16.35515022277832], '1076_1044': [0.0, 196.0], '1076_1044_passing_MET': [0.0, 191.0], '1076_1044_failing_MET': [0.0, 5.0], '1076_1044_min_MET_pt': [10000000.0, 75.22032165527344], '1076_1055': [998.0, 0.0], '1076_1055_passing_MET': [971.0, 0.0], '1076_1055_failing_MET': [27.0, 0.0], '1076_1055_min_MET_pt': [41.72398376464844, 10000000.0], '1076_1056': [133.0, 0.0], '1076_1056_passing_MET': [130.0, 0.0], '1076_1056_failing_MET': [3.0, 0.0], '1076_1056_min_MET_pt': [71.76679992675781, 10000000.0], '776_745': [894.0, 914.0], '776_745_passing_MET': [865.0, 890.0], '776_745_failing_MET': [29.0, 24.0], '776_745_min_MET_pt': [44.67085266113281, 33.87528991699219], '776_746': [207.0, 185.0], '776_746_passing_MET': [199.0, 173.0], '776_746_failing_MET': [8.0, 12.0], '776_746_min_MET_pt': [62.40303039550781, 60.83877944946289], '526_510': [966.0, 0.0], '526_510_passing_MET': [931.0, 0.0], '526_510_failing_MET': [35.0, 0.0], '526_510_min_MET_pt': [21.37237548828125, 10000000.0], '776_765': [0.0, 996.0], '776_765_passing_MET': [0.0, 972.0], '776_765_failing_MET': [0.0, 24.0], '776_765_min_MET_pt': [10000000.0, 34.88560485839844], '776_766': [0.0, 100.0], '776_766_passing_MET': [0.0, 98.0], '776_766_failing_MET': [0.0, 2.0], '776_766_min_MET_pt': [10000000.0, 89.85688018798828], '550_526': [135.0, 0.0], '550_526_passing_MET': [128.0, 0.0], '550_526_failing_MET': [7.0, 0.0], '550_526_min_MET_pt': [49.27408218383789, 10000000.0], '776_755': [942.0, 0.0], '776_755_passing_MET': [920.0, 0.0], '776_755_failing_MET': [22.0, 0.0], '776_755_min_MET_pt': [29.711894989013672, 10000000.0], '776_756': [149.0, 0.0], '776_756_passing_MET': [149.0, 0.0], '776_756_failing_MET': [0.0, 0.0], '776_756_min_MET_pt': [102.67818450927734, 10000000.0]}
nevents_from_dict =  3640249273.6704082
Results saved to /afs/cern.ch/work/m/mleoncoe/private/stop_met_check/outputs_2018/nanoAOD_511.json
done
