000 (9018140.440.000) 01/06 10:56:38 Job submitted from host: <188.185.6.50:9618?addrs=188.185.6.50-9618+[2001-1458-d00-62--100-2b1]-9618&alias=bigbird25.cern.ch&noUDP&sock=schedd_1627_90ad>
...
040 (9018140.440.000) 01/06 11:00:51 Started transferring input files
	Transferring to host: <188.185.208.58:9618?addrs=188.185.208.58-9618+[2001-1458-303-f--100-37]-9618&alias=b9p09p3569.cern.ch&noUDP&sock=slot1_23_3065941_8add_29393>
...
040 (9018140.440.000) 01/06 11:00:51 Finished transferring input files
...
001 (9018140.440.000) 01/06 11:00:52 Job executing on host: <188.185.208.58:9618?addrs=188.185.208.58-9618+[2001-1458-303-f--100-37]-9618&alias=b9p09p3569.cern.ch&noUDP&sock=startd_3065065_3a30>
	SlotName: slot1_23@b9p09p3569.cern.ch
	CondorScratchDir = "/pool/condor/dir_1988044"
	Cpus = 1
	Disk = 3719
	GPUs = 0
	Memory = 3000
...
006 (9018140.440.000) 01/06 11:01:06 Image size of job updated: 95636
	94  -  MemoryUsage of job (MB)
	95636  -  ResidentSetSize of job (KB)
...
006 (9018140.440.000) 01/06 11:06:07 Image size of job updated: 203852
	200  -  MemoryUsage of job (MB)
	203852  -  ResidentSetSize of job (KB)
...
006 (9018140.440.000) 01/06 11:11:08 Image size of job updated: 214564
	210  -  MemoryUsage of job (MB)
	214564  -  ResidentSetSize of job (KB)
...
006 (9018140.440.000) 01/06 11:16:08 Image size of job updated: 214636
	210  -  MemoryUsage of job (MB)
	214636  -  ResidentSetSize of job (KB)
...
006 (9018140.440.000) 01/06 11:21:09 Image size of job updated: 214672
	210  -  MemoryUsage of job (MB)
	214672  -  ResidentSetSize of job (KB)
...
006 (9018140.440.000) 01/06 11:26:10 Image size of job updated: 214848
	210  -  MemoryUsage of job (MB)
	214848  -  ResidentSetSize of job (KB)
...
006 (9018140.440.000) 01/06 11:31:10 Image size of job updated: 214928
	210  -  MemoryUsage of job (MB)
	214928  -  ResidentSetSize of job (KB)
...
006 (9018140.440.000) 01/06 11:36:11 Image size of job updated: 214952
	210  -  MemoryUsage of job (MB)
	214952  -  ResidentSetSize of job (KB)
...
006 (9018140.440.000) 01/06 11:41:11 Image size of job updated: 214956
	210  -  MemoryUsage of job (MB)
	214956  -  ResidentSetSize of job (KB)
...
006 (9018140.440.000) 01/06 11:46:11 Image size of job updated: 214964
	210  -  MemoryUsage of job (MB)
	214964  -  ResidentSetSize of job (KB)
...
006 (9018140.440.000) 01/06 11:51:12 Image size of job updated: 214968
	210  -  MemoryUsage of job (MB)
	214968  -  ResidentSetSize of job (KB)
...
006 (9018140.440.000) 01/06 11:56:12 Image size of job updated: 215048
	211  -  MemoryUsage of job (MB)
	215048  -  ResidentSetSize of job (KB)
...
006 (9018140.440.000) 01/06 12:01:13 Image size of job updated: 215060
	211  -  MemoryUsage of job (MB)
	215060  -  ResidentSetSize of job (KB)
...
006 (9018140.440.000) 01/06 12:06:14 Image size of job updated: 215068
	211  -  MemoryUsage of job (MB)
	215068  -  ResidentSetSize of job (KB)
...
006 (9018140.440.000) 01/06 12:11:14 Image size of job updated: 215072
	211  -  MemoryUsage of job (MB)
	215072  -  ResidentSetSize of job (KB)
...
006 (9018140.440.000) 01/06 12:16:15 Image size of job updated: 215100
	211  -  MemoryUsage of job (MB)
	215100  -  ResidentSetSize of job (KB)
...
006 (9018140.440.000) 01/06 12:23:59 Image size of job updated: 215116
	211  -  MemoryUsage of job (MB)
	215100  -  ResidentSetSize of job (KB)
...
040 (9018140.440.000) 01/06 12:23:59 Started transferring output files
...
040 (9018140.440.000) 01/06 12:23:59 Finished transferring output files
...
005 (9018140.440.000) 01/06 12:23:59 Job terminated.
	(1) Normal termination (return value 0)
		Usr 0 01:20:43, Sys 0 00:00:09  -  Run Remote Usage
		Usr 0 00:00:00, Sys 0 00:00:00  -  Run Local Usage
		Usr 0 01:20:43, Sys 0 00:00:09  -  Total Remote Usage
		Usr 0 00:00:00, Sys 0 00:00:00  -  Total Local Usage
	40431  -  Run Bytes Sent By Job
	21436  -  Run Bytes Received By Job
	40431  -  Total Bytes Sent By Job
	21436  -  Total Bytes Received By Job
	Partitionable Resources :    Usage  Request Allocated 
	   Cpus                 :     0.98        1         1 
	   Disk (KB)            :    88          22      3719 
	   GPUs                 :                           0 
	   Memory (MB)          :   211        3000      3000 
	   TimeExecute (s)      :  4987                       
	   TimeSlotBusy (s)     :  4993                       

	Job terminated of its own accord at 2026-01-06T11:23:59Z with exit-code 0.
...
