i am in this directory
/pool/condor/dir_3701354
Python 3.9.23
3.9.23
 will run this python stop_check_met_eff.py /eos/user/m/mleoncoe/stop_event_check/privateNanoAod2018/nanoAOD_303.root /afs/cern.ch/work/m/mleoncoe/private/stop_met_check/outputs_2018/nanoAOD_303.json
event num1000
event num2000
event num3000
event num4000
event num5000
event num6000
event num7000
event num8000
event num9000
event num10000
event num11000
event num12000
event num13000
event num14000
event num15000
event num16000
event num17000
event num18000
event num19000
event num20000
event num21000
event num22000
event num23000
event num24000
event num25000
event num26000
event num27000
event num28000
event num29000
event num30000
event num31000
event num32000
event num33000
event num34000
event num35000
event num36000
event num37000
event num38000
event num39000
event num40000
event num41000
event num42000
event num43000
event num44000
event num45000
event num46000
event num47000
event num48000
event num49000
event num50000
event num51000
event num52000
event num53000
event num54000
event num55000
event num56000
event num57000
event num58000
event num59000
event num60000
event num61000
event num62000
event num63000
event num64000
event num65000
event num66000
event num67000
event num68000
event num69000
event num70000
event num71000
event num72000
event num73000
event num74000
event num75000
event num76000
event num77000
event num78000
event num79000
event num80000
event num81000
event num82000
event num83000
event num84000
event num85000
event num86000
event num87000
event num88000
event num89000
event num90000
event num91000
event num92000
event num93000
event num94000
event num95000
event num96000
event num97000
event num98000
event num99000
event num100000
event num101000
event num102000
event num103000
event num104000
event num105000
event num106000
event num107000
event num108000
event num109000
event num110000
event num111000
event num112000
event num113000
{'250_240': [0.0, 688.0], '250_240_passing_MET': [0.0, 664.0], '250_240_failing_MET': [0.0, 24.0], '250_240_min_MET_pt': [10000000.0, 60.7817497253418], '250_235': [723.0, 0.0], '250_235_passing_MET': [688.0, 0.0], '250_235_failing_MET': [35.0, 0.0], '250_235_min_MET_pt': [15.42629623413086, 10000000.0], '250_230': [0.0, 0.0], '250_230_passing_MET': [0.0, 0.0], '250_230_failing_MET': [0.0, 0.0], '250_230_min_MET_pt': [10000000.0, 10000000.0], '250_225': [0.0, 0.0], '250_225_passing_MET': [0.0, 0.0], '250_225_failing_MET': [0.0, 0.0], '250_225_min_MET_pt': [10000000.0, 10000000.0], '250_220': [0.0, 1562.0], '250_220_passing_MET': [0.0, 1473.0], '250_220_failing_MET': [0.0, 89.0], '250_220_min_MET_pt': [10000000.0, 5.3693437576293945], '275_265': [0.0, 0.0], '275_265_passing_MET': [0.0, 0.0], '275_265_failing_MET': [0.0, 0.0], '275_265_min_MET_pt': [10000000.0, 10000000.0], '275_260': [0.0, 0.0], '275_260_passing_MET': [0.0, 0.0], '275_260_failing_MET': [0.0, 0.0], '275_260_min_MET_pt': [10000000.0, 10000000.0], '275_255': [774.0, 0.0], '275_255_passing_MET': [745.0, 0.0], '275_255_failing_MET': [29.0, 0.0], '275_255_min_MET_pt': [41.09861755371094, 10000000.0], '275_250': [799.0, 0.0], '275_250_passing_MET': [761.0, 0.0], '275_250_failing_MET': [38.0, 0.0], '275_250_min_MET_pt': [7.556806564331055, 10000000.0], '275_245': [0.0, 825.0], '275_245_passing_MET': [0.0, 773.0], '275_245_failing_MET': [0.0, 52.0], '275_245_min_MET_pt': [10000000.0, 11.847335815429688], '300_290': [0.0, 0.0], '300_290_passing_MET': [0.0, 0.0], '300_290_failing_MET': [0.0, 0.0], '300_290_min_MET_pt': [10000000.0, 10000000.0], '300_285': [0.0, 0.0], '300_285_passing_MET': [0.0, 0.0], '300_285_failing_MET': [0.0, 0.0], '300_285_min_MET_pt': [10000000.0, 10000000.0], '300_280': [1610.0, 0.0], '300_280_passing_MET': [1534.0, 0.0], '300_280_failing_MET': [76.0, 0.0], '300_280_min_MET_pt': [8.644289016723633, 10000000.0], '300_275': [0.0, 1646.0], '300_275_passing_MET': [0.0, 1571.0], '300_275_failing_MET': [0.0, 75.0], '300_275_min_MET_pt': [10000000.0, 21.337825775146484], '300_270': [0.0, 0.0], '300_270_passing_MET': [0.0, 0.0], '300_270_failing_MET': [0.0, 0.0], '300_270_min_MET_pt': [10000000.0, 10000000.0], '325_315': [807.0, 783.0], '325_315_passing_MET': [0.0, 0.0], '325_315_failing_MET': [0.0, 0.0], '325_315_min_MET_pt': [10000000.0, 10000000.0], '325_310': [0.0, 0.0], '325_310_passing_MET': [0.0, 0.0], '325_310_failing_MET': [0.0, 0.0], '325_310_min_MET_pt': [10000000.0, 10000000.0], '325_305': [841.0, 862.0], '325_305_passing_MET': [0.0, 0.0], '325_305_failing_MET': [0.0, 0.0], '325_305_min_MET_pt': [10000000.0, 10000000.0], '325_300': [0.0, 0.0], '325_300_passing_MET': [0.0, 0.0], '325_300_failing_MET': [0.0, 0.0], '325_300_min_MET_pt': [10000000.0, 10000000.0], '325_295': [0.0, 0.0], '325_295_passing_MET': [0.0, 0.0], '325_295_failing_MET': [0.0, 0.0], '325_295_min_MET_pt': [10000000.0, 10000000.0], '350_340': [1617.0, 0.0], '350_340_passing_MET': [1560.0, 0.0], '350_340_failing_MET': [57.0, 0.0], '350_340_min_MET_pt': [11.993666648864746, 10000000.0], '350_335': [0.0, 0.0], '350_335_passing_MET': [0.0, 0.0], '350_335_failing_MET': [0.0, 0.0], '350_335_min_MET_pt': [10000000.0, 10000000.0], '350_330': [0.0, 0.0], '350_330_passing_MET': [0.0, 0.0], '350_330_failing_MET': [0.0, 0.0], '350_330_min_MET_pt': [10000000.0, 10000000.0], '350_325': [0.0, 0.0], '350_325_passing_MET': [0.0, 0.0], '350_325_failing_MET': [0.0, 0.0], '350_325_min_MET_pt': [10000000.0, 10000000.0], '350_320': [886.0, 906.0], '350_320_passing_MET': [0.0, 0.0], '350_320_failing_MET': [0.0, 0.0], '350_320_min_MET_pt': [10000000.0, 10000000.0], '375_365': [1729.0, 0.0], '375_365_passing_MET': [1667.0, 0.0], '375_365_failing_MET': [62.0, 0.0], '375_365_min_MET_pt': [14.252433776855469, 10000000.0], '375_360': [900.0, 876.0], '375_360_passing_MET': [0.0, 0.0], '375_360_failing_MET': [0.0, 0.0], '375_360_min_MET_pt': [10000000.0, 10000000.0], '375_355': [0.0, 0.0], '375_355_passing_MET': [0.0, 0.0], '375_355_failing_MET': [0.0, 0.0], '375_355_min_MET_pt': [10000000.0, 10000000.0], '375_350': [897.0, 922.0], '375_350_passing_MET': [0.0, 0.0], '375_350_failing_MET': [0.0, 0.0], '375_350_min_MET_pt': [10000000.0, 10000000.0], '375_345': [0.0, 0.0], '375_345_passing_MET': [0.0, 0.0], '375_345_failing_MET': [0.0, 0.0], '375_345_min_MET_pt': [10000000.0, 10000000.0], '400_390': [916.0, 907.0], '400_390_passing_MET': [0.0, 0.0], '400_390_failing_MET': [0.0, 0.0], '400_390_min_MET_pt': [10000000.0, 10000000.0], '400_385': [0.0, 895.0], '400_385_passing_MET': [0.0, 873.0], '400_385_failing_MET': [0.0, 22.0], '400_385_min_MET_pt': [10000000.0, 46.283424377441406], '400_380': [0.0, 0.0], '400_380_passing_MET': [0.0, 0.0], '400_380_failing_MET': [0.0, 0.0], '400_380_min_MET_pt': [10000000.0, 10000000.0], '400_375': [0.0, 0.0], '400_375_passing_MET': [0.0, 0.0], '400_375_failing_MET': [0.0, 0.0], '400_375_min_MET_pt': [10000000.0, 10000000.0], '400_370': [0.0, 0.0], '400_370_passing_MET': [0.0, 0.0], '400_370_failing_MET': [0.0, 0.0], '400_370_min_MET_pt': [10000000.0, 10000000.0], '425_415': [0.0, 0.0], '425_415_passing_MET': [0.0, 0.0], '425_415_failing_MET': [0.0, 0.0], '425_415_min_MET_pt': [10000000.0, 10000000.0], '425_410': [0.0, 0.0], '425_410_passing_MET': [0.0, 0.0], '425_410_failing_MET': [0.0, 0.0], '425_410_min_MET_pt': [10000000.0, 10000000.0], '425_405': [951.0, 0.0], '425_405_passing_MET': [909.0, 0.0], '425_405_failing_MET': [42.0, 0.0], '425_405_min_MET_pt': [21.347017288208008, 10000000.0], '425_400': [0.0, 0.0], '425_400_passing_MET': [0.0, 0.0], '425_400_failing_MET': [0.0, 0.0], '425_400_min_MET_pt': [10000000.0, 10000000.0], '425_395': [0.0, 0.0], '425_395_passing_MET': [0.0, 0.0], '425_395_failing_MET': [0.0, 0.0], '425_395_min_MET_pt': [10000000.0, 10000000.0], '450_440': [1833.0, 847.0], '450_440_passing_MET': [0.0, 0.0], '450_440_failing_MET': [0.0, 0.0], '450_440_min_MET_pt': [10000000.0, 10000000.0], '450_435': [956.0, 1892.0], '450_435_passing_MET': [0.0, 0.0], '450_435_failing_MET': [0.0, 0.0], '450_435_min_MET_pt': [10000000.0, 10000000.0], '450_430': [0.0, 0.0], '450_430_passing_MET': [0.0, 0.0], '450_430_failing_MET': [0.0, 0.0], '450_430_min_MET_pt': [10000000.0, 10000000.0], '450_425': [0.0, 0.0], '450_425_passing_MET': [0.0, 0.0], '450_425_failing_MET': [0.0, 0.0], '450_425_min_MET_pt': [10000000.0, 10000000.0], '450_420': [0.0, 0.0], '450_420_passing_MET': [0.0, 0.0], '450_420_failing_MET': [0.0, 0.0], '450_420_min_MET_pt': [10000000.0, 10000000.0], '475_465': [996.0, 0.0], '475_465_passing_MET': [958.0, 0.0], '475_465_failing_MET': [38.0, 0.0], '475_465_min_MET_pt': [24.392799377441406, 10000000.0], '475_460': [945.0, 0.0], '475_460_passing_MET': [918.0, 0.0], '475_460_failing_MET': [27.0, 0.0], '475_460_min_MET_pt': [37.6417350769043, 10000000.0], '475_455': [989.0, 935.0], '475_455_passing_MET': [0.0, 0.0], '475_455_failing_MET': [0.0, 0.0], '475_455_min_MET_pt': [10000000.0, 10000000.0], '475_450': [0.0, 0.0], '475_450_passing_MET': [0.0, 0.0], '475_450_failing_MET': [0.0, 0.0], '475_450_min_MET_pt': [10000000.0, 10000000.0], '475_445': [1018.0, 0.0], '475_445_passing_MET': [977.0, 0.0], '475_445_failing_MET': [41.0, 0.0], '475_445_min_MET_pt': [24.956329345703125, 10000000.0], '500_490': [0.0, 893.0], '500_490_passing_MET': [0.0, 866.0], '500_490_failing_MET': [0.0, 27.0], '500_490_min_MET_pt': [10000000.0, 13.080419540405273], '500_485': [0.0, 0.0], '500_485_passing_MET': [0.0, 0.0], '500_485_failing_MET': [0.0, 0.0], '500_485_min_MET_pt': [10000000.0, 10000000.0], '500_480': [0.0, 0.0], '500_480_passing_MET': [0.0, 0.0], '500_480_failing_MET': [0.0, 0.0], '500_480_min_MET_pt': [10000000.0, 10000000.0], '500_475': [1007.0, 0.0], '500_475_passing_MET': [986.0, 0.0], '500_475_failing_MET': [21.0, 0.0], '500_475_min_MET_pt': [48.5184211730957, 10000000.0], '500_470': [0.0, 1034.0], '500_470_passing_MET': [0.0, 995.0], '500_470_failing_MET': [0.0, 39.0], '500_470_min_MET_pt': [10000000.0, 36.222373962402344], '525_515': [0.0, 0.0], '525_515_passing_MET': [0.0, 0.0], '525_515_failing_MET': [0.0, 0.0], '525_515_min_MET_pt': [10000000.0, 10000000.0], '525_510': [0.0, 0.0], '525_510_passing_MET': [0.0, 0.0], '525_510_failing_MET': [0.0, 0.0], '525_510_min_MET_pt': [10000000.0, 10000000.0], '525_505': [0.0, 0.0], '525_505_passing_MET': [0.0, 0.0], '525_505_failing_MET': [0.0, 0.0], '525_505_min_MET_pt': [10000000.0, 10000000.0], '525_500': [0.0, 0.0], '525_500_passing_MET': [0.0, 0.0], '525_500_failing_MET': [0.0, 0.0], '525_500_min_MET_pt': [10000000.0, 10000000.0], '525_495': [0.0, 0.0], '525_495_passing_MET': [0.0, 0.0], '525_495_failing_MET': [0.0, 0.0], '525_495_min_MET_pt': [10000000.0, 10000000.0], '550_540': [1932.0, 1009.0], '550_540_passing_MET': [0.0, 0.0], '550_540_failing_MET': [0.0, 0.0], '550_540_min_MET_pt': [10000000.0, 10000000.0], '550_535': [913.0, 899.0], '550_535_passing_MET': [0.0, 0.0], '550_535_failing_MET': [0.0, 0.0], '550_535_min_MET_pt': [10000000.0, 10000000.0], '550_530': [0.0, 0.0], '550_530_passing_MET': [0.0, 0.0], '550_530_failing_MET': [0.0, 0.0], '550_530_min_MET_pt': [10000000.0, 10000000.0], '550_525': [0.0, 0.0], '550_525_passing_MET': [0.0, 0.0], '550_525_failing_MET': [0.0, 0.0], '550_525_min_MET_pt': [10000000.0, 10000000.0], '550_520': [0.0, 1067.0], '550_520_passing_MET': [0.0, 1027.0], '550_520_failing_MET': [0.0, 40.0], '550_520_min_MET_pt': [10000000.0, 14.758573532104492], '575_565': [0.0, 0.0], '575_565_passing_MET': [0.0, 0.0], '575_565_failing_MET': [0.0, 0.0], '575_565_min_MET_pt': [10000000.0, 10000000.0], '575_560': [0.0, 0.0], '575_560_passing_MET': [0.0, 0.0], '575_560_failing_MET': [0.0, 0.0], '575_560_min_MET_pt': [10000000.0, 10000000.0], '575_555': [0.0, 0.0], '575_555_passing_MET': [0.0, 0.0], '575_555_failing_MET': [0.0, 0.0], '575_555_min_MET_pt': [10000000.0, 10000000.0], '575_550': [0.0, 0.0], '575_550_passing_MET': [0.0, 0.0], '575_550_failing_MET': [0.0, 0.0], '575_550_min_MET_pt': [10000000.0, 10000000.0], '575_545': [0.0, 0.0], '575_545_passing_MET': [0.0, 0.0], '575_545_failing_MET': [0.0, 0.0], '575_545_min_MET_pt': [10000000.0, 10000000.0], '600_590': [1046.0, 1021.0], '600_590_passing_MET': [0.0, 0.0], '600_590_failing_MET': [0.0, 0.0], '600_590_min_MET_pt': [10000000.0, 10000000.0], '600_585': [0.0, 0.0], '600_585_passing_MET': [0.0, 0.0], '600_585_failing_MET': [0.0, 0.0], '600_585_min_MET_pt': [10000000.0, 10000000.0], '600_580': [0.0, 0.0], '600_580_passing_MET': [0.0, 0.0], '600_580_failing_MET': [0.0, 0.0], '600_580_min_MET_pt': [10000000.0, 10000000.0], '600_575': [875.0, 0.0], '600_575_passing_MET': [849.0, 0.0], '600_575_failing_MET': [26.0, 0.0], '600_575_min_MET_pt': [12.413352012634277, 10000000.0], '600_570': [0.0, 0.0], '600_570_passing_MET': [0.0, 0.0], '600_570_failing_MET': [0.0, 0.0], '600_570_min_MET_pt': [10000000.0, 10000000.0], '625_615': [0.0, 0.0], '625_615_passing_MET': [0.0, 0.0], '625_615_failing_MET': [0.0, 0.0], '625_615_min_MET_pt': [10000000.0, 10000000.0], '625_610': [0.0, 0.0], '625_610_passing_MET': [0.0, 0.0], '625_610_failing_MET': [0.0, 0.0], '625_610_min_MET_pt': [10000000.0, 10000000.0], '625_605': [0.0, 0.0], '625_605_passing_MET': [0.0, 0.0], '625_605_failing_MET': [0.0, 0.0], '625_605_min_MET_pt': [10000000.0, 10000000.0], '625_600': [0.0, 0.0], '625_600_passing_MET': [0.0, 0.0], '625_600_failing_MET': [0.0, 0.0], '625_600_min_MET_pt': [10000000.0, 10000000.0], '625_595': [0.0, 0.0], '625_595_passing_MET': [0.0, 0.0], '625_595_failing_MET': [0.0, 0.0], '625_595_min_MET_pt': [10000000.0, 10000000.0], '650_640': [1019.0, 0.0], '650_640_passing_MET': [988.0, 0.0], '650_640_failing_MET': [31.0, 0.0], '650_640_min_MET_pt': [20.102210998535156, 10000000.0], '650_635': [0.0, 0.0], '650_635_passing_MET': [0.0, 0.0], '650_635_failing_MET': [0.0, 0.0], '650_635_min_MET_pt': [10000000.0, 10000000.0], '650_630': [1039.0, 0.0], '650_630_passing_MET': [1020.0, 0.0], '650_630_failing_MET': [19.0, 0.0], '650_630_min_MET_pt': [17.24751853942871, 10000000.0], '650_625': [0.0, 0.0], '650_625_passing_MET': [0.0, 0.0], '650_625_failing_MET': [0.0, 0.0], '650_625_min_MET_pt': [10000000.0, 10000000.0], '650_620': [0.0, 2083.0], '650_620_passing_MET': [0.0, 2020.0], '650_620_failing_MET': [0.0, 63.0], '650_620_min_MET_pt': [10000000.0, 30.164636611938477], '675_665': [0.0, 0.0], '675_665_passing_MET': [0.0, 0.0], '675_665_failing_MET': [0.0, 0.0], '675_665_min_MET_pt': [10000000.0, 10000000.0], '675_660': [0.0, 0.0], '675_660_passing_MET': [0.0, 0.0], '675_660_failing_MET': [0.0, 0.0], '675_660_min_MET_pt': [10000000.0, 10000000.0], '675_655': [0.0, 0.0], '675_655_passing_MET': [0.0, 0.0], '675_655_failing_MET': [0.0, 0.0], '675_655_min_MET_pt': [10000000.0, 10000000.0], '675_650': [0.0, 0.0], '675_650_passing_MET': [0.0, 0.0], '675_650_failing_MET': [0.0, 0.0], '675_650_min_MET_pt': [10000000.0, 10000000.0], '675_645': [0.0, 0.0], '675_645_passing_MET': [0.0, 0.0], '675_645_failing_MET': [0.0, 0.0], '675_645_min_MET_pt': [10000000.0, 10000000.0], '700_690': [0.0, 0.0], '700_690_passing_MET': [0.0, 0.0], '700_690_failing_MET': [0.0, 0.0], '700_690_min_MET_pt': [10000000.0, 10000000.0], '700_685': [0.0, 0.0], '700_685_passing_MET': [0.0, 0.0], '700_685_failing_MET': [0.0, 0.0], '700_685_min_MET_pt': [10000000.0, 10000000.0], '700_680': [0.0, 1108.0], '700_680_passing_MET': [0.0, 1075.0], '700_680_failing_MET': [0.0, 33.0], '700_680_min_MET_pt': [10000000.0, 9.47097110748291], '700_675': [0.0, 0.0], '700_675_passing_MET': [0.0, 0.0], '700_675_failing_MET': [0.0, 0.0], '700_675_min_MET_pt': [10000000.0, 10000000.0], '700_670': [0.0, 0.0], '700_670_passing_MET': [0.0, 0.0], '700_670_failing_MET': [0.0, 0.0], '700_670_min_MET_pt': [10000000.0, 10000000.0], '725_715': [0.0, 0.0], '725_715_passing_MET': [0.0, 0.0], '725_715_failing_MET': [0.0, 0.0], '725_715_min_MET_pt': [10000000.0, 10000000.0], '725_710': [0.0, 0.0], '725_710_passing_MET': [0.0, 0.0], '725_710_failing_MET': [0.0, 0.0], '725_710_min_MET_pt': [10000000.0, 10000000.0], '725_705': [0.0, 0.0], '725_705_passing_MET': [0.0, 0.0], '725_705_failing_MET': [0.0, 0.0], '725_705_min_MET_pt': [10000000.0, 10000000.0], '725_700': [0.0, 0.0], '725_700_passing_MET': [0.0, 0.0], '725_700_failing_MET': [0.0, 0.0], '725_700_min_MET_pt': [10000000.0, 10000000.0], '725_695': [0.0, 0.0], '725_695_passing_MET': [0.0, 0.0], '725_695_failing_MET': [0.0, 0.0], '725_695_min_MET_pt': [10000000.0, 10000000.0], '750_740': [0.0, 2185.0], '750_740_passing_MET': [0.0, 2123.0], '750_740_failing_MET': [0.0, 62.0], '750_740_min_MET_pt': [10000000.0, 4.902243137359619], '750_735': [0.0, 0.0], '750_735_passing_MET': [0.0, 0.0], '750_735_failing_MET': [0.0, 0.0], '750_735_min_MET_pt': [10000000.0, 10000000.0], '750_730': [0.0, 0.0], '750_730_passing_MET': [0.0, 0.0], '750_730_failing_MET': [0.0, 0.0], '750_730_min_MET_pt': [10000000.0, 10000000.0], '750_725': [927.0, 0.0], '750_725_passing_MET': [902.0, 0.0], '750_725_failing_MET': [25.0, 0.0], '750_725_min_MET_pt': [35.99513626098633, 10000000.0], '750_720': [1168.0, 0.0], '750_720_passing_MET': [1139.0, 0.0], '750_720_failing_MET': [29.0, 0.0], '750_720_min_MET_pt': [28.23221778869629, 10000000.0], '775_765': [0.0, 0.0], '775_765_passing_MET': [0.0, 0.0], '775_765_failing_MET': [0.0, 0.0], '775_765_min_MET_pt': [10000000.0, 10000000.0], '775_760': [0.0, 0.0], '775_760_passing_MET': [0.0, 0.0], '775_760_failing_MET': [0.0, 0.0], '775_760_min_MET_pt': [10000000.0, 10000000.0], '775_755': [0.0, 0.0], '775_755_passing_MET': [0.0, 0.0], '775_755_failing_MET': [0.0, 0.0], '775_755_min_MET_pt': [10000000.0, 10000000.0], '775_750': [0.0, 0.0], '775_750_passing_MET': [0.0, 0.0], '775_750_failing_MET': [0.0, 0.0], '775_750_min_MET_pt': [10000000.0, 10000000.0], '775_745': [0.0, 0.0], '775_745_passing_MET': [0.0, 0.0], '775_745_failing_MET': [0.0, 0.0], '775_745_min_MET_pt': [10000000.0, 10000000.0], '800_790': [0.0, 0.0], '800_790_passing_MET': [0.0, 0.0], '800_790_failing_MET': [0.0, 0.0], '800_790_min_MET_pt': [10000000.0, 10000000.0], '800_785': [0.0, 0.0], '800_785_passing_MET': [0.0, 0.0], '800_785_failing_MET': [0.0, 0.0], '800_785_min_MET_pt': [10000000.0, 10000000.0], '800_780': [0.0, 0.0], '800_780_passing_MET': [0.0, 0.0], '800_780_failing_MET': [0.0, 0.0], '800_780_min_MET_pt': [10000000.0, 10000000.0], '800_775': [0.0, 0.0], '800_775_passing_MET': [0.0, 0.0], '800_775_failing_MET': [0.0, 0.0], '800_775_min_MET_pt': [10000000.0, 10000000.0], '800_770': [0.0, 1187.0], '800_770_passing_MET': [0.0, 1155.0], '800_770_failing_MET': [0.0, 32.0], '800_770_min_MET_pt': [10000000.0, 29.28168487548828], '825_815': [0.0, 0.0], '825_815_passing_MET': [0.0, 0.0], '825_815_failing_MET': [0.0, 0.0], '825_815_min_MET_pt': [10000000.0, 10000000.0], '825_810': [0.0, 0.0], '825_810_passing_MET': [0.0, 0.0], '825_810_failing_MET': [0.0, 0.0], '825_810_min_MET_pt': [10000000.0, 10000000.0], '825_805': [0.0, 0.0], '825_805_passing_MET': [0.0, 0.0], '825_805_failing_MET': [0.0, 0.0], '825_805_min_MET_pt': [10000000.0, 10000000.0], '825_800': [0.0, 0.0], '825_800_passing_MET': [0.0, 0.0], '825_800_failing_MET': [0.0, 0.0], '825_800_min_MET_pt': [10000000.0, 10000000.0], '825_795': [0.0, 0.0], '825_795_passing_MET': [0.0, 0.0], '825_795_failing_MET': [0.0, 0.0], '825_795_min_MET_pt': [10000000.0, 10000000.0], '850_840': [1145.0, 0.0], '850_840_passing_MET': [1115.0, 0.0], '850_840_failing_MET': [30.0, 0.0], '850_840_min_MET_pt': [52.94237518310547, 10000000.0], '850_835': [1002.0, 0.0], '850_835_passing_MET': [959.0, 0.0], '850_835_failing_MET': [43.0, 0.0], '850_835_min_MET_pt': [28.368473052978516, 10000000.0], '850_830': [0.0, 0.0], '850_830_passing_MET': [0.0, 0.0], '850_830_failing_MET': [0.0, 0.0], '850_830_min_MET_pt': [10000000.0, 10000000.0], '850_825': [0.0, 0.0], '850_825_passing_MET': [0.0, 0.0], '850_825_failing_MET': [0.0, 0.0], '850_825_min_MET_pt': [10000000.0, 10000000.0], '850_820': [1192.0, 0.0], '850_820_passing_MET': [1163.0, 0.0], '850_820_failing_MET': [29.0, 0.0], '850_820_min_MET_pt': [41.173133850097656, 10000000.0], '875_865': [0.0, 0.0], '875_865_passing_MET': [0.0, 0.0], '875_865_failing_MET': [0.0, 0.0], '875_865_min_MET_pt': [10000000.0, 10000000.0], '875_860': [0.0, 0.0], '875_860_passing_MET': [0.0, 0.0], '875_860_failing_MET': [0.0, 0.0], '875_860_min_MET_pt': [10000000.0, 10000000.0], '875_855': [0.0, 0.0], '875_855_passing_MET': [0.0, 0.0], '875_855_failing_MET': [0.0, 0.0], '875_855_min_MET_pt': [10000000.0, 10000000.0], '875_850': [0.0, 0.0], '875_850_passing_MET': [0.0, 0.0], '875_850_failing_MET': [0.0, 0.0], '875_850_min_MET_pt': [10000000.0, 10000000.0], '875_845': [0.0, 0.0], '875_845_passing_MET': [0.0, 0.0], '875_845_failing_MET': [0.0, 0.0], '875_845_min_MET_pt': [10000000.0, 10000000.0], '900_890': [0.0, 2213.0], '900_890_passing_MET': [0.0, 2165.0], '900_890_failing_MET': [0.0, 48.0], '900_890_min_MET_pt': [10000000.0, 18.38385581970215], '900_885': [0.0, 0.0], '900_885_passing_MET': [0.0, 0.0], '900_885_failing_MET': [0.0, 0.0], '900_885_min_MET_pt': [10000000.0, 10000000.0], '900_880': [0.0, 0.0], '900_880_passing_MET': [0.0, 0.0], '900_880_failing_MET': [0.0, 0.0], '900_880_min_MET_pt': [10000000.0, 10000000.0], '900_875': [0.0, 0.0], '900_875_passing_MET': [0.0, 0.0], '900_875_failing_MET': [0.0, 0.0], '900_875_min_MET_pt': [10000000.0, 10000000.0], '900_870': [0.0, 0.0], '900_870_passing_MET': [0.0, 0.0], '900_870_failing_MET': [0.0, 0.0], '900_870_min_MET_pt': [10000000.0, 10000000.0], '925_915': [0.0, 0.0], '925_915_passing_MET': [0.0, 0.0], '925_915_failing_MET': [0.0, 0.0], '925_915_min_MET_pt': [10000000.0, 10000000.0], '925_910': [0.0, 0.0], '925_910_passing_MET': [0.0, 0.0], '925_910_failing_MET': [0.0, 0.0], '925_910_min_MET_pt': [10000000.0, 10000000.0], '925_905': [0.0, 0.0], '925_905_passing_MET': [0.0, 0.0], '925_905_failing_MET': [0.0, 0.0], '925_905_min_MET_pt': [10000000.0, 10000000.0], '925_900': [0.0, 0.0], '925_900_passing_MET': [0.0, 0.0], '925_900_failing_MET': [0.0, 0.0], '925_900_min_MET_pt': [10000000.0, 10000000.0], '925_895': [0.0, 0.0], '925_895_passing_MET': [0.0, 0.0], '925_895_failing_MET': [0.0, 0.0], '925_895_min_MET_pt': [10000000.0, 10000000.0], '950_940': [1151.0, 1134.0], '950_940_passing_MET': [0.0, 0.0], '950_940_failing_MET': [0.0, 0.0], '950_940_min_MET_pt': [10000000.0, 10000000.0], '950_935': [0.0, 0.0], '950_935_passing_MET': [0.0, 0.0], '950_935_failing_MET': [0.0, 0.0], '950_935_min_MET_pt': [10000000.0, 10000000.0], '950_930': [0.0, 0.0], '950_930_passing_MET': [0.0, 0.0], '950_930_failing_MET': [0.0, 0.0], '950_930_min_MET_pt': [10000000.0, 10000000.0], '950_925': [968.0, 0.0], '950_925_passing_MET': [947.0, 0.0], '950_925_failing_MET': [21.0, 0.0], '950_925_min_MET_pt': [11.335248947143555, 10000000.0], '950_920': [0.0, 0.0], '950_920_passing_MET': [0.0, 0.0], '950_920_failing_MET': [0.0, 0.0], '950_920_min_MET_pt': [10000000.0, 10000000.0], '975_965': [0.0, 0.0], '975_965_passing_MET': [0.0, 0.0], '975_965_failing_MET': [0.0, 0.0], '975_965_min_MET_pt': [10000000.0, 10000000.0], '975_960': [0.0, 0.0], '975_960_passing_MET': [0.0, 0.0], '975_960_failing_MET': [0.0, 0.0], '975_960_min_MET_pt': [10000000.0, 10000000.0], '975_955': [0.0, 0.0], '975_955_passing_MET': [0.0, 0.0], '975_955_failing_MET': [0.0, 0.0], '975_955_min_MET_pt': [10000000.0, 10000000.0], '975_950': [0.0, 0.0], '975_950_passing_MET': [0.0, 0.0], '975_950_failing_MET': [0.0, 0.0], '975_950_min_MET_pt': [10000000.0, 10000000.0], '975_945': [0.0, 0.0], '975_945_passing_MET': [0.0, 0.0], '975_945_failing_MET': [0.0, 0.0], '975_945_min_MET_pt': [10000000.0, 10000000.0], '1000_990': [0.0, 0.0], '1000_990_passing_MET': [0.0, 0.0], '1000_990_failing_MET': [0.0, 0.0], '1000_990_min_MET_pt': [10000000.0, 10000000.0], '1000_985': [0.0, 0.0], '1000_985_passing_MET': [0.0, 0.0], '1000_985_failing_MET': [0.0, 0.0], '1000_985_min_MET_pt': [10000000.0, 10000000.0], '1000_980': [0.0, 0.0], '1000_980_passing_MET': [0.0, 0.0], '1000_980_failing_MET': [0.0, 0.0], '1000_980_min_MET_pt': [10000000.0, 10000000.0], '1000_975': [0.0, 0.0], '1000_975_passing_MET': [0.0, 0.0], '1000_975_failing_MET': [0.0, 0.0], '1000_975_min_MET_pt': [10000000.0, 10000000.0], '1000_970': [0.0, 0.0], '1000_970_passing_MET': [0.0, 0.0], '1000_970_failing_MET': [0.0, 0.0], '1000_970_min_MET_pt': [10000000.0, 10000000.0], '1025_1015': [0.0, 0.0], '1025_1015_passing_MET': [0.0, 0.0], '1025_1015_failing_MET': [0.0, 0.0], '1025_1015_min_MET_pt': [10000000.0, 10000000.0], '1025_1010': [0.0, 0.0], '1025_1010_passing_MET': [0.0, 0.0], '1025_1010_failing_MET': [0.0, 0.0], '1025_1010_min_MET_pt': [10000000.0, 10000000.0], '1025_1005': [0.0, 0.0], '1025_1005_passing_MET': [0.0, 0.0], '1025_1005_failing_MET': [0.0, 0.0], '1025_1005_min_MET_pt': [10000000.0, 10000000.0], '1025_1000': [0.0, 0.0], '1025_1000_passing_MET': [0.0, 0.0], '1025_1000_failing_MET': [0.0, 0.0], '1025_1000_min_MET_pt': [10000000.0, 10000000.0], '1025_995': [0.0, 0.0], '1025_995_passing_MET': [0.0, 0.0], '1025_995_failing_MET': [0.0, 0.0], '1025_995_min_MET_pt': [10000000.0, 10000000.0], '1050_1040': [0.0, 0.0], '1050_1040_passing_MET': [0.0, 0.0], '1050_1040_failing_MET': [0.0, 0.0], '1050_1040_min_MET_pt': [10000000.0, 10000000.0], '1050_1035': [0.0, 0.0], '1050_1035_passing_MET': [0.0, 0.0], '1050_1035_failing_MET': [0.0, 0.0], '1050_1035_min_MET_pt': [10000000.0, 10000000.0], '1050_1030': [0.0, 0.0], '1050_1030_passing_MET': [0.0, 0.0], '1050_1030_failing_MET': [0.0, 0.0], '1050_1030_min_MET_pt': [10000000.0, 10000000.0], '1050_1025': [0.0, 0.0], '1050_1025_passing_MET': [0.0, 0.0], '1050_1025_failing_MET': [0.0, 0.0], '1050_1025_min_MET_pt': [10000000.0, 10000000.0], '1050_1020': [0.0, 0.0], '1050_1020_passing_MET': [0.0, 0.0], '1050_1020_failing_MET': [0.0, 0.0], '1050_1020_min_MET_pt': [10000000.0, 10000000.0], '1075_1065': [0.0, 0.0], '1075_1065_passing_MET': [0.0, 0.0], '1075_1065_failing_MET': [0.0, 0.0], '1075_1065_min_MET_pt': [10000000.0, 10000000.0], '1075_1060': [0.0, 0.0], '1075_1060_passing_MET': [0.0, 0.0], '1075_1060_failing_MET': [0.0, 0.0], '1075_1060_min_MET_pt': [10000000.0, 10000000.0], '1075_1055': [0.0, 0.0], '1075_1055_passing_MET': [0.0, 0.0], '1075_1055_failing_MET': [0.0, 0.0], '1075_1055_min_MET_pt': [10000000.0, 10000000.0], '1075_1050': [0.0, 0.0], '1075_1050_passing_MET': [0.0, 0.0], '1075_1050_failing_MET': [0.0, 0.0], '1075_1050_min_MET_pt': [10000000.0, 10000000.0], '1075_1045': [0.0, 0.0], '1075_1045_passing_MET': [0.0, 0.0], '1075_1045_failing_MET': [0.0, 0.0], '1075_1045_min_MET_pt': [10000000.0, 10000000.0], '1100_1090': [0.0, 1096.0], '1100_1090_passing_MET': [0.0, 1075.0], '1100_1090_failing_MET': [0.0, 21.0], '1100_1090_min_MET_pt': [10000000.0, 64.7276382446289], '1100_1085': [0.0, 0.0], '1100_1085_passing_MET': [0.0, 0.0], '1100_1085_failing_MET': [0.0, 0.0], '1100_1085_min_MET_pt': [10000000.0, 10000000.0], '1100_1080': [0.0, 2351.0], '1100_1080_passing_MET': [0.0, 2293.0], '1100_1080_failing_MET': [0.0, 58.0], '1100_1080_min_MET_pt': [10000000.0, 28.00565528869629], '1100_1075': [0.0, 1044.0], '1100_1075_passing_MET': [0.0, 1019.0], '1100_1075_failing_MET': [0.0, 25.0], '1100_1075_min_MET_pt': [10000000.0, 41.617061614990234], '1100_1070': [0.0, 0.0], '1100_1070_passing_MET': [0.0, 0.0], '1100_1070_failing_MET': [0.0, 0.0], '1100_1070_min_MET_pt': [10000000.0, 10000000.0], 'nEventsTotal': 113522.0, 'strange masspoints': 0.0, 'orphans': 0.0, 'R-hadron event': 0.0, 'different stop antistop masses': 0.0, 'strange error': 0.0, 'strange event': 0.0, 'different neutralino masses': 8521.0, 'large differences': 0.0, '576_565': [0.0, 934.0], '576_565_passing_MET': [0.0, 909.0], '576_565_failing_MET': [0.0, 25.0], '576_565_min_MET_pt': [10000000.0, 37.10793685913086], '576_566': [0.0, 91.0], '576_566_passing_MET': [0.0, 88.0], '576_566_failing_MET': [0.0, 3.0], '576_566_min_MET_pt': [10000000.0, 76.0694351196289], '826_815': [1010.0, 0.0], '826_815_passing_MET': [984.0, 0.0], '826_815_failing_MET': [26.0, 0.0], '826_815_min_MET_pt': [54.948944091796875, 10000000.0], '826_816': [96.0, 0.0], '826_816_passing_MET': [94.0, 0.0], '826_816_failing_MET': [2.0, 0.0], '826_816_min_MET_pt': [74.2645034790039, 10000000.0], '826_810': [2145.0, 0.0], '826_810_passing_MET': [2079.0, 0.0], '826_810_failing_MET': [66.0, 0.0], '826_810_min_MET_pt': [21.776050567626953, 10000000.0], '550_536': [114.0, 134.0], '550_536_passing_MET': [110.0, 130.0], '550_536_failing_MET': [4.0, 4.0], '550_536_min_MET_pt': [47.029502868652344, 44.83184814453125], '776_760': [1113.0, 0.0], '776_760_passing_MET': [1087.0, 0.0], '776_760_failing_MET': [26.0, 0.0], '776_760_min_MET_pt': [36.72262954711914, 10000000.0], '976_950': [1125.0, 1164.0], '976_950_passing_MET': [1098.0, 1129.0], '976_950_failing_MET': [27.0, 35.0], '976_950_min_MET_pt': [47.926307678222656, 46.973899841308594], '876_865': [1042.0, 1037.0], '876_865_passing_MET': [1017.0, 1015.0], '876_865_failing_MET': [25.0, 22.0], '876_865_min_MET_pt': [2.1448724269866943, 63.589542388916016], '876_866': [110.0, 116.0], '876_866_passing_MET': [108.0, 114.0], '876_866_failing_MET': [2.0, 2.0], '876_866_min_MET_pt': [12.252620697021484, 81.81226348876953], '1024_995': [0.0, 1001.0], '1024_995_passing_MET': [0.0, 965.0], '1024_995_failing_MET': [0.0, 36.0], '1024_995_min_MET_pt': [10000000.0, 23.04245376586914], '1024_996': [0.0, 214.0], '1024_996_passing_MET': [0.0, 208.0], '1024_996_failing_MET': [0.0, 6.0], '1024_996_min_MET_pt': [10000000.0, 30.202207565307617], '576_545': [837.0, 884.0], '576_545_passing_MET': [807.0, 853.0], '576_545_failing_MET': [30.0, 31.0], '576_545_min_MET_pt': [40.834327697753906, 60.91743087768555], '576_546': [192.0, 164.0], '576_546_passing_MET': [187.0, 158.0], '576_546_failing_MET': [5.0, 6.0], '576_546_min_MET_pt': [26.65692710876465, 47.47114562988281], '826_805': [958.0, 2823.0], '826_805_passing_MET': [934.0, 2753.0], '826_805_failing_MET': [24.0, 70.0], '826_805_min_MET_pt': [28.892799377441406, 31.50863265991211], '826_806': [166.0, 475.0], '826_806_passing_MET': [160.0, 466.0], '826_806_failing_MET': [6.0, 9.0], '826_806_min_MET_pt': [50.152042388916016, 57.88859939575195], '1076_1045': [0.0, 1010.0], '1076_1045_passing_MET': [0.0, 979.0], '1076_1045_failing_MET': [0.0, 31.0], '1076_1045_min_MET_pt': [10000000.0, 30.530426025390625], '1076_1044': [0.0, 197.0], '1076_1044_passing_MET': [0.0, 190.0], '1076_1044_failing_MET': [0.0, 7.0], '1076_1044_min_MET_pt': [10000000.0, 75.71097564697266], '776_745': [944.0, 903.0], '776_745_passing_MET': [915.0, 871.0], '776_745_failing_MET': [29.0, 32.0], '776_745_min_MET_pt': [55.98641586303711, 27.252105712890625], '776_746': [176.0, 220.0], '776_746_passing_MET': [171.0, 212.0], '776_746_failing_MET': [5.0, 8.0], '776_746_min_MET_pt': [61.90109634399414, 39.3784065246582], '876_850': [1132.0, 1125.0], '876_850_passing_MET': [1103.0, 1097.0], '876_850_failing_MET': [29.0, 28.0], '876_850_min_MET_pt': [41.36583709716797, 33.860530853271484], '726_716': [116.0, 101.0], '726_716_passing_MET': [113.0, 100.0], '726_716_failing_MET': [3.0, 1.0], '726_716_min_MET_pt': [50.15970993041992, 94.61933898925781], '726_715': [950.0, 952.0], '726_715_passing_MET': [927.0, 928.0], '726_715_failing_MET': [23.0, 24.0], '726_715_min_MET_pt': [28.805419921875, 33.31986618041992], '776_765': [0.0, 951.0], '776_765_passing_MET': [0.0, 930.0], '776_765_failing_MET': [0.0, 21.0], '776_765_min_MET_pt': [10000000.0, 7.704050064086914], '776_766': [0.0, 75.0], '776_766_passing_MET': [0.0, 71.0], '776_766_failing_MET': [0.0, 4.0], '776_766_min_MET_pt': [10000000.0, 81.04853057861328], '576_560': [977.0, 0.0], '576_560_passing_MET': [958.0, 0.0], '576_560_failing_MET': [19.0, 0.0], '576_560_min_MET_pt': [58.103336334228516, 10000000.0], '976_965': [0.0, 1060.0], '976_965_passing_MET': [0.0, 1038.0], '976_965_failing_MET': [0.0, 22.0], '976_965_min_MET_pt': [10000000.0, 38.53940200805664], '976_966': [0.0, 103.0], '976_966_passing_MET': [0.0, 99.0], '976_966_failing_MET': [0.0, 4.0], '976_966_min_MET_pt': [10000000.0, 43.397403717041016], '726_705': [921.0, 0.0], '726_705_passing_MET': [896.0, 0.0], '726_705_failing_MET': [25.0, 0.0], '726_705_min_MET_pt': [2.9958012104034424, 10000000.0], '726_706': [146.0, 0.0], '726_706_passing_MET': [143.0, 0.0], '726_706_failing_MET': [3.0, 0.0], '726_706_min_MET_pt': [38.853641510009766, 10000000.0], '926_915': [1018.0, 1000.0], '926_915_passing_MET': [992.0, 978.0], '926_915_failing_MET': [26.0, 22.0], '926_915_min_MET_pt': [42.484954833984375, 22.155223846435547], '926_916': [110.0, 89.0], '926_916_passing_MET': [106.0, 89.0], '926_916_failing_MET': [4.0, 0.0], '926_916_min_MET_pt': [73.64854431152344, 108.41749572753906], '1052_1030': [1030.0, 0.0], '1052_1030_passing_MET': [998.0, 0.0], '1052_1030_failing_MET': [32.0, 0.0], '1052_1030_min_MET_pt': [68.96802520751953, 10000000.0], '1052_1032': [149.0, 0.0], '1052_1032_passing_MET': [146.0, 0.0], '1052_1032_failing_MET': [3.0, 0.0], '1052_1032_min_MET_pt': [46.968448638916016, 10000000.0], '1052_1040': [0.0, 1127.0], '1052_1040_passing_MET': [0.0, 1097.0], '1052_1040_failing_MET': [0.0, 30.0], '1052_1040_min_MET_pt': [10000000.0, 46.750022888183594], '850_836': [131.0, 0.0], '850_836_passing_MET': [127.0, 0.0], '850_836_failing_MET': [4.0, 0.0], '850_836_min_MET_pt': [61.8531608581543, 10000000.0], '600_576': [166.0, 0.0], '600_576_passing_MET': [153.0, 0.0], '600_576_failing_MET': [13.0, 0.0], '600_576_min_MET_pt': [35.49113464355469, 10000000.0], '526_515': [0.0, 856.0], '526_515_passing_MET': [0.0, 837.0], '526_515_failing_MET': [0.0, 19.0], '526_515_min_MET_pt': [10000000.0, 16.656408309936523], '526_516': [0.0, 87.0], '526_516_passing_MET': [0.0, 87.0], '526_516_failing_MET': [0.0, 0.0], '526_516_min_MET_pt': [10000000.0, 109.28221130371094], '976_960': [1065.0, 0.0], '976_960_passing_MET': [1034.0, 0.0], '976_960_failing_MET': [31.0, 0.0], '976_960_min_MET_pt': [48.48808288574219, 10000000.0], '1100_1076': [0.0, 170.0], '1100_1076_passing_MET': [0.0, 163.0], '1100_1076_failing_MET': [0.0, 7.0], '1100_1076_min_MET_pt': [10000000.0, 31.68617057800293], '1024_1015': [988.0, 1006.0], '1024_1015_passing_MET': [963.0, 981.0], '1024_1015_failing_MET': [25.0, 25.0], '1024_1015_min_MET_pt': [42.5141716003418, 38.95081329345703], '1024_1016': [91.0, 99.0], '1024_1016_passing_MET': [91.0, 96.0], '1024_1016_failing_MET': [0.0, 3.0], '1024_1016_min_MET_pt': [114.93724822998047, 80.2582778930664], '1024_1006': [161.0, 0.0], '1024_1006_passing_MET': [157.0, 0.0], '1024_1006_failing_MET': [4.0, 0.0], '1024_1006_min_MET_pt': [56.71293640136719, 10000000.0], '1024_1005': [989.0, 0.0], '1024_1005_passing_MET': [967.0, 0.0], '1024_1005_failing_MET': [22.0, 0.0], '1024_1005_min_MET_pt': [70.10601806640625, 10000000.0], '950_926': [171.0, 0.0], '950_926_passing_MET': [168.0, 0.0], '950_926_failing_MET': [3.0, 0.0], '950_926_min_MET_pt': [24.240379333496094, 10000000.0], '926_900': [1165.0, 0.0], '926_900_passing_MET': [1137.0, 0.0], '926_900_failing_MET': [28.0, 0.0], '926_900_min_MET_pt': [23.525239944458008, 10000000.0], '626_595': [0.0, 931.0], '626_595_passing_MET': [0.0, 898.0], '626_595_failing_MET': [0.0, 33.0], '626_595_min_MET_pt': [10000000.0, 37.70329284667969], '626_596': [0.0, 183.0], '626_596_passing_MET': [0.0, 181.0], '626_596_failing_MET': [0.0, 2.0], '626_596_min_MET_pt': [10000000.0, 52.1240234375], '1100_1092': [0.0, 109.0], '1100_1092_passing_MET': [0.0, 105.0], '1100_1092_failing_MET': [0.0, 4.0], '1100_1092_min_MET_pt': [10000000.0, 28.029481887817383], '750_726': [186.0, 0.0], '750_726_passing_MET': [182.0, 0.0], '750_726_failing_MET': [4.0, 0.0], '750_726_min_MET_pt': [72.37333679199219, 10000000.0]}
nevents_from_dict =  3480204166.7471933
Results saved to /afs/cern.ch/work/m/mleoncoe/private/stop_met_check/outputs_2018/nanoAOD_303.json
done
