i am in this directory
/pool/condor/dir_1526040
Python 3.9.23
3.9.23
 will run this python stop_check_met_eff.py /eos/user/m/mleoncoe/stop_event_check/privateNanoAod2018/nanoAOD_561.root /afs/cern.ch/work/m/mleoncoe/private/stop_met_check/outputs_2018/nanoAOD_561.json
event num1000
event num2000
event num3000
event num4000
event num5000
event num6000
event num7000
event num8000
event num9000
event num10000
event num11000
event num12000
event num13000
event num14000
event num15000
event num16000
event num17000
event num18000
event num19000
event num20000
event num21000
event num22000
event num23000
event num24000
event num25000
event num26000
event num27000
event num28000
event num29000
event num30000
event num31000
event num32000
event num33000
event num34000
event num35000
event num36000
event num37000
event num38000
event num39000
event num40000
event num41000
event num42000
event num43000
event num44000
event num45000
event num46000
event num47000
event num48000
event num49000
event num50000
event num51000
event num52000
event num53000
event num54000
event num55000
event num56000
event num57000
event num58000
event num59000
event num60000
event num61000
event num62000
event num63000
event num64000
event num65000
event num66000
event num67000
event num68000
event num69000
event num70000
event num71000
event num72000
event num73000
event num74000
event num75000
event num76000
event num77000
event num78000
event num79000
event num80000
event num81000
event num82000
event num83000
event num84000
event num85000
event num86000
event num87000
event num88000
event num89000
event num90000
event num91000
event num92000
event num93000
event num94000
event num95000
event num96000
event num97000
event num98000
event num99000
event num100000
event num101000
event num102000
event num103000
event num104000
event num105000
event num106000
event num107000
event num108000
event num109000
event num110000
event num111000
event num112000
event num113000
event num114000
event num115000
event num116000
event num117000
event num118000
event num119000
event num120000
event num121000
event num122000
event num123000
event num124000
event num125000
event num126000
event num127000
event num128000
event num129000
event num130000
event num131000
event num132000
event num133000
event num134000
event num135000
event num136000
event num137000
event num138000
event num139000
event num140000
event num141000
event num142000
event num143000
event num144000
event num145000
event num146000
event num147000
event num148000
event num149000
event num150000
event num151000
event num152000
event num153000
event num154000
event num155000
event num156000
event num157000
event num158000
event num159000
event num160000
event num161000
event num162000
event num163000
event num164000
event num165000
event num166000
event num167000
event num168000
event num169000
event num170000
event num171000
event num172000
event num173000
event num174000
event num175000
event num176000
event num177000
event num178000
event num179000
event num180000
{'250_240': [1356.0, 688.0], '250_240_passing_MET': [0.0, 0.0], '250_240_failing_MET': [0.0, 0.0], '250_240_min_MET_pt': [10000000.0, 10000000.0], '250_235': [729.0, 0.0], '250_235_passing_MET': [699.0, 0.0], '250_235_failing_MET': [30.0, 0.0], '250_235_min_MET_pt': [24.471010208129883, 10000000.0], '250_230': [0.0, 1495.0], '250_230_passing_MET': [0.0, 1425.0], '250_230_failing_MET': [0.0, 70.0], '250_230_min_MET_pt': [10000000.0, 8.391984939575195], '250_225': [0.0, 763.0], '250_225_passing_MET': [0.0, 731.0], '250_225_failing_MET': [0.0, 32.0], '250_225_min_MET_pt': [10000000.0, 44.22940444946289], '250_220': [0.0, 0.0], '250_220_passing_MET': [0.0, 0.0], '250_220_failing_MET': [0.0, 0.0], '250_220_min_MET_pt': [10000000.0, 10000000.0], '275_265': [0.0, 1452.0], '275_265_passing_MET': [0.0, 1389.0], '275_265_failing_MET': [0.0, 63.0], '275_265_min_MET_pt': [10000000.0, 15.003838539123535], '275_260': [0.0, 0.0], '275_260_passing_MET': [0.0, 0.0], '275_260_failing_MET': [0.0, 0.0], '275_260_min_MET_pt': [10000000.0, 10000000.0], '275_255': [722.0, 0.0], '275_255_passing_MET': [695.0, 0.0], '275_255_failing_MET': [27.0, 0.0], '275_255_min_MET_pt': [56.991432189941406, 10000000.0], '275_250': [773.0, 791.0], '275_250_passing_MET': [0.0, 0.0], '275_250_failing_MET': [0.0, 0.0], '275_250_min_MET_pt': [10000000.0, 10000000.0], '275_245': [0.0, 835.0], '275_245_passing_MET': [0.0, 788.0], '275_245_failing_MET': [0.0, 47.0], '275_245_min_MET_pt': [10000000.0, 38.166587829589844], '300_290': [1577.0, 1571.0], '300_290_passing_MET': [0.0, 0.0], '300_290_failing_MET': [0.0, 0.0], '300_290_min_MET_pt': [10000000.0, 10000000.0], '300_285': [0.0, 1596.0], '300_285_passing_MET': [0.0, 1528.0], '300_285_failing_MET': [0.0, 68.0], '300_285_min_MET_pt': [10000000.0, 37.260982513427734], '300_280': [0.0, 0.0], '300_280_passing_MET': [0.0, 0.0], '300_280_failing_MET': [0.0, 0.0], '300_280_min_MET_pt': [10000000.0, 10000000.0], '300_275': [1629.0, 813.0], '300_275_passing_MET': [0.0, 0.0], '300_275_failing_MET': [0.0, 0.0], '300_275_min_MET_pt': [10000000.0, 10000000.0], '300_270': [798.0, 0.0], '300_270_passing_MET': [756.0, 0.0], '300_270_failing_MET': [42.0, 0.0], '300_270_min_MET_pt': [21.120357513427734, 10000000.0], '325_315': [2442.0, 1487.0], '325_315_passing_MET': [0.0, 0.0], '325_315_failing_MET': [0.0, 0.0], '325_315_min_MET_pt': [10000000.0, 10000000.0], '325_310': [823.0, 0.0], '325_310_passing_MET': [795.0, 0.0], '325_310_failing_MET': [28.0, 0.0], '325_310_min_MET_pt': [31.143129348754883, 10000000.0], '325_305': [0.0, 813.0], '325_305_passing_MET': [0.0, 767.0], '325_305_failing_MET': [0.0, 46.0], '325_305_min_MET_pt': [10000000.0, 25.04356575012207], '325_300': [0.0, 0.0], '325_300_passing_MET': [0.0, 0.0], '325_300_failing_MET': [0.0, 0.0], '325_300_min_MET_pt': [10000000.0, 10000000.0], '325_295': [798.0, 0.0], '325_295_passing_MET': [769.0, 0.0], '325_295_failing_MET': [29.0, 0.0], '325_295_min_MET_pt': [46.245872497558594, 10000000.0], '350_340': [1643.0, 849.0], '350_340_passing_MET': [0.0, 0.0], '350_340_failing_MET': [0.0, 0.0], '350_340_min_MET_pt': [10000000.0, 10000000.0], '350_335': [911.0, 0.0], '350_335_passing_MET': [883.0, 0.0], '350_335_failing_MET': [28.0, 0.0], '350_335_min_MET_pt': [43.55063247680664, 10000000.0], '350_330': [849.0, 0.0], '350_330_passing_MET': [819.0, 0.0], '350_330_failing_MET': [30.0, 0.0], '350_330_min_MET_pt': [25.19590950012207, 10000000.0], '350_325': [0.0, 0.0], '350_325_passing_MET': [0.0, 0.0], '350_325_failing_MET': [0.0, 0.0], '350_325_min_MET_pt': [10000000.0, 10000000.0], '350_320': [0.0, 1746.0], '350_320_passing_MET': [0.0, 1664.0], '350_320_failing_MET': [0.0, 82.0], '350_320_min_MET_pt': [10000000.0, 10.733673095703125], '375_365': [2583.0, 3403.0], '375_365_passing_MET': [0.0, 0.0], '375_365_failing_MET': [0.0, 0.0], '375_365_min_MET_pt': [10000000.0, 10000000.0], '375_360': [0.0, 868.0], '375_360_passing_MET': [0.0, 850.0], '375_360_failing_MET': [0.0, 18.0], '375_360_min_MET_pt': [10000000.0, 44.4909782409668], '375_355': [0.0, 0.0], '375_355_passing_MET': [0.0, 0.0], '375_355_failing_MET': [0.0, 0.0], '375_355_min_MET_pt': [10000000.0, 10000000.0], '375_350': [0.0, 0.0], '375_350_passing_MET': [0.0, 0.0], '375_350_failing_MET': [0.0, 0.0], '375_350_min_MET_pt': [10000000.0, 10000000.0], '375_345': [0.0, 0.0], '375_345_passing_MET': [0.0, 0.0], '375_345_failing_MET': [0.0, 0.0], '375_345_min_MET_pt': [10000000.0, 10000000.0], '400_390': [873.0, 855.0], '400_390_passing_MET': [0.0, 0.0], '400_390_failing_MET': [0.0, 0.0], '400_390_min_MET_pt': [10000000.0, 10000000.0], '400_385': [897.0, 0.0], '400_385_passing_MET': [860.0, 0.0], '400_385_failing_MET': [37.0, 0.0], '400_385_min_MET_pt': [4.122747898101807, 10000000.0], '400_380': [0.0, 0.0], '400_380_passing_MET': [0.0, 0.0], '400_380_failing_MET': [0.0, 0.0], '400_380_min_MET_pt': [10000000.0, 10000000.0], '400_375': [872.0, 0.0], '400_375_passing_MET': [838.0, 0.0], '400_375_failing_MET': [34.0, 0.0], '400_375_min_MET_pt': [37.28632736206055, 10000000.0], '400_370': [0.0, 944.0], '400_370_passing_MET': [0.0, 903.0], '400_370_failing_MET': [0.0, 41.0], '400_370_min_MET_pt': [10000000.0, 22.87702751159668], '425_415': [887.0, 882.0], '425_415_passing_MET': [0.0, 0.0], '425_415_failing_MET': [0.0, 0.0], '425_415_min_MET_pt': [10000000.0, 10000000.0], '425_410': [924.0, 0.0], '425_410_passing_MET': [901.0, 0.0], '425_410_failing_MET': [23.0, 0.0], '425_410_min_MET_pt': [51.9843635559082, 10000000.0], '425_405': [961.0, 0.0], '425_405_passing_MET': [921.0, 0.0], '425_405_failing_MET': [40.0, 0.0], '425_405_min_MET_pt': [19.975854873657227, 10000000.0], '425_400': [0.0, 0.0], '425_400_passing_MET': [0.0, 0.0], '425_400_failing_MET': [0.0, 0.0], '425_400_min_MET_pt': [10000000.0, 10000000.0], '425_395': [0.0, 1989.0], '425_395_passing_MET': [0.0, 1898.0], '425_395_failing_MET': [0.0, 91.0], '425_395_min_MET_pt': [10000000.0, 31.874408721923828], '450_440': [900.0, 1887.0], '450_440_passing_MET': [0.0, 0.0], '450_440_failing_MET': [0.0, 0.0], '450_440_min_MET_pt': [10000000.0, 10000000.0], '450_435': [0.0, 935.0], '450_435_passing_MET': [0.0, 913.0], '450_435_failing_MET': [0.0, 22.0], '450_435_min_MET_pt': [10000000.0, 15.919437408447266], '450_430': [0.0, 0.0], '450_430_passing_MET': [0.0, 0.0], '450_430_failing_MET': [0.0, 0.0], '450_430_min_MET_pt': [10000000.0, 10000000.0], '450_425': [0.0, 0.0], '450_425_passing_MET': [0.0, 0.0], '450_425_failing_MET': [0.0, 0.0], '450_425_min_MET_pt': [10000000.0, 10000000.0], '450_420': [0.0, 0.0], '450_420_passing_MET': [0.0, 0.0], '450_420_failing_MET': [0.0, 0.0], '450_420_min_MET_pt': [10000000.0, 10000000.0], '475_465': [0.0, 946.0], '475_465_passing_MET': [0.0, 912.0], '475_465_failing_MET': [0.0, 34.0], '475_465_min_MET_pt': [10000000.0, 20.21337890625], '475_460': [0.0, 0.0], '475_460_passing_MET': [0.0, 0.0], '475_460_failing_MET': [0.0, 0.0], '475_460_min_MET_pt': [10000000.0, 10000000.0], '475_455': [948.0, 0.0], '475_455_passing_MET': [918.0, 0.0], '475_455_failing_MET': [30.0, 0.0], '475_455_min_MET_pt': [15.047684669494629, 10000000.0], '475_450': [0.0, 0.0], '475_450_passing_MET': [0.0, 0.0], '475_450_failing_MET': [0.0, 0.0], '475_450_min_MET_pt': [10000000.0, 10000000.0], '475_445': [0.0, 0.0], '475_445_passing_MET': [0.0, 0.0], '475_445_failing_MET': [0.0, 0.0], '475_445_min_MET_pt': [10000000.0, 10000000.0], '500_490': [0.0, 1878.0], '500_490_passing_MET': [0.0, 1837.0], '500_490_failing_MET': [0.0, 41.0], '500_490_min_MET_pt': [10000000.0, 17.789478302001953], '500_485': [0.0, 983.0], '500_485_passing_MET': [0.0, 956.0], '500_485_failing_MET': [0.0, 27.0], '500_485_min_MET_pt': [10000000.0, 26.397756576538086], '500_480': [1998.0, 0.0], '500_480_passing_MET': [1933.0, 0.0], '500_480_failing_MET': [65.0, 0.0], '500_480_min_MET_pt': [13.589409828186035, 10000000.0], '500_475': [0.0, 0.0], '500_475_passing_MET': [0.0, 0.0], '500_475_failing_MET': [0.0, 0.0], '500_475_min_MET_pt': [10000000.0, 10000000.0], '500_470': [958.0, 0.0], '500_470_passing_MET': [911.0, 0.0], '500_470_failing_MET': [47.0, 0.0], '500_470_min_MET_pt': [34.587162017822266, 10000000.0], '525_515': [0.0, 0.0], '525_515_passing_MET': [0.0, 0.0], '525_515_failing_MET': [0.0, 0.0], '525_515_min_MET_pt': [10000000.0, 10000000.0], '525_510': [0.0, 0.0], '525_510_passing_MET': [0.0, 0.0], '525_510_failing_MET': [0.0, 0.0], '525_510_min_MET_pt': [10000000.0, 10000000.0], '525_505': [0.0, 0.0], '525_505_passing_MET': [0.0, 0.0], '525_505_failing_MET': [0.0, 0.0], '525_505_min_MET_pt': [10000000.0, 10000000.0], '525_500': [0.0, 0.0], '525_500_passing_MET': [0.0, 0.0], '525_500_failing_MET': [0.0, 0.0], '525_500_min_MET_pt': [10000000.0, 10000000.0], '525_495': [0.0, 0.0], '525_495_passing_MET': [0.0, 0.0], '525_495_failing_MET': [0.0, 0.0], '525_495_min_MET_pt': [10000000.0, 10000000.0], '550_540': [955.0, 984.0], '550_540_passing_MET': [0.0, 0.0], '550_540_failing_MET': [0.0, 0.0], '550_540_min_MET_pt': [10000000.0, 10000000.0], '550_535': [0.0, 869.0], '550_535_passing_MET': [0.0, 843.0], '550_535_failing_MET': [0.0, 26.0], '550_535_min_MET_pt': [10000000.0, 49.12690734863281], '550_530': [0.0, 1025.0], '550_530_passing_MET': [0.0, 999.0], '550_530_failing_MET': [0.0, 26.0], '550_530_min_MET_pt': [10000000.0, 26.708049774169922], '550_525': [0.0, 930.0], '550_525_passing_MET': [0.0, 909.0], '550_525_failing_MET': [0.0, 21.0], '550_525_min_MET_pt': [10000000.0, 37.005950927734375], '550_520': [0.0, 0.0], '550_520_passing_MET': [0.0, 0.0], '550_520_failing_MET': [0.0, 0.0], '550_520_min_MET_pt': [10000000.0, 10000000.0], '575_565': [0.0, 0.0], '575_565_passing_MET': [0.0, 0.0], '575_565_failing_MET': [0.0, 0.0], '575_565_min_MET_pt': [10000000.0, 10000000.0], '575_560': [0.0, 0.0], '575_560_passing_MET': [0.0, 0.0], '575_560_failing_MET': [0.0, 0.0], '575_560_min_MET_pt': [10000000.0, 10000000.0], '575_555': [0.0, 0.0], '575_555_passing_MET': [0.0, 0.0], '575_555_failing_MET': [0.0, 0.0], '575_555_min_MET_pt': [10000000.0, 10000000.0], '575_550': [0.0, 0.0], '575_550_passing_MET': [0.0, 0.0], '575_550_failing_MET': [0.0, 0.0], '575_550_min_MET_pt': [10000000.0, 10000000.0], '575_545': [0.0, 0.0], '575_545_passing_MET': [0.0, 0.0], '575_545_failing_MET': [0.0, 0.0], '575_545_min_MET_pt': [10000000.0, 10000000.0], '600_590': [1992.0, 1046.0], '600_590_passing_MET': [0.0, 0.0], '600_590_failing_MET': [0.0, 0.0], '600_590_min_MET_pt': [10000000.0, 10000000.0], '600_585': [868.0, 912.0], '600_585_passing_MET': [0.0, 0.0], '600_585_failing_MET': [0.0, 0.0], '600_585_min_MET_pt': [10000000.0, 10000000.0], '600_580': [0.0, 0.0], '600_580_passing_MET': [0.0, 0.0], '600_580_failing_MET': [0.0, 0.0], '600_580_min_MET_pt': [10000000.0, 10000000.0], '600_575': [902.0, 2786.0], '600_575_passing_MET': [0.0, 0.0], '600_575_failing_MET': [0.0, 0.0], '600_575_min_MET_pt': [10000000.0, 10000000.0], '600_570': [1048.0, 0.0], '600_570_passing_MET': [1021.0, 0.0], '600_570_failing_MET': [27.0, 0.0], '600_570_min_MET_pt': [21.585458755493164, 10000000.0], '625_615': [0.0, 0.0], '625_615_passing_MET': [0.0, 0.0], '625_615_failing_MET': [0.0, 0.0], '625_615_min_MET_pt': [10000000.0, 10000000.0], '625_610': [0.0, 0.0], '625_610_passing_MET': [0.0, 0.0], '625_610_failing_MET': [0.0, 0.0], '625_610_min_MET_pt': [10000000.0, 10000000.0], '625_605': [0.0, 0.0], '625_605_passing_MET': [0.0, 0.0], '625_605_failing_MET': [0.0, 0.0], '625_605_min_MET_pt': [10000000.0, 10000000.0], '625_600': [0.0, 0.0], '625_600_passing_MET': [0.0, 0.0], '625_600_failing_MET': [0.0, 0.0], '625_600_min_MET_pt': [10000000.0, 10000000.0], '625_595': [0.0, 0.0], '625_595_passing_MET': [0.0, 0.0], '625_595_failing_MET': [0.0, 0.0], '625_595_min_MET_pt': [10000000.0, 10000000.0], '650_640': [2032.0, 4065.0], '650_640_passing_MET': [0.0, 0.0], '650_640_failing_MET': [0.0, 0.0], '650_640_min_MET_pt': [10000000.0, 10000000.0], '650_635': [1828.0, 921.0], '650_635_passing_MET': [0.0, 0.0], '650_635_failing_MET': [0.0, 0.0], '650_635_min_MET_pt': [10000000.0, 10000000.0], '650_630': [0.0, 0.0], '650_630_passing_MET': [0.0, 0.0], '650_630_failing_MET': [0.0, 0.0], '650_630_min_MET_pt': [10000000.0, 10000000.0], '650_625': [0.0, 0.0], '650_625_passing_MET': [0.0, 0.0], '650_625_failing_MET': [0.0, 0.0], '650_625_min_MET_pt': [10000000.0, 10000000.0], '650_620': [1105.0, 0.0], '650_620_passing_MET': [1073.0, 0.0], '650_620_failing_MET': [32.0, 0.0], '650_620_min_MET_pt': [21.149810791015625, 10000000.0], '675_665': [0.0, 0.0], '675_665_passing_MET': [0.0, 0.0], '675_665_failing_MET': [0.0, 0.0], '675_665_min_MET_pt': [10000000.0, 10000000.0], '675_660': [0.0, 0.0], '675_660_passing_MET': [0.0, 0.0], '675_660_failing_MET': [0.0, 0.0], '675_660_min_MET_pt': [10000000.0, 10000000.0], '675_655': [0.0, 0.0], '675_655_passing_MET': [0.0, 0.0], '675_655_failing_MET': [0.0, 0.0], '675_655_min_MET_pt': [10000000.0, 10000000.0], '675_650': [0.0, 0.0], '675_650_passing_MET': [0.0, 0.0], '675_650_failing_MET': [0.0, 0.0], '675_650_min_MET_pt': [10000000.0, 10000000.0], '675_645': [0.0, 0.0], '675_645_passing_MET': [0.0, 0.0], '675_645_failing_MET': [0.0, 0.0], '675_645_min_MET_pt': [10000000.0, 10000000.0], '700_690': [1045.0, 1042.0], '700_690_passing_MET': [0.0, 0.0], '700_690_failing_MET': [0.0, 0.0], '700_690_min_MET_pt': [10000000.0, 10000000.0], '700_685': [0.0, 0.0], '700_685_passing_MET': [0.0, 0.0], '700_685_failing_MET': [0.0, 0.0], '700_685_min_MET_pt': [10000000.0, 10000000.0], '700_680': [1082.0, 0.0], '700_680_passing_MET': [1061.0, 0.0], '700_680_failing_MET': [21.0, 0.0], '700_680_min_MET_pt': [43.34128189086914, 10000000.0], '700_675': [0.0, 0.0], '700_675_passing_MET': [0.0, 0.0], '700_675_failing_MET': [0.0, 0.0], '700_675_min_MET_pt': [10000000.0, 10000000.0], '700_670': [2289.0, 0.0], '700_670_passing_MET': [2222.0, 0.0], '700_670_failing_MET': [67.0, 0.0], '700_670_min_MET_pt': [45.48428726196289, 10000000.0], '725_715': [0.0, 0.0], '725_715_passing_MET': [0.0, 0.0], '725_715_failing_MET': [0.0, 0.0], '725_715_min_MET_pt': [10000000.0, 10000000.0], '725_710': [0.0, 0.0], '725_710_passing_MET': [0.0, 0.0], '725_710_failing_MET': [0.0, 0.0], '725_710_min_MET_pt': [10000000.0, 10000000.0], '725_705': [0.0, 0.0], '725_705_passing_MET': [0.0, 0.0], '725_705_failing_MET': [0.0, 0.0], '725_705_min_MET_pt': [10000000.0, 10000000.0], '725_700': [0.0, 0.0], '725_700_passing_MET': [0.0, 0.0], '725_700_failing_MET': [0.0, 0.0], '725_700_min_MET_pt': [10000000.0, 10000000.0], '725_695': [0.0, 0.0], '725_695_passing_MET': [0.0, 0.0], '725_695_failing_MET': [0.0, 0.0], '725_695_min_MET_pt': [10000000.0, 10000000.0], '750_740': [2147.0, 0.0], '750_740_passing_MET': [2095.0, 0.0], '750_740_failing_MET': [52.0, 0.0], '750_740_min_MET_pt': [32.35298156738281, 10000000.0], '750_735': [0.0, 0.0], '750_735_passing_MET': [0.0, 0.0], '750_735_failing_MET': [0.0, 0.0], '750_735_min_MET_pt': [10000000.0, 10000000.0], '750_730': [0.0, 0.0], '750_730_passing_MET': [0.0, 0.0], '750_730_failing_MET': [0.0, 0.0], '750_730_min_MET_pt': [10000000.0, 10000000.0], '750_725': [0.0, 0.0], '750_725_passing_MET': [0.0, 0.0], '750_725_failing_MET': [0.0, 0.0], '750_725_min_MET_pt': [10000000.0, 10000000.0], '750_720': [0.0, 0.0], '750_720_passing_MET': [0.0, 0.0], '750_720_failing_MET': [0.0, 0.0], '750_720_min_MET_pt': [10000000.0, 10000000.0], '775_765': [0.0, 0.0], '775_765_passing_MET': [0.0, 0.0], '775_765_failing_MET': [0.0, 0.0], '775_765_min_MET_pt': [10000000.0, 10000000.0], '775_760': [0.0, 0.0], '775_760_passing_MET': [0.0, 0.0], '775_760_failing_MET': [0.0, 0.0], '775_760_min_MET_pt': [10000000.0, 10000000.0], '775_755': [0.0, 0.0], '775_755_passing_MET': [0.0, 0.0], '775_755_failing_MET': [0.0, 0.0], '775_755_min_MET_pt': [10000000.0, 10000000.0], '775_750': [0.0, 0.0], '775_750_passing_MET': [0.0, 0.0], '775_750_failing_MET': [0.0, 0.0], '775_750_min_MET_pt': [10000000.0, 10000000.0], '775_745': [0.0, 0.0], '775_745_passing_MET': [0.0, 0.0], '775_745_failing_MET': [0.0, 0.0], '775_745_min_MET_pt': [10000000.0, 10000000.0], '800_790': [1098.0, 1098.0], '800_790_passing_MET': [0.0, 0.0], '800_790_failing_MET': [0.0, 0.0], '800_790_min_MET_pt': [10000000.0, 10000000.0], '800_785': [0.0, 983.0], '800_785_passing_MET': [0.0, 953.0], '800_785_failing_MET': [0.0, 30.0], '800_785_min_MET_pt': [10000000.0, 34.64790725708008], '800_780': [0.0, 1107.0], '800_780_passing_MET': [0.0, 1082.0], '800_780_failing_MET': [0.0, 25.0], '800_780_min_MET_pt': [10000000.0, 38.050254821777344], '800_775': [0.0, 953.0], '800_775_passing_MET': [0.0, 922.0], '800_775_failing_MET': [0.0, 31.0], '800_775_min_MET_pt': [10000000.0, 18.77892303466797], '800_770': [0.0, 0.0], '800_770_passing_MET': [0.0, 0.0], '800_770_failing_MET': [0.0, 0.0], '800_770_min_MET_pt': [10000000.0, 10000000.0], '825_815': [0.0, 0.0], '825_815_passing_MET': [0.0, 0.0], '825_815_failing_MET': [0.0, 0.0], '825_815_min_MET_pt': [10000000.0, 10000000.0], '825_810': [0.0, 0.0], '825_810_passing_MET': [0.0, 0.0], '825_810_failing_MET': [0.0, 0.0], '825_810_min_MET_pt': [10000000.0, 10000000.0], '825_805': [0.0, 0.0], '825_805_passing_MET': [0.0, 0.0], '825_805_failing_MET': [0.0, 0.0], '825_805_min_MET_pt': [10000000.0, 10000000.0], '825_800': [0.0, 0.0], '825_800_passing_MET': [0.0, 0.0], '825_800_failing_MET': [0.0, 0.0], '825_800_min_MET_pt': [10000000.0, 10000000.0], '825_795': [0.0, 0.0], '825_795_passing_MET': [0.0, 0.0], '825_795_failing_MET': [0.0, 0.0], '825_795_min_MET_pt': [10000000.0, 10000000.0], '850_840': [0.0, 2136.0], '850_840_passing_MET': [0.0, 2083.0], '850_840_failing_MET': [0.0, 53.0], '850_840_min_MET_pt': [10000000.0, 13.284911155700684], '850_835': [0.0, 0.0], '850_835_passing_MET': [0.0, 0.0], '850_835_failing_MET': [0.0, 0.0], '850_835_min_MET_pt': [10000000.0, 10000000.0], '850_830': [0.0, 2280.0], '850_830_passing_MET': [0.0, 2231.0], '850_830_failing_MET': [0.0, 49.0], '850_830_min_MET_pt': [10000000.0, 29.703868865966797], '850_825': [947.0, 0.0], '850_825_passing_MET': [918.0, 0.0], '850_825_failing_MET': [29.0, 0.0], '850_825_min_MET_pt': [28.87763023376465, 10000000.0], '850_820': [1238.0, 0.0], '850_820_passing_MET': [1198.0, 0.0], '850_820_failing_MET': [40.0, 0.0], '850_820_min_MET_pt': [26.756973266601562, 10000000.0], '875_865': [0.0, 0.0], '875_865_passing_MET': [0.0, 0.0], '875_865_failing_MET': [0.0, 0.0], '875_865_min_MET_pt': [10000000.0, 10000000.0], '875_860': [0.0, 0.0], '875_860_passing_MET': [0.0, 0.0], '875_860_failing_MET': [0.0, 0.0], '875_860_min_MET_pt': [10000000.0, 10000000.0], '875_855': [0.0, 0.0], '875_855_passing_MET': [0.0, 0.0], '875_855_failing_MET': [0.0, 0.0], '875_855_min_MET_pt': [10000000.0, 10000000.0], '875_850': [0.0, 0.0], '875_850_passing_MET': [0.0, 0.0], '875_850_failing_MET': [0.0, 0.0], '875_850_min_MET_pt': [10000000.0, 10000000.0], '875_845': [0.0, 0.0], '875_845_passing_MET': [0.0, 0.0], '875_845_failing_MET': [0.0, 0.0], '875_845_min_MET_pt': [10000000.0, 10000000.0], '900_890': [0.0, 1069.0], '900_890_passing_MET': [0.0, 1049.0], '900_890_failing_MET': [0.0, 20.0], '900_890_min_MET_pt': [10000000.0, 20.36280059814453], '900_885': [0.0, 0.0], '900_885_passing_MET': [0.0, 0.0], '900_885_failing_MET': [0.0, 0.0], '900_885_min_MET_pt': [10000000.0, 10000000.0], '900_880': [0.0, 0.0], '900_880_passing_MET': [0.0, 0.0], '900_880_failing_MET': [0.0, 0.0], '900_880_min_MET_pt': [10000000.0, 10000000.0], '900_875': [0.0, 0.0], '900_875_passing_MET': [0.0, 0.0], '900_875_failing_MET': [0.0, 0.0], '900_875_min_MET_pt': [10000000.0, 10000000.0], '900_870': [1204.0, 0.0], '900_870_passing_MET': [1168.0, 0.0], '900_870_failing_MET': [36.0, 0.0], '900_870_min_MET_pt': [28.129913330078125, 10000000.0], '925_915': [0.0, 0.0], '925_915_passing_MET': [0.0, 0.0], '925_915_failing_MET': [0.0, 0.0], '925_915_min_MET_pt': [10000000.0, 10000000.0], '925_910': [0.0, 0.0], '925_910_passing_MET': [0.0, 0.0], '925_910_failing_MET': [0.0, 0.0], '925_910_min_MET_pt': [10000000.0, 10000000.0], '925_905': [0.0, 0.0], '925_905_passing_MET': [0.0, 0.0], '925_905_failing_MET': [0.0, 0.0], '925_905_min_MET_pt': [10000000.0, 10000000.0], '925_900': [0.0, 0.0], '925_900_passing_MET': [0.0, 0.0], '925_900_failing_MET': [0.0, 0.0], '925_900_min_MET_pt': [10000000.0, 10000000.0], '925_895': [0.0, 0.0], '925_895_passing_MET': [0.0, 0.0], '925_895_failing_MET': [0.0, 0.0], '925_895_min_MET_pt': [10000000.0, 10000000.0], '950_940': [0.0, 0.0], '950_940_passing_MET': [0.0, 0.0], '950_940_failing_MET': [0.0, 0.0], '950_940_min_MET_pt': [10000000.0, 10000000.0], '950_935': [0.0, 0.0], '950_935_passing_MET': [0.0, 0.0], '950_935_failing_MET': [0.0, 0.0], '950_935_min_MET_pt': [10000000.0, 10000000.0], '950_930': [0.0, 1130.0], '950_930_passing_MET': [0.0, 1098.0], '950_930_failing_MET': [0.0, 32.0], '950_930_min_MET_pt': [10000000.0, 54.06743621826172], '950_925': [984.0, 992.0], '950_925_passing_MET': [0.0, 0.0], '950_925_failing_MET': [0.0, 0.0], '950_925_min_MET_pt': [10000000.0, 10000000.0], '950_920': [0.0, 0.0], '950_920_passing_MET': [0.0, 0.0], '950_920_failing_MET': [0.0, 0.0], '950_920_min_MET_pt': [10000000.0, 10000000.0], '975_965': [0.0, 0.0], '975_965_passing_MET': [0.0, 0.0], '975_965_failing_MET': [0.0, 0.0], '975_965_min_MET_pt': [10000000.0, 10000000.0], '975_960': [0.0, 0.0], '975_960_passing_MET': [0.0, 0.0], '975_960_failing_MET': [0.0, 0.0], '975_960_min_MET_pt': [10000000.0, 10000000.0], '975_955': [0.0, 0.0], '975_955_passing_MET': [0.0, 0.0], '975_955_failing_MET': [0.0, 0.0], '975_955_min_MET_pt': [10000000.0, 10000000.0], '975_950': [0.0, 0.0], '975_950_passing_MET': [0.0, 0.0], '975_950_failing_MET': [0.0, 0.0], '975_950_min_MET_pt': [10000000.0, 10000000.0], '975_945': [0.0, 0.0], '975_945_passing_MET': [0.0, 0.0], '975_945_failing_MET': [0.0, 0.0], '975_945_min_MET_pt': [10000000.0, 10000000.0], '1000_990': [0.0, 3323.0], '1000_990_passing_MET': [0.0, 3234.0], '1000_990_failing_MET': [0.0, 89.0], '1000_990_min_MET_pt': [10000000.0, 24.14716148376465], '1000_985': [0.0, 1021.0], '1000_985_passing_MET': [0.0, 1001.0], '1000_985_failing_MET': [0.0, 20.0], '1000_985_min_MET_pt': [10000000.0, 49.4993896484375], '1000_980': [0.0, 0.0], '1000_980_passing_MET': [0.0, 0.0], '1000_980_failing_MET': [0.0, 0.0], '1000_980_min_MET_pt': [10000000.0, 10000000.0], '1000_975': [0.0, 1958.0], '1000_975_passing_MET': [0.0, 1911.0], '1000_975_failing_MET': [0.0, 47.0], '1000_975_min_MET_pt': [10000000.0, 13.983059883117676], '1000_970': [0.0, 1181.0], '1000_970_passing_MET': [0.0, 1158.0], '1000_970_failing_MET': [0.0, 23.0], '1000_970_min_MET_pt': [10000000.0, 39.731136322021484], '1025_1015': [0.0, 0.0], '1025_1015_passing_MET': [0.0, 0.0], '1025_1015_failing_MET': [0.0, 0.0], '1025_1015_min_MET_pt': [10000000.0, 10000000.0], '1025_1010': [0.0, 0.0], '1025_1010_passing_MET': [0.0, 0.0], '1025_1010_failing_MET': [0.0, 0.0], '1025_1010_min_MET_pt': [10000000.0, 10000000.0], '1025_1005': [0.0, 0.0], '1025_1005_passing_MET': [0.0, 0.0], '1025_1005_failing_MET': [0.0, 0.0], '1025_1005_min_MET_pt': [10000000.0, 10000000.0], '1025_1000': [0.0, 0.0], '1025_1000_passing_MET': [0.0, 0.0], '1025_1000_failing_MET': [0.0, 0.0], '1025_1000_min_MET_pt': [10000000.0, 10000000.0], '1025_995': [0.0, 0.0], '1025_995_passing_MET': [0.0, 0.0], '1025_995_failing_MET': [0.0, 0.0], '1025_995_min_MET_pt': [10000000.0, 10000000.0], '1050_1040': [0.0, 0.0], '1050_1040_passing_MET': [0.0, 0.0], '1050_1040_failing_MET': [0.0, 0.0], '1050_1040_min_MET_pt': [10000000.0, 10000000.0], '1050_1035': [0.0, 0.0], '1050_1035_passing_MET': [0.0, 0.0], '1050_1035_failing_MET': [0.0, 0.0], '1050_1035_min_MET_pt': [10000000.0, 10000000.0], '1050_1030': [0.0, 0.0], '1050_1030_passing_MET': [0.0, 0.0], '1050_1030_failing_MET': [0.0, 0.0], '1050_1030_min_MET_pt': [10000000.0, 10000000.0], '1050_1025': [0.0, 0.0], '1050_1025_passing_MET': [0.0, 0.0], '1050_1025_failing_MET': [0.0, 0.0], '1050_1025_min_MET_pt': [10000000.0, 10000000.0], '1050_1020': [0.0, 0.0], '1050_1020_passing_MET': [0.0, 0.0], '1050_1020_failing_MET': [0.0, 0.0], '1050_1020_min_MET_pt': [10000000.0, 10000000.0], '1075_1065': [0.0, 0.0], '1075_1065_passing_MET': [0.0, 0.0], '1075_1065_failing_MET': [0.0, 0.0], '1075_1065_min_MET_pt': [10000000.0, 10000000.0], '1075_1060': [0.0, 0.0], '1075_1060_passing_MET': [0.0, 0.0], '1075_1060_failing_MET': [0.0, 0.0], '1075_1060_min_MET_pt': [10000000.0, 10000000.0], '1075_1055': [0.0, 0.0], '1075_1055_passing_MET': [0.0, 0.0], '1075_1055_failing_MET': [0.0, 0.0], '1075_1055_min_MET_pt': [10000000.0, 10000000.0], '1075_1050': [0.0, 0.0], '1075_1050_passing_MET': [0.0, 0.0], '1075_1050_failing_MET': [0.0, 0.0], '1075_1050_min_MET_pt': [10000000.0, 10000000.0], '1075_1045': [0.0, 0.0], '1075_1045_passing_MET': [0.0, 0.0], '1075_1045_failing_MET': [0.0, 0.0], '1075_1045_min_MET_pt': [10000000.0, 10000000.0], '1100_1090': [1064.0, 0.0], '1100_1090_passing_MET': [1036.0, 0.0], '1100_1090_failing_MET': [28.0, 0.0], '1100_1090_min_MET_pt': [37.27611541748047, 10000000.0], '1100_1085': [0.0, 982.0], '1100_1085_passing_MET': [0.0, 958.0], '1100_1085_failing_MET': [0.0, 24.0], '1100_1085_min_MET_pt': [10000000.0, 34.89383316040039], '1100_1080': [0.0, 0.0], '1100_1080_passing_MET': [0.0, 0.0], '1100_1080_failing_MET': [0.0, 0.0], '1100_1080_min_MET_pt': [10000000.0, 10000000.0], '1100_1075': [0.0, 0.0], '1100_1075_passing_MET': [0.0, 0.0], '1100_1075_failing_MET': [0.0, 0.0], '1100_1075_min_MET_pt': [10000000.0, 10000000.0], '1100_1070': [0.0, 1003.0], '1100_1070_passing_MET': [0.0, 985.0], '1100_1070_failing_MET': [0.0, 18.0], '1100_1070_min_MET_pt': [10000000.0, 38.036983489990234], 'nEventsTotal': 180477.0, 'strange masspoints': 0.0, 'orphans': 0.0, 'R-hadron event': 0.0, 'different stop antistop masses': 0.0, 'strange error': 0.0, 'strange event': 0.0, 'different neutralino masses': 15287.0, 'large differences': 0.0, '1100_1084': [0.0, 148.0], '1100_1084_passing_MET': [0.0, 147.0], '1100_1084_failing_MET': [0.0, 1.0], '1100_1084_min_MET_pt': [10000000.0, 97.57516479492188], '676_665': [895.0, 3780.0], '676_665_passing_MET': [871.0, 3672.0], '676_665_failing_MET': [24.0, 108.0], '676_665_min_MET_pt': [41.75722122192383, 36.46100997924805], '676_666': [89.0, 382.0], '676_666_passing_MET': [89.0, 375.0], '676_666_failing_MET': [0.0, 7.0], '676_666_min_MET_pt': [106.36506652832031, 50.03711700439453], '576_565': [1776.0, 0.0], '576_565_passing_MET': [1734.0, 0.0], '576_565_failing_MET': [42.0, 0.0], '576_565_min_MET_pt': [45.283233642578125, 10000000.0], '576_566': [168.0, 0.0], '576_566_passing_MET': [163.0, 0.0], '576_566_failing_MET': [5.0, 0.0], '576_566_min_MET_pt': [40.73066711425781, 10000000.0], '600_576': [167.0, 448.0], '600_576_passing_MET': [157.0, 431.0], '600_576_failing_MET': [10.0, 17.0], '600_576_min_MET_pt': [55.88405990600586, 36.333377838134766], '600_586': [136.0, 106.0], '600_586_passing_MET': [135.0, 104.0], '600_586_failing_MET': [1.0, 2.0], '600_586_min_MET_pt': [75.98523712158203, 85.2689437866211], '826_795': [0.0, 2015.0], '826_795_passing_MET': [0.0, 1961.0], '826_795_failing_MET': [0.0, 54.0], '826_795_min_MET_pt': [10000000.0, 19.785062789916992], '826_796': [0.0, 414.0], '826_796_passing_MET': [0.0, 398.0], '826_796_failing_MET': [0.0, 16.0], '826_796_min_MET_pt': [10000000.0, 61.15232849121094], '626_615': [1785.0, 950.0], '626_615_passing_MET': [1741.0, 931.0], '626_615_failing_MET': [44.0, 19.0], '626_615_min_MET_pt': [18.720489501953125, 37.680015563964844], '626_616': [165.0, 91.0], '626_616_passing_MET': [156.0, 87.0], '626_616_failing_MET': [9.0, 4.0], '626_616_min_MET_pt': [59.67677688598633, 71.63253021240234], '1000_986': [0.0, 142.0], '1000_986_passing_MET': [0.0, 137.0], '1000_986_failing_MET': [0.0, 5.0], '1000_986_min_MET_pt': [10000000.0, 77.56657409667969], '950_926': [189.0, 181.0], '950_926_passing_MET': [179.0, 176.0], '950_926_failing_MET': [10.0, 5.0], '950_926_min_MET_pt': [72.6617202758789, 74.59386444091797], '800_776': [0.0, 172.0], '800_776_passing_MET': [0.0, 169.0], '800_776_failing_MET': [0.0, 3.0], '800_776_min_MET_pt': [10000000.0, 47.12765121459961], '550_536': [0.0, 116.0], '550_536_passing_MET': [0.0, 112.0], '550_536_failing_MET': [0.0, 4.0], '550_536_min_MET_pt': [10000000.0, 69.70824432373047], '926_900': [1212.0, 0.0], '926_900_passing_MET': [1177.0, 0.0], '926_900_failing_MET': [35.0, 0.0], '926_900_min_MET_pt': [30.98472023010254, 10000000.0], '1052_1032': [159.0, 0.0], '1052_1032_passing_MET': [152.0, 0.0], '1052_1032_failing_MET': [7.0, 0.0], '1052_1032_min_MET_pt': [68.38055419921875, 10000000.0], '1052_1030': [1036.0, 0.0], '1052_1030_passing_MET': [1012.0, 0.0], '1052_1030_failing_MET': [24.0, 0.0], '1052_1030_min_MET_pt': [39.04041290283203, 10000000.0], '1052_1025': [0.0, 976.0], '1052_1025_passing_MET': [0.0, 955.0], '1052_1025_failing_MET': [0.0, 21.0], '1052_1025_min_MET_pt': [10000000.0, 27.14813804626465], '1052_1024': [0.0, 184.0], '1052_1024_passing_MET': [0.0, 180.0], '1052_1024_failing_MET': [0.0, 4.0], '1052_1024_min_MET_pt': [10000000.0, 53.57771301269531], '550_526': [0.0, 161.0], '550_526_passing_MET': [0.0, 155.0], '550_526_failing_MET': [0.0, 6.0], '550_526_min_MET_pt': [10000000.0, 27.635639190673828], '1024_1015': [1981.0, 1077.0], '1024_1015_passing_MET': [1943.0, 1056.0], '1024_1015_failing_MET': [38.0, 21.0], '1024_1015_min_MET_pt': [11.32848834991455, 33.19351577758789], '1024_1016': [221.0, 90.0], '1024_1016_passing_MET': [218.0, 87.0], '1024_1016_failing_MET': [3.0, 3.0], '1024_1016_min_MET_pt': [88.91709899902344, 81.84465789794922], '826_800': [1183.0, 0.0], '826_800_passing_MET': [1146.0, 0.0], '826_800_failing_MET': [37.0, 0.0], '826_800_min_MET_pt': [25.80100440979004, 10000000.0], '776_745': [946.0, 0.0], '776_745_passing_MET': [918.0, 0.0], '776_745_failing_MET': [28.0, 0.0], '776_745_min_MET_pt': [27.450857162475586, 10000000.0], '776_746': [180.0, 0.0], '776_746_passing_MET': [174.0, 0.0], '776_746_failing_MET': [6.0, 0.0], '776_746_min_MET_pt': [37.0971565246582, 10000000.0], '826_815': [0.0, 981.0], '826_815_passing_MET': [0.0, 959.0], '826_815_failing_MET': [0.0, 22.0], '826_815_min_MET_pt': [10000000.0, 29.00783920288086], '826_816': [0.0, 106.0], '826_816_passing_MET': [0.0, 103.0], '826_816_failing_MET': [0.0, 3.0], '826_816_min_MET_pt': [10000000.0, 54.72804641723633], '650_636': [221.0, 131.0], '650_636_passing_MET': [214.0, 125.0], '650_636_failing_MET': [7.0, 6.0], '650_636_min_MET_pt': [37.519920349121094, 54.8836555480957], '976_966': [0.0, 97.0], '976_966_passing_MET': [0.0, 96.0], '976_966_failing_MET': [0.0, 1.0], '976_966_min_MET_pt': [10000000.0, 91.00196075439453], '976_965': [0.0, 1048.0], '976_965_passing_MET': [0.0, 1032.0], '976_965_failing_MET': [0.0, 16.0], '976_965_min_MET_pt': [10000000.0, 36.05635452270508], '776_766': [285.0, 95.0], '776_766_passing_MET': [280.0, 95.0], '776_766_failing_MET': [5.0, 0.0], '776_766_min_MET_pt': [58.06474685668945, 104.54280090332031], '776_765': [2949.0, 963.0], '776_765_passing_MET': [2877.0, 944.0], '776_765_failing_MET': [72.0, 19.0], '776_765_min_MET_pt': [36.50836181640625, 31.631103515625], '826_806': [173.0, 0.0], '826_806_passing_MET': [168.0, 0.0], '826_806_failing_MET': [5.0, 0.0], '826_806_min_MET_pt': [66.3886489868164, 10000000.0], '826_805': [917.0, 0.0], '826_805_passing_MET': [895.0, 0.0], '826_805_failing_MET': [22.0, 0.0], '826_805_min_MET_pt': [18.341333389282227, 10000000.0], '1100_1092': [104.0, 0.0], '1100_1092_passing_MET': [101.0, 0.0], '1100_1092_failing_MET': [3.0, 0.0], '1100_1092_min_MET_pt': [38.58735275268555, 10000000.0], '676_660': [0.0, 1069.0], '676_660_passing_MET': [0.0, 1040.0], '676_660_failing_MET': [0.0, 29.0], '676_660_min_MET_pt': [10000000.0, 29.930397033691406], '726_710': [1069.0, 1120.0], '726_710_passing_MET': [1021.0, 1088.0], '726_710_failing_MET': [48.0, 32.0], '726_710_min_MET_pt': [27.276016235351562, 31.621986389160156], '1052_1040': [1144.0, 2246.0], '1052_1040_passing_MET': [1122.0, 2201.0], '1052_1040_failing_MET': [22.0, 45.0], '1052_1040_min_MET_pt': [21.79780387878418, 33.19975280761719], '800_786': [0.0, 132.0], '800_786_passing_MET': [0.0, 127.0], '800_786_failing_MET': [0.0, 5.0], '800_786_min_MET_pt': [10000000.0, 28.64877700805664], '850_826': [182.0, 0.0], '850_826_passing_MET': [179.0, 0.0], '850_826_failing_MET': [3.0, 0.0], '850_826_min_MET_pt': [79.2144546508789, 10000000.0], '676_655': [913.0, 0.0], '676_655_passing_MET': [887.0, 0.0], '676_655_failing_MET': [26.0, 0.0], '676_655_min_MET_pt': [50.78322982788086, 10000000.0], '676_656': [142.0, 0.0], '676_656_passing_MET': [141.0, 0.0], '676_656_failing_MET': [1.0, 0.0], '676_656_min_MET_pt': [65.455078125, 10000000.0], '1052_1035': [1028.0, 0.0], '1052_1035_passing_MET': [993.0, 0.0], '1052_1035_failing_MET': [35.0, 0.0], '1052_1035_min_MET_pt': [30.41600227355957, 10000000.0], '1052_1036': [156.0, 0.0], '1052_1036_passing_MET': [153.0, 0.0], '1052_1036_failing_MET': [3.0, 0.0], '1052_1036_min_MET_pt': [84.6263427734375, 10000000.0], '876_865': [1033.0, 1027.0], '876_865_passing_MET': [1008.0, 1006.0], '876_865_failing_MET': [25.0, 21.0], '876_865_min_MET_pt': [28.67209243774414, 32.227294921875], '876_866': [89.0, 104.0], '876_866_passing_MET': [88.0, 103.0], '876_866_failing_MET': [1.0, 1.0], '876_866_min_MET_pt': [95.3532943725586, 78.13037109375], '626_606': [306.0, 282.0], '626_606_passing_MET': [293.0, 276.0], '626_606_failing_MET': [13.0, 6.0], '626_606_min_MET_pt': [41.701786041259766, 37.75129699707031], '626_605': [1800.0, 1867.0], '626_605_passing_MET': [1739.0, 1806.0], '626_605_failing_MET': [61.0, 61.0], '626_605_min_MET_pt': [27.812795639038086, 23.24976348876953], '976_945': [1934.0, 0.0], '976_945_passing_MET': [1881.0, 0.0], '976_945_failing_MET': [53.0, 0.0], '976_945_min_MET_pt': [25.78018569946289, 10000000.0], '976_946': [391.0, 0.0], '976_946_passing_MET': [379.0, 0.0], '976_946_failing_MET': [12.0, 0.0], '976_946_min_MET_pt': [43.836647033691406, 10000000.0], '1000_976': [0.0, 371.0], '1000_976_passing_MET': [0.0, 363.0], '1000_976_failing_MET': [0.0, 8.0], '1000_976_min_MET_pt': [10000000.0, 38.486934661865234], '876_850': [1113.0, 1140.0], '876_850_passing_MET': [1090.0, 1111.0], '876_850_failing_MET': [23.0, 29.0], '876_850_min_MET_pt': [25.719507217407227, 33.001590728759766], '1100_1072': [0.0, 214.0], '1100_1072_passing_MET': [0.0, 208.0], '1100_1072_failing_MET': [0.0, 6.0], '1100_1072_min_MET_pt': [10000000.0, 66.24214172363281], '576_555': [0.0, 885.0], '576_555_passing_MET': [0.0, 860.0], '576_555_failing_MET': [0.0, 25.0], '576_555_min_MET_pt': [10000000.0, 40.993812561035156], '576_556': [0.0, 133.0], '576_556_passing_MET': [0.0, 133.0], '576_556_failing_MET': [0.0, 0.0], '576_556_min_MET_pt': [10000000.0, 103.22090148925781], '1076_1055': [1002.0, 0.0], '1076_1055_passing_MET': [982.0, 0.0], '1076_1055_failing_MET': [20.0, 0.0], '1076_1055_min_MET_pt': [8.66718864440918, 10000000.0], '1076_1056': [147.0, 0.0], '1076_1056_passing_MET': [146.0, 0.0], '1076_1056_failing_MET': [1.0, 0.0], '1076_1056_min_MET_pt': [83.77041625976562, 10000000.0], '626_595': [0.0, 910.0], '626_595_passing_MET': [0.0, 887.0], '626_595_failing_MET': [0.0, 23.0], '626_595_min_MET_pt': [10000000.0, 35.42390823364258], '626_596': [0.0, 161.0], '626_596_passing_MET': [0.0, 157.0], '626_596_failing_MET': [0.0, 4.0], '626_596_min_MET_pt': [10000000.0, 72.48539733886719], '776_760': [1046.0, 0.0], '776_760_passing_MET': [1019.0, 0.0], '776_760_failing_MET': [27.0, 0.0], '776_760_min_MET_pt': [42.228328704833984, 10000000.0], '926_910': [0.0, 1117.0], '926_910_passing_MET': [0.0, 1091.0], '926_910_failing_MET': [0.0, 26.0], '926_910_min_MET_pt': [10000000.0, 50.59380340576172], '976_956': [181.0, 0.0], '976_956_passing_MET': [177.0, 0.0], '976_956_failing_MET': [4.0, 0.0], '976_956_min_MET_pt': [62.38775634765625, 10000000.0], '976_955': [931.0, 0.0], '976_955_passing_MET': [906.0, 0.0], '976_955_failing_MET': [25.0, 0.0], '976_955_min_MET_pt': [51.12612533569336, 10000000.0], '726_715': [973.0, 0.0], '726_715_passing_MET': [951.0, 0.0], '726_715_failing_MET': [22.0, 0.0], '726_715_min_MET_pt': [12.344006538391113, 10000000.0], '726_716': [93.0, 0.0], '726_716_passing_MET': [90.0, 0.0], '726_716_failing_MET': [3.0, 0.0], '726_716_min_MET_pt': [46.332088470458984, 10000000.0], '1076_1044': [0.0, 196.0], '1076_1044_passing_MET': [0.0, 188.0], '1076_1044_failing_MET': [0.0, 8.0], '1076_1044_min_MET_pt': [10000000.0, 50.004634857177734], '1076_1045': [0.0, 959.0], '1076_1045_passing_MET': [0.0, 935.0], '1076_1045_failing_MET': [0.0, 24.0], '1076_1045_min_MET_pt': [10000000.0, 35.11651611328125], '726_695': [0.0, 962.0], '726_695_passing_MET': [0.0, 928.0], '726_695_failing_MET': [0.0, 34.0], '726_695_min_MET_pt': [10000000.0, 24.0684757232666], '726_696': [0.0, 174.0], '726_696_passing_MET': [0.0, 169.0], '726_696_failing_MET': [0.0, 5.0], '726_696_min_MET_pt': [10000000.0, 80.5124282836914]}
nevents_from_dict =  3480313477.547193
Results saved to /afs/cern.ch/work/m/mleoncoe/private/stop_met_check/outputs_2018/nanoAOD_561.json
done
