i am in this directory
/pool/condor/dir_284427
Python 3.9.23
3.9.23
 will run this python stop_check_met_eff.py /eos/user/m/mleoncoe/stop_event_check/privateNanoAod2018/nanoAOD_89.root /afs/cern.ch/work/m/mleoncoe/private/stop_met_check/outputs_2018/nanoAOD_89.json
event num1000
event num2000
event num3000
event num4000
event num5000
event num6000
event num7000
event num8000
event num9000
event num10000
event num11000
event num12000
event num13000
event num14000
event num15000
event num16000
event num17000
event num18000
event num19000
event num20000
event num21000
event num22000
event num23000
event num24000
event num25000
event num26000
event num27000
event num28000
event num29000
event num30000
event num31000
event num32000
event num33000
event num34000
event num35000
event num36000
event num37000
event num38000
event num39000
event num40000
event num41000
event num42000
event num43000
event num44000
event num45000
event num46000
event num47000
event num48000
event num49000
event num50000
event num51000
event num52000
event num53000
event num54000
event num55000
event num56000
event num57000
event num58000
event num59000
event num60000
event num61000
event num62000
event num63000
event num64000
event num65000
event num66000
event num67000
event num68000
event num69000
event num70000
event num71000
event num72000
event num73000
event num74000
event num75000
event num76000
event num77000
event num78000
event num79000
event num80000
event num81000
event num82000
event num83000
event num84000
event num85000
event num86000
event num87000
event num88000
event num89000
event num90000
event num91000
event num92000
event num93000
event num94000
event num95000
event num96000
event num97000
event num98000
event num99000
event num100000
event num101000
event num102000
event num103000
event num104000
event num105000
event num106000
event num107000
event num108000
event num109000
event num110000
event num111000
event num112000
event num113000
event num114000
event num115000
event num116000
event num117000
event num118000
event num119000
event num120000
event num121000
event num122000
event num123000
event num124000
event num125000
event num126000
event num127000
event num128000
event num129000
event num130000
event num131000
event num132000
event num133000
event num134000
event num135000
event num136000
event num137000
event num138000
event num139000
event num140000
event num141000
event num142000
event num143000
event num144000
event num145000
event num146000
event num147000
event num148000
event num149000
event num150000
event num151000
event num152000
event num153000
event num154000
event num155000
event num156000
event num157000
event num158000
event num159000
event num160000
event num161000
event num162000
event num163000
event num164000
event num165000
event num166000
event num167000
event num168000
event num169000
event num170000
event num171000
event num172000
event num173000
event num174000
event num175000
event num176000
event num177000
event num178000
event num179000
event num180000
event num181000
event num182000
event num183000
event num184000
event num185000
event num186000
event num187000
event num188000
event num189000
{'250_240': [706.0, 656.0], '250_240_passing_MET': [0.0, 0.0], '250_240_failing_MET': [0.0, 0.0], '250_240_min_MET_pt': [10000000.0, 10000000.0], '250_235': [680.0, 0.0], '250_235_passing_MET': [651.0, 0.0], '250_235_failing_MET': [29.0, 0.0], '250_235_min_MET_pt': [13.019926071166992, 10000000.0], '250_230': [687.0, 688.0], '250_230_passing_MET': [0.0, 0.0], '250_230_failing_MET': [0.0, 0.0], '250_230_min_MET_pt': [10000000.0, 10000000.0], '250_225': [689.0, 0.0], '250_225_passing_MET': [655.0, 0.0], '250_225_failing_MET': [34.0, 0.0], '250_225_min_MET_pt': [16.23482322692871, 10000000.0], '250_220': [1556.0, 800.0], '250_220_passing_MET': [0.0, 0.0], '250_220_failing_MET': [0.0, 0.0], '250_220_min_MET_pt': [10000000.0, 10000000.0], '275_265': [704.0, 740.0], '275_265_passing_MET': [0.0, 0.0], '275_265_failing_MET': [0.0, 0.0], '275_265_min_MET_pt': [10000000.0, 10000000.0], '275_260': [0.0, 711.0], '275_260_passing_MET': [0.0, 684.0], '275_260_failing_MET': [0.0, 27.0], '275_260_min_MET_pt': [10000000.0, 61.52195739746094], '275_255': [738.0, 0.0], '275_255_passing_MET': [711.0, 0.0], '275_255_failing_MET': [27.0, 0.0], '275_255_min_MET_pt': [28.625530242919922, 10000000.0], '275_250': [751.0, 0.0], '275_250_passing_MET': [707.0, 0.0], '275_250_failing_MET': [44.0, 0.0], '275_250_min_MET_pt': [16.4999942779541, 10000000.0], '275_245': [0.0, 1606.0], '275_245_passing_MET': [0.0, 1521.0], '275_245_failing_MET': [0.0, 85.0], '275_245_min_MET_pt': [10000000.0, 32.666465759277344], '300_290': [0.0, 0.0], '300_290_passing_MET': [0.0, 0.0], '300_290_failing_MET': [0.0, 0.0], '300_290_min_MET_pt': [10000000.0, 10000000.0], '300_285': [0.0, 0.0], '300_285_passing_MET': [0.0, 0.0], '300_285_failing_MET': [0.0, 0.0], '300_285_min_MET_pt': [10000000.0, 10000000.0], '300_280': [794.0, 0.0], '300_280_passing_MET': [759.0, 0.0], '300_280_failing_MET': [35.0, 0.0], '300_280_min_MET_pt': [45.3229866027832, 10000000.0], '300_275': [830.0, 0.0], '300_275_passing_MET': [792.0, 0.0], '300_275_failing_MET': [38.0, 0.0], '300_275_min_MET_pt': [44.05604553222656, 10000000.0], '300_270': [0.0, 1663.0], '300_270_passing_MET': [0.0, 1576.0], '300_270_failing_MET': [0.0, 87.0], '300_270_min_MET_pt': [10000000.0, 9.476349830627441], '325_315': [849.0, 0.0], '325_315_passing_MET': [814.0, 0.0], '325_315_failing_MET': [35.0, 0.0], '325_315_min_MET_pt': [17.46689796447754, 10000000.0], '325_310': [0.0, 830.0], '325_310_passing_MET': [0.0, 799.0], '325_310_failing_MET': [0.0, 31.0], '325_310_min_MET_pt': [10000000.0, 32.63346862792969], '325_305': [0.0, 0.0], '325_305_passing_MET': [0.0, 0.0], '325_305_failing_MET': [0.0, 0.0], '325_305_min_MET_pt': [10000000.0, 10000000.0], '325_300': [0.0, 0.0], '325_300_passing_MET': [0.0, 0.0], '325_300_failing_MET': [0.0, 0.0], '325_300_min_MET_pt': [10000000.0, 10000000.0], '325_295': [0.0, 0.0], '325_295_passing_MET': [0.0, 0.0], '325_295_failing_MET': [0.0, 0.0], '325_295_min_MET_pt': [10000000.0, 10000000.0], '350_340': [0.0, 1669.0], '350_340_passing_MET': [0.0, 1612.0], '350_340_failing_MET': [0.0, 57.0], '350_340_min_MET_pt': [10000000.0, 17.276578903198242], '350_335': [845.0, 0.0], '350_335_passing_MET': [813.0, 0.0], '350_335_failing_MET': [32.0, 0.0], '350_335_min_MET_pt': [45.59214782714844, 10000000.0], '350_330': [0.0, 0.0], '350_330_passing_MET': [0.0, 0.0], '350_330_failing_MET': [0.0, 0.0], '350_330_min_MET_pt': [10000000.0, 10000000.0], '350_325': [0.0, 0.0], '350_325_passing_MET': [0.0, 0.0], '350_325_failing_MET': [0.0, 0.0], '350_325_min_MET_pt': [10000000.0, 10000000.0], '350_320': [0.0, 0.0], '350_320_passing_MET': [0.0, 0.0], '350_320_failing_MET': [0.0, 0.0], '350_320_min_MET_pt': [10000000.0, 10000000.0], '375_365': [0.0, 0.0], '375_365_passing_MET': [0.0, 0.0], '375_365_failing_MET': [0.0, 0.0], '375_365_min_MET_pt': [10000000.0, 10000000.0], '375_360': [0.0, 0.0], '375_360_passing_MET': [0.0, 0.0], '375_360_failing_MET': [0.0, 0.0], '375_360_min_MET_pt': [10000000.0, 10000000.0], '375_355': [0.0, 0.0], '375_355_passing_MET': [0.0, 0.0], '375_355_failing_MET': [0.0, 0.0], '375_355_min_MET_pt': [10000000.0, 10000000.0], '375_350': [0.0, 0.0], '375_350_passing_MET': [0.0, 0.0], '375_350_failing_MET': [0.0, 0.0], '375_350_min_MET_pt': [10000000.0, 10000000.0], '375_345': [0.0, 0.0], '375_345_passing_MET': [0.0, 0.0], '375_345_failing_MET': [0.0, 0.0], '375_345_min_MET_pt': [10000000.0, 10000000.0], '400_390': [889.0, 1703.0], '400_390_passing_MET': [0.0, 0.0], '400_390_failing_MET': [0.0, 0.0], '400_390_min_MET_pt': [10000000.0, 10000000.0], '400_385': [0.0, 0.0], '400_385_passing_MET': [0.0, 0.0], '400_385_failing_MET': [0.0, 0.0], '400_385_min_MET_pt': [10000000.0, 10000000.0], '400_380': [882.0, 935.0], '400_380_passing_MET': [0.0, 0.0], '400_380_failing_MET': [0.0, 0.0], '400_380_min_MET_pt': [10000000.0, 10000000.0], '400_375': [0.0, 0.0], '400_375_passing_MET': [0.0, 0.0], '400_375_failing_MET': [0.0, 0.0], '400_375_min_MET_pt': [10000000.0, 10000000.0], '400_370': [0.0, 0.0], '400_370_passing_MET': [0.0, 0.0], '400_370_failing_MET': [0.0, 0.0], '400_370_min_MET_pt': [10000000.0, 10000000.0], '425_415': [897.0, 3616.0], '425_415_passing_MET': [0.0, 0.0], '425_415_failing_MET': [0.0, 0.0], '425_415_min_MET_pt': [10000000.0, 10000000.0], '425_410': [0.0, 0.0], '425_410_passing_MET': [0.0, 0.0], '425_410_failing_MET': [0.0, 0.0], '425_410_min_MET_pt': [10000000.0, 10000000.0], '425_405': [0.0, 0.0], '425_405_passing_MET': [0.0, 0.0], '425_405_failing_MET': [0.0, 0.0], '425_405_min_MET_pt': [10000000.0, 10000000.0], '425_400': [0.0, 0.0], '425_400_passing_MET': [0.0, 0.0], '425_400_failing_MET': [0.0, 0.0], '425_400_min_MET_pt': [10000000.0, 10000000.0], '425_395': [880.0, 0.0], '425_395_passing_MET': [853.0, 0.0], '425_395_failing_MET': [27.0, 0.0], '425_395_min_MET_pt': [43.75444412231445, 10000000.0], '450_440': [907.0, 2772.0], '450_440_passing_MET': [0.0, 0.0], '450_440_failing_MET': [0.0, 0.0], '450_440_min_MET_pt': [10000000.0, 10000000.0], '450_435': [0.0, 0.0], '450_435_passing_MET': [0.0, 0.0], '450_435_failing_MET': [0.0, 0.0], '450_435_min_MET_pt': [10000000.0, 10000000.0], '450_430': [0.0, 0.0], '450_430_passing_MET': [0.0, 0.0], '450_430_failing_MET': [0.0, 0.0], '450_430_min_MET_pt': [10000000.0, 10000000.0], '450_425': [1940.0, 0.0], '450_425_passing_MET': [1866.0, 0.0], '450_425_failing_MET': [74.0, 0.0], '450_425_min_MET_pt': [15.407146453857422, 10000000.0], '450_420': [0.0, 0.0], '450_420_passing_MET': [0.0, 0.0], '450_420_failing_MET': [0.0, 0.0], '450_420_min_MET_pt': [10000000.0, 10000000.0], '475_465': [1811.0, 1847.0], '475_465_passing_MET': [0.0, 0.0], '475_465_failing_MET': [0.0, 0.0], '475_465_min_MET_pt': [10000000.0, 10000000.0], '475_460': [907.0, 2948.0], '475_460_passing_MET': [0.0, 0.0], '475_460_failing_MET': [0.0, 0.0], '475_460_min_MET_pt': [10000000.0, 10000000.0], '475_455': [0.0, 975.0], '475_455_passing_MET': [0.0, 948.0], '475_455_failing_MET': [0.0, 27.0], '475_455_min_MET_pt': [10000000.0, 38.08222961425781], '475_450': [0.0, 0.0], '475_450_passing_MET': [0.0, 0.0], '475_450_failing_MET': [0.0, 0.0], '475_450_min_MET_pt': [10000000.0, 10000000.0], '475_445': [1032.0, 0.0], '475_445_passing_MET': [991.0, 0.0], '475_445_failing_MET': [41.0, 0.0], '475_445_min_MET_pt': [48.576412200927734, 10000000.0], '500_490': [969.0, 1874.0], '500_490_passing_MET': [0.0, 0.0], '500_490_failing_MET': [0.0, 0.0], '500_490_min_MET_pt': [10000000.0, 10000000.0], '500_485': [0.0, 959.0], '500_485_passing_MET': [0.0, 929.0], '500_485_failing_MET': [0.0, 30.0], '500_485_min_MET_pt': [10000000.0, 26.091678619384766], '500_480': [0.0, 978.0], '500_480_passing_MET': [0.0, 955.0], '500_480_failing_MET': [0.0, 23.0], '500_480_min_MET_pt': [10000000.0, 50.1202507019043], '500_475': [0.0, 0.0], '500_475_passing_MET': [0.0, 0.0], '500_475_failing_MET': [0.0, 0.0], '500_475_min_MET_pt': [10000000.0, 10000000.0], '500_470': [1048.0, 0.0], '500_470_passing_MET': [1006.0, 0.0], '500_470_failing_MET': [42.0, 0.0], '500_470_min_MET_pt': [33.79472732543945, 10000000.0], '525_515': [0.0, 0.0], '525_515_passing_MET': [0.0, 0.0], '525_515_failing_MET': [0.0, 0.0], '525_515_min_MET_pt': [10000000.0, 10000000.0], '525_510': [0.0, 0.0], '525_510_passing_MET': [0.0, 0.0], '525_510_failing_MET': [0.0, 0.0], '525_510_min_MET_pt': [10000000.0, 10000000.0], '525_505': [0.0, 0.0], '525_505_passing_MET': [0.0, 0.0], '525_505_failing_MET': [0.0, 0.0], '525_505_min_MET_pt': [10000000.0, 10000000.0], '525_500': [0.0, 0.0], '525_500_passing_MET': [0.0, 0.0], '525_500_failing_MET': [0.0, 0.0], '525_500_min_MET_pt': [10000000.0, 10000000.0], '525_495': [0.0, 0.0], '525_495_passing_MET': [0.0, 0.0], '525_495_failing_MET': [0.0, 0.0], '525_495_min_MET_pt': [10000000.0, 10000000.0], '550_540': [930.0, 0.0], '550_540_passing_MET': [898.0, 0.0], '550_540_failing_MET': [32.0, 0.0], '550_540_min_MET_pt': [25.46376609802246, 10000000.0], '550_535': [2562.0, 851.0], '550_535_passing_MET': [0.0, 0.0], '550_535_failing_MET': [0.0, 0.0], '550_535_min_MET_pt': [10000000.0, 10000000.0], '550_530': [0.0, 0.0], '550_530_passing_MET': [0.0, 0.0], '550_530_failing_MET': [0.0, 0.0], '550_530_min_MET_pt': [10000000.0, 10000000.0], '550_525': [0.0, 1779.0], '550_525_passing_MET': [0.0, 1729.0], '550_525_failing_MET': [0.0, 50.0], '550_525_min_MET_pt': [10000000.0, 10.241161346435547], '550_520': [0.0, 990.0], '550_520_passing_MET': [0.0, 955.0], '550_520_failing_MET': [0.0, 35.0], '550_520_min_MET_pt': [10000000.0, 31.0483455657959], '575_565': [0.0, 0.0], '575_565_passing_MET': [0.0, 0.0], '575_565_failing_MET': [0.0, 0.0], '575_565_min_MET_pt': [10000000.0, 10000000.0], '575_560': [0.0, 0.0], '575_560_passing_MET': [0.0, 0.0], '575_560_failing_MET': [0.0, 0.0], '575_560_min_MET_pt': [10000000.0, 10000000.0], '575_555': [0.0, 0.0], '575_555_passing_MET': [0.0, 0.0], '575_555_failing_MET': [0.0, 0.0], '575_555_min_MET_pt': [10000000.0, 10000000.0], '575_550': [0.0, 0.0], '575_550_passing_MET': [0.0, 0.0], '575_550_failing_MET': [0.0, 0.0], '575_550_min_MET_pt': [10000000.0, 10000000.0], '575_545': [0.0, 0.0], '575_545_passing_MET': [0.0, 0.0], '575_545_failing_MET': [0.0, 0.0], '575_545_min_MET_pt': [10000000.0, 10000000.0], '600_590': [0.0, 1027.0], '600_590_passing_MET': [0.0, 1006.0], '600_590_failing_MET': [0.0, 21.0], '600_590_min_MET_pt': [10000000.0, 38.46382141113281], '600_585': [1740.0, 0.0], '600_585_passing_MET': [1701.0, 0.0], '600_585_failing_MET': [39.0, 0.0], '600_585_min_MET_pt': [22.46830940246582, 10000000.0], '600_580': [1064.0, 0.0], '600_580_passing_MET': [1030.0, 0.0], '600_580_failing_MET': [34.0, 0.0], '600_580_min_MET_pt': [25.048200607299805, 10000000.0], '600_575': [0.0, 0.0], '600_575_passing_MET': [0.0, 0.0], '600_575_failing_MET': [0.0, 0.0], '600_575_min_MET_pt': [10000000.0, 10000000.0], '600_570': [0.0, 0.0], '600_570_passing_MET': [0.0, 0.0], '600_570_failing_MET': [0.0, 0.0], '600_570_min_MET_pt': [10000000.0, 10000000.0], '625_615': [0.0, 0.0], '625_615_passing_MET': [0.0, 0.0], '625_615_failing_MET': [0.0, 0.0], '625_615_min_MET_pt': [10000000.0, 10000000.0], '625_610': [0.0, 0.0], '625_610_passing_MET': [0.0, 0.0], '625_610_failing_MET': [0.0, 0.0], '625_610_min_MET_pt': [10000000.0, 10000000.0], '625_605': [0.0, 0.0], '625_605_passing_MET': [0.0, 0.0], '625_605_failing_MET': [0.0, 0.0], '625_605_min_MET_pt': [10000000.0, 10000000.0], '625_600': [0.0, 0.0], '625_600_passing_MET': [0.0, 0.0], '625_600_failing_MET': [0.0, 0.0], '625_600_min_MET_pt': [10000000.0, 10000000.0], '625_595': [0.0, 0.0], '625_595_passing_MET': [0.0, 0.0], '625_595_failing_MET': [0.0, 0.0], '625_595_min_MET_pt': [10000000.0, 10000000.0], '650_640': [1019.0, 0.0], '650_640_passing_MET': [990.0, 0.0], '650_640_failing_MET': [29.0, 0.0], '650_640_min_MET_pt': [21.73959732055664, 10000000.0], '650_635': [901.0, 0.0], '650_635_passing_MET': [875.0, 0.0], '650_635_failing_MET': [26.0, 0.0], '650_635_min_MET_pt': [46.24837875366211, 10000000.0], '650_630': [1119.0, 0.0], '650_630_passing_MET': [1087.0, 0.0], '650_630_failing_MET': [32.0, 0.0], '650_630_min_MET_pt': [25.931081771850586, 10000000.0], '650_625': [0.0, 1834.0], '650_625_passing_MET': [0.0, 1785.0], '650_625_failing_MET': [0.0, 49.0], '650_625_min_MET_pt': [10000000.0, 24.680402755737305], '650_620': [0.0, 1129.0], '650_620_passing_MET': [0.0, 1089.0], '650_620_failing_MET': [0.0, 40.0], '650_620_min_MET_pt': [10000000.0, 14.363332748413086], '675_665': [0.0, 0.0], '675_665_passing_MET': [0.0, 0.0], '675_665_failing_MET': [0.0, 0.0], '675_665_min_MET_pt': [10000000.0, 10000000.0], '675_660': [0.0, 0.0], '675_660_passing_MET': [0.0, 0.0], '675_660_failing_MET': [0.0, 0.0], '675_660_min_MET_pt': [10000000.0, 10000000.0], '675_655': [0.0, 0.0], '675_655_passing_MET': [0.0, 0.0], '675_655_failing_MET': [0.0, 0.0], '675_655_min_MET_pt': [10000000.0, 10000000.0], '675_650': [0.0, 0.0], '675_650_passing_MET': [0.0, 0.0], '675_650_failing_MET': [0.0, 0.0], '675_650_min_MET_pt': [10000000.0, 10000000.0], '675_645': [0.0, 0.0], '675_645_passing_MET': [0.0, 0.0], '675_645_failing_MET': [0.0, 0.0], '675_645_min_MET_pt': [10000000.0, 10000000.0], '700_690': [1061.0, 2112.0], '700_690_passing_MET': [0.0, 0.0], '700_690_failing_MET': [0.0, 0.0], '700_690_min_MET_pt': [10000000.0, 10000000.0], '700_685': [0.0, 963.0], '700_685_passing_MET': [0.0, 928.0], '700_685_failing_MET': [0.0, 35.0], '700_685_min_MET_pt': [10000000.0, 26.25286102294922], '700_680': [1096.0, 0.0], '700_680_passing_MET': [1066.0, 0.0], '700_680_failing_MET': [30.0, 0.0], '700_680_min_MET_pt': [25.605487823486328, 10000000.0], '700_675': [0.0, 0.0], '700_675_passing_MET': [0.0, 0.0], '700_675_failing_MET': [0.0, 0.0], '700_675_min_MET_pt': [10000000.0, 10000000.0], '700_670': [1143.0, 1088.0], '700_670_passing_MET': [0.0, 0.0], '700_670_failing_MET': [0.0, 0.0], '700_670_min_MET_pt': [10000000.0, 10000000.0], '725_715': [0.0, 0.0], '725_715_passing_MET': [0.0, 0.0], '725_715_failing_MET': [0.0, 0.0], '725_715_min_MET_pt': [10000000.0, 10000000.0], '725_710': [0.0, 0.0], '725_710_passing_MET': [0.0, 0.0], '725_710_failing_MET': [0.0, 0.0], '725_710_min_MET_pt': [10000000.0, 10000000.0], '725_705': [0.0, 0.0], '725_705_passing_MET': [0.0, 0.0], '725_705_failing_MET': [0.0, 0.0], '725_705_min_MET_pt': [10000000.0, 10000000.0], '725_700': [0.0, 0.0], '725_700_passing_MET': [0.0, 0.0], '725_700_failing_MET': [0.0, 0.0], '725_700_min_MET_pt': [10000000.0, 10000000.0], '725_695': [0.0, 0.0], '725_695_passing_MET': [0.0, 0.0], '725_695_failing_MET': [0.0, 0.0], '725_695_min_MET_pt': [10000000.0, 10000000.0], '750_740': [0.0, 2213.0], '750_740_passing_MET': [0.0, 2168.0], '750_740_failing_MET': [0.0, 45.0], '750_740_min_MET_pt': [10000000.0, 44.274112701416016], '750_735': [1979.0, 0.0], '750_735_passing_MET': [1929.0, 0.0], '750_735_failing_MET': [50.0, 0.0], '750_735_min_MET_pt': [30.864322662353516, 10000000.0], '750_730': [2230.0, 0.0], '750_730_passing_MET': [2170.0, 0.0], '750_730_failing_MET': [60.0, 0.0], '750_730_min_MET_pt': [5.39438533782959, 10000000.0], '750_725': [0.0, 0.0], '750_725_passing_MET': [0.0, 0.0], '750_725_failing_MET': [0.0, 0.0], '750_725_min_MET_pt': [10000000.0, 10000000.0], '750_720': [1117.0, 1140.0], '750_720_passing_MET': [0.0, 0.0], '750_720_failing_MET': [0.0, 0.0], '750_720_min_MET_pt': [10000000.0, 10000000.0], '775_765': [0.0, 0.0], '775_765_passing_MET': [0.0, 0.0], '775_765_failing_MET': [0.0, 0.0], '775_765_min_MET_pt': [10000000.0, 10000000.0], '775_760': [0.0, 0.0], '775_760_passing_MET': [0.0, 0.0], '775_760_failing_MET': [0.0, 0.0], '775_760_min_MET_pt': [10000000.0, 10000000.0], '775_755': [0.0, 0.0], '775_755_passing_MET': [0.0, 0.0], '775_755_failing_MET': [0.0, 0.0], '775_755_min_MET_pt': [10000000.0, 10000000.0], '775_750': [0.0, 0.0], '775_750_passing_MET': [0.0, 0.0], '775_750_failing_MET': [0.0, 0.0], '775_750_min_MET_pt': [10000000.0, 10000000.0], '775_745': [0.0, 0.0], '775_745_passing_MET': [0.0, 0.0], '775_745_failing_MET': [0.0, 0.0], '775_745_min_MET_pt': [10000000.0, 10000000.0], '800_790': [0.0, 3251.0], '800_790_passing_MET': [0.0, 3152.0], '800_790_failing_MET': [0.0, 99.0], '800_790_min_MET_pt': [10000000.0, 11.793807029724121], '800_785': [1911.0, 981.0], '800_785_passing_MET': [0.0, 0.0], '800_785_failing_MET': [0.0, 0.0], '800_785_min_MET_pt': [10000000.0, 10000000.0], '800_780': [2236.0, 0.0], '800_780_passing_MET': [2174.0, 0.0], '800_780_failing_MET': [62.0, 0.0], '800_780_min_MET_pt': [8.430371284484863, 10000000.0], '800_775': [1911.0, 0.0], '800_775_passing_MET': [1856.0, 0.0], '800_775_failing_MET': [55.0, 0.0], '800_775_min_MET_pt': [25.99458122253418, 10000000.0], '800_770': [0.0, 0.0], '800_770_passing_MET': [0.0, 0.0], '800_770_failing_MET': [0.0, 0.0], '800_770_min_MET_pt': [10000000.0, 10000000.0], '825_815': [0.0, 0.0], '825_815_passing_MET': [0.0, 0.0], '825_815_failing_MET': [0.0, 0.0], '825_815_min_MET_pt': [10000000.0, 10000000.0], '825_810': [0.0, 0.0], '825_810_passing_MET': [0.0, 0.0], '825_810_failing_MET': [0.0, 0.0], '825_810_min_MET_pt': [10000000.0, 10000000.0], '825_805': [0.0, 0.0], '825_805_passing_MET': [0.0, 0.0], '825_805_failing_MET': [0.0, 0.0], '825_805_min_MET_pt': [10000000.0, 10000000.0], '825_800': [0.0, 0.0], '825_800_passing_MET': [0.0, 0.0], '825_800_failing_MET': [0.0, 0.0], '825_800_min_MET_pt': [10000000.0, 10000000.0], '825_795': [0.0, 0.0], '825_795_passing_MET': [0.0, 0.0], '825_795_failing_MET': [0.0, 0.0], '825_795_min_MET_pt': [10000000.0, 10000000.0], '850_840': [4388.0, 2202.0], '850_840_passing_MET': [0.0, 0.0], '850_840_failing_MET': [0.0, 0.0], '850_840_min_MET_pt': [10000000.0, 10000000.0], '850_835': [0.0, 0.0], '850_835_passing_MET': [0.0, 0.0], '850_835_failing_MET': [0.0, 0.0], '850_835_min_MET_pt': [10000000.0, 10000000.0], '850_830': [0.0, 0.0], '850_830_passing_MET': [0.0, 0.0], '850_830_failing_MET': [0.0, 0.0], '850_830_min_MET_pt': [10000000.0, 10000000.0], '850_825': [965.0, 1002.0], '850_825_passing_MET': [0.0, 0.0], '850_825_failing_MET': [0.0, 0.0], '850_825_min_MET_pt': [10000000.0, 10000000.0], '850_820': [0.0, 0.0], '850_820_passing_MET': [0.0, 0.0], '850_820_failing_MET': [0.0, 0.0], '850_820_min_MET_pt': [10000000.0, 10000000.0], '875_865': [0.0, 0.0], '875_865_passing_MET': [0.0, 0.0], '875_865_failing_MET': [0.0, 0.0], '875_865_min_MET_pt': [10000000.0, 10000000.0], '875_860': [0.0, 0.0], '875_860_passing_MET': [0.0, 0.0], '875_860_failing_MET': [0.0, 0.0], '875_860_min_MET_pt': [10000000.0, 10000000.0], '875_855': [0.0, 0.0], '875_855_passing_MET': [0.0, 0.0], '875_855_failing_MET': [0.0, 0.0], '875_855_min_MET_pt': [10000000.0, 10000000.0], '875_850': [0.0, 0.0], '875_850_passing_MET': [0.0, 0.0], '875_850_failing_MET': [0.0, 0.0], '875_850_min_MET_pt': [10000000.0, 10000000.0], '875_845': [0.0, 0.0], '875_845_passing_MET': [0.0, 0.0], '875_845_failing_MET': [0.0, 0.0], '875_845_min_MET_pt': [10000000.0, 10000000.0], '900_890': [2102.0, 2165.0], '900_890_passing_MET': [0.0, 0.0], '900_890_failing_MET': [0.0, 0.0], '900_890_min_MET_pt': [10000000.0, 10000000.0], '900_885': [0.0, 0.0], '900_885_passing_MET': [0.0, 0.0], '900_885_failing_MET': [0.0, 0.0], '900_885_min_MET_pt': [10000000.0, 10000000.0], '900_880': [1130.0, 1158.0], '900_880_passing_MET': [0.0, 0.0], '900_880_failing_MET': [0.0, 0.0], '900_880_min_MET_pt': [10000000.0, 10000000.0], '900_875': [0.0, 0.0], '900_875_passing_MET': [0.0, 0.0], '900_875_failing_MET': [0.0, 0.0], '900_875_min_MET_pt': [10000000.0, 10000000.0], '900_870': [2301.0, 0.0], '900_870_passing_MET': [2245.0, 0.0], '900_870_failing_MET': [56.0, 0.0], '900_870_min_MET_pt': [28.89936065673828, 10000000.0], '925_915': [0.0, 0.0], '925_915_passing_MET': [0.0, 0.0], '925_915_failing_MET': [0.0, 0.0], '925_915_min_MET_pt': [10000000.0, 10000000.0], '925_910': [0.0, 0.0], '925_910_passing_MET': [0.0, 0.0], '925_910_failing_MET': [0.0, 0.0], '925_910_min_MET_pt': [10000000.0, 10000000.0], '925_905': [0.0, 0.0], '925_905_passing_MET': [0.0, 0.0], '925_905_failing_MET': [0.0, 0.0], '925_905_min_MET_pt': [10000000.0, 10000000.0], '925_900': [0.0, 0.0], '925_900_passing_MET': [0.0, 0.0], '925_900_failing_MET': [0.0, 0.0], '925_900_min_MET_pt': [10000000.0, 10000000.0], '925_895': [0.0, 0.0], '925_895_passing_MET': [0.0, 0.0], '925_895_failing_MET': [0.0, 0.0], '925_895_min_MET_pt': [10000000.0, 10000000.0], '950_940': [3352.0, 0.0], '950_940_passing_MET': [3259.0, 0.0], '950_940_failing_MET': [93.0, 0.0], '950_940_min_MET_pt': [8.839086532592773, 10000000.0], '950_935': [0.0, 0.0], '950_935_passing_MET': [0.0, 0.0], '950_935_failing_MET': [0.0, 0.0], '950_935_min_MET_pt': [10000000.0, 10000000.0], '950_930': [0.0, 1215.0], '950_930_passing_MET': [0.0, 1183.0], '950_930_failing_MET': [0.0, 32.0], '950_930_min_MET_pt': [10000000.0, 46.3560676574707], '950_925': [0.0, 0.0], '950_925_passing_MET': [0.0, 0.0], '950_925_failing_MET': [0.0, 0.0], '950_925_min_MET_pt': [10000000.0, 10000000.0], '950_920': [0.0, 0.0], '950_920_passing_MET': [0.0, 0.0], '950_920_failing_MET': [0.0, 0.0], '950_920_min_MET_pt': [10000000.0, 10000000.0], '975_965': [0.0, 0.0], '975_965_passing_MET': [0.0, 0.0], '975_965_failing_MET': [0.0, 0.0], '975_965_min_MET_pt': [10000000.0, 10000000.0], '975_960': [0.0, 0.0], '975_960_passing_MET': [0.0, 0.0], '975_960_failing_MET': [0.0, 0.0], '975_960_min_MET_pt': [10000000.0, 10000000.0], '975_955': [0.0, 0.0], '975_955_passing_MET': [0.0, 0.0], '975_955_failing_MET': [0.0, 0.0], '975_955_min_MET_pt': [10000000.0, 10000000.0], '975_950': [0.0, 0.0], '975_950_passing_MET': [0.0, 0.0], '975_950_failing_MET': [0.0, 0.0], '975_950_min_MET_pt': [10000000.0, 10000000.0], '975_945': [0.0, 0.0], '975_945_passing_MET': [0.0, 0.0], '975_945_failing_MET': [0.0, 0.0], '975_945_min_MET_pt': [10000000.0, 10000000.0], '1000_990': [1118.0, 1143.0], '1000_990_passing_MET': [0.0, 0.0], '1000_990_failing_MET': [0.0, 0.0], '1000_990_min_MET_pt': [10000000.0, 10000000.0], '1000_985': [0.0, 1084.0], '1000_985_passing_MET': [0.0, 1065.0], '1000_985_failing_MET': [0.0, 19.0], '1000_985_min_MET_pt': [10000000.0, 72.88723754882812], '1000_980': [0.0, 0.0], '1000_980_passing_MET': [0.0, 0.0], '1000_980_failing_MET': [0.0, 0.0], '1000_980_min_MET_pt': [10000000.0, 10000000.0], '1000_975': [0.0, 0.0], '1000_975_passing_MET': [0.0, 0.0], '1000_975_failing_MET': [0.0, 0.0], '1000_975_min_MET_pt': [10000000.0, 10000000.0], '1000_970': [0.0, 0.0], '1000_970_passing_MET': [0.0, 0.0], '1000_970_failing_MET': [0.0, 0.0], '1000_970_min_MET_pt': [10000000.0, 10000000.0], '1025_1015': [0.0, 0.0], '1025_1015_passing_MET': [0.0, 0.0], '1025_1015_failing_MET': [0.0, 0.0], '1025_1015_min_MET_pt': [10000000.0, 10000000.0], '1025_1010': [0.0, 0.0], '1025_1010_passing_MET': [0.0, 0.0], '1025_1010_failing_MET': [0.0, 0.0], '1025_1010_min_MET_pt': [10000000.0, 10000000.0], '1025_1005': [0.0, 0.0], '1025_1005_passing_MET': [0.0, 0.0], '1025_1005_failing_MET': [0.0, 0.0], '1025_1005_min_MET_pt': [10000000.0, 10000000.0], '1025_1000': [0.0, 0.0], '1025_1000_passing_MET': [0.0, 0.0], '1025_1000_failing_MET': [0.0, 0.0], '1025_1000_min_MET_pt': [10000000.0, 10000000.0], '1025_995': [0.0, 0.0], '1025_995_passing_MET': [0.0, 0.0], '1025_995_failing_MET': [0.0, 0.0], '1025_995_min_MET_pt': [10000000.0, 10000000.0], '1050_1040': [0.0, 0.0], '1050_1040_passing_MET': [0.0, 0.0], '1050_1040_failing_MET': [0.0, 0.0], '1050_1040_min_MET_pt': [10000000.0, 10000000.0], '1050_1035': [0.0, 0.0], '1050_1035_passing_MET': [0.0, 0.0], '1050_1035_failing_MET': [0.0, 0.0], '1050_1035_min_MET_pt': [10000000.0, 10000000.0], '1050_1030': [0.0, 0.0], '1050_1030_passing_MET': [0.0, 0.0], '1050_1030_failing_MET': [0.0, 0.0], '1050_1030_min_MET_pt': [10000000.0, 10000000.0], '1050_1025': [0.0, 0.0], '1050_1025_passing_MET': [0.0, 0.0], '1050_1025_failing_MET': [0.0, 0.0], '1050_1025_min_MET_pt': [10000000.0, 10000000.0], '1050_1020': [0.0, 0.0], '1050_1020_passing_MET': [0.0, 0.0], '1050_1020_failing_MET': [0.0, 0.0], '1050_1020_min_MET_pt': [10000000.0, 10000000.0], '1075_1065': [0.0, 0.0], '1075_1065_passing_MET': [0.0, 0.0], '1075_1065_failing_MET': [0.0, 0.0], '1075_1065_min_MET_pt': [10000000.0, 10000000.0], '1075_1060': [0.0, 0.0], '1075_1060_passing_MET': [0.0, 0.0], '1075_1060_failing_MET': [0.0, 0.0], '1075_1060_min_MET_pt': [10000000.0, 10000000.0], '1075_1055': [0.0, 0.0], '1075_1055_passing_MET': [0.0, 0.0], '1075_1055_failing_MET': [0.0, 0.0], '1075_1055_min_MET_pt': [10000000.0, 10000000.0], '1075_1050': [0.0, 0.0], '1075_1050_passing_MET': [0.0, 0.0], '1075_1050_failing_MET': [0.0, 0.0], '1075_1050_min_MET_pt': [10000000.0, 10000000.0], '1075_1045': [0.0, 0.0], '1075_1045_passing_MET': [0.0, 0.0], '1075_1045_failing_MET': [0.0, 0.0], '1075_1045_min_MET_pt': [10000000.0, 10000000.0], '1100_1090': [1131.0, 0.0], '1100_1090_passing_MET': [1114.0, 0.0], '1100_1090_failing_MET': [17.0, 0.0], '1100_1090_min_MET_pt': [55.89438247680664, 10000000.0], '1100_1085': [0.0, 0.0], '1100_1085_passing_MET': [0.0, 0.0], '1100_1085_failing_MET': [0.0, 0.0], '1100_1085_min_MET_pt': [10000000.0, 10000000.0], '1100_1080': [0.0, 1211.0], '1100_1080_passing_MET': [0.0, 1188.0], '1100_1080_failing_MET': [0.0, 23.0], '1100_1080_min_MET_pt': [10000000.0, 42.1147346496582], '1100_1075': [0.0, 0.0], '1100_1075_passing_MET': [0.0, 0.0], '1100_1075_failing_MET': [0.0, 0.0], '1100_1075_min_MET_pt': [10000000.0, 10000000.0], '1100_1070': [0.0, 0.0], '1100_1070_passing_MET': [0.0, 0.0], '1100_1070_failing_MET': [0.0, 0.0], '1100_1070_min_MET_pt': [10000000.0, 10000000.0], 'nEventsTotal': 189188.0, 'strange masspoints': 0.0, 'orphans': 0.0, 'R-hadron event': 0.0, 'different stop antistop masses': 0.0, 'strange error': 0.0, 'strange event': 0.0, 'different neutralino masses': 14191.0, 'large differences': 0.0, '550_536': [356.0, 129.0], '550_536_passing_MET': [346.0, 125.0], '550_536_failing_MET': [10.0, 4.0], '550_536_min_MET_pt': [63.54197692871094, 82.87074279785156], '1052_1040': [1178.0, 2334.0], '1052_1040_passing_MET': [1160.0, 2270.0], '1052_1040_failing_MET': [18.0, 64.0], '1052_1040_min_MET_pt': [24.658891677856445, 32.78955841064453], '676_665': [0.0, 927.0], '676_665_passing_MET': [0.0, 901.0], '676_665_failing_MET': [0.0, 26.0], '676_665_min_MET_pt': [10000000.0, 58.57666778564453], '676_666': [0.0, 100.0], '676_666_passing_MET': [0.0, 98.0], '676_666_failing_MET': [0.0, 2.0], '676_666_min_MET_pt': [10000000.0, 58.363197326660156], '700_686': [0.0, 116.0], '700_686_passing_MET': [0.0, 114.0], '700_686_failing_MET': [0.0, 2.0], '700_686_min_MET_pt': [10000000.0, 43.0190315246582], '876_845': [0.0, 975.0], '876_845_passing_MET': [0.0, 941.0], '876_845_failing_MET': [0.0, 34.0], '876_845_min_MET_pt': [10000000.0, 9.965022087097168], '876_846': [0.0, 200.0], '876_846_passing_MET': [0.0, 194.0], '876_846_failing_MET': [0.0, 6.0], '876_846_min_MET_pt': [10000000.0, 71.16205596923828], '1076_1065': [987.0, 0.0], '1076_1065_passing_MET': [963.0, 0.0], '1076_1065_failing_MET': [24.0, 0.0], '1076_1065_min_MET_pt': [51.253021240234375, 10000000.0], '1076_1064': [108.0, 0.0], '1076_1064_passing_MET': [102.0, 0.0], '1076_1064_failing_MET': [6.0, 0.0], '1076_1064_min_MET_pt': [70.53636169433594, 10000000.0], '776_765': [1980.0, 2936.0], '776_765_passing_MET': [1943.0, 2868.0], '776_765_failing_MET': [37.0, 68.0], '776_765_min_MET_pt': [43.22165298461914, 25.297779083251953], '776_766': [219.0, 279.0], '776_766_passing_MET': [214.0, 273.0], '776_766_failing_MET': [5.0, 6.0], '776_766_min_MET_pt': [55.47392272949219, 63.4569091796875], '976_945': [953.0, 0.0], '976_945_passing_MET': [925.0, 0.0], '976_945_failing_MET': [28.0, 0.0], '976_945_min_MET_pt': [37.9180908203125, 10000000.0], '976_946': [191.0, 0.0], '976_946_passing_MET': [183.0, 0.0], '976_946_failing_MET': [8.0, 0.0], '976_946_min_MET_pt': [60.563228607177734, 10000000.0], '576_566': [91.0, 0.0], '576_566_passing_MET': [91.0, 0.0], '576_566_failing_MET': [0.0, 0.0], '576_566_min_MET_pt': [100.4345932006836, 10000000.0], '576_565': [893.0, 0.0], '576_565_passing_MET': [865.0, 0.0], '576_565_failing_MET': [28.0, 0.0], '576_565_min_MET_pt': [30.559776306152344, 10000000.0], '550_526': [0.0, 299.0], '550_526_passing_MET': [0.0, 291.0], '550_526_failing_MET': [0.0, 8.0], '550_526_min_MET_pt': [10000000.0, 71.17658233642578], '826_815': [3914.0, 1984.0], '826_815_passing_MET': [3808.0, 1939.0], '826_815_failing_MET': [106.0, 45.0], '826_815_min_MET_pt': [11.52385139465332, 24.97140121459961], '826_816': [393.0, 208.0], '826_816_passing_MET': [383.0, 202.0], '826_816_failing_MET': [10.0, 6.0], '826_816_min_MET_pt': [40.29698944091797, 58.50370407104492], '976_960': [0.0, 1150.0], '976_960_passing_MET': [0.0, 1120.0], '976_960_failing_MET': [0.0, 30.0], '976_960_min_MET_pt': [10000000.0, 20.91009521484375], '526_510': [0.0, 1000.0], '526_510_passing_MET': [0.0, 971.0], '526_510_failing_MET': [0.0, 29.0], '526_510_min_MET_pt': [10000000.0, 24.205442428588867], '526_515': [885.0, 0.0], '526_515_passing_MET': [871.0, 0.0], '526_515_failing_MET': [14.0, 0.0], '526_515_min_MET_pt': [62.84625244140625, 10000000.0], '526_516': [88.0, 0.0], '526_516_passing_MET': [86.0, 0.0], '526_516_failing_MET': [2.0, 0.0], '526_516_min_MET_pt': [75.24896240234375, 10000000.0], '626_615': [920.0, 1911.0], '626_615_passing_MET': [895.0, 1876.0], '626_615_failing_MET': [25.0, 35.0], '626_615_min_MET_pt': [39.646240234375, 40.45352554321289], '626_616': [86.0, 179.0], '626_616_passing_MET': [86.0, 174.0], '626_616_failing_MET': [0.0, 5.0], '626_616_min_MET_pt': [104.0655288696289, 68.6899185180664], '926_900': [1163.0, 0.0], '926_900_passing_MET': [1137.0, 0.0], '926_900_failing_MET': [26.0, 0.0], '926_900_min_MET_pt': [41.85546112060547, 10000000.0], '776_745': [985.0, 1911.0], '776_745_passing_MET': [954.0, 1857.0], '776_745_failing_MET': [31.0, 54.0], '776_745_min_MET_pt': [54.48246383666992, 13.761357307434082], '776_746': [173.0, 407.0], '776_746_passing_MET': [167.0, 394.0], '776_746_failing_MET': [6.0, 13.0], '776_746_min_MET_pt': [11.994832038879395, 32.078128814697266], '850_826': [175.0, 167.0], '850_826_passing_MET': [167.0, 164.0], '850_826_failing_MET': [8.0, 3.0], '850_826_min_MET_pt': [33.26192092895508, 8.992444038391113], '926_915': [1028.0, 2009.0], '926_915_passing_MET': [1010.0, 1952.0], '926_915_failing_MET': [18.0, 57.0], '926_915_min_MET_pt': [27.653270721435547, 26.998699188232422], '926_916': [102.0, 209.0], '926_916_passing_MET': [98.0, 203.0], '926_916_failing_MET': [4.0, 6.0], '926_916_min_MET_pt': [71.9792251586914, 70.04301452636719], '926_896': [0.0, 201.0], '926_896_passing_MET': [0.0, 196.0], '926_896_failing_MET': [0.0, 5.0], '926_896_min_MET_pt': [10000000.0, 47.42583465576172], '926_895': [0.0, 956.0], '926_895_passing_MET': [0.0, 915.0], '926_895_failing_MET': [0.0, 41.0], '926_895_min_MET_pt': [10000000.0, 11.701323509216309], '800_786': [276.0, 131.0], '800_786_passing_MET': [267.0, 129.0], '800_786_failing_MET': [9.0, 2.0], '800_786_min_MET_pt': [38.50927734375, 45.570091247558594], '576_550': [0.0, 1077.0], '576_550_passing_MET': [0.0, 1039.0], '576_550_failing_MET': [0.0, 38.0], '576_550_min_MET_pt': [10000000.0, 31.557674407958984], '650_636': [133.0, 0.0], '650_636_passing_MET': [130.0, 0.0], '650_636_failing_MET': [3.0, 0.0], '650_636_min_MET_pt': [40.149539947509766, 10000000.0], '650_626': [0.0, 321.0], '650_626_passing_MET': [0.0, 308.0], '650_626_failing_MET': [0.0, 13.0], '650_626_min_MET_pt': [10000000.0, 54.493507385253906], '776_750': [1093.0, 0.0], '776_750_passing_MET': [1063.0, 0.0], '776_750_failing_MET': [30.0, 0.0], '776_750_min_MET_pt': [50.261924743652344, 10000000.0], '776_760': [2167.0, 1134.0], '776_760_passing_MET': [2111.0, 1101.0], '776_760_failing_MET': [56.0, 33.0], '776_760_min_MET_pt': [8.409724235534668, 23.29632568359375], '876_860': [0.0, 1159.0], '876_860_passing_MET': [0.0, 1128.0], '876_860_failing_MET': [0.0, 31.0], '876_860_min_MET_pt': [10000000.0, 16.139253616333008], '726_700': [1086.0, 0.0], '726_700_passing_MET': [1049.0, 0.0], '726_700_failing_MET': [37.0, 0.0], '726_700_min_MET_pt': [17.2331485748291, 10000000.0], '976_955': [1011.0, 0.0], '976_955_passing_MET': [986.0, 0.0], '976_955_failing_MET': [25.0, 0.0], '976_955_min_MET_pt': [7.641505241394043, 10000000.0], '976_956': [149.0, 0.0], '976_956_passing_MET': [142.0, 0.0], '976_956_failing_MET': [7.0, 0.0], '976_956_min_MET_pt': [47.337547302246094, 10000000.0], '1052_1025': [0.0, 992.0], '1052_1025_passing_MET': [0.0, 968.0], '1052_1025_failing_MET': [0.0, 24.0], '1052_1025_min_MET_pt': [10000000.0, 32.66935348510742], '1052_1024': [0.0, 181.0], '1052_1024_passing_MET': [0.0, 175.0], '1052_1024_failing_MET': [0.0, 6.0], '1052_1024_min_MET_pt': [10000000.0, 39.28764724731445], '576_560': [0.0, 984.0], '576_560_passing_MET': [0.0, 956.0], '576_560_failing_MET': [0.0, 28.0], '576_560_min_MET_pt': [10000000.0, 34.94951629638672], '600_586': [255.0, 0.0], '600_586_passing_MET': [248.0, 0.0], '600_586_failing_MET': [7.0, 0.0], '600_586_min_MET_pt': [50.1895637512207, 10000000.0], '1076_1060': [0.0, 2273.0], '1076_1060_passing_MET': [0.0, 2217.0], '1076_1060_failing_MET': [0.0, 56.0], '1076_1060_min_MET_pt': [10000000.0, 8.126806259155273], '726_715': [2920.0, 0.0], '726_715_passing_MET': [2837.0, 0.0], '726_715_failing_MET': [83.0, 0.0], '726_715_min_MET_pt': [14.148602485656738, 10000000.0], '726_716': [269.0, 0.0], '726_716_passing_MET': [266.0, 0.0], '726_716_failing_MET': [3.0, 0.0], '726_716_min_MET_pt': [80.39163208007812, 10000000.0], '1024_1015': [1071.0, 0.0], '1024_1015_passing_MET': [1051.0, 0.0], '1024_1015_failing_MET': [20.0, 0.0], '1024_1015_min_MET_pt': [41.04988098144531, 10000000.0], '1024_1016': [113.0, 0.0], '1024_1016_passing_MET': [112.0, 0.0], '1024_1016_failing_MET': [1.0, 0.0], '1024_1016_min_MET_pt': [72.81675720214844, 10000000.0], '800_776': [325.0, 0.0], '800_776_passing_MET': [317.0, 0.0], '800_776_failing_MET': [8.0, 0.0], '800_776_min_MET_pt': [68.97569274902344, 10000000.0], '1000_986': [0.0, 118.0], '1000_986_passing_MET': [0.0, 115.0], '1000_986_failing_MET': [0.0, 3.0], '1000_986_min_MET_pt': [10000000.0, 77.00418853759766], '976_965': [1035.0, 0.0], '976_965_passing_MET': [1005.0, 0.0], '976_965_failing_MET': [30.0, 0.0], '976_965_min_MET_pt': [37.8882942199707, 10000000.0], '976_966': [117.0, 0.0], '976_966_passing_MET': [115.0, 0.0], '976_966_failing_MET': [2.0, 0.0], '976_966_min_MET_pt': [93.54058074951172, 10000000.0], '876_855': [1009.0, 0.0], '876_855_passing_MET': [976.0, 0.0], '876_855_failing_MET': [33.0, 0.0], '876_855_min_MET_pt': [27.285280227661133, 10000000.0], '876_856': [146.0, 0.0], '876_856_passing_MET': [145.0, 0.0], '876_856_failing_MET': [1.0, 0.0], '876_856_min_MET_pt': [33.33168411254883, 10000000.0], '1024_1006': [162.0, 0.0], '1024_1006_passing_MET': [159.0, 0.0], '1024_1006_failing_MET': [3.0, 0.0], '1024_1006_min_MET_pt': [76.9825668334961, 10000000.0], '1024_1005': [991.0, 0.0], '1024_1005_passing_MET': [967.0, 0.0], '1024_1005_failing_MET': [24.0, 0.0], '1024_1005_min_MET_pt': [32.501121520996094, 10000000.0], '750_736': [264.0, 0.0], '750_736_passing_MET': [256.0, 0.0], '750_736_failing_MET': [8.0, 0.0], '750_736_min_MET_pt': [69.95404052734375, 10000000.0], '726_706': [0.0, 170.0], '726_706_passing_MET': [0.0, 167.0], '726_706_failing_MET': [0.0, 3.0], '726_706_min_MET_pt': [10000000.0, 82.95050811767578], '726_705': [0.0, 922.0], '726_705_passing_MET': [0.0, 887.0], '726_705_failing_MET': [0.0, 35.0], '726_705_min_MET_pt': [10000000.0, 27.847867965698242], '676_660': [0.0, 2129.0], '676_660_passing_MET': [0.0, 2074.0], '676_660_failing_MET': [0.0, 55.0], '676_660_min_MET_pt': [10000000.0, 2.4025604724884033], '526_500': [1062.0, 0.0], '526_500_passing_MET': [1024.0, 0.0], '526_500_failing_MET': [38.0, 0.0], '526_500_min_MET_pt': [34.66066360473633, 10000000.0], '1052_1035': [1001.0, 0.0], '1052_1035_passing_MET': [980.0, 0.0], '1052_1035_failing_MET': [21.0, 0.0], '1052_1035_min_MET_pt': [26.998916625976562, 10000000.0], '1052_1036': [138.0, 0.0], '1052_1036_passing_MET': [135.0, 0.0], '1052_1036_failing_MET': [3.0, 0.0], '1052_1036_min_MET_pt': [79.77840423583984, 10000000.0], '1100_1092': [97.0, 0.0], '1100_1092_passing_MET': [95.0, 0.0], '1100_1092_failing_MET': [2.0, 0.0], '1100_1092_min_MET_pt': [76.40156555175781, 10000000.0], '626_610': [1071.0, 0.0], '626_610_passing_MET': [1044.0, 0.0], '626_610_failing_MET': [27.0, 0.0], '626_610_min_MET_pt': [20.1401424407959, 10000000.0], '1076_1045': [1003.0, 0.0], '1076_1045_passing_MET': [980.0, 0.0], '1076_1045_failing_MET': [23.0, 0.0], '1076_1045_min_MET_pt': [12.979016304016113, 10000000.0], '1076_1044': [173.0, 0.0], '1076_1044_passing_MET': [166.0, 0.0], '1076_1044_failing_MET': [7.0, 0.0], '1076_1044_min_MET_pt': [57.261070251464844, 10000000.0]}
nevents_from_dict =  3600322670.0596523
Results saved to /afs/cern.ch/work/m/mleoncoe/private/stop_met_check/outputs_2018/nanoAOD_89.json
done
