000 (9018140.217.000) 01/06 10:56:25 Job submitted from host: <188.185.6.50:9618?addrs=188.185.6.50-9618+[2001-1458-d00-62--100-2b1]-9618&alias=bigbird25.cern.ch&noUDP&sock=schedd_1627_90ad>
...
040 (9018140.217.000) 01/06 10:59:38 Started transferring input files
	Transferring to host: <188.185.210.10:9618?addrs=188.185.210.10-9618+[2001-1458-303-1--100-6]-9618&alias=b9p21p6774.cern.ch&noUDP&sock=slot1_27_6292_0879_112559>
...
040 (9018140.217.000) 01/06 10:59:38 Finished transferring input files
...
001 (9018140.217.000) 01/06 10:59:39 Job executing on host: <188.185.210.10:9618?addrs=188.185.210.10-9618+[2001-1458-303-1--100-6]-9618&alias=b9p21p6774.cern.ch&noUDP&sock=startd_5515_68e5>
	SlotName: slot1_27@b9p21p6774.cern.ch
	CondorScratchDir = "/pool/condor/dir_93635"
	Cpus = 1
	Disk = 3897
	GPUs = 0
	Memory = 3000
...
006 (9018140.217.000) 01/06 10:59:53 Image size of job updated: 93636
	92  -  MemoryUsage of job (MB)
	93636  -  ResidentSetSize of job (KB)
...
006 (9018140.217.000) 01/06 11:04:54 Image size of job updated: 197440
	193  -  MemoryUsage of job (MB)
	197440  -  ResidentSetSize of job (KB)
...
006 (9018140.217.000) 01/06 11:09:55 Image size of job updated: 205112
	201  -  MemoryUsage of job (MB)
	205112  -  ResidentSetSize of job (KB)
...
006 (9018140.217.000) 01/06 11:14:55 Image size of job updated: 205428
	201  -  MemoryUsage of job (MB)
	205428  -  ResidentSetSize of job (KB)
...
006 (9018140.217.000) 01/06 11:19:55 Image size of job updated: 205440
	201  -  MemoryUsage of job (MB)
	205440  -  ResidentSetSize of job (KB)
...
006 (9018140.217.000) 01/06 11:24:56 Image size of job updated: 205492
	201  -  MemoryUsage of job (MB)
	205492  -  ResidentSetSize of job (KB)
...
006 (9018140.217.000) 01/06 11:29:56 Image size of job updated: 205496
	201  -  MemoryUsage of job (MB)
	205496  -  ResidentSetSize of job (KB)
...
006 (9018140.217.000) 01/06 11:34:57 Image size of job updated: 205540
	201  -  MemoryUsage of job (MB)
	205540  -  ResidentSetSize of job (KB)
...
006 (9018140.217.000) 01/06 11:39:57 Image size of job updated: 205560
	201  -  MemoryUsage of job (MB)
	205560  -  ResidentSetSize of job (KB)
...
006 (9018140.217.000) 01/06 11:44:57 Image size of job updated: 205568
	201  -  MemoryUsage of job (MB)
	205568  -  ResidentSetSize of job (KB)
...
006 (9018140.217.000) 01/06 11:49:58 Image size of job updated: 205584
	201  -  MemoryUsage of job (MB)
	205584  -  ResidentSetSize of job (KB)
...
006 (9018140.217.000) 01/06 11:54:58 Image size of job updated: 210636
	206  -  MemoryUsage of job (MB)
	210636  -  ResidentSetSize of job (KB)
...
006 (9018140.217.000) 01/06 11:59:59 Image size of job updated: 210640
	206  -  MemoryUsage of job (MB)
	210640  -  ResidentSetSize of job (KB)
...
006 (9018140.217.000) 01/06 12:04:59 Image size of job updated: 210664
	206  -  MemoryUsage of job (MB)
	210664  -  ResidentSetSize of job (KB)
...
006 (9018140.217.000) 01/06 12:09:59 Image size of job updated: 210672
	206  -  MemoryUsage of job (MB)
	210672  -  ResidentSetSize of job (KB)
...
006 (9018140.217.000) 01/06 12:20:00 Image size of job updated: 210680
	206  -  MemoryUsage of job (MB)
	210680  -  ResidentSetSize of job (KB)
...
006 (9018140.217.000) 01/06 12:25:01 Image size of job updated: 210696
	206  -  MemoryUsage of job (MB)
	210696  -  ResidentSetSize of job (KB)
...
006 (9018140.217.000) 01/06 12:35:02 Image size of job updated: 210716
	206  -  MemoryUsage of job (MB)
	210716  -  ResidentSetSize of job (KB)
...
006 (9018140.217.000) 01/06 12:40:03 Image size of job updated: 210732
	206  -  MemoryUsage of job (MB)
	210732  -  ResidentSetSize of job (KB)
...
006 (9018140.217.000) 01/06 12:45:04 Image size of job updated: 210744
	206  -  MemoryUsage of job (MB)
	210744  -  ResidentSetSize of job (KB)
...
040 (9018140.217.000) 01/06 12:46:15 Started transferring output files
...
040 (9018140.217.000) 01/06 12:46:16 Finished transferring output files
...
005 (9018140.217.000) 01/06 12:46:16 Job terminated.
	(1) Normal termination (return value 0)
		Usr 0 01:42:45, Sys 0 00:00:23  -  Run Remote Usage
		Usr 0 00:00:00, Sys 0 00:00:00  -  Run Local Usage
		Usr 0 01:42:45, Sys 0 00:00:23  -  Total Remote Usage
		Usr 0 00:00:00, Sys 0 00:00:00  -  Total Local Usage
	42454  -  Run Bytes Sent By Job
	21436  -  Run Bytes Received By Job
	42454  -  Total Bytes Sent By Job
	21436  -  Total Bytes Received By Job
	Partitionable Resources :    Usage  Request Allocated 
	   Cpus                 :     0.99        1         1 
	   Disk (KB)            :    90          22      3897 
	   GPUs                 :                           0 
	   Memory (MB)          :   206        3000      3000 
	   TimeExecute (s)      :  6396                       
	   TimeSlotBusy (s)     :  6400                       

	Job terminated of its own accord at 2026-01-06T11:46:15Z with exit-code 0.
...
