000 (9018140.381.000) 01/06 10:56:35 Job submitted from host: <188.185.6.50:9618?addrs=188.185.6.50-9618+[2001-1458-d00-62--100-2b1]-9618&alias=bigbird25.cern.ch&noUDP&sock=schedd_1627_90ad>
...
040 (9018140.381.000) 01/06 11:00:28 Started transferring input files
	Transferring to host: <188.185.212.45:9618?addrs=188.185.212.45-9618+[2001-1458-303-18--100-29]-9618&alias=b9p25p8932.cern.ch&noUDP&sock=slot1_10_10070_f9d3_114027>
...
040 (9018140.381.000) 01/06 11:00:28 Finished transferring input files
...
001 (9018140.381.000) 01/06 11:00:29 Job executing on host: <188.185.212.45:9618?addrs=188.185.212.45-9618+[2001-1458-303-18--100-29]-9618&alias=b9p25p8932.cern.ch&noUDP&sock=startd_9326_7053>
	SlotName: slot1_10@b9p25p8932.cern.ch
	CondorScratchDir = "/pool/condor/dir_1728222"
	Cpus = 1
	Disk = 3925
	GPUs = 0
	Memory = 3000
...
006 (9018140.381.000) 01/06 11:00:42 Image size of job updated: 92936
	91  -  MemoryUsage of job (MB)
	92936  -  ResidentSetSize of job (KB)
...
006 (9018140.381.000) 01/06 11:05:42 Image size of job updated: 202156
	198  -  MemoryUsage of job (MB)
	202156  -  ResidentSetSize of job (KB)
...
006 (9018140.381.000) 01/06 11:10:43 Image size of job updated: 209992
	206  -  MemoryUsage of job (MB)
	209992  -  ResidentSetSize of job (KB)
...
006 (9018140.381.000) 01/06 11:15:43 Image size of job updated: 210380
	206  -  MemoryUsage of job (MB)
	210380  -  ResidentSetSize of job (KB)
...
006 (9018140.381.000) 01/06 11:20:44 Image size of job updated: 210440
	206  -  MemoryUsage of job (MB)
	210440  -  ResidentSetSize of job (KB)
...
006 (9018140.381.000) 01/06 11:25:44 Image size of job updated: 210464
	206  -  MemoryUsage of job (MB)
	210464  -  ResidentSetSize of job (KB)
...
006 (9018140.381.000) 01/06 11:30:45 Image size of job updated: 210504
	206  -  MemoryUsage of job (MB)
	210504  -  ResidentSetSize of job (KB)
...
006 (9018140.381.000) 01/06 11:40:45 Image size of job updated: 210540
	206  -  MemoryUsage of job (MB)
	210540  -  ResidentSetSize of job (KB)
...
006 (9018140.381.000) 01/06 11:45:46 Image size of job updated: 210548
	206  -  MemoryUsage of job (MB)
	210548  -  ResidentSetSize of job (KB)
...
006 (9018140.381.000) 01/06 11:50:46 Image size of job updated: 210560
	206  -  MemoryUsage of job (MB)
	210560  -  ResidentSetSize of job (KB)
...
006 (9018140.381.000) 01/06 12:00:47 Image size of job updated: 210584
	206  -  MemoryUsage of job (MB)
	210584  -  ResidentSetSize of job (KB)
...
006 (9018140.381.000) 01/06 12:05:47 Image size of job updated: 210596
	206  -  MemoryUsage of job (MB)
	210596  -  ResidentSetSize of job (KB)
...
006 (9018140.381.000) 01/06 12:10:48 Image size of job updated: 210604
	206  -  MemoryUsage of job (MB)
	210604  -  ResidentSetSize of job (KB)
...
006 (9018140.381.000) 01/06 12:15:48 Image size of job updated: 210608
	206  -  MemoryUsage of job (MB)
	210608  -  ResidentSetSize of job (KB)
...
006 (9018140.381.000) 01/06 12:25:49 Image size of job updated: 210616
	206  -  MemoryUsage of job (MB)
	210616  -  ResidentSetSize of job (KB)
...
006 (9018140.381.000) 01/06 12:30:49 Image size of job updated: 210624
	206  -  MemoryUsage of job (MB)
	210624  -  ResidentSetSize of job (KB)
...
006 (9018140.381.000) 01/06 12:35:49 Image size of job updated: 210628
	206  -  MemoryUsage of job (MB)
	210628  -  ResidentSetSize of job (KB)
...
006 (9018140.381.000) 01/06 12:40:50 Image size of job updated: 210644
	206  -  MemoryUsage of job (MB)
	210644  -  ResidentSetSize of job (KB)
...
006 (9018140.381.000) 01/06 12:45:50 Image size of job updated: 210660
	206  -  MemoryUsage of job (MB)
	210660  -  ResidentSetSize of job (KB)
...
040 (9018140.381.000) 01/06 12:49:26 Started transferring output files
...
040 (9018140.381.000) 01/06 12:49:26 Finished transferring output files
...
005 (9018140.381.000) 01/06 12:49:26 Job terminated.
	(1) Normal termination (return value 0)
		Usr 0 01:44:42, Sys 0 00:00:23  -  Run Remote Usage
		Usr 0 00:00:00, Sys 0 00:00:00  -  Run Local Usage
		Usr 0 01:44:42, Sys 0 00:00:23  -  Total Remote Usage
		Usr 0 00:00:00, Sys 0 00:00:00  -  Total Local Usage
	40033  -  Run Bytes Sent By Job
	21436  -  Run Bytes Received By Job
	40033  -  Total Bytes Sent By Job
	21436  -  Total Bytes Received By Job
	Partitionable Resources :    Usage  Request Allocated 
	   Cpus                 :     0.99        1         1 
	   Disk (KB)            :    87          22      3925 
	   GPUs                 :                           0 
	   Memory (MB)          :   206        3000      3000 
	   TimeExecute (s)      :  6537                       
	   TimeSlotBusy (s)     :  6539                       

	Job terminated of its own accord at 2026-01-06T11:49:26Z with exit-code 0.
...
