i am in this directory
/pool/condor/dir_334373
Python 3.9.23
3.9.23
 will run this python stop_check_met_eff.py /eos/user/m/mleoncoe/stop_event_check/privateNanoAod2018/nanoAOD_584.root /afs/cern.ch/work/m/mleoncoe/private/stop_met_check/outputs_2018/nanoAOD_584.json
event num1000
event num2000
event num3000
event num4000
event num5000
event num6000
event num7000
event num8000
event num9000
event num10000
event num11000
event num12000
event num13000
event num14000
event num15000
event num16000
event num17000
event num18000
event num19000
event num20000
event num21000
event num22000
event num23000
event num24000
event num25000
event num26000
event num27000
event num28000
event num29000
event num30000
event num31000
event num32000
event num33000
event num34000
event num35000
event num36000
event num37000
event num38000
event num39000
event num40000
event num41000
event num42000
event num43000
event num44000
event num45000
event num46000
event num47000
event num48000
event num49000
event num50000
event num51000
event num52000
event num53000
event num54000
event num55000
event num56000
event num57000
event num58000
event num59000
event num60000
event num61000
event num62000
event num63000
event num64000
event num65000
event num66000
event num67000
event num68000
event num69000
event num70000
event num71000
event num72000
event num73000
event num74000
event num75000
event num76000
event num77000
event num78000
event num79000
event num80000
event num81000
event num82000
event num83000
event num84000
event num85000
event num86000
event num87000
event num88000
event num89000
event num90000
event num91000
event num92000
event num93000
event num94000
event num95000
event num96000
event num97000
event num98000
event num99000
event num100000
event num101000
event num102000
event num103000
event num104000
event num105000
event num106000
event num107000
event num108000
event num109000
event num110000
event num111000
event num112000
event num113000
event num114000
event num115000
event num116000
event num117000
event num118000
event num119000
event num120000
event num121000
event num122000
event num123000
event num124000
event num125000
event num126000
event num127000
event num128000
event num129000
event num130000
event num131000
event num132000
event num133000
event num134000
event num135000
event num136000
event num137000
event num138000
event num139000
event num140000
event num141000
event num142000
event num143000
event num144000
event num145000
event num146000
event num147000
event num148000
event num149000
event num150000
event num151000
event num152000
event num153000
event num154000
event num155000
event num156000
event num157000
event num158000
event num159000
event num160000
event num161000
event num162000
event num163000
event num164000
event num165000
event num166000
event num167000
event num168000
{'250_240': [0.0, 0.0], '250_240_passing_MET': [0.0, 0.0], '250_240_failing_MET': [0.0, 0.0], '250_240_min_MET_pt': [10000000.0, 10000000.0], '250_235': [0.0, 0.0], '250_235_passing_MET': [0.0, 0.0], '250_235_failing_MET': [0.0, 0.0], '250_235_min_MET_pt': [10000000.0, 10000000.0], '250_230': [0.0, 739.0], '250_230_passing_MET': [0.0, 708.0], '250_230_failing_MET': [0.0, 31.0], '250_230_min_MET_pt': [10000000.0, 29.772247314453125], '250_225': [0.0, 737.0], '250_225_passing_MET': [0.0, 697.0], '250_225_failing_MET': [0.0, 40.0], '250_225_min_MET_pt': [10000000.0, 34.476470947265625], '250_220': [0.0, 0.0], '250_220_passing_MET': [0.0, 0.0], '250_220_failing_MET': [0.0, 0.0], '250_220_min_MET_pt': [10000000.0, 10000000.0], '275_265': [755.0, 1417.0], '275_265_passing_MET': [0.0, 0.0], '275_265_failing_MET': [0.0, 0.0], '275_265_min_MET_pt': [10000000.0, 10000000.0], '275_260': [783.0, 0.0], '275_260_passing_MET': [744.0, 0.0], '275_260_failing_MET': [39.0, 0.0], '275_260_min_MET_pt': [15.547823905944824, 10000000.0], '275_255': [0.0, 824.0], '275_255_passing_MET': [0.0, 774.0], '275_255_failing_MET': [0.0, 50.0], '275_255_min_MET_pt': [10000000.0, 39.75078582763672], '275_250': [0.0, 745.0], '275_250_passing_MET': [0.0, 698.0], '275_250_failing_MET': [0.0, 47.0], '275_250_min_MET_pt': [10000000.0, 30.837482452392578], '275_245': [831.0, 0.0], '275_245_passing_MET': [779.0, 0.0], '275_245_failing_MET': [52.0, 0.0], '275_245_min_MET_pt': [37.67781066894531, 10000000.0], '300_290': [2240.0, 756.0], '300_290_passing_MET': [0.0, 0.0], '300_290_failing_MET': [0.0, 0.0], '300_290_min_MET_pt': [10000000.0, 10000000.0], '300_285': [0.0, 746.0], '300_285_passing_MET': [0.0, 713.0], '300_285_failing_MET': [0.0, 33.0], '300_285_min_MET_pt': [10000000.0, 30.624732971191406], '300_280': [0.0, 0.0], '300_280_passing_MET': [0.0, 0.0], '300_280_failing_MET': [0.0, 0.0], '300_280_min_MET_pt': [10000000.0, 10000000.0], '300_275': [0.0, 0.0], '300_275_passing_MET': [0.0, 0.0], '300_275_failing_MET': [0.0, 0.0], '300_275_min_MET_pt': [10000000.0, 10000000.0], '300_270': [840.0, 0.0], '300_270_passing_MET': [806.0, 0.0], '300_270_failing_MET': [34.0, 0.0], '300_270_min_MET_pt': [34.0339469909668, 10000000.0], '325_315': [1574.0, 767.0], '325_315_passing_MET': [0.0, 0.0], '325_315_failing_MET': [0.0, 0.0], '325_315_min_MET_pt': [10000000.0, 10000000.0], '325_310': [759.0, 0.0], '325_310_passing_MET': [721.0, 0.0], '325_310_failing_MET': [38.0, 0.0], '325_310_min_MET_pt': [42.337303161621094, 10000000.0], '325_305': [0.0, 0.0], '325_305_passing_MET': [0.0, 0.0], '325_305_failing_MET': [0.0, 0.0], '325_305_min_MET_pt': [10000000.0, 10000000.0], '325_300': [0.0, 0.0], '325_300_passing_MET': [0.0, 0.0], '325_300_failing_MET': [0.0, 0.0], '325_300_min_MET_pt': [10000000.0, 10000000.0], '325_295': [0.0, 0.0], '325_295_passing_MET': [0.0, 0.0], '325_295_failing_MET': [0.0, 0.0], '325_295_min_MET_pt': [10000000.0, 10000000.0], '350_340': [803.0, 0.0], '350_340_passing_MET': [780.0, 0.0], '350_340_failing_MET': [23.0, 0.0], '350_340_min_MET_pt': [27.434551239013672, 10000000.0], '350_335': [0.0, 0.0], '350_335_passing_MET': [0.0, 0.0], '350_335_failing_MET': [0.0, 0.0], '350_335_min_MET_pt': [10000000.0, 10000000.0], '350_330': [0.0, 0.0], '350_330_passing_MET': [0.0, 0.0], '350_330_failing_MET': [0.0, 0.0], '350_330_min_MET_pt': [10000000.0, 10000000.0], '350_325': [1812.0, 0.0], '350_325_passing_MET': [1722.0, 0.0], '350_325_failing_MET': [90.0, 0.0], '350_325_min_MET_pt': [20.71605110168457, 10000000.0], '350_320': [0.0, 915.0], '350_320_passing_MET': [0.0, 876.0], '350_320_failing_MET': [0.0, 39.0], '350_320_min_MET_pt': [10000000.0, 13.836724281311035], '375_365': [895.0, 855.0], '375_365_passing_MET': [0.0, 0.0], '375_365_failing_MET': [0.0, 0.0], '375_365_min_MET_pt': [10000000.0, 10000000.0], '375_360': [0.0, 842.0], '375_360_passing_MET': [0.0, 808.0], '375_360_failing_MET': [0.0, 34.0], '375_360_min_MET_pt': [10000000.0, 33.799530029296875], '375_355': [0.0, 0.0], '375_355_passing_MET': [0.0, 0.0], '375_355_failing_MET': [0.0, 0.0], '375_355_min_MET_pt': [10000000.0, 10000000.0], '375_350': [0.0, 0.0], '375_350_passing_MET': [0.0, 0.0], '375_350_failing_MET': [0.0, 0.0], '375_350_min_MET_pt': [10000000.0, 10000000.0], '375_345': [0.0, 0.0], '375_345_passing_MET': [0.0, 0.0], '375_345_failing_MET': [0.0, 0.0], '375_345_min_MET_pt': [10000000.0, 10000000.0], '400_390': [0.0, 861.0], '400_390_passing_MET': [0.0, 839.0], '400_390_failing_MET': [0.0, 22.0], '400_390_min_MET_pt': [10000000.0, 27.941986083984375], '400_385': [823.0, 0.0], '400_385_passing_MET': [799.0, 0.0], '400_385_failing_MET': [24.0, 0.0], '400_385_min_MET_pt': [31.131118774414062, 10000000.0], '400_380': [0.0, 0.0], '400_380_passing_MET': [0.0, 0.0], '400_380_failing_MET': [0.0, 0.0], '400_380_min_MET_pt': [10000000.0, 10000000.0], '400_375': [936.0, 0.0], '400_375_passing_MET': [903.0, 0.0], '400_375_failing_MET': [33.0, 0.0], '400_375_min_MET_pt': [18.57269859313965, 10000000.0], '400_370': [0.0, 0.0], '400_370_passing_MET': [0.0, 0.0], '400_370_failing_MET': [0.0, 0.0], '400_370_min_MET_pt': [10000000.0, 10000000.0], '425_415': [1834.0, 2737.0], '425_415_passing_MET': [0.0, 0.0], '425_415_failing_MET': [0.0, 0.0], '425_415_min_MET_pt': [10000000.0, 10000000.0], '425_410': [0.0, 0.0], '425_410_passing_MET': [0.0, 0.0], '425_410_failing_MET': [0.0, 0.0], '425_410_min_MET_pt': [10000000.0, 10000000.0], '425_405': [913.0, 933.0], '425_405_passing_MET': [0.0, 0.0], '425_405_failing_MET': [0.0, 0.0], '425_405_min_MET_pt': [10000000.0, 10000000.0], '425_400': [1895.0, 945.0], '425_400_passing_MET': [0.0, 0.0], '425_400_failing_MET': [0.0, 0.0], '425_400_min_MET_pt': [10000000.0, 10000000.0], '425_395': [0.0, 0.0], '425_395_passing_MET': [0.0, 0.0], '425_395_failing_MET': [0.0, 0.0], '425_395_min_MET_pt': [10000000.0, 10000000.0], '450_440': [1908.0, 2682.0], '450_440_passing_MET': [0.0, 0.0], '450_440_failing_MET': [0.0, 0.0], '450_440_min_MET_pt': [10000000.0, 10000000.0], '450_435': [0.0, 0.0], '450_435_passing_MET': [0.0, 0.0], '450_435_failing_MET': [0.0, 0.0], '450_435_min_MET_pt': [10000000.0, 10000000.0], '450_430': [0.0, 0.0], '450_430_passing_MET': [0.0, 0.0], '450_430_failing_MET': [0.0, 0.0], '450_430_min_MET_pt': [10000000.0, 10000000.0], '450_425': [0.0, 0.0], '450_425_passing_MET': [0.0, 0.0], '450_425_failing_MET': [0.0, 0.0], '450_425_min_MET_pt': [10000000.0, 10000000.0], '450_420': [984.0, 1008.0], '450_420_passing_MET': [0.0, 0.0], '450_420_failing_MET': [0.0, 0.0], '450_420_min_MET_pt': [10000000.0, 10000000.0], '475_465': [853.0, 0.0], '475_465_passing_MET': [834.0, 0.0], '475_465_failing_MET': [19.0, 0.0], '475_465_min_MET_pt': [42.105247497558594, 10000000.0], '475_460': [0.0, 0.0], '475_460_passing_MET': [0.0, 0.0], '475_460_failing_MET': [0.0, 0.0], '475_460_min_MET_pt': [10000000.0, 10000000.0], '475_455': [0.0, 0.0], '475_455_passing_MET': [0.0, 0.0], '475_455_failing_MET': [0.0, 0.0], '475_455_min_MET_pt': [10000000.0, 10000000.0], '475_450': [944.0, 968.0], '475_450_passing_MET': [0.0, 0.0], '475_450_failing_MET': [0.0, 0.0], '475_450_min_MET_pt': [10000000.0, 10000000.0], '475_445': [994.0, 0.0], '475_445_passing_MET': [952.0, 0.0], '475_445_failing_MET': [42.0, 0.0], '475_445_min_MET_pt': [17.78331184387207, 10000000.0], '500_490': [0.0, 2823.0], '500_490_passing_MET': [0.0, 2740.0], '500_490_failing_MET': [0.0, 83.0], '500_490_min_MET_pt': [10000000.0, 29.069255828857422], '500_485': [0.0, 0.0], '500_485_passing_MET': [0.0, 0.0], '500_485_failing_MET': [0.0, 0.0], '500_485_min_MET_pt': [10000000.0, 10000000.0], '500_480': [0.0, 992.0], '500_480_passing_MET': [0.0, 955.0], '500_480_failing_MET': [0.0, 37.0], '500_480_min_MET_pt': [10000000.0, 17.528139114379883], '500_475': [0.0, 0.0], '500_475_passing_MET': [0.0, 0.0], '500_475_failing_MET': [0.0, 0.0], '500_475_min_MET_pt': [10000000.0, 10000000.0], '500_470': [0.0, 0.0], '500_470_passing_MET': [0.0, 0.0], '500_470_failing_MET': [0.0, 0.0], '500_470_min_MET_pt': [10000000.0, 10000000.0], '525_515': [0.0, 0.0], '525_515_passing_MET': [0.0, 0.0], '525_515_failing_MET': [0.0, 0.0], '525_515_min_MET_pt': [10000000.0, 10000000.0], '525_510': [0.0, 0.0], '525_510_passing_MET': [0.0, 0.0], '525_510_failing_MET': [0.0, 0.0], '525_510_min_MET_pt': [10000000.0, 10000000.0], '525_505': [0.0, 0.0], '525_505_passing_MET': [0.0, 0.0], '525_505_failing_MET': [0.0, 0.0], '525_505_min_MET_pt': [10000000.0, 10000000.0], '525_500': [0.0, 0.0], '525_500_passing_MET': [0.0, 0.0], '525_500_failing_MET': [0.0, 0.0], '525_500_min_MET_pt': [10000000.0, 10000000.0], '525_495': [0.0, 0.0], '525_495_passing_MET': [0.0, 0.0], '525_495_failing_MET': [0.0, 0.0], '525_495_min_MET_pt': [10000000.0, 10000000.0], '550_540': [950.0, 1973.0], '550_540_passing_MET': [0.0, 0.0], '550_540_failing_MET': [0.0, 0.0], '550_540_min_MET_pt': [10000000.0, 10000000.0], '550_535': [0.0, 0.0], '550_535_passing_MET': [0.0, 0.0], '550_535_failing_MET': [0.0, 0.0], '550_535_min_MET_pt': [10000000.0, 10000000.0], '550_530': [1028.0, 0.0], '550_530_passing_MET': [1001.0, 0.0], '550_530_failing_MET': [27.0, 0.0], '550_530_min_MET_pt': [31.99802017211914, 10000000.0], '550_525': [0.0, 0.0], '550_525_passing_MET': [0.0, 0.0], '550_525_failing_MET': [0.0, 0.0], '550_525_min_MET_pt': [10000000.0, 10000000.0], '550_520': [1026.0, 0.0], '550_520_passing_MET': [993.0, 0.0], '550_520_failing_MET': [33.0, 0.0], '550_520_min_MET_pt': [39.07186508178711, 10000000.0], '575_565': [0.0, 0.0], '575_565_passing_MET': [0.0, 0.0], '575_565_failing_MET': [0.0, 0.0], '575_565_min_MET_pt': [10000000.0, 10000000.0], '575_560': [0.0, 0.0], '575_560_passing_MET': [0.0, 0.0], '575_560_failing_MET': [0.0, 0.0], '575_560_min_MET_pt': [10000000.0, 10000000.0], '575_555': [0.0, 0.0], '575_555_passing_MET': [0.0, 0.0], '575_555_failing_MET': [0.0, 0.0], '575_555_min_MET_pt': [10000000.0, 10000000.0], '575_550': [0.0, 0.0], '575_550_passing_MET': [0.0, 0.0], '575_550_failing_MET': [0.0, 0.0], '575_550_min_MET_pt': [10000000.0, 10000000.0], '575_545': [0.0, 0.0], '575_545_passing_MET': [0.0, 0.0], '575_545_failing_MET': [0.0, 0.0], '575_545_min_MET_pt': [10000000.0, 10000000.0], '600_590': [1993.0, 0.0], '600_590_passing_MET': [1947.0, 0.0], '600_590_failing_MET': [46.0, 0.0], '600_590_min_MET_pt': [13.022221565246582, 10000000.0], '600_585': [0.0, 0.0], '600_585_passing_MET': [0.0, 0.0], '600_585_failing_MET': [0.0, 0.0], '600_585_min_MET_pt': [10000000.0, 10000000.0], '600_580': [0.0, 949.0], '600_580_passing_MET': [0.0, 921.0], '600_580_failing_MET': [0.0, 28.0], '600_580_min_MET_pt': [10000000.0, 47.81520080566406], '600_575': [0.0, 0.0], '600_575_passing_MET': [0.0, 0.0], '600_575_failing_MET': [0.0, 0.0], '600_575_min_MET_pt': [10000000.0, 10000000.0], '600_570': [0.0, 0.0], '600_570_passing_MET': [0.0, 0.0], '600_570_failing_MET': [0.0, 0.0], '600_570_min_MET_pt': [10000000.0, 10000000.0], '625_615': [0.0, 0.0], '625_615_passing_MET': [0.0, 0.0], '625_615_failing_MET': [0.0, 0.0], '625_615_min_MET_pt': [10000000.0, 10000000.0], '625_610': [0.0, 0.0], '625_610_passing_MET': [0.0, 0.0], '625_610_failing_MET': [0.0, 0.0], '625_610_min_MET_pt': [10000000.0, 10000000.0], '625_605': [0.0, 0.0], '625_605_passing_MET': [0.0, 0.0], '625_605_failing_MET': [0.0, 0.0], '625_605_min_MET_pt': [10000000.0, 10000000.0], '625_600': [0.0, 0.0], '625_600_passing_MET': [0.0, 0.0], '625_600_failing_MET': [0.0, 0.0], '625_600_min_MET_pt': [10000000.0, 10000000.0], '625_595': [0.0, 0.0], '625_595_passing_MET': [0.0, 0.0], '625_595_failing_MET': [0.0, 0.0], '625_595_min_MET_pt': [10000000.0, 10000000.0], '650_640': [0.0, 1019.0], '650_640_passing_MET': [0.0, 988.0], '650_640_failing_MET': [0.0, 31.0], '650_640_min_MET_pt': [10000000.0, 33.785404205322266], '650_635': [0.0, 0.0], '650_635_passing_MET': [0.0, 0.0], '650_635_failing_MET': [0.0, 0.0], '650_635_min_MET_pt': [10000000.0, 10000000.0], '650_630': [1037.0, 0.0], '650_630_passing_MET': [1002.0, 0.0], '650_630_failing_MET': [35.0, 0.0], '650_630_min_MET_pt': [29.943708419799805, 10000000.0], '650_625': [861.0, 0.0], '650_625_passing_MET': [838.0, 0.0], '650_625_failing_MET': [23.0, 0.0], '650_625_min_MET_pt': [35.22517776489258, 10000000.0], '650_620': [0.0, 0.0], '650_620_passing_MET': [0.0, 0.0], '650_620_failing_MET': [0.0, 0.0], '650_620_min_MET_pt': [10000000.0, 10000000.0], '675_665': [0.0, 0.0], '675_665_passing_MET': [0.0, 0.0], '675_665_failing_MET': [0.0, 0.0], '675_665_min_MET_pt': [10000000.0, 10000000.0], '675_660': [0.0, 0.0], '675_660_passing_MET': [0.0, 0.0], '675_660_failing_MET': [0.0, 0.0], '675_660_min_MET_pt': [10000000.0, 10000000.0], '675_655': [0.0, 0.0], '675_655_passing_MET': [0.0, 0.0], '675_655_failing_MET': [0.0, 0.0], '675_655_min_MET_pt': [10000000.0, 10000000.0], '675_650': [0.0, 0.0], '675_650_passing_MET': [0.0, 0.0], '675_650_failing_MET': [0.0, 0.0], '675_650_min_MET_pt': [10000000.0, 10000000.0], '675_645': [0.0, 0.0], '675_645_passing_MET': [0.0, 0.0], '675_645_failing_MET': [0.0, 0.0], '675_645_min_MET_pt': [10000000.0, 10000000.0], '700_690': [0.0, 2099.0], '700_690_passing_MET': [0.0, 2034.0], '700_690_failing_MET': [0.0, 65.0], '700_690_min_MET_pt': [10000000.0, 14.764688491821289], '700_685': [0.0, 0.0], '700_685_passing_MET': [0.0, 0.0], '700_685_failing_MET': [0.0, 0.0], '700_685_min_MET_pt': [10000000.0, 10000000.0], '700_680': [0.0, 0.0], '700_680_passing_MET': [0.0, 0.0], '700_680_failing_MET': [0.0, 0.0], '700_680_min_MET_pt': [10000000.0, 10000000.0], '700_675': [927.0, 0.0], '700_675_passing_MET': [906.0, 0.0], '700_675_failing_MET': [21.0, 0.0], '700_675_min_MET_pt': [52.228111267089844, 10000000.0], '700_670': [0.0, 0.0], '700_670_passing_MET': [0.0, 0.0], '700_670_failing_MET': [0.0, 0.0], '700_670_min_MET_pt': [10000000.0, 10000000.0], '725_715': [0.0, 0.0], '725_715_passing_MET': [0.0, 0.0], '725_715_failing_MET': [0.0, 0.0], '725_715_min_MET_pt': [10000000.0, 10000000.0], '725_710': [0.0, 0.0], '725_710_passing_MET': [0.0, 0.0], '725_710_failing_MET': [0.0, 0.0], '725_710_min_MET_pt': [10000000.0, 10000000.0], '725_705': [0.0, 0.0], '725_705_passing_MET': [0.0, 0.0], '725_705_failing_MET': [0.0, 0.0], '725_705_min_MET_pt': [10000000.0, 10000000.0], '725_700': [0.0, 0.0], '725_700_passing_MET': [0.0, 0.0], '725_700_failing_MET': [0.0, 0.0], '725_700_min_MET_pt': [10000000.0, 10000000.0], '725_695': [0.0, 0.0], '725_695_passing_MET': [0.0, 0.0], '725_695_failing_MET': [0.0, 0.0], '725_695_min_MET_pt': [10000000.0, 10000000.0], '750_740': [3252.0, 2104.0], '750_740_passing_MET': [0.0, 0.0], '750_740_failing_MET': [0.0, 0.0], '750_740_min_MET_pt': [10000000.0, 10000000.0], '750_735': [0.0, 0.0], '750_735_passing_MET': [0.0, 0.0], '750_735_failing_MET': [0.0, 0.0], '750_735_min_MET_pt': [10000000.0, 10000000.0], '750_730': [0.0, 1085.0], '750_730_passing_MET': [0.0, 1053.0], '750_730_failing_MET': [0.0, 32.0], '750_730_min_MET_pt': [10000000.0, 56.38755798339844], '750_725': [959.0, 0.0], '750_725_passing_MET': [934.0, 0.0], '750_725_failing_MET': [25.0, 0.0], '750_725_min_MET_pt': [22.99214744567871, 10000000.0], '750_720': [0.0, 2242.0], '750_720_passing_MET': [0.0, 2185.0], '750_720_failing_MET': [0.0, 57.0], '750_720_min_MET_pt': [10000000.0, 35.002586364746094], '775_765': [0.0, 0.0], '775_765_passing_MET': [0.0, 0.0], '775_765_failing_MET': [0.0, 0.0], '775_765_min_MET_pt': [10000000.0, 10000000.0], '775_760': [0.0, 0.0], '775_760_passing_MET': [0.0, 0.0], '775_760_failing_MET': [0.0, 0.0], '775_760_min_MET_pt': [10000000.0, 10000000.0], '775_755': [0.0, 0.0], '775_755_passing_MET': [0.0, 0.0], '775_755_failing_MET': [0.0, 0.0], '775_755_min_MET_pt': [10000000.0, 10000000.0], '775_750': [0.0, 0.0], '775_750_passing_MET': [0.0, 0.0], '775_750_failing_MET': [0.0, 0.0], '775_750_min_MET_pt': [10000000.0, 10000000.0], '775_745': [0.0, 0.0], '775_745_passing_MET': [0.0, 0.0], '775_745_failing_MET': [0.0, 0.0], '775_745_min_MET_pt': [10000000.0, 10000000.0], '800_790': [2119.0, 0.0], '800_790_passing_MET': [2070.0, 0.0], '800_790_failing_MET': [49.0, 0.0], '800_790_min_MET_pt': [22.75164031982422, 10000000.0], '800_785': [0.0, 0.0], '800_785_passing_MET': [0.0, 0.0], '800_785_failing_MET': [0.0, 0.0], '800_785_min_MET_pt': [10000000.0, 10000000.0], '800_780': [1083.0, 0.0], '800_780_passing_MET': [1057.0, 0.0], '800_780_failing_MET': [26.0, 0.0], '800_780_min_MET_pt': [32.0406379699707, 10000000.0], '800_775': [0.0, 0.0], '800_775_passing_MET': [0.0, 0.0], '800_775_failing_MET': [0.0, 0.0], '800_775_min_MET_pt': [10000000.0, 10000000.0], '800_770': [0.0, 1094.0], '800_770_passing_MET': [0.0, 1056.0], '800_770_failing_MET': [0.0, 38.0], '800_770_min_MET_pt': [10000000.0, 29.05600929260254], '825_815': [0.0, 0.0], '825_815_passing_MET': [0.0, 0.0], '825_815_failing_MET': [0.0, 0.0], '825_815_min_MET_pt': [10000000.0, 10000000.0], '825_810': [0.0, 0.0], '825_810_passing_MET': [0.0, 0.0], '825_810_failing_MET': [0.0, 0.0], '825_810_min_MET_pt': [10000000.0, 10000000.0], '825_805': [0.0, 0.0], '825_805_passing_MET': [0.0, 0.0], '825_805_failing_MET': [0.0, 0.0], '825_805_min_MET_pt': [10000000.0, 10000000.0], '825_800': [0.0, 0.0], '825_800_passing_MET': [0.0, 0.0], '825_800_failing_MET': [0.0, 0.0], '825_800_min_MET_pt': [10000000.0, 10000000.0], '825_795': [0.0, 0.0], '825_795_passing_MET': [0.0, 0.0], '825_795_failing_MET': [0.0, 0.0], '825_795_min_MET_pt': [10000000.0, 10000000.0], '850_840': [0.0, 2232.0], '850_840_passing_MET': [0.0, 2167.0], '850_840_failing_MET': [0.0, 65.0], '850_840_min_MET_pt': [10000000.0, 19.607316970825195], '850_835': [1010.0, 936.0], '850_835_passing_MET': [0.0, 0.0], '850_835_failing_MET': [0.0, 0.0], '850_835_min_MET_pt': [10000000.0, 10000000.0], '850_830': [0.0, 0.0], '850_830_passing_MET': [0.0, 0.0], '850_830_failing_MET': [0.0, 0.0], '850_830_min_MET_pt': [10000000.0, 10000000.0], '850_825': [0.0, 0.0], '850_825_passing_MET': [0.0, 0.0], '850_825_failing_MET': [0.0, 0.0], '850_825_min_MET_pt': [10000000.0, 10000000.0], '850_820': [0.0, 0.0], '850_820_passing_MET': [0.0, 0.0], '850_820_failing_MET': [0.0, 0.0], '850_820_min_MET_pt': [10000000.0, 10000000.0], '875_865': [0.0, 0.0], '875_865_passing_MET': [0.0, 0.0], '875_865_failing_MET': [0.0, 0.0], '875_865_min_MET_pt': [10000000.0, 10000000.0], '875_860': [0.0, 0.0], '875_860_passing_MET': [0.0, 0.0], '875_860_failing_MET': [0.0, 0.0], '875_860_min_MET_pt': [10000000.0, 10000000.0], '875_855': [0.0, 0.0], '875_855_passing_MET': [0.0, 0.0], '875_855_failing_MET': [0.0, 0.0], '875_855_min_MET_pt': [10000000.0, 10000000.0], '875_850': [0.0, 0.0], '875_850_passing_MET': [0.0, 0.0], '875_850_failing_MET': [0.0, 0.0], '875_850_min_MET_pt': [10000000.0, 10000000.0], '875_845': [0.0, 0.0], '875_845_passing_MET': [0.0, 0.0], '875_845_failing_MET': [0.0, 0.0], '875_845_min_MET_pt': [10000000.0, 10000000.0], '900_890': [1112.0, 1126.0], '900_890_passing_MET': [0.0, 0.0], '900_890_failing_MET': [0.0, 0.0], '900_890_min_MET_pt': [10000000.0, 10000000.0], '900_885': [0.0, 1973.0], '900_885_passing_MET': [0.0, 1938.0], '900_885_failing_MET': [0.0, 35.0], '900_885_min_MET_pt': [10000000.0, 36.20616912841797], '900_880': [0.0, 1180.0], '900_880_passing_MET': [0.0, 1145.0], '900_880_failing_MET': [0.0, 35.0], '900_880_min_MET_pt': [10000000.0, 58.080013275146484], '900_875': [976.0, 0.0], '900_875_passing_MET': [948.0, 0.0], '900_875_failing_MET': [28.0, 0.0], '900_875_min_MET_pt': [28.220806121826172, 10000000.0], '900_870': [0.0, 0.0], '900_870_passing_MET': [0.0, 0.0], '900_870_failing_MET': [0.0, 0.0], '900_870_min_MET_pt': [10000000.0, 10000000.0], '925_915': [0.0, 0.0], '925_915_passing_MET': [0.0, 0.0], '925_915_failing_MET': [0.0, 0.0], '925_915_min_MET_pt': [10000000.0, 10000000.0], '925_910': [0.0, 0.0], '925_910_passing_MET': [0.0, 0.0], '925_910_failing_MET': [0.0, 0.0], '925_910_min_MET_pt': [10000000.0, 10000000.0], '925_905': [0.0, 0.0], '925_905_passing_MET': [0.0, 0.0], '925_905_failing_MET': [0.0, 0.0], '925_905_min_MET_pt': [10000000.0, 10000000.0], '925_900': [0.0, 0.0], '925_900_passing_MET': [0.0, 0.0], '925_900_failing_MET': [0.0, 0.0], '925_900_min_MET_pt': [10000000.0, 10000000.0], '925_895': [0.0, 0.0], '925_895_passing_MET': [0.0, 0.0], '925_895_failing_MET': [0.0, 0.0], '925_895_min_MET_pt': [10000000.0, 10000000.0], '950_940': [1155.0, 0.0], '950_940_passing_MET': [1124.0, 0.0], '950_940_failing_MET': [31.0, 0.0], '950_940_min_MET_pt': [48.88473892211914, 10000000.0], '950_935': [0.0, 0.0], '950_935_passing_MET': [0.0, 0.0], '950_935_failing_MET': [0.0, 0.0], '950_935_min_MET_pt': [10000000.0, 10000000.0], '950_930': [0.0, 0.0], '950_930_passing_MET': [0.0, 0.0], '950_930_failing_MET': [0.0, 0.0], '950_930_min_MET_pt': [10000000.0, 10000000.0], '950_925': [987.0, 0.0], '950_925_passing_MET': [962.0, 0.0], '950_925_failing_MET': [25.0, 0.0], '950_925_min_MET_pt': [28.961090087890625, 10000000.0], '950_920': [0.0, 0.0], '950_920_passing_MET': [0.0, 0.0], '950_920_failing_MET': [0.0, 0.0], '950_920_min_MET_pt': [10000000.0, 10000000.0], '975_965': [0.0, 0.0], '975_965_passing_MET': [0.0, 0.0], '975_965_failing_MET': [0.0, 0.0], '975_965_min_MET_pt': [10000000.0, 10000000.0], '975_960': [0.0, 0.0], '975_960_passing_MET': [0.0, 0.0], '975_960_failing_MET': [0.0, 0.0], '975_960_min_MET_pt': [10000000.0, 10000000.0], '975_955': [0.0, 0.0], '975_955_passing_MET': [0.0, 0.0], '975_955_failing_MET': [0.0, 0.0], '975_955_min_MET_pt': [10000000.0, 10000000.0], '975_950': [0.0, 0.0], '975_950_passing_MET': [0.0, 0.0], '975_950_failing_MET': [0.0, 0.0], '975_950_min_MET_pt': [10000000.0, 10000000.0], '975_945': [0.0, 0.0], '975_945_passing_MET': [0.0, 0.0], '975_945_failing_MET': [0.0, 0.0], '975_945_min_MET_pt': [10000000.0, 10000000.0], '1000_990': [1114.0, 2232.0], '1000_990_passing_MET': [0.0, 0.0], '1000_990_failing_MET': [0.0, 0.0], '1000_990_min_MET_pt': [10000000.0, 10000000.0], '1000_985': [1952.0, 0.0], '1000_985_passing_MET': [1904.0, 0.0], '1000_985_failing_MET': [48.0, 0.0], '1000_985_min_MET_pt': [16.487688064575195, 10000000.0], '1000_980': [0.0, 0.0], '1000_980_passing_MET': [0.0, 0.0], '1000_980_failing_MET': [0.0, 0.0], '1000_980_min_MET_pt': [10000000.0, 10000000.0], '1000_975': [0.0, 0.0], '1000_975_passing_MET': [0.0, 0.0], '1000_975_failing_MET': [0.0, 0.0], '1000_975_min_MET_pt': [10000000.0, 10000000.0], '1000_970': [0.0, 0.0], '1000_970_passing_MET': [0.0, 0.0], '1000_970_failing_MET': [0.0, 0.0], '1000_970_min_MET_pt': [10000000.0, 10000000.0], '1025_1015': [0.0, 0.0], '1025_1015_passing_MET': [0.0, 0.0], '1025_1015_failing_MET': [0.0, 0.0], '1025_1015_min_MET_pt': [10000000.0, 10000000.0], '1025_1010': [0.0, 0.0], '1025_1010_passing_MET': [0.0, 0.0], '1025_1010_failing_MET': [0.0, 0.0], '1025_1010_min_MET_pt': [10000000.0, 10000000.0], '1025_1005': [0.0, 0.0], '1025_1005_passing_MET': [0.0, 0.0], '1025_1005_failing_MET': [0.0, 0.0], '1025_1005_min_MET_pt': [10000000.0, 10000000.0], '1025_1000': [0.0, 0.0], '1025_1000_passing_MET': [0.0, 0.0], '1025_1000_failing_MET': [0.0, 0.0], '1025_1000_min_MET_pt': [10000000.0, 10000000.0], '1025_995': [0.0, 0.0], '1025_995_passing_MET': [0.0, 0.0], '1025_995_failing_MET': [0.0, 0.0], '1025_995_min_MET_pt': [10000000.0, 10000000.0], '1050_1040': [0.0, 0.0], '1050_1040_passing_MET': [0.0, 0.0], '1050_1040_failing_MET': [0.0, 0.0], '1050_1040_min_MET_pt': [10000000.0, 10000000.0], '1050_1035': [0.0, 0.0], '1050_1035_passing_MET': [0.0, 0.0], '1050_1035_failing_MET': [0.0, 0.0], '1050_1035_min_MET_pt': [10000000.0, 10000000.0], '1050_1030': [0.0, 0.0], '1050_1030_passing_MET': [0.0, 0.0], '1050_1030_failing_MET': [0.0, 0.0], '1050_1030_min_MET_pt': [10000000.0, 10000000.0], '1050_1025': [0.0, 0.0], '1050_1025_passing_MET': [0.0, 0.0], '1050_1025_failing_MET': [0.0, 0.0], '1050_1025_min_MET_pt': [10000000.0, 10000000.0], '1050_1020': [0.0, 0.0], '1050_1020_passing_MET': [0.0, 0.0], '1050_1020_failing_MET': [0.0, 0.0], '1050_1020_min_MET_pt': [10000000.0, 10000000.0], '1075_1065': [0.0, 0.0], '1075_1065_passing_MET': [0.0, 0.0], '1075_1065_failing_MET': [0.0, 0.0], '1075_1065_min_MET_pt': [10000000.0, 10000000.0], '1075_1060': [0.0, 0.0], '1075_1060_passing_MET': [0.0, 0.0], '1075_1060_failing_MET': [0.0, 0.0], '1075_1060_min_MET_pt': [10000000.0, 10000000.0], '1075_1055': [0.0, 0.0], '1075_1055_passing_MET': [0.0, 0.0], '1075_1055_failing_MET': [0.0, 0.0], '1075_1055_min_MET_pt': [10000000.0, 10000000.0], '1075_1050': [0.0, 0.0], '1075_1050_passing_MET': [0.0, 0.0], '1075_1050_failing_MET': [0.0, 0.0], '1075_1050_min_MET_pt': [10000000.0, 10000000.0], '1075_1045': [0.0, 0.0], '1075_1045_passing_MET': [0.0, 0.0], '1075_1045_failing_MET': [0.0, 0.0], '1075_1045_min_MET_pt': [10000000.0, 10000000.0], '1100_1090': [1013.0, 0.0], '1100_1090_passing_MET': [988.0, 0.0], '1100_1090_failing_MET': [25.0, 0.0], '1100_1090_min_MET_pt': [38.728668212890625, 10000000.0], '1100_1085': [1039.0, 0.0], '1100_1085_passing_MET': [1019.0, 0.0], '1100_1085_failing_MET': [20.0, 0.0], '1100_1085_min_MET_pt': [45.80006790161133, 10000000.0], '1100_1080': [0.0, 0.0], '1100_1080_passing_MET': [0.0, 0.0], '1100_1080_failing_MET': [0.0, 0.0], '1100_1080_min_MET_pt': [10000000.0, 10000000.0], '1100_1075': [0.0, 0.0], '1100_1075_passing_MET': [0.0, 0.0], '1100_1075_failing_MET': [0.0, 0.0], '1100_1075_min_MET_pt': [10000000.0, 10000000.0], '1100_1070': [0.0, 0.0], '1100_1070_passing_MET': [0.0, 0.0], '1100_1070_failing_MET': [0.0, 0.0], '1100_1070_min_MET_pt': [10000000.0, 10000000.0], 'nEventsTotal': 168478.0, 'strange masspoints': 0.0, 'orphans': 0.0, 'R-hadron event': 0.0, 'different stop antistop masses': 0.0, 'strange error': 0.0, 'strange event': 0.0, 'different neutralino masses': 12734.0, 'large differences': 0.0, '626_595': [991.0, 0.0], '626_595_passing_MET': [956.0, 0.0], '626_595_failing_MET': [35.0, 0.0], '626_595_min_MET_pt': [39.39662551879883, 10000000.0], '626_596': [169.0, 0.0], '626_596_passing_MET': [162.0, 0.0], '626_596_failing_MET': [7.0, 0.0], '626_596_min_MET_pt': [65.6541748046875, 10000000.0], '1076_1050': [1068.0, 998.0], '1076_1050_passing_MET': [1042.0, 979.0], '1076_1050_failing_MET': [26.0, 19.0], '1076_1050_min_MET_pt': [30.827245712280273, 7.690762042999268], '1076_1052': [161.0, 166.0], '1076_1052_passing_MET': [156.0, 160.0], '1076_1052_failing_MET': [5.0, 6.0], '1076_1052_min_MET_pt': [77.1400375366211, 62.061893463134766], '826_800': [2298.0, 0.0], '826_800_passing_MET': [2242.0, 0.0], '826_800_failing_MET': [56.0, 0.0], '826_800_min_MET_pt': [19.802356719970703, 10000000.0], '1052_1040': [0.0, 2200.0], '1052_1040_passing_MET': [0.0, 2150.0], '1052_1040_failing_MET': [0.0, 50.0], '1052_1040_min_MET_pt': [10000000.0, 44.390445709228516], '726_700': [0.0, 1051.0], '726_700_passing_MET': [0.0, 1019.0], '726_700_failing_MET': [0.0, 32.0], '726_700_min_MET_pt': [10000000.0, 17.954927444458008], '676_650': [2127.0, 2132.0], '676_650_passing_MET': [2066.0, 2067.0], '676_650_failing_MET': [61.0, 65.0], '676_650_min_MET_pt': [13.014520645141602, 9.553406715393066], '526_510': [0.0, 985.0], '526_510_passing_MET': [0.0, 968.0], '526_510_failing_MET': [0.0, 17.0], '526_510_min_MET_pt': [10000000.0, 31.728450775146484], '626_605': [892.0, 0.0], '626_605_passing_MET': [868.0, 0.0], '626_605_failing_MET': [24.0, 0.0], '626_605_min_MET_pt': [40.59679412841797, 10000000.0], '626_606': [133.0, 0.0], '626_606_passing_MET': [129.0, 0.0], '626_606_failing_MET': [4.0, 0.0], '626_606_min_MET_pt': [49.473304748535156, 10000000.0], '1024_1006': [0.0, 351.0], '1024_1006_passing_MET': [0.0, 344.0], '1024_1006_failing_MET': [0.0, 7.0], '1024_1006_min_MET_pt': [10000000.0, 48.938331604003906], '1024_1005': [0.0, 2001.0], '1024_1005_passing_MET': [0.0, 1965.0], '1024_1005_failing_MET': [0.0, 36.0], '1024_1005_min_MET_pt': [10000000.0, 59.1884880065918], '1024_995': [1018.0, 0.0], '1024_995_passing_MET': [988.0, 0.0], '1024_995_failing_MET': [30.0, 0.0], '1024_995_min_MET_pt': [38.91929626464844, 10000000.0], '1024_996': [172.0, 0.0], '1024_996_passing_MET': [166.0, 0.0], '1024_996_failing_MET': [6.0, 0.0], '1024_996_min_MET_pt': [74.51129150390625, 10000000.0], '1024_1016': [107.0, 87.0], '1024_1016_passing_MET': [106.0, 85.0], '1024_1016_failing_MET': [1.0, 2.0], '1024_1016_min_MET_pt': [99.6030502319336, 62.650474548339844], '1024_1015': [1031.0, 1039.0], '1024_1015_passing_MET': [1013.0, 1014.0], '1024_1015_failing_MET': [18.0, 25.0], '1024_1015_min_MET_pt': [54.172611236572266, 28.23040199279785], '526_505': [0.0, 1002.0], '526_505_passing_MET': [0.0, 978.0], '526_505_failing_MET': [0.0, 24.0], '526_505_min_MET_pt': [10000000.0, 46.771629333496094], '826_815': [2971.0, 1000.0], '826_815_passing_MET': [2895.0, 974.0], '826_815_failing_MET': [76.0, 26.0], '826_815_min_MET_pt': [31.670503616333008, 19.208511352539062], '826_816': [292.0, 99.0], '826_816_passing_MET': [284.0, 93.0], '826_816_failing_MET': [8.0, 6.0], '826_816_min_MET_pt': [26.11172103881836, 61.01011276245117], '876_860': [0.0, 1104.0], '876_860_passing_MET': [0.0, 1073.0], '876_860_failing_MET': [0.0, 31.0], '876_860_min_MET_pt': [10000000.0, 24.372325897216797], '626_600': [0.0, 1097.0], '626_600_passing_MET': [0.0, 1067.0], '626_600_failing_MET': [0.0, 30.0], '626_600_min_MET_pt': [10000000.0, 16.035491943359375], '700_676': [168.0, 0.0], '700_676_passing_MET': [163.0, 0.0], '700_676_failing_MET': [5.0, 0.0], '700_676_min_MET_pt': [27.88254737854004, 10000000.0], '726_705': [941.0, 0.0], '726_705_passing_MET': [920.0, 0.0], '726_705_failing_MET': [21.0, 0.0], '726_705_min_MET_pt': [28.348047256469727, 10000000.0], '726_706': [133.0, 0.0], '726_706_passing_MET': [130.0, 0.0], '726_706_failing_MET': [3.0, 0.0], '726_706_min_MET_pt': [61.15639114379883, 10000000.0], '676_645': [1821.0, 943.0], '676_645_passing_MET': [1761.0, 916.0], '676_645_failing_MET': [60.0, 27.0], '676_645_min_MET_pt': [22.612764358520508, 39.931854248046875], '676_646': [328.0, 179.0], '676_646_passing_MET': [319.0, 172.0], '676_646_failing_MET': [9.0, 7.0], '676_646_min_MET_pt': [18.055017471313477, 62.836181640625], '750_726': [171.0, 0.0], '750_726_passing_MET': [164.0, 0.0], '750_726_failing_MET': [7.0, 0.0], '750_726_min_MET_pt': [79.21129608154297, 10000000.0], '776_755': [0.0, 963.0], '776_755_passing_MET': [0.0, 940.0], '776_755_failing_MET': [0.0, 23.0], '776_755_min_MET_pt': [10000000.0, 28.47007942199707], '776_756': [0.0, 143.0], '776_756_passing_MET': [0.0, 139.0], '776_756_failing_MET': [0.0, 4.0], '776_756_min_MET_pt': [10000000.0, 52.75876998901367], '576_550': [1017.0, 0.0], '576_550_passing_MET': [992.0, 0.0], '576_550_failing_MET': [25.0, 0.0], '576_550_min_MET_pt': [33.46404266357422, 10000000.0], '900_876': [205.0, 0.0], '900_876_passing_MET': [203.0, 0.0], '900_876_failing_MET': [2.0, 0.0], '900_876_min_MET_pt': [72.0027084350586, 10000000.0], '976_950': [1138.0, 0.0], '976_950_passing_MET': [1108.0, 0.0], '976_950_failing_MET': [30.0, 0.0], '976_950_min_MET_pt': [21.67803955078125, 10000000.0], '876_865': [2056.0, 0.0], '876_865_passing_MET': [2012.0, 0.0], '876_865_failing_MET': [44.0, 0.0], '876_865_min_MET_pt': [38.389869689941406, 10000000.0], '876_866': [212.0, 0.0], '876_866_passing_MET': [205.0, 0.0], '876_866_failing_MET': [7.0, 0.0], '876_866_min_MET_pt': [53.2659912109375, 10000000.0], '726_710': [1047.0, 0.0], '726_710_passing_MET': [1019.0, 0.0], '726_710_failing_MET': [28.0, 0.0], '726_710_min_MET_pt': [20.56057357788086, 10000000.0], '726_716': [89.0, 207.0], '726_716_passing_MET': [87.0, 204.0], '726_716_failing_MET': [2.0, 3.0], '726_716_min_MET_pt': [84.61418914794922, 73.02127075195312], '726_715': [933.0, 2062.0], '726_715_passing_MET': [912.0, 2022.0], '726_715_failing_MET': [21.0, 40.0], '726_715_min_MET_pt': [22.34807014465332, 23.780385971069336], '776_765': [4921.0, 1002.0], '776_765_passing_MET': [4801.0, 980.0], '776_765_failing_MET': [120.0, 22.0], '776_765_min_MET_pt': [27.249427795410156, 21.57141876220703], '776_766': [510.0, 111.0], '776_766_passing_MET': [496.0, 108.0], '776_766_failing_MET': [14.0, 3.0], '776_766_min_MET_pt': [43.45332717895508, 59.87428665161133], '526_500': [979.0, 1046.0], '526_500_passing_MET': [942.0, 1010.0], '526_500_failing_MET': [37.0, 36.0], '526_500_min_MET_pt': [56.71470260620117, 29.740617752075195], '826_810': [1142.0, 2230.0], '826_810_passing_MET': [1117.0, 2172.0], '826_810_failing_MET': [25.0, 58.0], '826_810_min_MET_pt': [50.177303314208984, 38.21039962768555], '576_565': [0.0, 887.0], '576_565_passing_MET': [0.0, 861.0], '576_565_failing_MET': [0.0, 26.0], '576_565_min_MET_pt': [10000000.0, 26.17667579650879], '576_566': [0.0, 89.0], '576_566_passing_MET': [0.0, 88.0], '576_566_failing_MET': [0.0, 1.0], '576_566_min_MET_pt': [10000000.0, 87.52568817138672], '1000_986': [259.0, 0.0], '1000_986_passing_MET': [255.0, 0.0], '1000_986_failing_MET': [4.0, 0.0], '1000_986_min_MET_pt': [85.66806030273438, 10000000.0], '676_660': [1092.0, 1072.0], '676_660_passing_MET': [1070.0, 1041.0], '676_660_failing_MET': [22.0, 31.0], '676_660_min_MET_pt': [41.61039733886719, 50.66712188720703], '626_615': [2740.0, 1875.0], '626_615_passing_MET': [2679.0, 1835.0], '626_615_failing_MET': [61.0, 40.0], '626_615_min_MET_pt': [18.77729606628418, 18.662372589111328], '626_616': [286.0, 201.0], '626_616_passing_MET': [277.0, 194.0], '626_616_failing_MET': [9.0, 7.0], '626_616_min_MET_pt': [64.98650360107422, 60.005455017089844], '1076_1065': [1031.0, 0.0], '1076_1065_passing_MET': [1014.0, 0.0], '1076_1065_failing_MET': [17.0, 0.0], '1076_1065_min_MET_pt': [40.2569694519043, 10000000.0], '1076_1064': [108.0, 0.0], '1076_1064_passing_MET': [104.0, 0.0], '1076_1064_failing_MET': [4.0, 0.0], '1076_1064_min_MET_pt': [56.41260528564453, 10000000.0], '850_836': [126.0, 124.0], '850_836_passing_MET': [124.0, 122.0], '850_836_failing_MET': [2.0, 2.0], '850_836_min_MET_pt': [64.79972076416016, 88.35542297363281], '926_905': [971.0, 0.0], '926_905_passing_MET': [945.0, 0.0], '926_905_failing_MET': [26.0, 0.0], '926_905_min_MET_pt': [16.201669692993164, 10000000.0], '926_906': [150.0, 0.0], '926_906_passing_MET': [145.0, 0.0], '926_906_failing_MET': [5.0, 0.0], '926_906_min_MET_pt': [82.66990661621094, 10000000.0], '526_515': [0.0, 857.0], '526_515_passing_MET': [0.0, 834.0], '526_515_failing_MET': [0.0, 23.0], '526_515_min_MET_pt': [10000000.0, 12.383728981018066], '526_516': [0.0, 76.0], '526_516_passing_MET': [0.0, 75.0], '526_516_failing_MET': [0.0, 1.0], '526_516_min_MET_pt': [10000000.0, 84.92045593261719], '900_886': [0.0, 285.0], '900_886_passing_MET': [0.0, 275.0], '900_886_failing_MET': [0.0, 10.0], '900_886_min_MET_pt': [10000000.0, 58.97074890136719], '650_626': [167.0, 0.0], '650_626_passing_MET': [160.0, 0.0], '650_626_failing_MET': [7.0, 0.0], '650_626_min_MET_pt': [33.48196792602539, 10000000.0], '1076_1055': [958.0, 0.0], '1076_1055_passing_MET': [926.0, 0.0], '1076_1055_failing_MET': [32.0, 0.0], '1076_1055_min_MET_pt': [9.334500312805176, 10000000.0], '1076_1056': [169.0, 0.0], '1076_1056_passing_MET': [163.0, 0.0], '1076_1056_failing_MET': [6.0, 0.0], '1076_1056_min_MET_pt': [40.26883316040039, 10000000.0], '826_795': [980.0, 0.0], '826_795_passing_MET': [937.0, 0.0], '826_795_failing_MET': [43.0, 0.0], '826_795_min_MET_pt': [33.9867057800293, 10000000.0], '826_796': [179.0, 0.0], '826_796_passing_MET': [173.0, 0.0], '826_796_failing_MET': [6.0, 0.0], '826_796_min_MET_pt': [2.9315621852874756, 10000000.0], '1100_1084': [142.0, 0.0], '1100_1084_passing_MET': [140.0, 0.0], '1100_1084_failing_MET': [2.0, 0.0], '1100_1084_min_MET_pt': [28.802343368530273, 10000000.0], '1052_1035': [1001.0, 0.0], '1052_1035_passing_MET': [982.0, 0.0], '1052_1035_failing_MET': [19.0, 0.0], '1052_1035_min_MET_pt': [37.46317672729492, 10000000.0], '1052_1036': [139.0, 0.0], '1052_1036_passing_MET': [138.0, 0.0], '1052_1036_failing_MET': [1.0, 0.0], '1052_1036_min_MET_pt': [84.79795837402344, 10000000.0], '926_915': [1049.0, 1021.0], '926_915_passing_MET': [1026.0, 990.0], '926_915_failing_MET': [23.0, 31.0], '926_915_min_MET_pt': [28.23343849182129, 23.610883712768555], '926_916': [118.0, 91.0], '926_916_passing_MET': [113.0, 89.0], '926_916_failing_MET': [5.0, 2.0], '926_916_min_MET_pt': [75.17250061035156, 63.4913215637207], '950_926': [193.0, 0.0], '950_926_passing_MET': [186.0, 0.0], '950_926_failing_MET': [7.0, 0.0], '950_926_min_MET_pt': [23.64574432373047, 10000000.0], '1100_1092': [98.0, 0.0], '1100_1092_passing_MET': [94.0, 0.0], '1100_1092_failing_MET': [4.0, 0.0], '1100_1092_min_MET_pt': [52.50807571411133, 10000000.0]}
nevents_from_dict =  3530299417.877327
Results saved to /afs/cern.ch/work/m/mleoncoe/private/stop_met_check/outputs_2018/nanoAOD_584.json
done
