000 (9018140.033.000) 01/06 10:56:18 Job submitted from host: <188.185.6.50:9618?addrs=188.185.6.50-9618+[2001-1458-d00-62--100-2b1]-9618&alias=bigbird25.cern.ch&noUDP&sock=schedd_1627_90ad>
...
040 (9018140.033.000) 01/06 10:58:36 Started transferring input files
	Transferring to host: <188.185.211.184:9618?addrs=188.185.211.184-9618+[2001-1458-303-17--100-34]-9618&alias=b9p24p6475.cern.ch&noUDP&sock=slot1_15_6907_5b32_113092>
...
040 (9018140.033.000) 01/06 10:58:36 Finished transferring input files
...
001 (9018140.033.000) 01/06 10:58:37 Job executing on host: <188.185.211.184:9618?addrs=188.185.211.184-9618+[2001-1458-303-17--100-34]-9618&alias=b9p24p6475.cern.ch&noUDP&sock=startd_5885_32f0>
	SlotName: slot1_15@b9p24p6475.cern.ch
	CondorScratchDir = "/pool/condor/dir_3997407"
	Cpus = 1
	Disk = 3762
	GPUs = 0
	Memory = 3000
...
006 (9018140.033.000) 01/06 10:58:50 Image size of job updated: 96340
	95  -  MemoryUsage of job (MB)
	96340  -  ResidentSetSize of job (KB)
...
006 (9018140.033.000) 01/06 11:03:50 Image size of job updated: 201216
	197  -  MemoryUsage of job (MB)
	201216  -  ResidentSetSize of job (KB)
...
006 (9018140.033.000) 01/06 11:08:51 Image size of job updated: 210120
	206  -  MemoryUsage of job (MB)
	210120  -  ResidentSetSize of job (KB)
...
006 (9018140.033.000) 01/06 11:13:51 Image size of job updated: 211064
	207  -  MemoryUsage of job (MB)
	211064  -  ResidentSetSize of job (KB)
...
006 (9018140.033.000) 01/06 11:17:40 Image size of job updated: 211088
	207  -  MemoryUsage of job (MB)
	211064  -  ResidentSetSize of job (KB)
...
040 (9018140.033.000) 01/06 11:17:40 Started transferring output files
...
040 (9018140.033.000) 01/06 11:17:40 Finished transferring output files
...
005 (9018140.033.000) 01/06 11:17:40 Job terminated.
	(1) Normal termination (return value 0)
		Usr 0 00:18:14, Sys 0 00:00:02  -  Run Remote Usage
		Usr 0 00:00:00, Sys 0 00:00:00  -  Run Local Usage
		Usr 0 00:18:14, Sys 0 00:00:02  -  Total Remote Usage
		Usr 0 00:00:00, Sys 0 00:00:00  -  Total Local Usage
	35167  -  Run Bytes Sent By Job
	21436  -  Run Bytes Received By Job
	35167  -  Total Bytes Sent By Job
	21436  -  Total Bytes Received By Job
	Partitionable Resources :    Usage  Request Allocated 
	   Cpus                 :     0.99        1         1 
	   Disk (KB)            :    83          22      3762 
	   GPUs                 :                           0 
	   Memory (MB)          :   207        3000      3000 
	   TimeExecute (s)      :  1143                       
	   TimeSlotBusy (s)     :  1145                       

	Job terminated of its own accord at 2026-01-06T10:17:40Z with exit-code 0.
...
