000 (9018140.545.000) 01/06 10:56:47 Job submitted from host: <188.185.6.50:9618?addrs=188.185.6.50-9618+[2001-1458-d00-62--100-2b1]-9618&alias=bigbird25.cern.ch&noUDP&sock=schedd_1627_90ad>
...
040 (9018140.545.000) 01/06 11:01:24 Started transferring input files
	Transferring to host: <188.185.214.42:9618?addrs=188.185.214.42-9618+[2001-1458-303-1c--100-26]-9618&alias=b9p29p6338.cern.ch&noUDP&sock=slot1_48_6909_c3f2_111893>
...
040 (9018140.545.000) 01/06 11:01:24 Finished transferring input files
...
001 (9018140.545.000) 01/06 11:01:25 Job executing on host: <188.185.214.42:9618?addrs=188.185.214.42-9618+[2001-1458-303-1c--100-26]-9618&alias=b9p29p6338.cern.ch&noUDP&sock=startd_5956_e629>
	SlotName: slot1_48@b9p29p6338.cern.ch
	CondorScratchDir = "/pool/condor/dir_3457705"
	Cpus = 1
	Disk = 3875
	GPUs = 0
	Memory = 3000
...
006 (9018140.545.000) 01/06 11:01:38 Image size of job updated: 108508
	106  -  MemoryUsage of job (MB)
	108508  -  ResidentSetSize of job (KB)
...
006 (9018140.545.000) 01/06 11:06:38 Image size of job updated: 203772
	199  -  MemoryUsage of job (MB)
	203772  -  ResidentSetSize of job (KB)
...
006 (9018140.545.000) 01/06 11:11:39 Image size of job updated: 210548
	206  -  MemoryUsage of job (MB)
	210548  -  ResidentSetSize of job (KB)
...
006 (9018140.545.000) 01/06 11:16:39 Image size of job updated: 211204
	207  -  MemoryUsage of job (MB)
	211204  -  ResidentSetSize of job (KB)
...
006 (9018140.545.000) 01/06 11:21:39 Image size of job updated: 211216
	207  -  MemoryUsage of job (MB)
	211216  -  ResidentSetSize of job (KB)
...
006 (9018140.545.000) 01/06 11:26:40 Image size of job updated: 211260
	207  -  MemoryUsage of job (MB)
	211260  -  ResidentSetSize of job (KB)
...
006 (9018140.545.000) 01/06 11:31:40 Image size of job updated: 214456
	210  -  MemoryUsage of job (MB)
	214456  -  ResidentSetSize of job (KB)
...
006 (9018140.545.000) 01/06 11:36:41 Image size of job updated: 214564
	210  -  MemoryUsage of job (MB)
	214564  -  ResidentSetSize of job (KB)
...
006 (9018140.545.000) 01/06 11:46:42 Image size of job updated: 214604
	210  -  MemoryUsage of job (MB)
	214604  -  ResidentSetSize of job (KB)
...
006 (9018140.545.000) 01/06 11:51:43 Image size of job updated: 214620
	210  -  MemoryUsage of job (MB)
	214620  -  ResidentSetSize of job (KB)
...
006 (9018140.545.000) 01/06 11:56:43 Image size of job updated: 214628
	210  -  MemoryUsage of job (MB)
	214628  -  ResidentSetSize of job (KB)
...
006 (9018140.545.000) 01/06 12:21:45 Image size of job updated: 214636
	210  -  MemoryUsage of job (MB)
	214636  -  ResidentSetSize of job (KB)
...
006 (9018140.545.000) 01/06 12:26:45 Image size of job updated: 214692
	210  -  MemoryUsage of job (MB)
	214692  -  ResidentSetSize of job (KB)
...
006 (9018140.545.000) 01/06 12:31:45 Image size of job updated: 214716
	210  -  MemoryUsage of job (MB)
	214716  -  ResidentSetSize of job (KB)
...
006 (9018140.545.000) 01/06 12:36:46 Image size of job updated: 214724
	210  -  MemoryUsage of job (MB)
	214724  -  ResidentSetSize of job (KB)
...
006 (9018140.545.000) 01/06 12:51:48 Image size of job updated: 214732
	210  -  MemoryUsage of job (MB)
	214732  -  ResidentSetSize of job (KB)
...
006 (9018140.545.000) 01/06 12:56:48 Image size of job updated: 214736
	210  -  MemoryUsage of job (MB)
	214736  -  ResidentSetSize of job (KB)
...
006 (9018140.545.000) 01/06 13:06:50 Image size of job updated: 214756
	210  -  MemoryUsage of job (MB)
	214756  -  ResidentSetSize of job (KB)
...
006 (9018140.545.000) 01/06 13:16:51 Image size of job updated: 214760
	210  -  MemoryUsage of job (MB)
	214760  -  ResidentSetSize of job (KB)
...
006 (9018140.545.000) 01/06 13:21:52 Image size of job updated: 214764
	210  -  MemoryUsage of job (MB)
	214764  -  ResidentSetSize of job (KB)
...
006 (9018140.545.000) 01/06 13:31:53 Image size of job updated: 214768
	210  -  MemoryUsage of job (MB)
	214768  -  ResidentSetSize of job (KB)
...
006 (9018140.545.000) 01/06 13:46:55 Image size of job updated: 214780
	210  -  MemoryUsage of job (MB)
	214780  -  ResidentSetSize of job (KB)
...
006 (9018140.545.000) 01/06 14:01:57 Image size of job updated: 214784
	210  -  MemoryUsage of job (MB)
	214784  -  ResidentSetSize of job (KB)
...
006 (9018140.545.000) 01/06 14:11:58 Image size of job updated: 214788
	210  -  MemoryUsage of job (MB)
	214788  -  ResidentSetSize of job (KB)
...
006 (9018140.545.000) 01/06 14:16:59 Image size of job updated: 214804
	210  -  MemoryUsage of job (MB)
	214804  -  ResidentSetSize of job (KB)
...
006 (9018140.545.000) 01/06 14:22:00 Image size of job updated: 214808
	210  -  MemoryUsage of job (MB)
	214808  -  ResidentSetSize of job (KB)
...
006 (9018140.545.000) 01/06 14:27:00 Image size of job updated: 214812
	210  -  MemoryUsage of job (MB)
	214812  -  ResidentSetSize of job (KB)
...
006 (9018140.545.000) 01/06 14:32:01 Image size of job updated: 214828
	210  -  MemoryUsage of job (MB)
	214828  -  ResidentSetSize of job (KB)
...
006 (9018140.545.000) 01/06 14:33:12 Image size of job updated: 214832
	210  -  MemoryUsage of job (MB)
	214828  -  ResidentSetSize of job (KB)
...
040 (9018140.545.000) 01/06 14:33:12 Started transferring output files
...
040 (9018140.545.000) 01/06 14:33:14 Finished transferring output files
...
005 (9018140.545.000) 01/06 14:33:14 Job terminated.
	(1) Normal termination (return value 0)
		Usr 0 03:28:54, Sys 0 00:00:07  -  Run Remote Usage
		Usr 0 00:00:00, Sys 0 00:00:00  -  Run Local Usage
		Usr 0 03:28:54, Sys 0 00:00:07  -  Total Remote Usage
		Usr 0 00:00:00, Sys 0 00:00:00  -  Total Local Usage
	46696  -  Run Bytes Sent By Job
	21436  -  Run Bytes Received By Job
	46696  -  Total Bytes Sent By Job
	21436  -  Total Bytes Received By Job
	Partitionable Resources :    Usage  Request Allocated 
	   Cpus                 :     0.99        1         1 
	   Disk (KB)            :    94          22      3875 
	   GPUs                 :                           0 
	   Memory (MB)          :   210        3000      3000 
	   TimeExecute (s)      : 12707                       
	   TimeSlotBusy (s)     : 12710                       

	Job terminated of its own accord at 2026-01-06T13:33:12Z with exit-code 0.
...
