000 (9018140.392.000) 01/06 10:56:35 Job submitted from host: <188.185.6.50:9618?addrs=188.185.6.50-9618+[2001-1458-d00-62--100-2b1]-9618&alias=bigbird25.cern.ch&noUDP&sock=schedd_1627_90ad>
...
040 (9018140.392.000) 01/06 11:00:31 Started transferring input files
	Transferring to host: <188.185.215.42:9618?addrs=188.185.215.42-9618+[2001-1458-303-1e--100-26]-9618&alias=b9p31p5855.cern.ch&noUDP&sock=slot1_26_860152_a59b_32521>
...
040 (9018140.392.000) 01/06 11:00:31 Finished transferring input files
...
001 (9018140.392.000) 01/06 11:00:32 Job executing on host: <188.185.215.42:9618?addrs=188.185.215.42-9618+[2001-1458-303-1e--100-26]-9618&alias=b9p31p5855.cern.ch&noUDP&sock=startd_7319_cdbf>
	SlotName: slot1_26@b9p31p5855.cern.ch
	CondorScratchDir = "/pool/condor/dir_3413121"
	Cpus = 1
	Disk = 3798
	GPUs = 0
	Memory = 3000
...
006 (9018140.392.000) 01/06 11:00:46 Image size of job updated: 12468
	13  -  MemoryUsage of job (MB)
	12468  -  ResidentSetSize of job (KB)
...
006 (9018140.392.000) 01/06 11:05:47 Image size of job updated: 207808
	203  -  MemoryUsage of job (MB)
	207808  -  ResidentSetSize of job (KB)
...
006 (9018140.392.000) 01/06 11:10:47 Image size of job updated: 207916
	204  -  MemoryUsage of job (MB)
	207916  -  ResidentSetSize of job (KB)
...
006 (9018140.392.000) 01/06 11:15:47 Image size of job updated: 208516
	204  -  MemoryUsage of job (MB)
	208516  -  ResidentSetSize of job (KB)
...
006 (9018140.392.000) 01/06 11:20:48 Image size of job updated: 212448
	208  -  MemoryUsage of job (MB)
	212448  -  ResidentSetSize of job (KB)
...
006 (9018140.392.000) 01/06 11:25:49 Image size of job updated: 212500
	208  -  MemoryUsage of job (MB)
	212500  -  ResidentSetSize of job (KB)
...
006 (9018140.392.000) 01/06 11:35:50 Image size of job updated: 212524
	208  -  MemoryUsage of job (MB)
	212524  -  ResidentSetSize of job (KB)
...
006 (9018140.392.000) 01/06 11:50:51 Image size of job updated: 212544
	208  -  MemoryUsage of job (MB)
	212544  -  ResidentSetSize of job (KB)
...
006 (9018140.392.000) 01/06 11:55:51 Image size of job updated: 212568
	208  -  MemoryUsage of job (MB)
	212568  -  ResidentSetSize of job (KB)
...
006 (9018140.392.000) 01/06 12:00:52 Image size of job updated: 212572
	208  -  MemoryUsage of job (MB)
	212572  -  ResidentSetSize of job (KB)
...
006 (9018140.392.000) 01/06 12:05:53 Image size of job updated: 212584
	208  -  MemoryUsage of job (MB)
	212584  -  ResidentSetSize of job (KB)
...
006 (9018140.392.000) 01/06 12:15:54 Image size of job updated: 212592
	208  -  MemoryUsage of job (MB)
	212592  -  ResidentSetSize of job (KB)
...
006 (9018140.392.000) 01/06 12:20:55 Image size of job updated: 212604
	208  -  MemoryUsage of job (MB)
	212604  -  ResidentSetSize of job (KB)
...
006 (9018140.392.000) 01/06 12:25:55 Image size of job updated: 212680
	208  -  MemoryUsage of job (MB)
	212680  -  ResidentSetSize of job (KB)
...
006 (9018140.392.000) 01/06 12:30:55 Image size of job updated: 212700
	208  -  MemoryUsage of job (MB)
	212700  -  ResidentSetSize of job (KB)
...
006 (9018140.392.000) 01/06 12:35:56 Image size of job updated: 212712
	208  -  MemoryUsage of job (MB)
	212712  -  ResidentSetSize of job (KB)
...
006 (9018140.392.000) 01/06 12:40:56 Image size of job updated: 212732
	208  -  MemoryUsage of job (MB)
	212732  -  ResidentSetSize of job (KB)
...
006 (9018140.392.000) 01/06 12:50:58 Image size of job updated: 212736
	208  -  MemoryUsage of job (MB)
	212736  -  ResidentSetSize of job (KB)
...
006 (9018140.392.000) 01/06 13:00:59 Image size of job updated: 212744
	208  -  MemoryUsage of job (MB)
	212744  -  ResidentSetSize of job (KB)
...
006 (9018140.392.000) 01/06 13:06:00 Image size of job updated: 212752
	208  -  MemoryUsage of job (MB)
	212752  -  ResidentSetSize of job (KB)
...
006 (9018140.392.000) 01/06 13:11:00 Image size of job updated: 212756
	208  -  MemoryUsage of job (MB)
	212756  -  ResidentSetSize of job (KB)
...
006 (9018140.392.000) 01/06 13:26:02 Image size of job updated: 212792
	208  -  MemoryUsage of job (MB)
	212792  -  ResidentSetSize of job (KB)
...
006 (9018140.392.000) 01/06 13:28:49 Image size of job updated: 212912
	208  -  MemoryUsage of job (MB)
	212792  -  ResidentSetSize of job (KB)
...
040 (9018140.392.000) 01/06 13:28:50 Started transferring output files
...
040 (9018140.392.000) 01/06 13:28:50 Finished transferring output files
...
005 (9018140.392.000) 01/06 13:28:50 Job terminated.
	(1) Normal termination (return value 0)
		Usr 0 02:24:28, Sys 0 00:00:16  -  Run Remote Usage
		Usr 0 00:00:00, Sys 0 00:00:00  -  Run Local Usage
		Usr 0 02:24:28, Sys 0 00:00:16  -  Total Remote Usage
		Usr 0 00:00:00, Sys 0 00:00:00  -  Total Local Usage
	42861  -  Run Bytes Sent By Job
	21436  -  Run Bytes Received By Job
	42861  -  Total Bytes Sent By Job
	21436  -  Total Bytes Received By Job
	Partitionable Resources :    Usage  Request Allocated 
	   Cpus                 :     0.98        1         1 
	   Disk (KB)            :    90          22      3798 
	   GPUs                 :                           0 
	   Memory (MB)          :   208        3000      3000 
	   TimeExecute (s)      :  8898                       
	   TimeSlotBusy (s)     :  8900                       

	Job terminated of its own accord at 2026-01-06T12:28:49Z with exit-code 0.
...
