i am in this directory
/pool/condor/dir_62333
Python 3.9.23
3.9.23
 will run this python stop_check_met_eff.py /eos/user/m/mleoncoe/stop_event_check/privateNanoAod2018/nanoAOD_344.root /afs/cern.ch/work/m/mleoncoe/private/stop_met_check/outputs_2018/nanoAOD_344.json
event num1000
event num2000
event num3000
event num4000
event num5000
event num6000
event num7000
event num8000
event num9000
event num10000
event num11000
event num12000
event num13000
event num14000
event num15000
event num16000
event num17000
event num18000
event num19000
event num20000
event num21000
event num22000
event num23000
event num24000
event num25000
event num26000
event num27000
event num28000
event num29000
event num30000
event num31000
event num32000
event num33000
event num34000
event num35000
event num36000
event num37000
event num38000
event num39000
event num40000
event num41000
event num42000
event num43000
event num44000
event num45000
event num46000
event num47000
event num48000
event num49000
event num50000
event num51000
event num52000
event num53000
event num54000
event num55000
event num56000
event num57000
event num58000
event num59000
event num60000
event num61000
event num62000
event num63000
event num64000
event num65000
event num66000
event num67000
event num68000
event num69000
event num70000
event num71000
event num72000
event num73000
event num74000
event num75000
event num76000
event num77000
event num78000
event num79000
event num80000
event num81000
event num82000
event num83000
event num84000
event num85000
event num86000
event num87000
event num88000
event num89000
event num90000
event num91000
event num92000
event num93000
event num94000
event num95000
event num96000
event num97000
event num98000
event num99000
event num100000
event num101000
event num102000
event num103000
event num104000
event num105000
event num106000
event num107000
event num108000
event num109000
event num110000
event num111000
event num112000
event num113000
event num114000
event num115000
event num116000
event num117000
event num118000
event num119000
event num120000
event num121000
event num122000
event num123000
event num124000
event num125000
event num126000
event num127000
event num128000
event num129000
event num130000
event num131000
event num132000
event num133000
event num134000
event num135000
event num136000
event num137000
event num138000
event num139000
event num140000
event num141000
event num142000
event num143000
event num144000
event num145000
event num146000
event num147000
event num148000
event num149000
{'250_240': [2119.0, 687.0], '250_240_passing_MET': [0.0, 0.0], '250_240_failing_MET': [0.0, 0.0], '250_240_min_MET_pt': [10000000.0, 10000000.0], '250_235': [0.0, 0.0], '250_235_passing_MET': [0.0, 0.0], '250_235_failing_MET': [0.0, 0.0], '250_235_min_MET_pt': [10000000.0, 10000000.0], '250_230': [691.0, 0.0], '250_230_passing_MET': [651.0, 0.0], '250_230_failing_MET': [40.0, 0.0], '250_230_min_MET_pt': [54.62949752807617, 10000000.0], '250_225': [0.0, 1479.0], '250_225_passing_MET': [0.0, 1408.0], '250_225_failing_MET': [0.0, 71.0], '250_225_min_MET_pt': [10000000.0, 14.029195785522461], '250_220': [729.0, 0.0], '250_220_passing_MET': [683.0, 0.0], '250_220_failing_MET': [46.0, 0.0], '250_220_min_MET_pt': [43.863502502441406, 10000000.0], '275_265': [2233.0, 776.0], '275_265_passing_MET': [0.0, 0.0], '275_265_failing_MET': [0.0, 0.0], '275_265_min_MET_pt': [10000000.0, 10000000.0], '275_260': [0.0, 0.0], '275_260_passing_MET': [0.0, 0.0], '275_260_failing_MET': [0.0, 0.0], '275_260_min_MET_pt': [10000000.0, 10000000.0], '275_255': [2243.0, 0.0], '275_255_passing_MET': [2149.0, 0.0], '275_255_failing_MET': [94.0, 0.0], '275_255_min_MET_pt': [10.731123924255371, 10000000.0], '275_250': [816.0, 0.0], '275_250_passing_MET': [773.0, 0.0], '275_250_failing_MET': [43.0, 0.0], '275_250_min_MET_pt': [36.52039337158203, 10000000.0], '275_245': [0.0, 789.0], '275_245_passing_MET': [0.0, 759.0], '275_245_failing_MET': [0.0, 30.0], '275_245_min_MET_pt': [10000000.0, 44.19448471069336], '300_290': [1515.0, 769.0], '300_290_passing_MET': [0.0, 0.0], '300_290_failing_MET': [0.0, 0.0], '300_290_min_MET_pt': [10000000.0, 10000000.0], '300_285': [0.0, 0.0], '300_285_passing_MET': [0.0, 0.0], '300_285_failing_MET': [0.0, 0.0], '300_285_min_MET_pt': [10000000.0, 10000000.0], '300_280': [0.0, 0.0], '300_280_passing_MET': [0.0, 0.0], '300_280_failing_MET': [0.0, 0.0], '300_280_min_MET_pt': [10000000.0, 10000000.0], '300_275': [0.0, 824.0], '300_275_passing_MET': [0.0, 782.0], '300_275_failing_MET': [0.0, 42.0], '300_275_min_MET_pt': [10000000.0, 22.43080711364746], '300_270': [843.0, 0.0], '300_270_passing_MET': [787.0, 0.0], '300_270_failing_MET': [56.0, 0.0], '300_270_min_MET_pt': [26.032487869262695, 10000000.0], '325_315': [795.0, 778.0], '325_315_passing_MET': [0.0, 0.0], '325_315_failing_MET': [0.0, 0.0], '325_315_min_MET_pt': [10000000.0, 10000000.0], '325_310': [0.0, 0.0], '325_310_passing_MET': [0.0, 0.0], '325_310_failing_MET': [0.0, 0.0], '325_310_min_MET_pt': [10000000.0, 10000000.0], '325_305': [0.0, 0.0], '325_305_passing_MET': [0.0, 0.0], '325_305_failing_MET': [0.0, 0.0], '325_305_min_MET_pt': [10000000.0, 10000000.0], '325_300': [0.0, 0.0], '325_300_passing_MET': [0.0, 0.0], '325_300_failing_MET': [0.0, 0.0], '325_300_min_MET_pt': [10000000.0, 10000000.0], '325_295': [0.0, 0.0], '325_295_passing_MET': [0.0, 0.0], '325_295_failing_MET': [0.0, 0.0], '325_295_min_MET_pt': [10000000.0, 10000000.0], '350_340': [2597.0, 0.0], '350_340_passing_MET': [2487.0, 0.0], '350_340_failing_MET': [110.0, 0.0], '350_340_min_MET_pt': [31.236413955688477, 10000000.0], '350_335': [857.0, 1731.0], '350_335_passing_MET': [0.0, 0.0], '350_335_failing_MET': [0.0, 0.0], '350_335_min_MET_pt': [10000000.0, 10000000.0], '350_330': [0.0, 0.0], '350_330_passing_MET': [0.0, 0.0], '350_330_failing_MET': [0.0, 0.0], '350_330_min_MET_pt': [10000000.0, 10000000.0], '350_325': [0.0, 856.0], '350_325_passing_MET': [0.0, 815.0], '350_325_failing_MET': [0.0, 41.0], '350_325_min_MET_pt': [10000000.0, 5.108367443084717], '350_320': [0.0, 901.0], '350_320_passing_MET': [0.0, 862.0], '350_320_failing_MET': [0.0, 39.0], '350_320_min_MET_pt': [10000000.0, 15.887969017028809], '375_365': [2654.0, 896.0], '375_365_passing_MET': [0.0, 0.0], '375_365_failing_MET': [0.0, 0.0], '375_365_min_MET_pt': [10000000.0, 10000000.0], '375_360': [0.0, 0.0], '375_360_passing_MET': [0.0, 0.0], '375_360_failing_MET': [0.0, 0.0], '375_360_min_MET_pt': [10000000.0, 10000000.0], '375_355': [896.0, 881.0], '375_355_passing_MET': [0.0, 0.0], '375_355_failing_MET': [0.0, 0.0], '375_355_min_MET_pt': [10000000.0, 10000000.0], '375_350': [901.0, 0.0], '375_350_passing_MET': [863.0, 0.0], '375_350_failing_MET': [38.0, 0.0], '375_350_min_MET_pt': [19.95663070678711, 10000000.0], '375_345': [0.0, 0.0], '375_345_passing_MET': [0.0, 0.0], '375_345_failing_MET': [0.0, 0.0], '375_345_min_MET_pt': [10000000.0, 10000000.0], '400_390': [0.0, 0.0], '400_390_passing_MET': [0.0, 0.0], '400_390_failing_MET': [0.0, 0.0], '400_390_min_MET_pt': [10000000.0, 10000000.0], '400_385': [0.0, 0.0], '400_385_passing_MET': [0.0, 0.0], '400_385_failing_MET': [0.0, 0.0], '400_385_min_MET_pt': [10000000.0, 10000000.0], '400_380': [0.0, 0.0], '400_380_passing_MET': [0.0, 0.0], '400_380_failing_MET': [0.0, 0.0], '400_380_min_MET_pt': [10000000.0, 10000000.0], '400_375': [894.0, 0.0], '400_375_passing_MET': [855.0, 0.0], '400_375_failing_MET': [39.0, 0.0], '400_375_min_MET_pt': [41.2370491027832, 10000000.0], '400_370': [1025.0, 0.0], '400_370_passing_MET': [984.0, 0.0], '400_370_failing_MET': [41.0, 0.0], '400_370_min_MET_pt': [22.11672019958496, 10000000.0], '425_415': [1822.0, 2663.0], '425_415_passing_MET': [0.0, 0.0], '425_415_failing_MET': [0.0, 0.0], '425_415_min_MET_pt': [10000000.0, 10000000.0], '425_410': [0.0, 0.0], '425_410_passing_MET': [0.0, 0.0], '425_410_failing_MET': [0.0, 0.0], '425_410_min_MET_pt': [10000000.0, 10000000.0], '425_405': [0.0, 0.0], '425_405_passing_MET': [0.0, 0.0], '425_405_failing_MET': [0.0, 0.0], '425_405_min_MET_pt': [10000000.0, 10000000.0], '425_400': [0.0, 0.0], '425_400_passing_MET': [0.0, 0.0], '425_400_failing_MET': [0.0, 0.0], '425_400_min_MET_pt': [10000000.0, 10000000.0], '425_395': [0.0, 0.0], '425_395_passing_MET': [0.0, 0.0], '425_395_failing_MET': [0.0, 0.0], '425_395_min_MET_pt': [10000000.0, 10000000.0], '450_440': [940.0, 1791.0], '450_440_passing_MET': [0.0, 0.0], '450_440_failing_MET': [0.0, 0.0], '450_440_min_MET_pt': [10000000.0, 10000000.0], '450_435': [0.0, 0.0], '450_435_passing_MET': [0.0, 0.0], '450_435_failing_MET': [0.0, 0.0], '450_435_min_MET_pt': [10000000.0, 10000000.0], '450_430': [0.0, 0.0], '450_430_passing_MET': [0.0, 0.0], '450_430_failing_MET': [0.0, 0.0], '450_430_min_MET_pt': [10000000.0, 10000000.0], '450_425': [0.0, 0.0], '450_425_passing_MET': [0.0, 0.0], '450_425_failing_MET': [0.0, 0.0], '450_425_min_MET_pt': [10000000.0, 10000000.0], '450_420': [0.0, 0.0], '450_420_passing_MET': [0.0, 0.0], '450_420_failing_MET': [0.0, 0.0], '450_420_min_MET_pt': [10000000.0, 10000000.0], '475_465': [0.0, 0.0], '475_465_passing_MET': [0.0, 0.0], '475_465_failing_MET': [0.0, 0.0], '475_465_min_MET_pt': [10000000.0, 10000000.0], '475_460': [1904.0, 0.0], '475_460_passing_MET': [1846.0, 0.0], '475_460_failing_MET': [58.0, 0.0], '475_460_min_MET_pt': [25.981412887573242, 10000000.0], '475_455': [0.0, 944.0], '475_455_passing_MET': [0.0, 910.0], '475_455_failing_MET': [0.0, 34.0], '475_455_min_MET_pt': [10000000.0, 43.376258850097656], '475_450': [0.0, 966.0], '475_450_passing_MET': [0.0, 939.0], '475_450_failing_MET': [0.0, 27.0], '475_450_min_MET_pt': [10000000.0, 48.70335006713867], '475_445': [0.0, 2090.0], '475_445_passing_MET': [0.0, 2020.0], '475_445_failing_MET': [0.0, 70.0], '475_445_min_MET_pt': [10000000.0, 16.027612686157227], '500_490': [957.0, 2883.0], '500_490_passing_MET': [0.0, 0.0], '500_490_failing_MET': [0.0, 0.0], '500_490_min_MET_pt': [10000000.0, 10000000.0], '500_485': [0.0, 0.0], '500_485_passing_MET': [0.0, 0.0], '500_485_failing_MET': [0.0, 0.0], '500_485_min_MET_pt': [10000000.0, 10000000.0], '500_480': [0.0, 2002.0], '500_480_passing_MET': [0.0, 1953.0], '500_480_failing_MET': [0.0, 49.0], '500_480_min_MET_pt': [10000000.0, 8.786779403686523], '500_475': [0.0, 0.0], '500_475_passing_MET': [0.0, 0.0], '500_475_failing_MET': [0.0, 0.0], '500_475_min_MET_pt': [10000000.0, 10000000.0], '500_470': [0.0, 0.0], '500_470_passing_MET': [0.0, 0.0], '500_470_failing_MET': [0.0, 0.0], '500_470_min_MET_pt': [10000000.0, 10000000.0], '525_515': [0.0, 0.0], '525_515_passing_MET': [0.0, 0.0], '525_515_failing_MET': [0.0, 0.0], '525_515_min_MET_pt': [10000000.0, 10000000.0], '525_510': [0.0, 0.0], '525_510_passing_MET': [0.0, 0.0], '525_510_failing_MET': [0.0, 0.0], '525_510_min_MET_pt': [10000000.0, 10000000.0], '525_505': [0.0, 0.0], '525_505_passing_MET': [0.0, 0.0], '525_505_failing_MET': [0.0, 0.0], '525_505_min_MET_pt': [10000000.0, 10000000.0], '525_500': [0.0, 0.0], '525_500_passing_MET': [0.0, 0.0], '525_500_failing_MET': [0.0, 0.0], '525_500_min_MET_pt': [10000000.0, 10000000.0], '525_495': [0.0, 0.0], '525_495_passing_MET': [0.0, 0.0], '525_495_failing_MET': [0.0, 0.0], '525_495_min_MET_pt': [10000000.0, 10000000.0], '550_540': [1992.0, 0.0], '550_540_passing_MET': [1940.0, 0.0], '550_540_failing_MET': [52.0, 0.0], '550_540_min_MET_pt': [22.813304901123047, 10000000.0], '550_535': [848.0, 0.0], '550_535_passing_MET': [830.0, 0.0], '550_535_failing_MET': [18.0, 0.0], '550_535_min_MET_pt': [13.057263374328613, 10000000.0], '550_530': [991.0, 954.0], '550_530_passing_MET': [0.0, 0.0], '550_530_failing_MET': [0.0, 0.0], '550_530_min_MET_pt': [10000000.0, 10000000.0], '550_525': [0.0, 0.0], '550_525_passing_MET': [0.0, 0.0], '550_525_failing_MET': [0.0, 0.0], '550_525_min_MET_pt': [10000000.0, 10000000.0], '550_520': [0.0, 2048.0], '550_520_passing_MET': [0.0, 1959.0], '550_520_failing_MET': [0.0, 89.0], '550_520_min_MET_pt': [10000000.0, 35.66936492919922], '575_565': [0.0, 0.0], '575_565_passing_MET': [0.0, 0.0], '575_565_failing_MET': [0.0, 0.0], '575_565_min_MET_pt': [10000000.0, 10000000.0], '575_560': [0.0, 0.0], '575_560_passing_MET': [0.0, 0.0], '575_560_failing_MET': [0.0, 0.0], '575_560_min_MET_pt': [10000000.0, 10000000.0], '575_555': [0.0, 0.0], '575_555_passing_MET': [0.0, 0.0], '575_555_failing_MET': [0.0, 0.0], '575_555_min_MET_pt': [10000000.0, 10000000.0], '575_550': [0.0, 0.0], '575_550_passing_MET': [0.0, 0.0], '575_550_failing_MET': [0.0, 0.0], '575_550_min_MET_pt': [10000000.0, 10000000.0], '575_545': [0.0, 0.0], '575_545_passing_MET': [0.0, 0.0], '575_545_failing_MET': [0.0, 0.0], '575_545_min_MET_pt': [10000000.0, 10000000.0], '600_590': [1066.0, 0.0], '600_590_passing_MET': [1036.0, 0.0], '600_590_failing_MET': [30.0, 0.0], '600_590_min_MET_pt': [44.38616180419922, 10000000.0], '600_585': [0.0, 828.0], '600_585_passing_MET': [0.0, 810.0], '600_585_failing_MET': [0.0, 18.0], '600_585_min_MET_pt': [10000000.0, 31.3039608001709], '600_580': [0.0, 2016.0], '600_580_passing_MET': [0.0, 1973.0], '600_580_failing_MET': [0.0, 43.0], '600_580_min_MET_pt': [10000000.0, 15.55037784576416], '600_575': [0.0, 0.0], '600_575_passing_MET': [0.0, 0.0], '600_575_failing_MET': [0.0, 0.0], '600_575_min_MET_pt': [10000000.0, 10000000.0], '600_570': [1128.0, 2207.0], '600_570_passing_MET': [0.0, 0.0], '600_570_failing_MET': [0.0, 0.0], '600_570_min_MET_pt': [10000000.0, 10000000.0], '625_615': [0.0, 0.0], '625_615_passing_MET': [0.0, 0.0], '625_615_failing_MET': [0.0, 0.0], '625_615_min_MET_pt': [10000000.0, 10000000.0], '625_610': [0.0, 0.0], '625_610_passing_MET': [0.0, 0.0], '625_610_failing_MET': [0.0, 0.0], '625_610_min_MET_pt': [10000000.0, 10000000.0], '625_605': [0.0, 0.0], '625_605_passing_MET': [0.0, 0.0], '625_605_failing_MET': [0.0, 0.0], '625_605_min_MET_pt': [10000000.0, 10000000.0], '625_600': [0.0, 0.0], '625_600_passing_MET': [0.0, 0.0], '625_600_failing_MET': [0.0, 0.0], '625_600_min_MET_pt': [10000000.0, 10000000.0], '625_595': [0.0, 0.0], '625_595_passing_MET': [0.0, 0.0], '625_595_failing_MET': [0.0, 0.0], '625_595_min_MET_pt': [10000000.0, 10000000.0], '650_640': [0.0, 0.0], '650_640_passing_MET': [0.0, 0.0], '650_640_failing_MET': [0.0, 0.0], '650_640_min_MET_pt': [10000000.0, 10000000.0], '650_635': [0.0, 0.0], '650_635_passing_MET': [0.0, 0.0], '650_635_failing_MET': [0.0, 0.0], '650_635_min_MET_pt': [10000000.0, 10000000.0], '650_630': [0.0, 0.0], '650_630_passing_MET': [0.0, 0.0], '650_630_failing_MET': [0.0, 0.0], '650_630_min_MET_pt': [10000000.0, 10000000.0], '650_625': [0.0, 0.0], '650_625_passing_MET': [0.0, 0.0], '650_625_failing_MET': [0.0, 0.0], '650_625_min_MET_pt': [10000000.0, 10000000.0], '650_620': [0.0, 0.0], '650_620_passing_MET': [0.0, 0.0], '650_620_failing_MET': [0.0, 0.0], '650_620_min_MET_pt': [10000000.0, 10000000.0], '675_665': [0.0, 0.0], '675_665_passing_MET': [0.0, 0.0], '675_665_failing_MET': [0.0, 0.0], '675_665_min_MET_pt': [10000000.0, 10000000.0], '675_660': [0.0, 0.0], '675_660_passing_MET': [0.0, 0.0], '675_660_failing_MET': [0.0, 0.0], '675_660_min_MET_pt': [10000000.0, 10000000.0], '675_655': [0.0, 0.0], '675_655_passing_MET': [0.0, 0.0], '675_655_failing_MET': [0.0, 0.0], '675_655_min_MET_pt': [10000000.0, 10000000.0], '675_650': [0.0, 0.0], '675_650_passing_MET': [0.0, 0.0], '675_650_failing_MET': [0.0, 0.0], '675_650_min_MET_pt': [10000000.0, 10000000.0], '675_645': [0.0, 0.0], '675_645_passing_MET': [0.0, 0.0], '675_645_failing_MET': [0.0, 0.0], '675_645_min_MET_pt': [10000000.0, 10000000.0], '700_690': [1007.0, 2115.0], '700_690_passing_MET': [0.0, 0.0], '700_690_failing_MET': [0.0, 0.0], '700_690_min_MET_pt': [10000000.0, 10000000.0], '700_685': [0.0, 0.0], '700_685_passing_MET': [0.0, 0.0], '700_685_failing_MET': [0.0, 0.0], '700_685_min_MET_pt': [10000000.0, 10000000.0], '700_680': [0.0, 0.0], '700_680_passing_MET': [0.0, 0.0], '700_680_failing_MET': [0.0, 0.0], '700_680_min_MET_pt': [10000000.0, 10000000.0], '700_675': [0.0, 905.0], '700_675_passing_MET': [0.0, 878.0], '700_675_failing_MET': [0.0, 27.0], '700_675_min_MET_pt': [10000000.0, 12.51148509979248], '700_670': [0.0, 0.0], '700_670_passing_MET': [0.0, 0.0], '700_670_failing_MET': [0.0, 0.0], '700_670_min_MET_pt': [10000000.0, 10000000.0], '725_715': [0.0, 0.0], '725_715_passing_MET': [0.0, 0.0], '725_715_failing_MET': [0.0, 0.0], '725_715_min_MET_pt': [10000000.0, 10000000.0], '725_710': [0.0, 0.0], '725_710_passing_MET': [0.0, 0.0], '725_710_failing_MET': [0.0, 0.0], '725_710_min_MET_pt': [10000000.0, 10000000.0], '725_705': [0.0, 0.0], '725_705_passing_MET': [0.0, 0.0], '725_705_failing_MET': [0.0, 0.0], '725_705_min_MET_pt': [10000000.0, 10000000.0], '725_700': [0.0, 0.0], '725_700_passing_MET': [0.0, 0.0], '725_700_failing_MET': [0.0, 0.0], '725_700_min_MET_pt': [10000000.0, 10000000.0], '725_695': [0.0, 0.0], '725_695_passing_MET': [0.0, 0.0], '725_695_failing_MET': [0.0, 0.0], '725_695_min_MET_pt': [10000000.0, 10000000.0], '750_740': [2160.0, 0.0], '750_740_passing_MET': [2109.0, 0.0], '750_740_failing_MET': [51.0, 0.0], '750_740_min_MET_pt': [6.354391574859619, 10000000.0], '750_735': [0.0, 0.0], '750_735_passing_MET': [0.0, 0.0], '750_735_failing_MET': [0.0, 0.0], '750_735_min_MET_pt': [10000000.0, 10000000.0], '750_730': [1120.0, 0.0], '750_730_passing_MET': [1091.0, 0.0], '750_730_failing_MET': [29.0, 0.0], '750_730_min_MET_pt': [12.223761558532715, 10000000.0], '750_725': [0.0, 0.0], '750_725_passing_MET': [0.0, 0.0], '750_725_failing_MET': [0.0, 0.0], '750_725_min_MET_pt': [10000000.0, 10000000.0], '750_720': [1174.0, 0.0], '750_720_passing_MET': [1139.0, 0.0], '750_720_failing_MET': [35.0, 0.0], '750_720_min_MET_pt': [9.762736320495605, 10000000.0], '775_765': [0.0, 0.0], '775_765_passing_MET': [0.0, 0.0], '775_765_failing_MET': [0.0, 0.0], '775_765_min_MET_pt': [10000000.0, 10000000.0], '775_760': [0.0, 0.0], '775_760_passing_MET': [0.0, 0.0], '775_760_failing_MET': [0.0, 0.0], '775_760_min_MET_pt': [10000000.0, 10000000.0], '775_755': [0.0, 0.0], '775_755_passing_MET': [0.0, 0.0], '775_755_failing_MET': [0.0, 0.0], '775_755_min_MET_pt': [10000000.0, 10000000.0], '775_750': [0.0, 0.0], '775_750_passing_MET': [0.0, 0.0], '775_750_failing_MET': [0.0, 0.0], '775_750_min_MET_pt': [10000000.0, 10000000.0], '775_745': [0.0, 0.0], '775_745_passing_MET': [0.0, 0.0], '775_745_failing_MET': [0.0, 0.0], '775_745_min_MET_pt': [10000000.0, 10000000.0], '800_790': [0.0, 0.0], '800_790_passing_MET': [0.0, 0.0], '800_790_failing_MET': [0.0, 0.0], '800_790_min_MET_pt': [10000000.0, 10000000.0], '800_785': [989.0, 0.0], '800_785_passing_MET': [965.0, 0.0], '800_785_failing_MET': [24.0, 0.0], '800_785_min_MET_pt': [35.84300231933594, 10000000.0], '800_780': [0.0, 0.0], '800_780_passing_MET': [0.0, 0.0], '800_780_failing_MET': [0.0, 0.0], '800_780_min_MET_pt': [10000000.0, 10000000.0], '800_775': [0.0, 0.0], '800_775_passing_MET': [0.0, 0.0], '800_775_failing_MET': [0.0, 0.0], '800_775_min_MET_pt': [10000000.0, 10000000.0], '800_770': [0.0, 0.0], '800_770_passing_MET': [0.0, 0.0], '800_770_failing_MET': [0.0, 0.0], '800_770_min_MET_pt': [10000000.0, 10000000.0], '825_815': [0.0, 0.0], '825_815_passing_MET': [0.0, 0.0], '825_815_failing_MET': [0.0, 0.0], '825_815_min_MET_pt': [10000000.0, 10000000.0], '825_810': [0.0, 0.0], '825_810_passing_MET': [0.0, 0.0], '825_810_failing_MET': [0.0, 0.0], '825_810_min_MET_pt': [10000000.0, 10000000.0], '825_805': [0.0, 0.0], '825_805_passing_MET': [0.0, 0.0], '825_805_failing_MET': [0.0, 0.0], '825_805_min_MET_pt': [10000000.0, 10000000.0], '825_800': [0.0, 0.0], '825_800_passing_MET': [0.0, 0.0], '825_800_failing_MET': [0.0, 0.0], '825_800_min_MET_pt': [10000000.0, 10000000.0], '825_795': [0.0, 0.0], '825_795_passing_MET': [0.0, 0.0], '825_795_failing_MET': [0.0, 0.0], '825_795_min_MET_pt': [10000000.0, 10000000.0], '850_840': [0.0, 2203.0], '850_840_passing_MET': [0.0, 2157.0], '850_840_failing_MET': [0.0, 46.0], '850_840_min_MET_pt': [10000000.0, 34.03630828857422], '850_835': [0.0, 991.0], '850_835_passing_MET': [0.0, 972.0], '850_835_failing_MET': [0.0, 19.0], '850_835_min_MET_pt': [10000000.0, 36.27743148803711], '850_830': [1084.0, 0.0], '850_830_passing_MET': [1059.0, 0.0], '850_830_failing_MET': [25.0, 0.0], '850_830_min_MET_pt': [49.49200439453125, 10000000.0], '850_825': [0.0, 0.0], '850_825_passing_MET': [0.0, 0.0], '850_825_failing_MET': [0.0, 0.0], '850_825_min_MET_pt': [10000000.0, 10000000.0], '850_820': [0.0, 1231.0], '850_820_passing_MET': [0.0, 1192.0], '850_820_failing_MET': [0.0, 39.0], '850_820_min_MET_pt': [10000000.0, 27.321353912353516], '875_865': [0.0, 0.0], '875_865_passing_MET': [0.0, 0.0], '875_865_failing_MET': [0.0, 0.0], '875_865_min_MET_pt': [10000000.0, 10000000.0], '875_860': [0.0, 0.0], '875_860_passing_MET': [0.0, 0.0], '875_860_failing_MET': [0.0, 0.0], '875_860_min_MET_pt': [10000000.0, 10000000.0], '875_855': [0.0, 0.0], '875_855_passing_MET': [0.0, 0.0], '875_855_failing_MET': [0.0, 0.0], '875_855_min_MET_pt': [10000000.0, 10000000.0], '875_850': [0.0, 0.0], '875_850_passing_MET': [0.0, 0.0], '875_850_failing_MET': [0.0, 0.0], '875_850_min_MET_pt': [10000000.0, 10000000.0], '875_845': [0.0, 0.0], '875_845_passing_MET': [0.0, 0.0], '875_845_failing_MET': [0.0, 0.0], '875_845_min_MET_pt': [10000000.0, 10000000.0], '900_890': [0.0, 2202.0], '900_890_passing_MET': [0.0, 2150.0], '900_890_failing_MET': [0.0, 52.0], '900_890_min_MET_pt': [10000000.0, 17.27312660217285], '900_885': [0.0, 0.0], '900_885_passing_MET': [0.0, 0.0], '900_885_failing_MET': [0.0, 0.0], '900_885_min_MET_pt': [10000000.0, 10000000.0], '900_880': [0.0, 0.0], '900_880_passing_MET': [0.0, 0.0], '900_880_failing_MET': [0.0, 0.0], '900_880_min_MET_pt': [10000000.0, 10000000.0], '900_875': [0.0, 1947.0], '900_875_passing_MET': [0.0, 1893.0], '900_875_failing_MET': [0.0, 54.0], '900_875_min_MET_pt': [10000000.0, 36.71385955810547], '900_870': [0.0, 1196.0], '900_870_passing_MET': [0.0, 1163.0], '900_870_failing_MET': [0.0, 33.0], '900_870_min_MET_pt': [10000000.0, 20.753307342529297], '925_915': [0.0, 0.0], '925_915_passing_MET': [0.0, 0.0], '925_915_failing_MET': [0.0, 0.0], '925_915_min_MET_pt': [10000000.0, 10000000.0], '925_910': [0.0, 0.0], '925_910_passing_MET': [0.0, 0.0], '925_910_failing_MET': [0.0, 0.0], '925_910_min_MET_pt': [10000000.0, 10000000.0], '925_905': [0.0, 0.0], '925_905_passing_MET': [0.0, 0.0], '925_905_failing_MET': [0.0, 0.0], '925_905_min_MET_pt': [10000000.0, 10000000.0], '925_900': [0.0, 0.0], '925_900_passing_MET': [0.0, 0.0], '925_900_failing_MET': [0.0, 0.0], '925_900_min_MET_pt': [10000000.0, 10000000.0], '925_895': [0.0, 0.0], '925_895_passing_MET': [0.0, 0.0], '925_895_failing_MET': [0.0, 0.0], '925_895_min_MET_pt': [10000000.0, 10000000.0], '950_940': [2228.0, 1126.0], '950_940_passing_MET': [0.0, 0.0], '950_940_failing_MET': [0.0, 0.0], '950_940_min_MET_pt': [10000000.0, 10000000.0], '950_935': [0.0, 0.0], '950_935_passing_MET': [0.0, 0.0], '950_935_failing_MET': [0.0, 0.0], '950_935_min_MET_pt': [10000000.0, 10000000.0], '950_930': [0.0, 1146.0], '950_930_passing_MET': [0.0, 1122.0], '950_930_failing_MET': [0.0, 24.0], '950_930_min_MET_pt': [10000000.0, 26.435571670532227], '950_925': [941.0, 0.0], '950_925_passing_MET': [923.0, 0.0], '950_925_failing_MET': [18.0, 0.0], '950_925_min_MET_pt': [58.14613342285156, 10000000.0], '950_920': [0.0, 0.0], '950_920_passing_MET': [0.0, 0.0], '950_920_failing_MET': [0.0, 0.0], '950_920_min_MET_pt': [10000000.0, 10000000.0], '975_965': [0.0, 0.0], '975_965_passing_MET': [0.0, 0.0], '975_965_failing_MET': [0.0, 0.0], '975_965_min_MET_pt': [10000000.0, 10000000.0], '975_960': [0.0, 0.0], '975_960_passing_MET': [0.0, 0.0], '975_960_failing_MET': [0.0, 0.0], '975_960_min_MET_pt': [10000000.0, 10000000.0], '975_955': [0.0, 0.0], '975_955_passing_MET': [0.0, 0.0], '975_955_failing_MET': [0.0, 0.0], '975_955_min_MET_pt': [10000000.0, 10000000.0], '975_950': [0.0, 0.0], '975_950_passing_MET': [0.0, 0.0], '975_950_failing_MET': [0.0, 0.0], '975_950_min_MET_pt': [10000000.0, 10000000.0], '975_945': [0.0, 0.0], '975_945_passing_MET': [0.0, 0.0], '975_945_failing_MET': [0.0, 0.0], '975_945_min_MET_pt': [10000000.0, 10000000.0], '1000_990': [0.0, 0.0], '1000_990_passing_MET': [0.0, 0.0], '1000_990_failing_MET': [0.0, 0.0], '1000_990_min_MET_pt': [10000000.0, 10000000.0], '1000_985': [0.0, 1009.0], '1000_985_passing_MET': [0.0, 979.0], '1000_985_failing_MET': [0.0, 30.0], '1000_985_min_MET_pt': [10000000.0, 43.688838958740234], '1000_980': [0.0, 0.0], '1000_980_passing_MET': [0.0, 0.0], '1000_980_failing_MET': [0.0, 0.0], '1000_980_min_MET_pt': [10000000.0, 10000000.0], '1000_975': [0.0, 0.0], '1000_975_passing_MET': [0.0, 0.0], '1000_975_failing_MET': [0.0, 0.0], '1000_975_min_MET_pt': [10000000.0, 10000000.0], '1000_970': [0.0, 1167.0], '1000_970_passing_MET': [0.0, 1142.0], '1000_970_failing_MET': [0.0, 25.0], '1000_970_min_MET_pt': [10000000.0, 40.14295959472656], '1025_1015': [0.0, 0.0], '1025_1015_passing_MET': [0.0, 0.0], '1025_1015_failing_MET': [0.0, 0.0], '1025_1015_min_MET_pt': [10000000.0, 10000000.0], '1025_1010': [0.0, 0.0], '1025_1010_passing_MET': [0.0, 0.0], '1025_1010_failing_MET': [0.0, 0.0], '1025_1010_min_MET_pt': [10000000.0, 10000000.0], '1025_1005': [0.0, 0.0], '1025_1005_passing_MET': [0.0, 0.0], '1025_1005_failing_MET': [0.0, 0.0], '1025_1005_min_MET_pt': [10000000.0, 10000000.0], '1025_1000': [0.0, 0.0], '1025_1000_passing_MET': [0.0, 0.0], '1025_1000_failing_MET': [0.0, 0.0], '1025_1000_min_MET_pt': [10000000.0, 10000000.0], '1025_995': [0.0, 0.0], '1025_995_passing_MET': [0.0, 0.0], '1025_995_failing_MET': [0.0, 0.0], '1025_995_min_MET_pt': [10000000.0, 10000000.0], '1050_1040': [0.0, 0.0], '1050_1040_passing_MET': [0.0, 0.0], '1050_1040_failing_MET': [0.0, 0.0], '1050_1040_min_MET_pt': [10000000.0, 10000000.0], '1050_1035': [0.0, 0.0], '1050_1035_passing_MET': [0.0, 0.0], '1050_1035_failing_MET': [0.0, 0.0], '1050_1035_min_MET_pt': [10000000.0, 10000000.0], '1050_1030': [0.0, 0.0], '1050_1030_passing_MET': [0.0, 0.0], '1050_1030_failing_MET': [0.0, 0.0], '1050_1030_min_MET_pt': [10000000.0, 10000000.0], '1050_1025': [0.0, 0.0], '1050_1025_passing_MET': [0.0, 0.0], '1050_1025_failing_MET': [0.0, 0.0], '1050_1025_min_MET_pt': [10000000.0, 10000000.0], '1050_1020': [0.0, 0.0], '1050_1020_passing_MET': [0.0, 0.0], '1050_1020_failing_MET': [0.0, 0.0], '1050_1020_min_MET_pt': [10000000.0, 10000000.0], '1075_1065': [0.0, 0.0], '1075_1065_passing_MET': [0.0, 0.0], '1075_1065_failing_MET': [0.0, 0.0], '1075_1065_min_MET_pt': [10000000.0, 10000000.0], '1075_1060': [0.0, 0.0], '1075_1060_passing_MET': [0.0, 0.0], '1075_1060_failing_MET': [0.0, 0.0], '1075_1060_min_MET_pt': [10000000.0, 10000000.0], '1075_1055': [0.0, 0.0], '1075_1055_passing_MET': [0.0, 0.0], '1075_1055_failing_MET': [0.0, 0.0], '1075_1055_min_MET_pt': [10000000.0, 10000000.0], '1075_1050': [0.0, 0.0], '1075_1050_passing_MET': [0.0, 0.0], '1075_1050_failing_MET': [0.0, 0.0], '1075_1050_min_MET_pt': [10000000.0, 10000000.0], '1075_1045': [0.0, 0.0], '1075_1045_passing_MET': [0.0, 0.0], '1075_1045_failing_MET': [0.0, 0.0], '1075_1045_min_MET_pt': [10000000.0, 10000000.0], '1100_1090': [0.0, 0.0], '1100_1090_passing_MET': [0.0, 0.0], '1100_1090_failing_MET': [0.0, 0.0], '1100_1090_min_MET_pt': [10000000.0, 10000000.0], '1100_1085': [1052.0, 1040.0], '1100_1085_passing_MET': [0.0, 0.0], '1100_1085_failing_MET': [0.0, 0.0], '1100_1085_min_MET_pt': [10000000.0, 10000000.0], '1100_1080': [0.0, 0.0], '1100_1080_passing_MET': [0.0, 0.0], '1100_1080_failing_MET': [0.0, 0.0], '1100_1080_min_MET_pt': [10000000.0, 10000000.0], '1100_1075': [0.0, 0.0], '1100_1075_passing_MET': [0.0, 0.0], '1100_1075_failing_MET': [0.0, 0.0], '1100_1075_min_MET_pt': [10000000.0, 10000000.0], '1100_1070': [0.0, 0.0], '1100_1070_passing_MET': [0.0, 0.0], '1100_1070_failing_MET': [0.0, 0.0], '1100_1070_min_MET_pt': [10000000.0, 10000000.0], 'nEventsTotal': 149871.0, 'strange masspoints': 0.0, 'orphans': 0.0, 'R-hadron event': 0.0, 'different stop antistop masses': 0.0, 'strange error': 0.0, 'strange event': 0.0, 'different neutralino masses': 8845.0, 'large differences': 0.0, '676_650': [2143.0, 1145.0], '676_650_passing_MET': [2068.0, 1107.0], '676_650_failing_MET': [75.0, 38.0], '676_650_min_MET_pt': [22.808109283447266, 27.1010684967041], '850_836': [0.0, 126.0], '850_836_passing_MET': [0.0, 123.0], '850_836_failing_MET': [0.0, 3.0], '850_836_min_MET_pt': [10000000.0, 73.27136993408203], '1052_1040': [2268.0, 3405.0], '1052_1040_passing_MET': [2213.0, 3352.0], '1052_1040_failing_MET': [55.0, 53.0], '1052_1040_min_MET_pt': [7.29619026184082, 15.10541820526123], '526_500': [1007.0, 0.0], '526_500_passing_MET': [977.0, 0.0], '526_500_failing_MET': [30.0, 0.0], '526_500_min_MET_pt': [26.884675979614258, 10000000.0], '926_900': [1168.0, 0.0], '926_900_passing_MET': [1142.0, 0.0], '926_900_failing_MET': [26.0, 0.0], '926_900_min_MET_pt': [48.62173080444336, 10000000.0], '900_876': [0.0, 359.0], '900_876_passing_MET': [0.0, 353.0], '900_876_failing_MET': [0.0, 6.0], '900_876_min_MET_pt': [10000000.0, 51.75592041015625], '700_676': [0.0, 199.0], '700_676_passing_MET': [0.0, 198.0], '700_676_failing_MET': [0.0, 1.0], '700_676_min_MET_pt': [10000000.0, 93.17216491699219], '576_566': [174.0, 0.0], '576_566_passing_MET': [170.0, 0.0], '576_566_failing_MET': [4.0, 0.0], '576_566_min_MET_pt': [38.25794219970703, 10000000.0], '576_565': [1785.0, 0.0], '576_565_passing_MET': [1740.0, 0.0], '576_565_failing_MET': [45.0, 0.0], '576_565_min_MET_pt': [45.953128814697266, 10000000.0], '526_510': [1004.0, 0.0], '526_510_passing_MET': [974.0, 0.0], '526_510_failing_MET': [30.0, 0.0], '526_510_min_MET_pt': [34.2683219909668, 10000000.0], '826_800': [0.0, 1150.0], '826_800_passing_MET': [0.0, 1122.0], '826_800_failing_MET': [0.0, 28.0], '826_800_min_MET_pt': [10000000.0, 14.797399520874023], '1024_1005': [994.0, 982.0], '1024_1005_passing_MET': [975.0, 973.0], '1024_1005_failing_MET': [19.0, 9.0], '1024_1005_min_MET_pt': [47.70702362060547, 49.81916046142578], '1024_1006': [160.0, 154.0], '1024_1006_passing_MET': [153.0, 149.0], '1024_1006_failing_MET': [7.0, 5.0], '1024_1006_min_MET_pt': [55.967689514160156, 49.082733154296875], '526_515': [1718.0, 1760.0], '526_515_passing_MET': [1668.0, 1713.0], '526_515_failing_MET': [50.0, 47.0], '526_515_min_MET_pt': [28.98748207092285, 33.034061431884766], '526_516': [182.0, 166.0], '526_516_passing_MET': [181.0, 162.0], '526_516_failing_MET': [1.0, 4.0], '526_516_min_MET_pt': [46.81191635131836, 72.12842559814453], '526_495': [0.0, 1043.0], '526_495_passing_MET': [0.0, 1026.0], '526_495_failing_MET': [0.0, 17.0], '526_495_min_MET_pt': [10000000.0, 39.83894348144531], '726_715': [1000.0, 0.0], '726_715_passing_MET': [980.0, 0.0], '726_715_failing_MET': [20.0, 0.0], '726_715_min_MET_pt': [32.81818771362305, 10000000.0], '726_716': [95.0, 0.0], '726_716_passing_MET': [94.0, 0.0], '726_716_failing_MET': [1.0, 0.0], '726_716_min_MET_pt': [70.90901947021484, 10000000.0], '1052_1025': [0.0, 999.0], '1052_1025_passing_MET': [0.0, 972.0], '1052_1025_failing_MET': [0.0, 27.0], '1052_1025_min_MET_pt': [10000000.0, 47.34819030761719], '1052_1024': [0.0, 179.0], '1052_1024_passing_MET': [0.0, 173.0], '1052_1024_failing_MET': [0.0, 6.0], '1052_1024_min_MET_pt': [10000000.0, 67.00627899169922], '876_850': [1151.0, 1185.0], '876_850_passing_MET': [1124.0, 1159.0], '876_850_failing_MET': [27.0, 26.0], '876_850_min_MET_pt': [34.02570343017578, 19.80999755859375], '726_706': [154.0, 0.0], '726_706_passing_MET': [150.0, 0.0], '726_706_failing_MET': [4.0, 0.0], '726_706_min_MET_pt': [45.64583969116211, 10000000.0], '726_705': [884.0, 0.0], '726_705_passing_MET': [865.0, 0.0], '726_705_failing_MET': [19.0, 0.0], '726_705_min_MET_pt': [45.77412796020508, 10000000.0], '1076_1055': [1048.0, 947.0], '1076_1055_passing_MET': [1023.0, 926.0], '1076_1055_failing_MET': [25.0, 21.0], '1076_1055_min_MET_pt': [28.813385009765625, 60.51084899902344], '1076_1056': [132.0, 164.0], '1076_1056_passing_MET': [129.0, 157.0], '1076_1056_failing_MET': [3.0, 7.0], '1076_1056_min_MET_pt': [53.89651870727539, 23.155290603637695], '776_760': [0.0, 1107.0], '776_760_passing_MET': [0.0, 1088.0], '776_760_failing_MET': [0.0, 19.0], '776_760_min_MET_pt': [10000000.0, 30.833040237426758], '926_905': [0.0, 1016.0], '926_905_passing_MET': [0.0, 999.0], '926_905_failing_MET': [0.0, 17.0], '926_905_min_MET_pt': [10000000.0, 35.78331756591797], '926_906': [0.0, 154.0], '926_906_passing_MET': [0.0, 151.0], '926_906_failing_MET': [0.0, 3.0], '926_906_min_MET_pt': [10000000.0, 36.644309997558594], '1024_1015': [0.0, 1028.0], '1024_1015_passing_MET': [0.0, 1008.0], '1024_1015_failing_MET': [0.0, 20.0], '1024_1015_min_MET_pt': [10000000.0, 1.318919062614441], '1024_1016': [0.0, 102.0], '1024_1016_passing_MET': [0.0, 100.0], '1024_1016_failing_MET': [0.0, 2.0], '1024_1016_min_MET_pt': [10000000.0, 76.31537628173828], '950_926': [177.0, 0.0], '950_926_passing_MET': [174.0, 0.0], '950_926_failing_MET': [3.0, 0.0], '950_926_min_MET_pt': [66.67029571533203, 10000000.0], '926_895': [989.0, 0.0], '926_895_passing_MET': [958.0, 0.0], '926_895_failing_MET': [31.0, 0.0], '926_895_min_MET_pt': [9.236502647399902, 10000000.0], '926_896': [231.0, 0.0], '926_896_passing_MET': [226.0, 0.0], '926_896_failing_MET': [5.0, 0.0], '926_896_min_MET_pt': [58.74558639526367, 10000000.0], '826_815': [946.0, 0.0], '826_815_passing_MET': [922.0, 0.0], '826_815_failing_MET': [24.0, 0.0], '826_815_min_MET_pt': [30.10045051574707, 10000000.0], '826_816': [102.0, 0.0], '826_816_passing_MET': [101.0, 0.0], '826_816_failing_MET': [1.0, 0.0], '826_816_min_MET_pt': [76.19120025634766, 10000000.0], '576_556': [0.0, 141.0], '576_556_passing_MET': [0.0, 135.0], '576_556_failing_MET': [0.0, 6.0], '576_556_min_MET_pt': [10000000.0, 59.93506622314453], '576_555': [0.0, 876.0], '576_555_passing_MET': [0.0, 852.0], '576_555_failing_MET': [0.0, 24.0], '576_555_min_MET_pt': [10000000.0, 23.07912826538086], '1100_1084': [144.0, 146.0], '1100_1084_passing_MET': [142.0, 142.0], '1100_1084_failing_MET': [2.0, 4.0], '1100_1084_min_MET_pt': [80.34908294677734, 52.333152770996094], '676_665': [1898.0, 2877.0], '676_665_passing_MET': [1843.0, 2820.0], '676_665_failing_MET': [55.0, 57.0], '676_665_min_MET_pt': [16.690196990966797, 18.516220092773438], '676_666': [223.0, 270.0], '676_666_passing_MET': [219.0, 264.0], '676_666_failing_MET': [4.0, 6.0], '676_666_min_MET_pt': [92.0339584350586, 47.3287467956543], '1000_986': [0.0, 137.0], '1000_986_passing_MET': [0.0, 130.0], '1000_986_failing_MET': [0.0, 7.0], '1000_986_min_MET_pt': [10000000.0, 55.15515899658203], '776_765': [978.0, 0.0], '776_765_passing_MET': [948.0, 0.0], '776_765_failing_MET': [30.0, 0.0], '776_765_min_MET_pt': [11.688626289367676, 10000000.0], '776_766': [88.0, 0.0], '776_766_passing_MET': [85.0, 0.0], '776_766_failing_MET': [3.0, 0.0], '776_766_min_MET_pt': [62.31809997558594, 10000000.0], '550_536': [114.0, 0.0], '550_536_passing_MET': [112.0, 0.0], '550_536_failing_MET': [2.0, 0.0], '550_536_min_MET_pt': [72.7718505859375, 10000000.0], '676_660': [0.0, 1099.0], '676_660_passing_MET': [0.0, 1067.0], '676_660_failing_MET': [0.0, 32.0], '676_660_min_MET_pt': [10000000.0, 9.976547241210938], '600_586': [0.0, 114.0], '600_586_passing_MET': [0.0, 113.0], '600_586_failing_MET': [0.0, 1.0], '600_586_min_MET_pt': [10000000.0, 68.16162109375], '526_505': [976.0, 0.0], '526_505_passing_MET': [938.0, 0.0], '526_505_failing_MET': [38.0, 0.0], '526_505_min_MET_pt': [23.633947372436523, 10000000.0], '1076_1060': [0.0, 1170.0], '1076_1060_passing_MET': [0.0, 1150.0], '1076_1060_failing_MET': [0.0, 20.0], '1076_1060_min_MET_pt': [10000000.0, 19.964269638061523], '1024_995': [1020.0, 0.0], '1024_995_passing_MET': [994.0, 0.0], '1024_995_failing_MET': [26.0, 0.0], '1024_995_min_MET_pt': [21.354373931884766, 10000000.0], '1024_996': [190.0, 0.0], '1024_996_passing_MET': [185.0, 0.0], '1024_996_failing_MET': [5.0, 0.0], '1024_996_min_MET_pt': [31.321468353271484, 10000000.0], '876_865': [1005.0, 0.0], '876_865_passing_MET': [982.0, 0.0], '876_865_failing_MET': [23.0, 0.0], '876_865_min_MET_pt': [20.645965576171875, 10000000.0], '876_866': [92.0, 0.0], '876_866_passing_MET': [90.0, 0.0], '876_866_failing_MET': [2.0, 0.0], '876_866_min_MET_pt': [40.650360107421875, 10000000.0], '926_915': [0.0, 940.0], '926_915_passing_MET': [0.0, 929.0], '926_915_failing_MET': [0.0, 11.0], '926_915_min_MET_pt': [10000000.0, 22.70574378967285], '926_916': [0.0, 104.0], '926_916_passing_MET': [0.0, 102.0], '926_916_failing_MET': [0.0, 2.0], '926_916_min_MET_pt': [10000000.0, 67.27530670166016], '800_786': [145.0, 0.0], '800_786_passing_MET': [142.0, 0.0], '800_786_failing_MET': [3.0, 0.0], '800_786_min_MET_pt': [52.232364654541016, 10000000.0], '576_550': [997.0, 0.0], '576_550_passing_MET': [970.0, 0.0], '576_550_failing_MET': [27.0, 0.0], '576_550_min_MET_pt': [51.42301559448242, 10000000.0], '626_615': [0.0, 910.0], '626_615_passing_MET': [0.0, 890.0], '626_615_failing_MET': [0.0, 20.0], '626_615_min_MET_pt': [10000000.0, 46.46984100341797], '626_616': [0.0, 87.0], '626_616_passing_MET': [0.0, 87.0], '626_616_failing_MET': [0.0, 0.0], '626_616_min_MET_pt': [10000000.0, 118.09715270996094]}
nevents_from_dict =  3550261471.941293
Results saved to /afs/cern.ch/work/m/mleoncoe/private/stop_met_check/outputs_2018/nanoAOD_344.json
done
