i am in this directory
/pool/condor/dir_209261
Python 3.9.23
3.9.23
 will run this python stop_check_met_eff.py /eos/user/m/mleoncoe/stop_event_check/privateNanoAod2018/nanoAOD_94.root /afs/cern.ch/work/m/mleoncoe/private/stop_met_check/outputs_2018/nanoAOD_94.json
event num1000
event num2000
event num3000
event num4000
event num5000
event num6000
event num7000
event num8000
event num9000
event num10000
event num11000
event num12000
event num13000
event num14000
event num15000
event num16000
event num17000
event num18000
event num19000
event num20000
event num21000
event num22000
event num23000
event num24000
event num25000
event num26000
event num27000
event num28000
event num29000
event num30000
event num31000
event num32000
event num33000
event num34000
event num35000
event num36000
event num37000
event num38000
event num39000
event num40000
event num41000
event num42000
event num43000
event num44000
event num45000
event num46000
event num47000
event num48000
event num49000
event num50000
event num51000
event num52000
event num53000
event num54000
event num55000
event num56000
event num57000
event num58000
event num59000
event num60000
event num61000
event num62000
event num63000
event num64000
event num65000
event num66000
event num67000
event num68000
event num69000
event num70000
event num71000
event num72000
event num73000
event num74000
event num75000
event num76000
event num77000
event num78000
event num79000
event num80000
event num81000
event num82000
event num83000
event num84000
event num85000
event num86000
event num87000
event num88000
event num89000
event num90000
event num91000
event num92000
event num93000
event num94000
event num95000
event num96000
event num97000
event num98000
event num99000
event num100000
event num101000
event num102000
event num103000
event num104000
event num105000
event num106000
event num107000
event num108000
event num109000
event num110000
event num111000
event num112000
event num113000
event num114000
event num115000
event num116000
event num117000
event num118000
event num119000
event num120000
event num121000
event num122000
event num123000
event num124000
event num125000
event num126000
event num127000
event num128000
event num129000
event num130000
event num131000
event num132000
event num133000
event num134000
event num135000
event num136000
event num137000
event num138000
event num139000
event num140000
event num141000
event num142000
event num143000
event num144000
event num145000
event num146000
event num147000
event num148000
{'250_240': [0.0, 2035.0], '250_240_passing_MET': [0.0, 1956.0], '250_240_failing_MET': [0.0, 79.0], '250_240_min_MET_pt': [10000000.0, 38.23349380493164], '250_235': [0.0, 0.0], '250_235_passing_MET': [0.0, 0.0], '250_235_failing_MET': [0.0, 0.0], '250_235_min_MET_pt': [10000000.0, 10000000.0], '250_230': [0.0, 0.0], '250_230_passing_MET': [0.0, 0.0], '250_230_failing_MET': [0.0, 0.0], '250_230_min_MET_pt': [10000000.0, 10000000.0], '250_225': [0.0, 733.0], '250_225_passing_MET': [0.0, 695.0], '250_225_failing_MET': [0.0, 38.0], '250_225_min_MET_pt': [10000000.0, 31.049951553344727], '250_220': [0.0, 1539.0], '250_220_passing_MET': [0.0, 1462.0], '250_220_failing_MET': [0.0, 77.0], '250_220_min_MET_pt': [10000000.0, 13.955714225769043], '275_265': [1389.0, 1464.0], '275_265_passing_MET': [0.0, 0.0], '275_265_failing_MET': [0.0, 0.0], '275_265_min_MET_pt': [10000000.0, 10000000.0], '275_260': [0.0, 773.0], '275_260_passing_MET': [0.0, 739.0], '275_260_failing_MET': [0.0, 34.0], '275_260_min_MET_pt': [10000000.0, 30.06330108642578], '275_255': [0.0, 0.0], '275_255_passing_MET': [0.0, 0.0], '275_255_failing_MET': [0.0, 0.0], '275_255_min_MET_pt': [10000000.0, 10000000.0], '275_250': [0.0, 1529.0], '275_250_passing_MET': [0.0, 1456.0], '275_250_failing_MET': [0.0, 73.0], '275_250_min_MET_pt': [10000000.0, 10.88123893737793], '275_245': [0.0, 0.0], '275_245_passing_MET': [0.0, 0.0], '275_245_failing_MET': [0.0, 0.0], '275_245_min_MET_pt': [10000000.0, 10000000.0], '300_290': [763.0, 0.0], '300_290_passing_MET': [729.0, 0.0], '300_290_failing_MET': [34.0, 0.0], '300_290_min_MET_pt': [6.058469295501709, 10000000.0], '300_285': [0.0, 0.0], '300_285_passing_MET': [0.0, 0.0], '300_285_failing_MET': [0.0, 0.0], '300_285_min_MET_pt': [10000000.0, 10000000.0], '300_280': [842.0, 0.0], '300_280_passing_MET': [811.0, 0.0], '300_280_failing_MET': [31.0, 0.0], '300_280_min_MET_pt': [26.743900299072266, 10000000.0], '300_275': [0.0, 0.0], '300_275_passing_MET': [0.0, 0.0], '300_275_failing_MET': [0.0, 0.0], '300_275_min_MET_pt': [10000000.0, 10000000.0], '300_270': [834.0, 837.0], '300_270_passing_MET': [0.0, 0.0], '300_270_failing_MET': [0.0, 0.0], '300_270_min_MET_pt': [10000000.0, 10000000.0], '325_315': [779.0, 0.0], '325_315_passing_MET': [748.0, 0.0], '325_315_failing_MET': [31.0, 0.0], '325_315_min_MET_pt': [45.71128845214844, 10000000.0], '325_310': [0.0, 0.0], '325_310_passing_MET': [0.0, 0.0], '325_310_failing_MET': [0.0, 0.0], '325_310_min_MET_pt': [10000000.0, 10000000.0], '325_305': [0.0, 815.0], '325_305_passing_MET': [0.0, 781.0], '325_305_failing_MET': [0.0, 34.0], '325_305_min_MET_pt': [10000000.0, 24.531660079956055], '325_300': [0.0, 0.0], '325_300_passing_MET': [0.0, 0.0], '325_300_failing_MET': [0.0, 0.0], '325_300_min_MET_pt': [10000000.0, 10000000.0], '325_295': [0.0, 859.0], '325_295_passing_MET': [0.0, 812.0], '325_295_failing_MET': [0.0, 47.0], '325_295_min_MET_pt': [10000000.0, 44.721214294433594], '350_340': [784.0, 0.0], '350_340_passing_MET': [764.0, 0.0], '350_340_failing_MET': [20.0, 0.0], '350_340_min_MET_pt': [37.99692916870117, 10000000.0], '350_335': [0.0, 0.0], '350_335_passing_MET': [0.0, 0.0], '350_335_failing_MET': [0.0, 0.0], '350_335_min_MET_pt': [10000000.0, 10000000.0], '350_330': [0.0, 960.0], '350_330_passing_MET': [0.0, 926.0], '350_330_failing_MET': [0.0, 34.0], '350_330_min_MET_pt': [10000000.0, 47.746429443359375], '350_325': [0.0, 0.0], '350_325_passing_MET': [0.0, 0.0], '350_325_failing_MET': [0.0, 0.0], '350_325_min_MET_pt': [10000000.0, 10000000.0], '350_320': [0.0, 0.0], '350_320_passing_MET': [0.0, 0.0], '350_320_failing_MET': [0.0, 0.0], '350_320_min_MET_pt': [10000000.0, 10000000.0], '375_365': [861.0, 0.0], '375_365_passing_MET': [836.0, 0.0], '375_365_failing_MET': [25.0, 0.0], '375_365_min_MET_pt': [47.30589294433594, 10000000.0], '375_360': [0.0, 0.0], '375_360_passing_MET': [0.0, 0.0], '375_360_failing_MET': [0.0, 0.0], '375_360_min_MET_pt': [10000000.0, 10000000.0], '375_355': [0.0, 0.0], '375_355_passing_MET': [0.0, 0.0], '375_355_failing_MET': [0.0, 0.0], '375_355_min_MET_pt': [10000000.0, 10000000.0], '375_350': [0.0, 0.0], '375_350_passing_MET': [0.0, 0.0], '375_350_failing_MET': [0.0, 0.0], '375_350_min_MET_pt': [10000000.0, 10000000.0], '375_345': [0.0, 0.0], '375_345_passing_MET': [0.0, 0.0], '375_345_failing_MET': [0.0, 0.0], '375_345_min_MET_pt': [10000000.0, 10000000.0], '400_390': [906.0, 897.0], '400_390_passing_MET': [0.0, 0.0], '400_390_failing_MET': [0.0, 0.0], '400_390_min_MET_pt': [10000000.0, 10000000.0], '400_385': [0.0, 0.0], '400_385_passing_MET': [0.0, 0.0], '400_385_failing_MET': [0.0, 0.0], '400_385_min_MET_pt': [10000000.0, 10000000.0], '400_380': [0.0, 0.0], '400_380_passing_MET': [0.0, 0.0], '400_380_failing_MET': [0.0, 0.0], '400_380_min_MET_pt': [10000000.0, 10000000.0], '400_375': [955.0, 910.0], '400_375_passing_MET': [0.0, 0.0], '400_375_failing_MET': [0.0, 0.0], '400_375_min_MET_pt': [10000000.0, 10000000.0], '400_370': [0.0, 939.0], '400_370_passing_MET': [0.0, 899.0], '400_370_failing_MET': [0.0, 40.0], '400_370_min_MET_pt': [10000000.0, 10.798638343811035], '425_415': [864.0, 872.0], '425_415_passing_MET': [0.0, 0.0], '425_415_failing_MET': [0.0, 0.0], '425_415_min_MET_pt': [10000000.0, 10000000.0], '425_410': [866.0, 0.0], '425_410_passing_MET': [838.0, 0.0], '425_410_failing_MET': [28.0, 0.0], '425_410_min_MET_pt': [45.76017379760742, 10000000.0], '425_405': [1854.0, 914.0], '425_405_passing_MET': [0.0, 0.0], '425_405_failing_MET': [0.0, 0.0], '425_405_min_MET_pt': [10000000.0, 10000000.0], '425_400': [1906.0, 0.0], '425_400_passing_MET': [1845.0, 0.0], '425_400_failing_MET': [61.0, 0.0], '425_400_min_MET_pt': [9.714028358459473, 10000000.0], '425_395': [963.0, 985.0], '425_395_passing_MET': [0.0, 0.0], '425_395_failing_MET': [0.0, 0.0], '425_395_min_MET_pt': [10000000.0, 10000000.0], '450_440': [918.0, 0.0], '450_440_passing_MET': [879.0, 0.0], '450_440_failing_MET': [39.0, 0.0], '450_440_min_MET_pt': [36.84499740600586, 10000000.0], '450_435': [0.0, 0.0], '450_435_passing_MET': [0.0, 0.0], '450_435_failing_MET': [0.0, 0.0], '450_435_min_MET_pt': [10000000.0, 10000000.0], '450_430': [970.0, 0.0], '450_430_passing_MET': [937.0, 0.0], '450_430_failing_MET': [33.0, 0.0], '450_430_min_MET_pt': [11.506996154785156, 10000000.0], '450_425': [0.0, 954.0], '450_425_passing_MET': [0.0, 918.0], '450_425_failing_MET': [0.0, 36.0], '450_425_min_MET_pt': [10000000.0, 16.91099739074707], '450_420': [0.0, 0.0], '450_420_passing_MET': [0.0, 0.0], '450_420_failing_MET': [0.0, 0.0], '450_420_min_MET_pt': [10000000.0, 10000000.0], '475_465': [957.0, 0.0], '475_465_passing_MET': [931.0, 0.0], '475_465_failing_MET': [26.0, 0.0], '475_465_min_MET_pt': [50.57093811035156, 10000000.0], '475_460': [0.0, 0.0], '475_460_passing_MET': [0.0, 0.0], '475_460_failing_MET': [0.0, 0.0], '475_460_min_MET_pt': [10000000.0, 10000000.0], '475_455': [0.0, 0.0], '475_455_passing_MET': [0.0, 0.0], '475_455_failing_MET': [0.0, 0.0], '475_455_min_MET_pt': [10000000.0, 10000000.0], '475_450': [0.0, 0.0], '475_450_passing_MET': [0.0, 0.0], '475_450_failing_MET': [0.0, 0.0], '475_450_min_MET_pt': [10000000.0, 10000000.0], '475_445': [0.0, 0.0], '475_445_passing_MET': [0.0, 0.0], '475_445_failing_MET': [0.0, 0.0], '475_445_min_MET_pt': [10000000.0, 10000000.0], '500_490': [989.0, 934.0], '500_490_passing_MET': [0.0, 0.0], '500_490_failing_MET': [0.0, 0.0], '500_490_min_MET_pt': [10000000.0, 10000000.0], '500_485': [958.0, 985.0], '500_485_passing_MET': [0.0, 0.0], '500_485_failing_MET': [0.0, 0.0], '500_485_min_MET_pt': [10000000.0, 10000000.0], '500_480': [0.0, 0.0], '500_480_passing_MET': [0.0, 0.0], '500_480_failing_MET': [0.0, 0.0], '500_480_min_MET_pt': [10000000.0, 10000000.0], '500_475': [0.0, 2027.0], '500_475_passing_MET': [0.0, 1954.0], '500_475_failing_MET': [0.0, 73.0], '500_475_min_MET_pt': [10000000.0, 37.069847106933594], '500_470': [1000.0, 0.0], '500_470_passing_MET': [953.0, 0.0], '500_470_failing_MET': [47.0, 0.0], '500_470_min_MET_pt': [22.307950973510742, 10000000.0], '525_515': [0.0, 0.0], '525_515_passing_MET': [0.0, 0.0], '525_515_failing_MET': [0.0, 0.0], '525_515_min_MET_pt': [10000000.0, 10000000.0], '525_510': [0.0, 0.0], '525_510_passing_MET': [0.0, 0.0], '525_510_failing_MET': [0.0, 0.0], '525_510_min_MET_pt': [10000000.0, 10000000.0], '525_505': [0.0, 0.0], '525_505_passing_MET': [0.0, 0.0], '525_505_failing_MET': [0.0, 0.0], '525_505_min_MET_pt': [10000000.0, 10000000.0], '525_500': [0.0, 0.0], '525_500_passing_MET': [0.0, 0.0], '525_500_failing_MET': [0.0, 0.0], '525_500_min_MET_pt': [10000000.0, 10000000.0], '525_495': [0.0, 0.0], '525_495_passing_MET': [0.0, 0.0], '525_495_failing_MET': [0.0, 0.0], '525_495_min_MET_pt': [10000000.0, 10000000.0], '550_540': [0.0, 984.0], '550_540_passing_MET': [0.0, 957.0], '550_540_failing_MET': [0.0, 27.0], '550_540_min_MET_pt': [10000000.0, 35.106197357177734], '550_535': [0.0, 879.0], '550_535_passing_MET': [0.0, 858.0], '550_535_failing_MET': [0.0, 21.0], '550_535_min_MET_pt': [10000000.0, 53.705936431884766], '550_530': [0.0, 0.0], '550_530_passing_MET': [0.0, 0.0], '550_530_failing_MET': [0.0, 0.0], '550_530_min_MET_pt': [10000000.0, 10000000.0], '550_525': [0.0, 0.0], '550_525_passing_MET': [0.0, 0.0], '550_525_failing_MET': [0.0, 0.0], '550_525_min_MET_pt': [10000000.0, 10000000.0], '550_520': [0.0, 1009.0], '550_520_passing_MET': [0.0, 976.0], '550_520_failing_MET': [0.0, 33.0], '550_520_min_MET_pt': [10000000.0, 33.329185485839844], '575_565': [0.0, 0.0], '575_565_passing_MET': [0.0, 0.0], '575_565_failing_MET': [0.0, 0.0], '575_565_min_MET_pt': [10000000.0, 10000000.0], '575_560': [0.0, 0.0], '575_560_passing_MET': [0.0, 0.0], '575_560_failing_MET': [0.0, 0.0], '575_560_min_MET_pt': [10000000.0, 10000000.0], '575_555': [0.0, 0.0], '575_555_passing_MET': [0.0, 0.0], '575_555_failing_MET': [0.0, 0.0], '575_555_min_MET_pt': [10000000.0, 10000000.0], '575_550': [0.0, 0.0], '575_550_passing_MET': [0.0, 0.0], '575_550_failing_MET': [0.0, 0.0], '575_550_min_MET_pt': [10000000.0, 10000000.0], '575_545': [0.0, 0.0], '575_545_passing_MET': [0.0, 0.0], '575_545_failing_MET': [0.0, 0.0], '575_545_min_MET_pt': [10000000.0, 10000000.0], '600_590': [0.0, 2043.0], '600_590_passing_MET': [0.0, 1979.0], '600_590_failing_MET': [0.0, 64.0], '600_590_min_MET_pt': [10000000.0, 8.496274948120117], '600_585': [0.0, 0.0], '600_585_passing_MET': [0.0, 0.0], '600_585_failing_MET': [0.0, 0.0], '600_585_min_MET_pt': [10000000.0, 10000000.0], '600_580': [1079.0, 0.0], '600_580_passing_MET': [1050.0, 0.0], '600_580_failing_MET': [29.0, 0.0], '600_580_min_MET_pt': [34.24801254272461, 10000000.0], '600_575': [912.0, 0.0], '600_575_passing_MET': [877.0, 0.0], '600_575_failing_MET': [35.0, 0.0], '600_575_min_MET_pt': [26.05426025390625, 10000000.0], '600_570': [0.0, 1071.0], '600_570_passing_MET': [0.0, 1030.0], '600_570_failing_MET': [0.0, 41.0], '600_570_min_MET_pt': [10000000.0, 8.827661514282227], '625_615': [0.0, 0.0], '625_615_passing_MET': [0.0, 0.0], '625_615_failing_MET': [0.0, 0.0], '625_615_min_MET_pt': [10000000.0, 10000000.0], '625_610': [0.0, 0.0], '625_610_passing_MET': [0.0, 0.0], '625_610_failing_MET': [0.0, 0.0], '625_610_min_MET_pt': [10000000.0, 10000000.0], '625_605': [0.0, 0.0], '625_605_passing_MET': [0.0, 0.0], '625_605_failing_MET': [0.0, 0.0], '625_605_min_MET_pt': [10000000.0, 10000000.0], '625_600': [0.0, 0.0], '625_600_passing_MET': [0.0, 0.0], '625_600_failing_MET': [0.0, 0.0], '625_600_min_MET_pt': [10000000.0, 10000000.0], '625_595': [0.0, 0.0], '625_595_passing_MET': [0.0, 0.0], '625_595_failing_MET': [0.0, 0.0], '625_595_min_MET_pt': [10000000.0, 10000000.0], '650_640': [0.0, 3077.0], '650_640_passing_MET': [0.0, 2999.0], '650_640_failing_MET': [0.0, 78.0], '650_640_min_MET_pt': [10000000.0, 21.76780128479004], '650_635': [0.0, 0.0], '650_635_passing_MET': [0.0, 0.0], '650_635_failing_MET': [0.0, 0.0], '650_635_min_MET_pt': [10000000.0, 10000000.0], '650_630': [0.0, 0.0], '650_630_passing_MET': [0.0, 0.0], '650_630_failing_MET': [0.0, 0.0], '650_630_min_MET_pt': [10000000.0, 10000000.0], '650_625': [0.0, 0.0], '650_625_passing_MET': [0.0, 0.0], '650_625_failing_MET': [0.0, 0.0], '650_625_min_MET_pt': [10000000.0, 10000000.0], '650_620': [0.0, 0.0], '650_620_passing_MET': [0.0, 0.0], '650_620_failing_MET': [0.0, 0.0], '650_620_min_MET_pt': [10000000.0, 10000000.0], '675_665': [0.0, 0.0], '675_665_passing_MET': [0.0, 0.0], '675_665_failing_MET': [0.0, 0.0], '675_665_min_MET_pt': [10000000.0, 10000000.0], '675_660': [0.0, 0.0], '675_660_passing_MET': [0.0, 0.0], '675_660_failing_MET': [0.0, 0.0], '675_660_min_MET_pt': [10000000.0, 10000000.0], '675_655': [0.0, 0.0], '675_655_passing_MET': [0.0, 0.0], '675_655_failing_MET': [0.0, 0.0], '675_655_min_MET_pt': [10000000.0, 10000000.0], '675_650': [0.0, 0.0], '675_650_passing_MET': [0.0, 0.0], '675_650_failing_MET': [0.0, 0.0], '675_650_min_MET_pt': [10000000.0, 10000000.0], '675_645': [0.0, 0.0], '675_645_passing_MET': [0.0, 0.0], '675_645_failing_MET': [0.0, 0.0], '675_645_min_MET_pt': [10000000.0, 10000000.0], '700_690': [0.0, 2021.0], '700_690_passing_MET': [0.0, 1984.0], '700_690_failing_MET': [0.0, 37.0], '700_690_min_MET_pt': [10000000.0, 3.4628124237060547], '700_685': [0.0, 0.0], '700_685_passing_MET': [0.0, 0.0], '700_685_failing_MET': [0.0, 0.0], '700_685_min_MET_pt': [10000000.0, 10000000.0], '700_680': [1065.0, 0.0], '700_680_passing_MET': [1041.0, 0.0], '700_680_failing_MET': [24.0, 0.0], '700_680_min_MET_pt': [47.361961364746094, 10000000.0], '700_675': [0.0, 0.0], '700_675_passing_MET': [0.0, 0.0], '700_675_failing_MET': [0.0, 0.0], '700_675_min_MET_pt': [10000000.0, 10000000.0], '700_670': [0.0, 0.0], '700_670_passing_MET': [0.0, 0.0], '700_670_failing_MET': [0.0, 0.0], '700_670_min_MET_pt': [10000000.0, 10000000.0], '725_715': [0.0, 0.0], '725_715_passing_MET': [0.0, 0.0], '725_715_failing_MET': [0.0, 0.0], '725_715_min_MET_pt': [10000000.0, 10000000.0], '725_710': [0.0, 0.0], '725_710_passing_MET': [0.0, 0.0], '725_710_failing_MET': [0.0, 0.0], '725_710_min_MET_pt': [10000000.0, 10000000.0], '725_705': [0.0, 0.0], '725_705_passing_MET': [0.0, 0.0], '725_705_failing_MET': [0.0, 0.0], '725_705_min_MET_pt': [10000000.0, 10000000.0], '725_700': [0.0, 0.0], '725_700_passing_MET': [0.0, 0.0], '725_700_failing_MET': [0.0, 0.0], '725_700_min_MET_pt': [10000000.0, 10000000.0], '725_695': [0.0, 0.0], '725_695_passing_MET': [0.0, 0.0], '725_695_failing_MET': [0.0, 0.0], '725_695_min_MET_pt': [10000000.0, 10000000.0], '750_740': [1051.0, 0.0], '750_740_passing_MET': [1023.0, 0.0], '750_740_failing_MET': [28.0, 0.0], '750_740_min_MET_pt': [27.117109298706055, 10000000.0], '750_735': [931.0, 0.0], '750_735_passing_MET': [913.0, 0.0], '750_735_failing_MET': [18.0, 0.0], '750_735_min_MET_pt': [62.0286865234375, 10000000.0], '750_730': [0.0, 0.0], '750_730_passing_MET': [0.0, 0.0], '750_730_failing_MET': [0.0, 0.0], '750_730_min_MET_pt': [10000000.0, 10000000.0], '750_725': [0.0, 0.0], '750_725_passing_MET': [0.0, 0.0], '750_725_failing_MET': [0.0, 0.0], '750_725_min_MET_pt': [10000000.0, 10000000.0], '750_720': [2231.0, 0.0], '750_720_passing_MET': [2151.0, 0.0], '750_720_failing_MET': [80.0, 0.0], '750_720_min_MET_pt': [19.117223739624023, 10000000.0], '775_765': [0.0, 0.0], '775_765_passing_MET': [0.0, 0.0], '775_765_failing_MET': [0.0, 0.0], '775_765_min_MET_pt': [10000000.0, 10000000.0], '775_760': [0.0, 0.0], '775_760_passing_MET': [0.0, 0.0], '775_760_failing_MET': [0.0, 0.0], '775_760_min_MET_pt': [10000000.0, 10000000.0], '775_755': [0.0, 0.0], '775_755_passing_MET': [0.0, 0.0], '775_755_failing_MET': [0.0, 0.0], '775_755_min_MET_pt': [10000000.0, 10000000.0], '775_750': [0.0, 0.0], '775_750_passing_MET': [0.0, 0.0], '775_750_failing_MET': [0.0, 0.0], '775_750_min_MET_pt': [10000000.0, 10000000.0], '775_745': [0.0, 0.0], '775_745_passing_MET': [0.0, 0.0], '775_745_failing_MET': [0.0, 0.0], '775_745_min_MET_pt': [10000000.0, 10000000.0], '800_790': [0.0, 1157.0], '800_790_passing_MET': [0.0, 1137.0], '800_790_failing_MET': [0.0, 20.0], '800_790_min_MET_pt': [10000000.0, 34.22697448730469], '800_785': [939.0, 0.0], '800_785_passing_MET': [916.0, 0.0], '800_785_failing_MET': [23.0, 0.0], '800_785_min_MET_pt': [41.41075134277344, 10000000.0], '800_780': [1088.0, 0.0], '800_780_passing_MET': [1070.0, 0.0], '800_780_failing_MET': [18.0, 0.0], '800_780_min_MET_pt': [51.34147262573242, 10000000.0], '800_775': [0.0, 0.0], '800_775_passing_MET': [0.0, 0.0], '800_775_failing_MET': [0.0, 0.0], '800_775_min_MET_pt': [10000000.0, 10000000.0], '800_770': [0.0, 0.0], '800_770_passing_MET': [0.0, 0.0], '800_770_failing_MET': [0.0, 0.0], '800_770_min_MET_pt': [10000000.0, 10000000.0], '825_815': [0.0, 0.0], '825_815_passing_MET': [0.0, 0.0], '825_815_failing_MET': [0.0, 0.0], '825_815_min_MET_pt': [10000000.0, 10000000.0], '825_810': [0.0, 0.0], '825_810_passing_MET': [0.0, 0.0], '825_810_failing_MET': [0.0, 0.0], '825_810_min_MET_pt': [10000000.0, 10000000.0], '825_805': [0.0, 0.0], '825_805_passing_MET': [0.0, 0.0], '825_805_failing_MET': [0.0, 0.0], '825_805_min_MET_pt': [10000000.0, 10000000.0], '825_800': [0.0, 0.0], '825_800_passing_MET': [0.0, 0.0], '825_800_failing_MET': [0.0, 0.0], '825_800_min_MET_pt': [10000000.0, 10000000.0], '825_795': [0.0, 0.0], '825_795_passing_MET': [0.0, 0.0], '825_795_failing_MET': [0.0, 0.0], '825_795_min_MET_pt': [10000000.0, 10000000.0], '850_840': [2152.0, 2247.0], '850_840_passing_MET': [0.0, 0.0], '850_840_failing_MET': [0.0, 0.0], '850_840_min_MET_pt': [10000000.0, 10000000.0], '850_835': [0.0, 0.0], '850_835_passing_MET': [0.0, 0.0], '850_835_failing_MET': [0.0, 0.0], '850_835_min_MET_pt': [10000000.0, 10000000.0], '850_830': [0.0, 0.0], '850_830_passing_MET': [0.0, 0.0], '850_830_failing_MET': [0.0, 0.0], '850_830_min_MET_pt': [10000000.0, 10000000.0], '850_825': [2035.0, 0.0], '850_825_passing_MET': [1977.0, 0.0], '850_825_failing_MET': [58.0, 0.0], '850_825_min_MET_pt': [32.86098098754883, 10000000.0], '850_820': [0.0, 0.0], '850_820_passing_MET': [0.0, 0.0], '850_820_failing_MET': [0.0, 0.0], '850_820_min_MET_pt': [10000000.0, 10000000.0], '875_865': [0.0, 0.0], '875_865_passing_MET': [0.0, 0.0], '875_865_failing_MET': [0.0, 0.0], '875_865_min_MET_pt': [10000000.0, 10000000.0], '875_860': [0.0, 0.0], '875_860_passing_MET': [0.0, 0.0], '875_860_failing_MET': [0.0, 0.0], '875_860_min_MET_pt': [10000000.0, 10000000.0], '875_855': [0.0, 0.0], '875_855_passing_MET': [0.0, 0.0], '875_855_failing_MET': [0.0, 0.0], '875_855_min_MET_pt': [10000000.0, 10000000.0], '875_850': [0.0, 0.0], '875_850_passing_MET': [0.0, 0.0], '875_850_failing_MET': [0.0, 0.0], '875_850_min_MET_pt': [10000000.0, 10000000.0], '875_845': [0.0, 0.0], '875_845_passing_MET': [0.0, 0.0], '875_845_failing_MET': [0.0, 0.0], '875_845_min_MET_pt': [10000000.0, 10000000.0], '900_890': [0.0, 1059.0], '900_890_passing_MET': [0.0, 1032.0], '900_890_failing_MET': [0.0, 27.0], '900_890_min_MET_pt': [10000000.0, 38.17765426635742], '900_885': [0.0, 1994.0], '900_885_passing_MET': [0.0, 1951.0], '900_885_failing_MET': [0.0, 43.0], '900_885_min_MET_pt': [10000000.0, 45.16584014892578], '900_880': [0.0, 0.0], '900_880_passing_MET': [0.0, 0.0], '900_880_failing_MET': [0.0, 0.0], '900_880_min_MET_pt': [10000000.0, 10000000.0], '900_875': [0.0, 0.0], '900_875_passing_MET': [0.0, 0.0], '900_875_failing_MET': [0.0, 0.0], '900_875_min_MET_pt': [10000000.0, 10000000.0], '900_870': [0.0, 1163.0], '900_870_passing_MET': [0.0, 1138.0], '900_870_failing_MET': [0.0, 25.0], '900_870_min_MET_pt': [10000000.0, 50.89716339111328], '925_915': [0.0, 0.0], '925_915_passing_MET': [0.0, 0.0], '925_915_failing_MET': [0.0, 0.0], '925_915_min_MET_pt': [10000000.0, 10000000.0], '925_910': [0.0, 0.0], '925_910_passing_MET': [0.0, 0.0], '925_910_failing_MET': [0.0, 0.0], '925_910_min_MET_pt': [10000000.0, 10000000.0], '925_905': [0.0, 0.0], '925_905_passing_MET': [0.0, 0.0], '925_905_failing_MET': [0.0, 0.0], '925_905_min_MET_pt': [10000000.0, 10000000.0], '925_900': [0.0, 0.0], '925_900_passing_MET': [0.0, 0.0], '925_900_failing_MET': [0.0, 0.0], '925_900_min_MET_pt': [10000000.0, 10000000.0], '925_895': [0.0, 0.0], '925_895_passing_MET': [0.0, 0.0], '925_895_failing_MET': [0.0, 0.0], '925_895_min_MET_pt': [10000000.0, 10000000.0], '950_940': [0.0, 0.0], '950_940_passing_MET': [0.0, 0.0], '950_940_failing_MET': [0.0, 0.0], '950_940_min_MET_pt': [10000000.0, 10000000.0], '950_935': [0.0, 0.0], '950_935_passing_MET': [0.0, 0.0], '950_935_failing_MET': [0.0, 0.0], '950_935_min_MET_pt': [10000000.0, 10000000.0], '950_930': [0.0, 0.0], '950_930_passing_MET': [0.0, 0.0], '950_930_failing_MET': [0.0, 0.0], '950_930_min_MET_pt': [10000000.0, 10000000.0], '950_925': [955.0, 0.0], '950_925_passing_MET': [936.0, 0.0], '950_925_failing_MET': [19.0, 0.0], '950_925_min_MET_pt': [33.402488708496094, 10000000.0], '950_920': [0.0, 0.0], '950_920_passing_MET': [0.0, 0.0], '950_920_failing_MET': [0.0, 0.0], '950_920_min_MET_pt': [10000000.0, 10000000.0], '975_965': [0.0, 0.0], '975_965_passing_MET': [0.0, 0.0], '975_965_failing_MET': [0.0, 0.0], '975_965_min_MET_pt': [10000000.0, 10000000.0], '975_960': [0.0, 0.0], '975_960_passing_MET': [0.0, 0.0], '975_960_failing_MET': [0.0, 0.0], '975_960_min_MET_pt': [10000000.0, 10000000.0], '975_955': [0.0, 0.0], '975_955_passing_MET': [0.0, 0.0], '975_955_failing_MET': [0.0, 0.0], '975_955_min_MET_pt': [10000000.0, 10000000.0], '975_950': [0.0, 0.0], '975_950_passing_MET': [0.0, 0.0], '975_950_failing_MET': [0.0, 0.0], '975_950_min_MET_pt': [10000000.0, 10000000.0], '975_945': [0.0, 0.0], '975_945_passing_MET': [0.0, 0.0], '975_945_failing_MET': [0.0, 0.0], '975_945_min_MET_pt': [10000000.0, 10000000.0], '1000_990': [0.0, 2241.0], '1000_990_passing_MET': [0.0, 2199.0], '1000_990_failing_MET': [0.0, 42.0], '1000_990_min_MET_pt': [10000000.0, 14.88878345489502], '1000_985': [0.0, 0.0], '1000_985_passing_MET': [0.0, 0.0], '1000_985_failing_MET': [0.0, 0.0], '1000_985_min_MET_pt': [10000000.0, 10000000.0], '1000_980': [0.0, 1121.0], '1000_980_passing_MET': [0.0, 1091.0], '1000_980_failing_MET': [0.0, 30.0], '1000_980_min_MET_pt': [10000000.0, 46.472965240478516], '1000_975': [958.0, 0.0], '1000_975_passing_MET': [937.0, 0.0], '1000_975_failing_MET': [21.0, 0.0], '1000_975_min_MET_pt': [33.58038330078125, 10000000.0], '1000_970': [0.0, 1172.0], '1000_970_passing_MET': [0.0, 1139.0], '1000_970_failing_MET': [0.0, 33.0], '1000_970_min_MET_pt': [10000000.0, 14.379863739013672], '1025_1015': [0.0, 0.0], '1025_1015_passing_MET': [0.0, 0.0], '1025_1015_failing_MET': [0.0, 0.0], '1025_1015_min_MET_pt': [10000000.0, 10000000.0], '1025_1010': [0.0, 0.0], '1025_1010_passing_MET': [0.0, 0.0], '1025_1010_failing_MET': [0.0, 0.0], '1025_1010_min_MET_pt': [10000000.0, 10000000.0], '1025_1005': [0.0, 0.0], '1025_1005_passing_MET': [0.0, 0.0], '1025_1005_failing_MET': [0.0, 0.0], '1025_1005_min_MET_pt': [10000000.0, 10000000.0], '1025_1000': [0.0, 0.0], '1025_1000_passing_MET': [0.0, 0.0], '1025_1000_failing_MET': [0.0, 0.0], '1025_1000_min_MET_pt': [10000000.0, 10000000.0], '1025_995': [0.0, 0.0], '1025_995_passing_MET': [0.0, 0.0], '1025_995_failing_MET': [0.0, 0.0], '1025_995_min_MET_pt': [10000000.0, 10000000.0], '1050_1040': [0.0, 0.0], '1050_1040_passing_MET': [0.0, 0.0], '1050_1040_failing_MET': [0.0, 0.0], '1050_1040_min_MET_pt': [10000000.0, 10000000.0], '1050_1035': [0.0, 0.0], '1050_1035_passing_MET': [0.0, 0.0], '1050_1035_failing_MET': [0.0, 0.0], '1050_1035_min_MET_pt': [10000000.0, 10000000.0], '1050_1030': [0.0, 0.0], '1050_1030_passing_MET': [0.0, 0.0], '1050_1030_failing_MET': [0.0, 0.0], '1050_1030_min_MET_pt': [10000000.0, 10000000.0], '1050_1025': [0.0, 0.0], '1050_1025_passing_MET': [0.0, 0.0], '1050_1025_failing_MET': [0.0, 0.0], '1050_1025_min_MET_pt': [10000000.0, 10000000.0], '1050_1020': [0.0, 0.0], '1050_1020_passing_MET': [0.0, 0.0], '1050_1020_failing_MET': [0.0, 0.0], '1050_1020_min_MET_pt': [10000000.0, 10000000.0], '1075_1065': [0.0, 0.0], '1075_1065_passing_MET': [0.0, 0.0], '1075_1065_failing_MET': [0.0, 0.0], '1075_1065_min_MET_pt': [10000000.0, 10000000.0], '1075_1060': [0.0, 0.0], '1075_1060_passing_MET': [0.0, 0.0], '1075_1060_failing_MET': [0.0, 0.0], '1075_1060_min_MET_pt': [10000000.0, 10000000.0], '1075_1055': [0.0, 0.0], '1075_1055_passing_MET': [0.0, 0.0], '1075_1055_failing_MET': [0.0, 0.0], '1075_1055_min_MET_pt': [10000000.0, 10000000.0], '1075_1050': [0.0, 0.0], '1075_1050_passing_MET': [0.0, 0.0], '1075_1050_failing_MET': [0.0, 0.0], '1075_1050_min_MET_pt': [10000000.0, 10000000.0], '1075_1045': [0.0, 0.0], '1075_1045_passing_MET': [0.0, 0.0], '1075_1045_failing_MET': [0.0, 0.0], '1075_1045_min_MET_pt': [10000000.0, 10000000.0], '1100_1090': [1050.0, 3087.0], '1100_1090_passing_MET': [0.0, 0.0], '1100_1090_failing_MET': [0.0, 0.0], '1100_1090_min_MET_pt': [10000000.0, 10000000.0], '1100_1085': [0.0, 0.0], '1100_1085_passing_MET': [0.0, 0.0], '1100_1085_failing_MET': [0.0, 0.0], '1100_1085_min_MET_pt': [10000000.0, 10000000.0], '1100_1080': [0.0, 0.0], '1100_1080_passing_MET': [0.0, 0.0], '1100_1080_failing_MET': [0.0, 0.0], '1100_1080_min_MET_pt': [10000000.0, 10000000.0], '1100_1075': [0.0, 0.0], '1100_1075_passing_MET': [0.0, 0.0], '1100_1075_failing_MET': [0.0, 0.0], '1100_1075_min_MET_pt': [10000000.0, 10000000.0], '1100_1070': [1027.0, 0.0], '1100_1070_passing_MET': [999.0, 0.0], '1100_1070_failing_MET': [28.0, 0.0], '1100_1070_min_MET_pt': [22.315082550048828, 10000000.0], 'nEventsTotal': 148192.0, 'strange masspoints': 0.0, 'orphans': 0.0, 'R-hadron event': 0.0, 'different stop antistop masses': 0.0, 'strange error': 0.0, 'strange event': 0.0, 'different neutralino masses': 12292.0, 'large differences': 0.0, '1024_1015': [2114.0, 0.0], '1024_1015_passing_MET': [2056.0, 0.0], '1024_1015_failing_MET': [58.0, 0.0], '1024_1015_min_MET_pt': [41.53277587890625, 10000000.0], '1024_1016': [214.0, 0.0], '1024_1016_passing_MET': [209.0, 0.0], '1024_1016_failing_MET': [5.0, 0.0], '1024_1016_min_MET_pt': [26.293611526489258, 10000000.0], '926_915': [1950.0, 0.0], '926_915_passing_MET': [1905.0, 0.0], '926_915_failing_MET': [45.0, 0.0], '926_915_min_MET_pt': [25.429718017578125, 10000000.0], '926_916': [182.0, 0.0], '926_916_passing_MET': [175.0, 0.0], '926_916_failing_MET': [7.0, 0.0], '926_916_min_MET_pt': [16.655349731445312, 10000000.0], '726_715': [995.0, 5724.0], '726_715_passing_MET': [971.0, 5597.0], '726_715_failing_MET': [24.0, 127.0], '726_715_min_MET_pt': [23.01862144470215, 12.454440116882324], '726_716': [102.0, 618.0], '726_716_passing_MET': [102.0, 599.0], '726_716_failing_MET': [0.0, 19.0], '726_716_min_MET_pt': [104.14523315429688, 41.958702087402344], '576_550': [2068.0, 0.0], '576_550_passing_MET': [2006.0, 0.0], '576_550_failing_MET': [62.0, 0.0], '576_550_min_MET_pt': [10.2127046585083, 10000000.0], '526_515': [2531.0, 2620.0], '526_515_passing_MET': [2460.0, 2544.0], '526_515_failing_MET': [71.0, 76.0], '526_515_min_MET_pt': [10.560479164123535, 30.042987823486328], '526_516': [251.0, 252.0], '526_516_passing_MET': [244.0, 247.0], '526_516_failing_MET': [7.0, 5.0], '526_516_min_MET_pt': [66.06707000732422, 64.67179870605469], '976_965': [3013.0, 1031.0], '976_965_passing_MET': [2950.0, 1011.0], '976_965_failing_MET': [63.0, 20.0], '976_965_min_MET_pt': [6.555276870727539, 27.123188018798828], '976_966': [319.0, 98.0], '976_966_passing_MET': [309.0, 93.0], '976_966_failing_MET': [10.0, 5.0], '976_966_min_MET_pt': [24.237499237060547, 62.51689529418945], '776_765': [937.0, 972.0], '776_765_passing_MET': [911.0, 948.0], '776_765_failing_MET': [26.0, 24.0], '776_765_min_MET_pt': [50.540794372558594, 49.25743865966797], '776_766': [99.0, 101.0], '776_766_passing_MET': [96.0, 98.0], '776_766_failing_MET': [3.0, 3.0], '776_766_min_MET_pt': [34.2342414855957, 63.85752868652344], '1024_995': [1030.0, 0.0], '1024_995_passing_MET': [1004.0, 0.0], '1024_995_failing_MET': [26.0, 0.0], '1024_995_min_MET_pt': [16.9288330078125, 10000000.0], '1024_996': [187.0, 0.0], '1024_996_passing_MET': [185.0, 0.0], '1024_996_failing_MET': [2.0, 0.0], '1024_996_min_MET_pt': [80.71378326416016, 10000000.0], '1100_1072': [207.0, 0.0], '1100_1072_passing_MET': [200.0, 0.0], '1100_1072_failing_MET': [7.0, 0.0], '1100_1072_min_MET_pt': [38.63191604614258, 10000000.0], '750_736': [142.0, 0.0], '750_736_passing_MET': [141.0, 0.0], '750_736_failing_MET': [1.0, 0.0], '750_736_min_MET_pt': [72.08512878417969, 10000000.0], '826_810': [1094.0, 0.0], '826_810_passing_MET': [1057.0, 0.0], '826_810_failing_MET': [37.0, 0.0], '826_810_min_MET_pt': [37.16017532348633, 10000000.0], '626_610': [1002.0, 0.0], '626_610_passing_MET': [971.0, 0.0], '626_610_failing_MET': [31.0, 0.0], '626_610_min_MET_pt': [11.045736312866211, 10000000.0], '1100_1092': [101.0, 344.0], '1100_1092_passing_MET': [95.0, 334.0], '1100_1092_failing_MET': [6.0, 10.0], '1100_1092_min_MET_pt': [38.25223159790039, 53.183921813964844], '576_555': [871.0, 0.0], '576_555_passing_MET': [842.0, 0.0], '576_555_failing_MET': [29.0, 0.0], '576_555_min_MET_pt': [37.71023941040039, 10000000.0], '576_556': [140.0, 0.0], '576_556_passing_MET': [137.0, 0.0], '576_556_failing_MET': [3.0, 0.0], '576_556_min_MET_pt': [83.52494812011719, 10000000.0], '900_886': [0.0, 286.0], '900_886_passing_MET': [0.0, 276.0], '900_886_failing_MET': [0.0, 10.0], '900_886_min_MET_pt': [10000000.0, 31.071800231933594], '526_505': [0.0, 1022.0], '526_505_passing_MET': [0.0, 990.0], '526_505_failing_MET': [0.0, 32.0], '526_505_min_MET_pt': [10000000.0, 36.35417938232422], '726_705': [1882.0, 0.0], '726_705_passing_MET': [1834.0, 0.0], '726_705_failing_MET': [48.0, 0.0], '726_705_min_MET_pt': [3.7748329639434814, 10000000.0], '726_706': [324.0, 0.0], '726_706_passing_MET': [313.0, 0.0], '726_706_failing_MET': [11.0, 0.0], '726_706_min_MET_pt': [65.10990905761719, 10000000.0], '876_845': [2021.0, 0.0], '876_845_passing_MET': [1970.0, 0.0], '876_845_failing_MET': [51.0, 0.0], '876_845_min_MET_pt': [36.255577087402344, 10000000.0], '876_846': [357.0, 0.0], '876_846_passing_MET': [351.0, 0.0], '876_846_failing_MET': [6.0, 0.0], '876_846_min_MET_pt': [64.71772003173828, 10000000.0], '726_700': [1123.0, 0.0], '726_700_passing_MET': [1094.0, 0.0], '726_700_failing_MET': [29.0, 0.0], '726_700_min_MET_pt': [39.1945915222168, 10000000.0], '850_826': [390.0, 0.0], '850_826_passing_MET': [382.0, 0.0], '850_826_failing_MET': [8.0, 0.0], '850_826_min_MET_pt': [57.35737991333008, 10000000.0], '626_595': [882.0, 920.0], '626_595_passing_MET': [860.0, 894.0], '626_595_failing_MET': [22.0, 26.0], '626_595_min_MET_pt': [30.54849624633789, 31.919084548950195], '626_596': [177.0, 176.0], '626_596_passing_MET': [174.0, 173.0], '626_596_failing_MET': [3.0, 3.0], '626_596_min_MET_pt': [42.08152770996094, 68.70494842529297], '826_816': [123.0, 193.0], '826_816_passing_MET': [117.0, 183.0], '826_816_failing_MET': [6.0, 10.0], '826_816_min_MET_pt': [44.06958770751953, 47.349979400634766], '826_815': [997.0, 1941.0], '826_815_passing_MET': [967.0, 1886.0], '826_815_failing_MET': [30.0, 55.0], '826_815_min_MET_pt': [43.8037223815918, 18.07789421081543], '1024_1000': [1178.0, 0.0], '1024_1000_passing_MET': [1159.0, 0.0], '1024_1000_failing_MET': [19.0, 0.0], '1024_1000_min_MET_pt': [52.180904388427734, 10000000.0], '1052_1040': [0.0, 1116.0], '1052_1040_passing_MET': [0.0, 1088.0], '1052_1040_failing_MET': [0.0, 28.0], '1052_1040_min_MET_pt': [10000000.0, 38.483367919921875], '526_510': [1059.0, 0.0], '526_510_passing_MET': [1028.0, 0.0], '526_510_failing_MET': [31.0, 0.0], '526_510_min_MET_pt': [4.024474143981934, 10000000.0], '926_910': [1146.0, 0.0], '926_910_passing_MET': [1110.0, 0.0], '926_910_failing_MET': [36.0, 0.0], '926_910_min_MET_pt': [31.79902458190918, 10000000.0], '1076_1065': [1030.0, 0.0], '1076_1065_passing_MET': [1003.0, 0.0], '1076_1065_failing_MET': [27.0, 0.0], '1076_1065_min_MET_pt': [42.62372589111328, 10000000.0], '1076_1064': [104.0, 0.0], '1076_1064_passing_MET': [103.0, 0.0], '1076_1064_failing_MET': [1.0, 0.0], '1076_1064_min_MET_pt': [95.06741333007812, 10000000.0], '550_536': [0.0, 107.0], '550_536_passing_MET': [0.0, 104.0], '550_536_failing_MET': [0.0, 3.0], '550_536_min_MET_pt': [10000000.0, 36.530696868896484], '1076_1045': [1026.0, 1028.0], '1076_1045_passing_MET': [999.0, 1009.0], '1076_1045_failing_MET': [27.0, 19.0], '1076_1045_min_MET_pt': [40.17366409301758, 53.630882263183594], '1076_1044': [187.0, 212.0], '1076_1044_passing_MET': [183.0, 206.0], '1076_1044_failing_MET': [4.0, 6.0], '1076_1044_min_MET_pt': [22.091684341430664, 51.68213653564453], '950_926': [190.0, 0.0], '950_926_passing_MET': [185.0, 0.0], '950_926_failing_MET': [5.0, 0.0], '950_926_min_MET_pt': [46.90708923339844, 10000000.0], '600_576': [162.0, 0.0], '600_576_passing_MET': [157.0, 0.0], '600_576_failing_MET': [5.0, 0.0], '600_576_min_MET_pt': [72.82440185546875, 10000000.0], '876_865': [1040.0, 0.0], '876_865_passing_MET': [1022.0, 0.0], '876_865_failing_MET': [18.0, 0.0], '876_865_min_MET_pt': [47.405452728271484, 10000000.0], '876_866': [103.0, 0.0], '876_866_passing_MET': [99.0, 0.0], '876_866_failing_MET': [4.0, 0.0], '876_866_min_MET_pt': [56.827369689941406, 10000000.0], '876_850': [0.0, 1102.0], '876_850_passing_MET': [0.0, 1080.0], '876_850_failing_MET': [0.0, 22.0], '876_850_min_MET_pt': [10000000.0, 51.972190856933594], '776_760': [0.0, 1129.0], '776_760_passing_MET': [0.0, 1094.0], '776_760_failing_MET': [0.0, 35.0], '776_760_min_MET_pt': [10000000.0, 4.776036739349365], '1052_1035': [0.0, 1063.0], '1052_1035_passing_MET': [0.0, 1029.0], '1052_1035_failing_MET': [0.0, 34.0], '1052_1035_min_MET_pt': [10000000.0, 29.663074493408203], '1052_1036': [0.0, 155.0], '1052_1036_passing_MET': [0.0, 150.0], '1052_1036_failing_MET': [0.0, 5.0], '1052_1036_min_MET_pt': [10000000.0, 21.99948501586914], '800_786': [123.0, 0.0], '800_786_passing_MET': [120.0, 0.0], '800_786_failing_MET': [3.0, 0.0], '800_786_min_MET_pt': [69.09008026123047, 10000000.0], '1052_1020': [1164.0, 0.0], '1052_1020_passing_MET': [1129.0, 0.0], '1052_1020_failing_MET': [35.0, 0.0], '1052_1020_min_MET_pt': [23.731342315673828, 10000000.0], '776_750': [0.0, 1026.0], '776_750_passing_MET': [0.0, 1000.0], '776_750_failing_MET': [0.0, 26.0], '776_750_min_MET_pt': [10000000.0, 40.048553466796875], '1076_1060': [1130.0, 0.0], '1076_1060_passing_MET': [1101.0, 0.0], '1076_1060_failing_MET': [29.0, 0.0], '1076_1060_min_MET_pt': [42.63814163208008, 10000000.0], '676_645': [0.0, 976.0], '676_645_passing_MET': [0.0, 953.0], '676_645_failing_MET': [0.0, 23.0], '676_645_min_MET_pt': [10000000.0, 24.040971755981445], '676_646': [0.0, 194.0], '676_646_passing_MET': [0.0, 184.0], '676_646_failing_MET': [0.0, 10.0], '676_646_min_MET_pt': [10000000.0, 56.768802642822266], '1000_976': [202.0, 0.0], '1000_976_passing_MET': [199.0, 0.0], '1000_976_failing_MET': [3.0, 0.0], '1000_976_min_MET_pt': [69.48334503173828, 10000000.0]}
nevents_from_dict =  3450273871.6863904
Results saved to /afs/cern.ch/work/m/mleoncoe/private/stop_met_check/outputs_2018/nanoAOD_94.json
done
