i am in this directory
/pool/condor/dir_992930
Python 3.9.23
3.9.23
 will run this python stop_check_met_eff.py /eos/user/m/mleoncoe/stop_event_check/privateNanoAod2018/nanoAOD_134.root /afs/cern.ch/work/m/mleoncoe/private/stop_met_check/outputs_2018/nanoAOD_134.json
event num1000
event num2000
event num3000
event num4000
event num5000
event num6000
event num7000
event num8000
event num9000
event num10000
event num11000
event num12000
event num13000
event num14000
event num15000
event num16000
event num17000
event num18000
event num19000
event num20000
event num21000
event num22000
event num23000
event num24000
event num25000
event num26000
event num27000
event num28000
event num29000
event num30000
event num31000
event num32000
event num33000
event num34000
event num35000
event num36000
event num37000
event num38000
event num39000
event num40000
event num41000
event num42000
event num43000
event num44000
event num45000
event num46000
event num47000
event num48000
event num49000
event num50000
event num51000
event num52000
event num53000
event num54000
event num55000
event num56000
event num57000
event num58000
event num59000
event num60000
event num61000
event num62000
event num63000
event num64000
event num65000
event num66000
event num67000
event num68000
event num69000
event num70000
event num71000
event num72000
event num73000
event num74000
event num75000
event num76000
event num77000
event num78000
event num79000
event num80000
event num81000
event num82000
event num83000
event num84000
event num85000
event num86000
event num87000
event num88000
event num89000
event num90000
event num91000
event num92000
event num93000
event num94000
event num95000
event num96000
event num97000
event num98000
event num99000
event num100000
event num101000
event num102000
event num103000
event num104000
event num105000
event num106000
event num107000
event num108000
event num109000
event num110000
event num111000
event num112000
event num113000
event num114000
event num115000
event num116000
event num117000
event num118000
event num119000
event num120000
event num121000
event num122000
event num123000
event num124000
event num125000
event num126000
event num127000
event num128000
event num129000
event num130000
event num131000
event num132000
event num133000
event num134000
event num135000
event num136000
event num137000
event num138000
event num139000
event num140000
event num141000
event num142000
event num143000
event num144000
event num145000
event num146000
event num147000
event num148000
event num149000
event num150000
event num151000
{'250_240': [694.0, 0.0], '250_240_passing_MET': [670.0, 0.0], '250_240_failing_MET': [24.0, 0.0], '250_240_min_MET_pt': [7.987202167510986, 10000000.0], '250_235': [0.0, 0.0], '250_235_passing_MET': [0.0, 0.0], '250_235_failing_MET': [0.0, 0.0], '250_235_min_MET_pt': [10000000.0, 10000000.0], '250_230': [0.0, 714.0], '250_230_passing_MET': [0.0, 686.0], '250_230_failing_MET': [0.0, 28.0], '250_230_min_MET_pt': [10000000.0, 8.055181503295898], '250_225': [0.0, 1475.0], '250_225_passing_MET': [0.0, 1384.0], '250_225_failing_MET': [0.0, 91.0], '250_225_min_MET_pt': [10000000.0, 19.609600067138672], '250_220': [0.0, 0.0], '250_220_passing_MET': [0.0, 0.0], '250_220_failing_MET': [0.0, 0.0], '250_220_min_MET_pt': [10000000.0, 10000000.0], '275_265': [735.0, 755.0], '275_265_passing_MET': [0.0, 0.0], '275_265_failing_MET': [0.0, 0.0], '275_265_min_MET_pt': [10000000.0, 10000000.0], '275_260': [0.0, 2260.0], '275_260_passing_MET': [0.0, 2151.0], '275_260_failing_MET': [0.0, 109.0], '275_260_min_MET_pt': [10000000.0, 7.866411209106445], '275_255': [0.0, 0.0], '275_255_passing_MET': [0.0, 0.0], '275_255_failing_MET': [0.0, 0.0], '275_255_min_MET_pt': [10000000.0, 10000000.0], '275_250': [0.0, 738.0], '275_250_passing_MET': [0.0, 700.0], '275_250_failing_MET': [0.0, 38.0], '275_250_min_MET_pt': [10000000.0, 32.55562210083008], '275_245': [0.0, 0.0], '275_245_passing_MET': [0.0, 0.0], '275_245_failing_MET': [0.0, 0.0], '275_245_min_MET_pt': [10000000.0, 10000000.0], '300_290': [768.0, 1483.0], '300_290_passing_MET': [0.0, 0.0], '300_290_failing_MET': [0.0, 0.0], '300_290_min_MET_pt': [10000000.0, 10000000.0], '300_285': [0.0, 0.0], '300_285_passing_MET': [0.0, 0.0], '300_285_failing_MET': [0.0, 0.0], '300_285_min_MET_pt': [10000000.0, 10000000.0], '300_280': [0.0, 1616.0], '300_280_passing_MET': [0.0, 1533.0], '300_280_failing_MET': [0.0, 83.0], '300_280_min_MET_pt': [10000000.0, 31.19346809387207], '300_275': [0.0, 0.0], '300_275_passing_MET': [0.0, 0.0], '300_275_failing_MET': [0.0, 0.0], '300_275_min_MET_pt': [10000000.0, 10000000.0], '300_270': [1682.0, 808.0], '300_270_passing_MET': [0.0, 0.0], '300_270_failing_MET': [0.0, 0.0], '300_270_min_MET_pt': [10000000.0, 10000000.0], '325_315': [0.0, 0.0], '325_315_passing_MET': [0.0, 0.0], '325_315_failing_MET': [0.0, 0.0], '325_315_min_MET_pt': [10000000.0, 10000000.0], '325_310': [837.0, 0.0], '325_310_passing_MET': [810.0, 0.0], '325_310_failing_MET': [27.0, 0.0], '325_310_min_MET_pt': [41.522830963134766, 10000000.0], '325_305': [862.0, 0.0], '325_305_passing_MET': [826.0, 0.0], '325_305_failing_MET': [36.0, 0.0], '325_305_min_MET_pt': [24.85538673400879, 10000000.0], '325_300': [0.0, 838.0], '325_300_passing_MET': [0.0, 802.0], '325_300_failing_MET': [0.0, 36.0], '325_300_min_MET_pt': [10000000.0, 20.887344360351562], '325_295': [894.0, 0.0], '325_295_passing_MET': [851.0, 0.0], '325_295_failing_MET': [43.0, 0.0], '325_295_min_MET_pt': [22.99253273010254, 10000000.0], '350_340': [1713.0, 1621.0], '350_340_passing_MET': [0.0, 0.0], '350_340_failing_MET': [0.0, 0.0], '350_340_min_MET_pt': [10000000.0, 10000000.0], '350_335': [0.0, 0.0], '350_335_passing_MET': [0.0, 0.0], '350_335_failing_MET': [0.0, 0.0], '350_335_min_MET_pt': [10000000.0, 10000000.0], '350_330': [830.0, 872.0], '350_330_passing_MET': [0.0, 0.0], '350_330_failing_MET': [0.0, 0.0], '350_330_min_MET_pt': [10000000.0, 10000000.0], '350_325': [0.0, 0.0], '350_325_passing_MET': [0.0, 0.0], '350_325_failing_MET': [0.0, 0.0], '350_325_min_MET_pt': [10000000.0, 10000000.0], '350_320': [0.0, 0.0], '350_320_passing_MET': [0.0, 0.0], '350_320_failing_MET': [0.0, 0.0], '350_320_min_MET_pt': [10000000.0, 10000000.0], '375_365': [0.0, 0.0], '375_365_passing_MET': [0.0, 0.0], '375_365_failing_MET': [0.0, 0.0], '375_365_min_MET_pt': [10000000.0, 10000000.0], '375_360': [0.0, 0.0], '375_360_passing_MET': [0.0, 0.0], '375_360_failing_MET': [0.0, 0.0], '375_360_min_MET_pt': [10000000.0, 10000000.0], '375_355': [0.0, 831.0], '375_355_passing_MET': [0.0, 803.0], '375_355_failing_MET': [0.0, 28.0], '375_355_min_MET_pt': [10000000.0, 32.60472106933594], '375_350': [0.0, 912.0], '375_350_passing_MET': [0.0, 874.0], '375_350_failing_MET': [0.0, 38.0], '375_350_min_MET_pt': [10000000.0, 14.220419883728027], '375_345': [0.0, 0.0], '375_345_passing_MET': [0.0, 0.0], '375_345_failing_MET': [0.0, 0.0], '375_345_min_MET_pt': [10000000.0, 10000000.0], '400_390': [1751.0, 0.0], '400_390_passing_MET': [1686.0, 0.0], '400_390_failing_MET': [65.0, 0.0], '400_390_min_MET_pt': [50.88547134399414, 10000000.0], '400_385': [0.0, 0.0], '400_385_passing_MET': [0.0, 0.0], '400_385_failing_MET': [0.0, 0.0], '400_385_min_MET_pt': [10000000.0, 10000000.0], '400_380': [0.0, 0.0], '400_380_passing_MET': [0.0, 0.0], '400_380_failing_MET': [0.0, 0.0], '400_380_min_MET_pt': [10000000.0, 10000000.0], '400_375': [0.0, 0.0], '400_375_passing_MET': [0.0, 0.0], '400_375_failing_MET': [0.0, 0.0], '400_375_min_MET_pt': [10000000.0, 10000000.0], '400_370': [894.0, 949.0], '400_370_passing_MET': [0.0, 0.0], '400_370_failing_MET': [0.0, 0.0], '400_370_min_MET_pt': [10000000.0, 10000000.0], '425_415': [1716.0, 0.0], '425_415_passing_MET': [1659.0, 0.0], '425_415_failing_MET': [57.0, 0.0], '425_415_min_MET_pt': [14.375028610229492, 10000000.0], '425_410': [0.0, 0.0], '425_410_passing_MET': [0.0, 0.0], '425_410_failing_MET': [0.0, 0.0], '425_410_min_MET_pt': [10000000.0, 10000000.0], '425_405': [0.0, 0.0], '425_405_passing_MET': [0.0, 0.0], '425_405_failing_MET': [0.0, 0.0], '425_405_min_MET_pt': [10000000.0, 10000000.0], '425_400': [0.0, 0.0], '425_400_passing_MET': [0.0, 0.0], '425_400_failing_MET': [0.0, 0.0], '425_400_min_MET_pt': [10000000.0, 10000000.0], '425_395': [0.0, 1014.0], '425_395_passing_MET': [0.0, 972.0], '425_395_failing_MET': [0.0, 42.0], '425_395_min_MET_pt': [10000000.0, 18.352336883544922], '450_440': [2739.0, 0.0], '450_440_passing_MET': [2660.0, 0.0], '450_440_failing_MET': [79.0, 0.0], '450_440_min_MET_pt': [21.063194274902344, 10000000.0], '450_435': [0.0, 0.0], '450_435_passing_MET': [0.0, 0.0], '450_435_failing_MET': [0.0, 0.0], '450_435_min_MET_pt': [10000000.0, 10000000.0], '450_430': [0.0, 0.0], '450_430_passing_MET': [0.0, 0.0], '450_430_failing_MET': [0.0, 0.0], '450_430_min_MET_pt': [10000000.0, 10000000.0], '450_425': [0.0, 991.0], '450_425_passing_MET': [0.0, 955.0], '450_425_failing_MET': [0.0, 36.0], '450_425_min_MET_pt': [10000000.0, 28.795618057250977], '450_420': [971.0, 0.0], '450_420_passing_MET': [939.0, 0.0], '450_420_failing_MET': [32.0, 0.0], '450_420_min_MET_pt': [24.61408805847168, 10000000.0], '475_465': [954.0, 1849.0], '475_465_passing_MET': [0.0, 0.0], '475_465_failing_MET': [0.0, 0.0], '475_465_min_MET_pt': [10000000.0, 10000000.0], '475_460': [0.0, 0.0], '475_460_passing_MET': [0.0, 0.0], '475_460_failing_MET': [0.0, 0.0], '475_460_min_MET_pt': [10000000.0, 10000000.0], '475_455': [933.0, 0.0], '475_455_passing_MET': [913.0, 0.0], '475_455_failing_MET': [20.0, 0.0], '475_455_min_MET_pt': [49.58406066894531, 10000000.0], '475_450': [2004.0, 0.0], '475_450_passing_MET': [1925.0, 0.0], '475_450_failing_MET': [79.0, 0.0], '475_450_min_MET_pt': [27.294349670410156, 10000000.0], '475_445': [0.0, 0.0], '475_445_passing_MET': [0.0, 0.0], '475_445_failing_MET': [0.0, 0.0], '475_445_min_MET_pt': [10000000.0, 10000000.0], '500_490': [0.0, 0.0], '500_490_passing_MET': [0.0, 0.0], '500_490_failing_MET': [0.0, 0.0], '500_490_min_MET_pt': [10000000.0, 10000000.0], '500_485': [0.0, 0.0], '500_485_passing_MET': [0.0, 0.0], '500_485_failing_MET': [0.0, 0.0], '500_485_min_MET_pt': [10000000.0, 10000000.0], '500_480': [0.0, 0.0], '500_480_passing_MET': [0.0, 0.0], '500_480_failing_MET': [0.0, 0.0], '500_480_min_MET_pt': [10000000.0, 10000000.0], '500_475': [0.0, 2028.0], '500_475_passing_MET': [0.0, 1964.0], '500_475_failing_MET': [0.0, 64.0], '500_475_min_MET_pt': [10000000.0, 27.480579376220703], '500_470': [0.0, 1019.0], '500_470_passing_MET': [0.0, 990.0], '500_470_failing_MET': [0.0, 29.0], '500_470_min_MET_pt': [10000000.0, 11.09615707397461], '525_515': [0.0, 0.0], '525_515_passing_MET': [0.0, 0.0], '525_515_failing_MET': [0.0, 0.0], '525_515_min_MET_pt': [10000000.0, 10000000.0], '525_510': [0.0, 0.0], '525_510_passing_MET': [0.0, 0.0], '525_510_failing_MET': [0.0, 0.0], '525_510_min_MET_pt': [10000000.0, 10000000.0], '525_505': [0.0, 0.0], '525_505_passing_MET': [0.0, 0.0], '525_505_failing_MET': [0.0, 0.0], '525_505_min_MET_pt': [10000000.0, 10000000.0], '525_500': [0.0, 0.0], '525_500_passing_MET': [0.0, 0.0], '525_500_failing_MET': [0.0, 0.0], '525_500_min_MET_pt': [10000000.0, 10000000.0], '525_495': [0.0, 0.0], '525_495_passing_MET': [0.0, 0.0], '525_495_failing_MET': [0.0, 0.0], '525_495_min_MET_pt': [10000000.0, 10000000.0], '550_540': [4848.0, 0.0], '550_540_passing_MET': [4719.0, 0.0], '550_540_failing_MET': [129.0, 0.0], '550_540_min_MET_pt': [23.63373374938965, 10000000.0], '550_535': [0.0, 853.0], '550_535_passing_MET': [0.0, 829.0], '550_535_failing_MET': [0.0, 24.0], '550_535_min_MET_pt': [10000000.0, 38.79380416870117], '550_530': [0.0, 0.0], '550_530_passing_MET': [0.0, 0.0], '550_530_failing_MET': [0.0, 0.0], '550_530_min_MET_pt': [10000000.0, 10000000.0], '550_525': [0.0, 0.0], '550_525_passing_MET': [0.0, 0.0], '550_525_failing_MET': [0.0, 0.0], '550_525_min_MET_pt': [10000000.0, 10000000.0], '550_520': [0.0, 0.0], '550_520_passing_MET': [0.0, 0.0], '550_520_failing_MET': [0.0, 0.0], '550_520_min_MET_pt': [10000000.0, 10000000.0], '575_565': [0.0, 0.0], '575_565_passing_MET': [0.0, 0.0], '575_565_failing_MET': [0.0, 0.0], '575_565_min_MET_pt': [10000000.0, 10000000.0], '575_560': [0.0, 0.0], '575_560_passing_MET': [0.0, 0.0], '575_560_failing_MET': [0.0, 0.0], '575_560_min_MET_pt': [10000000.0, 10000000.0], '575_555': [0.0, 0.0], '575_555_passing_MET': [0.0, 0.0], '575_555_failing_MET': [0.0, 0.0], '575_555_min_MET_pt': [10000000.0, 10000000.0], '575_550': [0.0, 0.0], '575_550_passing_MET': [0.0, 0.0], '575_550_failing_MET': [0.0, 0.0], '575_550_min_MET_pt': [10000000.0, 10000000.0], '575_545': [0.0, 0.0], '575_545_passing_MET': [0.0, 0.0], '575_545_failing_MET': [0.0, 0.0], '575_545_min_MET_pt': [10000000.0, 10000000.0], '600_590': [1051.0, 0.0], '600_590_passing_MET': [1026.0, 0.0], '600_590_failing_MET': [25.0, 0.0], '600_590_min_MET_pt': [29.7009220123291, 10000000.0], '600_585': [915.0, 0.0], '600_585_passing_MET': [892.0, 0.0], '600_585_failing_MET': [23.0, 0.0], '600_585_min_MET_pt': [51.76354217529297, 10000000.0], '600_580': [0.0, 0.0], '600_580_passing_MET': [0.0, 0.0], '600_580_failing_MET': [0.0, 0.0], '600_580_min_MET_pt': [10000000.0, 10000000.0], '600_575': [0.0, 0.0], '600_575_passing_MET': [0.0, 0.0], '600_575_failing_MET': [0.0, 0.0], '600_575_min_MET_pt': [10000000.0, 10000000.0], '600_570': [1058.0, 0.0], '600_570_passing_MET': [1020.0, 0.0], '600_570_failing_MET': [38.0, 0.0], '600_570_min_MET_pt': [20.056921005249023, 10000000.0], '625_615': [0.0, 0.0], '625_615_passing_MET': [0.0, 0.0], '625_615_failing_MET': [0.0, 0.0], '625_615_min_MET_pt': [10000000.0, 10000000.0], '625_610': [0.0, 0.0], '625_610_passing_MET': [0.0, 0.0], '625_610_failing_MET': [0.0, 0.0], '625_610_min_MET_pt': [10000000.0, 10000000.0], '625_605': [0.0, 0.0], '625_605_passing_MET': [0.0, 0.0], '625_605_failing_MET': [0.0, 0.0], '625_605_min_MET_pt': [10000000.0, 10000000.0], '625_600': [0.0, 0.0], '625_600_passing_MET': [0.0, 0.0], '625_600_failing_MET': [0.0, 0.0], '625_600_min_MET_pt': [10000000.0, 10000000.0], '625_595': [0.0, 0.0], '625_595_passing_MET': [0.0, 0.0], '625_595_failing_MET': [0.0, 0.0], '625_595_min_MET_pt': [10000000.0, 10000000.0], '650_640': [0.0, 1027.0], '650_640_passing_MET': [0.0, 996.0], '650_640_failing_MET': [0.0, 31.0], '650_640_min_MET_pt': [10000000.0, 29.41423797607422], '650_635': [905.0, 0.0], '650_635_passing_MET': [890.0, 0.0], '650_635_failing_MET': [15.0, 0.0], '650_635_min_MET_pt': [42.59808349609375, 10000000.0], '650_630': [0.0, 0.0], '650_630_passing_MET': [0.0, 0.0], '650_630_failing_MET': [0.0, 0.0], '650_630_min_MET_pt': [10000000.0, 10000000.0], '650_625': [886.0, 2782.0], '650_625_passing_MET': [0.0, 0.0], '650_625_failing_MET': [0.0, 0.0], '650_625_min_MET_pt': [10000000.0, 10000000.0], '650_620': [0.0, 0.0], '650_620_passing_MET': [0.0, 0.0], '650_620_failing_MET': [0.0, 0.0], '650_620_min_MET_pt': [10000000.0, 10000000.0], '675_665': [0.0, 0.0], '675_665_passing_MET': [0.0, 0.0], '675_665_failing_MET': [0.0, 0.0], '675_665_min_MET_pt': [10000000.0, 10000000.0], '675_660': [0.0, 0.0], '675_660_passing_MET': [0.0, 0.0], '675_660_failing_MET': [0.0, 0.0], '675_660_min_MET_pt': [10000000.0, 10000000.0], '675_655': [0.0, 0.0], '675_655_passing_MET': [0.0, 0.0], '675_655_failing_MET': [0.0, 0.0], '675_655_min_MET_pt': [10000000.0, 10000000.0], '675_650': [0.0, 0.0], '675_650_passing_MET': [0.0, 0.0], '675_650_failing_MET': [0.0, 0.0], '675_650_min_MET_pt': [10000000.0, 10000000.0], '675_645': [0.0, 0.0], '675_645_passing_MET': [0.0, 0.0], '675_645_failing_MET': [0.0, 0.0], '675_645_min_MET_pt': [10000000.0, 10000000.0], '700_690': [1052.0, 0.0], '700_690_passing_MET': [1018.0, 0.0], '700_690_failing_MET': [34.0, 0.0], '700_690_min_MET_pt': [12.268658638000488, 10000000.0], '700_685': [0.0, 0.0], '700_685_passing_MET': [0.0, 0.0], '700_685_failing_MET': [0.0, 0.0], '700_685_min_MET_pt': [10000000.0, 10000000.0], '700_680': [0.0, 1072.0], '700_680_passing_MET': [0.0, 1042.0], '700_680_failing_MET': [0.0, 30.0], '700_680_min_MET_pt': [10000000.0, 23.095075607299805], '700_675': [0.0, 0.0], '700_675_passing_MET': [0.0, 0.0], '700_675_failing_MET': [0.0, 0.0], '700_675_min_MET_pt': [10000000.0, 10000000.0], '700_670': [1123.0, 0.0], '700_670_passing_MET': [1093.0, 0.0], '700_670_failing_MET': [30.0, 0.0], '700_670_min_MET_pt': [30.103410720825195, 10000000.0], '725_715': [0.0, 0.0], '725_715_passing_MET': [0.0, 0.0], '725_715_failing_MET': [0.0, 0.0], '725_715_min_MET_pt': [10000000.0, 10000000.0], '725_710': [0.0, 0.0], '725_710_passing_MET': [0.0, 0.0], '725_710_failing_MET': [0.0, 0.0], '725_710_min_MET_pt': [10000000.0, 10000000.0], '725_705': [0.0, 0.0], '725_705_passing_MET': [0.0, 0.0], '725_705_failing_MET': [0.0, 0.0], '725_705_min_MET_pt': [10000000.0, 10000000.0], '725_700': [0.0, 0.0], '725_700_passing_MET': [0.0, 0.0], '725_700_failing_MET': [0.0, 0.0], '725_700_min_MET_pt': [10000000.0, 10000000.0], '725_695': [0.0, 0.0], '725_695_passing_MET': [0.0, 0.0], '725_695_failing_MET': [0.0, 0.0], '725_695_min_MET_pt': [10000000.0, 10000000.0], '750_740': [0.0, 0.0], '750_740_passing_MET': [0.0, 0.0], '750_740_failing_MET': [0.0, 0.0], '750_740_min_MET_pt': [10000000.0, 10000000.0], '750_735': [961.0, 0.0], '750_735_passing_MET': [935.0, 0.0], '750_735_failing_MET': [26.0, 0.0], '750_735_min_MET_pt': [41.79212188720703, 10000000.0], '750_730': [0.0, 0.0], '750_730_passing_MET': [0.0, 0.0], '750_730_failing_MET': [0.0, 0.0], '750_730_min_MET_pt': [10000000.0, 10000000.0], '750_725': [935.0, 943.0], '750_725_passing_MET': [0.0, 0.0], '750_725_failing_MET': [0.0, 0.0], '750_725_min_MET_pt': [10000000.0, 10000000.0], '750_720': [0.0, 1141.0], '750_720_passing_MET': [0.0, 1105.0], '750_720_failing_MET': [0.0, 36.0], '750_720_min_MET_pt': [10000000.0, 24.721237182617188], '775_765': [0.0, 0.0], '775_765_passing_MET': [0.0, 0.0], '775_765_failing_MET': [0.0, 0.0], '775_765_min_MET_pt': [10000000.0, 10000000.0], '775_760': [0.0, 0.0], '775_760_passing_MET': [0.0, 0.0], '775_760_failing_MET': [0.0, 0.0], '775_760_min_MET_pt': [10000000.0, 10000000.0], '775_755': [0.0, 0.0], '775_755_passing_MET': [0.0, 0.0], '775_755_failing_MET': [0.0, 0.0], '775_755_min_MET_pt': [10000000.0, 10000000.0], '775_750': [0.0, 0.0], '775_750_passing_MET': [0.0, 0.0], '775_750_failing_MET': [0.0, 0.0], '775_750_min_MET_pt': [10000000.0, 10000000.0], '775_745': [0.0, 0.0], '775_745_passing_MET': [0.0, 0.0], '775_745_failing_MET': [0.0, 0.0], '775_745_min_MET_pt': [10000000.0, 10000000.0], '800_790': [4366.0, 1122.0], '800_790_passing_MET': [0.0, 0.0], '800_790_failing_MET': [0.0, 0.0], '800_790_min_MET_pt': [10000000.0, 10000000.0], '800_785': [1920.0, 0.0], '800_785_passing_MET': [1875.0, 0.0], '800_785_failing_MET': [45.0, 0.0], '800_785_min_MET_pt': [17.162071228027344, 10000000.0], '800_780': [1119.0, 0.0], '800_780_passing_MET': [1085.0, 0.0], '800_780_failing_MET': [34.0, 0.0], '800_780_min_MET_pt': [35.46968078613281, 10000000.0], '800_775': [0.0, 0.0], '800_775_passing_MET': [0.0, 0.0], '800_775_failing_MET': [0.0, 0.0], '800_775_min_MET_pt': [10000000.0, 10000000.0], '800_770': [0.0, 0.0], '800_770_passing_MET': [0.0, 0.0], '800_770_failing_MET': [0.0, 0.0], '800_770_min_MET_pt': [10000000.0, 10000000.0], '825_815': [0.0, 0.0], '825_815_passing_MET': [0.0, 0.0], '825_815_failing_MET': [0.0, 0.0], '825_815_min_MET_pt': [10000000.0, 10000000.0], '825_810': [0.0, 0.0], '825_810_passing_MET': [0.0, 0.0], '825_810_failing_MET': [0.0, 0.0], '825_810_min_MET_pt': [10000000.0, 10000000.0], '825_805': [0.0, 0.0], '825_805_passing_MET': [0.0, 0.0], '825_805_failing_MET': [0.0, 0.0], '825_805_min_MET_pt': [10000000.0, 10000000.0], '825_800': [0.0, 0.0], '825_800_passing_MET': [0.0, 0.0], '825_800_failing_MET': [0.0, 0.0], '825_800_min_MET_pt': [10000000.0, 10000000.0], '825_795': [0.0, 0.0], '825_795_passing_MET': [0.0, 0.0], '825_795_failing_MET': [0.0, 0.0], '825_795_min_MET_pt': [10000000.0, 10000000.0], '850_840': [1080.0, 0.0], '850_840_passing_MET': [1049.0, 0.0], '850_840_failing_MET': [31.0, 0.0], '850_840_min_MET_pt': [34.67338180541992, 10000000.0], '850_835': [0.0, 0.0], '850_835_passing_MET': [0.0, 0.0], '850_835_failing_MET': [0.0, 0.0], '850_835_min_MET_pt': [10000000.0, 10000000.0], '850_830': [0.0, 0.0], '850_830_passing_MET': [0.0, 0.0], '850_830_failing_MET': [0.0, 0.0], '850_830_min_MET_pt': [10000000.0, 10000000.0], '850_825': [993.0, 0.0], '850_825_passing_MET': [972.0, 0.0], '850_825_failing_MET': [21.0, 0.0], '850_825_min_MET_pt': [47.734458923339844, 10000000.0], '850_820': [0.0, 0.0], '850_820_passing_MET': [0.0, 0.0], '850_820_failing_MET': [0.0, 0.0], '850_820_min_MET_pt': [10000000.0, 10000000.0], '875_865': [0.0, 0.0], '875_865_passing_MET': [0.0, 0.0], '875_865_failing_MET': [0.0, 0.0], '875_865_min_MET_pt': [10000000.0, 10000000.0], '875_860': [0.0, 0.0], '875_860_passing_MET': [0.0, 0.0], '875_860_failing_MET': [0.0, 0.0], '875_860_min_MET_pt': [10000000.0, 10000000.0], '875_855': [0.0, 0.0], '875_855_passing_MET': [0.0, 0.0], '875_855_failing_MET': [0.0, 0.0], '875_855_min_MET_pt': [10000000.0, 10000000.0], '875_850': [0.0, 0.0], '875_850_passing_MET': [0.0, 0.0], '875_850_failing_MET': [0.0, 0.0], '875_850_min_MET_pt': [10000000.0, 10000000.0], '875_845': [0.0, 0.0], '875_845_passing_MET': [0.0, 0.0], '875_845_failing_MET': [0.0, 0.0], '875_845_min_MET_pt': [10000000.0, 10000000.0], '900_890': [2199.0, 1108.0], '900_890_passing_MET': [0.0, 0.0], '900_890_failing_MET': [0.0, 0.0], '900_890_min_MET_pt': [10000000.0, 10000000.0], '900_885': [0.0, 1883.0], '900_885_passing_MET': [0.0, 1842.0], '900_885_failing_MET': [0.0, 41.0], '900_885_min_MET_pt': [10000000.0, 27.93084716796875], '900_880': [1132.0, 0.0], '900_880_passing_MET': [1111.0, 0.0], '900_880_failing_MET': [21.0, 0.0], '900_880_min_MET_pt': [44.9741325378418, 10000000.0], '900_875': [0.0, 0.0], '900_875_passing_MET': [0.0, 0.0], '900_875_failing_MET': [0.0, 0.0], '900_875_min_MET_pt': [10000000.0, 10000000.0], '900_870': [0.0, 0.0], '900_870_passing_MET': [0.0, 0.0], '900_870_failing_MET': [0.0, 0.0], '900_870_min_MET_pt': [10000000.0, 10000000.0], '925_915': [0.0, 0.0], '925_915_passing_MET': [0.0, 0.0], '925_915_failing_MET': [0.0, 0.0], '925_915_min_MET_pt': [10000000.0, 10000000.0], '925_910': [0.0, 0.0], '925_910_passing_MET': [0.0, 0.0], '925_910_failing_MET': [0.0, 0.0], '925_910_min_MET_pt': [10000000.0, 10000000.0], '925_905': [0.0, 0.0], '925_905_passing_MET': [0.0, 0.0], '925_905_failing_MET': [0.0, 0.0], '925_905_min_MET_pt': [10000000.0, 10000000.0], '925_900': [0.0, 0.0], '925_900_passing_MET': [0.0, 0.0], '925_900_failing_MET': [0.0, 0.0], '925_900_min_MET_pt': [10000000.0, 10000000.0], '925_895': [0.0, 0.0], '925_895_passing_MET': [0.0, 0.0], '925_895_failing_MET': [0.0, 0.0], '925_895_min_MET_pt': [10000000.0, 10000000.0], '950_940': [1137.0, 1131.0], '950_940_passing_MET': [0.0, 0.0], '950_940_failing_MET': [0.0, 0.0], '950_940_min_MET_pt': [10000000.0, 10000000.0], '950_935': [0.0, 0.0], '950_935_passing_MET': [0.0, 0.0], '950_935_failing_MET': [0.0, 0.0], '950_935_min_MET_pt': [10000000.0, 10000000.0], '950_930': [0.0, 0.0], '950_930_passing_MET': [0.0, 0.0], '950_930_failing_MET': [0.0, 0.0], '950_930_min_MET_pt': [10000000.0, 10000000.0], '950_925': [0.0, 0.0], '950_925_passing_MET': [0.0, 0.0], '950_925_failing_MET': [0.0, 0.0], '950_925_min_MET_pt': [10000000.0, 10000000.0], '950_920': [0.0, 0.0], '950_920_passing_MET': [0.0, 0.0], '950_920_failing_MET': [0.0, 0.0], '950_920_min_MET_pt': [10000000.0, 10000000.0], '975_965': [0.0, 0.0], '975_965_passing_MET': [0.0, 0.0], '975_965_failing_MET': [0.0, 0.0], '975_965_min_MET_pt': [10000000.0, 10000000.0], '975_960': [0.0, 0.0], '975_960_passing_MET': [0.0, 0.0], '975_960_failing_MET': [0.0, 0.0], '975_960_min_MET_pt': [10000000.0, 10000000.0], '975_955': [0.0, 0.0], '975_955_passing_MET': [0.0, 0.0], '975_955_failing_MET': [0.0, 0.0], '975_955_min_MET_pt': [10000000.0, 10000000.0], '975_950': [0.0, 0.0], '975_950_passing_MET': [0.0, 0.0], '975_950_failing_MET': [0.0, 0.0], '975_950_min_MET_pt': [10000000.0, 10000000.0], '975_945': [0.0, 0.0], '975_945_passing_MET': [0.0, 0.0], '975_945_failing_MET': [0.0, 0.0], '975_945_min_MET_pt': [10000000.0, 10000000.0], '1000_990': [1136.0, 2282.0], '1000_990_passing_MET': [0.0, 0.0], '1000_990_failing_MET': [0.0, 0.0], '1000_990_min_MET_pt': [10000000.0, 10000000.0], '1000_985': [0.0, 0.0], '1000_985_passing_MET': [0.0, 0.0], '1000_985_failing_MET': [0.0, 0.0], '1000_985_min_MET_pt': [10000000.0, 10000000.0], '1000_980': [0.0, 0.0], '1000_980_passing_MET': [0.0, 0.0], '1000_980_failing_MET': [0.0, 0.0], '1000_980_min_MET_pt': [10000000.0, 10000000.0], '1000_975': [0.0, 0.0], '1000_975_passing_MET': [0.0, 0.0], '1000_975_failing_MET': [0.0, 0.0], '1000_975_min_MET_pt': [10000000.0, 10000000.0], '1000_970': [0.0, 0.0], '1000_970_passing_MET': [0.0, 0.0], '1000_970_failing_MET': [0.0, 0.0], '1000_970_min_MET_pt': [10000000.0, 10000000.0], '1025_1015': [0.0, 0.0], '1025_1015_passing_MET': [0.0, 0.0], '1025_1015_failing_MET': [0.0, 0.0], '1025_1015_min_MET_pt': [10000000.0, 10000000.0], '1025_1010': [0.0, 0.0], '1025_1010_passing_MET': [0.0, 0.0], '1025_1010_failing_MET': [0.0, 0.0], '1025_1010_min_MET_pt': [10000000.0, 10000000.0], '1025_1005': [0.0, 0.0], '1025_1005_passing_MET': [0.0, 0.0], '1025_1005_failing_MET': [0.0, 0.0], '1025_1005_min_MET_pt': [10000000.0, 10000000.0], '1025_1000': [0.0, 0.0], '1025_1000_passing_MET': [0.0, 0.0], '1025_1000_failing_MET': [0.0, 0.0], '1025_1000_min_MET_pt': [10000000.0, 10000000.0], '1025_995': [0.0, 0.0], '1025_995_passing_MET': [0.0, 0.0], '1025_995_failing_MET': [0.0, 0.0], '1025_995_min_MET_pt': [10000000.0, 10000000.0], '1050_1040': [0.0, 0.0], '1050_1040_passing_MET': [0.0, 0.0], '1050_1040_failing_MET': [0.0, 0.0], '1050_1040_min_MET_pt': [10000000.0, 10000000.0], '1050_1035': [0.0, 0.0], '1050_1035_passing_MET': [0.0, 0.0], '1050_1035_failing_MET': [0.0, 0.0], '1050_1035_min_MET_pt': [10000000.0, 10000000.0], '1050_1030': [0.0, 0.0], '1050_1030_passing_MET': [0.0, 0.0], '1050_1030_failing_MET': [0.0, 0.0], '1050_1030_min_MET_pt': [10000000.0, 10000000.0], '1050_1025': [0.0, 0.0], '1050_1025_passing_MET': [0.0, 0.0], '1050_1025_failing_MET': [0.0, 0.0], '1050_1025_min_MET_pt': [10000000.0, 10000000.0], '1050_1020': [0.0, 0.0], '1050_1020_passing_MET': [0.0, 0.0], '1050_1020_failing_MET': [0.0, 0.0], '1050_1020_min_MET_pt': [10000000.0, 10000000.0], '1075_1065': [0.0, 0.0], '1075_1065_passing_MET': [0.0, 0.0], '1075_1065_failing_MET': [0.0, 0.0], '1075_1065_min_MET_pt': [10000000.0, 10000000.0], '1075_1060': [0.0, 0.0], '1075_1060_passing_MET': [0.0, 0.0], '1075_1060_failing_MET': [0.0, 0.0], '1075_1060_min_MET_pt': [10000000.0, 10000000.0], '1075_1055': [0.0, 0.0], '1075_1055_passing_MET': [0.0, 0.0], '1075_1055_failing_MET': [0.0, 0.0], '1075_1055_min_MET_pt': [10000000.0, 10000000.0], '1075_1050': [0.0, 0.0], '1075_1050_passing_MET': [0.0, 0.0], '1075_1050_failing_MET': [0.0, 0.0], '1075_1050_min_MET_pt': [10000000.0, 10000000.0], '1075_1045': [0.0, 0.0], '1075_1045_passing_MET': [0.0, 0.0], '1075_1045_failing_MET': [0.0, 0.0], '1075_1045_min_MET_pt': [10000000.0, 10000000.0], '1100_1090': [0.0, 0.0], '1100_1090_passing_MET': [0.0, 0.0], '1100_1090_failing_MET': [0.0, 0.0], '1100_1090_min_MET_pt': [10000000.0, 10000000.0], '1100_1085': [0.0, 0.0], '1100_1085_passing_MET': [0.0, 0.0], '1100_1085_failing_MET': [0.0, 0.0], '1100_1085_min_MET_pt': [10000000.0, 10000000.0], '1100_1080': [0.0, 0.0], '1100_1080_passing_MET': [0.0, 0.0], '1100_1080_failing_MET': [0.0, 0.0], '1100_1080_min_MET_pt': [10000000.0, 10000000.0], '1100_1075': [1074.0, 0.0], '1100_1075_passing_MET': [1046.0, 0.0], '1100_1075_failing_MET': [28.0, 0.0], '1100_1075_min_MET_pt': [49.455772399902344, 10000000.0], '1100_1070': [0.0, 0.0], '1100_1070_passing_MET': [0.0, 0.0], '1100_1070_failing_MET': [0.0, 0.0], '1100_1070_min_MET_pt': [10000000.0, 10000000.0], 'nEventsTotal': 151613.0, 'strange masspoints': 0.0, 'orphans': 0.0, 'R-hadron event': 0.0, 'different stop antistop masses': 0.0, 'strange error': 0.0, 'strange event': 0.0, 'different neutralino masses': 13303.0, 'large differences': 0.0, '600_586': [133.0, 0.0], '600_586_passing_MET': [130.0, 0.0], '600_586_failing_MET': [3.0, 0.0], '600_586_min_MET_pt': [54.26792907714844, 10000000.0], '550_536': [0.0, 110.0], '550_536_passing_MET': [0.0, 108.0], '550_536_failing_MET': [0.0, 2.0], '550_536_min_MET_pt': [10000000.0, 68.89237976074219], '750_726': [183.0, 172.0], '750_726_passing_MET': [175.0, 164.0], '750_726_failing_MET': [8.0, 8.0], '750_726_min_MET_pt': [53.34073257446289, 51.632408142089844], '626_615': [946.0, 916.0], '626_615_passing_MET': [914.0, 898.0], '626_615_failing_MET': [32.0, 18.0], '626_615_min_MET_pt': [32.478355407714844, 17.445438385009766], '626_616': [85.0, 94.0], '626_616_passing_MET': [84.0, 91.0], '626_616_failing_MET': [1.0, 3.0], '626_616_min_MET_pt': [89.8434066772461, 71.31809997558594], '726_715': [910.0, 0.0], '726_715_passing_MET': [886.0, 0.0], '726_715_failing_MET': [24.0, 0.0], '726_715_min_MET_pt': [49.72489547729492, 10000000.0], '726_716': [91.0, 0.0], '726_716_passing_MET': [91.0, 0.0], '726_716_failing_MET': [0.0, 0.0], '726_716_min_MET_pt': [108.0020751953125, 10000000.0], '526_510': [987.0, 0.0], '526_510_passing_MET': [959.0, 0.0], '526_510_failing_MET': [28.0, 0.0], '526_510_min_MET_pt': [23.63910675048828, 10000000.0], '900_886': [0.0, 289.0], '900_886_passing_MET': [0.0, 282.0], '900_886_failing_MET': [0.0, 7.0], '900_886_min_MET_pt': [10000000.0, 58.271358489990234], '576_545': [0.0, 1803.0], '576_545_passing_MET': [0.0, 1753.0], '576_545_failing_MET': [0.0, 50.0], '576_545_min_MET_pt': [10000000.0, 29.043224334716797], '576_546': [0.0, 352.0], '576_546_passing_MET': [0.0, 336.0], '576_546_failing_MET': [0.0, 16.0], '576_546_min_MET_pt': [10000000.0, 35.665740966796875], '776_745': [0.0, 959.0], '776_745_passing_MET': [0.0, 930.0], '776_745_failing_MET': [0.0, 29.0], '776_745_min_MET_pt': [10000000.0, 48.27668762207031], '776_746': [0.0, 191.0], '776_746_passing_MET': [0.0, 186.0], '776_746_failing_MET': [0.0, 5.0], '776_746_min_MET_pt': [10000000.0, 56.12870407104492], '1076_1060': [1155.0, 0.0], '1076_1060_passing_MET': [1137.0, 0.0], '1076_1060_failing_MET': [18.0, 0.0], '1076_1060_min_MET_pt': [57.870182037353516, 10000000.0], '1076_1045': [0.0, 1957.0], '1076_1045_passing_MET': [0.0, 1904.0], '1076_1045_failing_MET': [0.0, 53.0], '1076_1045_min_MET_pt': [10000000.0, 23.64759635925293], '1076_1044': [0.0, 362.0], '1076_1044_passing_MET': [0.0, 353.0], '1076_1044_failing_MET': [0.0, 9.0], '1076_1044_min_MET_pt': [10000000.0, 56.7644157409668], '750_736': [143.0, 0.0], '750_736_passing_MET': [138.0, 0.0], '750_736_failing_MET': [5.0, 0.0], '750_736_min_MET_pt': [26.73342514038086, 10000000.0], '776_765': [2870.0, 0.0], '776_765_passing_MET': [2807.0, 0.0], '776_765_failing_MET': [63.0, 0.0], '776_765_min_MET_pt': [12.720749855041504, 10000000.0], '776_766': [317.0, 0.0], '776_766_passing_MET': [307.0, 0.0], '776_766_failing_MET': [10.0, 0.0], '776_766_min_MET_pt': [45.972320556640625, 10000000.0], '826_796': [0.0, 186.0], '826_796_passing_MET': [0.0, 180.0], '826_796_failing_MET': [0.0, 6.0], '826_796_min_MET_pt': [10000000.0, 53.63605499267578], '826_795': [0.0, 920.0], '826_795_passing_MET': [0.0, 888.0], '826_795_failing_MET': [0.0, 32.0], '826_795_min_MET_pt': [10000000.0, 33.782958984375], '776_760': [0.0, 2204.0], '776_760_passing_MET': [0.0, 2147.0], '776_760_failing_MET': [0.0, 57.0], '776_760_min_MET_pt': [10000000.0, 31.554845809936523], '526_515': [907.0, 884.0], '526_515_passing_MET': [880.0, 851.0], '526_515_failing_MET': [27.0, 33.0], '526_515_min_MET_pt': [24.06366729736328, 42.694400787353516], '526_516': [95.0, 86.0], '526_516_passing_MET': [91.0, 83.0], '526_516_failing_MET': [4.0, 3.0], '526_516_min_MET_pt': [61.320404052734375, 82.83059692382812], '1024_1015': [3014.0, 0.0], '1024_1015_passing_MET': [2946.0, 0.0], '1024_1015_failing_MET': [68.0, 0.0], '1024_1015_min_MET_pt': [12.897727966308594, 10000000.0], '1024_1016': [302.0, 0.0], '1024_1016_passing_MET': [291.0, 0.0], '1024_1016_failing_MET': [11.0, 0.0], '1024_1016_min_MET_pt': [50.303733825683594, 10000000.0], '800_786': [254.0, 0.0], '800_786_passing_MET': [247.0, 0.0], '800_786_failing_MET': [7.0, 0.0], '800_786_min_MET_pt': [76.37899780273438, 10000000.0], '976_960': [0.0, 3418.0], '976_960_passing_MET': [0.0, 3354.0], '976_960_failing_MET': [0.0, 64.0], '976_960_min_MET_pt': [10000000.0, 22.389606475830078], '1052_1025': [0.0, 997.0], '1052_1025_passing_MET': [0.0, 969.0], '1052_1025_failing_MET': [0.0, 28.0], '1052_1025_min_MET_pt': [10000000.0, 29.076078414916992], '1052_1024': [0.0, 187.0], '1052_1024_passing_MET': [0.0, 182.0], '1052_1024_failing_MET': [0.0, 5.0], '1052_1024_min_MET_pt': [10000000.0, 73.1671371459961], '676_665': [1901.0, 902.0], '676_665_passing_MET': [1844.0, 882.0], '676_665_failing_MET': [57.0, 20.0], '676_665_min_MET_pt': [19.319974899291992, 46.31904220581055], '676_666': [203.0, 87.0], '676_666_passing_MET': [195.0, 84.0], '676_666_failing_MET': [8.0, 3.0], '676_666_min_MET_pt': [68.7771224975586, 61.001121520996094], '926_900': [0.0, 1097.0], '926_900_passing_MET': [0.0, 1076.0], '926_900_failing_MET': [0.0, 21.0], '926_900_min_MET_pt': [10000000.0, 48.72061538696289], '650_636': [136.0, 0.0], '650_636_passing_MET': [133.0, 0.0], '650_636_failing_MET': [3.0, 0.0], '650_636_min_MET_pt': [42.95107650756836, 10000000.0], '726_695': [996.0, 975.0], '726_695_passing_MET': [973.0, 943.0], '726_695_failing_MET': [23.0, 32.0], '726_695_min_MET_pt': [53.33357238769531, 29.899681091308594], '726_696': [194.0, 197.0], '726_696_passing_MET': [188.0, 192.0], '726_696_failing_MET': [6.0, 5.0], '726_696_min_MET_pt': [35.14274215698242, 51.87278366088867], '1076_1050': [1023.0, 0.0], '1076_1050_passing_MET': [998.0, 0.0], '1076_1050_failing_MET': [25.0, 0.0], '1076_1050_min_MET_pt': [58.41353988647461, 10000000.0], '1076_1052': [196.0, 0.0], '1076_1052_passing_MET': [193.0, 0.0], '1076_1052_failing_MET': [3.0, 0.0], '1076_1052_min_MET_pt': [60.85062789916992, 10000000.0], '876_856': [0.0, 299.0], '876_856_passing_MET': [0.0, 291.0], '876_856_failing_MET': [0.0, 8.0], '876_856_min_MET_pt': [10000000.0, 53.26187515258789], '876_855': [0.0, 1893.0], '876_855_passing_MET': [0.0, 1842.0], '876_855_failing_MET': [0.0, 51.0], '876_855_min_MET_pt': [10000000.0, 40.452056884765625], '826_810': [1141.0, 0.0], '826_810_passing_MET': [1119.0, 0.0], '826_810_failing_MET': [22.0, 0.0], '826_810_min_MET_pt': [43.17203140258789, 10000000.0], '1076_1056': [0.0, 151.0], '1076_1056_passing_MET': [0.0, 150.0], '1076_1056_failing_MET': [0.0, 1.0], '1076_1056_min_MET_pt': [10000000.0, 96.91060638427734], '1076_1055': [0.0, 1082.0], '1076_1055_passing_MET': [0.0, 1049.0], '1076_1055_failing_MET': [0.0, 33.0], '1076_1055_min_MET_pt': [10000000.0, 45.369564056396484], '876_865': [1011.0, 1001.0], '876_865_passing_MET': [985.0, 980.0], '876_865_failing_MET': [26.0, 21.0], '876_865_min_MET_pt': [49.86017990112305, 17.446866989135742], '876_866': [116.0, 102.0], '876_866_passing_MET': [114.0, 97.0], '876_866_failing_MET': [2.0, 5.0], '876_866_min_MET_pt': [14.712788581848145, 66.72979736328125], '1052_1020': [1204.0, 0.0], '1052_1020_passing_MET': [1177.0, 0.0], '1052_1020_failing_MET': [27.0, 0.0], '1052_1020_min_MET_pt': [14.586156845092773, 10000000.0], '826_805': [0.0, 945.0], '826_805_passing_MET': [0.0, 923.0], '826_805_failing_MET': [0.0, 22.0], '826_805_min_MET_pt': [10000000.0, 44.75521469116211], '826_806': [0.0, 177.0], '826_806_passing_MET': [0.0, 174.0], '826_806_failing_MET': [0.0, 3.0], '826_806_min_MET_pt': [10000000.0, 80.39752960205078], '626_600': [1061.0, 0.0], '626_600_passing_MET': [1026.0, 0.0], '626_600_failing_MET': [35.0, 0.0], '626_600_min_MET_pt': [27.440174102783203, 10000000.0], '650_626': [170.0, 462.0], '650_626_passing_MET': [167.0, 444.0], '650_626_failing_MET': [3.0, 18.0], '650_626_min_MET_pt': [20.877073287963867, 22.66932487487793], '1100_1076': [157.0, 0.0], '1100_1076_passing_MET': [153.0, 0.0], '1100_1076_failing_MET': [4.0, 0.0], '1100_1076_min_MET_pt': [34.05110168457031, 10000000.0], '826_815': [0.0, 984.0], '826_815_passing_MET': [0.0, 953.0], '826_815_failing_MET': [0.0, 31.0], '826_815_min_MET_pt': [10000000.0, 59.08439636230469], '826_816': [0.0, 99.0], '826_816_passing_MET': [0.0, 96.0], '826_816_failing_MET': [0.0, 3.0], '826_816_min_MET_pt': [10000000.0, 57.38336181640625], '626_605': [0.0, 940.0], '626_605_passing_MET': [0.0, 906.0], '626_605_failing_MET': [0.0, 34.0], '626_605_min_MET_pt': [10000000.0, 9.023106575012207], '626_606': [0.0, 162.0], '626_606_passing_MET': [0.0, 157.0], '626_606_failing_MET': [0.0, 5.0], '626_606_min_MET_pt': [10000000.0, 66.64427185058594], '526_505': [1008.0, 980.0], '526_505_passing_MET': [978.0, 955.0], '526_505_failing_MET': [30.0, 25.0], '526_505_min_MET_pt': [26.918336868286133, 34.588321685791016], '526_495': [1018.0, 0.0], '526_495_passing_MET': [990.0, 0.0], '526_495_failing_MET': [28.0, 0.0], '526_495_min_MET_pt': [62.40026092529297, 10000000.0], '876_860': [0.0, 1081.0], '876_860_passing_MET': [0.0, 1057.0], '876_860_failing_MET': [0.0, 24.0], '876_860_min_MET_pt': [10000000.0, 21.87183952331543], '850_826': [173.0, 0.0], '850_826_passing_MET': [167.0, 0.0], '850_826_failing_MET': [6.0, 0.0], '850_826_min_MET_pt': [53.520748138427734, 10000000.0], '926_915': [0.0, 983.0], '926_915_passing_MET': [0.0, 956.0], '926_915_failing_MET': [0.0, 27.0], '926_915_min_MET_pt': [10000000.0, 50.15864944458008], '926_916': [0.0, 101.0], '926_916_passing_MET': [0.0, 99.0], '926_916_failing_MET': [0.0, 2.0], '926_916_min_MET_pt': [10000000.0, 77.45240020751953], '726_705': [0.0, 936.0], '726_705_passing_MET': [0.0, 910.0], '726_705_failing_MET': [0.0, 26.0], '726_705_min_MET_pt': [10000000.0, 47.576866149902344], '726_706': [0.0, 146.0], '726_706_passing_MET': [0.0, 141.0], '726_706_failing_MET': [0.0, 5.0], '726_706_min_MET_pt': [10000000.0, 69.94735717773438], '926_895': [988.0, 0.0], '926_895_passing_MET': [952.0, 0.0], '926_895_failing_MET': [36.0, 0.0], '926_895_min_MET_pt': [32.816837310791016, 10000000.0], '926_896': [179.0, 0.0], '926_896_passing_MET': [172.0, 0.0], '926_896_failing_MET': [7.0, 0.0], '926_896_min_MET_pt': [56.65964126586914, 10000000.0], '576_550': [1040.0, 0.0], '576_550_passing_MET': [1002.0, 0.0], '576_550_failing_MET': [38.0, 0.0], '576_550_min_MET_pt': [14.3150634765625, 10000000.0], '626_595': [914.0, 0.0], '626_595_passing_MET': [901.0, 0.0], '626_595_failing_MET': [13.0, 0.0], '626_595_min_MET_pt': [20.82863426208496, 10000000.0], '626_596': [185.0, 0.0], '626_596_passing_MET': [178.0, 0.0], '626_596_failing_MET': [7.0, 0.0], '626_596_min_MET_pt': [11.814401626586914, 10000000.0], '976_965': [1030.0, 0.0], '976_965_passing_MET': [1004.0, 0.0], '976_965_failing_MET': [26.0, 0.0], '976_965_min_MET_pt': [28.1513671875, 10000000.0], '976_966': [116.0, 0.0], '976_966_passing_MET': [110.0, 0.0], '976_966_failing_MET': [6.0, 0.0], '976_966_min_MET_pt': [55.093833923339844, 10000000.0], '676_655': [911.0, 0.0], '676_655_passing_MET': [876.0, 0.0], '676_655_failing_MET': [35.0, 0.0], '676_655_min_MET_pt': [4.382768154144287, 10000000.0], '676_656': [135.0, 0.0], '676_656_passing_MET': [132.0, 0.0], '676_656_failing_MET': [3.0, 0.0], '676_656_min_MET_pt': [75.11360931396484, 10000000.0], '1076_1065': [1053.0, 0.0], '1076_1065_passing_MET': [1030.0, 0.0], '1076_1065_failing_MET': [23.0, 0.0], '1076_1065_min_MET_pt': [43.110008239746094, 10000000.0], '1076_1064': [109.0, 0.0], '1076_1064_passing_MET': [106.0, 0.0], '1076_1064_failing_MET': [3.0, 0.0], '1076_1064_min_MET_pt': [47.93588638305664, 10000000.0]}
nevents_from_dict =  3700272391.095351
Results saved to /afs/cern.ch/work/m/mleoncoe/private/stop_met_check/outputs_2018/nanoAOD_134.json
done
