i am in this directory
/pool/condor/dir_109461
Python 3.9.23
3.9.23
 will run this python stop_check_met_eff.py /eos/user/m/mleoncoe/stop_event_check/privateNanoAod2018/nanoAOD_203.root /afs/cern.ch/work/m/mleoncoe/private/stop_met_check/outputs_2018/nanoAOD_203.json
event num1000
event num2000
event num3000
event num4000
event num5000
event num6000
event num7000
event num8000
event num9000
event num10000
event num11000
event num12000
event num13000
event num14000
event num15000
event num16000
event num17000
event num18000
event num19000
event num20000
event num21000
event num22000
event num23000
event num24000
event num25000
event num26000
event num27000
event num28000
event num29000
event num30000
event num31000
event num32000
event num33000
event num34000
event num35000
event num36000
event num37000
event num38000
event num39000
event num40000
event num41000
event num42000
event num43000
event num44000
event num45000
event num46000
event num47000
event num48000
event num49000
event num50000
event num51000
event num52000
event num53000
event num54000
event num55000
event num56000
event num57000
event num58000
event num59000
event num60000
event num61000
event num62000
event num63000
event num64000
event num65000
event num66000
event num67000
event num68000
event num69000
event num70000
event num71000
event num72000
event num73000
event num74000
event num75000
event num76000
event num77000
event num78000
event num79000
event num80000
event num81000
event num82000
event num83000
event num84000
event num85000
event num86000
event num87000
event num88000
event num89000
event num90000
event num91000
event num92000
event num93000
event num94000
event num95000
event num96000
event num97000
event num98000
event num99000
event num100000
event num101000
event num102000
event num103000
event num104000
event num105000
event num106000
event num107000
event num108000
event num109000
event num110000
event num111000
event num112000
event num113000
event num114000
event num115000
{'250_240': [0.0, 1357.0], '250_240_passing_MET': [0.0, 1313.0], '250_240_failing_MET': [0.0, 44.0], '250_240_min_MET_pt': [10000000.0, 40.0849723815918], '250_235': [0.0, 0.0], '250_235_passing_MET': [0.0, 0.0], '250_235_failing_MET': [0.0, 0.0], '250_235_min_MET_pt': [10000000.0, 10000000.0], '250_230': [0.0, 0.0], '250_230_passing_MET': [0.0, 0.0], '250_230_failing_MET': [0.0, 0.0], '250_230_min_MET_pt': [10000000.0, 10000000.0], '250_225': [0.0, 0.0], '250_225_passing_MET': [0.0, 0.0], '250_225_failing_MET': [0.0, 0.0], '250_225_min_MET_pt': [10000000.0, 10000000.0], '250_220': [0.0, 751.0], '250_220_passing_MET': [0.0, 710.0], '250_220_failing_MET': [0.0, 41.0], '250_220_min_MET_pt': [10000000.0, 37.634620666503906], '275_265': [732.0, 753.0], '275_265_passing_MET': [0.0, 0.0], '275_265_failing_MET': [0.0, 0.0], '275_265_min_MET_pt': [10000000.0, 10000000.0], '275_260': [0.0, 0.0], '275_260_passing_MET': [0.0, 0.0], '275_260_failing_MET': [0.0, 0.0], '275_260_min_MET_pt': [10000000.0, 10000000.0], '275_255': [800.0, 0.0], '275_255_passing_MET': [764.0, 0.0], '275_255_failing_MET': [36.0, 0.0], '275_255_min_MET_pt': [24.46604347229004, 10000000.0], '275_250': [829.0, 0.0], '275_250_passing_MET': [789.0, 0.0], '275_250_failing_MET': [40.0, 0.0], '275_250_min_MET_pt': [24.9603328704834, 10000000.0], '275_245': [790.0, 0.0], '275_245_passing_MET': [748.0, 0.0], '275_245_failing_MET': [42.0, 0.0], '275_245_min_MET_pt': [51.14408493041992, 10000000.0], '300_290': [787.0, 1559.0], '300_290_passing_MET': [0.0, 0.0], '300_290_failing_MET': [0.0, 0.0], '300_290_min_MET_pt': [10000000.0, 10000000.0], '300_285': [0.0, 1608.0], '300_285_passing_MET': [0.0, 1526.0], '300_285_failing_MET': [0.0, 82.0], '300_285_min_MET_pt': [10000000.0, 32.839630126953125], '300_280': [0.0, 0.0], '300_280_passing_MET': [0.0, 0.0], '300_280_failing_MET': [0.0, 0.0], '300_280_min_MET_pt': [10000000.0, 10000000.0], '300_275': [850.0, 0.0], '300_275_passing_MET': [824.0, 0.0], '300_275_failing_MET': [26.0, 0.0], '300_275_min_MET_pt': [35.89992141723633, 10000000.0], '300_270': [0.0, 0.0], '300_270_passing_MET': [0.0, 0.0], '300_270_failing_MET': [0.0, 0.0], '300_270_min_MET_pt': [10000000.0, 10000000.0], '325_315': [782.0, 805.0], '325_315_passing_MET': [0.0, 0.0], '325_315_failing_MET': [0.0, 0.0], '325_315_min_MET_pt': [10000000.0, 10000000.0], '325_310': [860.0, 0.0], '325_310_passing_MET': [814.0, 0.0], '325_310_failing_MET': [46.0, 0.0], '325_310_min_MET_pt': [10.505542755126953, 10000000.0], '325_305': [0.0, 893.0], '325_305_passing_MET': [0.0, 864.0], '325_305_failing_MET': [0.0, 29.0], '325_305_min_MET_pt': [10000000.0, 45.0238151550293], '325_300': [898.0, 803.0], '325_300_passing_MET': [0.0, 0.0], '325_300_failing_MET': [0.0, 0.0], '325_300_min_MET_pt': [10000000.0, 10000000.0], '325_295': [901.0, 0.0], '325_295_passing_MET': [852.0, 0.0], '325_295_failing_MET': [49.0, 0.0], '325_295_min_MET_pt': [23.473459243774414, 10000000.0], '350_340': [0.0, 861.0], '350_340_passing_MET': [0.0, 822.0], '350_340_failing_MET': [0.0, 39.0], '350_340_min_MET_pt': [10000000.0, 35.20284652709961], '350_335': [0.0, 0.0], '350_335_passing_MET': [0.0, 0.0], '350_335_failing_MET': [0.0, 0.0], '350_335_min_MET_pt': [10000000.0, 10000000.0], '350_330': [0.0, 0.0], '350_330_passing_MET': [0.0, 0.0], '350_330_failing_MET': [0.0, 0.0], '350_330_min_MET_pt': [10000000.0, 10000000.0], '350_325': [0.0, 827.0], '350_325_passing_MET': [0.0, 794.0], '350_325_failing_MET': [0.0, 33.0], '350_325_min_MET_pt': [10000000.0, 42.69460678100586], '350_320': [0.0, 929.0], '350_320_passing_MET': [0.0, 888.0], '350_320_failing_MET': [0.0, 41.0], '350_320_min_MET_pt': [10000000.0, 46.007205963134766], '375_365': [898.0, 0.0], '375_365_passing_MET': [871.0, 0.0], '375_365_failing_MET': [27.0, 0.0], '375_365_min_MET_pt': [43.56722640991211, 10000000.0], '375_360': [1722.0, 0.0], '375_360_passing_MET': [1670.0, 0.0], '375_360_failing_MET': [52.0, 0.0], '375_360_min_MET_pt': [21.1199893951416, 10000000.0], '375_355': [0.0, 0.0], '375_355_passing_MET': [0.0, 0.0], '375_355_failing_MET': [0.0, 0.0], '375_355_min_MET_pt': [10000000.0, 10000000.0], '375_350': [913.0, 0.0], '375_350_passing_MET': [874.0, 0.0], '375_350_failing_MET': [39.0, 0.0], '375_350_min_MET_pt': [19.987333297729492, 10000000.0], '375_345': [0.0, 0.0], '375_345_passing_MET': [0.0, 0.0], '375_345_failing_MET': [0.0, 0.0], '375_345_min_MET_pt': [10000000.0, 10000000.0], '400_390': [915.0, 0.0], '400_390_passing_MET': [892.0, 0.0], '400_390_failing_MET': [23.0, 0.0], '400_390_min_MET_pt': [31.415075302124023, 10000000.0], '400_385': [0.0, 0.0], '400_385_passing_MET': [0.0, 0.0], '400_385_failing_MET': [0.0, 0.0], '400_385_min_MET_pt': [10000000.0, 10000000.0], '400_380': [961.0, 0.0], '400_380_passing_MET': [927.0, 0.0], '400_380_failing_MET': [34.0, 0.0], '400_380_min_MET_pt': [34.40453338623047, 10000000.0], '400_375': [0.0, 0.0], '400_375_passing_MET': [0.0, 0.0], '400_375_failing_MET': [0.0, 0.0], '400_375_min_MET_pt': [10000000.0, 10000000.0], '400_370': [0.0, 986.0], '400_370_passing_MET': [0.0, 952.0], '400_370_failing_MET': [0.0, 34.0], '400_370_min_MET_pt': [10000000.0, 31.52656364440918], '425_415': [882.0, 0.0], '425_415_passing_MET': [859.0, 0.0], '425_415_failing_MET': [23.0, 0.0], '425_415_min_MET_pt': [45.26694107055664, 10000000.0], '425_410': [0.0, 0.0], '425_410_passing_MET': [0.0, 0.0], '425_410_failing_MET': [0.0, 0.0], '425_410_min_MET_pt': [10000000.0, 10000000.0], '425_405': [0.0, 0.0], '425_405_passing_MET': [0.0, 0.0], '425_405_failing_MET': [0.0, 0.0], '425_405_min_MET_pt': [10000000.0, 10000000.0], '425_400': [0.0, 954.0], '425_400_passing_MET': [0.0, 909.0], '425_400_failing_MET': [0.0, 45.0], '425_400_min_MET_pt': [10000000.0, 19.288780212402344], '425_395': [0.0, 0.0], '425_395_passing_MET': [0.0, 0.0], '425_395_failing_MET': [0.0, 0.0], '425_395_min_MET_pt': [10000000.0, 10000000.0], '450_440': [0.0, 2714.0], '450_440_passing_MET': [0.0, 2639.0], '450_440_failing_MET': [0.0, 75.0], '450_440_min_MET_pt': [10000000.0, 26.188631057739258], '450_435': [0.0, 0.0], '450_435_passing_MET': [0.0, 0.0], '450_435_failing_MET': [0.0, 0.0], '450_435_min_MET_pt': [10000000.0, 10000000.0], '450_430': [0.0, 0.0], '450_430_passing_MET': [0.0, 0.0], '450_430_failing_MET': [0.0, 0.0], '450_430_min_MET_pt': [10000000.0, 10000000.0], '450_425': [0.0, 0.0], '450_425_passing_MET': [0.0, 0.0], '450_425_failing_MET': [0.0, 0.0], '450_425_min_MET_pt': [10000000.0, 10000000.0], '450_420': [0.0, 0.0], '450_420_passing_MET': [0.0, 0.0], '450_420_failing_MET': [0.0, 0.0], '450_420_min_MET_pt': [10000000.0, 10000000.0], '475_465': [0.0, 917.0], '475_465_passing_MET': [0.0, 890.0], '475_465_failing_MET': [0.0, 27.0], '475_465_min_MET_pt': [10000000.0, 8.255849838256836], '475_460': [974.0, 0.0], '475_460_passing_MET': [941.0, 0.0], '475_460_failing_MET': [33.0, 0.0], '475_460_min_MET_pt': [26.2080020904541, 10000000.0], '475_455': [0.0, 0.0], '475_455_passing_MET': [0.0, 0.0], '475_455_failing_MET': [0.0, 0.0], '475_455_min_MET_pt': [10000000.0, 10000000.0], '475_450': [0.0, 0.0], '475_450_passing_MET': [0.0, 0.0], '475_450_failing_MET': [0.0, 0.0], '475_450_min_MET_pt': [10000000.0, 10000000.0], '475_445': [1009.0, 0.0], '475_445_passing_MET': [976.0, 0.0], '475_445_failing_MET': [33.0, 0.0], '475_445_min_MET_pt': [3.290109634399414, 10000000.0], '500_490': [0.0, 1907.0], '500_490_passing_MET': [0.0, 1849.0], '500_490_failing_MET': [0.0, 58.0], '500_490_min_MET_pt': [10000000.0, 2.541802167892456], '500_485': [0.0, 998.0], '500_485_passing_MET': [0.0, 973.0], '500_485_failing_MET': [0.0, 25.0], '500_485_min_MET_pt': [10000000.0, 16.828989028930664], '500_480': [0.0, 0.0], '500_480_passing_MET': [0.0, 0.0], '500_480_failing_MET': [0.0, 0.0], '500_480_min_MET_pt': [10000000.0, 10000000.0], '500_475': [1087.0, 1031.0], '500_475_passing_MET': [0.0, 0.0], '500_475_failing_MET': [0.0, 0.0], '500_475_min_MET_pt': [10000000.0, 10000000.0], '500_470': [0.0, 0.0], '500_470_passing_MET': [0.0, 0.0], '500_470_failing_MET': [0.0, 0.0], '500_470_min_MET_pt': [10000000.0, 10000000.0], '525_515': [0.0, 0.0], '525_515_passing_MET': [0.0, 0.0], '525_515_failing_MET': [0.0, 0.0], '525_515_min_MET_pt': [10000000.0, 10000000.0], '525_510': [0.0, 0.0], '525_510_passing_MET': [0.0, 0.0], '525_510_failing_MET': [0.0, 0.0], '525_510_min_MET_pt': [10000000.0, 10000000.0], '525_505': [0.0, 0.0], '525_505_passing_MET': [0.0, 0.0], '525_505_failing_MET': [0.0, 0.0], '525_505_min_MET_pt': [10000000.0, 10000000.0], '525_500': [0.0, 0.0], '525_500_passing_MET': [0.0, 0.0], '525_500_failing_MET': [0.0, 0.0], '525_500_min_MET_pt': [10000000.0, 10000000.0], '525_495': [0.0, 0.0], '525_495_passing_MET': [0.0, 0.0], '525_495_failing_MET': [0.0, 0.0], '525_495_min_MET_pt': [10000000.0, 10000000.0], '550_540': [0.0, 0.0], '550_540_passing_MET': [0.0, 0.0], '550_540_failing_MET': [0.0, 0.0], '550_540_min_MET_pt': [10000000.0, 10000000.0], '550_535': [1717.0, 0.0], '550_535_passing_MET': [1661.0, 0.0], '550_535_failing_MET': [56.0, 0.0], '550_535_min_MET_pt': [31.607101440429688, 10000000.0], '550_530': [0.0, 982.0], '550_530_passing_MET': [0.0, 954.0], '550_530_failing_MET': [0.0, 28.0], '550_530_min_MET_pt': [10000000.0, 15.596545219421387], '550_525': [0.0, 0.0], '550_525_passing_MET': [0.0, 0.0], '550_525_failing_MET': [0.0, 0.0], '550_525_min_MET_pt': [10000000.0, 10000000.0], '550_520': [0.0, 1052.0], '550_520_passing_MET': [0.0, 1005.0], '550_520_failing_MET': [0.0, 47.0], '550_520_min_MET_pt': [10000000.0, 35.73631286621094], '575_565': [0.0, 0.0], '575_565_passing_MET': [0.0, 0.0], '575_565_failing_MET': [0.0, 0.0], '575_565_min_MET_pt': [10000000.0, 10000000.0], '575_560': [0.0, 0.0], '575_560_passing_MET': [0.0, 0.0], '575_560_failing_MET': [0.0, 0.0], '575_560_min_MET_pt': [10000000.0, 10000000.0], '575_555': [0.0, 0.0], '575_555_passing_MET': [0.0, 0.0], '575_555_failing_MET': [0.0, 0.0], '575_555_min_MET_pt': [10000000.0, 10000000.0], '575_550': [0.0, 0.0], '575_550_passing_MET': [0.0, 0.0], '575_550_failing_MET': [0.0, 0.0], '575_550_min_MET_pt': [10000000.0, 10000000.0], '575_545': [0.0, 0.0], '575_545_passing_MET': [0.0, 0.0], '575_545_failing_MET': [0.0, 0.0], '575_545_min_MET_pt': [10000000.0, 10000000.0], '600_590': [3093.0, 977.0], '600_590_passing_MET': [0.0, 0.0], '600_590_failing_MET': [0.0, 0.0], '600_590_min_MET_pt': [10000000.0, 10000000.0], '600_585': [0.0, 0.0], '600_585_passing_MET': [0.0, 0.0], '600_585_failing_MET': [0.0, 0.0], '600_585_min_MET_pt': [10000000.0, 10000000.0], '600_580': [1050.0, 0.0], '600_580_passing_MET': [1015.0, 0.0], '600_580_failing_MET': [35.0, 0.0], '600_580_min_MET_pt': [29.215694427490234, 10000000.0], '600_575': [0.0, 0.0], '600_575_passing_MET': [0.0, 0.0], '600_575_failing_MET': [0.0, 0.0], '600_575_min_MET_pt': [10000000.0, 10000000.0], '600_570': [1052.0, 0.0], '600_570_passing_MET': [1012.0, 0.0], '600_570_failing_MET': [40.0, 0.0], '600_570_min_MET_pt': [13.771733283996582, 10000000.0], '625_615': [0.0, 0.0], '625_615_passing_MET': [0.0, 0.0], '625_615_failing_MET': [0.0, 0.0], '625_615_min_MET_pt': [10000000.0, 10000000.0], '625_610': [0.0, 0.0], '625_610_passing_MET': [0.0, 0.0], '625_610_failing_MET': [0.0, 0.0], '625_610_min_MET_pt': [10000000.0, 10000000.0], '625_605': [0.0, 0.0], '625_605_passing_MET': [0.0, 0.0], '625_605_failing_MET': [0.0, 0.0], '625_605_min_MET_pt': [10000000.0, 10000000.0], '625_600': [0.0, 0.0], '625_600_passing_MET': [0.0, 0.0], '625_600_failing_MET': [0.0, 0.0], '625_600_min_MET_pt': [10000000.0, 10000000.0], '625_595': [0.0, 0.0], '625_595_passing_MET': [0.0, 0.0], '625_595_failing_MET': [0.0, 0.0], '625_595_min_MET_pt': [10000000.0, 10000000.0], '650_640': [1040.0, 0.0], '650_640_passing_MET': [1014.0, 0.0], '650_640_failing_MET': [26.0, 0.0], '650_640_min_MET_pt': [47.48297882080078, 10000000.0], '650_635': [0.0, 0.0], '650_635_passing_MET': [0.0, 0.0], '650_635_failing_MET': [0.0, 0.0], '650_635_min_MET_pt': [10000000.0, 10000000.0], '650_630': [0.0, 1064.0], '650_630_passing_MET': [0.0, 1032.0], '650_630_failing_MET': [0.0, 32.0], '650_630_min_MET_pt': [10000000.0, 48.08927917480469], '650_625': [0.0, 0.0], '650_625_passing_MET': [0.0, 0.0], '650_625_failing_MET': [0.0, 0.0], '650_625_min_MET_pt': [10000000.0, 10000000.0], '650_620': [0.0, 0.0], '650_620_passing_MET': [0.0, 0.0], '650_620_failing_MET': [0.0, 0.0], '650_620_min_MET_pt': [10000000.0, 10000000.0], '675_665': [0.0, 0.0], '675_665_passing_MET': [0.0, 0.0], '675_665_failing_MET': [0.0, 0.0], '675_665_min_MET_pt': [10000000.0, 10000000.0], '675_660': [0.0, 0.0], '675_660_passing_MET': [0.0, 0.0], '675_660_failing_MET': [0.0, 0.0], '675_660_min_MET_pt': [10000000.0, 10000000.0], '675_655': [0.0, 0.0], '675_655_passing_MET': [0.0, 0.0], '675_655_failing_MET': [0.0, 0.0], '675_655_min_MET_pt': [10000000.0, 10000000.0], '675_650': [0.0, 0.0], '675_650_passing_MET': [0.0, 0.0], '675_650_failing_MET': [0.0, 0.0], '675_650_min_MET_pt': [10000000.0, 10000000.0], '675_645': [0.0, 0.0], '675_645_passing_MET': [0.0, 0.0], '675_645_failing_MET': [0.0, 0.0], '675_645_min_MET_pt': [10000000.0, 10000000.0], '700_690': [0.0, 0.0], '700_690_passing_MET': [0.0, 0.0], '700_690_failing_MET': [0.0, 0.0], '700_690_min_MET_pt': [10000000.0, 10000000.0], '700_685': [0.0, 0.0], '700_685_passing_MET': [0.0, 0.0], '700_685_failing_MET': [0.0, 0.0], '700_685_min_MET_pt': [10000000.0, 10000000.0], '700_680': [0.0, 0.0], '700_680_passing_MET': [0.0, 0.0], '700_680_failing_MET': [0.0, 0.0], '700_680_min_MET_pt': [10000000.0, 10000000.0], '700_675': [0.0, 0.0], '700_675_passing_MET': [0.0, 0.0], '700_675_failing_MET': [0.0, 0.0], '700_675_min_MET_pt': [10000000.0, 10000000.0], '700_670': [0.0, 0.0], '700_670_passing_MET': [0.0, 0.0], '700_670_failing_MET': [0.0, 0.0], '700_670_min_MET_pt': [10000000.0, 10000000.0], '725_715': [0.0, 0.0], '725_715_passing_MET': [0.0, 0.0], '725_715_failing_MET': [0.0, 0.0], '725_715_min_MET_pt': [10000000.0, 10000000.0], '725_710': [0.0, 0.0], '725_710_passing_MET': [0.0, 0.0], '725_710_failing_MET': [0.0, 0.0], '725_710_min_MET_pt': [10000000.0, 10000000.0], '725_705': [0.0, 0.0], '725_705_passing_MET': [0.0, 0.0], '725_705_failing_MET': [0.0, 0.0], '725_705_min_MET_pt': [10000000.0, 10000000.0], '725_700': [0.0, 0.0], '725_700_passing_MET': [0.0, 0.0], '725_700_failing_MET': [0.0, 0.0], '725_700_min_MET_pt': [10000000.0, 10000000.0], '725_695': [0.0, 0.0], '725_695_passing_MET': [0.0, 0.0], '725_695_failing_MET': [0.0, 0.0], '725_695_min_MET_pt': [10000000.0, 10000000.0], '750_740': [0.0, 0.0], '750_740_passing_MET': [0.0, 0.0], '750_740_failing_MET': [0.0, 0.0], '750_740_min_MET_pt': [10000000.0, 10000000.0], '750_735': [0.0, 0.0], '750_735_passing_MET': [0.0, 0.0], '750_735_failing_MET': [0.0, 0.0], '750_735_min_MET_pt': [10000000.0, 10000000.0], '750_730': [0.0, 0.0], '750_730_passing_MET': [0.0, 0.0], '750_730_failing_MET': [0.0, 0.0], '750_730_min_MET_pt': [10000000.0, 10000000.0], '750_725': [0.0, 0.0], '750_725_passing_MET': [0.0, 0.0], '750_725_failing_MET': [0.0, 0.0], '750_725_min_MET_pt': [10000000.0, 10000000.0], '750_720': [0.0, 1161.0], '750_720_passing_MET': [0.0, 1125.0], '750_720_failing_MET': [0.0, 36.0], '750_720_min_MET_pt': [10000000.0, 18.81458854675293], '775_765': [0.0, 0.0], '775_765_passing_MET': [0.0, 0.0], '775_765_failing_MET': [0.0, 0.0], '775_765_min_MET_pt': [10000000.0, 10000000.0], '775_760': [0.0, 0.0], '775_760_passing_MET': [0.0, 0.0], '775_760_failing_MET': [0.0, 0.0], '775_760_min_MET_pt': [10000000.0, 10000000.0], '775_755': [0.0, 0.0], '775_755_passing_MET': [0.0, 0.0], '775_755_failing_MET': [0.0, 0.0], '775_755_min_MET_pt': [10000000.0, 10000000.0], '775_750': [0.0, 0.0], '775_750_passing_MET': [0.0, 0.0], '775_750_failing_MET': [0.0, 0.0], '775_750_min_MET_pt': [10000000.0, 10000000.0], '775_745': [0.0, 0.0], '775_745_passing_MET': [0.0, 0.0], '775_745_failing_MET': [0.0, 0.0], '775_745_min_MET_pt': [10000000.0, 10000000.0], '800_790': [1066.0, 1078.0], '800_790_passing_MET': [0.0, 0.0], '800_790_failing_MET': [0.0, 0.0], '800_790_min_MET_pt': [10000000.0, 10000000.0], '800_785': [0.0, 0.0], '800_785_passing_MET': [0.0, 0.0], '800_785_failing_MET': [0.0, 0.0], '800_785_min_MET_pt': [10000000.0, 10000000.0], '800_780': [0.0, 0.0], '800_780_passing_MET': [0.0, 0.0], '800_780_failing_MET': [0.0, 0.0], '800_780_min_MET_pt': [10000000.0, 10000000.0], '800_775': [0.0, 1962.0], '800_775_passing_MET': [0.0, 1906.0], '800_775_failing_MET': [0.0, 56.0], '800_775_min_MET_pt': [10000000.0, 24.155256271362305], '800_770': [0.0, 0.0], '800_770_passing_MET': [0.0, 0.0], '800_770_failing_MET': [0.0, 0.0], '800_770_min_MET_pt': [10000000.0, 10000000.0], '825_815': [0.0, 0.0], '825_815_passing_MET': [0.0, 0.0], '825_815_failing_MET': [0.0, 0.0], '825_815_min_MET_pt': [10000000.0, 10000000.0], '825_810': [0.0, 0.0], '825_810_passing_MET': [0.0, 0.0], '825_810_failing_MET': [0.0, 0.0], '825_810_min_MET_pt': [10000000.0, 10000000.0], '825_805': [0.0, 0.0], '825_805_passing_MET': [0.0, 0.0], '825_805_failing_MET': [0.0, 0.0], '825_805_min_MET_pt': [10000000.0, 10000000.0], '825_800': [0.0, 0.0], '825_800_passing_MET': [0.0, 0.0], '825_800_failing_MET': [0.0, 0.0], '825_800_min_MET_pt': [10000000.0, 10000000.0], '825_795': [0.0, 0.0], '825_795_passing_MET': [0.0, 0.0], '825_795_failing_MET': [0.0, 0.0], '825_795_min_MET_pt': [10000000.0, 10000000.0], '850_840': [0.0, 0.0], '850_840_passing_MET': [0.0, 0.0], '850_840_failing_MET': [0.0, 0.0], '850_840_min_MET_pt': [10000000.0, 10000000.0], '850_835': [992.0, 0.0], '850_835_passing_MET': [967.0, 0.0], '850_835_failing_MET': [25.0, 0.0], '850_835_min_MET_pt': [53.37239074707031, 10000000.0], '850_830': [0.0, 1106.0], '850_830_passing_MET': [0.0, 1088.0], '850_830_failing_MET': [0.0, 18.0], '850_830_min_MET_pt': [10000000.0, 6.082225799560547], '850_825': [0.0, 0.0], '850_825_passing_MET': [0.0, 0.0], '850_825_failing_MET': [0.0, 0.0], '850_825_min_MET_pt': [10000000.0, 10000000.0], '850_820': [1132.0, 1212.0], '850_820_passing_MET': [0.0, 0.0], '850_820_failing_MET': [0.0, 0.0], '850_820_min_MET_pt': [10000000.0, 10000000.0], '875_865': [0.0, 0.0], '875_865_passing_MET': [0.0, 0.0], '875_865_failing_MET': [0.0, 0.0], '875_865_min_MET_pt': [10000000.0, 10000000.0], '875_860': [0.0, 0.0], '875_860_passing_MET': [0.0, 0.0], '875_860_failing_MET': [0.0, 0.0], '875_860_min_MET_pt': [10000000.0, 10000000.0], '875_855': [0.0, 0.0], '875_855_passing_MET': [0.0, 0.0], '875_855_failing_MET': [0.0, 0.0], '875_855_min_MET_pt': [10000000.0, 10000000.0], '875_850': [0.0, 0.0], '875_850_passing_MET': [0.0, 0.0], '875_850_failing_MET': [0.0, 0.0], '875_850_min_MET_pt': [10000000.0, 10000000.0], '875_845': [0.0, 0.0], '875_845_passing_MET': [0.0, 0.0], '875_845_failing_MET': [0.0, 0.0], '875_845_min_MET_pt': [10000000.0, 10000000.0], '900_890': [0.0, 0.0], '900_890_passing_MET': [0.0, 0.0], '900_890_failing_MET': [0.0, 0.0], '900_890_min_MET_pt': [10000000.0, 10000000.0], '900_885': [0.0, 0.0], '900_885_passing_MET': [0.0, 0.0], '900_885_failing_MET': [0.0, 0.0], '900_885_min_MET_pt': [10000000.0, 10000000.0], '900_880': [0.0, 0.0], '900_880_passing_MET': [0.0, 0.0], '900_880_failing_MET': [0.0, 0.0], '900_880_min_MET_pt': [10000000.0, 10000000.0], '900_875': [950.0, 0.0], '900_875_passing_MET': [919.0, 0.0], '900_875_failing_MET': [31.0, 0.0], '900_875_min_MET_pt': [28.70319366455078, 10000000.0], '900_870': [0.0, 0.0], '900_870_passing_MET': [0.0, 0.0], '900_870_failing_MET': [0.0, 0.0], '900_870_min_MET_pt': [10000000.0, 10000000.0], '925_915': [0.0, 0.0], '925_915_passing_MET': [0.0, 0.0], '925_915_failing_MET': [0.0, 0.0], '925_915_min_MET_pt': [10000000.0, 10000000.0], '925_910': [0.0, 0.0], '925_910_passing_MET': [0.0, 0.0], '925_910_failing_MET': [0.0, 0.0], '925_910_min_MET_pt': [10000000.0, 10000000.0], '925_905': [0.0, 0.0], '925_905_passing_MET': [0.0, 0.0], '925_905_failing_MET': [0.0, 0.0], '925_905_min_MET_pt': [10000000.0, 10000000.0], '925_900': [0.0, 0.0], '925_900_passing_MET': [0.0, 0.0], '925_900_failing_MET': [0.0, 0.0], '925_900_min_MET_pt': [10000000.0, 10000000.0], '925_895': [0.0, 0.0], '925_895_passing_MET': [0.0, 0.0], '925_895_failing_MET': [0.0, 0.0], '925_895_min_MET_pt': [10000000.0, 10000000.0], '950_940': [0.0, 1138.0], '950_940_passing_MET': [0.0, 1111.0], '950_940_failing_MET': [0.0, 27.0], '950_940_min_MET_pt': [10000000.0, 30.257753372192383], '950_935': [0.0, 0.0], '950_935_passing_MET': [0.0, 0.0], '950_935_failing_MET': [0.0, 0.0], '950_935_min_MET_pt': [10000000.0, 10000000.0], '950_930': [0.0, 0.0], '950_930_passing_MET': [0.0, 0.0], '950_930_failing_MET': [0.0, 0.0], '950_930_min_MET_pt': [10000000.0, 10000000.0], '950_925': [0.0, 0.0], '950_925_passing_MET': [0.0, 0.0], '950_925_failing_MET': [0.0, 0.0], '950_925_min_MET_pt': [10000000.0, 10000000.0], '950_920': [0.0, 0.0], '950_920_passing_MET': [0.0, 0.0], '950_920_failing_MET': [0.0, 0.0], '950_920_min_MET_pt': [10000000.0, 10000000.0], '975_965': [0.0, 0.0], '975_965_passing_MET': [0.0, 0.0], '975_965_failing_MET': [0.0, 0.0], '975_965_min_MET_pt': [10000000.0, 10000000.0], '975_960': [0.0, 0.0], '975_960_passing_MET': [0.0, 0.0], '975_960_failing_MET': [0.0, 0.0], '975_960_min_MET_pt': [10000000.0, 10000000.0], '975_955': [0.0, 0.0], '975_955_passing_MET': [0.0, 0.0], '975_955_failing_MET': [0.0, 0.0], '975_955_min_MET_pt': [10000000.0, 10000000.0], '975_950': [0.0, 0.0], '975_950_passing_MET': [0.0, 0.0], '975_950_failing_MET': [0.0, 0.0], '975_950_min_MET_pt': [10000000.0, 10000000.0], '975_945': [0.0, 0.0], '975_945_passing_MET': [0.0, 0.0], '975_945_failing_MET': [0.0, 0.0], '975_945_min_MET_pt': [10000000.0, 10000000.0], '1000_990': [1126.0, 0.0], '1000_990_passing_MET': [1110.0, 0.0], '1000_990_failing_MET': [16.0, 0.0], '1000_990_min_MET_pt': [38.06956481933594, 10000000.0], '1000_985': [0.0, 0.0], '1000_985_passing_MET': [0.0, 0.0], '1000_985_failing_MET': [0.0, 0.0], '1000_985_min_MET_pt': [10000000.0, 10000000.0], '1000_980': [0.0, 0.0], '1000_980_passing_MET': [0.0, 0.0], '1000_980_failing_MET': [0.0, 0.0], '1000_980_min_MET_pt': [10000000.0, 10000000.0], '1000_975': [0.0, 1013.0], '1000_975_passing_MET': [0.0, 999.0], '1000_975_failing_MET': [0.0, 14.0], '1000_975_min_MET_pt': [10000000.0, 17.206432342529297], '1000_970': [0.0, 0.0], '1000_970_passing_MET': [0.0, 0.0], '1000_970_failing_MET': [0.0, 0.0], '1000_970_min_MET_pt': [10000000.0, 10000000.0], '1025_1015': [0.0, 0.0], '1025_1015_passing_MET': [0.0, 0.0], '1025_1015_failing_MET': [0.0, 0.0], '1025_1015_min_MET_pt': [10000000.0, 10000000.0], '1025_1010': [0.0, 0.0], '1025_1010_passing_MET': [0.0, 0.0], '1025_1010_failing_MET': [0.0, 0.0], '1025_1010_min_MET_pt': [10000000.0, 10000000.0], '1025_1005': [0.0, 0.0], '1025_1005_passing_MET': [0.0, 0.0], '1025_1005_failing_MET': [0.0, 0.0], '1025_1005_min_MET_pt': [10000000.0, 10000000.0], '1025_1000': [0.0, 0.0], '1025_1000_passing_MET': [0.0, 0.0], '1025_1000_failing_MET': [0.0, 0.0], '1025_1000_min_MET_pt': [10000000.0, 10000000.0], '1025_995': [0.0, 0.0], '1025_995_passing_MET': [0.0, 0.0], '1025_995_failing_MET': [0.0, 0.0], '1025_995_min_MET_pt': [10000000.0, 10000000.0], '1050_1040': [0.0, 0.0], '1050_1040_passing_MET': [0.0, 0.0], '1050_1040_failing_MET': [0.0, 0.0], '1050_1040_min_MET_pt': [10000000.0, 10000000.0], '1050_1035': [0.0, 0.0], '1050_1035_passing_MET': [0.0, 0.0], '1050_1035_failing_MET': [0.0, 0.0], '1050_1035_min_MET_pt': [10000000.0, 10000000.0], '1050_1030': [0.0, 0.0], '1050_1030_passing_MET': [0.0, 0.0], '1050_1030_failing_MET': [0.0, 0.0], '1050_1030_min_MET_pt': [10000000.0, 10000000.0], '1050_1025': [0.0, 0.0], '1050_1025_passing_MET': [0.0, 0.0], '1050_1025_failing_MET': [0.0, 0.0], '1050_1025_min_MET_pt': [10000000.0, 10000000.0], '1050_1020': [0.0, 0.0], '1050_1020_passing_MET': [0.0, 0.0], '1050_1020_failing_MET': [0.0, 0.0], '1050_1020_min_MET_pt': [10000000.0, 10000000.0], '1075_1065': [0.0, 0.0], '1075_1065_passing_MET': [0.0, 0.0], '1075_1065_failing_MET': [0.0, 0.0], '1075_1065_min_MET_pt': [10000000.0, 10000000.0], '1075_1060': [0.0, 0.0], '1075_1060_passing_MET': [0.0, 0.0], '1075_1060_failing_MET': [0.0, 0.0], '1075_1060_min_MET_pt': [10000000.0, 10000000.0], '1075_1055': [0.0, 0.0], '1075_1055_passing_MET': [0.0, 0.0], '1075_1055_failing_MET': [0.0, 0.0], '1075_1055_min_MET_pt': [10000000.0, 10000000.0], '1075_1050': [0.0, 0.0], '1075_1050_passing_MET': [0.0, 0.0], '1075_1050_failing_MET': [0.0, 0.0], '1075_1050_min_MET_pt': [10000000.0, 10000000.0], '1075_1045': [0.0, 0.0], '1075_1045_passing_MET': [0.0, 0.0], '1075_1045_failing_MET': [0.0, 0.0], '1075_1045_min_MET_pt': [10000000.0, 10000000.0], '1100_1090': [0.0, 0.0], '1100_1090_passing_MET': [0.0, 0.0], '1100_1090_failing_MET': [0.0, 0.0], '1100_1090_min_MET_pt': [10000000.0, 10000000.0], '1100_1085': [0.0, 0.0], '1100_1085_passing_MET': [0.0, 0.0], '1100_1085_failing_MET': [0.0, 0.0], '1100_1085_min_MET_pt': [10000000.0, 10000000.0], '1100_1080': [0.0, 0.0], '1100_1080_passing_MET': [0.0, 0.0], '1100_1080_failing_MET': [0.0, 0.0], '1100_1080_min_MET_pt': [10000000.0, 10000000.0], '1100_1075': [1027.0, 0.0], '1100_1075_passing_MET': [998.0, 0.0], '1100_1075_failing_MET': [29.0, 0.0], '1100_1075_min_MET_pt': [27.900447845458984, 10000000.0], '1100_1070': [0.0, 0.0], '1100_1070_passing_MET': [0.0, 0.0], '1100_1070_failing_MET': [0.0, 0.0], '1100_1070_min_MET_pt': [10000000.0, 10000000.0], 'nEventsTotal': 115617.0, 'strange masspoints': 0.0, 'orphans': 0.0, 'R-hadron event': 0.0, 'different stop antistop masses': 0.0, 'strange error': 0.0, 'strange event': 0.0, 'different neutralino masses': 9319.0, 'large differences': 0.0, '526_510': [972.0, 0.0], '526_510_passing_MET': [948.0, 0.0], '526_510_failing_MET': [24.0, 0.0], '526_510_min_MET_pt': [34.564998626708984, 10000000.0], '576_565': [1751.0, 2741.0], '576_565_passing_MET': [1709.0, 2664.0], '576_565_failing_MET': [42.0, 77.0], '576_565_min_MET_pt': [8.99767017364502, 32.944637298583984], '576_566': [179.0, 268.0], '576_566_passing_MET': [174.0, 259.0], '576_566_failing_MET': [5.0, 9.0], '576_566_min_MET_pt': [59.2939567565918, 66.60118103027344], '1076_1065': [2002.0, 1009.0], '1076_1065_passing_MET': [1966.0, 982.0], '1076_1065_failing_MET': [36.0, 27.0], '1076_1065_min_MET_pt': [37.72411346435547, 33.67886734008789], '1076_1064': [204.0, 107.0], '1076_1064_passing_MET': [200.0, 103.0], '1076_1064_failing_MET': [4.0, 4.0], '1076_1064_min_MET_pt': [80.90422821044922, 61.41998291015625], '526_515': [872.0, 896.0], '526_515_passing_MET': [845.0, 870.0], '526_515_failing_MET': [27.0, 26.0], '526_515_min_MET_pt': [40.17694854736328, 45.99980545043945], '526_516': [86.0, 90.0], '526_516_passing_MET': [82.0, 84.0], '526_516_failing_MET': [4.0, 6.0], '526_516_min_MET_pt': [67.74767303466797, 76.81914520263672], '976_965': [1027.0, 967.0], '976_965_passing_MET': [1002.0, 950.0], '976_965_failing_MET': [25.0, 17.0], '976_965_min_MET_pt': [27.139310836791992, 44.370269775390625], '976_966': [101.0, 106.0], '976_966_passing_MET': [98.0, 103.0], '976_966_failing_MET': [3.0, 3.0], '976_966_min_MET_pt': [55.94041442871094, 69.95755004882812], '926_915': [997.0, 0.0], '926_915_passing_MET': [983.0, 0.0], '926_915_failing_MET': [14.0, 0.0], '926_915_min_MET_pt': [48.3109245300293, 10000000.0], '926_916': [100.0, 0.0], '926_916_passing_MET': [96.0, 0.0], '926_916_failing_MET': [4.0, 0.0], '926_916_min_MET_pt': [60.99903106689453, 10000000.0], '576_556': [0.0, 293.0], '576_556_passing_MET': [0.0, 285.0], '576_556_failing_MET': [0.0, 8.0], '576_556_min_MET_pt': [10000000.0, 30.669601440429688], '576_555': [0.0, 1716.0], '576_555_passing_MET': [0.0, 1668.0], '576_555_failing_MET': [0.0, 48.0], '576_555_min_MET_pt': [10000000.0, 50.028411865234375], '1024_996': [0.0, 225.0], '1024_996_passing_MET': [0.0, 221.0], '1024_996_failing_MET': [0.0, 4.0], '1024_996_min_MET_pt': [10000000.0, 62.705894470214844], '1024_995': [0.0, 978.0], '1024_995_passing_MET': [0.0, 959.0], '1024_995_failing_MET': [0.0, 19.0], '1024_995_min_MET_pt': [10000000.0, 61.898406982421875], '926_895': [0.0, 973.0], '926_895_passing_MET': [0.0, 942.0], '926_895_failing_MET': [0.0, 31.0], '926_895_min_MET_pt': [10000000.0, 25.920024871826172], '926_896': [0.0, 178.0], '926_896_passing_MET': [0.0, 171.0], '926_896_failing_MET': [0.0, 7.0], '926_896_min_MET_pt': [10000000.0, 59.99272155761719], '1100_1076': [165.0, 0.0], '1100_1076_passing_MET': [159.0, 0.0], '1100_1076_failing_MET': [6.0, 0.0], '1100_1076_min_MET_pt': [60.7225227355957, 10000000.0], '776_765': [1948.0, 913.0], '776_765_passing_MET': [1910.0, 888.0], '776_765_failing_MET': [38.0, 25.0], '776_765_min_MET_pt': [10.16215991973877, 22.40198516845703], '776_766': [209.0, 103.0], '776_766_passing_MET': [207.0, 99.0], '776_766_failing_MET': [2.0, 4.0], '776_766_min_MET_pt': [80.469482421875, 27.63835334777832], '626_615': [0.0, 3661.0], '626_615_passing_MET': [0.0, 3555.0], '626_615_failing_MET': [0.0, 106.0], '626_615_min_MET_pt': [10000000.0, 17.239219665527344], '626_616': [0.0, 363.0], '626_616_passing_MET': [0.0, 348.0], '626_616_failing_MET': [0.0, 15.0], '626_616_min_MET_pt': [10000000.0, 41.4307746887207], '826_815': [2012.0, 0.0], '826_815_passing_MET': [1963.0, 0.0], '826_815_failing_MET': [49.0, 0.0], '826_815_min_MET_pt': [17.559080123901367, 10000000.0], '826_816': [189.0, 0.0], '826_816_passing_MET': [187.0, 0.0], '826_816_failing_MET': [2.0, 0.0], '826_816_min_MET_pt': [74.65697479248047, 10000000.0], '976_955': [0.0, 1011.0], '976_955_passing_MET': [0.0, 985.0], '976_955_failing_MET': [0.0, 26.0], '976_955_min_MET_pt': [10000000.0, 45.053951263427734], '976_956': [0.0, 154.0], '976_956_passing_MET': [0.0, 148.0], '976_956_failing_MET': [0.0, 6.0], '976_956_min_MET_pt': [10000000.0, 41.12397384643555], '900_876': [168.0, 0.0], '900_876_passing_MET': [161.0, 0.0], '900_876_failing_MET': [7.0, 0.0], '900_876_min_MET_pt': [50.46660232543945, 10000000.0], '726_705': [0.0, 901.0], '726_705_passing_MET': [0.0, 876.0], '726_705_failing_MET': [0.0, 25.0], '726_705_min_MET_pt': [10000000.0, 52.83887481689453], '726_706': [0.0, 132.0], '726_706_passing_MET': [0.0, 129.0], '726_706_failing_MET': [0.0, 3.0], '726_706_min_MET_pt': [10000000.0, 78.1182861328125], '976_960': [1087.0, 0.0], '976_960_passing_MET': [1065.0, 0.0], '976_960_failing_MET': [22.0, 0.0], '976_960_min_MET_pt': [46.148040771484375, 10000000.0], '626_610': [0.0, 1041.0], '626_610_passing_MET': [0.0, 1018.0], '626_610_failing_MET': [0.0, 23.0], '626_610_min_MET_pt': [10000000.0, 46.6236457824707], '800_776': [0.0, 379.0], '800_776_passing_MET': [0.0, 367.0], '800_776_failing_MET': [0.0, 12.0], '800_776_min_MET_pt': [10000000.0, 46.62820816040039], '926_910': [1067.0, 0.0], '926_910_passing_MET': [1042.0, 0.0], '926_910_failing_MET': [25.0, 0.0], '926_910_min_MET_pt': [24.522964477539062, 10000000.0], '1000_976': [0.0, 179.0], '1000_976_passing_MET': [0.0, 174.0], '1000_976_failing_MET': [0.0, 5.0], '1000_976_min_MET_pt': [10000000.0, 69.42411804199219], '676_650': [0.0, 1106.0], '676_650_passing_MET': [0.0, 1078.0], '676_650_failing_MET': [0.0, 28.0], '676_650_min_MET_pt': [10000000.0, 45.02410888671875], '876_865': [0.0, 1011.0], '876_865_passing_MET': [0.0, 985.0], '876_865_failing_MET': [0.0, 26.0], '876_865_min_MET_pt': [10000000.0, 40.81890106201172], '876_866': [0.0, 109.0], '876_866_passing_MET': [0.0, 109.0], '876_866_failing_MET': [0.0, 0.0], '876_866_min_MET_pt': [10000000.0, 120.24188995361328], '876_850': [1120.0, 0.0], '876_850_passing_MET': [1091.0, 0.0], '876_850_failing_MET': [29.0, 0.0], '876_850_min_MET_pt': [46.08627700805664, 10000000.0], '926_900': [1137.0, 0.0], '926_900_passing_MET': [1104.0, 0.0], '926_900_failing_MET': [33.0, 0.0], '926_900_min_MET_pt': [22.58504867553711, 10000000.0], '526_495': [0.0, 1005.0], '526_495_passing_MET': [0.0, 977.0], '526_495_failing_MET': [0.0, 28.0], '526_495_min_MET_pt': [10000000.0, 27.208816528320312], '1024_1015': [1039.0, 0.0], '1024_1015_passing_MET': [1009.0, 0.0], '1024_1015_failing_MET': [30.0, 0.0], '1024_1015_min_MET_pt': [43.72167205810547, 10000000.0], '1024_1016': [109.0, 0.0], '1024_1016_passing_MET': [108.0, 0.0], '1024_1016_failing_MET': [1.0, 0.0], '1024_1016_min_MET_pt': [82.77176666259766, 10000000.0], '676_655': [945.0, 952.0], '676_655_passing_MET': [923.0, 922.0], '676_655_failing_MET': [22.0, 30.0], '676_655_min_MET_pt': [40.317626953125, 21.921981811523438], '676_656': [151.0, 151.0], '676_656_passing_MET': [147.0, 145.0], '676_656_failing_MET': [4.0, 6.0], '676_656_min_MET_pt': [64.68867492675781, 76.52201843261719], '850_836': [137.0, 0.0], '850_836_passing_MET': [132.0, 0.0], '850_836_failing_MET': [5.0, 0.0], '850_836_min_MET_pt': [55.99489974975586, 10000000.0], '776_760': [0.0, 1104.0], '776_760_passing_MET': [0.0, 1071.0], '776_760_failing_MET': [0.0, 33.0], '776_760_min_MET_pt': [10000000.0, 24.595624923706055], '726_715': [0.0, 919.0], '726_715_passing_MET': [0.0, 892.0], '726_715_failing_MET': [0.0, 27.0], '726_715_min_MET_pt': [10000000.0, 29.138399124145508], '726_716': [0.0, 119.0], '726_716_passing_MET': [0.0, 115.0], '726_716_failing_MET': [0.0, 4.0], '726_716_min_MET_pt': [10000000.0, 43.20787048339844], '826_795': [963.0, 0.0], '826_795_passing_MET': [932.0, 0.0], '826_795_failing_MET': [31.0, 0.0], '826_795_min_MET_pt': [18.871591567993164, 10000000.0], '826_796': [224.0, 0.0], '826_796_passing_MET': [215.0, 0.0], '826_796_failing_MET': [9.0, 0.0], '826_796_min_MET_pt': [66.98131561279297, 10000000.0], '550_536': [226.0, 0.0], '550_536_passing_MET': [218.0, 0.0], '550_536_failing_MET': [8.0, 0.0], '550_536_min_MET_pt': [27.62406349182129, 10000000.0], '976_946': [0.0, 192.0], '976_946_passing_MET': [0.0, 184.0], '976_946_failing_MET': [0.0, 8.0], '976_946_min_MET_pt': [10000000.0, 57.492652893066406], '976_945': [0.0, 956.0], '976_945_passing_MET': [0.0, 927.0], '976_945_failing_MET': [0.0, 29.0], '976_945_min_MET_pt': [10000000.0, 46.678688049316406], '626_600': [0.0, 1026.0], '626_600_passing_MET': [0.0, 990.0], '626_600_failing_MET': [0.0, 36.0], '626_600_min_MET_pt': [10000000.0, 36.45048904418945], '826_800': [1163.0, 0.0], '826_800_passing_MET': [1131.0, 0.0], '826_800_failing_MET': [32.0, 0.0], '826_800_min_MET_pt': [24.172775268554688, 10000000.0]}
nevents_from_dict =  3500217846.0405493
Results saved to /afs/cern.ch/work/m/mleoncoe/private/stop_met_check/outputs_2018/nanoAOD_203.json
done
