000 (9018140.045.000) 01/06 10:56:18 Job submitted from host: <188.185.6.50:9618?addrs=188.185.6.50-9618+[2001-1458-d00-62--100-2b1]-9618&alias=bigbird25.cern.ch&noUDP&sock=schedd_1627_90ad>
...
040 (9018140.045.000) 01/06 10:58:40 Started transferring input files
	Transferring to host: <188.185.210.28:9618?addrs=188.185.210.28-9618+[2001-1458-303-1--100-18]-9618&alias=b9p21p8200.cern.ch&noUDP&sock=slot1_27_766232_82b0_33577>
...
040 (9018140.045.000) 01/06 10:58:40 Finished transferring input files
...
001 (9018140.045.000) 01/06 10:58:41 Job executing on host: <188.185.210.28:9618?addrs=188.185.210.28-9618+[2001-1458-303-1--100-18]-9618&alias=b9p21p8200.cern.ch&noUDP&sock=startd_4086_3c0f>
	SlotName: slot1_27@b9p21p8200.cern.ch
	CondorScratchDir = "/pool/condor/dir_880861"
	Cpus = 1
	Disk = 3763
	GPUs = 0
	Memory = 3000
...
006 (9018140.045.000) 01/06 10:58:55 Image size of job updated: 94320
	93  -  MemoryUsage of job (MB)
	94320  -  ResidentSetSize of job (KB)
...
006 (9018140.045.000) 01/06 11:03:56 Image size of job updated: 208964
	205  -  MemoryUsage of job (MB)
	208964  -  ResidentSetSize of job (KB)
...
006 (9018140.045.000) 01/06 11:08:57 Image size of job updated: 209064
	205  -  MemoryUsage of job (MB)
	209064  -  ResidentSetSize of job (KB)
...
006 (9018140.045.000) 01/06 11:13:57 Image size of job updated: 209360
	205  -  MemoryUsage of job (MB)
	209360  -  ResidentSetSize of job (KB)
...
006 (9018140.045.000) 01/06 11:18:58 Image size of job updated: 209428
	205  -  MemoryUsage of job (MB)
	209428  -  ResidentSetSize of job (KB)
...
006 (9018140.045.000) 01/06 11:23:58 Image size of job updated: 209456
	205  -  MemoryUsage of job (MB)
	209456  -  ResidentSetSize of job (KB)
...
006 (9018140.045.000) 01/06 11:28:59 Image size of job updated: 209480
	205  -  MemoryUsage of job (MB)
	209480  -  ResidentSetSize of job (KB)
...
006 (9018140.045.000) 01/06 11:34:00 Image size of job updated: 209500
	205  -  MemoryUsage of job (MB)
	209500  -  ResidentSetSize of job (KB)
...
006 (9018140.045.000) 01/06 11:39:00 Image size of job updated: 209508
	205  -  MemoryUsage of job (MB)
	209508  -  ResidentSetSize of job (KB)
...
006 (9018140.045.000) 01/06 11:44:01 Image size of job updated: 209512
	205  -  MemoryUsage of job (MB)
	209512  -  ResidentSetSize of job (KB)
...
006 (9018140.045.000) 01/06 11:49:01 Image size of job updated: 209536
	205  -  MemoryUsage of job (MB)
	209536  -  ResidentSetSize of job (KB)
...
006 (9018140.045.000) 01/06 11:54:02 Image size of job updated: 209544
	205  -  MemoryUsage of job (MB)
	209544  -  ResidentSetSize of job (KB)
...
006 (9018140.045.000) 01/06 11:59:03 Image size of job updated: 209560
	205  -  MemoryUsage of job (MB)
	209560  -  ResidentSetSize of job (KB)
...
006 (9018140.045.000) 01/06 12:04:03 Image size of job updated: 209568
	205  -  MemoryUsage of job (MB)
	209568  -  ResidentSetSize of job (KB)
...
006 (9018140.045.000) 01/06 12:09:04 Image size of job updated: 209580
	205  -  MemoryUsage of job (MB)
	209580  -  ResidentSetSize of job (KB)
...
006 (9018140.045.000) 01/06 12:14:04 Image size of job updated: 209584
	205  -  MemoryUsage of job (MB)
	209584  -  ResidentSetSize of job (KB)
...
006 (9018140.045.000) 01/06 12:34:05 Image size of job updated: 209588
	205  -  MemoryUsage of job (MB)
	209588  -  ResidentSetSize of job (KB)
...
006 (9018140.045.000) 01/06 12:39:06 Image size of job updated: 209592
	205  -  MemoryUsage of job (MB)
	209592  -  ResidentSetSize of job (KB)
...
006 (9018140.045.000) 01/06 12:44:06 Image size of job updated: 209600
	205  -  MemoryUsage of job (MB)
	209600  -  ResidentSetSize of job (KB)
...
006 (9018140.045.000) 01/06 12:59:08 Image size of job updated: 209604
	205  -  MemoryUsage of job (MB)
	209604  -  ResidentSetSize of job (KB)
...
006 (9018140.045.000) 01/06 13:04:09 Image size of job updated: 209608
	205  -  MemoryUsage of job (MB)
	209608  -  ResidentSetSize of job (KB)
...
006 (9018140.045.000) 01/06 13:19:10 Image size of job updated: 209620
	205  -  MemoryUsage of job (MB)
	209620  -  ResidentSetSize of job (KB)
...
006 (9018140.045.000) 01/06 13:24:11 Image size of job updated: 209632
	205  -  MemoryUsage of job (MB)
	209632  -  ResidentSetSize of job (KB)
...
006 (9018140.045.000) 01/06 13:26:38 Image size of job updated: 209676
	205  -  MemoryUsage of job (MB)
	209632  -  ResidentSetSize of job (KB)
...
040 (9018140.045.000) 01/06 13:26:38 Started transferring output files
...
040 (9018140.045.000) 01/06 13:26:43 Finished transferring output files
...
005 (9018140.045.000) 01/06 13:26:43 Job terminated.
	(1) Normal termination (return value 0)
		Usr 0 02:25:23, Sys 0 00:00:13  -  Run Remote Usage
		Usr 0 00:00:00, Sys 0 00:00:00  -  Run Local Usage
		Usr 0 02:25:23, Sys 0 00:00:13  -  Total Remote Usage
		Usr 0 00:00:00, Sys 0 00:00:00  -  Total Local Usage
	45017  -  Run Bytes Sent By Job
	21436  -  Run Bytes Received By Job
	45017  -  Total Bytes Sent By Job
	21436  -  Total Bytes Received By Job
	Partitionable Resources :    Usage  Request Allocated 
	   Cpus                 :     0.99        1         1 
	   Disk (KB)            :    92          22      3763 
	   GPUs                 :                           0 
	   Memory (MB)          :   205        3000      3000 
	   TimeExecute (s)      :  8877                       
	   TimeSlotBusy (s)     :  8884                       

	Job terminated of its own accord at 2026-01-06T12:26:38Z with exit-code 0.
...
