i am in this directory
/pool/condor/dir_2726727
Python 3.9.23
3.9.23
 will run this python stop_check_met_eff.py /eos/user/m/mleoncoe/stop_event_check/privateNanoAod2018/nanoAOD_331.root /afs/cern.ch/work/m/mleoncoe/private/stop_met_check/outputs_2018/nanoAOD_331.json
event num1000
event num2000
event num3000
event num4000
event num5000
event num6000
event num7000
event num8000
event num9000
event num10000
event num11000
event num12000
event num13000
event num14000
event num15000
event num16000
event num17000
event num18000
event num19000
event num20000
event num21000
event num22000
event num23000
event num24000
event num25000
event num26000
event num27000
event num28000
event num29000
event num30000
event num31000
event num32000
event num33000
event num34000
event num35000
event num36000
event num37000
event num38000
event num39000
event num40000
event num41000
event num42000
event num43000
event num44000
event num45000
event num46000
event num47000
event num48000
event num49000
event num50000
event num51000
event num52000
event num53000
event num54000
event num55000
event num56000
event num57000
event num58000
event num59000
event num60000
event num61000
event num62000
event num63000
event num64000
event num65000
event num66000
event num67000
event num68000
event num69000
event num70000
event num71000
event num72000
event num73000
event num74000
event num75000
event num76000
event num77000
event num78000
event num79000
event num80000
event num81000
event num82000
event num83000
event num84000
event num85000
event num86000
event num87000
event num88000
event num89000
event num90000
event num91000
event num92000
event num93000
event num94000
event num95000
event num96000
event num97000
event num98000
event num99000
event num100000
event num101000
event num102000
event num103000
event num104000
event num105000
event num106000
event num107000
event num108000
event num109000
event num110000
event num111000
event num112000
event num113000
event num114000
event num115000
event num116000
event num117000
event num118000
event num119000
event num120000
event num121000
event num122000
event num123000
event num124000
event num125000
event num126000
event num127000
event num128000
event num129000
event num130000
event num131000
event num132000
event num133000
event num134000
event num135000
event num136000
event num137000
event num138000
event num139000
event num140000
event num141000
event num142000
event num143000
event num144000
{'250_240': [1349.0, 708.0], '250_240_passing_MET': [0.0, 0.0], '250_240_failing_MET': [0.0, 0.0], '250_240_min_MET_pt': [10000000.0, 10000000.0], '250_235': [0.0, 713.0], '250_235_passing_MET': [0.0, 678.0], '250_235_failing_MET': [0.0, 35.0], '250_235_min_MET_pt': [10000000.0, 27.476655960083008], '250_230': [0.0, 1384.0], '250_230_passing_MET': [0.0, 1337.0], '250_230_failing_MET': [0.0, 47.0], '250_230_min_MET_pt': [10000000.0, 5.107949256896973], '250_225': [709.0, 0.0], '250_225_passing_MET': [671.0, 0.0], '250_225_failing_MET': [38.0, 0.0], '250_225_min_MET_pt': [18.29522705078125, 10000000.0], '250_220': [0.0, 737.0], '250_220_passing_MET': [0.0, 699.0], '250_220_failing_MET': [0.0, 38.0], '250_220_min_MET_pt': [10000000.0, 45.57412338256836], '275_265': [1420.0, 735.0], '275_265_passing_MET': [0.0, 0.0], '275_265_failing_MET': [0.0, 0.0], '275_265_min_MET_pt': [10000000.0, 10000000.0], '275_260': [0.0, 718.0], '275_260_passing_MET': [0.0, 698.0], '275_260_failing_MET': [0.0, 20.0], '275_260_min_MET_pt': [10000000.0, 22.57861328125], '275_255': [0.0, 0.0], '275_255_passing_MET': [0.0, 0.0], '275_255_failing_MET': [0.0, 0.0], '275_255_min_MET_pt': [10000000.0, 10000000.0], '275_250': [0.0, 0.0], '275_250_passing_MET': [0.0, 0.0], '275_250_failing_MET': [0.0, 0.0], '275_250_min_MET_pt': [10000000.0, 10000000.0], '275_245': [0.0, 0.0], '275_245_passing_MET': [0.0, 0.0], '275_245_failing_MET': [0.0, 0.0], '275_245_min_MET_pt': [10000000.0, 10000000.0], '300_290': [2323.0, 0.0], '300_290_passing_MET': [2248.0, 0.0], '300_290_failing_MET': [75.0, 0.0], '300_290_min_MET_pt': [30.95832633972168, 10000000.0], '300_285': [0.0, 0.0], '300_285_passing_MET': [0.0, 0.0], '300_285_failing_MET': [0.0, 0.0], '300_285_min_MET_pt': [10000000.0, 10000000.0], '300_280': [0.0, 0.0], '300_280_passing_MET': [0.0, 0.0], '300_280_failing_MET': [0.0, 0.0], '300_280_min_MET_pt': [10000000.0, 10000000.0], '300_275': [785.0, 2456.0], '300_275_passing_MET': [0.0, 0.0], '300_275_failing_MET': [0.0, 0.0], '300_275_min_MET_pt': [10000000.0, 10000000.0], '300_270': [807.0, 820.0], '300_270_passing_MET': [0.0, 0.0], '300_270_failing_MET': [0.0, 0.0], '300_270_min_MET_pt': [10000000.0, 10000000.0], '325_315': [829.0, 0.0], '325_315_passing_MET': [813.0, 0.0], '325_315_failing_MET': [16.0, 0.0], '325_315_min_MET_pt': [55.07389831542969, 10000000.0], '325_310': [0.0, 0.0], '325_310_passing_MET': [0.0, 0.0], '325_310_failing_MET': [0.0, 0.0], '325_310_min_MET_pt': [10000000.0, 10000000.0], '325_305': [0.0, 0.0], '325_305_passing_MET': [0.0, 0.0], '325_305_failing_MET': [0.0, 0.0], '325_305_min_MET_pt': [10000000.0, 10000000.0], '325_300': [856.0, 0.0], '325_300_passing_MET': [821.0, 0.0], '325_300_failing_MET': [35.0, 0.0], '325_300_min_MET_pt': [41.73464584350586, 10000000.0], '325_295': [0.0, 0.0], '325_295_passing_MET': [0.0, 0.0], '325_295_failing_MET': [0.0, 0.0], '325_295_min_MET_pt': [10000000.0, 10000000.0], '350_340': [837.0, 803.0], '350_340_passing_MET': [0.0, 0.0], '350_340_failing_MET': [0.0, 0.0], '350_340_min_MET_pt': [10000000.0, 10000000.0], '350_335': [0.0, 0.0], '350_335_passing_MET': [0.0, 0.0], '350_335_failing_MET': [0.0, 0.0], '350_335_min_MET_pt': [10000000.0, 10000000.0], '350_330': [0.0, 0.0], '350_330_passing_MET': [0.0, 0.0], '350_330_failing_MET': [0.0, 0.0], '350_330_min_MET_pt': [10000000.0, 10000000.0], '350_325': [0.0, 874.0], '350_325_passing_MET': [0.0, 838.0], '350_325_failing_MET': [0.0, 36.0], '350_325_min_MET_pt': [10000000.0, 48.431461334228516], '350_320': [0.0, 0.0], '350_320_passing_MET': [0.0, 0.0], '350_320_failing_MET': [0.0, 0.0], '350_320_min_MET_pt': [10000000.0, 10000000.0], '375_365': [911.0, 0.0], '375_365_passing_MET': [883.0, 0.0], '375_365_failing_MET': [28.0, 0.0], '375_365_min_MET_pt': [32.093685150146484, 10000000.0], '375_360': [0.0, 0.0], '375_360_passing_MET': [0.0, 0.0], '375_360_failing_MET': [0.0, 0.0], '375_360_min_MET_pt': [10000000.0, 10000000.0], '375_355': [860.0, 930.0], '375_355_passing_MET': [0.0, 0.0], '375_355_failing_MET': [0.0, 0.0], '375_355_min_MET_pt': [10000000.0, 10000000.0], '375_350': [890.0, 0.0], '375_350_passing_MET': [863.0, 0.0], '375_350_failing_MET': [27.0, 0.0], '375_350_min_MET_pt': [40.38969421386719, 10000000.0], '375_345': [931.0, 0.0], '375_345_passing_MET': [896.0, 0.0], '375_345_failing_MET': [35.0, 0.0], '375_345_min_MET_pt': [35.83531188964844, 10000000.0], '400_390': [888.0, 0.0], '400_390_passing_MET': [864.0, 0.0], '400_390_failing_MET': [24.0, 0.0], '400_390_min_MET_pt': [35.397945404052734, 10000000.0], '400_385': [0.0, 0.0], '400_385_passing_MET': [0.0, 0.0], '400_385_failing_MET': [0.0, 0.0], '400_385_min_MET_pt': [10000000.0, 10000000.0], '400_380': [908.0, 0.0], '400_380_passing_MET': [869.0, 0.0], '400_380_failing_MET': [39.0, 0.0], '400_380_min_MET_pt': [34.28591537475586, 10000000.0], '400_375': [0.0, 0.0], '400_375_passing_MET': [0.0, 0.0], '400_375_failing_MET': [0.0, 0.0], '400_375_min_MET_pt': [10000000.0, 10000000.0], '400_370': [1027.0, 0.0], '400_370_passing_MET': [983.0, 0.0], '400_370_failing_MET': [44.0, 0.0], '400_370_min_MET_pt': [50.5324592590332, 10000000.0], '425_415': [1843.0, 2781.0], '425_415_passing_MET': [0.0, 0.0], '425_415_failing_MET': [0.0, 0.0], '425_415_min_MET_pt': [10000000.0, 10000000.0], '425_410': [941.0, 0.0], '425_410_passing_MET': [915.0, 0.0], '425_410_failing_MET': [26.0, 0.0], '425_410_min_MET_pt': [37.99802017211914, 10000000.0], '425_405': [0.0, 0.0], '425_405_passing_MET': [0.0, 0.0], '425_405_failing_MET': [0.0, 0.0], '425_405_min_MET_pt': [10000000.0, 10000000.0], '425_400': [2922.0, 0.0], '425_400_passing_MET': [2826.0, 0.0], '425_400_failing_MET': [96.0, 0.0], '425_400_min_MET_pt': [27.072208404541016, 10000000.0], '425_395': [0.0, 0.0], '425_395_passing_MET': [0.0, 0.0], '425_395_failing_MET': [0.0, 0.0], '425_395_min_MET_pt': [10000000.0, 10000000.0], '450_440': [0.0, 1897.0], '450_440_passing_MET': [0.0, 1844.0], '450_440_failing_MET': [0.0, 53.0], '450_440_min_MET_pt': [10000000.0, 24.12175941467285], '450_435': [0.0, 933.0], '450_435_passing_MET': [0.0, 905.0], '450_435_failing_MET': [0.0, 28.0], '450_435_min_MET_pt': [10000000.0, 19.866334915161133], '450_430': [0.0, 0.0], '450_430_passing_MET': [0.0, 0.0], '450_430_failing_MET': [0.0, 0.0], '450_430_min_MET_pt': [10000000.0, 10000000.0], '450_425': [0.0, 0.0], '450_425_passing_MET': [0.0, 0.0], '450_425_failing_MET': [0.0, 0.0], '450_425_min_MET_pt': [10000000.0, 10000000.0], '450_420': [0.0, 0.0], '450_420_passing_MET': [0.0, 0.0], '450_420_failing_MET': [0.0, 0.0], '450_420_min_MET_pt': [10000000.0, 10000000.0], '475_465': [912.0, 1884.0], '475_465_passing_MET': [0.0, 0.0], '475_465_failing_MET': [0.0, 0.0], '475_465_min_MET_pt': [10000000.0, 10000000.0], '475_460': [0.0, 0.0], '475_460_passing_MET': [0.0, 0.0], '475_460_failing_MET': [0.0, 0.0], '475_460_min_MET_pt': [10000000.0, 10000000.0], '475_455': [0.0, 0.0], '475_455_passing_MET': [0.0, 0.0], '475_455_failing_MET': [0.0, 0.0], '475_455_min_MET_pt': [10000000.0, 10000000.0], '475_450': [1915.0, 0.0], '475_450_passing_MET': [1845.0, 0.0], '475_450_failing_MET': [70.0, 0.0], '475_450_min_MET_pt': [27.18857765197754, 10000000.0], '475_445': [982.0, 0.0], '475_445_passing_MET': [946.0, 0.0], '475_445_failing_MET': [36.0, 0.0], '475_445_min_MET_pt': [29.779090881347656, 10000000.0], '500_490': [0.0, 2813.0], '500_490_passing_MET': [0.0, 2734.0], '500_490_failing_MET': [0.0, 79.0], '500_490_min_MET_pt': [10000000.0, 5.3699164390563965], '500_485': [0.0, 0.0], '500_485_passing_MET': [0.0, 0.0], '500_485_failing_MET': [0.0, 0.0], '500_485_min_MET_pt': [10000000.0, 10000000.0], '500_480': [0.0, 0.0], '500_480_passing_MET': [0.0, 0.0], '500_480_failing_MET': [0.0, 0.0], '500_480_min_MET_pt': [10000000.0, 10000000.0], '500_475': [0.0, 0.0], '500_475_passing_MET': [0.0, 0.0], '500_475_failing_MET': [0.0, 0.0], '500_475_min_MET_pt': [10000000.0, 10000000.0], '500_470': [0.0, 0.0], '500_470_passing_MET': [0.0, 0.0], '500_470_failing_MET': [0.0, 0.0], '500_470_min_MET_pt': [10000000.0, 10000000.0], '525_515': [0.0, 0.0], '525_515_passing_MET': [0.0, 0.0], '525_515_failing_MET': [0.0, 0.0], '525_515_min_MET_pt': [10000000.0, 10000000.0], '525_510': [0.0, 0.0], '525_510_passing_MET': [0.0, 0.0], '525_510_failing_MET': [0.0, 0.0], '525_510_min_MET_pt': [10000000.0, 10000000.0], '525_505': [0.0, 0.0], '525_505_passing_MET': [0.0, 0.0], '525_505_failing_MET': [0.0, 0.0], '525_505_min_MET_pt': [10000000.0, 10000000.0], '525_500': [0.0, 0.0], '525_500_passing_MET': [0.0, 0.0], '525_500_failing_MET': [0.0, 0.0], '525_500_min_MET_pt': [10000000.0, 10000000.0], '525_495': [0.0, 0.0], '525_495_passing_MET': [0.0, 0.0], '525_495_failing_MET': [0.0, 0.0], '525_495_min_MET_pt': [10000000.0, 10000000.0], '550_540': [1018.0, 992.0], '550_540_passing_MET': [0.0, 0.0], '550_540_failing_MET': [0.0, 0.0], '550_540_min_MET_pt': [10000000.0, 10000000.0], '550_535': [0.0, 0.0], '550_535_passing_MET': [0.0, 0.0], '550_535_failing_MET': [0.0, 0.0], '550_535_min_MET_pt': [10000000.0, 10000000.0], '550_530': [0.0, 1022.0], '550_530_passing_MET': [0.0, 993.0], '550_530_failing_MET': [0.0, 29.0], '550_530_min_MET_pt': [10000000.0, 40.32493209838867], '550_525': [0.0, 1750.0], '550_525_passing_MET': [0.0, 1690.0], '550_525_failing_MET': [0.0, 60.0], '550_525_min_MET_pt': [10000000.0, 7.911473274230957], '550_520': [0.0, 0.0], '550_520_passing_MET': [0.0, 0.0], '550_520_failing_MET': [0.0, 0.0], '550_520_min_MET_pt': [10000000.0, 10000000.0], '575_565': [0.0, 0.0], '575_565_passing_MET': [0.0, 0.0], '575_565_failing_MET': [0.0, 0.0], '575_565_min_MET_pt': [10000000.0, 10000000.0], '575_560': [0.0, 0.0], '575_560_passing_MET': [0.0, 0.0], '575_560_failing_MET': [0.0, 0.0], '575_560_min_MET_pt': [10000000.0, 10000000.0], '575_555': [0.0, 0.0], '575_555_passing_MET': [0.0, 0.0], '575_555_failing_MET': [0.0, 0.0], '575_555_min_MET_pt': [10000000.0, 10000000.0], '575_550': [0.0, 0.0], '575_550_passing_MET': [0.0, 0.0], '575_550_failing_MET': [0.0, 0.0], '575_550_min_MET_pt': [10000000.0, 10000000.0], '575_545': [0.0, 0.0], '575_545_passing_MET': [0.0, 0.0], '575_545_failing_MET': [0.0, 0.0], '575_545_min_MET_pt': [10000000.0, 10000000.0], '600_590': [0.0, 1068.0], '600_590_passing_MET': [0.0, 1030.0], '600_590_failing_MET': [0.0, 38.0], '600_590_min_MET_pt': [10000000.0, 38.76873779296875], '600_585': [846.0, 0.0], '600_585_passing_MET': [821.0, 0.0], '600_585_failing_MET': [25.0, 0.0], '600_585_min_MET_pt': [33.57724380493164, 10000000.0], '600_580': [0.0, 0.0], '600_580_passing_MET': [0.0, 0.0], '600_580_failing_MET': [0.0, 0.0], '600_580_min_MET_pt': [10000000.0, 10000000.0], '600_575': [0.0, 875.0], '600_575_passing_MET': [0.0, 840.0], '600_575_failing_MET': [0.0, 35.0], '600_575_min_MET_pt': [10000000.0, 40.3360595703125], '600_570': [1089.0, 0.0], '600_570_passing_MET': [1049.0, 0.0], '600_570_failing_MET': [40.0, 0.0], '600_570_min_MET_pt': [36.93502426147461, 10000000.0], '625_615': [0.0, 0.0], '625_615_passing_MET': [0.0, 0.0], '625_615_failing_MET': [0.0, 0.0], '625_615_min_MET_pt': [10000000.0, 10000000.0], '625_610': [0.0, 0.0], '625_610_passing_MET': [0.0, 0.0], '625_610_failing_MET': [0.0, 0.0], '625_610_min_MET_pt': [10000000.0, 10000000.0], '625_605': [0.0, 0.0], '625_605_passing_MET': [0.0, 0.0], '625_605_failing_MET': [0.0, 0.0], '625_605_min_MET_pt': [10000000.0, 10000000.0], '625_600': [0.0, 0.0], '625_600_passing_MET': [0.0, 0.0], '625_600_failing_MET': [0.0, 0.0], '625_600_min_MET_pt': [10000000.0, 10000000.0], '625_595': [0.0, 0.0], '625_595_passing_MET': [0.0, 0.0], '625_595_failing_MET': [0.0, 0.0], '625_595_min_MET_pt': [10000000.0, 10000000.0], '650_640': [1968.0, 0.0], '650_640_passing_MET': [1920.0, 0.0], '650_640_failing_MET': [48.0, 0.0], '650_640_min_MET_pt': [27.348203659057617, 10000000.0], '650_635': [0.0, 0.0], '650_635_passing_MET': [0.0, 0.0], '650_635_failing_MET': [0.0, 0.0], '650_635_min_MET_pt': [10000000.0, 10000000.0], '650_630': [0.0, 0.0], '650_630_passing_MET': [0.0, 0.0], '650_630_failing_MET': [0.0, 0.0], '650_630_min_MET_pt': [10000000.0, 10000000.0], '650_625': [1807.0, 918.0], '650_625_passing_MET': [0.0, 0.0], '650_625_failing_MET': [0.0, 0.0], '650_625_min_MET_pt': [10000000.0, 10000000.0], '650_620': [0.0, 0.0], '650_620_passing_MET': [0.0, 0.0], '650_620_failing_MET': [0.0, 0.0], '650_620_min_MET_pt': [10000000.0, 10000000.0], '675_665': [0.0, 0.0], '675_665_passing_MET': [0.0, 0.0], '675_665_failing_MET': [0.0, 0.0], '675_665_min_MET_pt': [10000000.0, 10000000.0], '675_660': [0.0, 0.0], '675_660_passing_MET': [0.0, 0.0], '675_660_failing_MET': [0.0, 0.0], '675_660_min_MET_pt': [10000000.0, 10000000.0], '675_655': [0.0, 0.0], '675_655_passing_MET': [0.0, 0.0], '675_655_failing_MET': [0.0, 0.0], '675_655_min_MET_pt': [10000000.0, 10000000.0], '675_650': [0.0, 0.0], '675_650_passing_MET': [0.0, 0.0], '675_650_failing_MET': [0.0, 0.0], '675_650_min_MET_pt': [10000000.0, 10000000.0], '675_645': [0.0, 0.0], '675_645_passing_MET': [0.0, 0.0], '675_645_failing_MET': [0.0, 0.0], '675_645_min_MET_pt': [10000000.0, 10000000.0], '700_690': [1037.0, 2117.0], '700_690_passing_MET': [0.0, 0.0], '700_690_failing_MET': [0.0, 0.0], '700_690_min_MET_pt': [10000000.0, 10000000.0], '700_685': [0.0, 922.0], '700_685_passing_MET': [0.0, 906.0], '700_685_failing_MET': [0.0, 16.0], '700_685_min_MET_pt': [10000000.0, 40.9560661315918], '700_680': [0.0, 1104.0], '700_680_passing_MET': [0.0, 1075.0], '700_680_failing_MET': [0.0, 29.0], '700_680_min_MET_pt': [10000000.0, 35.85334396362305], '700_675': [0.0, 0.0], '700_675_passing_MET': [0.0, 0.0], '700_675_failing_MET': [0.0, 0.0], '700_675_min_MET_pt': [10000000.0, 10000000.0], '700_670': [0.0, 0.0], '700_670_passing_MET': [0.0, 0.0], '700_670_failing_MET': [0.0, 0.0], '700_670_min_MET_pt': [10000000.0, 10000000.0], '725_715': [0.0, 0.0], '725_715_passing_MET': [0.0, 0.0], '725_715_failing_MET': [0.0, 0.0], '725_715_min_MET_pt': [10000000.0, 10000000.0], '725_710': [0.0, 0.0], '725_710_passing_MET': [0.0, 0.0], '725_710_failing_MET': [0.0, 0.0], '725_710_min_MET_pt': [10000000.0, 10000000.0], '725_705': [0.0, 0.0], '725_705_passing_MET': [0.0, 0.0], '725_705_failing_MET': [0.0, 0.0], '725_705_min_MET_pt': [10000000.0, 10000000.0], '725_700': [0.0, 0.0], '725_700_passing_MET': [0.0, 0.0], '725_700_failing_MET': [0.0, 0.0], '725_700_min_MET_pt': [10000000.0, 10000000.0], '725_695': [0.0, 0.0], '725_695_passing_MET': [0.0, 0.0], '725_695_failing_MET': [0.0, 0.0], '725_695_min_MET_pt': [10000000.0, 10000000.0], '750_740': [0.0, 1078.0], '750_740_passing_MET': [0.0, 1049.0], '750_740_failing_MET': [0.0, 29.0], '750_740_min_MET_pt': [10000000.0, 25.958757400512695], '750_735': [0.0, 0.0], '750_735_passing_MET': [0.0, 0.0], '750_735_failing_MET': [0.0, 0.0], '750_735_min_MET_pt': [10000000.0, 10000000.0], '750_730': [0.0, 0.0], '750_730_passing_MET': [0.0, 0.0], '750_730_failing_MET': [0.0, 0.0], '750_730_min_MET_pt': [10000000.0, 10000000.0], '750_725': [0.0, 0.0], '750_725_passing_MET': [0.0, 0.0], '750_725_failing_MET': [0.0, 0.0], '750_725_min_MET_pt': [10000000.0, 10000000.0], '750_720': [0.0, 0.0], '750_720_passing_MET': [0.0, 0.0], '750_720_failing_MET': [0.0, 0.0], '750_720_min_MET_pt': [10000000.0, 10000000.0], '775_765': [0.0, 0.0], '775_765_passing_MET': [0.0, 0.0], '775_765_failing_MET': [0.0, 0.0], '775_765_min_MET_pt': [10000000.0, 10000000.0], '775_760': [0.0, 0.0], '775_760_passing_MET': [0.0, 0.0], '775_760_failing_MET': [0.0, 0.0], '775_760_min_MET_pt': [10000000.0, 10000000.0], '775_755': [0.0, 0.0], '775_755_passing_MET': [0.0, 0.0], '775_755_failing_MET': [0.0, 0.0], '775_755_min_MET_pt': [10000000.0, 10000000.0], '775_750': [0.0, 0.0], '775_750_passing_MET': [0.0, 0.0], '775_750_failing_MET': [0.0, 0.0], '775_750_min_MET_pt': [10000000.0, 10000000.0], '775_745': [0.0, 0.0], '775_745_passing_MET': [0.0, 0.0], '775_745_failing_MET': [0.0, 0.0], '775_745_min_MET_pt': [10000000.0, 10000000.0], '800_790': [1109.0, 2119.0], '800_790_passing_MET': [0.0, 0.0], '800_790_failing_MET': [0.0, 0.0], '800_790_min_MET_pt': [10000000.0, 10000000.0], '800_785': [0.0, 919.0], '800_785_passing_MET': [0.0, 905.0], '800_785_failing_MET': [0.0, 14.0], '800_785_min_MET_pt': [10000000.0, 50.72370147705078], '800_780': [0.0, 0.0], '800_780_passing_MET': [0.0, 0.0], '800_780_failing_MET': [0.0, 0.0], '800_780_min_MET_pt': [10000000.0, 10000000.0], '800_775': [0.0, 0.0], '800_775_passing_MET': [0.0, 0.0], '800_775_failing_MET': [0.0, 0.0], '800_775_min_MET_pt': [10000000.0, 10000000.0], '800_770': [0.0, 0.0], '800_770_passing_MET': [0.0, 0.0], '800_770_failing_MET': [0.0, 0.0], '800_770_min_MET_pt': [10000000.0, 10000000.0], '825_815': [0.0, 0.0], '825_815_passing_MET': [0.0, 0.0], '825_815_failing_MET': [0.0, 0.0], '825_815_min_MET_pt': [10000000.0, 10000000.0], '825_810': [0.0, 0.0], '825_810_passing_MET': [0.0, 0.0], '825_810_failing_MET': [0.0, 0.0], '825_810_min_MET_pt': [10000000.0, 10000000.0], '825_805': [0.0, 0.0], '825_805_passing_MET': [0.0, 0.0], '825_805_failing_MET': [0.0, 0.0], '825_805_min_MET_pt': [10000000.0, 10000000.0], '825_800': [0.0, 0.0], '825_800_passing_MET': [0.0, 0.0], '825_800_failing_MET': [0.0, 0.0], '825_800_min_MET_pt': [10000000.0, 10000000.0], '825_795': [0.0, 0.0], '825_795_passing_MET': [0.0, 0.0], '825_795_failing_MET': [0.0, 0.0], '825_795_min_MET_pt': [10000000.0, 10000000.0], '850_840': [0.0, 0.0], '850_840_passing_MET': [0.0, 0.0], '850_840_failing_MET': [0.0, 0.0], '850_840_min_MET_pt': [10000000.0, 10000000.0], '850_835': [0.0, 0.0], '850_835_passing_MET': [0.0, 0.0], '850_835_failing_MET': [0.0, 0.0], '850_835_min_MET_pt': [10000000.0, 10000000.0], '850_830': [0.0, 0.0], '850_830_passing_MET': [0.0, 0.0], '850_830_failing_MET': [0.0, 0.0], '850_830_min_MET_pt': [10000000.0, 10000000.0], '850_825': [0.0, 0.0], '850_825_passing_MET': [0.0, 0.0], '850_825_failing_MET': [0.0, 0.0], '850_825_min_MET_pt': [10000000.0, 10000000.0], '850_820': [0.0, 0.0], '850_820_passing_MET': [0.0, 0.0], '850_820_failing_MET': [0.0, 0.0], '850_820_min_MET_pt': [10000000.0, 10000000.0], '875_865': [0.0, 0.0], '875_865_passing_MET': [0.0, 0.0], '875_865_failing_MET': [0.0, 0.0], '875_865_min_MET_pt': [10000000.0, 10000000.0], '875_860': [0.0, 0.0], '875_860_passing_MET': [0.0, 0.0], '875_860_failing_MET': [0.0, 0.0], '875_860_min_MET_pt': [10000000.0, 10000000.0], '875_855': [0.0, 0.0], '875_855_passing_MET': [0.0, 0.0], '875_855_failing_MET': [0.0, 0.0], '875_855_min_MET_pt': [10000000.0, 10000000.0], '875_850': [0.0, 0.0], '875_850_passing_MET': [0.0, 0.0], '875_850_failing_MET': [0.0, 0.0], '875_850_min_MET_pt': [10000000.0, 10000000.0], '875_845': [0.0, 0.0], '875_845_passing_MET': [0.0, 0.0], '875_845_failing_MET': [0.0, 0.0], '875_845_min_MET_pt': [10000000.0, 10000000.0], '900_890': [4385.0, 2251.0], '900_890_passing_MET': [0.0, 0.0], '900_890_failing_MET': [0.0, 0.0], '900_890_min_MET_pt': [10000000.0, 10000000.0], '900_885': [0.0, 0.0], '900_885_passing_MET': [0.0, 0.0], '900_885_failing_MET': [0.0, 0.0], '900_885_min_MET_pt': [10000000.0, 10000000.0], '900_880': [0.0, 0.0], '900_880_passing_MET': [0.0, 0.0], '900_880_failing_MET': [0.0, 0.0], '900_880_min_MET_pt': [10000000.0, 10000000.0], '900_875': [0.0, 0.0], '900_875_passing_MET': [0.0, 0.0], '900_875_failing_MET': [0.0, 0.0], '900_875_min_MET_pt': [10000000.0, 10000000.0], '900_870': [0.0, 0.0], '900_870_passing_MET': [0.0, 0.0], '900_870_failing_MET': [0.0, 0.0], '900_870_min_MET_pt': [10000000.0, 10000000.0], '925_915': [0.0, 0.0], '925_915_passing_MET': [0.0, 0.0], '925_915_failing_MET': [0.0, 0.0], '925_915_min_MET_pt': [10000000.0, 10000000.0], '925_910': [0.0, 0.0], '925_910_passing_MET': [0.0, 0.0], '925_910_failing_MET': [0.0, 0.0], '925_910_min_MET_pt': [10000000.0, 10000000.0], '925_905': [0.0, 0.0], '925_905_passing_MET': [0.0, 0.0], '925_905_failing_MET': [0.0, 0.0], '925_905_min_MET_pt': [10000000.0, 10000000.0], '925_900': [0.0, 0.0], '925_900_passing_MET': [0.0, 0.0], '925_900_failing_MET': [0.0, 0.0], '925_900_min_MET_pt': [10000000.0, 10000000.0], '925_895': [0.0, 0.0], '925_895_passing_MET': [0.0, 0.0], '925_895_failing_MET': [0.0, 0.0], '925_895_min_MET_pt': [10000000.0, 10000000.0], '950_940': [2160.0, 0.0], '950_940_passing_MET': [2124.0, 0.0], '950_940_failing_MET': [36.0, 0.0], '950_940_min_MET_pt': [45.90851974487305, 10000000.0], '950_935': [0.0, 0.0], '950_935_passing_MET': [0.0, 0.0], '950_935_failing_MET': [0.0, 0.0], '950_935_min_MET_pt': [10000000.0, 10000000.0], '950_930': [0.0, 0.0], '950_930_passing_MET': [0.0, 0.0], '950_930_failing_MET': [0.0, 0.0], '950_930_min_MET_pt': [10000000.0, 10000000.0], '950_925': [0.0, 0.0], '950_925_passing_MET': [0.0, 0.0], '950_925_failing_MET': [0.0, 0.0], '950_925_min_MET_pt': [10000000.0, 10000000.0], '950_920': [0.0, 0.0], '950_920_passing_MET': [0.0, 0.0], '950_920_failing_MET': [0.0, 0.0], '950_920_min_MET_pt': [10000000.0, 10000000.0], '975_965': [0.0, 0.0], '975_965_passing_MET': [0.0, 0.0], '975_965_failing_MET': [0.0, 0.0], '975_965_min_MET_pt': [10000000.0, 10000000.0], '975_960': [0.0, 0.0], '975_960_passing_MET': [0.0, 0.0], '975_960_failing_MET': [0.0, 0.0], '975_960_min_MET_pt': [10000000.0, 10000000.0], '975_955': [0.0, 0.0], '975_955_passing_MET': [0.0, 0.0], '975_955_failing_MET': [0.0, 0.0], '975_955_min_MET_pt': [10000000.0, 10000000.0], '975_950': [0.0, 0.0], '975_950_passing_MET': [0.0, 0.0], '975_950_failing_MET': [0.0, 0.0], '975_950_min_MET_pt': [10000000.0, 10000000.0], '975_945': [0.0, 0.0], '975_945_passing_MET': [0.0, 0.0], '975_945_failing_MET': [0.0, 0.0], '975_945_min_MET_pt': [10000000.0, 10000000.0], '1000_990': [1070.0, 0.0], '1000_990_passing_MET': [1043.0, 0.0], '1000_990_failing_MET': [27.0, 0.0], '1000_990_min_MET_pt': [47.34699249267578, 10000000.0], '1000_985': [1011.0, 0.0], '1000_985_passing_MET': [996.0, 0.0], '1000_985_failing_MET': [15.0, 0.0], '1000_985_min_MET_pt': [37.52442169189453, 10000000.0], '1000_980': [0.0, 0.0], '1000_980_passing_MET': [0.0, 0.0], '1000_980_failing_MET': [0.0, 0.0], '1000_980_min_MET_pt': [10000000.0, 10000000.0], '1000_975': [0.0, 0.0], '1000_975_passing_MET': [0.0, 0.0], '1000_975_failing_MET': [0.0, 0.0], '1000_975_min_MET_pt': [10000000.0, 10000000.0], '1000_970': [0.0, 0.0], '1000_970_passing_MET': [0.0, 0.0], '1000_970_failing_MET': [0.0, 0.0], '1000_970_min_MET_pt': [10000000.0, 10000000.0], '1025_1015': [0.0, 0.0], '1025_1015_passing_MET': [0.0, 0.0], '1025_1015_failing_MET': [0.0, 0.0], '1025_1015_min_MET_pt': [10000000.0, 10000000.0], '1025_1010': [0.0, 0.0], '1025_1010_passing_MET': [0.0, 0.0], '1025_1010_failing_MET': [0.0, 0.0], '1025_1010_min_MET_pt': [10000000.0, 10000000.0], '1025_1005': [0.0, 0.0], '1025_1005_passing_MET': [0.0, 0.0], '1025_1005_failing_MET': [0.0, 0.0], '1025_1005_min_MET_pt': [10000000.0, 10000000.0], '1025_1000': [0.0, 0.0], '1025_1000_passing_MET': [0.0, 0.0], '1025_1000_failing_MET': [0.0, 0.0], '1025_1000_min_MET_pt': [10000000.0, 10000000.0], '1025_995': [0.0, 0.0], '1025_995_passing_MET': [0.0, 0.0], '1025_995_failing_MET': [0.0, 0.0], '1025_995_min_MET_pt': [10000000.0, 10000000.0], '1050_1040': [0.0, 0.0], '1050_1040_passing_MET': [0.0, 0.0], '1050_1040_failing_MET': [0.0, 0.0], '1050_1040_min_MET_pt': [10000000.0, 10000000.0], '1050_1035': [0.0, 0.0], '1050_1035_passing_MET': [0.0, 0.0], '1050_1035_failing_MET': [0.0, 0.0], '1050_1035_min_MET_pt': [10000000.0, 10000000.0], '1050_1030': [0.0, 0.0], '1050_1030_passing_MET': [0.0, 0.0], '1050_1030_failing_MET': [0.0, 0.0], '1050_1030_min_MET_pt': [10000000.0, 10000000.0], '1050_1025': [0.0, 0.0], '1050_1025_passing_MET': [0.0, 0.0], '1050_1025_failing_MET': [0.0, 0.0], '1050_1025_min_MET_pt': [10000000.0, 10000000.0], '1050_1020': [0.0, 0.0], '1050_1020_passing_MET': [0.0, 0.0], '1050_1020_failing_MET': [0.0, 0.0], '1050_1020_min_MET_pt': [10000000.0, 10000000.0], '1075_1065': [0.0, 0.0], '1075_1065_passing_MET': [0.0, 0.0], '1075_1065_failing_MET': [0.0, 0.0], '1075_1065_min_MET_pt': [10000000.0, 10000000.0], '1075_1060': [0.0, 0.0], '1075_1060_passing_MET': [0.0, 0.0], '1075_1060_failing_MET': [0.0, 0.0], '1075_1060_min_MET_pt': [10000000.0, 10000000.0], '1075_1055': [0.0, 0.0], '1075_1055_passing_MET': [0.0, 0.0], '1075_1055_failing_MET': [0.0, 0.0], '1075_1055_min_MET_pt': [10000000.0, 10000000.0], '1075_1050': [0.0, 0.0], '1075_1050_passing_MET': [0.0, 0.0], '1075_1050_failing_MET': [0.0, 0.0], '1075_1050_min_MET_pt': [10000000.0, 10000000.0], '1075_1045': [0.0, 0.0], '1075_1045_passing_MET': [0.0, 0.0], '1075_1045_failing_MET': [0.0, 0.0], '1075_1045_min_MET_pt': [10000000.0, 10000000.0], '1100_1090': [0.0, 1024.0], '1100_1090_passing_MET': [0.0, 1007.0], '1100_1090_failing_MET': [0.0, 17.0], '1100_1090_min_MET_pt': [10000000.0, 45.084129333496094], '1100_1085': [0.0, 0.0], '1100_1085_passing_MET': [0.0, 0.0], '1100_1085_failing_MET': [0.0, 0.0], '1100_1085_min_MET_pt': [10000000.0, 10000000.0], '1100_1080': [0.0, 0.0], '1100_1080_passing_MET': [0.0, 0.0], '1100_1080_failing_MET': [0.0, 0.0], '1100_1080_min_MET_pt': [10000000.0, 10000000.0], '1100_1075': [0.0, 0.0], '1100_1075_passing_MET': [0.0, 0.0], '1100_1075_failing_MET': [0.0, 0.0], '1100_1075_min_MET_pt': [10000000.0, 10000000.0], '1100_1070': [1009.0, 0.0], '1100_1070_passing_MET': [980.0, 0.0], '1100_1070_failing_MET': [29.0, 0.0], '1100_1070_min_MET_pt': [31.997114181518555, 10000000.0], 'nEventsTotal': 144543.0, 'strange masspoints': 0.0, 'orphans': 0.0, 'R-hadron event': 0.0, 'different stop antistop masses': 0.0, 'strange error': 0.0, 'strange event': 0.0, 'different neutralino masses': 10700.0, 'large differences': 0.0, '526_505': [0.0, 1034.0], '526_505_passing_MET': [0.0, 1005.0], '526_505_failing_MET': [0.0, 29.0], '526_505_min_MET_pt': [10000000.0, 44.714012145996094], '776_765': [0.0, 2848.0], '776_765_passing_MET': [0.0, 2770.0], '776_765_failing_MET': [0.0, 78.0], '776_765_min_MET_pt': [10000000.0, 37.8575325012207], '776_766': [0.0, 291.0], '776_766_passing_MET': [0.0, 281.0], '776_766_failing_MET': [0.0, 10.0], '776_766_min_MET_pt': [10000000.0, 75.91151428222656], '800_786': [0.0, 132.0], '800_786_passing_MET': [0.0, 130.0], '800_786_failing_MET': [0.0, 2.0], '800_786_min_MET_pt': [10000000.0, 88.41572570800781], '1052_1020': [1220.0, 0.0], '1052_1020_passing_MET': [1187.0, 0.0], '1052_1020_failing_MET': [33.0, 0.0], '1052_1020_min_MET_pt': [47.967994689941406, 10000000.0], '526_495': [1006.0, 988.0], '526_495_passing_MET': [960.0, 954.0], '526_495_failing_MET': [46.0, 34.0], '526_495_min_MET_pt': [20.08637046813965, 14.398436546325684], '550_526': [0.0, 303.0], '550_526_passing_MET': [0.0, 288.0], '550_526_failing_MET': [0.0, 15.0], '550_526_min_MET_pt': [10000000.0, 36.958011627197266], '1052_1040': [0.0, 1112.0], '1052_1040_passing_MET': [0.0, 1088.0], '1052_1040_failing_MET': [0.0, 24.0], '1052_1040_min_MET_pt': [10000000.0, 16.521453857421875], '650_626': [313.0, 155.0], '650_626_passing_MET': [302.0, 149.0], '650_626_failing_MET': [11.0, 6.0], '650_626_min_MET_pt': [61.35758590698242, 69.17604064941406], '876_865': [1057.0, 1030.0], '876_865_passing_MET': [1023.0, 1008.0], '876_865_failing_MET': [34.0, 22.0], '876_865_min_MET_pt': [21.653778076171875, 19.6068172454834], '876_866': [118.0, 96.0], '876_866_passing_MET': [115.0, 91.0], '876_866_failing_MET': [3.0, 5.0], '876_866_min_MET_pt': [69.54752349853516, 89.57462310791016], '576_560': [971.0, 0.0], '576_560_passing_MET': [947.0, 0.0], '576_560_failing_MET': [24.0, 0.0], '576_560_min_MET_pt': [24.887168884277344, 10000000.0], '626_615': [2684.0, 923.0], '626_615_passing_MET': [2625.0, 904.0], '626_615_failing_MET': [59.0, 19.0], '626_615_min_MET_pt': [26.428695678710938, 40.40757369995117], '626_616': [247.0, 77.0], '626_616_passing_MET': [236.0, 75.0], '626_616_failing_MET': [11.0, 2.0], '626_616_min_MET_pt': [3.138587236404419, 93.359619140625], '700_686': [0.0, 141.0], '700_686_passing_MET': [0.0, 136.0], '700_686_failing_MET': [0.0, 5.0], '700_686_min_MET_pt': [10000000.0, 50.3390998840332], '526_515': [900.0, 838.0], '526_515_passing_MET': [876.0, 814.0], '526_515_failing_MET': [24.0, 24.0], '526_515_min_MET_pt': [55.33427810668945, 39.17472457885742], '526_516': [92.0, 87.0], '526_516_passing_MET': [89.0, 84.0], '526_516_failing_MET': [3.0, 3.0], '526_516_min_MET_pt': [55.951663970947266, 68.23857879638672], '600_576': [0.0, 177.0], '600_576_passing_MET': [0.0, 174.0], '600_576_failing_MET': [0.0, 3.0], '600_576_min_MET_pt': [10000000.0, 55.73358917236328], '926_915': [0.0, 2028.0], '926_915_passing_MET': [0.0, 1990.0], '926_915_failing_MET': [0.0, 38.0], '926_915_min_MET_pt': [10000000.0, 39.1536979675293], '926_916': [0.0, 197.0], '926_916_passing_MET': [0.0, 192.0], '926_916_failing_MET': [0.0, 5.0], '926_916_min_MET_pt': [10000000.0, 59.74488830566406], '1076_1055': [1032.0, 1014.0], '1076_1055_passing_MET': [1011.0, 994.0], '1076_1055_failing_MET': [21.0, 20.0], '1076_1055_min_MET_pt': [52.178367614746094, 20.377031326293945], '1076_1056': [171.0, 151.0], '1076_1056_passing_MET': [166.0, 146.0], '1076_1056_failing_MET': [5.0, 5.0], '1076_1056_min_MET_pt': [74.22566986083984, 22.122081756591797], '726_716': [83.0, 0.0], '726_716_passing_MET': [81.0, 0.0], '726_716_failing_MET': [2.0, 0.0], '726_716_min_MET_pt': [42.997718811035156, 10000000.0], '726_715': [975.0, 0.0], '726_715_passing_MET': [952.0, 0.0], '726_715_failing_MET': [23.0, 0.0], '726_715_min_MET_pt': [40.317115783691406, 10000000.0], '776_755': [1935.0, 0.0], '776_755_passing_MET': [1887.0, 0.0], '776_755_failing_MET': [48.0, 0.0], '776_755_min_MET_pt': [14.760148048400879, 10000000.0], '776_756': [325.0, 0.0], '776_756_passing_MET': [316.0, 0.0], '776_756_failing_MET': [9.0, 0.0], '776_756_min_MET_pt': [44.520263671875, 10000000.0], '1000_986': [141.0, 0.0], '1000_986_passing_MET': [139.0, 0.0], '1000_986_failing_MET': [2.0, 0.0], '1000_986_min_MET_pt': [84.58020782470703, 10000000.0], '826_815': [2982.0, 0.0], '826_815_passing_MET': [2920.0, 0.0], '826_815_failing_MET': [62.0, 0.0], '826_815_min_MET_pt': [13.46043586730957, 10000000.0], '826_816': [304.0, 0.0], '826_816_passing_MET': [299.0, 0.0], '826_816_failing_MET': [5.0, 0.0], '826_816_min_MET_pt': [65.79795837402344, 10000000.0], '976_956': [0.0, 283.0], '976_956_passing_MET': [0.0, 274.0], '976_956_failing_MET': [0.0, 9.0], '976_956_min_MET_pt': [10000000.0, 20.870803833007812], '976_955': [0.0, 1948.0], '976_955_passing_MET': [0.0, 1902.0], '976_955_failing_MET': [0.0, 46.0], '976_955_min_MET_pt': [10000000.0, 28.838321685791016], '626_610': [2066.0, 1060.0], '626_610_passing_MET': [2009.0, 1028.0], '626_610_failing_MET': [57.0, 32.0], '626_610_min_MET_pt': [19.84343910217285, 10.340240478515625], '526_500': [0.0, 996.0], '526_500_passing_MET': [0.0, 956.0], '526_500_failing_MET': [0.0, 40.0], '526_500_min_MET_pt': [10000000.0, 50.85227584838867], '976_965': [1997.0, 1019.0], '976_965_passing_MET': [1950.0, 998.0], '976_965_failing_MET': [47.0, 21.0], '976_965_min_MET_pt': [43.96634292602539, 31.12640953063965], '976_966': [185.0, 99.0], '976_966_passing_MET': [184.0, 98.0], '976_966_failing_MET': [1.0, 1.0], '976_966_min_MET_pt': [67.33805847167969, 50.401519775390625], '526_510': [0.0, 945.0], '526_510_passing_MET': [0.0, 912.0], '526_510_failing_MET': [0.0, 33.0], '526_510_min_MET_pt': [10000000.0, 35.0080451965332], '1076_1060': [1149.0, 0.0], '1076_1060_passing_MET': [1118.0, 0.0], '1076_1060_failing_MET': [31.0, 0.0], '1076_1060_min_MET_pt': [12.25604248046875, 10000000.0], '776_750': [1107.0, 0.0], '776_750_passing_MET': [1072.0, 0.0], '776_750_failing_MET': [35.0, 0.0], '776_750_min_MET_pt': [23.176362991333008, 10000000.0], '976_950': [0.0, 1173.0], '976_950_passing_MET': [0.0, 1150.0], '976_950_failing_MET': [0.0, 23.0], '976_950_min_MET_pt': [10000000.0, 20.283037185668945], '1100_1092': [0.0, 101.0], '1100_1092_passing_MET': [0.0, 100.0], '1100_1092_failing_MET': [0.0, 1.0], '1100_1092_min_MET_pt': [10000000.0, 80.97512817382812], '1052_1025': [0.0, 1047.0], '1052_1025_passing_MET': [0.0, 1022.0], '1052_1025_failing_MET': [0.0, 25.0], '1052_1025_min_MET_pt': [10000000.0, 12.311836242675781], '1052_1024': [0.0, 191.0], '1052_1024_passing_MET': [0.0, 185.0], '1052_1024_failing_MET': [0.0, 6.0], '1052_1024_min_MET_pt': [10000000.0, 52.2020378112793], '726_710': [2133.0, 0.0], '726_710_passing_MET': [2079.0, 0.0], '726_710_failing_MET': [54.0, 0.0], '726_710_min_MET_pt': [28.626399993896484, 10000000.0], '676_656': [132.0, 0.0], '676_656_passing_MET': [128.0, 0.0], '676_656_failing_MET': [4.0, 0.0], '676_656_min_MET_pt': [52.90721893310547, 10000000.0], '676_655': [946.0, 0.0], '676_655_passing_MET': [920.0, 0.0], '676_655_failing_MET': [26.0, 0.0], '676_655_min_MET_pt': [23.728782653808594, 10000000.0], '1024_995': [0.0, 1009.0], '1024_995_passing_MET': [0.0, 991.0], '1024_995_failing_MET': [0.0, 18.0], '1024_995_min_MET_pt': [10000000.0, 23.488086700439453], '1024_996': [0.0, 200.0], '1024_996_passing_MET': [0.0, 189.0], '1024_996_failing_MET': [0.0, 11.0], '1024_996_min_MET_pt': [10000000.0, 40.141143798828125], '576_565': [1730.0, 0.0], '576_565_passing_MET': [1690.0, 0.0], '576_565_failing_MET': [40.0, 0.0], '576_565_min_MET_pt': [34.86922073364258, 10000000.0], '576_566': [193.0, 0.0], '576_566_passing_MET': [188.0, 0.0], '576_566_failing_MET': [5.0, 0.0], '576_566_min_MET_pt': [76.84307098388672, 10000000.0], '576_550': [1044.0, 0.0], '576_550_passing_MET': [1006.0, 0.0], '576_550_failing_MET': [38.0, 0.0], '576_550_min_MET_pt': [22.5754451751709, 10000000.0], '1076_1045': [1993.0, 0.0], '1076_1045_passing_MET': [1940.0, 0.0], '1076_1045_failing_MET': [53.0, 0.0], '1076_1045_min_MET_pt': [22.912023544311523, 10000000.0], '1076_1044': [381.0, 0.0], '1076_1044_passing_MET': [369.0, 0.0], '1076_1044_failing_MET': [12.0, 0.0], '1076_1044_min_MET_pt': [18.39801597595215, 10000000.0], '676_665': [921.0, 0.0], '676_665_passing_MET': [899.0, 0.0], '676_665_failing_MET': [22.0, 0.0], '676_665_min_MET_pt': [62.692955017089844, 10000000.0], '676_666': [91.0, 0.0], '676_666_passing_MET': [91.0, 0.0], '676_666_failing_MET': [0.0, 0.0], '676_666_min_MET_pt': [108.49603271484375, 10000000.0], '1100_1072': [189.0, 0.0], '1100_1072_passing_MET': [182.0, 0.0], '1100_1072_failing_MET': [7.0, 0.0], '1100_1072_min_MET_pt': [58.774715423583984, 10000000.0], '626_600': [1020.0, 0.0], '626_600_passing_MET': [986.0, 0.0], '626_600_failing_MET': [34.0, 0.0], '626_600_min_MET_pt': [39.685672760009766, 10000000.0], '676_650': [0.0, 1140.0], '676_650_passing_MET': [0.0, 1109.0], '676_650_failing_MET': [0.0, 31.0], '676_650_min_MET_pt': [10000000.0, 25.301477432250977], '600_586': [127.0, 0.0], '600_586_passing_MET': [125.0, 0.0], '600_586_failing_MET': [2.0, 0.0], '600_586_min_MET_pt': [95.4404067993164, 10000000.0], '676_645': [0.0, 918.0], '676_645_passing_MET': [0.0, 890.0], '676_645_failing_MET': [0.0, 28.0], '676_645_min_MET_pt': [10000000.0, 33.948055267333984], '676_646': [0.0, 156.0], '676_646_passing_MET': [0.0, 150.0], '676_646_failing_MET': [0.0, 6.0], '676_646_min_MET_pt': [10000000.0, 69.02162170410156], '626_605': [0.0, 838.0], '626_605_passing_MET': [0.0, 808.0], '626_605_failing_MET': [0.0, 30.0], '626_605_min_MET_pt': [10000000.0, 36.58863067626953], '626_606': [0.0, 139.0], '626_606_passing_MET': [0.0, 134.0], '626_606_failing_MET': [0.0, 5.0], '626_606_min_MET_pt': [10000000.0, 49.95302200317383]}
nevents_from_dict =  3610255969.8750257
Results saved to /afs/cern.ch/work/m/mleoncoe/private/stop_met_check/outputs_2018/nanoAOD_331.json
done
