000 (9018140.098.000) 01/06 10:56:21 Job submitted from host: <188.185.6.50:9618?addrs=188.185.6.50-9618+[2001-1458-d00-62--100-2b1]-9618&alias=bigbird25.cern.ch&noUDP&sock=schedd_1627_90ad>
...
040 (9018140.098.000) 01/06 10:58:58 Started transferring input files
	Transferring to host: <188.185.213.75:9618?addrs=188.185.213.75-9618+[2001-1458-303-1a--100-47]-9618&alias=b9p27p9871.cern.ch&noUDP&sock=slot1_36_5235_47ee_113636>
...
040 (9018140.098.000) 01/06 10:58:58 Finished transferring input files
...
001 (9018140.098.000) 01/06 10:58:59 Job executing on host: <188.185.213.75:9618?addrs=188.185.213.75-9618+[2001-1458-303-1a--100-47]-9618&alias=b9p27p9871.cern.ch&noUDP&sock=startd_4245_4b9e>
	SlotName: slot1_36@b9p27p9871.cern.ch
	CondorScratchDir = "/pool/condor/dir_2496578"
	Cpus = 1
	Disk = 3802
	GPUs = 0
	Memory = 3000
...
006 (9018140.098.000) 01/06 10:59:13 Image size of job updated: 94796
	93  -  MemoryUsage of job (MB)
	94796  -  ResidentSetSize of job (KB)
...
006 (9018140.098.000) 01/06 11:04:14 Image size of job updated: 200152
	196  -  MemoryUsage of job (MB)
	200152  -  ResidentSetSize of job (KB)
...
006 (9018140.098.000) 01/06 11:09:14 Image size of job updated: 209432
	205  -  MemoryUsage of job (MB)
	209432  -  ResidentSetSize of job (KB)
...
006 (9018140.098.000) 01/06 11:14:14 Image size of job updated: 209532
	205  -  MemoryUsage of job (MB)
	209532  -  ResidentSetSize of job (KB)
...
006 (9018140.098.000) 01/06 11:19:15 Image size of job updated: 209604
	205  -  MemoryUsage of job (MB)
	209604  -  ResidentSetSize of job (KB)
...
006 (9018140.098.000) 01/06 11:24:15 Image size of job updated: 209756
	205  -  MemoryUsage of job (MB)
	209756  -  ResidentSetSize of job (KB)
...
006 (9018140.098.000) 01/06 11:29:15 Image size of job updated: 209820
	205  -  MemoryUsage of job (MB)
	209820  -  ResidentSetSize of job (KB)
...
006 (9018140.098.000) 01/06 11:34:16 Image size of job updated: 209824
	205  -  MemoryUsage of job (MB)
	209824  -  ResidentSetSize of job (KB)
...
006 (9018140.098.000) 01/06 11:35:14 Image size of job updated: 209872
	205  -  MemoryUsage of job (MB)
	209824  -  ResidentSetSize of job (KB)
...
040 (9018140.098.000) 01/06 11:35:14 Started transferring output files
...
040 (9018140.098.000) 01/06 11:35:16 Finished transferring output files
...
005 (9018140.098.000) 01/06 11:35:16 Job terminated.
	(1) Normal termination (return value 0)
		Usr 0 00:34:49, Sys 0 00:00:02  -  Run Remote Usage
		Usr 0 00:00:00, Sys 0 00:00:00  -  Run Local Usage
		Usr 0 00:34:49, Sys 0 00:00:02  -  Total Remote Usage
		Usr 0 00:00:00, Sys 0 00:00:00  -  Total Local Usage
	36267  -  Run Bytes Sent By Job
	21436  -  Run Bytes Received By Job
	36267  -  Total Bytes Sent By Job
	21436  -  Total Bytes Received By Job
	Partitionable Resources :    Usage  Request Allocated 
	   Cpus                 :     0.99        1         1 
	   Disk (KB)            :    84          22      3802 
	   GPUs                 :                           0 
	   Memory (MB)          :   205        3000      3000 
	   TimeExecute (s)      :  2175                       
	   TimeSlotBusy (s)     :  2179                       

	Job terminated of its own accord at 2026-01-06T10:35:14Z with exit-code 0.
...
