000 (9018140.099.000) 01/06 10:56:21 Job submitted from host: <188.185.6.50:9618?addrs=188.185.6.50-9618+[2001-1458-d00-62--100-2b1]-9618&alias=bigbird25.cern.ch&noUDP&sock=schedd_1627_90ad>
...
040 (9018140.099.000) 01/06 10:58:58 Started transferring input files
	Transferring to host: <188.185.214.67:9618?addrs=188.185.214.67-9618+[2001-1458-303-1c--100-3f]-9618&alias=b9p29p3424.cern.ch&noUDP&sock=slot1_41_5704_bbe1_115466>
...
040 (9018140.099.000) 01/06 10:58:58 Finished transferring input files
...
001 (9018140.099.000) 01/06 10:58:59 Job executing on host: <188.185.214.67:9618?addrs=188.185.214.67-9618+[2001-1458-303-1c--100-3f]-9618&alias=b9p29p3424.cern.ch&noUDP&sock=startd_4965_27cf>
	SlotName: slot1_41@b9p29p3424.cern.ch
	CondorScratchDir = "/pool/condor/dir_3991496"
	Cpus = 1
	Disk = 3776
	GPUs = 0
	Memory = 3000
...
006 (9018140.099.000) 01/06 10:59:13 Image size of job updated: 94572
	93  -  MemoryUsage of job (MB)
	94572  -  ResidentSetSize of job (KB)
...
006 (9018140.099.000) 01/06 11:04:14 Image size of job updated: 207296
	203  -  MemoryUsage of job (MB)
	207296  -  ResidentSetSize of job (KB)
...
006 (9018140.099.000) 01/06 11:09:14 Image size of job updated: 207408
	203  -  MemoryUsage of job (MB)
	207408  -  ResidentSetSize of job (KB)
...
006 (9018140.099.000) 01/06 11:14:14 Image size of job updated: 207532
	203  -  MemoryUsage of job (MB)
	207532  -  ResidentSetSize of job (KB)
...
006 (9018140.099.000) 01/06 11:19:15 Image size of job updated: 207576
	203  -  MemoryUsage of job (MB)
	207576  -  ResidentSetSize of job (KB)
...
006 (9018140.099.000) 01/06 11:20:44 Image size of job updated: 207580
	203  -  MemoryUsage of job (MB)
	207576  -  ResidentSetSize of job (KB)
...
040 (9018140.099.000) 01/06 11:20:44 Started transferring output files
...
040 (9018140.099.000) 01/06 11:20:44 Finished transferring output files
...
005 (9018140.099.000) 01/06 11:20:44 Job terminated.
	(1) Normal termination (return value 0)
		Usr 0 00:20:22, Sys 0 00:00:02  -  Run Remote Usage
		Usr 0 00:00:00, Sys 0 00:00:00  -  Run Local Usage
		Usr 0 00:20:22, Sys 0 00:00:02  -  Total Remote Usage
		Usr 0 00:00:00, Sys 0 00:00:00  -  Total Local Usage
	34385  -  Run Bytes Sent By Job
	21436  -  Run Bytes Received By Job
	34385  -  Total Bytes Sent By Job
	21436  -  Total Bytes Received By Job
	Partitionable Resources :    Usage  Request Allocated 
	   Cpus                 :     0.99        1         1 
	   Disk (KB)            :    82          22      3776 
	   GPUs                 :                           0 
	   Memory (MB)          :   203        3000      3000 
	   TimeExecute (s)      :  1305                       
	   TimeSlotBusy (s)     :  1307                       

	Job terminated of its own accord at 2026-01-06T10:20:44Z with exit-code 0.
...
