i am in this directory
/pool/condor/dir_2037632
Python 3.9.23
3.9.23
 will run this python stop_check_met_eff.py /eos/user/m/mleoncoe/stop_event_check/privateNanoAod2018/nanoAOD_497.root /afs/cern.ch/work/m/mleoncoe/private/stop_met_check/outputs_2018/nanoAOD_497.json
event num1000
event num2000
event num3000
event num4000
event num5000
event num6000
event num7000
event num8000
event num9000
event num10000
event num11000
event num12000
event num13000
event num14000
event num15000
event num16000
event num17000
event num18000
event num19000
event num20000
event num21000
event num22000
event num23000
event num24000
event num25000
event num26000
event num27000
event num28000
event num29000
event num30000
event num31000
event num32000
event num33000
event num34000
event num35000
event num36000
event num37000
event num38000
event num39000
event num40000
event num41000
event num42000
event num43000
event num44000
event num45000
event num46000
event num47000
event num48000
event num49000
event num50000
event num51000
event num52000
event num53000
event num54000
event num55000
event num56000
event num57000
event num58000
event num59000
event num60000
event num61000
event num62000
event num63000
event num64000
event num65000
event num66000
event num67000
event num68000
event num69000
event num70000
event num71000
event num72000
event num73000
event num74000
event num75000
event num76000
event num77000
event num78000
event num79000
event num80000
event num81000
event num82000
event num83000
event num84000
event num85000
event num86000
event num87000
event num88000
event num89000
event num90000
event num91000
event num92000
event num93000
event num94000
event num95000
event num96000
event num97000
event num98000
event num99000
event num100000
event num101000
event num102000
event num103000
event num104000
event num105000
event num106000
event num107000
event num108000
event num109000
event num110000
event num111000
event num112000
event num113000
event num114000
event num115000
event num116000
event num117000
event num118000
event num119000
event num120000
event num121000
event num122000
event num123000
event num124000
event num125000
event num126000
event num127000
event num128000
event num129000
event num130000
event num131000
event num132000
event num133000
event num134000
event num135000
event num136000
event num137000
event num138000
event num139000
event num140000
event num141000
event num142000
event num143000
event num144000
event num145000
event num146000
event num147000
event num148000
event num149000
event num150000
event num151000
event num152000
event num153000
event num154000
event num155000
event num156000
event num157000
event num158000
{'250_240': [734.0, 2082.0], '250_240_passing_MET': [0.0, 0.0], '250_240_failing_MET': [0.0, 0.0], '250_240_min_MET_pt': [10000000.0, 10000000.0], '250_235': [0.0, 697.0], '250_235_passing_MET': [0.0, 662.0], '250_235_failing_MET': [0.0, 35.0], '250_235_min_MET_pt': [10000000.0, 41.644126892089844], '250_230': [736.0, 692.0], '250_230_passing_MET': [0.0, 0.0], '250_230_failing_MET': [0.0, 0.0], '250_230_min_MET_pt': [10000000.0, 10000000.0], '250_225': [779.0, 721.0], '250_225_passing_MET': [0.0, 0.0], '250_225_failing_MET': [0.0, 0.0], '250_225_min_MET_pt': [10000000.0, 10000000.0], '250_220': [763.0, 0.0], '250_220_passing_MET': [716.0, 0.0], '250_220_failing_MET': [47.0, 0.0], '250_220_min_MET_pt': [20.21376609802246, 10000000.0], '275_265': [726.0, 733.0], '275_265_passing_MET': [0.0, 0.0], '275_265_failing_MET': [0.0, 0.0], '275_265_min_MET_pt': [10000000.0, 10000000.0], '275_260': [745.0, 0.0], '275_260_passing_MET': [710.0, 0.0], '275_260_failing_MET': [35.0, 0.0], '275_260_min_MET_pt': [24.335025787353516, 10000000.0], '275_255': [0.0, 0.0], '275_255_passing_MET': [0.0, 0.0], '275_255_failing_MET': [0.0, 0.0], '275_255_min_MET_pt': [10000000.0, 10000000.0], '275_250': [0.0, 781.0], '275_250_passing_MET': [0.0, 732.0], '275_250_failing_MET': [0.0, 49.0], '275_250_min_MET_pt': [10000000.0, 22.507566452026367], '275_245': [0.0, 0.0], '275_245_passing_MET': [0.0, 0.0], '275_245_failing_MET': [0.0, 0.0], '275_245_min_MET_pt': [10000000.0, 10000000.0], '300_290': [717.0, 806.0], '300_290_passing_MET': [0.0, 0.0], '300_290_failing_MET': [0.0, 0.0], '300_290_min_MET_pt': [10000000.0, 10000000.0], '300_285': [755.0, 0.0], '300_285_passing_MET': [730.0, 0.0], '300_285_failing_MET': [25.0, 0.0], '300_285_min_MET_pt': [30.633607864379883, 10000000.0], '300_280': [1594.0, 0.0], '300_280_passing_MET': [1514.0, 0.0], '300_280_failing_MET': [80.0, 0.0], '300_280_min_MET_pt': [35.7587776184082, 10000000.0], '300_275': [0.0, 800.0], '300_275_passing_MET': [0.0, 768.0], '300_275_failing_MET': [0.0, 32.0], '300_275_min_MET_pt': [10000000.0, 16.334850311279297], '300_270': [1751.0, 0.0], '300_270_passing_MET': [1673.0, 0.0], '300_270_failing_MET': [78.0, 0.0], '300_270_min_MET_pt': [37.22197341918945, 10000000.0], '325_315': [0.0, 0.0], '325_315_passing_MET': [0.0, 0.0], '325_315_failing_MET': [0.0, 0.0], '325_315_min_MET_pt': [10000000.0, 10000000.0], '325_310': [1584.0, 0.0], '325_310_passing_MET': [1537.0, 0.0], '325_310_failing_MET': [47.0, 0.0], '325_310_min_MET_pt': [22.605607986450195, 10000000.0], '325_305': [0.0, 0.0], '325_305_passing_MET': [0.0, 0.0], '325_305_failing_MET': [0.0, 0.0], '325_305_min_MET_pt': [10000000.0, 10000000.0], '325_300': [0.0, 0.0], '325_300_passing_MET': [0.0, 0.0], '325_300_failing_MET': [0.0, 0.0], '325_300_min_MET_pt': [10000000.0, 10000000.0], '325_295': [0.0, 0.0], '325_295_passing_MET': [0.0, 0.0], '325_295_failing_MET': [0.0, 0.0], '325_295_min_MET_pt': [10000000.0, 10000000.0], '350_340': [818.0, 0.0], '350_340_passing_MET': [798.0, 0.0], '350_340_failing_MET': [20.0, 0.0], '350_340_min_MET_pt': [43.396759033203125, 10000000.0], '350_335': [0.0, 804.0], '350_335_passing_MET': [0.0, 780.0], '350_335_failing_MET': [0.0, 24.0], '350_335_min_MET_pt': [10000000.0, 47.14284896850586], '350_330': [857.0, 0.0], '350_330_passing_MET': [832.0, 0.0], '350_330_failing_MET': [25.0, 0.0], '350_330_min_MET_pt': [31.68722152709961, 10000000.0], '350_325': [0.0, 1814.0], '350_325_passing_MET': [0.0, 1748.0], '350_325_failing_MET': [0.0, 66.0], '350_325_min_MET_pt': [10000000.0, 24.863380432128906], '350_320': [0.0, 867.0], '350_320_passing_MET': [0.0, 824.0], '350_320_failing_MET': [0.0, 43.0], '350_320_min_MET_pt': [10000000.0, 16.258947372436523], '375_365': [819.0, 1739.0], '375_365_passing_MET': [0.0, 0.0], '375_365_failing_MET': [0.0, 0.0], '375_365_min_MET_pt': [10000000.0, 10000000.0], '375_360': [860.0, 1766.0], '375_360_passing_MET': [0.0, 0.0], '375_360_failing_MET': [0.0, 0.0], '375_360_min_MET_pt': [10000000.0, 10000000.0], '375_355': [0.0, 0.0], '375_355_passing_MET': [0.0, 0.0], '375_355_failing_MET': [0.0, 0.0], '375_355_min_MET_pt': [10000000.0, 10000000.0], '375_350': [0.0, 0.0], '375_350_passing_MET': [0.0, 0.0], '375_350_failing_MET': [0.0, 0.0], '375_350_min_MET_pt': [10000000.0, 10000000.0], '375_345': [968.0, 940.0], '375_345_passing_MET': [0.0, 0.0], '375_345_failing_MET': [0.0, 0.0], '375_345_min_MET_pt': [10000000.0, 10000000.0], '400_390': [858.0, 0.0], '400_390_passing_MET': [838.0, 0.0], '400_390_failing_MET': [20.0, 0.0], '400_390_min_MET_pt': [41.92334747314453, 10000000.0], '400_385': [0.0, 0.0], '400_385_passing_MET': [0.0, 0.0], '400_385_failing_MET': [0.0, 0.0], '400_385_min_MET_pt': [10000000.0, 10000000.0], '400_380': [0.0, 974.0], '400_380_passing_MET': [0.0, 930.0], '400_380_failing_MET': [0.0, 44.0], '400_380_min_MET_pt': [10000000.0, 10.301775932312012], '400_375': [0.0, 892.0], '400_375_passing_MET': [0.0, 851.0], '400_375_failing_MET': [0.0, 41.0], '400_375_min_MET_pt': [10000000.0, 31.48126792907715], '400_370': [0.0, 942.0], '400_370_passing_MET': [0.0, 899.0], '400_370_failing_MET': [0.0, 43.0], '400_370_min_MET_pt': [10000000.0, 14.818228721618652], '425_415': [0.0, 1858.0], '425_415_passing_MET': [0.0, 1793.0], '425_415_failing_MET': [0.0, 65.0], '425_415_min_MET_pt': [10000000.0, 46.21162796020508], '425_410': [0.0, 0.0], '425_410_passing_MET': [0.0, 0.0], '425_410_failing_MET': [0.0, 0.0], '425_410_min_MET_pt': [10000000.0, 10000000.0], '425_405': [0.0, 0.0], '425_405_passing_MET': [0.0, 0.0], '425_405_failing_MET': [0.0, 0.0], '425_405_min_MET_pt': [10000000.0, 10000000.0], '425_400': [972.0, 0.0], '425_400_passing_MET': [931.0, 0.0], '425_400_failing_MET': [41.0, 0.0], '425_400_min_MET_pt': [26.659847259521484, 10000000.0], '425_395': [0.0, 0.0], '425_395_passing_MET': [0.0, 0.0], '425_395_failing_MET': [0.0, 0.0], '425_395_min_MET_pt': [10000000.0, 10000000.0], '450_440': [0.0, 1830.0], '450_440_passing_MET': [0.0, 1779.0], '450_440_failing_MET': [0.0, 51.0], '450_440_min_MET_pt': [10000000.0, 6.6616740226745605], '450_435': [0.0, 1880.0], '450_435_passing_MET': [0.0, 1822.0], '450_435_failing_MET': [0.0, 58.0], '450_435_min_MET_pt': [10000000.0, 22.758821487426758], '450_430': [931.0, 0.0], '450_430_passing_MET': [896.0, 0.0], '450_430_failing_MET': [35.0, 0.0], '450_430_min_MET_pt': [15.673609733581543, 10000000.0], '450_425': [999.0, 0.0], '450_425_passing_MET': [974.0, 0.0], '450_425_failing_MET': [25.0, 0.0], '450_425_min_MET_pt': [30.358400344848633, 10000000.0], '450_420': [0.0, 0.0], '450_420_passing_MET': [0.0, 0.0], '450_420_failing_MET': [0.0, 0.0], '450_420_min_MET_pt': [10000000.0, 10000000.0], '475_465': [1904.0, 921.0], '475_465_passing_MET': [0.0, 0.0], '475_465_failing_MET': [0.0, 0.0], '475_465_min_MET_pt': [10000000.0, 10000000.0], '475_460': [0.0, 908.0], '475_460_passing_MET': [0.0, 881.0], '475_460_failing_MET': [0.0, 27.0], '475_460_min_MET_pt': [10000000.0, 5.333423137664795], '475_455': [0.0, 0.0], '475_455_passing_MET': [0.0, 0.0], '475_455_failing_MET': [0.0, 0.0], '475_455_min_MET_pt': [10000000.0, 10000000.0], '475_450': [0.0, 969.0], '475_450_passing_MET': [0.0, 937.0], '475_450_failing_MET': [0.0, 32.0], '475_450_min_MET_pt': [10000000.0, 2.377159357070923], '475_445': [0.0, 0.0], '475_445_passing_MET': [0.0, 0.0], '475_445_failing_MET': [0.0, 0.0], '475_445_min_MET_pt': [10000000.0, 10000000.0], '500_490': [4688.0, 1018.0], '500_490_passing_MET': [0.0, 0.0], '500_490_failing_MET': [0.0, 0.0], '500_490_min_MET_pt': [10000000.0, 10000000.0], '500_485': [0.0, 0.0], '500_485_passing_MET': [0.0, 0.0], '500_485_failing_MET': [0.0, 0.0], '500_485_min_MET_pt': [10000000.0, 10000000.0], '500_480': [960.0, 1934.0], '500_480_passing_MET': [0.0, 0.0], '500_480_failing_MET': [0.0, 0.0], '500_480_min_MET_pt': [10000000.0, 10000000.0], '500_475': [0.0, 976.0], '500_475_passing_MET': [0.0, 946.0], '500_475_failing_MET': [0.0, 30.0], '500_475_min_MET_pt': [10000000.0, 34.94388961791992], '500_470': [1010.0, 0.0], '500_470_passing_MET': [982.0, 0.0], '500_470_failing_MET': [28.0, 0.0], '500_470_min_MET_pt': [33.25755310058594, 10000000.0], '525_515': [0.0, 0.0], '525_515_passing_MET': [0.0, 0.0], '525_515_failing_MET': [0.0, 0.0], '525_515_min_MET_pt': [10000000.0, 10000000.0], '525_510': [0.0, 0.0], '525_510_passing_MET': [0.0, 0.0], '525_510_failing_MET': [0.0, 0.0], '525_510_min_MET_pt': [10000000.0, 10000000.0], '525_505': [0.0, 0.0], '525_505_passing_MET': [0.0, 0.0], '525_505_failing_MET': [0.0, 0.0], '525_505_min_MET_pt': [10000000.0, 10000000.0], '525_500': [0.0, 0.0], '525_500_passing_MET': [0.0, 0.0], '525_500_failing_MET': [0.0, 0.0], '525_500_min_MET_pt': [10000000.0, 10000000.0], '525_495': [0.0, 0.0], '525_495_passing_MET': [0.0, 0.0], '525_495_failing_MET': [0.0, 0.0], '525_495_min_MET_pt': [10000000.0, 10000000.0], '550_540': [2877.0, 0.0], '550_540_passing_MET': [2800.0, 0.0], '550_540_failing_MET': [77.0, 0.0], '550_540_min_MET_pt': [34.54450607299805, 10000000.0], '550_535': [0.0, 0.0], '550_535_passing_MET': [0.0, 0.0], '550_535_failing_MET': [0.0, 0.0], '550_535_min_MET_pt': [10000000.0, 10000000.0], '550_530': [1011.0, 0.0], '550_530_passing_MET': [987.0, 0.0], '550_530_failing_MET': [24.0, 0.0], '550_530_min_MET_pt': [40.7114143371582, 10000000.0], '550_525': [0.0, 0.0], '550_525_passing_MET': [0.0, 0.0], '550_525_failing_MET': [0.0, 0.0], '550_525_min_MET_pt': [10000000.0, 10000000.0], '550_520': [1032.0, 0.0], '550_520_passing_MET': [996.0, 0.0], '550_520_failing_MET': [36.0, 0.0], '550_520_min_MET_pt': [40.589210510253906, 10000000.0], '575_565': [0.0, 0.0], '575_565_passing_MET': [0.0, 0.0], '575_565_failing_MET': [0.0, 0.0], '575_565_min_MET_pt': [10000000.0, 10000000.0], '575_560': [0.0, 0.0], '575_560_passing_MET': [0.0, 0.0], '575_560_failing_MET': [0.0, 0.0], '575_560_min_MET_pt': [10000000.0, 10000000.0], '575_555': [0.0, 0.0], '575_555_passing_MET': [0.0, 0.0], '575_555_failing_MET': [0.0, 0.0], '575_555_min_MET_pt': [10000000.0, 10000000.0], '575_550': [0.0, 0.0], '575_550_passing_MET': [0.0, 0.0], '575_550_failing_MET': [0.0, 0.0], '575_550_min_MET_pt': [10000000.0, 10000000.0], '575_545': [0.0, 0.0], '575_545_passing_MET': [0.0, 0.0], '575_545_failing_MET': [0.0, 0.0], '575_545_min_MET_pt': [10000000.0, 10000000.0], '600_590': [1003.0, 998.0], '600_590_passing_MET': [0.0, 0.0], '600_590_failing_MET': [0.0, 0.0], '600_590_min_MET_pt': [10000000.0, 10000000.0], '600_585': [0.0, 0.0], '600_585_passing_MET': [0.0, 0.0], '600_585_failing_MET': [0.0, 0.0], '600_585_min_MET_pt': [10000000.0, 10000000.0], '600_580': [0.0, 0.0], '600_580_passing_MET': [0.0, 0.0], '600_580_failing_MET': [0.0, 0.0], '600_580_min_MET_pt': [10000000.0, 10000000.0], '600_575': [0.0, 0.0], '600_575_passing_MET': [0.0, 0.0], '600_575_failing_MET': [0.0, 0.0], '600_575_min_MET_pt': [10000000.0, 10000000.0], '600_570': [0.0, 0.0], '600_570_passing_MET': [0.0, 0.0], '600_570_failing_MET': [0.0, 0.0], '600_570_min_MET_pt': [10000000.0, 10000000.0], '625_615': [0.0, 0.0], '625_615_passing_MET': [0.0, 0.0], '625_615_failing_MET': [0.0, 0.0], '625_615_min_MET_pt': [10000000.0, 10000000.0], '625_610': [0.0, 0.0], '625_610_passing_MET': [0.0, 0.0], '625_610_failing_MET': [0.0, 0.0], '625_610_min_MET_pt': [10000000.0, 10000000.0], '625_605': [0.0, 0.0], '625_605_passing_MET': [0.0, 0.0], '625_605_failing_MET': [0.0, 0.0], '625_605_min_MET_pt': [10000000.0, 10000000.0], '625_600': [0.0, 0.0], '625_600_passing_MET': [0.0, 0.0], '625_600_failing_MET': [0.0, 0.0], '625_600_min_MET_pt': [10000000.0, 10000000.0], '625_595': [0.0, 0.0], '625_595_passing_MET': [0.0, 0.0], '625_595_failing_MET': [0.0, 0.0], '625_595_min_MET_pt': [10000000.0, 10000000.0], '650_640': [0.0, 1988.0], '650_640_passing_MET': [0.0, 1940.0], '650_640_failing_MET': [0.0, 48.0], '650_640_min_MET_pt': [10000000.0, 12.182616233825684], '650_635': [918.0, 937.0], '650_635_passing_MET': [0.0, 0.0], '650_635_failing_MET': [0.0, 0.0], '650_635_min_MET_pt': [10000000.0, 10000000.0], '650_630': [1045.0, 0.0], '650_630_passing_MET': [1015.0, 0.0], '650_630_failing_MET': [30.0, 0.0], '650_630_min_MET_pt': [22.938047409057617, 10000000.0], '650_625': [921.0, 0.0], '650_625_passing_MET': [894.0, 0.0], '650_625_failing_MET': [27.0, 0.0], '650_625_min_MET_pt': [28.81697654724121, 10000000.0], '650_620': [0.0, 0.0], '650_620_passing_MET': [0.0, 0.0], '650_620_failing_MET': [0.0, 0.0], '650_620_min_MET_pt': [10000000.0, 10000000.0], '675_665': [0.0, 0.0], '675_665_passing_MET': [0.0, 0.0], '675_665_failing_MET': [0.0, 0.0], '675_665_min_MET_pt': [10000000.0, 10000000.0], '675_660': [0.0, 0.0], '675_660_passing_MET': [0.0, 0.0], '675_660_failing_MET': [0.0, 0.0], '675_660_min_MET_pt': [10000000.0, 10000000.0], '675_655': [0.0, 0.0], '675_655_passing_MET': [0.0, 0.0], '675_655_failing_MET': [0.0, 0.0], '675_655_min_MET_pt': [10000000.0, 10000000.0], '675_650': [0.0, 0.0], '675_650_passing_MET': [0.0, 0.0], '675_650_failing_MET': [0.0, 0.0], '675_650_min_MET_pt': [10000000.0, 10000000.0], '675_645': [0.0, 0.0], '675_645_passing_MET': [0.0, 0.0], '675_645_failing_MET': [0.0, 0.0], '675_645_min_MET_pt': [10000000.0, 10000000.0], '700_690': [2123.0, 1025.0], '700_690_passing_MET': [0.0, 0.0], '700_690_failing_MET': [0.0, 0.0], '700_690_min_MET_pt': [10000000.0, 10000000.0], '700_685': [0.0, 0.0], '700_685_passing_MET': [0.0, 0.0], '700_685_failing_MET': [0.0, 0.0], '700_685_min_MET_pt': [10000000.0, 10000000.0], '700_680': [0.0, 0.0], '700_680_passing_MET': [0.0, 0.0], '700_680_failing_MET': [0.0, 0.0], '700_680_min_MET_pt': [10000000.0, 10000000.0], '700_675': [933.0, 2799.0], '700_675_passing_MET': [0.0, 0.0], '700_675_failing_MET': [0.0, 0.0], '700_675_min_MET_pt': [10000000.0, 10000000.0], '700_670': [0.0, 0.0], '700_670_passing_MET': [0.0, 0.0], '700_670_failing_MET': [0.0, 0.0], '700_670_min_MET_pt': [10000000.0, 10000000.0], '725_715': [0.0, 0.0], '725_715_passing_MET': [0.0, 0.0], '725_715_failing_MET': [0.0, 0.0], '725_715_min_MET_pt': [10000000.0, 10000000.0], '725_710': [0.0, 0.0], '725_710_passing_MET': [0.0, 0.0], '725_710_failing_MET': [0.0, 0.0], '725_710_min_MET_pt': [10000000.0, 10000000.0], '725_705': [0.0, 0.0], '725_705_passing_MET': [0.0, 0.0], '725_705_failing_MET': [0.0, 0.0], '725_705_min_MET_pt': [10000000.0, 10000000.0], '725_700': [0.0, 0.0], '725_700_passing_MET': [0.0, 0.0], '725_700_failing_MET': [0.0, 0.0], '725_700_min_MET_pt': [10000000.0, 10000000.0], '725_695': [0.0, 0.0], '725_695_passing_MET': [0.0, 0.0], '725_695_failing_MET': [0.0, 0.0], '725_695_min_MET_pt': [10000000.0, 10000000.0], '750_740': [0.0, 1031.0], '750_740_passing_MET': [0.0, 998.0], '750_740_failing_MET': [0.0, 33.0], '750_740_min_MET_pt': [10000000.0, 32.14792251586914], '750_735': [922.0, 0.0], '750_735_passing_MET': [892.0, 0.0], '750_735_failing_MET': [30.0, 0.0], '750_735_min_MET_pt': [59.90413284301758, 10000000.0], '750_730': [0.0, 0.0], '750_730_passing_MET': [0.0, 0.0], '750_730_failing_MET': [0.0, 0.0], '750_730_min_MET_pt': [10000000.0, 10000000.0], '750_725': [946.0, 0.0], '750_725_passing_MET': [916.0, 0.0], '750_725_failing_MET': [30.0, 0.0], '750_725_min_MET_pt': [37.478179931640625, 10000000.0], '750_720': [0.0, 1089.0], '750_720_passing_MET': [0.0, 1055.0], '750_720_failing_MET': [0.0, 34.0], '750_720_min_MET_pt': [10000000.0, 45.35171127319336], '775_765': [0.0, 0.0], '775_765_passing_MET': [0.0, 0.0], '775_765_failing_MET': [0.0, 0.0], '775_765_min_MET_pt': [10000000.0, 10000000.0], '775_760': [0.0, 0.0], '775_760_passing_MET': [0.0, 0.0], '775_760_failing_MET': [0.0, 0.0], '775_760_min_MET_pt': [10000000.0, 10000000.0], '775_755': [0.0, 0.0], '775_755_passing_MET': [0.0, 0.0], '775_755_failing_MET': [0.0, 0.0], '775_755_min_MET_pt': [10000000.0, 10000000.0], '775_750': [0.0, 0.0], '775_750_passing_MET': [0.0, 0.0], '775_750_failing_MET': [0.0, 0.0], '775_750_min_MET_pt': [10000000.0, 10000000.0], '775_745': [0.0, 0.0], '775_745_passing_MET': [0.0, 0.0], '775_745_failing_MET': [0.0, 0.0], '775_745_min_MET_pt': [10000000.0, 10000000.0], '800_790': [1116.0, 2195.0], '800_790_passing_MET': [0.0, 0.0], '800_790_failing_MET': [0.0, 0.0], '800_790_min_MET_pt': [10000000.0, 10000000.0], '800_785': [0.0, 0.0], '800_785_passing_MET': [0.0, 0.0], '800_785_failing_MET': [0.0, 0.0], '800_785_min_MET_pt': [10000000.0, 10000000.0], '800_780': [0.0, 0.0], '800_780_passing_MET': [0.0, 0.0], '800_780_failing_MET': [0.0, 0.0], '800_780_min_MET_pt': [10000000.0, 10000000.0], '800_775': [957.0, 0.0], '800_775_passing_MET': [924.0, 0.0], '800_775_failing_MET': [33.0, 0.0], '800_775_min_MET_pt': [36.61705017089844, 10000000.0], '800_770': [1177.0, 0.0], '800_770_passing_MET': [1143.0, 0.0], '800_770_failing_MET': [34.0, 0.0], '800_770_min_MET_pt': [14.825150489807129, 10000000.0], '825_815': [0.0, 0.0], '825_815_passing_MET': [0.0, 0.0], '825_815_failing_MET': [0.0, 0.0], '825_815_min_MET_pt': [10000000.0, 10000000.0], '825_810': [0.0, 0.0], '825_810_passing_MET': [0.0, 0.0], '825_810_failing_MET': [0.0, 0.0], '825_810_min_MET_pt': [10000000.0, 10000000.0], '825_805': [0.0, 0.0], '825_805_passing_MET': [0.0, 0.0], '825_805_failing_MET': [0.0, 0.0], '825_805_min_MET_pt': [10000000.0, 10000000.0], '825_800': [0.0, 0.0], '825_800_passing_MET': [0.0, 0.0], '825_800_failing_MET': [0.0, 0.0], '825_800_min_MET_pt': [10000000.0, 10000000.0], '825_795': [0.0, 0.0], '825_795_passing_MET': [0.0, 0.0], '825_795_failing_MET': [0.0, 0.0], '825_795_min_MET_pt': [10000000.0, 10000000.0], '850_840': [1068.0, 1050.0], '850_840_passing_MET': [0.0, 0.0], '850_840_failing_MET': [0.0, 0.0], '850_840_min_MET_pt': [10000000.0, 10000000.0], '850_835': [0.0, 997.0], '850_835_passing_MET': [0.0, 966.0], '850_835_failing_MET': [0.0, 31.0], '850_835_min_MET_pt': [10000000.0, 18.369853973388672], '850_830': [0.0, 0.0], '850_830_passing_MET': [0.0, 0.0], '850_830_failing_MET': [0.0, 0.0], '850_830_min_MET_pt': [10000000.0, 10000000.0], '850_825': [0.0, 963.0], '850_825_passing_MET': [0.0, 934.0], '850_825_failing_MET': [0.0, 29.0], '850_825_min_MET_pt': [10000000.0, 39.21674346923828], '850_820': [0.0, 0.0], '850_820_passing_MET': [0.0, 0.0], '850_820_failing_MET': [0.0, 0.0], '850_820_min_MET_pt': [10000000.0, 10000000.0], '875_865': [0.0, 0.0], '875_865_passing_MET': [0.0, 0.0], '875_865_failing_MET': [0.0, 0.0], '875_865_min_MET_pt': [10000000.0, 10000000.0], '875_860': [0.0, 0.0], '875_860_passing_MET': [0.0, 0.0], '875_860_failing_MET': [0.0, 0.0], '875_860_min_MET_pt': [10000000.0, 10000000.0], '875_855': [0.0, 0.0], '875_855_passing_MET': [0.0, 0.0], '875_855_failing_MET': [0.0, 0.0], '875_855_min_MET_pt': [10000000.0, 10000000.0], '875_850': [0.0, 0.0], '875_850_passing_MET': [0.0, 0.0], '875_850_failing_MET': [0.0, 0.0], '875_850_min_MET_pt': [10000000.0, 10000000.0], '875_845': [0.0, 0.0], '875_845_passing_MET': [0.0, 0.0], '875_845_failing_MET': [0.0, 0.0], '875_845_min_MET_pt': [10000000.0, 10000000.0], '900_890': [0.0, 2195.0], '900_890_passing_MET': [0.0, 2136.0], '900_890_failing_MET': [0.0, 59.0], '900_890_min_MET_pt': [10000000.0, 16.750102996826172], '900_885': [0.0, 0.0], '900_885_passing_MET': [0.0, 0.0], '900_885_failing_MET': [0.0, 0.0], '900_885_min_MET_pt': [10000000.0, 10000000.0], '900_880': [1178.0, 0.0], '900_880_passing_MET': [1144.0, 0.0], '900_880_failing_MET': [34.0, 0.0], '900_880_min_MET_pt': [24.47400665283203, 10000000.0], '900_875': [0.0, 888.0], '900_875_passing_MET': [0.0, 860.0], '900_875_failing_MET': [0.0, 28.0], '900_875_min_MET_pt': [10000000.0, 33.460670471191406], '900_870': [0.0, 1134.0], '900_870_passing_MET': [0.0, 1106.0], '900_870_failing_MET': [0.0, 28.0], '900_870_min_MET_pt': [10000000.0, 27.620529174804688], '925_915': [0.0, 0.0], '925_915_passing_MET': [0.0, 0.0], '925_915_failing_MET': [0.0, 0.0], '925_915_min_MET_pt': [10000000.0, 10000000.0], '925_910': [0.0, 0.0], '925_910_passing_MET': [0.0, 0.0], '925_910_failing_MET': [0.0, 0.0], '925_910_min_MET_pt': [10000000.0, 10000000.0], '925_905': [0.0, 0.0], '925_905_passing_MET': [0.0, 0.0], '925_905_failing_MET': [0.0, 0.0], '925_905_min_MET_pt': [10000000.0, 10000000.0], '925_900': [0.0, 0.0], '925_900_passing_MET': [0.0, 0.0], '925_900_failing_MET': [0.0, 0.0], '925_900_min_MET_pt': [10000000.0, 10000000.0], '925_895': [0.0, 0.0], '925_895_passing_MET': [0.0, 0.0], '925_895_failing_MET': [0.0, 0.0], '925_895_min_MET_pt': [10000000.0, 10000000.0], '950_940': [2215.0, 1086.0], '950_940_passing_MET': [0.0, 0.0], '950_940_failing_MET': [0.0, 0.0], '950_940_min_MET_pt': [10000000.0, 10000000.0], '950_935': [1005.0, 977.0], '950_935_passing_MET': [0.0, 0.0], '950_935_failing_MET': [0.0, 0.0], '950_935_min_MET_pt': [10000000.0, 10000000.0], '950_930': [0.0, 0.0], '950_930_passing_MET': [0.0, 0.0], '950_930_failing_MET': [0.0, 0.0], '950_930_min_MET_pt': [10000000.0, 10000000.0], '950_925': [0.0, 0.0], '950_925_passing_MET': [0.0, 0.0], '950_925_failing_MET': [0.0, 0.0], '950_925_min_MET_pt': [10000000.0, 10000000.0], '950_920': [0.0, 0.0], '950_920_passing_MET': [0.0, 0.0], '950_920_failing_MET': [0.0, 0.0], '950_920_min_MET_pt': [10000000.0, 10000000.0], '975_965': [0.0, 0.0], '975_965_passing_MET': [0.0, 0.0], '975_965_failing_MET': [0.0, 0.0], '975_965_min_MET_pt': [10000000.0, 10000000.0], '975_960': [0.0, 0.0], '975_960_passing_MET': [0.0, 0.0], '975_960_failing_MET': [0.0, 0.0], '975_960_min_MET_pt': [10000000.0, 10000000.0], '975_955': [0.0, 0.0], '975_955_passing_MET': [0.0, 0.0], '975_955_failing_MET': [0.0, 0.0], '975_955_min_MET_pt': [10000000.0, 10000000.0], '975_950': [0.0, 0.0], '975_950_passing_MET': [0.0, 0.0], '975_950_failing_MET': [0.0, 0.0], '975_950_min_MET_pt': [10000000.0, 10000000.0], '975_945': [0.0, 0.0], '975_945_passing_MET': [0.0, 0.0], '975_945_failing_MET': [0.0, 0.0], '975_945_min_MET_pt': [10000000.0, 10000000.0], '1000_990': [0.0, 0.0], '1000_990_passing_MET': [0.0, 0.0], '1000_990_failing_MET': [0.0, 0.0], '1000_990_min_MET_pt': [10000000.0, 10000000.0], '1000_985': [0.0, 0.0], '1000_985_passing_MET': [0.0, 0.0], '1000_985_failing_MET': [0.0, 0.0], '1000_985_min_MET_pt': [10000000.0, 10000000.0], '1000_980': [0.0, 0.0], '1000_980_passing_MET': [0.0, 0.0], '1000_980_failing_MET': [0.0, 0.0], '1000_980_min_MET_pt': [10000000.0, 10000000.0], '1000_975': [0.0, 0.0], '1000_975_passing_MET': [0.0, 0.0], '1000_975_failing_MET': [0.0, 0.0], '1000_975_min_MET_pt': [10000000.0, 10000000.0], '1000_970': [0.0, 0.0], '1000_970_passing_MET': [0.0, 0.0], '1000_970_failing_MET': [0.0, 0.0], '1000_970_min_MET_pt': [10000000.0, 10000000.0], '1025_1015': [0.0, 0.0], '1025_1015_passing_MET': [0.0, 0.0], '1025_1015_failing_MET': [0.0, 0.0], '1025_1015_min_MET_pt': [10000000.0, 10000000.0], '1025_1010': [0.0, 0.0], '1025_1010_passing_MET': [0.0, 0.0], '1025_1010_failing_MET': [0.0, 0.0], '1025_1010_min_MET_pt': [10000000.0, 10000000.0], '1025_1005': [0.0, 0.0], '1025_1005_passing_MET': [0.0, 0.0], '1025_1005_failing_MET': [0.0, 0.0], '1025_1005_min_MET_pt': [10000000.0, 10000000.0], '1025_1000': [0.0, 0.0], '1025_1000_passing_MET': [0.0, 0.0], '1025_1000_failing_MET': [0.0, 0.0], '1025_1000_min_MET_pt': [10000000.0, 10000000.0], '1025_995': [0.0, 0.0], '1025_995_passing_MET': [0.0, 0.0], '1025_995_failing_MET': [0.0, 0.0], '1025_995_min_MET_pt': [10000000.0, 10000000.0], '1050_1040': [0.0, 0.0], '1050_1040_passing_MET': [0.0, 0.0], '1050_1040_failing_MET': [0.0, 0.0], '1050_1040_min_MET_pt': [10000000.0, 10000000.0], '1050_1035': [0.0, 0.0], '1050_1035_passing_MET': [0.0, 0.0], '1050_1035_failing_MET': [0.0, 0.0], '1050_1035_min_MET_pt': [10000000.0, 10000000.0], '1050_1030': [0.0, 0.0], '1050_1030_passing_MET': [0.0, 0.0], '1050_1030_failing_MET': [0.0, 0.0], '1050_1030_min_MET_pt': [10000000.0, 10000000.0], '1050_1025': [0.0, 0.0], '1050_1025_passing_MET': [0.0, 0.0], '1050_1025_failing_MET': [0.0, 0.0], '1050_1025_min_MET_pt': [10000000.0, 10000000.0], '1050_1020': [0.0, 0.0], '1050_1020_passing_MET': [0.0, 0.0], '1050_1020_failing_MET': [0.0, 0.0], '1050_1020_min_MET_pt': [10000000.0, 10000000.0], '1075_1065': [0.0, 0.0], '1075_1065_passing_MET': [0.0, 0.0], '1075_1065_failing_MET': [0.0, 0.0], '1075_1065_min_MET_pt': [10000000.0, 10000000.0], '1075_1060': [0.0, 0.0], '1075_1060_passing_MET': [0.0, 0.0], '1075_1060_failing_MET': [0.0, 0.0], '1075_1060_min_MET_pt': [10000000.0, 10000000.0], '1075_1055': [0.0, 0.0], '1075_1055_passing_MET': [0.0, 0.0], '1075_1055_failing_MET': [0.0, 0.0], '1075_1055_min_MET_pt': [10000000.0, 10000000.0], '1075_1050': [0.0, 0.0], '1075_1050_passing_MET': [0.0, 0.0], '1075_1050_failing_MET': [0.0, 0.0], '1075_1050_min_MET_pt': [10000000.0, 10000000.0], '1075_1045': [0.0, 0.0], '1075_1045_passing_MET': [0.0, 0.0], '1075_1045_failing_MET': [0.0, 0.0], '1075_1045_min_MET_pt': [10000000.0, 10000000.0], '1100_1090': [0.0, 1059.0], '1100_1090_passing_MET': [0.0, 1033.0], '1100_1090_failing_MET': [0.0, 26.0], '1100_1090_min_MET_pt': [10000000.0, 46.346248626708984], '1100_1085': [0.0, 0.0], '1100_1085_passing_MET': [0.0, 0.0], '1100_1085_failing_MET': [0.0, 0.0], '1100_1085_min_MET_pt': [10000000.0, 10000000.0], '1100_1080': [0.0, 0.0], '1100_1080_passing_MET': [0.0, 0.0], '1100_1080_failing_MET': [0.0, 0.0], '1100_1080_min_MET_pt': [10000000.0, 10000000.0], '1100_1075': [0.0, 0.0], '1100_1075_passing_MET': [0.0, 0.0], '1100_1075_failing_MET': [0.0, 0.0], '1100_1075_min_MET_pt': [10000000.0, 10000000.0], '1100_1070': [0.0, 0.0], '1100_1070_passing_MET': [0.0, 0.0], '1100_1070_failing_MET': [0.0, 0.0], '1100_1070_min_MET_pt': [10000000.0, 10000000.0], 'nEventsTotal': 158731.0, 'strange masspoints': 0.0, 'orphans': 0.0, 'R-hadron event': 0.0, 'different stop antistop masses': 0.0, 'strange error': 0.0, 'strange event': 0.0, 'different neutralino masses': 11954.0, 'large differences': 0.0, '850_836': [0.0, 144.0], '850_836_passing_MET': [0.0, 139.0], '850_836_failing_MET': [0.0, 5.0], '850_836_min_MET_pt': [10000000.0, 45.29039764404297], '700_676': [171.0, 508.0], '700_676_passing_MET': [163.0, 492.0], '700_676_failing_MET': [8.0, 16.0], '700_676_min_MET_pt': [50.034149169921875, 55.983482360839844], '976_950': [0.0, 1171.0], '976_950_passing_MET': [0.0, 1136.0], '976_950_failing_MET': [0.0, 35.0], '976_950_min_MET_pt': [10000000.0, 38.42765426635742], '726_705': [939.0, 2871.0], '726_705_passing_MET': [915.0, 2790.0], '726_705_failing_MET': [24.0, 81.0], '726_705_min_MET_pt': [52.8405647277832, 19.914648056030273], '726_706': [155.0, 444.0], '726_706_passing_MET': [149.0, 433.0], '726_706_failing_MET': [6.0, 11.0], '726_706_min_MET_pt': [39.32076644897461, 53.358070373535156], '1024_1005': [0.0, 976.0], '1024_1005_passing_MET': [0.0, 960.0], '1024_1005_failing_MET': [0.0, 16.0], '1024_1005_min_MET_pt': [10000000.0, 57.79482650756836], '1024_1006': [0.0, 155.0], '1024_1006_passing_MET': [0.0, 150.0], '1024_1006_failing_MET': [0.0, 5.0], '1024_1006_min_MET_pt': [10000000.0, 72.6396713256836], '676_665': [941.0, 2775.0], '676_665_passing_MET': [913.0, 2716.0], '676_665_failing_MET': [28.0, 59.0], '676_665_min_MET_pt': [35.325130462646484, 34.312255859375], '676_666': [100.0, 282.0], '676_666_passing_MET': [98.0, 277.0], '676_666_failing_MET': [2.0, 5.0], '676_666_min_MET_pt': [54.73179244995117, 28.149059295654297], '526_500': [1026.0, 1051.0], '526_500_passing_MET': [995.0, 1017.0], '526_500_failing_MET': [31.0, 34.0], '526_500_min_MET_pt': [37.08359909057617, 44.27263259887695], '626_600': [1034.0, 0.0], '626_600_passing_MET': [1010.0, 0.0], '626_600_failing_MET': [24.0, 0.0], '626_600_min_MET_pt': [29.155662536621094, 10000000.0], '676_645': [1873.0, 0.0], '676_645_passing_MET': [1815.0, 0.0], '676_645_failing_MET': [58.0, 0.0], '676_645_min_MET_pt': [12.940910339355469, 10000000.0], '676_646': [370.0, 0.0], '676_646_passing_MET': [356.0, 0.0], '676_646_failing_MET': [14.0, 0.0], '676_646_min_MET_pt': [56.64897155761719, 10000000.0], '1076_1050': [2047.0, 0.0], '1076_1050_passing_MET': [1996.0, 0.0], '1076_1050_failing_MET': [51.0, 0.0], '1076_1050_min_MET_pt': [7.122165203094482, 10000000.0], '1076_1052': [357.0, 0.0], '1076_1052_passing_MET': [343.0, 0.0], '1076_1052_failing_MET': [14.0, 0.0], '1076_1052_min_MET_pt': [17.059465408325195, 10000000.0], '1076_1065': [1065.0, 1039.0], '1076_1065_passing_MET': [1040.0, 1012.0], '1076_1065_failing_MET': [25.0, 27.0], '1076_1065_min_MET_pt': [27.477113723754883, 16.33306121826172], '1076_1064': [99.0, 107.0], '1076_1064_passing_MET': [95.0, 106.0], '1076_1064_failing_MET': [4.0, 1.0], '1076_1064_min_MET_pt': [72.75137329101562, 76.52596282958984], '776_750': [2156.0, 0.0], '776_750_passing_MET': [2101.0, 0.0], '776_750_failing_MET': [55.0, 0.0], '776_750_min_MET_pt': [31.27386474609375, 10000000.0], '750_736': [117.0, 0.0], '750_736_passing_MET': [113.0, 0.0], '750_736_failing_MET': [4.0, 0.0], '750_736_min_MET_pt': [66.53577423095703, 10000000.0], '1100_1092': [0.0, 116.0], '1100_1092_passing_MET': [0.0, 116.0], '1100_1092_failing_MET': [0.0, 0.0], '1100_1092_min_MET_pt': [10000000.0, 108.47940826416016], '526_495': [1021.0, 0.0], '526_495_passing_MET': [982.0, 0.0], '526_495_failing_MET': [39.0, 0.0], '526_495_min_MET_pt': [49.82744216918945, 10000000.0], '650_626': [175.0, 0.0], '650_626_passing_MET': [167.0, 0.0], '650_626_failing_MET': [8.0, 0.0], '650_626_min_MET_pt': [69.18596649169922, 10000000.0], '876_865': [0.0, 1006.0], '876_865_passing_MET': [0.0, 990.0], '876_865_failing_MET': [0.0, 16.0], '876_865_min_MET_pt': [10000000.0, 63.39746856689453], '876_866': [0.0, 90.0], '876_866_passing_MET': [0.0, 87.0], '876_866_failing_MET': [0.0, 3.0], '876_866_min_MET_pt': [10000000.0, 71.10942840576172], '826_796': [173.0, 0.0], '826_796_passing_MET': [167.0, 0.0], '826_796_failing_MET': [6.0, 0.0], '826_796_min_MET_pt': [12.150171279907227, 10000000.0], '826_795': [914.0, 0.0], '826_795_passing_MET': [885.0, 0.0], '826_795_failing_MET': [29.0, 0.0], '826_795_min_MET_pt': [34.24605941772461, 10000000.0], '650_636': [119.0, 130.0], '650_636_passing_MET': [114.0, 125.0], '650_636_failing_MET': [5.0, 5.0], '650_636_min_MET_pt': [69.42418670654297, 62.4926643371582], '1052_1035': [1018.0, 0.0], '1052_1035_passing_MET': [991.0, 0.0], '1052_1035_failing_MET': [27.0, 0.0], '1052_1035_min_MET_pt': [42.79212188720703, 10000000.0], '1052_1036': [137.0, 0.0], '1052_1036_passing_MET': [134.0, 0.0], '1052_1036_failing_MET': [3.0, 0.0], '1052_1036_min_MET_pt': [77.7429428100586, 10000000.0], '850_826': [0.0, 172.0], '850_826_passing_MET': [0.0, 169.0], '850_826_failing_MET': [0.0, 3.0], '850_826_min_MET_pt': [10000000.0, 66.18638610839844], '750_726': [163.0, 0.0], '750_726_passing_MET': [162.0, 0.0], '750_726_failing_MET': [1.0, 0.0], '750_726_min_MET_pt': [79.98786163330078, 10000000.0], '526_505': [1004.0, 0.0], '526_505_passing_MET': [962.0, 0.0], '526_505_failing_MET': [42.0, 0.0], '526_505_min_MET_pt': [29.18665313720703, 10000000.0], '950_936': [155.0, 131.0], '950_936_passing_MET': [152.0, 128.0], '950_936_failing_MET': [3.0, 3.0], '950_936_min_MET_pt': [79.62230682373047, 80.48369598388672], '876_860': [1110.0, 0.0], '876_860_passing_MET': [1068.0, 0.0], '876_860_failing_MET': [42.0, 0.0], '876_860_min_MET_pt': [7.511267185211182, 10000000.0], '626_605': [898.0, 0.0], '626_605_passing_MET': [868.0, 0.0], '626_605_failing_MET': [30.0, 0.0], '626_605_min_MET_pt': [32.83823776245117, 10000000.0], '626_606': [140.0, 0.0], '626_606_passing_MET': [134.0, 0.0], '626_606_failing_MET': [6.0, 0.0], '626_606_min_MET_pt': [20.144859313964844, 10000000.0], '1052_1040': [0.0, 2302.0], '1052_1040_passing_MET': [0.0, 2263.0], '1052_1040_failing_MET': [0.0, 39.0], '1052_1040_min_MET_pt': [10000000.0, 41.52866744995117], '726_715': [0.0, 1964.0], '726_715_passing_MET': [0.0, 1920.0], '726_715_failing_MET': [0.0, 44.0], '726_715_min_MET_pt': [10000000.0, 13.87174129486084], '726_716': [0.0, 186.0], '726_716_passing_MET': [0.0, 177.0], '726_716_failing_MET': [0.0, 9.0], '726_716_min_MET_pt': [10000000.0, 67.48692321777344], '976_955': [988.0, 0.0], '976_955_passing_MET': [953.0, 0.0], '976_955_failing_MET': [35.0, 0.0], '976_955_min_MET_pt': [30.027721405029297, 10000000.0], '976_956': [160.0, 0.0], '976_956_passing_MET': [155.0, 0.0], '976_956_failing_MET': [5.0, 0.0], '976_956_min_MET_pt': [63.50212097167969, 10000000.0], '976_945': [972.0, 0.0], '976_945_passing_MET': [942.0, 0.0], '976_945_failing_MET': [30.0, 0.0], '976_945_min_MET_pt': [15.453648567199707, 10000000.0], '976_946': [189.0, 0.0], '976_946_passing_MET': [183.0, 0.0], '976_946_failing_MET': [6.0, 0.0], '976_946_min_MET_pt': [20.467689514160156, 10000000.0], '776_765': [953.0, 0.0], '776_765_passing_MET': [930.0, 0.0], '776_765_failing_MET': [23.0, 0.0], '776_765_min_MET_pt': [12.840296745300293, 10000000.0], '776_766': [96.0, 0.0], '776_766_passing_MET': [91.0, 0.0], '776_766_failing_MET': [5.0, 0.0], '776_766_min_MET_pt': [66.50389099121094, 10000000.0], '576_565': [871.0, 1806.0], '576_565_passing_MET': [848.0, 1754.0], '576_565_failing_MET': [23.0, 52.0], '576_565_min_MET_pt': [23.00681495666504, 31.820356369018555], '576_566': [73.0, 153.0], '576_566_passing_MET': [67.0, 151.0], '576_566_failing_MET': [6.0, 2.0], '576_566_min_MET_pt': [10.084896087646484, 74.36274719238281], '826_815': [0.0, 1001.0], '826_815_passing_MET': [0.0, 981.0], '826_815_failing_MET': [0.0, 20.0], '826_815_min_MET_pt': [10000000.0, 16.79935646057129], '826_816': [0.0, 110.0], '826_816_passing_MET': [0.0, 108.0], '826_816_failing_MET': [0.0, 2.0], '826_816_min_MET_pt': [10000000.0, 63.04670715332031], '876_850': [0.0, 1185.0], '876_850_passing_MET': [0.0, 1166.0], '876_850_failing_MET': [0.0, 19.0], '876_850_min_MET_pt': [10000000.0, 43.597503662109375], '1024_1015': [2037.0, 2055.0], '1024_1015_passing_MET': [1996.0, 1997.0], '1024_1015_failing_MET': [41.0, 58.0], '1024_1015_min_MET_pt': [14.5709867477417, 21.301313400268555], '1024_1016': [199.0, 214.0], '1024_1016_passing_MET': [194.0, 206.0], '1024_1016_failing_MET': [5.0, 8.0], '1024_1016_min_MET_pt': [69.98846435546875, 74.27508544921875], '576_550': [0.0, 1044.0], '576_550_passing_MET': [0.0, 1019.0], '576_550_failing_MET': [0.0, 25.0], '576_550_min_MET_pt': [10000000.0, 18.44316864013672], '576_546': [170.0, 0.0], '576_546_passing_MET': [161.0, 0.0], '576_546_failing_MET': [9.0, 0.0], '576_546_min_MET_pt': [50.403560638427734, 10000000.0], '576_545': [913.0, 0.0], '576_545_passing_MET': [880.0, 0.0], '576_545_failing_MET': [33.0, 0.0], '576_545_min_MET_pt': [29.671802520751953, 10000000.0], '900_876': [0.0, 165.0], '900_876_passing_MET': [0.0, 163.0], '900_876_failing_MET': [0.0, 2.0], '900_876_min_MET_pt': [10000000.0, 86.26676177978516], '876_856': [164.0, 0.0], '876_856_passing_MET': [155.0, 0.0], '876_856_failing_MET': [9.0, 0.0], '876_856_min_MET_pt': [60.80839538574219, 10000000.0], '876_855': [988.0, 0.0], '876_855_passing_MET': [960.0, 0.0], '876_855_failing_MET': [28.0, 0.0], '876_855_min_MET_pt': [29.392475128173828, 10000000.0], '800_776': [161.0, 0.0], '800_776_passing_MET': [154.0, 0.0], '800_776_failing_MET': [7.0, 0.0], '800_776_min_MET_pt': [23.066469192504883, 10000000.0], '726_700': [0.0, 1105.0], '726_700_passing_MET': [0.0, 1070.0], '726_700_failing_MET': [0.0, 35.0], '726_700_min_MET_pt': [10000000.0, 62.1157341003418], '926_915': [0.0, 1029.0], '926_915_passing_MET': [0.0, 1001.0], '926_915_failing_MET': [0.0, 28.0], '926_915_min_MET_pt': [10000000.0, 27.705387115478516], '926_916': [0.0, 103.0], '926_916_passing_MET': [0.0, 102.0], '926_916_failing_MET': [0.0, 1.0], '926_916_min_MET_pt': [10000000.0, 96.70455169677734]}
nevents_from_dict =  3510273569.9375515
Results saved to /afs/cern.ch/work/m/mleoncoe/private/stop_met_check/outputs_2018/nanoAOD_497.json
done
