000 (9018140.498.000) 01/06 10:56:42 Job submitted from host: <188.185.6.50:9618?addrs=188.185.6.50-9618+[2001-1458-d00-62--100-2b1]-9618&alias=bigbird25.cern.ch&noUDP&sock=schedd_1627_90ad>
...
040 (9018140.498.000) 01/06 11:01:05 Started transferring input files
	Transferring to host: <188.185.195.41:9618?addrs=188.185.195.41-9618+[2001-1458-303-22--100-25]-9618&alias=b9p17p3567.cern.ch&noUDP&sock=slot1_26_5188_2a4c_102982>
...
040 (9018140.498.000) 01/06 11:01:05 Finished transferring input files
...
001 (9018140.498.000) 01/06 11:01:06 Job executing on host: <188.185.195.41:9618?addrs=188.185.195.41-9618+[2001-1458-303-22--100-25]-9618&alias=b9p17p3567.cern.ch&noUDP&sock=startd_4035_40bb>
	SlotName: slot1_26@b9p17p3567.cern.ch
	CondorScratchDir = "/pool/condor/dir_563559"
	Cpus = 1
	Disk = 3766
	GPUs = 0
	Memory = 3000
...
006 (9018140.498.000) 01/06 11:01:19 Image size of job updated: 183232
	179  -  MemoryUsage of job (MB)
	183232  -  ResidentSetSize of job (KB)
...
006 (9018140.498.000) 01/06 11:06:19 Image size of job updated: 211384
	207  -  MemoryUsage of job (MB)
	211384  -  ResidentSetSize of job (KB)
...
006 (9018140.498.000) 01/06 11:11:20 Image size of job updated: 211448
	207  -  MemoryUsage of job (MB)
	211448  -  ResidentSetSize of job (KB)
...
006 (9018140.498.000) 01/06 11:16:21 Image size of job updated: 211500
	207  -  MemoryUsage of job (MB)
	211500  -  ResidentSetSize of job (KB)
...
006 (9018140.498.000) 01/06 11:21:21 Image size of job updated: 211652
	207  -  MemoryUsage of job (MB)
	211652  -  ResidentSetSize of job (KB)
...
006 (9018140.498.000) 01/06 11:26:22 Image size of job updated: 211660
	207  -  MemoryUsage of job (MB)
	211660  -  ResidentSetSize of job (KB)
...
006 (9018140.498.000) 01/06 11:31:23 Image size of job updated: 211716
	207  -  MemoryUsage of job (MB)
	211716  -  ResidentSetSize of job (KB)
...
006 (9018140.498.000) 01/06 11:36:23 Image size of job updated: 211732
	207  -  MemoryUsage of job (MB)
	211732  -  ResidentSetSize of job (KB)
...
006 (9018140.498.000) 01/06 11:41:24 Image size of job updated: 211768
	207  -  MemoryUsage of job (MB)
	211768  -  ResidentSetSize of job (KB)
...
006 (9018140.498.000) 01/06 11:46:25 Image size of job updated: 211776
	207  -  MemoryUsage of job (MB)
	211776  -  ResidentSetSize of job (KB)
...
006 (9018140.498.000) 01/06 11:51:25 Image size of job updated: 211784
	207  -  MemoryUsage of job (MB)
	211784  -  ResidentSetSize of job (KB)
...
006 (9018140.498.000) 01/06 11:56:26 Image size of job updated: 211792
	207  -  MemoryUsage of job (MB)
	211792  -  ResidentSetSize of job (KB)
...
006 (9018140.498.000) 01/06 12:01:27 Image size of job updated: 211796
	207  -  MemoryUsage of job (MB)
	211796  -  ResidentSetSize of job (KB)
...
006 (9018140.498.000) 01/06 12:06:27 Image size of job updated: 211804
	207  -  MemoryUsage of job (MB)
	211804  -  ResidentSetSize of job (KB)
...
006 (9018140.498.000) 01/06 12:21:29 Image size of job updated: 211900
	207  -  MemoryUsage of job (MB)
	211900  -  ResidentSetSize of job (KB)
...
006 (9018140.498.000) 01/06 12:26:30 Image size of job updated: 211960
	207  -  MemoryUsage of job (MB)
	211960  -  ResidentSetSize of job (KB)
...
006 (9018140.498.000) 01/06 12:31:30 Image size of job updated: 211972
	208  -  MemoryUsage of job (MB)
	211972  -  ResidentSetSize of job (KB)
...
006 (9018140.498.000) 01/06 12:41:32 Image size of job updated: 211992
	208  -  MemoryUsage of job (MB)
	211992  -  ResidentSetSize of job (KB)
...
006 (9018140.498.000) 01/06 12:46:32 Image size of job updated: 211996
	208  -  MemoryUsage of job (MB)
	211996  -  ResidentSetSize of job (KB)
...
006 (9018140.498.000) 01/06 12:56:34 Image size of job updated: 212004
	208  -  MemoryUsage of job (MB)
	212004  -  ResidentSetSize of job (KB)
...
006 (9018140.498.000) 01/06 13:01:34 Image size of job updated: 212032
	208  -  MemoryUsage of job (MB)
	212032  -  ResidentSetSize of job (KB)
...
006 (9018140.498.000) 01/06 13:06:34 Image size of job updated: 212128
	208  -  MemoryUsage of job (MB)
	212128  -  ResidentSetSize of job (KB)
...
040 (9018140.498.000) 01/06 13:09:06 Started transferring output files
...
040 (9018140.498.000) 01/06 13:09:07 Finished transferring output files
...
005 (9018140.498.000) 01/06 13:09:07 Job terminated.
	(1) Normal termination (return value 0)
		Usr 0 02:06:55, Sys 0 00:00:05  -  Run Remote Usage
		Usr 0 00:00:00, Sys 0 00:00:00  -  Run Local Usage
		Usr 0 02:06:55, Sys 0 00:00:05  -  Total Remote Usage
		Usr 0 00:00:00, Sys 0 00:00:00  -  Total Local Usage
	41485  -  Run Bytes Sent By Job
	21436  -  Run Bytes Received By Job
	41485  -  Total Bytes Sent By Job
	21436  -  Total Bytes Received By Job
	Partitionable Resources :    Usage  Request Allocated 
	   Cpus                 :     0.99        1         1 
	   Disk (KB)            :    89          22      3766 
	   GPUs                 :                           0 
	   Memory (MB)          :   208        3000      3000 
	   TimeExecute (s)      :  7680                       
	   TimeSlotBusy (s)     :  7682                       

	Job terminated of its own accord at 2026-01-06T12:09:06Z with exit-code 0.
...
