000 (9018140.129.000) 01/06 10:56:22 Job submitted from host: <188.185.6.50:9618?addrs=188.185.6.50-9618+[2001-1458-d00-62--100-2b1]-9618&alias=bigbird25.cern.ch&noUDP&sock=schedd_1627_90ad>
...
040 (9018140.129.000) 01/06 10:59:08 Started transferring input files
	Transferring to host: <188.185.211.139:9618?addrs=188.185.211.139-9618+[2001-1458-303-17--100-7]-9618&alias=b9p24p1745.cern.ch&noUDP&sock=slot1_24_4769_f11b_114925>
...
040 (9018140.129.000) 01/06 10:59:08 Finished transferring input files
...
001 (9018140.129.000) 01/06 10:59:09 Job executing on host: <188.185.211.139:9618?addrs=188.185.211.139-9618+[2001-1458-303-17--100-7]-9618&alias=b9p24p1745.cern.ch&noUDP&sock=startd_3952_525f>
	SlotName: slot1_24@b9p24p1745.cern.ch
	CondorScratchDir = "/pool/condor/dir_460110"
	Cpus = 1
	Disk = 3804
	GPUs = 0
	Memory = 3000
...
006 (9018140.129.000) 01/06 10:59:23 Image size of job updated: 94560
	93  -  MemoryUsage of job (MB)
	94560  -  ResidentSetSize of job (KB)
...
006 (9018140.129.000) 01/06 11:03:28 Image size of job updated: 188408
	93  -  MemoryUsage of job (MB)
	94560  -  ResidentSetSize of job (KB)
...
040 (9018140.129.000) 01/06 11:03:28 Started transferring output files
...
040 (9018140.129.000) 01/06 11:03:29 Finished transferring output files
...
005 (9018140.129.000) 01/06 11:03:29 Job terminated.
	(1) Normal termination (return value 0)
		Usr 0 00:03:01, Sys 0 00:00:01  -  Run Remote Usage
		Usr 0 00:00:00, Sys 0 00:00:00  -  Run Local Usage
		Usr 0 00:03:01, Sys 0 00:00:01  -  Total Remote Usage
		Usr 0 00:00:00, Sys 0 00:00:00  -  Total Local Usage
	32373  -  Run Bytes Sent By Job
	21436  -  Run Bytes Received By Job
	32373  -  Total Bytes Sent By Job
	21436  -  Total Bytes Received By Job
	Partitionable Resources :    Usage  Request Allocated 
	   Cpus                 :        0        1         1 
	   Disk (KB)            :       80       22      3804 
	   GPUs                 :                           0 
	   Memory (MB)          :       93     3000      3000 
	   TimeExecute (s)      :      259                    
	   TimeSlotBusy (s)     :      262                    

	Job terminated of its own accord at 2026-01-06T10:03:28Z with exit-code 0.
...
