000 (9018140.061.000) 01/06 10:56:19 Job submitted from host: <188.185.6.50:9618?addrs=188.185.6.50-9618+[2001-1458-d00-62--100-2b1]-9618&alias=bigbird25.cern.ch&noUDP&sock=schedd_1627_90ad>
...
040 (9018140.061.000) 01/06 10:58:46 Started transferring input files
	Transferring to host: <188.185.212.25:9618?addrs=188.185.212.25-9618+[2001-1458-303-18--100-15]-9618&alias=b9p25p0187.cern.ch&noUDP&sock=slot1_36_5518_ae19_113637>
...
040 (9018140.061.000) 01/06 10:58:46 Finished transferring input files
...
001 (9018140.061.000) 01/06 10:58:47 Job executing on host: <188.185.212.25:9618?addrs=188.185.212.25-9618+[2001-1458-303-18--100-15]-9618&alias=b9p25p0187.cern.ch&noUDP&sock=startd_4558_fcc3>
	SlotName: slot1_36@b9p25p0187.cern.ch
	CondorScratchDir = "/pool/condor/dir_1312936"
	Cpus = 1
	Disk = 3785
	GPUs = 0
	Memory = 3000
...
006 (9018140.061.000) 01/06 10:59:01 Image size of job updated: 96368
	95  -  MemoryUsage of job (MB)
	96368  -  ResidentSetSize of job (KB)
...
006 (9018140.061.000) 01/06 11:04:02 Image size of job updated: 213664
	209  -  MemoryUsage of job (MB)
	213664  -  ResidentSetSize of job (KB)
...
006 (9018140.061.000) 01/06 11:09:02 Image size of job updated: 213680
	209  -  MemoryUsage of job (MB)
	213680  -  ResidentSetSize of job (KB)
...
006 (9018140.061.000) 01/06 11:14:03 Image size of job updated: 213756
	209  -  MemoryUsage of job (MB)
	213756  -  ResidentSetSize of job (KB)
...
006 (9018140.061.000) 01/06 11:19:04 Image size of job updated: 213892
	209  -  MemoryUsage of job (MB)
	213892  -  ResidentSetSize of job (KB)
...
006 (9018140.061.000) 01/06 11:24:04 Image size of job updated: 213896
	209  -  MemoryUsage of job (MB)
	213896  -  ResidentSetSize of job (KB)
...
006 (9018140.061.000) 01/06 11:29:05 Image size of job updated: 213912
	209  -  MemoryUsage of job (MB)
	213912  -  ResidentSetSize of job (KB)
...
006 (9018140.061.000) 01/06 11:34:06 Image size of job updated: 213964
	209  -  MemoryUsage of job (MB)
	213964  -  ResidentSetSize of job (KB)
...
006 (9018140.061.000) 01/06 11:39:06 Image size of job updated: 213980
	209  -  MemoryUsage of job (MB)
	213980  -  ResidentSetSize of job (KB)
...
006 (9018140.061.000) 01/06 11:44:07 Image size of job updated: 214004
	209  -  MemoryUsage of job (MB)
	214004  -  ResidentSetSize of job (KB)
...
006 (9018140.061.000) 01/06 11:49:07 Image size of job updated: 214024
	210  -  MemoryUsage of job (MB)
	214024  -  ResidentSetSize of job (KB)
...
006 (9018140.061.000) 01/06 11:54:07 Image size of job updated: 214064
	210  -  MemoryUsage of job (MB)
	214064  -  ResidentSetSize of job (KB)
...
006 (9018140.061.000) 01/06 11:59:08 Image size of job updated: 214072
	210  -  MemoryUsage of job (MB)
	214072  -  ResidentSetSize of job (KB)
...
006 (9018140.061.000) 01/06 12:04:08 Image size of job updated: 214184
	210  -  MemoryUsage of job (MB)
	214184  -  ResidentSetSize of job (KB)
...
040 (9018140.061.000) 01/06 12:06:59 Started transferring output files
...
040 (9018140.061.000) 01/06 12:07:00 Finished transferring output files
...
005 (9018140.061.000) 01/06 12:07:00 Job terminated.
	(1) Normal termination (return value 0)
		Usr 0 01:06:26, Sys 0 00:00:06  -  Run Remote Usage
		Usr 0 00:00:00, Sys 0 00:00:00  -  Run Local Usage
		Usr 0 01:06:26, Sys 0 00:00:06  -  Total Remote Usage
		Usr 0 00:00:00, Sys 0 00:00:00  -  Total Local Usage
	38076  -  Run Bytes Sent By Job
	21436  -  Run Bytes Received By Job
	38076  -  Total Bytes Sent By Job
	21436  -  Total Bytes Received By Job
	Partitionable Resources :    Usage  Request Allocated 
	   Cpus                 :     0.99        1         1 
	   Disk (KB)            :    86          22      3785 
	   GPUs                 :                           0 
	   Memory (MB)          :   210        3000      3000 
	   TimeExecute (s)      :  4092                       
	   TimeSlotBusy (s)     :  4095                       

	Job terminated of its own accord at 2026-01-06T11:06:59Z with exit-code 0.
...
