000 (9018140.156.000) 01/06 10:56:22 Job submitted from host: <188.185.6.50:9618?addrs=188.185.6.50-9618+[2001-1458-d00-62--100-2b1]-9618&alias=bigbird25.cern.ch&noUDP&sock=schedd_1627_90ad>
...
040 (9018140.156.000) 01/06 10:59:17 Started transferring input files
	Transferring to host: <188.185.214.24:9618?addrs=188.185.214.24-9618+[2001-1458-303-1c--100-14]-9618&alias=b9p29p9589.cern.ch&noUDP&sock=slot1_9_4517_6291_132832>
...
040 (9018140.156.000) 01/06 10:59:17 Finished transferring input files
...
001 (9018140.156.000) 01/06 10:59:18 Job executing on host: <188.185.214.24:9618?addrs=188.185.214.24-9618+[2001-1458-303-1c--100-14]-9618&alias=b9p29p9589.cern.ch&noUDP&sock=startd_3842_def4>
	SlotName: slot1_9@b9p29p9589.cern.ch
	CondorScratchDir = "/pool/condor/dir_1999394"
	Cpus = 1
	Disk = 3913
	GPUs = 0
	Memory = 3000
...
006 (9018140.156.000) 01/06 10:59:31 Image size of job updated: 94044
	92  -  MemoryUsage of job (MB)
	94044  -  ResidentSetSize of job (KB)
...
006 (9018140.156.000) 01/06 11:04:31 Image size of job updated: 207208
	203  -  MemoryUsage of job (MB)
	207208  -  ResidentSetSize of job (KB)
...
006 (9018140.156.000) 01/06 11:09:32 Image size of job updated: 214424
	210  -  MemoryUsage of job (MB)
	214424  -  ResidentSetSize of job (KB)
...
006 (9018140.156.000) 01/06 11:14:32 Image size of job updated: 214444
	210  -  MemoryUsage of job (MB)
	214444  -  ResidentSetSize of job (KB)
...
006 (9018140.156.000) 01/06 11:19:33 Image size of job updated: 214664
	210  -  MemoryUsage of job (MB)
	214664  -  ResidentSetSize of job (KB)
...
006 (9018140.156.000) 01/06 11:24:33 Image size of job updated: 214680
	210  -  MemoryUsage of job (MB)
	214680  -  ResidentSetSize of job (KB)
...
006 (9018140.156.000) 01/06 11:29:34 Image size of job updated: 214740
	210  -  MemoryUsage of job (MB)
	214740  -  ResidentSetSize of job (KB)
...
006 (9018140.156.000) 01/06 11:34:35 Image size of job updated: 214884
	210  -  MemoryUsage of job (MB)
	214884  -  ResidentSetSize of job (KB)
...
006 (9018140.156.000) 01/06 11:39:36 Image size of job updated: 252284
	247  -  MemoryUsage of job (MB)
	252284  -  ResidentSetSize of job (KB)
...
006 (9018140.156.000) 01/06 11:44:36 Image size of job updated: 252288
	247  -  MemoryUsage of job (MB)
	252288  -  ResidentSetSize of job (KB)
...
006 (9018140.156.000) 01/06 11:49:37 Image size of job updated: 252292
	247  -  MemoryUsage of job (MB)
	252292  -  ResidentSetSize of job (KB)
...
006 (9018140.156.000) 01/06 11:54:37 Image size of job updated: 252296
	247  -  MemoryUsage of job (MB)
	252296  -  ResidentSetSize of job (KB)
...
006 (9018140.156.000) 01/06 12:19:39 Image size of job updated: 252304
	247  -  MemoryUsage of job (MB)
	252304  -  ResidentSetSize of job (KB)
...
006 (9018140.156.000) 01/06 12:29:40 Image size of job updated: 252308
	247  -  MemoryUsage of job (MB)
	252308  -  ResidentSetSize of job (KB)
...
006 (9018140.156.000) 01/06 12:39:41 Image size of job updated: 252312
	247  -  MemoryUsage of job (MB)
	252312  -  ResidentSetSize of job (KB)
...
006 (9018140.156.000) 01/06 12:44:41 Image size of job updated: 252316
	247  -  MemoryUsage of job (MB)
	252316  -  ResidentSetSize of job (KB)
...
006 (9018140.156.000) 01/06 12:59:43 Image size of job updated: 252324
	247  -  MemoryUsage of job (MB)
	252324  -  ResidentSetSize of job (KB)
...
040 (9018140.156.000) 01/06 13:22:54 Started transferring output files
...
040 (9018140.156.000) 01/06 13:22:55 Finished transferring output files
...
005 (9018140.156.000) 01/06 13:22:55 Job terminated.
	(1) Normal termination (return value 0)
		Usr 0 02:17:25, Sys 0 00:00:33  -  Run Remote Usage
		Usr 0 00:00:00, Sys 0 00:00:00  -  Run Local Usage
		Usr 0 02:17:25, Sys 0 00:00:33  -  Total Remote Usage
		Usr 0 00:00:00, Sys 0 00:00:00  -  Total Local Usage
	41922  -  Run Bytes Sent By Job
	21436  -  Run Bytes Received By Job
	41922  -  Total Bytes Sent By Job
	21436  -  Total Bytes Received By Job
	Partitionable Resources :    Usage  Request Allocated 
	   Cpus                 :     0.98        1         1 
	   Disk (KB)            :    89          22      3913 
	   GPUs                 :                           0 
	   Memory (MB)          :   247        3000      3000 
	   TimeExecute (s)      :  8616                       
	   TimeSlotBusy (s)     :  8619                       

	Job terminated of its own accord at 2026-01-06T12:22:54Z with exit-code 0.
...
