i am in this directory
/pool/condor/dir_4023626
Python 3.9.23
3.9.23
 will run this python stop_check_met_eff.py /eos/user/m/mleoncoe/stop_event_check/privateNanoAod2018/nanoAOD_283.root /afs/cern.ch/work/m/mleoncoe/private/stop_met_check/outputs_2018/nanoAOD_283.json
event num1000
event num2000
event num3000
event num4000
event num5000
event num6000
event num7000
event num8000
event num9000
event num10000
event num11000
event num12000
event num13000
event num14000
event num15000
event num16000
event num17000
event num18000
event num19000
event num20000
event num21000
event num22000
event num23000
event num24000
event num25000
event num26000
event num27000
event num28000
event num29000
event num30000
event num31000
event num32000
event num33000
event num34000
event num35000
event num36000
event num37000
event num38000
event num39000
event num40000
event num41000
event num42000
event num43000
event num44000
event num45000
event num46000
event num47000
event num48000
event num49000
event num50000
event num51000
event num52000
event num53000
event num54000
event num55000
event num56000
event num57000
event num58000
event num59000
event num60000
event num61000
event num62000
event num63000
event num64000
event num65000
event num66000
event num67000
event num68000
event num69000
event num70000
event num71000
event num72000
event num73000
event num74000
event num75000
event num76000
event num77000
event num78000
event num79000
event num80000
event num81000
event num82000
event num83000
event num84000
event num85000
event num86000
event num87000
event num88000
event num89000
event num90000
event num91000
event num92000
event num93000
event num94000
event num95000
event num96000
event num97000
event num98000
event num99000
event num100000
event num101000
event num102000
event num103000
event num104000
event num105000
event num106000
event num107000
event num108000
event num109000
event num110000
event num111000
event num112000
event num113000
event num114000
event num115000
event num116000
event num117000
event num118000
event num119000
event num120000
event num121000
event num122000
event num123000
event num124000
event num125000
event num126000
event num127000
event num128000
event num129000
event num130000
event num131000
event num132000
event num133000
event num134000
event num135000
event num136000
event num137000
event num138000
event num139000
event num140000
event num141000
event num142000
event num143000
event num144000
event num145000
event num146000
event num147000
event num148000
event num149000
event num150000
event num151000
event num152000
event num153000
event num154000
event num155000
event num156000
event num157000
event num158000
event num159000
event num160000
event num161000
event num162000
event num163000
event num164000
event num165000
event num166000
event num167000
event num168000
event num169000
event num170000
event num171000
event num172000
event num173000
event num174000
event num175000
event num176000
event num177000
event num178000
event num179000
event num180000
event num181000
event num182000
event num183000
event num184000
event num185000
event num186000
event num187000
event num188000
event num189000
event num190000
{'250_240': [1422.0, 0.0], '250_240_passing_MET': [1357.0, 0.0], '250_240_failing_MET': [65.0, 0.0], '250_240_min_MET_pt': [29.02907371520996, 10000000.0], '250_235': [0.0, 0.0], '250_235_passing_MET': [0.0, 0.0], '250_235_failing_MET': [0.0, 0.0], '250_235_min_MET_pt': [10000000.0, 10000000.0], '250_230': [724.0, 0.0], '250_230_passing_MET': [695.0, 0.0], '250_230_failing_MET': [29.0, 0.0], '250_230_min_MET_pt': [51.74583053588867, 10000000.0], '250_225': [0.0, 0.0], '250_225_passing_MET': [0.0, 0.0], '250_225_failing_MET': [0.0, 0.0], '250_225_min_MET_pt': [10000000.0, 10000000.0], '250_220': [0.0, 0.0], '250_220_passing_MET': [0.0, 0.0], '250_220_failing_MET': [0.0, 0.0], '250_220_min_MET_pt': [10000000.0, 10000000.0], '275_265': [2232.0, 1446.0], '275_265_passing_MET': [0.0, 0.0], '275_265_failing_MET': [0.0, 0.0], '275_265_min_MET_pt': [10000000.0, 10000000.0], '275_260': [732.0, 0.0], '275_260_passing_MET': [707.0, 0.0], '275_260_failing_MET': [25.0, 0.0], '275_260_min_MET_pt': [27.486663818359375, 10000000.0], '275_255': [0.0, 0.0], '275_255_passing_MET': [0.0, 0.0], '275_255_failing_MET': [0.0, 0.0], '275_255_min_MET_pt': [10000000.0, 10000000.0], '275_250': [0.0, 0.0], '275_250_passing_MET': [0.0, 0.0], '275_250_failing_MET': [0.0, 0.0], '275_250_min_MET_pt': [10000000.0, 10000000.0], '275_245': [826.0, 0.0], '275_245_passing_MET': [785.0, 0.0], '275_245_failing_MET': [41.0, 0.0], '275_245_min_MET_pt': [33.532474517822266, 10000000.0], '300_290': [1525.0, 3845.0], '300_290_passing_MET': [0.0, 0.0], '300_290_failing_MET': [0.0, 0.0], '300_290_min_MET_pt': [10000000.0, 10000000.0], '300_285': [0.0, 795.0], '300_285_passing_MET': [0.0, 771.0], '300_285_failing_MET': [0.0, 24.0], '300_285_min_MET_pt': [10000000.0, 24.931072235107422], '300_280': [759.0, 0.0], '300_280_passing_MET': [714.0, 0.0], '300_280_failing_MET': [45.0, 0.0], '300_280_min_MET_pt': [50.852264404296875, 10000000.0], '300_275': [0.0, 799.0], '300_275_passing_MET': [0.0, 759.0], '300_275_failing_MET': [0.0, 40.0], '300_275_min_MET_pt': [10000000.0, 43.821414947509766], '300_270': [858.0, 881.0], '300_270_passing_MET': [0.0, 0.0], '300_270_failing_MET': [0.0, 0.0], '300_270_min_MET_pt': [10000000.0, 10000000.0], '325_315': [765.0, 778.0], '325_315_passing_MET': [0.0, 0.0], '325_315_failing_MET': [0.0, 0.0], '325_315_min_MET_pt': [10000000.0, 10000000.0], '325_310': [0.0, 0.0], '325_310_passing_MET': [0.0, 0.0], '325_310_failing_MET': [0.0, 0.0], '325_310_min_MET_pt': [10000000.0, 10000000.0], '325_305': [0.0, 0.0], '325_305_passing_MET': [0.0, 0.0], '325_305_failing_MET': [0.0, 0.0], '325_305_min_MET_pt': [10000000.0, 10000000.0], '325_300': [0.0, 0.0], '325_300_passing_MET': [0.0, 0.0], '325_300_failing_MET': [0.0, 0.0], '325_300_min_MET_pt': [10000000.0, 10000000.0], '325_295': [0.0, 897.0], '325_295_passing_MET': [0.0, 853.0], '325_295_failing_MET': [0.0, 44.0], '325_295_min_MET_pt': [10000000.0, 38.047298431396484], '350_340': [1714.0, 0.0], '350_340_passing_MET': [1647.0, 0.0], '350_340_failing_MET': [67.0, 0.0], '350_340_min_MET_pt': [28.45587921142578, 10000000.0], '350_335': [869.0, 849.0], '350_335_passing_MET': [0.0, 0.0], '350_335_failing_MET': [0.0, 0.0], '350_335_min_MET_pt': [10000000.0, 10000000.0], '350_330': [1807.0, 867.0], '350_330_passing_MET': [0.0, 0.0], '350_330_failing_MET': [0.0, 0.0], '350_330_min_MET_pt': [10000000.0, 10000000.0], '350_325': [915.0, 882.0], '350_325_passing_MET': [0.0, 0.0], '350_325_failing_MET': [0.0, 0.0], '350_325_min_MET_pt': [10000000.0, 10000000.0], '350_320': [0.0, 0.0], '350_320_passing_MET': [0.0, 0.0], '350_320_failing_MET': [0.0, 0.0], '350_320_min_MET_pt': [10000000.0, 10000000.0], '375_365': [0.0, 826.0], '375_365_passing_MET': [0.0, 804.0], '375_365_failing_MET': [0.0, 22.0], '375_365_min_MET_pt': [10000000.0, 22.30018424987793], '375_360': [0.0, 893.0], '375_360_passing_MET': [0.0, 866.0], '375_360_failing_MET': [0.0, 27.0], '375_360_min_MET_pt': [10000000.0, 31.371702194213867], '375_355': [0.0, 0.0], '375_355_passing_MET': [0.0, 0.0], '375_355_failing_MET': [0.0, 0.0], '375_355_min_MET_pt': [10000000.0, 10000000.0], '375_350': [879.0, 0.0], '375_350_passing_MET': [845.0, 0.0], '375_350_failing_MET': [34.0, 0.0], '375_350_min_MET_pt': [42.68915557861328, 10000000.0], '375_345': [1886.0, 0.0], '375_345_passing_MET': [1797.0, 0.0], '375_345_failing_MET': [89.0, 0.0], '375_345_min_MET_pt': [12.723729133605957, 10000000.0], '400_390': [0.0, 0.0], '400_390_passing_MET': [0.0, 0.0], '400_390_failing_MET': [0.0, 0.0], '400_390_min_MET_pt': [10000000.0, 10000000.0], '400_385': [1846.0, 0.0], '400_385_passing_MET': [1773.0, 0.0], '400_385_failing_MET': [73.0, 0.0], '400_385_min_MET_pt': [12.472984313964844, 10000000.0], '400_380': [881.0, 995.0], '400_380_passing_MET': [0.0, 0.0], '400_380_failing_MET': [0.0, 0.0], '400_380_min_MET_pt': [10000000.0, 10000000.0], '400_375': [0.0, 0.0], '400_375_passing_MET': [0.0, 0.0], '400_375_failing_MET': [0.0, 0.0], '400_375_min_MET_pt': [10000000.0, 10000000.0], '400_370': [991.0, 954.0], '400_370_passing_MET': [0.0, 0.0], '400_370_failing_MET': [0.0, 0.0], '400_370_min_MET_pt': [10000000.0, 10000000.0], '425_415': [913.0, 1862.0], '425_415_passing_MET': [0.0, 0.0], '425_415_failing_MET': [0.0, 0.0], '425_415_min_MET_pt': [10000000.0, 10000000.0], '425_410': [0.0, 0.0], '425_410_passing_MET': [0.0, 0.0], '425_410_failing_MET': [0.0, 0.0], '425_410_min_MET_pt': [10000000.0, 10000000.0], '425_405': [905.0, 0.0], '425_405_passing_MET': [888.0, 0.0], '425_405_failing_MET': [17.0, 0.0], '425_405_min_MET_pt': [45.09550857543945, 10000000.0], '425_400': [0.0, 931.0], '425_400_passing_MET': [0.0, 897.0], '425_400_failing_MET': [0.0, 34.0], '425_400_min_MET_pt': [10000000.0, 44.523834228515625], '425_395': [964.0, 959.0], '425_395_passing_MET': [0.0, 0.0], '425_395_failing_MET': [0.0, 0.0], '425_395_min_MET_pt': [10000000.0, 10000000.0], '450_440': [0.0, 0.0], '450_440_passing_MET': [0.0, 0.0], '450_440_failing_MET': [0.0, 0.0], '450_440_min_MET_pt': [10000000.0, 10000000.0], '450_435': [937.0, 0.0], '450_435_passing_MET': [909.0, 0.0], '450_435_failing_MET': [28.0, 0.0], '450_435_min_MET_pt': [50.37207794189453, 10000000.0], '450_430': [0.0, 982.0], '450_430_passing_MET': [0.0, 948.0], '450_430_failing_MET': [0.0, 34.0], '450_430_min_MET_pt': [10000000.0, 18.886131286621094], '450_425': [0.0, 0.0], '450_425_passing_MET': [0.0, 0.0], '450_425_failing_MET': [0.0, 0.0], '450_425_min_MET_pt': [10000000.0, 10000000.0], '450_420': [1979.0, 0.0], '450_420_passing_MET': [1901.0, 0.0], '450_420_failing_MET': [78.0, 0.0], '450_420_min_MET_pt': [29.844308853149414, 10000000.0], '475_465': [1882.0, 912.0], '475_465_passing_MET': [0.0, 0.0], '475_465_failing_MET': [0.0, 0.0], '475_465_min_MET_pt': [10000000.0, 10000000.0], '475_460': [0.0, 0.0], '475_460_passing_MET': [0.0, 0.0], '475_460_failing_MET': [0.0, 0.0], '475_460_min_MET_pt': [10000000.0, 10000000.0], '475_455': [979.0, 0.0], '475_455_passing_MET': [942.0, 0.0], '475_455_failing_MET': [37.0, 0.0], '475_455_min_MET_pt': [39.878761291503906, 10000000.0], '475_450': [0.0, 0.0], '475_450_passing_MET': [0.0, 0.0], '475_450_failing_MET': [0.0, 0.0], '475_450_min_MET_pt': [10000000.0, 10000000.0], '475_445': [950.0, 0.0], '475_445_passing_MET': [916.0, 0.0], '475_445_failing_MET': [34.0, 0.0], '475_445_min_MET_pt': [46.36471939086914, 10000000.0], '500_490': [0.0, 1878.0], '500_490_passing_MET': [0.0, 1838.0], '500_490_failing_MET': [0.0, 40.0], '500_490_min_MET_pt': [10000000.0, 40.285545349121094], '500_485': [0.0, 0.0], '500_485_passing_MET': [0.0, 0.0], '500_485_failing_MET': [0.0, 0.0], '500_485_min_MET_pt': [10000000.0, 10000000.0], '500_480': [1005.0, 1021.0], '500_480_passing_MET': [0.0, 0.0], '500_480_failing_MET': [0.0, 0.0], '500_480_min_MET_pt': [10000000.0, 10000000.0], '500_475': [0.0, 0.0], '500_475_passing_MET': [0.0, 0.0], '500_475_failing_MET': [0.0, 0.0], '500_475_min_MET_pt': [10000000.0, 10000000.0], '500_470': [0.0, 980.0], '500_470_passing_MET': [0.0, 954.0], '500_470_failing_MET': [0.0, 26.0], '500_470_min_MET_pt': [10000000.0, 30.71827507019043], '525_515': [0.0, 0.0], '525_515_passing_MET': [0.0, 0.0], '525_515_failing_MET': [0.0, 0.0], '525_515_min_MET_pt': [10000000.0, 10000000.0], '525_510': [0.0, 0.0], '525_510_passing_MET': [0.0, 0.0], '525_510_failing_MET': [0.0, 0.0], '525_510_min_MET_pt': [10000000.0, 10000000.0], '525_505': [0.0, 0.0], '525_505_passing_MET': [0.0, 0.0], '525_505_failing_MET': [0.0, 0.0], '525_505_min_MET_pt': [10000000.0, 10000000.0], '525_500': [0.0, 0.0], '525_500_passing_MET': [0.0, 0.0], '525_500_failing_MET': [0.0, 0.0], '525_500_min_MET_pt': [10000000.0, 10000000.0], '525_495': [0.0, 0.0], '525_495_passing_MET': [0.0, 0.0], '525_495_failing_MET': [0.0, 0.0], '525_495_min_MET_pt': [10000000.0, 10000000.0], '550_540': [0.0, 1914.0], '550_540_passing_MET': [0.0, 1855.0], '550_540_failing_MET': [0.0, 59.0], '550_540_min_MET_pt': [10000000.0, 24.350587844848633], '550_535': [0.0, 0.0], '550_535_passing_MET': [0.0, 0.0], '550_535_failing_MET': [0.0, 0.0], '550_535_min_MET_pt': [10000000.0, 10000000.0], '550_530': [0.0, 0.0], '550_530_passing_MET': [0.0, 0.0], '550_530_failing_MET': [0.0, 0.0], '550_530_min_MET_pt': [10000000.0, 10000000.0], '550_525': [831.0, 0.0], '550_525_passing_MET': [806.0, 0.0], '550_525_failing_MET': [25.0, 0.0], '550_525_min_MET_pt': [42.708587646484375, 10000000.0], '550_520': [0.0, 0.0], '550_520_passing_MET': [0.0, 0.0], '550_520_failing_MET': [0.0, 0.0], '550_520_min_MET_pt': [10000000.0, 10000000.0], '575_565': [0.0, 0.0], '575_565_passing_MET': [0.0, 0.0], '575_565_failing_MET': [0.0, 0.0], '575_565_min_MET_pt': [10000000.0, 10000000.0], '575_560': [0.0, 0.0], '575_560_passing_MET': [0.0, 0.0], '575_560_failing_MET': [0.0, 0.0], '575_560_min_MET_pt': [10000000.0, 10000000.0], '575_555': [0.0, 0.0], '575_555_passing_MET': [0.0, 0.0], '575_555_failing_MET': [0.0, 0.0], '575_555_min_MET_pt': [10000000.0, 10000000.0], '575_550': [0.0, 0.0], '575_550_passing_MET': [0.0, 0.0], '575_550_failing_MET': [0.0, 0.0], '575_550_min_MET_pt': [10000000.0, 10000000.0], '575_545': [0.0, 0.0], '575_545_passing_MET': [0.0, 0.0], '575_545_failing_MET': [0.0, 0.0], '575_545_min_MET_pt': [10000000.0, 10000000.0], '600_590': [1048.0, 1048.0], '600_590_passing_MET': [0.0, 0.0], '600_590_failing_MET': [0.0, 0.0], '600_590_min_MET_pt': [10000000.0, 10000000.0], '600_585': [900.0, 1832.0], '600_585_passing_MET': [0.0, 0.0], '600_585_failing_MET': [0.0, 0.0], '600_585_min_MET_pt': [10000000.0, 10000000.0], '600_580': [0.0, 0.0], '600_580_passing_MET': [0.0, 0.0], '600_580_failing_MET': [0.0, 0.0], '600_580_min_MET_pt': [10000000.0, 10000000.0], '600_575': [908.0, 0.0], '600_575_passing_MET': [882.0, 0.0], '600_575_failing_MET': [26.0, 0.0], '600_575_min_MET_pt': [36.94609451293945, 10000000.0], '600_570': [0.0, 1077.0], '600_570_passing_MET': [0.0, 1033.0], '600_570_failing_MET': [0.0, 44.0], '600_570_min_MET_pt': [10000000.0, 43.22905731201172], '625_615': [0.0, 0.0], '625_615_passing_MET': [0.0, 0.0], '625_615_failing_MET': [0.0, 0.0], '625_615_min_MET_pt': [10000000.0, 10000000.0], '625_610': [0.0, 0.0], '625_610_passing_MET': [0.0, 0.0], '625_610_failing_MET': [0.0, 0.0], '625_610_min_MET_pt': [10000000.0, 10000000.0], '625_605': [0.0, 0.0], '625_605_passing_MET': [0.0, 0.0], '625_605_failing_MET': [0.0, 0.0], '625_605_min_MET_pt': [10000000.0, 10000000.0], '625_600': [0.0, 0.0], '625_600_passing_MET': [0.0, 0.0], '625_600_failing_MET': [0.0, 0.0], '625_600_min_MET_pt': [10000000.0, 10000000.0], '625_595': [0.0, 0.0], '625_595_passing_MET': [0.0, 0.0], '625_595_failing_MET': [0.0, 0.0], '625_595_min_MET_pt': [10000000.0, 10000000.0], '650_640': [1027.0, 5207.0], '650_640_passing_MET': [0.0, 0.0], '650_640_failing_MET': [0.0, 0.0], '650_640_min_MET_pt': [10000000.0, 10000000.0], '650_635': [0.0, 0.0], '650_635_passing_MET': [0.0, 0.0], '650_635_failing_MET': [0.0, 0.0], '650_635_min_MET_pt': [10000000.0, 10000000.0], '650_630': [0.0, 1079.0], '650_630_passing_MET': [0.0, 1054.0], '650_630_failing_MET': [0.0, 25.0], '650_630_min_MET_pt': [10000000.0, 41.639278411865234], '650_625': [0.0, 0.0], '650_625_passing_MET': [0.0, 0.0], '650_625_failing_MET': [0.0, 0.0], '650_625_min_MET_pt': [10000000.0, 10000000.0], '650_620': [1078.0, 1149.0], '650_620_passing_MET': [0.0, 0.0], '650_620_failing_MET': [0.0, 0.0], '650_620_min_MET_pt': [10000000.0, 10000000.0], '675_665': [0.0, 0.0], '675_665_passing_MET': [0.0, 0.0], '675_665_failing_MET': [0.0, 0.0], '675_665_min_MET_pt': [10000000.0, 10000000.0], '675_660': [0.0, 0.0], '675_660_passing_MET': [0.0, 0.0], '675_660_failing_MET': [0.0, 0.0], '675_660_min_MET_pt': [10000000.0, 10000000.0], '675_655': [0.0, 0.0], '675_655_passing_MET': [0.0, 0.0], '675_655_failing_MET': [0.0, 0.0], '675_655_min_MET_pt': [10000000.0, 10000000.0], '675_650': [0.0, 0.0], '675_650_passing_MET': [0.0, 0.0], '675_650_failing_MET': [0.0, 0.0], '675_650_min_MET_pt': [10000000.0, 10000000.0], '675_645': [0.0, 0.0], '675_645_passing_MET': [0.0, 0.0], '675_645_failing_MET': [0.0, 0.0], '675_645_min_MET_pt': [10000000.0, 10000000.0], '700_690': [1058.0, 1036.0], '700_690_passing_MET': [0.0, 0.0], '700_690_failing_MET': [0.0, 0.0], '700_690_min_MET_pt': [10000000.0, 10000000.0], '700_685': [926.0, 909.0], '700_685_passing_MET': [0.0, 0.0], '700_685_failing_MET': [0.0, 0.0], '700_685_min_MET_pt': [10000000.0, 10000000.0], '700_680': [2193.0, 1074.0], '700_680_passing_MET': [0.0, 0.0], '700_680_failing_MET': [0.0, 0.0], '700_680_min_MET_pt': [10000000.0, 10000000.0], '700_675': [879.0, 0.0], '700_675_passing_MET': [843.0, 0.0], '700_675_failing_MET': [36.0, 0.0], '700_675_min_MET_pt': [42.9546012878418, 10000000.0], '700_670': [0.0, 0.0], '700_670_passing_MET': [0.0, 0.0], '700_670_failing_MET': [0.0, 0.0], '700_670_min_MET_pt': [10000000.0, 10000000.0], '725_715': [0.0, 0.0], '725_715_passing_MET': [0.0, 0.0], '725_715_failing_MET': [0.0, 0.0], '725_715_min_MET_pt': [10000000.0, 10000000.0], '725_710': [0.0, 0.0], '725_710_passing_MET': [0.0, 0.0], '725_710_failing_MET': [0.0, 0.0], '725_710_min_MET_pt': [10000000.0, 10000000.0], '725_705': [0.0, 0.0], '725_705_passing_MET': [0.0, 0.0], '725_705_failing_MET': [0.0, 0.0], '725_705_min_MET_pt': [10000000.0, 10000000.0], '725_700': [0.0, 0.0], '725_700_passing_MET': [0.0, 0.0], '725_700_failing_MET': [0.0, 0.0], '725_700_min_MET_pt': [10000000.0, 10000000.0], '725_695': [0.0, 0.0], '725_695_passing_MET': [0.0, 0.0], '725_695_failing_MET': [0.0, 0.0], '725_695_min_MET_pt': [10000000.0, 10000000.0], '750_740': [0.0, 1048.0], '750_740_passing_MET': [0.0, 1026.0], '750_740_failing_MET': [0.0, 22.0], '750_740_min_MET_pt': [10000000.0, 36.21585464477539], '750_735': [0.0, 0.0], '750_735_passing_MET': [0.0, 0.0], '750_735_failing_MET': [0.0, 0.0], '750_735_min_MET_pt': [10000000.0, 10000000.0], '750_730': [0.0, 0.0], '750_730_passing_MET': [0.0, 0.0], '750_730_failing_MET': [0.0, 0.0], '750_730_min_MET_pt': [10000000.0, 10000000.0], '750_725': [0.0, 1834.0], '750_725_passing_MET': [0.0, 1786.0], '750_725_failing_MET': [0.0, 48.0], '750_725_min_MET_pt': [10000000.0, 34.18721389770508], '750_720': [0.0, 0.0], '750_720_passing_MET': [0.0, 0.0], '750_720_failing_MET': [0.0, 0.0], '750_720_min_MET_pt': [10000000.0, 10000000.0], '775_765': [0.0, 0.0], '775_765_passing_MET': [0.0, 0.0], '775_765_failing_MET': [0.0, 0.0], '775_765_min_MET_pt': [10000000.0, 10000000.0], '775_760': [0.0, 0.0], '775_760_passing_MET': [0.0, 0.0], '775_760_failing_MET': [0.0, 0.0], '775_760_min_MET_pt': [10000000.0, 10000000.0], '775_755': [0.0, 0.0], '775_755_passing_MET': [0.0, 0.0], '775_755_failing_MET': [0.0, 0.0], '775_755_min_MET_pt': [10000000.0, 10000000.0], '775_750': [0.0, 0.0], '775_750_passing_MET': [0.0, 0.0], '775_750_failing_MET': [0.0, 0.0], '775_750_min_MET_pt': [10000000.0, 10000000.0], '775_745': [0.0, 0.0], '775_745_passing_MET': [0.0, 0.0], '775_745_failing_MET': [0.0, 0.0], '775_745_min_MET_pt': [10000000.0, 10000000.0], '800_790': [1078.0, 0.0], '800_790_passing_MET': [1054.0, 0.0], '800_790_failing_MET': [24.0, 0.0], '800_790_min_MET_pt': [20.940134048461914, 10000000.0], '800_785': [976.0, 0.0], '800_785_passing_MET': [959.0, 0.0], '800_785_failing_MET': [17.0, 0.0], '800_785_min_MET_pt': [34.96151351928711, 10000000.0], '800_780': [1095.0, 0.0], '800_780_passing_MET': [1060.0, 0.0], '800_780_failing_MET': [35.0, 0.0], '800_780_min_MET_pt': [28.619295120239258, 10000000.0], '800_775': [944.0, 0.0], '800_775_passing_MET': [922.0, 0.0], '800_775_failing_MET': [22.0, 0.0], '800_775_min_MET_pt': [57.707191467285156, 10000000.0], '800_770': [1189.0, 0.0], '800_770_passing_MET': [1156.0, 0.0], '800_770_failing_MET': [33.0, 0.0], '800_770_min_MET_pt': [31.40309715270996, 10000000.0], '825_815': [0.0, 0.0], '825_815_passing_MET': [0.0, 0.0], '825_815_failing_MET': [0.0, 0.0], '825_815_min_MET_pt': [10000000.0, 10000000.0], '825_810': [0.0, 0.0], '825_810_passing_MET': [0.0, 0.0], '825_810_failing_MET': [0.0, 0.0], '825_810_min_MET_pt': [10000000.0, 10000000.0], '825_805': [0.0, 0.0], '825_805_passing_MET': [0.0, 0.0], '825_805_failing_MET': [0.0, 0.0], '825_805_min_MET_pt': [10000000.0, 10000000.0], '825_800': [0.0, 0.0], '825_800_passing_MET': [0.0, 0.0], '825_800_failing_MET': [0.0, 0.0], '825_800_min_MET_pt': [10000000.0, 10000000.0], '825_795': [0.0, 0.0], '825_795_passing_MET': [0.0, 0.0], '825_795_failing_MET': [0.0, 0.0], '825_795_min_MET_pt': [10000000.0, 10000000.0], '850_840': [1112.0, 0.0], '850_840_passing_MET': [1090.0, 0.0], '850_840_failing_MET': [22.0, 0.0], '850_840_min_MET_pt': [58.230995178222656, 10000000.0], '850_835': [1013.0, 978.0], '850_835_passing_MET': [0.0, 0.0], '850_835_failing_MET': [0.0, 0.0], '850_835_min_MET_pt': [10000000.0, 10000000.0], '850_830': [0.0, 1144.0], '850_830_passing_MET': [0.0, 1121.0], '850_830_failing_MET': [0.0, 23.0], '850_830_min_MET_pt': [10000000.0, 21.751659393310547], '850_825': [942.0, 1006.0], '850_825_passing_MET': [0.0, 0.0], '850_825_failing_MET': [0.0, 0.0], '850_825_min_MET_pt': [10000000.0, 10000000.0], '850_820': [0.0, 1207.0], '850_820_passing_MET': [0.0, 1168.0], '850_820_failing_MET': [0.0, 39.0], '850_820_min_MET_pt': [10000000.0, 44.4084358215332], '875_865': [0.0, 0.0], '875_865_passing_MET': [0.0, 0.0], '875_865_failing_MET': [0.0, 0.0], '875_865_min_MET_pt': [10000000.0, 10000000.0], '875_860': [0.0, 0.0], '875_860_passing_MET': [0.0, 0.0], '875_860_failing_MET': [0.0, 0.0], '875_860_min_MET_pt': [10000000.0, 10000000.0], '875_855': [0.0, 0.0], '875_855_passing_MET': [0.0, 0.0], '875_855_failing_MET': [0.0, 0.0], '875_855_min_MET_pt': [10000000.0, 10000000.0], '875_850': [0.0, 0.0], '875_850_passing_MET': [0.0, 0.0], '875_850_failing_MET': [0.0, 0.0], '875_850_min_MET_pt': [10000000.0, 10000000.0], '875_845': [0.0, 0.0], '875_845_passing_MET': [0.0, 0.0], '875_845_failing_MET': [0.0, 0.0], '875_845_min_MET_pt': [10000000.0, 10000000.0], '900_890': [2191.0, 1146.0], '900_890_passing_MET': [0.0, 0.0], '900_890_failing_MET': [0.0, 0.0], '900_890_min_MET_pt': [10000000.0, 10000000.0], '900_885': [0.0, 1038.0], '900_885_passing_MET': [0.0, 1016.0], '900_885_failing_MET': [0.0, 22.0], '900_885_min_MET_pt': [10000000.0, 44.146087646484375], '900_880': [1200.0, 2256.0], '900_880_passing_MET': [0.0, 0.0], '900_880_failing_MET': [0.0, 0.0], '900_880_min_MET_pt': [10000000.0, 10000000.0], '900_875': [0.0, 0.0], '900_875_passing_MET': [0.0, 0.0], '900_875_failing_MET': [0.0, 0.0], '900_875_min_MET_pt': [10000000.0, 10000000.0], '900_870': [0.0, 0.0], '900_870_passing_MET': [0.0, 0.0], '900_870_failing_MET': [0.0, 0.0], '900_870_min_MET_pt': [10000000.0, 10000000.0], '925_915': [0.0, 0.0], '925_915_passing_MET': [0.0, 0.0], '925_915_failing_MET': [0.0, 0.0], '925_915_min_MET_pt': [10000000.0, 10000000.0], '925_910': [0.0, 0.0], '925_910_passing_MET': [0.0, 0.0], '925_910_failing_MET': [0.0, 0.0], '925_910_min_MET_pt': [10000000.0, 10000000.0], '925_905': [0.0, 0.0], '925_905_passing_MET': [0.0, 0.0], '925_905_failing_MET': [0.0, 0.0], '925_905_min_MET_pt': [10000000.0, 10000000.0], '925_900': [0.0, 0.0], '925_900_passing_MET': [0.0, 0.0], '925_900_failing_MET': [0.0, 0.0], '925_900_min_MET_pt': [10000000.0, 10000000.0], '925_895': [0.0, 0.0], '925_895_passing_MET': [0.0, 0.0], '925_895_failing_MET': [0.0, 0.0], '925_895_min_MET_pt': [10000000.0, 10000000.0], '950_940': [3351.0, 0.0], '950_940_passing_MET': [3275.0, 0.0], '950_940_failing_MET': [76.0, 0.0], '950_940_min_MET_pt': [49.963653564453125, 10000000.0], '950_935': [0.0, 0.0], '950_935_passing_MET': [0.0, 0.0], '950_935_failing_MET': [0.0, 0.0], '950_935_min_MET_pt': [10000000.0, 10000000.0], '950_930': [0.0, 1134.0], '950_930_passing_MET': [0.0, 1114.0], '950_930_failing_MET': [0.0, 20.0], '950_930_min_MET_pt': [10000000.0, 8.544916152954102], '950_925': [0.0, 0.0], '950_925_passing_MET': [0.0, 0.0], '950_925_failing_MET': [0.0, 0.0], '950_925_min_MET_pt': [10000000.0, 10000000.0], '950_920': [1150.0, 0.0], '950_920_passing_MET': [1124.0, 0.0], '950_920_failing_MET': [26.0, 0.0], '950_920_min_MET_pt': [39.996639251708984, 10000000.0], '975_965': [0.0, 0.0], '975_965_passing_MET': [0.0, 0.0], '975_965_failing_MET': [0.0, 0.0], '975_965_min_MET_pt': [10000000.0, 10000000.0], '975_960': [0.0, 0.0], '975_960_passing_MET': [0.0, 0.0], '975_960_failing_MET': [0.0, 0.0], '975_960_min_MET_pt': [10000000.0, 10000000.0], '975_955': [0.0, 0.0], '975_955_passing_MET': [0.0, 0.0], '975_955_failing_MET': [0.0, 0.0], '975_955_min_MET_pt': [10000000.0, 10000000.0], '975_950': [0.0, 0.0], '975_950_passing_MET': [0.0, 0.0], '975_950_failing_MET': [0.0, 0.0], '975_950_min_MET_pt': [10000000.0, 10000000.0], '975_945': [0.0, 0.0], '975_945_passing_MET': [0.0, 0.0], '975_945_failing_MET': [0.0, 0.0], '975_945_min_MET_pt': [10000000.0, 10000000.0], '1000_990': [1157.0, 1115.0], '1000_990_passing_MET': [0.0, 0.0], '1000_990_failing_MET': [0.0, 0.0], '1000_990_min_MET_pt': [10000000.0, 10000000.0], '1000_985': [965.0, 0.0], '1000_985_passing_MET': [942.0, 0.0], '1000_985_failing_MET': [23.0, 0.0], '1000_985_min_MET_pt': [47.69874954223633, 10000000.0], '1000_980': [1135.0, 0.0], '1000_980_passing_MET': [1107.0, 0.0], '1000_980_failing_MET': [28.0, 0.0], '1000_980_min_MET_pt': [11.925411224365234, 10000000.0], '1000_975': [0.0, 0.0], '1000_975_passing_MET': [0.0, 0.0], '1000_975_failing_MET': [0.0, 0.0], '1000_975_min_MET_pt': [10000000.0, 10000000.0], '1000_970': [0.0, 1175.0], '1000_970_passing_MET': [0.0, 1146.0], '1000_970_failing_MET': [0.0, 29.0], '1000_970_min_MET_pt': [10000000.0, 42.118385314941406], '1025_1015': [0.0, 0.0], '1025_1015_passing_MET': [0.0, 0.0], '1025_1015_failing_MET': [0.0, 0.0], '1025_1015_min_MET_pt': [10000000.0, 10000000.0], '1025_1010': [0.0, 0.0], '1025_1010_passing_MET': [0.0, 0.0], '1025_1010_failing_MET': [0.0, 0.0], '1025_1010_min_MET_pt': [10000000.0, 10000000.0], '1025_1005': [0.0, 0.0], '1025_1005_passing_MET': [0.0, 0.0], '1025_1005_failing_MET': [0.0, 0.0], '1025_1005_min_MET_pt': [10000000.0, 10000000.0], '1025_1000': [0.0, 0.0], '1025_1000_passing_MET': [0.0, 0.0], '1025_1000_failing_MET': [0.0, 0.0], '1025_1000_min_MET_pt': [10000000.0, 10000000.0], '1025_995': [0.0, 0.0], '1025_995_passing_MET': [0.0, 0.0], '1025_995_failing_MET': [0.0, 0.0], '1025_995_min_MET_pt': [10000000.0, 10000000.0], '1050_1040': [0.0, 0.0], '1050_1040_passing_MET': [0.0, 0.0], '1050_1040_failing_MET': [0.0, 0.0], '1050_1040_min_MET_pt': [10000000.0, 10000000.0], '1050_1035': [0.0, 0.0], '1050_1035_passing_MET': [0.0, 0.0], '1050_1035_failing_MET': [0.0, 0.0], '1050_1035_min_MET_pt': [10000000.0, 10000000.0], '1050_1030': [0.0, 0.0], '1050_1030_passing_MET': [0.0, 0.0], '1050_1030_failing_MET': [0.0, 0.0], '1050_1030_min_MET_pt': [10000000.0, 10000000.0], '1050_1025': [0.0, 0.0], '1050_1025_passing_MET': [0.0, 0.0], '1050_1025_failing_MET': [0.0, 0.0], '1050_1025_min_MET_pt': [10000000.0, 10000000.0], '1050_1020': [0.0, 0.0], '1050_1020_passing_MET': [0.0, 0.0], '1050_1020_failing_MET': [0.0, 0.0], '1050_1020_min_MET_pt': [10000000.0, 10000000.0], '1075_1065': [0.0, 0.0], '1075_1065_passing_MET': [0.0, 0.0], '1075_1065_failing_MET': [0.0, 0.0], '1075_1065_min_MET_pt': [10000000.0, 10000000.0], '1075_1060': [0.0, 0.0], '1075_1060_passing_MET': [0.0, 0.0], '1075_1060_failing_MET': [0.0, 0.0], '1075_1060_min_MET_pt': [10000000.0, 10000000.0], '1075_1055': [0.0, 0.0], '1075_1055_passing_MET': [0.0, 0.0], '1075_1055_failing_MET': [0.0, 0.0], '1075_1055_min_MET_pt': [10000000.0, 10000000.0], '1075_1050': [0.0, 0.0], '1075_1050_passing_MET': [0.0, 0.0], '1075_1050_failing_MET': [0.0, 0.0], '1075_1050_min_MET_pt': [10000000.0, 10000000.0], '1075_1045': [0.0, 0.0], '1075_1045_passing_MET': [0.0, 0.0], '1075_1045_failing_MET': [0.0, 0.0], '1075_1045_min_MET_pt': [10000000.0, 10000000.0], '1100_1090': [1063.0, 0.0], '1100_1090_passing_MET': [1045.0, 0.0], '1100_1090_failing_MET': [18.0, 0.0], '1100_1090_min_MET_pt': [58.99700927734375, 10000000.0], '1100_1085': [1001.0, 0.0], '1100_1085_passing_MET': [972.0, 0.0], '1100_1085_failing_MET': [29.0, 0.0], '1100_1085_min_MET_pt': [51.28401565551758, 10000000.0], '1100_1080': [0.0, 0.0], '1100_1080_passing_MET': [0.0, 0.0], '1100_1080_failing_MET': [0.0, 0.0], '1100_1080_min_MET_pt': [10000000.0, 10000000.0], '1100_1075': [1028.0, 0.0], '1100_1075_passing_MET': [1003.0, 0.0], '1100_1075_failing_MET': [25.0, 0.0], '1100_1075_min_MET_pt': [37.209957122802734, 10000000.0], '1100_1070': [0.0, 0.0], '1100_1070_passing_MET': [0.0, 0.0], '1100_1070_failing_MET': [0.0, 0.0], '1100_1070_min_MET_pt': [10000000.0, 10000000.0], 'nEventsTotal': 190259.0, 'strange masspoints': 0.0, 'orphans': 0.0, 'R-hadron event': 0.0, 'different stop antistop masses': 0.0, 'strange error': 0.0, 'strange event': 0.0, 'different neutralino masses': 14457.0, 'large differences': 0.0, '826_815': [973.0, 937.0], '826_815_passing_MET': [945.0, 911.0], '826_815_failing_MET': [28.0, 26.0], '826_815_min_MET_pt': [12.232104301452637, 54.142635345458984], '826_816': [95.0, 104.0], '826_816_passing_MET': [93.0, 104.0], '826_816_failing_MET': [2.0, 0.0], '826_816_min_MET_pt': [54.19092559814453, 101.97572326660156], '850_826': [181.0, 151.0], '850_826_passing_MET': [175.0, 147.0], '850_826_failing_MET': [6.0, 4.0], '850_826_min_MET_pt': [60.437896728515625, 89.24214935302734], '1024_1015': [2111.0, 0.0], '1024_1015_passing_MET': [2055.0, 0.0], '1024_1015_failing_MET': [56.0, 0.0], '1024_1015_min_MET_pt': [25.448781967163086, 10000000.0], '1024_1016': [198.0, 0.0], '1024_1016_passing_MET': [196.0, 0.0], '1024_1016_failing_MET': [2.0, 0.0], '1024_1016_min_MET_pt': [89.45408630371094, 10000000.0], '576_565': [0.0, 1743.0], '576_565_passing_MET': [0.0, 1701.0], '576_565_failing_MET': [0.0, 42.0], '576_565_min_MET_pt': [10000000.0, 16.416173934936523], '576_566': [0.0, 157.0], '576_566_passing_MET': [0.0, 153.0], '576_566_failing_MET': [0.0, 4.0], '576_566_min_MET_pt': [10000000.0, 62.39181900024414], '776_750': [2239.0, 0.0], '776_750_passing_MET': [2184.0, 0.0], '776_750_failing_MET': [55.0, 0.0], '776_750_min_MET_pt': [36.50887680053711, 10000000.0], '676_650': [1079.0, 0.0], '676_650_passing_MET': [1052.0, 0.0], '676_650_failing_MET': [27.0, 0.0], '676_650_min_MET_pt': [37.874393463134766, 10000000.0], '1076_1050': [0.0, 1034.0], '1076_1050_passing_MET': [0.0, 1009.0], '1076_1050_failing_MET': [0.0, 25.0], '1076_1050_min_MET_pt': [10000000.0, 62.44887924194336], '1076_1052': [0.0, 170.0], '1076_1052_passing_MET': [0.0, 166.0], '1076_1052_failing_MET': [0.0, 4.0], '1076_1052_min_MET_pt': [10000000.0, 57.71397399902344], '850_836': [127.0, 139.0], '850_836_passing_MET': [122.0, 134.0], '850_836_failing_MET': [5.0, 5.0], '850_836_min_MET_pt': [49.63946533203125, 53.16434097290039], '600_586': [130.0, 235.0], '600_586_passing_MET': [126.0, 228.0], '600_586_failing_MET': [4.0, 7.0], '600_586_min_MET_pt': [48.1833610534668, 40.98826599121094], '676_665': [0.0, 965.0], '676_665_passing_MET': [0.0, 947.0], '676_665_failing_MET': [0.0, 18.0], '676_665_min_MET_pt': [10000000.0, 50.64005661010742], '676_666': [0.0, 92.0], '676_666_passing_MET': [0.0, 92.0], '676_666_failing_MET': [0.0, 0.0], '676_666_min_MET_pt': [10000000.0, 103.6441879272461], '1100_1084': [129.0, 0.0], '1100_1084_passing_MET': [126.0, 0.0], '1100_1084_failing_MET': [3.0, 0.0], '1100_1084_min_MET_pt': [86.79450988769531, 10000000.0], '1024_1005': [995.0, 0.0], '1024_1005_passing_MET': [964.0, 0.0], '1024_1005_failing_MET': [31.0, 0.0], '1024_1005_min_MET_pt': [51.191158294677734, 10000000.0], '1024_1006': [165.0, 0.0], '1024_1006_passing_MET': [163.0, 0.0], '1024_1006_failing_MET': [2.0, 0.0], '1024_1006_min_MET_pt': [84.05282592773438, 10000000.0], '876_865': [2001.0, 0.0], '876_865_passing_MET': [1959.0, 0.0], '876_865_failing_MET': [42.0, 0.0], '876_865_min_MET_pt': [15.701943397521973, 10000000.0], '876_866': [197.0, 0.0], '876_866_passing_MET': [184.0, 0.0], '876_866_failing_MET': [13.0, 0.0], '876_866_min_MET_pt': [47.188655853271484, 10000000.0], '876_846': [0.0, 600.0], '876_846_passing_MET': [0.0, 586.0], '876_846_failing_MET': [0.0, 14.0], '876_846_min_MET_pt': [10000000.0, 40.452693939208984], '876_845': [0.0, 2859.0], '876_845_passing_MET': [0.0, 2781.0], '876_845_failing_MET': [0.0, 78.0], '876_845_min_MET_pt': [10000000.0, 26.235837936401367], '826_805': [972.0, 1985.0], '826_805_passing_MET': [951.0, 1934.0], '826_805_failing_MET': [21.0, 51.0], '826_805_min_MET_pt': [53.141212463378906, 7.751396656036377], '826_806': [174.0, 277.0], '826_806_passing_MET': [170.0, 272.0], '826_806_failing_MET': [4.0, 5.0], '826_806_min_MET_pt': [64.15888214111328, 73.33073425292969], '976_950': [0.0, 1203.0], '976_950_passing_MET': [0.0, 1182.0], '976_950_failing_MET': [0.0, 21.0], '976_950_min_MET_pt': [10000000.0, 6.406234264373779], '526_505': [1041.0, 995.0], '526_505_passing_MET': [996.0, 969.0], '526_505_failing_MET': [45.0, 26.0], '526_505_min_MET_pt': [9.037139892578125, 44.285797119140625], '776_765': [964.0, 994.0], '776_765_passing_MET': [943.0, 975.0], '776_765_failing_MET': [21.0, 19.0], '776_765_min_MET_pt': [52.2180290222168, 30.336719512939453], '776_766': [107.0, 112.0], '776_766_passing_MET': [107.0, 110.0], '776_766_failing_MET': [0.0, 2.0], '776_766_min_MET_pt': [107.19659423828125, 70.89331817626953], '626_615': [2738.0, 912.0], '626_615_passing_MET': [2661.0, 898.0], '626_615_failing_MET': [77.0, 14.0], '626_615_min_MET_pt': [7.542425155639648, 45.20556640625], '626_616': [263.0, 112.0], '626_616_passing_MET': [258.0, 109.0], '626_616_failing_MET': [5.0, 3.0], '626_616_min_MET_pt': [53.70919418334961, 74.33346557617188], '526_515': [1726.0, 0.0], '526_515_passing_MET': [1678.0, 0.0], '526_515_failing_MET': [48.0, 0.0], '526_515_min_MET_pt': [32.51953887939453, 10000000.0], '526_516': [187.0, 0.0], '526_516_passing_MET': [177.0, 0.0], '526_516_failing_MET': [10.0, 0.0], '526_516_min_MET_pt': [46.494144439697266, 10000000.0], '750_726': [0.0, 382.0], '750_726_passing_MET': [0.0, 371.0], '750_726_failing_MET': [0.0, 11.0], '750_726_min_MET_pt': [10000000.0, 66.6302719116211], '1076_1060': [0.0, 1108.0], '1076_1060_passing_MET': [0.0, 1083.0], '1076_1060_failing_MET': [0.0, 25.0], '1076_1060_min_MET_pt': [10000000.0, 38.9538459777832], '700_676': [148.0, 0.0], '700_676_passing_MET': [141.0, 0.0], '700_676_failing_MET': [7.0, 0.0], '700_676_min_MET_pt': [56.4051628112793, 10000000.0], '1052_1035': [2043.0, 0.0], '1052_1035_passing_MET': [2002.0, 0.0], '1052_1035_failing_MET': [41.0, 0.0], '1052_1035_min_MET_pt': [48.803646087646484, 10000000.0], '1052_1036': [310.0, 0.0], '1052_1036_passing_MET': [302.0, 0.0], '1052_1036_failing_MET': [8.0, 0.0], '1052_1036_min_MET_pt': [33.24576950073242, 10000000.0], '576_545': [864.0, 0.0], '576_545_passing_MET': [837.0, 0.0], '576_545_failing_MET': [27.0, 0.0], '576_545_min_MET_pt': [26.150386810302734, 10000000.0], '576_546': [174.0, 0.0], '576_546_passing_MET': [173.0, 0.0], '576_546_failing_MET': [1.0, 0.0], '576_546_min_MET_pt': [79.58784484863281, 10000000.0], '876_860': [0.0, 2245.0], '876_860_passing_MET': [0.0, 2193.0], '876_860_failing_MET': [0.0, 52.0], '876_860_min_MET_pt': [10000000.0, 43.19980239868164], '900_886': [0.0, 119.0], '900_886_passing_MET': [0.0, 119.0], '900_886_failing_MET': [0.0, 0.0], '900_886_min_MET_pt': [10000000.0, 106.3996810913086], '726_700': [0.0, 1099.0], '726_700_passing_MET': [0.0, 1072.0], '726_700_failing_MET': [0.0, 27.0], '726_700_min_MET_pt': [10000000.0, 23.31878089904785], '726_715': [1965.0, 0.0], '726_715_passing_MET': [1915.0, 0.0], '726_715_failing_MET': [50.0, 0.0], '726_715_min_MET_pt': [12.565844535827637, 10000000.0], '726_716': [185.0, 0.0], '726_716_passing_MET': [177.0, 0.0], '726_716_failing_MET': [8.0, 0.0], '726_716_min_MET_pt': [64.72388458251953, 10000000.0], '1100_1076': [189.0, 0.0], '1100_1076_passing_MET': [186.0, 0.0], '1100_1076_failing_MET': [3.0, 0.0], '1100_1076_min_MET_pt': [73.70925903320312, 10000000.0], '800_776': [177.0, 0.0], '800_776_passing_MET': [173.0, 0.0], '800_776_failing_MET': [4.0, 0.0], '800_776_min_MET_pt': [65.04739379882812, 10000000.0], '976_965': [979.0, 3047.0], '976_965_passing_MET': [952.0, 2972.0], '976_965_failing_MET': [27.0, 75.0], '976_965_min_MET_pt': [9.570324897766113, 15.383652687072754], '976_966': [112.0, 316.0], '976_966_passing_MET': [109.0, 309.0], '976_966_failing_MET': [3.0, 7.0], '976_966_min_MET_pt': [31.034719467163086, 52.71855163574219], '876_855': [0.0, 982.0], '876_855_passing_MET': [0.0, 957.0], '876_855_failing_MET': [0.0, 25.0], '876_855_min_MET_pt': [10000000.0, 34.533782958984375], '876_856': [0.0, 180.0], '876_856_passing_MET': [0.0, 172.0], '876_856_failing_MET': [0.0, 8.0], '876_856_min_MET_pt': [10000000.0, 40.357391357421875], '1076_1065': [0.0, 4155.0], '1076_1065_passing_MET': [0.0, 4072.0], '1076_1065_failing_MET': [0.0, 83.0], '1076_1065_min_MET_pt': [10000000.0, 30.359546661376953], '1076_1064': [0.0, 441.0], '1076_1064_passing_MET': [0.0, 436.0], '1076_1064_failing_MET': [0.0, 5.0], '1076_1064_min_MET_pt': [10000000.0, 30.8471622467041], '876_850': [1159.0, 0.0], '876_850_passing_MET': [1136.0, 0.0], '876_850_failing_MET': [23.0, 0.0], '876_850_min_MET_pt': [23.859851837158203, 10000000.0], '926_900': [0.0, 1175.0], '926_900_passing_MET': [0.0, 1138.0], '926_900_failing_MET': [0.0, 37.0], '926_900_min_MET_pt': [10000000.0, 45.82649612426758], '1024_995': [1021.0, 0.0], '1024_995_passing_MET': [993.0, 0.0], '1024_995_failing_MET': [28.0, 0.0], '1024_995_min_MET_pt': [28.244600296020508, 10000000.0], '1024_996': [192.0, 0.0], '1024_996_passing_MET': [187.0, 0.0], '1024_996_failing_MET': [5.0, 0.0], '1024_996_min_MET_pt': [68.3817138671875, 10000000.0], '600_576': [161.0, 0.0], '600_576_passing_MET': [154.0, 0.0], '600_576_failing_MET': [7.0, 0.0], '600_576_min_MET_pt': [69.80699920654297, 10000000.0], '1024_1010': [1131.0, 0.0], '1024_1010_passing_MET': [1104.0, 0.0], '1024_1010_failing_MET': [27.0, 0.0], '1024_1010_min_MET_pt': [17.997207641601562, 10000000.0], '1100_1092': [109.0, 0.0], '1100_1092_passing_MET': [108.0, 0.0], '1100_1092_failing_MET': [1.0, 0.0], '1100_1092_min_MET_pt': [74.87822723388672, 10000000.0], '826_800': [0.0, 1159.0], '826_800_passing_MET': [0.0, 1117.0], '826_800_failing_MET': [0.0, 42.0], '826_800_min_MET_pt': [10000000.0, 31.98849868774414], '1052_1020': [1199.0, 0.0], '1052_1020_passing_MET': [1165.0, 0.0], '1052_1020_failing_MET': [34.0, 0.0], '1052_1020_min_MET_pt': [33.3519172668457, 10000000.0], '700_686': [137.0, 142.0], '700_686_passing_MET': [134.0, 140.0], '700_686_failing_MET': [3.0, 2.0], '700_686_min_MET_pt': [73.8804931640625, 83.88956451416016], '976_955': [972.0, 0.0], '976_955_passing_MET': [947.0, 0.0], '976_955_failing_MET': [25.0, 0.0], '976_955_min_MET_pt': [27.85287094116211, 10000000.0], '976_956': [157.0, 0.0], '976_956_passing_MET': [153.0, 0.0], '976_956_failing_MET': [4.0, 0.0], '976_956_min_MET_pt': [63.89421463012695, 10000000.0], '626_600': [1049.0, 0.0], '626_600_passing_MET': [1018.0, 0.0], '626_600_failing_MET': [31.0, 0.0], '626_600_min_MET_pt': [32.37260818481445, 10000000.0], '526_510': [0.0, 919.0], '526_510_passing_MET': [0.0, 897.0], '526_510_failing_MET': [0.0, 22.0], '526_510_min_MET_pt': [10000000.0, 30.31541633605957], '726_705': [962.0, 0.0], '726_705_passing_MET': [938.0, 0.0], '726_705_failing_MET': [24.0, 0.0], '726_705_min_MET_pt': [38.27837371826172, 10000000.0], '726_706': [178.0, 0.0], '726_706_passing_MET': [174.0, 0.0], '726_706_failing_MET': [4.0, 0.0], '726_706_min_MET_pt': [65.06138610839844, 10000000.0], '800_786': [131.0, 0.0], '800_786_passing_MET': [129.0, 0.0], '800_786_failing_MET': [2.0, 0.0], '800_786_min_MET_pt': [49.821285247802734, 10000000.0], '1000_986': [147.0, 0.0], '1000_986_passing_MET': [145.0, 0.0], '1000_986_failing_MET': [2.0, 0.0], '1000_986_min_MET_pt': [90.54366302490234, 10000000.0], '550_526': [150.0, 0.0], '550_526_passing_MET': [146.0, 0.0], '550_526_failing_MET': [4.0, 0.0], '550_526_min_MET_pt': [77.03290557861328, 10000000.0]}
nevents_from_dict =  3570321206.308426
Results saved to /afs/cern.ch/work/m/mleoncoe/private/stop_met_check/outputs_2018/nanoAOD_283.json
done
