000 (9018140.461.000) 01/06 10:56:39 Job submitted from host: <188.185.6.50:9618?addrs=188.185.6.50-9618+[2001-1458-d00-62--100-2b1]-9618&alias=bigbird25.cern.ch&noUDP&sock=schedd_1627_90ad>
...
040 (9018140.461.000) 01/06 11:00:54 Started transferring input files
	Transferring to host: <188.185.206.135:9618?addrs=188.185.206.135-9618+[2001-1458-303-c--100-4]-9618&alias=b9p06p6909.cern.ch&noUDP&sock=slot1_17_4845_7d9e_106738>
...
040 (9018140.461.000) 01/06 11:00:54 Finished transferring input files
...
001 (9018140.461.000) 01/06 11:00:55 Job executing on host: <188.185.206.135:9618?addrs=188.185.206.135-9618+[2001-1458-303-c--100-4]-9618&alias=b9p06p6909.cern.ch&noUDP&sock=startd_4087_eba8>
	SlotName: slot1_17@b9p06p6909.cern.ch
	CondorScratchDir = "/pool/condor/dir_4098500"
	Cpus = 1
	Disk = 3657
	GPUs = 0
	Memory = 3000
...
006 (9018140.461.000) 01/06 11:01:08 Image size of job updated: 12464
	13  -  MemoryUsage of job (MB)
	12464  -  ResidentSetSize of job (KB)
...
006 (9018140.461.000) 01/06 11:06:08 Image size of job updated: 207980
	204  -  MemoryUsage of job (MB)
	207980  -  ResidentSetSize of job (KB)
...
006 (9018140.461.000) 01/06 11:11:09 Image size of job updated: 208032
	204  -  MemoryUsage of job (MB)
	208032  -  ResidentSetSize of job (KB)
...
006 (9018140.461.000) 01/06 11:16:09 Image size of job updated: 208096
	204  -  MemoryUsage of job (MB)
	208096  -  ResidentSetSize of job (KB)
...
006 (9018140.461.000) 01/06 11:21:10 Image size of job updated: 208136
	204  -  MemoryUsage of job (MB)
	208136  -  ResidentSetSize of job (KB)
...
006 (9018140.461.000) 01/06 11:26:10 Image size of job updated: 208384
	204  -  MemoryUsage of job (MB)
	208384  -  ResidentSetSize of job (KB)
...
006 (9018140.461.000) 01/06 11:31:10 Image size of job updated: 208408
	204  -  MemoryUsage of job (MB)
	208408  -  ResidentSetSize of job (KB)
...
006 (9018140.461.000) 01/06 11:36:11 Image size of job updated: 208496
	204  -  MemoryUsage of job (MB)
	208496  -  ResidentSetSize of job (KB)
...
006 (9018140.461.000) 01/06 11:41:11 Image size of job updated: 208520
	204  -  MemoryUsage of job (MB)
	208520  -  ResidentSetSize of job (KB)
...
006 (9018140.461.000) 01/06 11:46:12 Image size of job updated: 208524
	204  -  MemoryUsage of job (MB)
	208524  -  ResidentSetSize of job (KB)
...
006 (9018140.461.000) 01/06 11:56:13 Image size of job updated: 208528
	204  -  MemoryUsage of job (MB)
	208528  -  ResidentSetSize of job (KB)
...
006 (9018140.461.000) 01/06 12:01:13 Image size of job updated: 208532
	204  -  MemoryUsage of job (MB)
	208532  -  ResidentSetSize of job (KB)
...
006 (9018140.461.000) 01/06 12:06:14 Image size of job updated: 208544
	204  -  MemoryUsage of job (MB)
	208544  -  ResidentSetSize of job (KB)
...
006 (9018140.461.000) 01/06 12:11:15 Image size of job updated: 208576
	204  -  MemoryUsage of job (MB)
	208576  -  ResidentSetSize of job (KB)
...
006 (9018140.461.000) 01/06 12:21:16 Image size of job updated: 208612
	204  -  MemoryUsage of job (MB)
	208612  -  ResidentSetSize of job (KB)
...
006 (9018140.461.000) 01/06 12:26:16 Image size of job updated: 208620
	204  -  MemoryUsage of job (MB)
	208620  -  ResidentSetSize of job (KB)
...
006 (9018140.461.000) 01/06 12:31:17 Image size of job updated: 208628
	204  -  MemoryUsage of job (MB)
	208628  -  ResidentSetSize of job (KB)
...
006 (9018140.461.000) 01/06 12:36:17 Image size of job updated: 208668
	204  -  MemoryUsage of job (MB)
	208668  -  ResidentSetSize of job (KB)
...
006 (9018140.461.000) 01/06 12:40:34 Image size of job updated: 208672
	204  -  MemoryUsage of job (MB)
	208668  -  ResidentSetSize of job (KB)
...
040 (9018140.461.000) 01/06 12:40:34 Started transferring output files
...
040 (9018140.461.000) 01/06 12:40:34 Finished transferring output files
...
005 (9018140.461.000) 01/06 12:40:34 Job terminated.
	(1) Normal termination (return value 0)
		Usr 0 01:37:59, Sys 0 00:00:03  -  Run Remote Usage
		Usr 0 00:00:00, Sys 0 00:00:00  -  Run Local Usage
		Usr 0 01:37:59, Sys 0 00:00:03  -  Total Remote Usage
		Usr 0 00:00:00, Sys 0 00:00:00  -  Total Local Usage
	42724  -  Run Bytes Sent By Job
	21436  -  Run Bytes Received By Job
	42724  -  Total Bytes Sent By Job
	21436  -  Total Bytes Received By Job
	Partitionable Resources :    Usage  Request Allocated 
	   Cpus                 :     0.99        1         1 
	   Disk (KB)            :    90          22      3657 
	   GPUs                 :                           0 
	   Memory (MB)          :   204        3000      3000 
	   TimeExecute (s)      :  5979                       
	   TimeSlotBusy (s)     :  5981                       

	Job terminated of its own accord at 2026-01-06T11:40:34Z with exit-code 0.
...
