i am in this directory
/pool/condor/dir_883178
Python 3.9.23
3.9.23
 will run this python stop_check_met_eff.py /eos/user/m/mleoncoe/stop_event_check/privateNanoAod2018/nanoAOD_228.root /afs/cern.ch/work/m/mleoncoe/private/stop_met_check/outputs_2018/nanoAOD_228.json
event num1000
event num2000
event num3000
event num4000
event num5000
event num6000
event num7000
event num8000
event num9000
event num10000
event num11000
event num12000
event num13000
event num14000
event num15000
event num16000
event num17000
event num18000
event num19000
event num20000
event num21000
event num22000
event num23000
event num24000
event num25000
event num26000
event num27000
event num28000
event num29000
event num30000
event num31000
event num32000
event num33000
event num34000
event num35000
event num36000
event num37000
event num38000
event num39000
event num40000
event num41000
event num42000
event num43000
event num44000
event num45000
event num46000
event num47000
event num48000
event num49000
event num50000
event num51000
event num52000
event num53000
event num54000
event num55000
event num56000
event num57000
event num58000
event num59000
event num60000
event num61000
event num62000
event num63000
event num64000
event num65000
event num66000
event num67000
event num68000
event num69000
event num70000
event num71000
event num72000
event num73000
event num74000
event num75000
event num76000
event num77000
event num78000
event num79000
event num80000
event num81000
event num82000
event num83000
event num84000
event num85000
event num86000
event num87000
event num88000
event num89000
event num90000
event num91000
event num92000
event num93000
event num94000
event num95000
event num96000
event num97000
event num98000
event num99000
event num100000
event num101000
event num102000
event num103000
event num104000
event num105000
event num106000
event num107000
event num108000
event num109000
event num110000
event num111000
event num112000
event num113000
event num114000
event num115000
event num116000
event num117000
event num118000
event num119000
event num120000
event num121000
event num122000
event num123000
event num124000
event num125000
event num126000
event num127000
event num128000
event num129000
event num130000
event num131000
event num132000
event num133000
event num134000
event num135000
event num136000
event num137000
event num138000
event num139000
event num140000
event num141000
event num142000
event num143000
event num144000
event num145000
event num146000
event num147000
event num148000
event num149000
event num150000
event num151000
event num152000
event num153000
event num154000
event num155000
event num156000
event num157000
event num158000
event num159000
event num160000
event num161000
event num162000
event num163000
event num164000
event num165000
event num166000
event num167000
event num168000
event num169000
event num170000
event num171000
event num172000
event num173000
event num174000
event num175000
event num176000
event num177000
event num178000
event num179000
event num180000
event num181000
event num182000
event num183000
event num184000
event num185000
event num186000
{'250_240': [0.0, 1369.0], '250_240_passing_MET': [0.0, 1324.0], '250_240_failing_MET': [0.0, 45.0], '250_240_min_MET_pt': [10000000.0, 53.42341995239258], '250_235': [0.0, 0.0], '250_235_passing_MET': [0.0, 0.0], '250_235_failing_MET': [0.0, 0.0], '250_235_min_MET_pt': [10000000.0, 10000000.0], '250_230': [0.0, 1465.0], '250_230_passing_MET': [0.0, 1387.0], '250_230_failing_MET': [0.0, 78.0], '250_230_min_MET_pt': [10000000.0, 10.2484130859375], '250_225': [0.0, 0.0], '250_225_passing_MET': [0.0, 0.0], '250_225_failing_MET': [0.0, 0.0], '250_225_min_MET_pt': [10000000.0, 10000000.0], '250_220': [0.0, 0.0], '250_220_passing_MET': [0.0, 0.0], '250_220_failing_MET': [0.0, 0.0], '250_220_min_MET_pt': [10000000.0, 10000000.0], '275_265': [714.0, 706.0], '275_265_passing_MET': [0.0, 0.0], '275_265_failing_MET': [0.0, 0.0], '275_265_min_MET_pt': [10000000.0, 10000000.0], '275_260': [0.0, 729.0], '275_260_passing_MET': [0.0, 704.0], '275_260_failing_MET': [0.0, 25.0], '275_260_min_MET_pt': [10000000.0, 16.004526138305664], '275_255': [0.0, 0.0], '275_255_passing_MET': [0.0, 0.0], '275_255_failing_MET': [0.0, 0.0], '275_255_min_MET_pt': [10000000.0, 10000000.0], '275_250': [813.0, 761.0], '275_250_passing_MET': [0.0, 0.0], '275_250_failing_MET': [0.0, 0.0], '275_250_min_MET_pt': [10000000.0, 10000000.0], '275_245': [0.0, 805.0], '275_245_passing_MET': [0.0, 771.0], '275_245_failing_MET': [0.0, 34.0], '275_245_min_MET_pt': [10000000.0, 20.728355407714844], '300_290': [0.0, 2306.0], '300_290_passing_MET': [0.0, 2227.0], '300_290_failing_MET': [0.0, 79.0], '300_290_min_MET_pt': [10000000.0, 30.834674835205078], '300_285': [847.0, 0.0], '300_285_passing_MET': [815.0, 0.0], '300_285_failing_MET': [32.0, 0.0], '300_285_min_MET_pt': [18.67249298095703, 10000000.0], '300_280': [797.0, 0.0], '300_280_passing_MET': [759.0, 0.0], '300_280_failing_MET': [38.0, 0.0], '300_280_min_MET_pt': [46.741573333740234, 10000000.0], '300_275': [0.0, 0.0], '300_275_passing_MET': [0.0, 0.0], '300_275_failing_MET': [0.0, 0.0], '300_275_min_MET_pt': [10000000.0, 10000000.0], '300_270': [0.0, 840.0], '300_270_passing_MET': [0.0, 797.0], '300_270_failing_MET': [0.0, 43.0], '300_270_min_MET_pt': [10000000.0, 36.12672424316406], '325_315': [4666.0, 739.0], '325_315_passing_MET': [0.0, 0.0], '325_315_failing_MET': [0.0, 0.0], '325_315_min_MET_pt': [10000000.0, 10000000.0], '325_310': [775.0, 0.0], '325_310_passing_MET': [749.0, 0.0], '325_310_failing_MET': [26.0, 0.0], '325_310_min_MET_pt': [44.54209899902344, 10000000.0], '325_305': [0.0, 0.0], '325_305_passing_MET': [0.0, 0.0], '325_305_failing_MET': [0.0, 0.0], '325_305_min_MET_pt': [10000000.0, 10000000.0], '325_300': [0.0, 0.0], '325_300_passing_MET': [0.0, 0.0], '325_300_failing_MET': [0.0, 0.0], '325_300_min_MET_pt': [10000000.0, 10000000.0], '325_295': [0.0, 812.0], '325_295_passing_MET': [0.0, 775.0], '325_295_failing_MET': [0.0, 37.0], '325_295_min_MET_pt': [10000000.0, 19.173505783081055], '350_340': [811.0, 0.0], '350_340_passing_MET': [788.0, 0.0], '350_340_failing_MET': [23.0, 0.0], '350_340_min_MET_pt': [23.147188186645508, 10000000.0], '350_335': [877.0, 0.0], '350_335_passing_MET': [853.0, 0.0], '350_335_failing_MET': [24.0, 0.0], '350_335_min_MET_pt': [12.073590278625488, 10000000.0], '350_330': [0.0, 0.0], '350_330_passing_MET': [0.0, 0.0], '350_330_failing_MET': [0.0, 0.0], '350_330_min_MET_pt': [10000000.0, 10000000.0], '350_325': [2618.0, 0.0], '350_325_passing_MET': [2509.0, 0.0], '350_325_failing_MET': [109.0, 0.0], '350_325_min_MET_pt': [7.137791633605957, 10000000.0], '350_320': [0.0, 0.0], '350_320_passing_MET': [0.0, 0.0], '350_320_failing_MET': [0.0, 0.0], '350_320_min_MET_pt': [10000000.0, 10000000.0], '375_365': [0.0, 830.0], '375_365_passing_MET': [0.0, 798.0], '375_365_failing_MET': [0.0, 32.0], '375_365_min_MET_pt': [10000000.0, 33.743141174316406], '375_360': [0.0, 0.0], '375_360_passing_MET': [0.0, 0.0], '375_360_failing_MET': [0.0, 0.0], '375_360_min_MET_pt': [10000000.0, 10000000.0], '375_355': [0.0, 0.0], '375_355_passing_MET': [0.0, 0.0], '375_355_failing_MET': [0.0, 0.0], '375_355_min_MET_pt': [10000000.0, 10000000.0], '375_350': [918.0, 928.0], '375_350_passing_MET': [0.0, 0.0], '375_350_failing_MET': [0.0, 0.0], '375_350_min_MET_pt': [10000000.0, 10000000.0], '375_345': [0.0, 0.0], '375_345_passing_MET': [0.0, 0.0], '375_345_failing_MET': [0.0, 0.0], '375_345_min_MET_pt': [10000000.0, 10000000.0], '400_390': [0.0, 1746.0], '400_390_passing_MET': [0.0, 1697.0], '400_390_failing_MET': [0.0, 49.0], '400_390_min_MET_pt': [10000000.0, 18.093172073364258], '400_385': [0.0, 0.0], '400_385_passing_MET': [0.0, 0.0], '400_385_failing_MET': [0.0, 0.0], '400_385_min_MET_pt': [10000000.0, 10000000.0], '400_380': [919.0, 0.0], '400_380_passing_MET': [886.0, 0.0], '400_380_failing_MET': [33.0, 0.0], '400_380_min_MET_pt': [34.70600891113281, 10000000.0], '400_375': [1815.0, 0.0], '400_375_passing_MET': [1747.0, 0.0], '400_375_failing_MET': [68.0, 0.0], '400_375_min_MET_pt': [22.091388702392578, 10000000.0], '400_370': [920.0, 986.0], '400_370_passing_MET': [0.0, 0.0], '400_370_failing_MET': [0.0, 0.0], '400_370_min_MET_pt': [10000000.0, 10000000.0], '425_415': [0.0, 905.0], '425_415_passing_MET': [0.0, 876.0], '425_415_failing_MET': [0.0, 29.0], '425_415_min_MET_pt': [10000000.0, 38.158626556396484], '425_410': [0.0, 0.0], '425_410_passing_MET': [0.0, 0.0], '425_410_failing_MET': [0.0, 0.0], '425_410_min_MET_pt': [10000000.0, 10000000.0], '425_405': [0.0, 0.0], '425_405_passing_MET': [0.0, 0.0], '425_405_failing_MET': [0.0, 0.0], '425_405_min_MET_pt': [10000000.0, 10000000.0], '425_400': [911.0, 0.0], '425_400_passing_MET': [876.0, 0.0], '425_400_failing_MET': [35.0, 0.0], '425_400_min_MET_pt': [24.42357063293457, 10000000.0], '425_395': [0.0, 995.0], '425_395_passing_MET': [0.0, 953.0], '425_395_failing_MET': [0.0, 42.0], '425_395_min_MET_pt': [10000000.0, 4.500312805175781], '450_440': [1843.0, 0.0], '450_440_passing_MET': [1788.0, 0.0], '450_440_failing_MET': [55.0, 0.0], '450_440_min_MET_pt': [43.60124588012695, 10000000.0], '450_435': [929.0, 0.0], '450_435_passing_MET': [898.0, 0.0], '450_435_failing_MET': [31.0, 0.0], '450_435_min_MET_pt': [50.92840576171875, 10000000.0], '450_430': [941.0, 1893.0], '450_430_passing_MET': [0.0, 0.0], '450_430_failing_MET': [0.0, 0.0], '450_430_min_MET_pt': [10000000.0, 10000000.0], '450_425': [956.0, 0.0], '450_425_passing_MET': [919.0, 0.0], '450_425_failing_MET': [37.0, 0.0], '450_425_min_MET_pt': [34.526668548583984, 10000000.0], '450_420': [0.0, 0.0], '450_420_passing_MET': [0.0, 0.0], '450_420_failing_MET': [0.0, 0.0], '450_420_min_MET_pt': [10000000.0, 10000000.0], '475_465': [948.0, 942.0], '475_465_passing_MET': [0.0, 0.0], '475_465_failing_MET': [0.0, 0.0], '475_465_min_MET_pt': [10000000.0, 10000000.0], '475_460': [880.0, 0.0], '475_460_passing_MET': [851.0, 0.0], '475_460_failing_MET': [29.0, 0.0], '475_460_min_MET_pt': [20.5731143951416, 10000000.0], '475_455': [0.0, 1905.0], '475_455_passing_MET': [0.0, 1851.0], '475_455_failing_MET': [0.0, 54.0], '475_455_min_MET_pt': [10000000.0, 9.863517761230469], '475_450': [1009.0, 0.0], '475_450_passing_MET': [970.0, 0.0], '475_450_failing_MET': [39.0, 0.0], '475_450_min_MET_pt': [41.69489288330078, 10000000.0], '475_445': [0.0, 0.0], '475_445_passing_MET': [0.0, 0.0], '475_445_failing_MET': [0.0, 0.0], '475_445_min_MET_pt': [10000000.0, 10000000.0], '500_490': [920.0, 3841.0], '500_490_passing_MET': [0.0, 0.0], '500_490_failing_MET': [0.0, 0.0], '500_490_min_MET_pt': [10000000.0, 10000000.0], '500_485': [0.0, 0.0], '500_485_passing_MET': [0.0, 0.0], '500_485_failing_MET': [0.0, 0.0], '500_485_min_MET_pt': [10000000.0, 10000000.0], '500_480': [0.0, 910.0], '500_480_passing_MET': [0.0, 875.0], '500_480_failing_MET': [0.0, 35.0], '500_480_min_MET_pt': [10000000.0, 37.22179412841797], '500_475': [975.0, 0.0], '500_475_passing_MET': [931.0, 0.0], '500_475_failing_MET': [44.0, 0.0], '500_475_min_MET_pt': [35.736572265625, 10000000.0], '500_470': [0.0, 1045.0], '500_470_passing_MET': [0.0, 995.0], '500_470_failing_MET': [0.0, 50.0], '500_470_min_MET_pt': [10000000.0, 32.55017852783203], '525_515': [0.0, 0.0], '525_515_passing_MET': [0.0, 0.0], '525_515_failing_MET': [0.0, 0.0], '525_515_min_MET_pt': [10000000.0, 10000000.0], '525_510': [0.0, 0.0], '525_510_passing_MET': [0.0, 0.0], '525_510_failing_MET': [0.0, 0.0], '525_510_min_MET_pt': [10000000.0, 10000000.0], '525_505': [0.0, 0.0], '525_505_passing_MET': [0.0, 0.0], '525_505_failing_MET': [0.0, 0.0], '525_505_min_MET_pt': [10000000.0, 10000000.0], '525_500': [0.0, 0.0], '525_500_passing_MET': [0.0, 0.0], '525_500_failing_MET': [0.0, 0.0], '525_500_min_MET_pt': [10000000.0, 10000000.0], '525_495': [0.0, 0.0], '525_495_passing_MET': [0.0, 0.0], '525_495_failing_MET': [0.0, 0.0], '525_495_min_MET_pt': [10000000.0, 10000000.0], '550_540': [0.0, 1903.0], '550_540_passing_MET': [0.0, 1846.0], '550_540_failing_MET': [0.0, 57.0], '550_540_min_MET_pt': [10000000.0, 32.96723937988281], '550_535': [0.0, 0.0], '550_535_passing_MET': [0.0, 0.0], '550_535_failing_MET': [0.0, 0.0], '550_535_min_MET_pt': [10000000.0, 10000000.0], '550_530': [0.0, 2076.0], '550_530_passing_MET': [0.0, 2002.0], '550_530_failing_MET': [0.0, 74.0], '550_530_min_MET_pt': [10000000.0, 36.41144943237305], '550_525': [0.0, 841.0], '550_525_passing_MET': [0.0, 816.0], '550_525_failing_MET': [0.0, 25.0], '550_525_min_MET_pt': [10000000.0, 44.90161895751953], '550_520': [0.0, 0.0], '550_520_passing_MET': [0.0, 0.0], '550_520_failing_MET': [0.0, 0.0], '550_520_min_MET_pt': [10000000.0, 10000000.0], '575_565': [0.0, 0.0], '575_565_passing_MET': [0.0, 0.0], '575_565_failing_MET': [0.0, 0.0], '575_565_min_MET_pt': [10000000.0, 10000000.0], '575_560': [0.0, 0.0], '575_560_passing_MET': [0.0, 0.0], '575_560_failing_MET': [0.0, 0.0], '575_560_min_MET_pt': [10000000.0, 10000000.0], '575_555': [0.0, 0.0], '575_555_passing_MET': [0.0, 0.0], '575_555_failing_MET': [0.0, 0.0], '575_555_min_MET_pt': [10000000.0, 10000000.0], '575_550': [0.0, 0.0], '575_550_passing_MET': [0.0, 0.0], '575_550_failing_MET': [0.0, 0.0], '575_550_min_MET_pt': [10000000.0, 10000000.0], '575_545': [0.0, 0.0], '575_545_passing_MET': [0.0, 0.0], '575_545_failing_MET': [0.0, 0.0], '575_545_min_MET_pt': [10000000.0, 10000000.0], '600_590': [965.0, 995.0], '600_590_passing_MET': [0.0, 0.0], '600_590_failing_MET': [0.0, 0.0], '600_590_min_MET_pt': [10000000.0, 10000000.0], '600_585': [0.0, 1741.0], '600_585_passing_MET': [0.0, 1698.0], '600_585_failing_MET': [0.0, 43.0], '600_585_min_MET_pt': [10000000.0, 15.847079277038574], '600_580': [0.0, 0.0], '600_580_passing_MET': [0.0, 0.0], '600_580_failing_MET': [0.0, 0.0], '600_580_min_MET_pt': [10000000.0, 10000000.0], '600_575': [0.0, 0.0], '600_575_passing_MET': [0.0, 0.0], '600_575_failing_MET': [0.0, 0.0], '600_575_min_MET_pt': [10000000.0, 10000000.0], '600_570': [0.0, 2118.0], '600_570_passing_MET': [0.0, 2046.0], '600_570_failing_MET': [0.0, 72.0], '600_570_min_MET_pt': [10000000.0, 39.52669906616211], '625_615': [0.0, 0.0], '625_615_passing_MET': [0.0, 0.0], '625_615_failing_MET': [0.0, 0.0], '625_615_min_MET_pt': [10000000.0, 10000000.0], '625_610': [0.0, 0.0], '625_610_passing_MET': [0.0, 0.0], '625_610_failing_MET': [0.0, 0.0], '625_610_min_MET_pt': [10000000.0, 10000000.0], '625_605': [0.0, 0.0], '625_605_passing_MET': [0.0, 0.0], '625_605_failing_MET': [0.0, 0.0], '625_605_min_MET_pt': [10000000.0, 10000000.0], '625_600': [0.0, 0.0], '625_600_passing_MET': [0.0, 0.0], '625_600_failing_MET': [0.0, 0.0], '625_600_min_MET_pt': [10000000.0, 10000000.0], '625_595': [0.0, 0.0], '625_595_passing_MET': [0.0, 0.0], '625_595_failing_MET': [0.0, 0.0], '625_595_min_MET_pt': [10000000.0, 10000000.0], '650_640': [1009.0, 0.0], '650_640_passing_MET': [981.0, 0.0], '650_640_failing_MET': [28.0, 0.0], '650_640_min_MET_pt': [20.680570602416992, 10000000.0], '650_635': [0.0, 0.0], '650_635_passing_MET': [0.0, 0.0], '650_635_failing_MET': [0.0, 0.0], '650_635_min_MET_pt': [10000000.0, 10000000.0], '650_630': [0.0, 0.0], '650_630_passing_MET': [0.0, 0.0], '650_630_failing_MET': [0.0, 0.0], '650_630_min_MET_pt': [10000000.0, 10000000.0], '650_625': [929.0, 902.0], '650_625_passing_MET': [0.0, 0.0], '650_625_failing_MET': [0.0, 0.0], '650_625_min_MET_pt': [10000000.0, 10000000.0], '650_620': [0.0, 1114.0], '650_620_passing_MET': [0.0, 1085.0], '650_620_failing_MET': [0.0, 29.0], '650_620_min_MET_pt': [10000000.0, 23.180309295654297], '675_665': [0.0, 0.0], '675_665_passing_MET': [0.0, 0.0], '675_665_failing_MET': [0.0, 0.0], '675_665_min_MET_pt': [10000000.0, 10000000.0], '675_660': [0.0, 0.0], '675_660_passing_MET': [0.0, 0.0], '675_660_failing_MET': [0.0, 0.0], '675_660_min_MET_pt': [10000000.0, 10000000.0], '675_655': [0.0, 0.0], '675_655_passing_MET': [0.0, 0.0], '675_655_failing_MET': [0.0, 0.0], '675_655_min_MET_pt': [10000000.0, 10000000.0], '675_650': [0.0, 0.0], '675_650_passing_MET': [0.0, 0.0], '675_650_failing_MET': [0.0, 0.0], '675_650_min_MET_pt': [10000000.0, 10000000.0], '675_645': [0.0, 0.0], '675_645_passing_MET': [0.0, 0.0], '675_645_failing_MET': [0.0, 0.0], '675_645_min_MET_pt': [10000000.0, 10000000.0], '700_690': [1075.0, 2081.0], '700_690_passing_MET': [0.0, 0.0], '700_690_failing_MET': [0.0, 0.0], '700_690_min_MET_pt': [10000000.0, 10000000.0], '700_685': [1921.0, 0.0], '700_685_passing_MET': [1867.0, 0.0], '700_685_failing_MET': [54.0, 0.0], '700_685_min_MET_pt': [32.655765533447266, 10000000.0], '700_680': [0.0, 1101.0], '700_680_passing_MET': [0.0, 1072.0], '700_680_failing_MET': [0.0, 29.0], '700_680_min_MET_pt': [10000000.0, 35.15377426147461], '700_675': [0.0, 921.0], '700_675_passing_MET': [0.0, 890.0], '700_675_failing_MET': [0.0, 31.0], '700_675_min_MET_pt': [10000000.0, 26.695465087890625], '700_670': [0.0, 1157.0], '700_670_passing_MET': [0.0, 1123.0], '700_670_failing_MET': [0.0, 34.0], '700_670_min_MET_pt': [10000000.0, 52.57080078125], '725_715': [0.0, 0.0], '725_715_passing_MET': [0.0, 0.0], '725_715_failing_MET': [0.0, 0.0], '725_715_min_MET_pt': [10000000.0, 10000000.0], '725_710': [0.0, 0.0], '725_710_passing_MET': [0.0, 0.0], '725_710_failing_MET': [0.0, 0.0], '725_710_min_MET_pt': [10000000.0, 10000000.0], '725_705': [0.0, 0.0], '725_705_passing_MET': [0.0, 0.0], '725_705_failing_MET': [0.0, 0.0], '725_705_min_MET_pt': [10000000.0, 10000000.0], '725_700': [0.0, 0.0], '725_700_passing_MET': [0.0, 0.0], '725_700_failing_MET': [0.0, 0.0], '725_700_min_MET_pt': [10000000.0, 10000000.0], '725_695': [0.0, 0.0], '725_695_passing_MET': [0.0, 0.0], '725_695_failing_MET': [0.0, 0.0], '725_695_min_MET_pt': [10000000.0, 10000000.0], '750_740': [1087.0, 1079.0], '750_740_passing_MET': [0.0, 0.0], '750_740_failing_MET': [0.0, 0.0], '750_740_min_MET_pt': [10000000.0, 10000000.0], '750_735': [0.0, 1000.0], '750_735_passing_MET': [0.0, 973.0], '750_735_failing_MET': [0.0, 27.0], '750_735_min_MET_pt': [10000000.0, 23.88556480407715], '750_730': [1092.0, 1054.0], '750_730_passing_MET': [0.0, 0.0], '750_730_failing_MET': [0.0, 0.0], '750_730_min_MET_pt': [10000000.0, 10000000.0], '750_725': [0.0, 0.0], '750_725_passing_MET': [0.0, 0.0], '750_725_failing_MET': [0.0, 0.0], '750_725_min_MET_pt': [10000000.0, 10000000.0], '750_720': [0.0, 1187.0], '750_720_passing_MET': [0.0, 1164.0], '750_720_failing_MET': [0.0, 23.0], '750_720_min_MET_pt': [10000000.0, 39.82246780395508], '775_765': [0.0, 0.0], '775_765_passing_MET': [0.0, 0.0], '775_765_failing_MET': [0.0, 0.0], '775_765_min_MET_pt': [10000000.0, 10000000.0], '775_760': [0.0, 0.0], '775_760_passing_MET': [0.0, 0.0], '775_760_failing_MET': [0.0, 0.0], '775_760_min_MET_pt': [10000000.0, 10000000.0], '775_755': [0.0, 0.0], '775_755_passing_MET': [0.0, 0.0], '775_755_failing_MET': [0.0, 0.0], '775_755_min_MET_pt': [10000000.0, 10000000.0], '775_750': [0.0, 0.0], '775_750_passing_MET': [0.0, 0.0], '775_750_failing_MET': [0.0, 0.0], '775_750_min_MET_pt': [10000000.0, 10000000.0], '775_745': [0.0, 0.0], '775_745_passing_MET': [0.0, 0.0], '775_745_failing_MET': [0.0, 0.0], '775_745_min_MET_pt': [10000000.0, 10000000.0], '800_790': [0.0, 2192.0], '800_790_passing_MET': [0.0, 2132.0], '800_790_failing_MET': [0.0, 60.0], '800_790_min_MET_pt': [10000000.0, 26.45663070678711], '800_785': [0.0, 0.0], '800_785_passing_MET': [0.0, 0.0], '800_785_failing_MET': [0.0, 0.0], '800_785_min_MET_pt': [10000000.0, 10000000.0], '800_780': [0.0, 1157.0], '800_780_passing_MET': [0.0, 1128.0], '800_780_failing_MET': [0.0, 29.0], '800_780_min_MET_pt': [10000000.0, 45.257713317871094], '800_775': [0.0, 982.0], '800_775_passing_MET': [0.0, 960.0], '800_775_failing_MET': [0.0, 22.0], '800_775_min_MET_pt': [10000000.0, 15.822011947631836], '800_770': [0.0, 0.0], '800_770_passing_MET': [0.0, 0.0], '800_770_failing_MET': [0.0, 0.0], '800_770_min_MET_pt': [10000000.0, 10000000.0], '825_815': [0.0, 0.0], '825_815_passing_MET': [0.0, 0.0], '825_815_failing_MET': [0.0, 0.0], '825_815_min_MET_pt': [10000000.0, 10000000.0], '825_810': [0.0, 0.0], '825_810_passing_MET': [0.0, 0.0], '825_810_failing_MET': [0.0, 0.0], '825_810_min_MET_pt': [10000000.0, 10000000.0], '825_805': [0.0, 0.0], '825_805_passing_MET': [0.0, 0.0], '825_805_failing_MET': [0.0, 0.0], '825_805_min_MET_pt': [10000000.0, 10000000.0], '825_800': [0.0, 0.0], '825_800_passing_MET': [0.0, 0.0], '825_800_failing_MET': [0.0, 0.0], '825_800_min_MET_pt': [10000000.0, 10000000.0], '825_795': [0.0, 0.0], '825_795_passing_MET': [0.0, 0.0], '825_795_failing_MET': [0.0, 0.0], '825_795_min_MET_pt': [10000000.0, 10000000.0], '850_840': [1087.0, 1048.0], '850_840_passing_MET': [0.0, 0.0], '850_840_failing_MET': [0.0, 0.0], '850_840_min_MET_pt': [10000000.0, 10000000.0], '850_835': [984.0, 0.0], '850_835_passing_MET': [964.0, 0.0], '850_835_failing_MET': [20.0, 0.0], '850_835_min_MET_pt': [53.145450592041016, 10000000.0], '850_830': [0.0, 0.0], '850_830_passing_MET': [0.0, 0.0], '850_830_failing_MET': [0.0, 0.0], '850_830_min_MET_pt': [10000000.0, 10000000.0], '850_825': [957.0, 0.0], '850_825_passing_MET': [935.0, 0.0], '850_825_failing_MET': [22.0, 0.0], '850_825_min_MET_pt': [36.16607666015625, 10000000.0], '850_820': [1147.0, 2323.0], '850_820_passing_MET': [0.0, 0.0], '850_820_failing_MET': [0.0, 0.0], '850_820_min_MET_pt': [10000000.0, 10000000.0], '875_865': [0.0, 0.0], '875_865_passing_MET': [0.0, 0.0], '875_865_failing_MET': [0.0, 0.0], '875_865_min_MET_pt': [10000000.0, 10000000.0], '875_860': [0.0, 0.0], '875_860_passing_MET': [0.0, 0.0], '875_860_failing_MET': [0.0, 0.0], '875_860_min_MET_pt': [10000000.0, 10000000.0], '875_855': [0.0, 0.0], '875_855_passing_MET': [0.0, 0.0], '875_855_failing_MET': [0.0, 0.0], '875_855_min_MET_pt': [10000000.0, 10000000.0], '875_850': [0.0, 0.0], '875_850_passing_MET': [0.0, 0.0], '875_850_failing_MET': [0.0, 0.0], '875_850_min_MET_pt': [10000000.0, 10000000.0], '875_845': [0.0, 0.0], '875_845_passing_MET': [0.0, 0.0], '875_845_failing_MET': [0.0, 0.0], '875_845_min_MET_pt': [10000000.0, 10000000.0], '900_890': [2164.0, 1086.0], '900_890_passing_MET': [0.0, 0.0], '900_890_failing_MET': [0.0, 0.0], '900_890_min_MET_pt': [10000000.0, 10000000.0], '900_885': [974.0, 0.0], '900_885_passing_MET': [954.0, 0.0], '900_885_failing_MET': [20.0, 0.0], '900_885_min_MET_pt': [23.48075294494629, 10000000.0], '900_880': [2273.0, 0.0], '900_880_passing_MET': [2213.0, 0.0], '900_880_failing_MET': [60.0, 0.0], '900_880_min_MET_pt': [10.449626922607422, 10000000.0], '900_875': [0.0, 0.0], '900_875_passing_MET': [0.0, 0.0], '900_875_failing_MET': [0.0, 0.0], '900_875_min_MET_pt': [10000000.0, 10000000.0], '900_870': [0.0, 0.0], '900_870_passing_MET': [0.0, 0.0], '900_870_failing_MET': [0.0, 0.0], '900_870_min_MET_pt': [10000000.0, 10000000.0], '925_915': [0.0, 0.0], '925_915_passing_MET': [0.0, 0.0], '925_915_failing_MET': [0.0, 0.0], '925_915_min_MET_pt': [10000000.0, 10000000.0], '925_910': [0.0, 0.0], '925_910_passing_MET': [0.0, 0.0], '925_910_failing_MET': [0.0, 0.0], '925_910_min_MET_pt': [10000000.0, 10000000.0], '925_905': [0.0, 0.0], '925_905_passing_MET': [0.0, 0.0], '925_905_failing_MET': [0.0, 0.0], '925_905_min_MET_pt': [10000000.0, 10000000.0], '925_900': [0.0, 0.0], '925_900_passing_MET': [0.0, 0.0], '925_900_failing_MET': [0.0, 0.0], '925_900_min_MET_pt': [10000000.0, 10000000.0], '925_895': [0.0, 0.0], '925_895_passing_MET': [0.0, 0.0], '925_895_failing_MET': [0.0, 0.0], '925_895_min_MET_pt': [10000000.0, 10000000.0], '950_940': [1077.0, 4395.0], '950_940_passing_MET': [0.0, 0.0], '950_940_failing_MET': [0.0, 0.0], '950_940_min_MET_pt': [10000000.0, 10000000.0], '950_935': [0.0, 0.0], '950_935_passing_MET': [0.0, 0.0], '950_935_failing_MET': [0.0, 0.0], '950_935_min_MET_pt': [10000000.0, 10000000.0], '950_930': [1094.0, 0.0], '950_930_passing_MET': [1061.0, 0.0], '950_930_failing_MET': [33.0, 0.0], '950_930_min_MET_pt': [62.56541442871094, 10000000.0], '950_925': [0.0, 0.0], '950_925_passing_MET': [0.0, 0.0], '950_925_failing_MET': [0.0, 0.0], '950_925_min_MET_pt': [10000000.0, 10000000.0], '950_920': [1182.0, 0.0], '950_920_passing_MET': [1139.0, 0.0], '950_920_failing_MET': [43.0, 0.0], '950_920_min_MET_pt': [8.462421417236328, 10000000.0], '975_965': [0.0, 0.0], '975_965_passing_MET': [0.0, 0.0], '975_965_failing_MET': [0.0, 0.0], '975_965_min_MET_pt': [10000000.0, 10000000.0], '975_960': [0.0, 0.0], '975_960_passing_MET': [0.0, 0.0], '975_960_failing_MET': [0.0, 0.0], '975_960_min_MET_pt': [10000000.0, 10000000.0], '975_955': [0.0, 0.0], '975_955_passing_MET': [0.0, 0.0], '975_955_failing_MET': [0.0, 0.0], '975_955_min_MET_pt': [10000000.0, 10000000.0], '975_950': [0.0, 0.0], '975_950_passing_MET': [0.0, 0.0], '975_950_failing_MET': [0.0, 0.0], '975_950_min_MET_pt': [10000000.0, 10000000.0], '975_945': [0.0, 0.0], '975_945_passing_MET': [0.0, 0.0], '975_945_failing_MET': [0.0, 0.0], '975_945_min_MET_pt': [10000000.0, 10000000.0], '1000_990': [0.0, 1145.0], '1000_990_passing_MET': [0.0, 1117.0], '1000_990_failing_MET': [0.0, 28.0], '1000_990_min_MET_pt': [10000000.0, 25.208980560302734], '1000_985': [990.0, 1005.0], '1000_985_passing_MET': [0.0, 0.0], '1000_985_failing_MET': [0.0, 0.0], '1000_985_min_MET_pt': [10000000.0, 10000000.0], '1000_980': [0.0, 0.0], '1000_980_passing_MET': [0.0, 0.0], '1000_980_failing_MET': [0.0, 0.0], '1000_980_min_MET_pt': [10000000.0, 10000000.0], '1000_975': [0.0, 0.0], '1000_975_passing_MET': [0.0, 0.0], '1000_975_failing_MET': [0.0, 0.0], '1000_975_min_MET_pt': [10000000.0, 10000000.0], '1000_970': [0.0, 1166.0], '1000_970_passing_MET': [0.0, 1140.0], '1000_970_failing_MET': [0.0, 26.0], '1000_970_min_MET_pt': [10000000.0, 44.873043060302734], '1025_1015': [0.0, 0.0], '1025_1015_passing_MET': [0.0, 0.0], '1025_1015_failing_MET': [0.0, 0.0], '1025_1015_min_MET_pt': [10000000.0, 10000000.0], '1025_1010': [0.0, 0.0], '1025_1010_passing_MET': [0.0, 0.0], '1025_1010_failing_MET': [0.0, 0.0], '1025_1010_min_MET_pt': [10000000.0, 10000000.0], '1025_1005': [0.0, 0.0], '1025_1005_passing_MET': [0.0, 0.0], '1025_1005_failing_MET': [0.0, 0.0], '1025_1005_min_MET_pt': [10000000.0, 10000000.0], '1025_1000': [0.0, 0.0], '1025_1000_passing_MET': [0.0, 0.0], '1025_1000_failing_MET': [0.0, 0.0], '1025_1000_min_MET_pt': [10000000.0, 10000000.0], '1025_995': [0.0, 0.0], '1025_995_passing_MET': [0.0, 0.0], '1025_995_failing_MET': [0.0, 0.0], '1025_995_min_MET_pt': [10000000.0, 10000000.0], '1050_1040': [0.0, 0.0], '1050_1040_passing_MET': [0.0, 0.0], '1050_1040_failing_MET': [0.0, 0.0], '1050_1040_min_MET_pt': [10000000.0, 10000000.0], '1050_1035': [0.0, 0.0], '1050_1035_passing_MET': [0.0, 0.0], '1050_1035_failing_MET': [0.0, 0.0], '1050_1035_min_MET_pt': [10000000.0, 10000000.0], '1050_1030': [0.0, 0.0], '1050_1030_passing_MET': [0.0, 0.0], '1050_1030_failing_MET': [0.0, 0.0], '1050_1030_min_MET_pt': [10000000.0, 10000000.0], '1050_1025': [0.0, 0.0], '1050_1025_passing_MET': [0.0, 0.0], '1050_1025_failing_MET': [0.0, 0.0], '1050_1025_min_MET_pt': [10000000.0, 10000000.0], '1050_1020': [0.0, 0.0], '1050_1020_passing_MET': [0.0, 0.0], '1050_1020_failing_MET': [0.0, 0.0], '1050_1020_min_MET_pt': [10000000.0, 10000000.0], '1075_1065': [0.0, 0.0], '1075_1065_passing_MET': [0.0, 0.0], '1075_1065_failing_MET': [0.0, 0.0], '1075_1065_min_MET_pt': [10000000.0, 10000000.0], '1075_1060': [0.0, 0.0], '1075_1060_passing_MET': [0.0, 0.0], '1075_1060_failing_MET': [0.0, 0.0], '1075_1060_min_MET_pt': [10000000.0, 10000000.0], '1075_1055': [0.0, 0.0], '1075_1055_passing_MET': [0.0, 0.0], '1075_1055_failing_MET': [0.0, 0.0], '1075_1055_min_MET_pt': [10000000.0, 10000000.0], '1075_1050': [0.0, 0.0], '1075_1050_passing_MET': [0.0, 0.0], '1075_1050_failing_MET': [0.0, 0.0], '1075_1050_min_MET_pt': [10000000.0, 10000000.0], '1075_1045': [0.0, 0.0], '1075_1045_passing_MET': [0.0, 0.0], '1075_1045_failing_MET': [0.0, 0.0], '1075_1045_min_MET_pt': [10000000.0, 10000000.0], '1100_1090': [2122.0, 3122.0], '1100_1090_passing_MET': [0.0, 0.0], '1100_1090_failing_MET': [0.0, 0.0], '1100_1090_min_MET_pt': [10000000.0, 10000000.0], '1100_1085': [0.0, 0.0], '1100_1085_passing_MET': [0.0, 0.0], '1100_1085_failing_MET': [0.0, 0.0], '1100_1085_min_MET_pt': [10000000.0, 10000000.0], '1100_1080': [1188.0, 0.0], '1100_1080_passing_MET': [1161.0, 0.0], '1100_1080_failing_MET': [27.0, 0.0], '1100_1080_min_MET_pt': [51.480812072753906, 10000000.0], '1100_1075': [0.0, 1015.0], '1100_1075_passing_MET': [0.0, 990.0], '1100_1075_failing_MET': [0.0, 25.0], '1100_1075_min_MET_pt': [10000000.0, 11.080967903137207], '1100_1070': [0.0, 0.0], '1100_1070_passing_MET': [0.0, 0.0], '1100_1070_failing_MET': [0.0, 0.0], '1100_1070_min_MET_pt': [10000000.0, 10000000.0], 'nEventsTotal': 186595.0, 'strange masspoints': 0.0, 'orphans': 0.0, 'R-hadron event': 0.0, 'different stop antistop masses': 0.0, 'strange error': 0.0, 'strange event': 0.0, 'different neutralino masses': 14242.0, 'large differences': 0.0, '676_660': [972.0, 2116.0], '676_660_passing_MET': [946.0, 2069.0], '676_660_failing_MET': [26.0, 47.0], '676_660_min_MET_pt': [45.73167037963867, 23.729520797729492], '1052_1035': [0.0, 1011.0], '1052_1035_passing_MET': [0.0, 989.0], '1052_1035_failing_MET': [0.0, 22.0], '1052_1035_min_MET_pt': [10000000.0, 62.73932647705078], '1052_1036': [0.0, 129.0], '1052_1036_passing_MET': [0.0, 123.0], '1052_1036_failing_MET': [0.0, 6.0], '1052_1036_min_MET_pt': [10000000.0, 83.49124145507812], '976_965': [1986.0, 1044.0], '976_965_passing_MET': [1950.0, 1016.0], '976_965_failing_MET': [36.0, 28.0], '976_965_min_MET_pt': [28.42196273803711, 55.470367431640625], '976_966': [197.0, 95.0], '976_966_passing_MET': [191.0, 93.0], '976_966_failing_MET': [6.0, 2.0], '976_966_min_MET_pt': [25.164588928222656, 60.54742431640625], '1000_986': [126.0, 128.0], '1000_986_passing_MET': [120.0, 123.0], '1000_986_failing_MET': [6.0, 5.0], '1000_986_min_MET_pt': [46.95427703857422, 35.950260162353516], '1100_1092': [203.0, 327.0], '1100_1092_passing_MET': [200.0, 323.0], '1100_1092_failing_MET': [3.0, 4.0], '1100_1092_min_MET_pt': [48.30120849609375, 51.44843673706055], '726_715': [1966.0, 1928.0], '726_715_passing_MET': [1923.0, 1884.0], '726_715_failing_MET': [43.0, 44.0], '726_715_min_MET_pt': [28.147403717041016, 11.56088638305664], '726_716': [201.0, 182.0], '726_716_passing_MET': [197.0, 176.0], '726_716_failing_MET': [4.0, 6.0], '726_716_min_MET_pt': [16.762575149536133, 82.36265563964844], '800_776': [0.0, 170.0], '800_776_passing_MET': [0.0, 160.0], '800_776_failing_MET': [0.0, 10.0], '800_776_min_MET_pt': [10000000.0, 48.622413635253906], '676_665': [3739.0, 0.0], '676_665_passing_MET': [3631.0, 0.0], '676_665_failing_MET': [108.0, 0.0], '676_665_min_MET_pt': [23.85637855529785, 10000000.0], '676_666': [359.0, 0.0], '676_666_passing_MET': [347.0, 0.0], '676_666_failing_MET': [12.0, 0.0], '676_666_min_MET_pt': [3.3030731678009033, 10000000.0], '526_500': [0.0, 1036.0], '526_500_passing_MET': [0.0, 1004.0], '526_500_failing_MET': [0.0, 32.0], '526_500_min_MET_pt': [10000000.0, 33.55588150024414], '750_736': [0.0, 148.0], '750_736_passing_MET': [0.0, 138.0], '750_736_failing_MET': [0.0, 10.0], '750_736_min_MET_pt': [10000000.0, 77.90620422363281], '576_560': [0.0, 1011.0], '576_560_passing_MET': [0.0, 984.0], '576_560_failing_MET': [0.0, 27.0], '576_560_min_MET_pt': [10000000.0, 16.8713436126709], '626_616': [0.0, 105.0], '626_616_passing_MET': [0.0, 103.0], '626_616_failing_MET': [0.0, 2.0], '626_616_min_MET_pt': [10000000.0, 45.33885192871094], '626_615': [0.0, 946.0], '626_615_passing_MET': [0.0, 925.0], '626_615_failing_MET': [0.0, 21.0], '626_615_min_MET_pt': [10000000.0, 42.55759048461914], '1024_1005': [0.0, 1036.0], '1024_1005_passing_MET': [0.0, 1009.0], '1024_1005_failing_MET': [0.0, 27.0], '1024_1005_min_MET_pt': [10000000.0, 25.066408157348633], '1024_1006': [0.0, 166.0], '1024_1006_passing_MET': [0.0, 161.0], '1024_1006_failing_MET': [0.0, 5.0], '1024_1006_min_MET_pt': [10000000.0, 35.827735900878906], '826_795': [2002.0, 0.0], '826_795_passing_MET': [1951.0, 0.0], '826_795_failing_MET': [51.0, 0.0], '826_795_min_MET_pt': [14.288631439208984, 10000000.0], '826_796': [404.0, 0.0], '826_796_passing_MET': [392.0, 0.0], '826_796_failing_MET': [12.0, 0.0], '826_796_min_MET_pt': [36.72698211669922, 10000000.0], '850_836': [141.0, 0.0], '850_836_passing_MET': [137.0, 0.0], '850_836_failing_MET': [4.0, 0.0], '850_836_min_MET_pt': [59.19347381591797, 10000000.0], '526_495': [0.0, 992.0], '526_495_passing_MET': [0.0, 958.0], '526_495_failing_MET': [0.0, 34.0], '526_495_min_MET_pt': [10000000.0, 12.02680492401123], '700_676': [0.0, 166.0], '700_676_passing_MET': [0.0, 163.0], '700_676_failing_MET': [0.0, 3.0], '700_676_min_MET_pt': [10000000.0, 77.14388275146484], '526_515': [1738.0, 0.0], '526_515_passing_MET': [1691.0, 0.0], '526_515_failing_MET': [47.0, 0.0], '526_515_min_MET_pt': [35.62489318847656, 10000000.0], '526_516': [162.0, 0.0], '526_516_passing_MET': [158.0, 0.0], '526_516_failing_MET': [4.0, 0.0], '526_516_min_MET_pt': [67.14127349853516, 10000000.0], '676_645': [2744.0, 0.0], '676_645_passing_MET': [2677.0, 0.0], '676_645_failing_MET': [67.0, 0.0], '676_645_min_MET_pt': [21.32369613647461, 10000000.0], '676_646': [582.0, 0.0], '676_646_passing_MET': [555.0, 0.0], '676_646_failing_MET': [27.0, 0.0], '676_646_min_MET_pt': [17.50457763671875, 10000000.0], '826_815': [1954.0, 0.0], '826_815_passing_MET': [1889.0, 0.0], '826_815_failing_MET': [65.0, 0.0], '826_815_min_MET_pt': [16.156761169433594, 10000000.0], '826_816': [193.0, 0.0], '826_816_passing_MET': [191.0, 0.0], '826_816_failing_MET': [2.0, 0.0], '826_816_min_MET_pt': [84.74470520019531, 10000000.0], '626_595': [0.0, 1787.0], '626_595_passing_MET': [0.0, 1730.0], '626_595_failing_MET': [0.0, 57.0], '626_595_min_MET_pt': [10000000.0, 31.631269454956055], '626_596': [0.0, 341.0], '626_596_passing_MET': [0.0, 329.0], '626_596_failing_MET': [0.0, 12.0], '626_596_min_MET_pt': [10000000.0, 37.48105239868164], '626_600': [1097.0, 0.0], '626_600_passing_MET': [1055.0, 0.0], '626_600_failing_MET': [42.0, 0.0], '626_600_min_MET_pt': [47.32855224609375, 10000000.0], '876_850': [1152.0, 0.0], '876_850_passing_MET': [1123.0, 0.0], '876_850_failing_MET': [29.0, 0.0], '876_850_min_MET_pt': [37.0114860534668, 10000000.0], '576_555': [1725.0, 0.0], '576_555_passing_MET': [1667.0, 0.0], '576_555_failing_MET': [58.0, 0.0], '576_555_min_MET_pt': [4.5854172706604, 10000000.0], '576_556': [285.0, 0.0], '576_556_passing_MET': [279.0, 0.0], '576_556_failing_MET': [6.0, 0.0], '576_556_min_MET_pt': [42.34230041503906, 10000000.0], '576_565': [0.0, 953.0], '576_565_passing_MET': [0.0, 920.0], '576_565_failing_MET': [0.0, 33.0], '576_565_min_MET_pt': [10000000.0, 42.71559143066406], '576_566': [0.0, 107.0], '576_566_passing_MET': [0.0, 106.0], '576_566_failing_MET': [0.0, 1.0], '576_566_min_MET_pt': [10000000.0, 91.53082275390625], '1052_1040': [0.0, 2200.0], '1052_1040_passing_MET': [0.0, 2151.0], '1052_1040_failing_MET': [0.0, 49.0], '1052_1040_min_MET_pt': [10000000.0, 35.37925338745117], '1052_1020': [0.0, 1258.0], '1052_1020_passing_MET': [0.0, 1224.0], '1052_1020_failing_MET': [0.0, 34.0], '1052_1020_min_MET_pt': [10000000.0, 49.220977783203125], '876_865': [1001.0, 3003.0], '876_865_passing_MET': [987.0, 2936.0], '876_865_failing_MET': [14.0, 67.0], '876_865_min_MET_pt': [34.9468879699707, 19.842330932617188], '876_866': [89.0, 297.0], '876_866_passing_MET': [89.0, 290.0], '876_866_failing_MET': [0.0, 7.0], '876_866_min_MET_pt': [129.0511932373047, 48.119380950927734], '726_705': [953.0, 0.0], '726_705_passing_MET': [932.0, 0.0], '726_705_failing_MET': [21.0, 0.0], '726_705_min_MET_pt': [38.28695297241211, 10000000.0], '726_706': [158.0, 0.0], '726_706_passing_MET': [152.0, 0.0], '726_706_failing_MET': [6.0, 0.0], '726_706_min_MET_pt': [62.56838607788086, 10000000.0], '676_655': [0.0, 917.0], '676_655_passing_MET': [0.0, 890.0], '676_655_failing_MET': [0.0, 27.0], '676_655_min_MET_pt': [10000000.0, 8.631789207458496], '676_656': [0.0, 149.0], '676_656_passing_MET': [0.0, 141.0], '676_656_failing_MET': [0.0, 8.0], '676_656_min_MET_pt': [10000000.0, 37.94913864135742], '1076_1050': [0.0, 990.0], '1076_1050_passing_MET': [0.0, 970.0], '1076_1050_failing_MET': [0.0, 20.0], '1076_1050_min_MET_pt': [10000000.0, 49.94418716430664], '1076_1052': [0.0, 182.0], '1076_1052_passing_MET': [0.0, 178.0], '1076_1052_failing_MET': [0.0, 4.0], '1076_1052_min_MET_pt': [10000000.0, 36.81459045410156], '1076_1065': [2034.0, 0.0], '1076_1065_passing_MET': [1994.0, 0.0], '1076_1065_failing_MET': [40.0, 0.0], '1076_1065_min_MET_pt': [20.44269371032715, 10000000.0], '1076_1064': [219.0, 0.0], '1076_1064_passing_MET': [216.0, 0.0], '1076_1064_failing_MET': [3.0, 0.0], '1076_1064_min_MET_pt': [86.65592193603516, 10000000.0], '900_886': [137.0, 0.0], '900_886_passing_MET': [134.0, 0.0], '900_886_failing_MET': [3.0, 0.0], '900_886_min_MET_pt': [67.84873962402344, 10000000.0], '726_695': [0.0, 928.0], '726_695_passing_MET': [0.0, 899.0], '726_695_failing_MET': [0.0, 29.0], '726_695_min_MET_pt': [10000000.0, 27.300445556640625], '726_696': [0.0, 223.0], '726_696_passing_MET': [0.0, 215.0], '726_696_failing_MET': [0.0, 8.0], '726_696_min_MET_pt': [10000000.0, 74.50369262695312], '926_915': [0.0, 1026.0], '926_915_passing_MET': [0.0, 1005.0], '926_915_failing_MET': [0.0, 21.0], '926_915_min_MET_pt': [10000000.0, 4.237196445465088], '926_916': [0.0, 102.0], '926_916_passing_MET': [0.0, 101.0], '926_916_failing_MET': [0.0, 1.0], '926_916_min_MET_pt': [10000000.0, 91.74628448486328], '550_526': [0.0, 147.0], '550_526_passing_MET': [0.0, 144.0], '550_526_failing_MET': [0.0, 3.0], '550_526_min_MET_pt': [10000000.0, 70.47386169433594], '600_586': [0.0, 265.0], '600_586_passing_MET': [0.0, 263.0], '600_586_failing_MET': [0.0, 2.0], '600_586_min_MET_pt': [10000000.0, 97.7750015258789], '1100_1076': [0.0, 183.0], '1100_1076_passing_MET': [0.0, 180.0], '1100_1076_failing_MET': [0.0, 3.0], '1100_1076_min_MET_pt': [10000000.0, 75.1146240234375], '700_686': [252.0, 0.0], '700_686_passing_MET': [247.0, 0.0], '700_686_failing_MET': [5.0, 0.0], '700_686_min_MET_pt': [47.53632736206055, 10000000.0], '776_760': [0.0, 1181.0], '776_760_passing_MET': [0.0, 1158.0], '776_760_failing_MET': [0.0, 23.0], '776_760_min_MET_pt': [10000000.0, 9.741148948669434], '1024_1015': [0.0, 2058.0], '1024_1015_passing_MET': [0.0, 2005.0], '1024_1015_failing_MET': [0.0, 53.0], '1024_1015_min_MET_pt': [10000000.0, 18.920324325561523], '1024_1016': [0.0, 193.0], '1024_1016_passing_MET': [0.0, 190.0], '1024_1016_failing_MET': [0.0, 3.0], '1024_1016_min_MET_pt': [10000000.0, 63.09909439086914], '1024_1000': [1248.0, 0.0], '1024_1000_passing_MET': [1219.0, 0.0], '1024_1000_failing_MET': [29.0, 0.0], '1024_1000_min_MET_pt': [35.256980895996094, 10000000.0], '650_626': [164.0, 156.0], '650_626_passing_MET': [156.0, 152.0], '650_626_failing_MET': [8.0, 4.0], '650_626_min_MET_pt': [60.605777740478516, 65.85084533691406], '850_826': [158.0, 0.0], '850_826_passing_MET': [153.0, 0.0], '850_826_failing_MET': [5.0, 0.0], '850_826_min_MET_pt': [51.36284255981445, 10000000.0], '926_900': [1210.0, 0.0], '926_900_passing_MET': [1178.0, 0.0], '926_900_failing_MET': [32.0, 0.0], '926_900_min_MET_pt': [28.132104873657227, 10000000.0], '976_945': [1000.0, 0.0], '976_945_passing_MET': [966.0, 0.0], '976_945_failing_MET': [34.0, 0.0], '976_945_min_MET_pt': [35.85091781616211, 10000000.0], '976_946': [179.0, 0.0], '976_946_passing_MET': [174.0, 0.0], '976_946_failing_MET': [5.0, 0.0], '976_946_min_MET_pt': [36.65510177612305, 10000000.0]}
nevents_from_dict =  3530323845.07253
Results saved to /afs/cern.ch/work/m/mleoncoe/private/stop_met_check/outputs_2018/nanoAOD_228.json
done
