000 (9018140.150.000) 01/06 10:56:22 Job submitted from host: <188.185.6.50:9618?addrs=188.185.6.50-9618+[2001-1458-d00-62--100-2b1]-9618&alias=bigbird25.cern.ch&noUDP&sock=schedd_1627_90ad>
...
040 (9018140.150.000) 01/06 10:59:15 Started transferring input files
	Transferring to host: <128.142.33.219:9618?addrs=128.142.33.219-9618+[2001-1458-301-39--100-18]-9618&alias=b9g24p7463.cern.ch&noUDP&sock=slot1_42_8468_38d1_117749>
...
040 (9018140.150.000) 01/06 10:59:15 Finished transferring input files
...
001 (9018140.150.000) 01/06 10:59:16 Job executing on host: <128.142.33.219:9618?addrs=128.142.33.219-9618+[2001-1458-301-39--100-18]-9618&alias=b9g24p7463.cern.ch&noUDP&sock=startd_7275_9f95>
	SlotName: slot1_42@b9g24p7463.cern.ch
	CondorScratchDir = "/pool/condor/dir_1618188"
	Cpus = 1
	Disk = 3813
	GPUs = 0
	Memory = 3000
...
006 (9018140.150.000) 01/06 10:59:30 Image size of job updated: 94312
	93  -  MemoryUsage of job (MB)
	94312  -  ResidentSetSize of job (KB)
...
006 (9018140.150.000) 01/06 11:04:31 Image size of job updated: 209888
	205  -  MemoryUsage of job (MB)
	209888  -  ResidentSetSize of job (KB)
...
006 (9018140.150.000) 01/06 11:09:32 Image size of job updated: 217732
	213  -  MemoryUsage of job (MB)
	217732  -  ResidentSetSize of job (KB)
...
006 (9018140.150.000) 01/06 11:14:32 Image size of job updated: 218084
	213  -  MemoryUsage of job (MB)
	218084  -  ResidentSetSize of job (KB)
...
006 (9018140.150.000) 01/06 11:19:33 Image size of job updated: 218312
	214  -  MemoryUsage of job (MB)
	218312  -  ResidentSetSize of job (KB)
...
006 (9018140.150.000) 01/06 11:24:33 Image size of job updated: 218376
	214  -  MemoryUsage of job (MB)
	218376  -  ResidentSetSize of job (KB)
...
006 (9018140.150.000) 01/06 11:29:33 Image size of job updated: 218384
	214  -  MemoryUsage of job (MB)
	218384  -  ResidentSetSize of job (KB)
...
006 (9018140.150.000) 01/06 11:34:34 Image size of job updated: 218492
	214  -  MemoryUsage of job (MB)
	218492  -  ResidentSetSize of job (KB)
...
006 (9018140.150.000) 01/06 11:39:34 Image size of job updated: 218496
	214  -  MemoryUsage of job (MB)
	218496  -  ResidentSetSize of job (KB)
...
006 (9018140.150.000) 01/06 11:44:35 Image size of job updated: 218516
	214  -  MemoryUsage of job (MB)
	218516  -  ResidentSetSize of job (KB)
...
006 (9018140.150.000) 01/06 11:49:35 Image size of job updated: 218520
	214  -  MemoryUsage of job (MB)
	218520  -  ResidentSetSize of job (KB)
...
006 (9018140.150.000) 01/06 11:54:35 Image size of job updated: 218528
	214  -  MemoryUsage of job (MB)
	218528  -  ResidentSetSize of job (KB)
...
006 (9018140.150.000) 01/06 12:09:37 Image size of job updated: 218552
	214  -  MemoryUsage of job (MB)
	218552  -  ResidentSetSize of job (KB)
...
006 (9018140.150.000) 01/06 12:29:38 Image size of job updated: 218568
	214  -  MemoryUsage of job (MB)
	218568  -  ResidentSetSize of job (KB)
...
006 (9018140.150.000) 01/06 12:34:39 Image size of job updated: 218592
	214  -  MemoryUsage of job (MB)
	218592  -  ResidentSetSize of job (KB)
...
006 (9018140.150.000) 01/06 12:39:40 Image size of job updated: 218600
	214  -  MemoryUsage of job (MB)
	218600  -  ResidentSetSize of job (KB)
...
006 (9018140.150.000) 01/06 12:44:40 Image size of job updated: 218604
	214  -  MemoryUsage of job (MB)
	218604  -  ResidentSetSize of job (KB)
...
006 (9018140.150.000) 01/06 12:54:41 Image size of job updated: 218620
	214  -  MemoryUsage of job (MB)
	218620  -  ResidentSetSize of job (KB)
...
006 (9018140.150.000) 01/06 13:04:42 Image size of job updated: 218624
	214  -  MemoryUsage of job (MB)
	218624  -  ResidentSetSize of job (KB)
...
006 (9018140.150.000) 01/06 13:09:42 Image size of job updated: 218628
	214  -  MemoryUsage of job (MB)
	218628  -  ResidentSetSize of job (KB)
...
006 (9018140.150.000) 01/06 13:19:43 Image size of job updated: 218632
	214  -  MemoryUsage of job (MB)
	218632  -  ResidentSetSize of job (KB)
...
006 (9018140.150.000) 01/06 13:29:44 Image size of job updated: 218672
	214  -  MemoryUsage of job (MB)
	218672  -  ResidentSetSize of job (KB)
...
006 (9018140.150.000) 01/06 13:39:45 Image size of job updated: 218676
	214  -  MemoryUsage of job (MB)
	218676  -  ResidentSetSize of job (KB)
...
006 (9018140.150.000) 01/06 13:44:46 Image size of job updated: 218684
	214  -  MemoryUsage of job (MB)
	218684  -  ResidentSetSize of job (KB)
...
006 (9018140.150.000) 01/06 13:49:46 Image size of job updated: 218708
	214  -  MemoryUsage of job (MB)
	218708  -  ResidentSetSize of job (KB)
...
006 (9018140.150.000) 01/06 13:54:47 Image size of job updated: 218712
	214  -  MemoryUsage of job (MB)
	218712  -  ResidentSetSize of job (KB)
...
006 (9018140.150.000) 01/06 13:59:48 Image size of job updated: 218724
	214  -  MemoryUsage of job (MB)
	218724  -  ResidentSetSize of job (KB)
...
040 (9018140.150.000) 01/06 14:01:18 Started transferring output files
...
040 (9018140.150.000) 01/06 14:01:19 Finished transferring output files
...
005 (9018140.150.000) 01/06 14:01:19 Job terminated.
	(1) Normal termination (return value 0)
		Usr 0 02:57:40, Sys 0 00:00:16  -  Run Remote Usage
		Usr 0 00:00:00, Sys 0 00:00:00  -  Run Local Usage
		Usr 0 02:57:40, Sys 0 00:00:16  -  Total Remote Usage
		Usr 0 00:00:00, Sys 0 00:00:00  -  Total Local Usage
	45338  -  Run Bytes Sent By Job
	21436  -  Run Bytes Received By Job
	45338  -  Total Bytes Sent By Job
	21436  -  Total Bytes Received By Job
	Partitionable Resources :    Usage  Request Allocated 
	   Cpus                 :     0.99        1         1 
	   Disk (KB)            :    93          22      3813 
	   GPUs                 :                           0 
	   Memory (MB)          :   214        3000      3000 
	   TimeExecute (s)      : 10921                       
	   TimeSlotBusy (s)     : 10925                       

	Job terminated of its own accord at 2026-01-06T13:01:17Z with exit-code 0.
...
