i am in this directory
/pool/condor/dir_2098445
Python 3.9.23
3.9.23
 will run this python stop_check_met_eff.py /eos/user/m/mleoncoe/stop_event_check/privateNanoAod2018/nanoAOD_302.root /afs/cern.ch/work/m/mleoncoe/private/stop_met_check/outputs_2018/nanoAOD_302.json
event num1000
event num2000
event num3000
event num4000
event num5000
event num6000
event num7000
event num8000
event num9000
event num10000
event num11000
event num12000
event num13000
event num14000
event num15000
event num16000
event num17000
event num18000
event num19000
event num20000
event num21000
event num22000
event num23000
event num24000
event num25000
event num26000
event num27000
event num28000
event num29000
event num30000
event num31000
event num32000
event num33000
event num34000
event num35000
event num36000
event num37000
event num38000
event num39000
event num40000
event num41000
event num42000
event num43000
event num44000
event num45000
event num46000
event num47000
event num48000
event num49000
event num50000
event num51000
event num52000
event num53000
event num54000
event num55000
event num56000
event num57000
event num58000
event num59000
event num60000
event num61000
event num62000
event num63000
event num64000
event num65000
event num66000
event num67000
event num68000
event num69000
event num70000
event num71000
event num72000
event num73000
event num74000
event num75000
event num76000
event num77000
event num78000
event num79000
event num80000
event num81000
event num82000
event num83000
event num84000
event num85000
event num86000
event num87000
event num88000
event num89000
event num90000
event num91000
event num92000
event num93000
event num94000
event num95000
event num96000
event num97000
event num98000
event num99000
event num100000
event num101000
event num102000
event num103000
event num104000
event num105000
event num106000
event num107000
event num108000
event num109000
event num110000
event num111000
event num112000
event num113000
event num114000
event num115000
event num116000
event num117000
event num118000
event num119000
event num120000
event num121000
event num122000
event num123000
event num124000
event num125000
event num126000
event num127000
event num128000
event num129000
event num130000
event num131000
event num132000
event num133000
event num134000
event num135000
event num136000
event num137000
event num138000
event num139000
event num140000
event num141000
event num142000
event num143000
event num144000
event num145000
event num146000
event num147000
event num148000
event num149000
event num150000
event num151000
event num152000
event num153000
event num154000
{'250_240': [1376.0, 2039.0], '250_240_passing_MET': [0.0, 0.0], '250_240_failing_MET': [0.0, 0.0], '250_240_min_MET_pt': [10000000.0, 10000000.0], '250_235': [0.0, 1412.0], '250_235_passing_MET': [0.0, 1349.0], '250_235_failing_MET': [0.0, 63.0], '250_235_min_MET_pt': [10000000.0, 28.47726821899414], '250_230': [0.0, 0.0], '250_230_passing_MET': [0.0, 0.0], '250_230_failing_MET': [0.0, 0.0], '250_230_min_MET_pt': [10000000.0, 10000000.0], '250_225': [0.0, 0.0], '250_225_passing_MET': [0.0, 0.0], '250_225_failing_MET': [0.0, 0.0], '250_225_min_MET_pt': [10000000.0, 10000000.0], '250_220': [0.0, 0.0], '250_220_passing_MET': [0.0, 0.0], '250_220_failing_MET': [0.0, 0.0], '250_220_min_MET_pt': [10000000.0, 10000000.0], '275_265': [0.0, 0.0], '275_265_passing_MET': [0.0, 0.0], '275_265_failing_MET': [0.0, 0.0], '275_265_min_MET_pt': [10000000.0, 10000000.0], '275_260': [0.0, 0.0], '275_260_passing_MET': [0.0, 0.0], '275_260_failing_MET': [0.0, 0.0], '275_260_min_MET_pt': [10000000.0, 10000000.0], '275_255': [761.0, 0.0], '275_255_passing_MET': [732.0, 0.0], '275_255_failing_MET': [29.0, 0.0], '275_255_min_MET_pt': [36.41284942626953, 10000000.0], '275_250': [0.0, 0.0], '275_250_passing_MET': [0.0, 0.0], '275_250_failing_MET': [0.0, 0.0], '275_250_min_MET_pt': [10000000.0, 10000000.0], '275_245': [0.0, 0.0], '275_245_passing_MET': [0.0, 0.0], '275_245_failing_MET': [0.0, 0.0], '275_245_min_MET_pt': [10000000.0, 10000000.0], '300_290': [0.0, 753.0], '300_290_passing_MET': [0.0, 728.0], '300_290_failing_MET': [0.0, 25.0], '300_290_min_MET_pt': [10000000.0, 24.541494369506836], '300_285': [0.0, 0.0], '300_285_passing_MET': [0.0, 0.0], '300_285_failing_MET': [0.0, 0.0], '300_285_min_MET_pt': [10000000.0, 10000000.0], '300_280': [0.0, 0.0], '300_280_passing_MET': [0.0, 0.0], '300_280_failing_MET': [0.0, 0.0], '300_280_min_MET_pt': [10000000.0, 10000000.0], '300_275': [0.0, 0.0], '300_275_passing_MET': [0.0, 0.0], '300_275_failing_MET': [0.0, 0.0], '300_275_min_MET_pt': [10000000.0, 10000000.0], '300_270': [876.0, 0.0], '300_270_passing_MET': [827.0, 0.0], '300_270_failing_MET': [49.0, 0.0], '300_270_min_MET_pt': [41.43449783325195, 10000000.0], '325_315': [842.0, 0.0], '325_315_passing_MET': [811.0, 0.0], '325_315_failing_MET': [31.0, 0.0], '325_315_min_MET_pt': [44.21858596801758, 10000000.0], '325_310': [817.0, 0.0], '325_310_passing_MET': [784.0, 0.0], '325_310_failing_MET': [33.0, 0.0], '325_310_min_MET_pt': [14.429394721984863, 10000000.0], '325_305': [837.0, 0.0], '325_305_passing_MET': [804.0, 0.0], '325_305_failing_MET': [33.0, 0.0], '325_305_min_MET_pt': [6.299191474914551, 10000000.0], '325_300': [0.0, 0.0], '325_300_passing_MET': [0.0, 0.0], '325_300_failing_MET': [0.0, 0.0], '325_300_min_MET_pt': [10000000.0, 10000000.0], '325_295': [0.0, 0.0], '325_295_passing_MET': [0.0, 0.0], '325_295_failing_MET': [0.0, 0.0], '325_295_min_MET_pt': [10000000.0, 10000000.0], '350_340': [2464.0, 839.0], '350_340_passing_MET': [0.0, 0.0], '350_340_failing_MET': [0.0, 0.0], '350_340_min_MET_pt': [10000000.0, 10000000.0], '350_335': [0.0, 848.0], '350_335_passing_MET': [0.0, 806.0], '350_335_failing_MET': [0.0, 42.0], '350_335_min_MET_pt': [10000000.0, 23.334436416625977], '350_330': [0.0, 0.0], '350_330_passing_MET': [0.0, 0.0], '350_330_failing_MET': [0.0, 0.0], '350_330_min_MET_pt': [10000000.0, 10000000.0], '350_325': [0.0, 1783.0], '350_325_passing_MET': [0.0, 1704.0], '350_325_failing_MET': [0.0, 79.0], '350_325_min_MET_pt': [10000000.0, 19.317447662353516], '350_320': [0.0, 0.0], '350_320_passing_MET': [0.0, 0.0], '350_320_failing_MET': [0.0, 0.0], '350_320_min_MET_pt': [10000000.0, 10000000.0], '375_365': [839.0, 0.0], '375_365_passing_MET': [810.0, 0.0], '375_365_failing_MET': [29.0, 0.0], '375_365_min_MET_pt': [37.087486267089844, 10000000.0], '375_360': [0.0, 0.0], '375_360_passing_MET': [0.0, 0.0], '375_360_failing_MET': [0.0, 0.0], '375_360_min_MET_pt': [10000000.0, 10000000.0], '375_355': [0.0, 836.0], '375_355_passing_MET': [0.0, 802.0], '375_355_failing_MET': [0.0, 34.0], '375_355_min_MET_pt': [10000000.0, 43.18256759643555], '375_350': [1850.0, 910.0], '375_350_passing_MET': [0.0, 0.0], '375_350_failing_MET': [0.0, 0.0], '375_350_min_MET_pt': [10000000.0, 10000000.0], '375_345': [0.0, 912.0], '375_345_passing_MET': [0.0, 873.0], '375_345_failing_MET': [0.0, 39.0], '375_345_min_MET_pt': [10000000.0, 34.868446350097656], '400_390': [873.0, 880.0], '400_390_passing_MET': [0.0, 0.0], '400_390_failing_MET': [0.0, 0.0], '400_390_min_MET_pt': [10000000.0, 10000000.0], '400_385': [0.0, 0.0], '400_385_passing_MET': [0.0, 0.0], '400_385_failing_MET': [0.0, 0.0], '400_385_min_MET_pt': [10000000.0, 10000000.0], '400_380': [0.0, 0.0], '400_380_passing_MET': [0.0, 0.0], '400_380_failing_MET': [0.0, 0.0], '400_380_min_MET_pt': [10000000.0, 10000000.0], '400_375': [0.0, 0.0], '400_375_passing_MET': [0.0, 0.0], '400_375_failing_MET': [0.0, 0.0], '400_375_min_MET_pt': [10000000.0, 10000000.0], '400_370': [0.0, 0.0], '400_370_passing_MET': [0.0, 0.0], '400_370_failing_MET': [0.0, 0.0], '400_370_min_MET_pt': [10000000.0, 10000000.0], '425_415': [1812.0, 831.0], '425_415_passing_MET': [0.0, 0.0], '425_415_failing_MET': [0.0, 0.0], '425_415_min_MET_pt': [10000000.0, 10000000.0], '425_410': [0.0, 1885.0], '425_410_passing_MET': [0.0, 1820.0], '425_410_failing_MET': [0.0, 65.0], '425_410_min_MET_pt': [10000000.0, 14.853437423706055], '425_405': [0.0, 0.0], '425_405_passing_MET': [0.0, 0.0], '425_405_failing_MET': [0.0, 0.0], '425_405_min_MET_pt': [10000000.0, 10000000.0], '425_400': [0.0, 0.0], '425_400_passing_MET': [0.0, 0.0], '425_400_failing_MET': [0.0, 0.0], '425_400_min_MET_pt': [10000000.0, 10000000.0], '425_395': [0.0, 0.0], '425_395_passing_MET': [0.0, 0.0], '425_395_failing_MET': [0.0, 0.0], '425_395_min_MET_pt': [10000000.0, 10000000.0], '450_440': [0.0, 0.0], '450_440_passing_MET': [0.0, 0.0], '450_440_failing_MET': [0.0, 0.0], '450_440_min_MET_pt': [10000000.0, 10000000.0], '450_435': [945.0, 1798.0], '450_435_passing_MET': [0.0, 0.0], '450_435_failing_MET': [0.0, 0.0], '450_435_min_MET_pt': [10000000.0, 10000000.0], '450_430': [0.0, 930.0], '450_430_passing_MET': [0.0, 906.0], '450_430_failing_MET': [0.0, 24.0], '450_430_min_MET_pt': [10000000.0, 29.498456954956055], '450_425': [0.0, 0.0], '450_425_passing_MET': [0.0, 0.0], '450_425_failing_MET': [0.0, 0.0], '450_425_min_MET_pt': [10000000.0, 10000000.0], '450_420': [971.0, 0.0], '450_420_passing_MET': [931.0, 0.0], '450_420_failing_MET': [40.0, 0.0], '450_420_min_MET_pt': [28.470491409301758, 10000000.0], '475_465': [977.0, 1786.0], '475_465_passing_MET': [0.0, 0.0], '475_465_failing_MET': [0.0, 0.0], '475_465_min_MET_pt': [10000000.0, 10000000.0], '475_460': [0.0, 0.0], '475_460_passing_MET': [0.0, 0.0], '475_460_failing_MET': [0.0, 0.0], '475_460_min_MET_pt': [10000000.0, 10000000.0], '475_455': [986.0, 0.0], '475_455_passing_MET': [953.0, 0.0], '475_455_failing_MET': [33.0, 0.0], '475_455_min_MET_pt': [43.32382583618164, 10000000.0], '475_450': [1012.0, 0.0], '475_450_passing_MET': [964.0, 0.0], '475_450_failing_MET': [48.0, 0.0], '475_450_min_MET_pt': [29.293251037597656, 10000000.0], '475_445': [0.0, 989.0], '475_445_passing_MET': [0.0, 944.0], '475_445_failing_MET': [0.0, 45.0], '475_445_min_MET_pt': [10000000.0, 9.735553741455078], '500_490': [922.0, 958.0], '500_490_passing_MET': [0.0, 0.0], '500_490_failing_MET': [0.0, 0.0], '500_490_min_MET_pt': [10000000.0, 10000000.0], '500_485': [1969.0, 0.0], '500_485_passing_MET': [1900.0, 0.0], '500_485_failing_MET': [69.0, 0.0], '500_485_min_MET_pt': [15.49377155303955, 10000000.0], '500_480': [0.0, 0.0], '500_480_passing_MET': [0.0, 0.0], '500_480_failing_MET': [0.0, 0.0], '500_480_min_MET_pt': [10000000.0, 10000000.0], '500_475': [0.0, 0.0], '500_475_passing_MET': [0.0, 0.0], '500_475_failing_MET': [0.0, 0.0], '500_475_min_MET_pt': [10000000.0, 10000000.0], '500_470': [0.0, 0.0], '500_470_passing_MET': [0.0, 0.0], '500_470_failing_MET': [0.0, 0.0], '500_470_min_MET_pt': [10000000.0, 10000000.0], '525_515': [0.0, 0.0], '525_515_passing_MET': [0.0, 0.0], '525_515_failing_MET': [0.0, 0.0], '525_515_min_MET_pt': [10000000.0, 10000000.0], '525_510': [0.0, 0.0], '525_510_passing_MET': [0.0, 0.0], '525_510_failing_MET': [0.0, 0.0], '525_510_min_MET_pt': [10000000.0, 10000000.0], '525_505': [0.0, 0.0], '525_505_passing_MET': [0.0, 0.0], '525_505_failing_MET': [0.0, 0.0], '525_505_min_MET_pt': [10000000.0, 10000000.0], '525_500': [0.0, 0.0], '525_500_passing_MET': [0.0, 0.0], '525_500_failing_MET': [0.0, 0.0], '525_500_min_MET_pt': [10000000.0, 10000000.0], '525_495': [0.0, 0.0], '525_495_passing_MET': [0.0, 0.0], '525_495_failing_MET': [0.0, 0.0], '525_495_min_MET_pt': [10000000.0, 10000000.0], '550_540': [988.0, 0.0], '550_540_passing_MET': [969.0, 0.0], '550_540_failing_MET': [19.0, 0.0], '550_540_min_MET_pt': [65.98511505126953, 10000000.0], '550_535': [908.0, 0.0], '550_535_passing_MET': [880.0, 0.0], '550_535_failing_MET': [28.0, 0.0], '550_535_min_MET_pt': [23.791259765625, 10000000.0], '550_530': [0.0, 1066.0], '550_530_passing_MET': [0.0, 1033.0], '550_530_failing_MET': [0.0, 33.0], '550_530_min_MET_pt': [10000000.0, 28.850215911865234], '550_525': [1735.0, 0.0], '550_525_passing_MET': [1682.0, 0.0], '550_525_failing_MET': [53.0, 0.0], '550_525_min_MET_pt': [25.109769821166992, 10000000.0], '550_520': [1065.0, 0.0], '550_520_passing_MET': [1029.0, 0.0], '550_520_failing_MET': [36.0, 0.0], '550_520_min_MET_pt': [52.131752014160156, 10000000.0], '575_565': [0.0, 0.0], '575_565_passing_MET': [0.0, 0.0], '575_565_failing_MET': [0.0, 0.0], '575_565_min_MET_pt': [10000000.0, 10000000.0], '575_560': [0.0, 0.0], '575_560_passing_MET': [0.0, 0.0], '575_560_failing_MET': [0.0, 0.0], '575_560_min_MET_pt': [10000000.0, 10000000.0], '575_555': [0.0, 0.0], '575_555_passing_MET': [0.0, 0.0], '575_555_failing_MET': [0.0, 0.0], '575_555_min_MET_pt': [10000000.0, 10000000.0], '575_550': [0.0, 0.0], '575_550_passing_MET': [0.0, 0.0], '575_550_failing_MET': [0.0, 0.0], '575_550_min_MET_pt': [10000000.0, 10000000.0], '575_545': [0.0, 0.0], '575_545_passing_MET': [0.0, 0.0], '575_545_failing_MET': [0.0, 0.0], '575_545_min_MET_pt': [10000000.0, 10000000.0], '600_590': [2057.0, 0.0], '600_590_passing_MET': [1994.0, 0.0], '600_590_failing_MET': [63.0, 0.0], '600_590_min_MET_pt': [38.30002975463867, 10000000.0], '600_585': [0.0, 2712.0], '600_585_passing_MET': [0.0, 2633.0], '600_585_failing_MET': [0.0, 79.0], '600_585_min_MET_pt': [10000000.0, 24.356529235839844], '600_580': [0.0, 0.0], '600_580_passing_MET': [0.0, 0.0], '600_580_failing_MET': [0.0, 0.0], '600_580_min_MET_pt': [10000000.0, 10000000.0], '600_575': [0.0, 0.0], '600_575_passing_MET': [0.0, 0.0], '600_575_failing_MET': [0.0, 0.0], '600_575_min_MET_pt': [10000000.0, 10000000.0], '600_570': [0.0, 1043.0], '600_570_passing_MET': [0.0, 1012.0], '600_570_failing_MET': [0.0, 31.0], '600_570_min_MET_pt': [10000000.0, 43.68596267700195], '625_615': [0.0, 0.0], '625_615_passing_MET': [0.0, 0.0], '625_615_failing_MET': [0.0, 0.0], '625_615_min_MET_pt': [10000000.0, 10000000.0], '625_610': [0.0, 0.0], '625_610_passing_MET': [0.0, 0.0], '625_610_failing_MET': [0.0, 0.0], '625_610_min_MET_pt': [10000000.0, 10000000.0], '625_605': [0.0, 0.0], '625_605_passing_MET': [0.0, 0.0], '625_605_failing_MET': [0.0, 0.0], '625_605_min_MET_pt': [10000000.0, 10000000.0], '625_600': [0.0, 0.0], '625_600_passing_MET': [0.0, 0.0], '625_600_failing_MET': [0.0, 0.0], '625_600_min_MET_pt': [10000000.0, 10000000.0], '625_595': [0.0, 0.0], '625_595_passing_MET': [0.0, 0.0], '625_595_failing_MET': [0.0, 0.0], '625_595_min_MET_pt': [10000000.0, 10000000.0], '650_640': [0.0, 0.0], '650_640_passing_MET': [0.0, 0.0], '650_640_failing_MET': [0.0, 0.0], '650_640_min_MET_pt': [10000000.0, 10000000.0], '650_635': [0.0, 0.0], '650_635_passing_MET': [0.0, 0.0], '650_635_failing_MET': [0.0, 0.0], '650_635_min_MET_pt': [10000000.0, 10000000.0], '650_630': [0.0, 0.0], '650_630_passing_MET': [0.0, 0.0], '650_630_failing_MET': [0.0, 0.0], '650_630_min_MET_pt': [10000000.0, 10000000.0], '650_625': [0.0, 901.0], '650_625_passing_MET': [0.0, 874.0], '650_625_failing_MET': [0.0, 27.0], '650_625_min_MET_pt': [10000000.0, 28.473262786865234], '650_620': [0.0, 1137.0], '650_620_passing_MET': [0.0, 1104.0], '650_620_failing_MET': [0.0, 33.0], '650_620_min_MET_pt': [10000000.0, 49.89804458618164], '675_665': [0.0, 0.0], '675_665_passing_MET': [0.0, 0.0], '675_665_failing_MET': [0.0, 0.0], '675_665_min_MET_pt': [10000000.0, 10000000.0], '675_660': [0.0, 0.0], '675_660_passing_MET': [0.0, 0.0], '675_660_failing_MET': [0.0, 0.0], '675_660_min_MET_pt': [10000000.0, 10000000.0], '675_655': [0.0, 0.0], '675_655_passing_MET': [0.0, 0.0], '675_655_failing_MET': [0.0, 0.0], '675_655_min_MET_pt': [10000000.0, 10000000.0], '675_650': [0.0, 0.0], '675_650_passing_MET': [0.0, 0.0], '675_650_failing_MET': [0.0, 0.0], '675_650_min_MET_pt': [10000000.0, 10000000.0], '675_645': [0.0, 0.0], '675_645_passing_MET': [0.0, 0.0], '675_645_failing_MET': [0.0, 0.0], '675_645_min_MET_pt': [10000000.0, 10000000.0], '700_690': [2107.0, 0.0], '700_690_passing_MET': [2060.0, 0.0], '700_690_failing_MET': [47.0, 0.0], '700_690_min_MET_pt': [5.990499973297119, 10000000.0], '700_685': [0.0, 0.0], '700_685_passing_MET': [0.0, 0.0], '700_685_failing_MET': [0.0, 0.0], '700_685_min_MET_pt': [10000000.0, 10000000.0], '700_680': [0.0, 0.0], '700_680_passing_MET': [0.0, 0.0], '700_680_failing_MET': [0.0, 0.0], '700_680_min_MET_pt': [10000000.0, 10000000.0], '700_675': [0.0, 933.0], '700_675_passing_MET': [0.0, 903.0], '700_675_failing_MET': [0.0, 30.0], '700_675_min_MET_pt': [10000000.0, 8.925548553466797], '700_670': [0.0, 0.0], '700_670_passing_MET': [0.0, 0.0], '700_670_failing_MET': [0.0, 0.0], '700_670_min_MET_pt': [10000000.0, 10000000.0], '725_715': [0.0, 0.0], '725_715_passing_MET': [0.0, 0.0], '725_715_failing_MET': [0.0, 0.0], '725_715_min_MET_pt': [10000000.0, 10000000.0], '725_710': [0.0, 0.0], '725_710_passing_MET': [0.0, 0.0], '725_710_failing_MET': [0.0, 0.0], '725_710_min_MET_pt': [10000000.0, 10000000.0], '725_705': [0.0, 0.0], '725_705_passing_MET': [0.0, 0.0], '725_705_failing_MET': [0.0, 0.0], '725_705_min_MET_pt': [10000000.0, 10000000.0], '725_700': [0.0, 0.0], '725_700_passing_MET': [0.0, 0.0], '725_700_failing_MET': [0.0, 0.0], '725_700_min_MET_pt': [10000000.0, 10000000.0], '725_695': [0.0, 0.0], '725_695_passing_MET': [0.0, 0.0], '725_695_failing_MET': [0.0, 0.0], '725_695_min_MET_pt': [10000000.0, 10000000.0], '750_740': [1053.0, 1097.0], '750_740_passing_MET': [0.0, 0.0], '750_740_failing_MET': [0.0, 0.0], '750_740_min_MET_pt': [10000000.0, 10000000.0], '750_735': [0.0, 0.0], '750_735_passing_MET': [0.0, 0.0], '750_735_failing_MET': [0.0, 0.0], '750_735_min_MET_pt': [10000000.0, 10000000.0], '750_730': [0.0, 0.0], '750_730_passing_MET': [0.0, 0.0], '750_730_failing_MET': [0.0, 0.0], '750_730_min_MET_pt': [10000000.0, 10000000.0], '750_725': [0.0, 0.0], '750_725_passing_MET': [0.0, 0.0], '750_725_failing_MET': [0.0, 0.0], '750_725_min_MET_pt': [10000000.0, 10000000.0], '750_720': [0.0, 0.0], '750_720_passing_MET': [0.0, 0.0], '750_720_failing_MET': [0.0, 0.0], '750_720_min_MET_pt': [10000000.0, 10000000.0], '775_765': [0.0, 0.0], '775_765_passing_MET': [0.0, 0.0], '775_765_failing_MET': [0.0, 0.0], '775_765_min_MET_pt': [10000000.0, 10000000.0], '775_760': [0.0, 0.0], '775_760_passing_MET': [0.0, 0.0], '775_760_failing_MET': [0.0, 0.0], '775_760_min_MET_pt': [10000000.0, 10000000.0], '775_755': [0.0, 0.0], '775_755_passing_MET': [0.0, 0.0], '775_755_failing_MET': [0.0, 0.0], '775_755_min_MET_pt': [10000000.0, 10000000.0], '775_750': [0.0, 0.0], '775_750_passing_MET': [0.0, 0.0], '775_750_failing_MET': [0.0, 0.0], '775_750_min_MET_pt': [10000000.0, 10000000.0], '775_745': [0.0, 0.0], '775_745_passing_MET': [0.0, 0.0], '775_745_failing_MET': [0.0, 0.0], '775_745_min_MET_pt': [10000000.0, 10000000.0], '800_790': [0.0, 1049.0], '800_790_passing_MET': [0.0, 1022.0], '800_790_failing_MET': [0.0, 27.0], '800_790_min_MET_pt': [10000000.0, 43.27191162109375], '800_785': [0.0, 0.0], '800_785_passing_MET': [0.0, 0.0], '800_785_failing_MET': [0.0, 0.0], '800_785_min_MET_pt': [10000000.0, 10000000.0], '800_780': [1092.0, 1163.0], '800_780_passing_MET': [0.0, 0.0], '800_780_failing_MET': [0.0, 0.0], '800_780_min_MET_pt': [10000000.0, 10000000.0], '800_775': [0.0, 960.0], '800_775_passing_MET': [0.0, 938.0], '800_775_failing_MET': [0.0, 22.0], '800_775_min_MET_pt': [10000000.0, 42.236083984375], '800_770': [0.0, 0.0], '800_770_passing_MET': [0.0, 0.0], '800_770_failing_MET': [0.0, 0.0], '800_770_min_MET_pt': [10000000.0, 10000000.0], '825_815': [0.0, 0.0], '825_815_passing_MET': [0.0, 0.0], '825_815_failing_MET': [0.0, 0.0], '825_815_min_MET_pt': [10000000.0, 10000000.0], '825_810': [0.0, 0.0], '825_810_passing_MET': [0.0, 0.0], '825_810_failing_MET': [0.0, 0.0], '825_810_min_MET_pt': [10000000.0, 10000000.0], '825_805': [0.0, 0.0], '825_805_passing_MET': [0.0, 0.0], '825_805_failing_MET': [0.0, 0.0], '825_805_min_MET_pt': [10000000.0, 10000000.0], '825_800': [0.0, 0.0], '825_800_passing_MET': [0.0, 0.0], '825_800_failing_MET': [0.0, 0.0], '825_800_min_MET_pt': [10000000.0, 10000000.0], '825_795': [0.0, 0.0], '825_795_passing_MET': [0.0, 0.0], '825_795_failing_MET': [0.0, 0.0], '825_795_min_MET_pt': [10000000.0, 10000000.0], '850_840': [1077.0, 0.0], '850_840_passing_MET': [1052.0, 0.0], '850_840_failing_MET': [25.0, 0.0], '850_840_min_MET_pt': [32.56806945800781, 10000000.0], '850_835': [0.0, 945.0], '850_835_passing_MET': [0.0, 918.0], '850_835_failing_MET': [0.0, 27.0], '850_835_min_MET_pt': [10000000.0, 44.199180603027344], '850_830': [0.0, 1122.0], '850_830_passing_MET': [0.0, 1093.0], '850_830_failing_MET': [0.0, 29.0], '850_830_min_MET_pt': [10000000.0, 48.12639236450195], '850_825': [0.0, 0.0], '850_825_passing_MET': [0.0, 0.0], '850_825_failing_MET': [0.0, 0.0], '850_825_min_MET_pt': [10000000.0, 10000000.0], '850_820': [0.0, 0.0], '850_820_passing_MET': [0.0, 0.0], '850_820_failing_MET': [0.0, 0.0], '850_820_min_MET_pt': [10000000.0, 10000000.0], '875_865': [0.0, 0.0], '875_865_passing_MET': [0.0, 0.0], '875_865_failing_MET': [0.0, 0.0], '875_865_min_MET_pt': [10000000.0, 10000000.0], '875_860': [0.0, 0.0], '875_860_passing_MET': [0.0, 0.0], '875_860_failing_MET': [0.0, 0.0], '875_860_min_MET_pt': [10000000.0, 10000000.0], '875_855': [0.0, 0.0], '875_855_passing_MET': [0.0, 0.0], '875_855_failing_MET': [0.0, 0.0], '875_855_min_MET_pt': [10000000.0, 10000000.0], '875_850': [0.0, 0.0], '875_850_passing_MET': [0.0, 0.0], '875_850_failing_MET': [0.0, 0.0], '875_850_min_MET_pt': [10000000.0, 10000000.0], '875_845': [0.0, 0.0], '875_845_passing_MET': [0.0, 0.0], '875_845_failing_MET': [0.0, 0.0], '875_845_min_MET_pt': [10000000.0, 10000000.0], '900_890': [1129.0, 1097.0], '900_890_passing_MET': [0.0, 0.0], '900_890_failing_MET': [0.0, 0.0], '900_890_min_MET_pt': [10000000.0, 10000000.0], '900_885': [0.0, 0.0], '900_885_passing_MET': [0.0, 0.0], '900_885_failing_MET': [0.0, 0.0], '900_885_min_MET_pt': [10000000.0, 10000000.0], '900_880': [0.0, 1160.0], '900_880_passing_MET': [0.0, 1132.0], '900_880_failing_MET': [0.0, 28.0], '900_880_min_MET_pt': [10000000.0, 61.45222473144531], '900_875': [0.0, 0.0], '900_875_passing_MET': [0.0, 0.0], '900_875_failing_MET': [0.0, 0.0], '900_875_min_MET_pt': [10000000.0, 10000000.0], '900_870': [2367.0, 0.0], '900_870_passing_MET': [2313.0, 0.0], '900_870_failing_MET': [54.0, 0.0], '900_870_min_MET_pt': [32.599517822265625, 10000000.0], '925_915': [0.0, 0.0], '925_915_passing_MET': [0.0, 0.0], '925_915_failing_MET': [0.0, 0.0], '925_915_min_MET_pt': [10000000.0, 10000000.0], '925_910': [0.0, 0.0], '925_910_passing_MET': [0.0, 0.0], '925_910_failing_MET': [0.0, 0.0], '925_910_min_MET_pt': [10000000.0, 10000000.0], '925_905': [0.0, 0.0], '925_905_passing_MET': [0.0, 0.0], '925_905_failing_MET': [0.0, 0.0], '925_905_min_MET_pt': [10000000.0, 10000000.0], '925_900': [0.0, 0.0], '925_900_passing_MET': [0.0, 0.0], '925_900_failing_MET': [0.0, 0.0], '925_900_min_MET_pt': [10000000.0, 10000000.0], '925_895': [0.0, 0.0], '925_895_passing_MET': [0.0, 0.0], '925_895_failing_MET': [0.0, 0.0], '925_895_min_MET_pt': [10000000.0, 10000000.0], '950_940': [2272.0, 0.0], '950_940_passing_MET': [2222.0, 0.0], '950_940_failing_MET': [50.0, 0.0], '950_940_min_MET_pt': [45.68683624267578, 10000000.0], '950_935': [0.0, 0.0], '950_935_passing_MET': [0.0, 0.0], '950_935_failing_MET': [0.0, 0.0], '950_935_min_MET_pt': [10000000.0, 10000000.0], '950_930': [0.0, 0.0], '950_930_passing_MET': [0.0, 0.0], '950_930_failing_MET': [0.0, 0.0], '950_930_min_MET_pt': [10000000.0, 10000000.0], '950_925': [0.0, 0.0], '950_925_passing_MET': [0.0, 0.0], '950_925_failing_MET': [0.0, 0.0], '950_925_min_MET_pt': [10000000.0, 10000000.0], '950_920': [0.0, 1229.0], '950_920_passing_MET': [0.0, 1198.0], '950_920_failing_MET': [0.0, 31.0], '950_920_min_MET_pt': [10000000.0, 7.1794257164001465], '975_965': [0.0, 0.0], '975_965_passing_MET': [0.0, 0.0], '975_965_failing_MET': [0.0, 0.0], '975_965_min_MET_pt': [10000000.0, 10000000.0], '975_960': [0.0, 0.0], '975_960_passing_MET': [0.0, 0.0], '975_960_failing_MET': [0.0, 0.0], '975_960_min_MET_pt': [10000000.0, 10000000.0], '975_955': [0.0, 0.0], '975_955_passing_MET': [0.0, 0.0], '975_955_failing_MET': [0.0, 0.0], '975_955_min_MET_pt': [10000000.0, 10000000.0], '975_950': [0.0, 0.0], '975_950_passing_MET': [0.0, 0.0], '975_950_failing_MET': [0.0, 0.0], '975_950_min_MET_pt': [10000000.0, 10000000.0], '975_945': [0.0, 0.0], '975_945_passing_MET': [0.0, 0.0], '975_945_failing_MET': [0.0, 0.0], '975_945_min_MET_pt': [10000000.0, 10000000.0], '1000_990': [1109.0, 1156.0], '1000_990_passing_MET': [0.0, 0.0], '1000_990_failing_MET': [0.0, 0.0], '1000_990_min_MET_pt': [10000000.0, 10000000.0], '1000_985': [0.0, 0.0], '1000_985_passing_MET': [0.0, 0.0], '1000_985_failing_MET': [0.0, 0.0], '1000_985_min_MET_pt': [10000000.0, 10000000.0], '1000_980': [0.0, 1163.0], '1000_980_passing_MET': [0.0, 1136.0], '1000_980_failing_MET': [0.0, 27.0], '1000_980_min_MET_pt': [10000000.0, 1.554068684577942], '1000_975': [1005.0, 1984.0], '1000_975_passing_MET': [0.0, 0.0], '1000_975_failing_MET': [0.0, 0.0], '1000_975_min_MET_pt': [10000000.0, 10000000.0], '1000_970': [1186.0, 0.0], '1000_970_passing_MET': [1148.0, 0.0], '1000_970_failing_MET': [38.0, 0.0], '1000_970_min_MET_pt': [35.62989044189453, 10000000.0], '1025_1015': [0.0, 0.0], '1025_1015_passing_MET': [0.0, 0.0], '1025_1015_failing_MET': [0.0, 0.0], '1025_1015_min_MET_pt': [10000000.0, 10000000.0], '1025_1010': [0.0, 0.0], '1025_1010_passing_MET': [0.0, 0.0], '1025_1010_failing_MET': [0.0, 0.0], '1025_1010_min_MET_pt': [10000000.0, 10000000.0], '1025_1005': [0.0, 0.0], '1025_1005_passing_MET': [0.0, 0.0], '1025_1005_failing_MET': [0.0, 0.0], '1025_1005_min_MET_pt': [10000000.0, 10000000.0], '1025_1000': [0.0, 0.0], '1025_1000_passing_MET': [0.0, 0.0], '1025_1000_failing_MET': [0.0, 0.0], '1025_1000_min_MET_pt': [10000000.0, 10000000.0], '1025_995': [0.0, 0.0], '1025_995_passing_MET': [0.0, 0.0], '1025_995_failing_MET': [0.0, 0.0], '1025_995_min_MET_pt': [10000000.0, 10000000.0], '1050_1040': [0.0, 0.0], '1050_1040_passing_MET': [0.0, 0.0], '1050_1040_failing_MET': [0.0, 0.0], '1050_1040_min_MET_pt': [10000000.0, 10000000.0], '1050_1035': [0.0, 0.0], '1050_1035_passing_MET': [0.0, 0.0], '1050_1035_failing_MET': [0.0, 0.0], '1050_1035_min_MET_pt': [10000000.0, 10000000.0], '1050_1030': [0.0, 0.0], '1050_1030_passing_MET': [0.0, 0.0], '1050_1030_failing_MET': [0.0, 0.0], '1050_1030_min_MET_pt': [10000000.0, 10000000.0], '1050_1025': [0.0, 0.0], '1050_1025_passing_MET': [0.0, 0.0], '1050_1025_failing_MET': [0.0, 0.0], '1050_1025_min_MET_pt': [10000000.0, 10000000.0], '1050_1020': [0.0, 0.0], '1050_1020_passing_MET': [0.0, 0.0], '1050_1020_failing_MET': [0.0, 0.0], '1050_1020_min_MET_pt': [10000000.0, 10000000.0], '1075_1065': [0.0, 0.0], '1075_1065_passing_MET': [0.0, 0.0], '1075_1065_failing_MET': [0.0, 0.0], '1075_1065_min_MET_pt': [10000000.0, 10000000.0], '1075_1060': [0.0, 0.0], '1075_1060_passing_MET': [0.0, 0.0], '1075_1060_failing_MET': [0.0, 0.0], '1075_1060_min_MET_pt': [10000000.0, 10000000.0], '1075_1055': [0.0, 0.0], '1075_1055_passing_MET': [0.0, 0.0], '1075_1055_failing_MET': [0.0, 0.0], '1075_1055_min_MET_pt': [10000000.0, 10000000.0], '1075_1050': [0.0, 0.0], '1075_1050_passing_MET': [0.0, 0.0], '1075_1050_failing_MET': [0.0, 0.0], '1075_1050_min_MET_pt': [10000000.0, 10000000.0], '1075_1045': [0.0, 0.0], '1075_1045_passing_MET': [0.0, 0.0], '1075_1045_failing_MET': [0.0, 0.0], '1075_1045_min_MET_pt': [10000000.0, 10000000.0], '1100_1090': [2040.0, 0.0], '1100_1090_passing_MET': [1992.0, 0.0], '1100_1090_failing_MET': [48.0, 0.0], '1100_1090_min_MET_pt': [25.438634872436523, 10000000.0], '1100_1085': [0.0, 0.0], '1100_1085_passing_MET': [0.0, 0.0], '1100_1085_failing_MET': [0.0, 0.0], '1100_1085_min_MET_pt': [10000000.0, 10000000.0], '1100_1080': [0.0, 0.0], '1100_1080_passing_MET': [0.0, 0.0], '1100_1080_failing_MET': [0.0, 0.0], '1100_1080_min_MET_pt': [10000000.0, 10000000.0], '1100_1075': [0.0, 2083.0], '1100_1075_passing_MET': [0.0, 2025.0], '1100_1075_failing_MET': [0.0, 58.0], '1100_1075_min_MET_pt': [10000000.0, 34.815921783447266], '1100_1070': [1027.0, 979.0], '1100_1070_passing_MET': [0.0, 0.0], '1100_1070_failing_MET': [0.0, 0.0], '1100_1070_min_MET_pt': [10000000.0, 10000000.0], 'nEventsTotal': 154653.0, 'strange masspoints': 0.0, 'orphans': 0.0, 'R-hadron event': 0.0, 'different stop antistop masses': 0.0, 'strange error': 0.0, 'strange event': 0.0, 'different neutralino masses': 13931.0, 'large differences': 0.0, '1100_1072': [201.0, 182.0], '1100_1072_passing_MET': [193.0, 174.0], '1100_1072_failing_MET': [8.0, 8.0], '1100_1072_min_MET_pt': [64.73039245605469, 39.18456268310547], '800_776': [0.0, 174.0], '800_776_passing_MET': [0.0, 172.0], '800_776_failing_MET': [0.0, 2.0], '800_776_min_MET_pt': [10000000.0, 39.06487274169922], '826_795': [996.0, 1011.0], '826_795_passing_MET': [967.0, 989.0], '826_795_failing_MET': [29.0, 22.0], '826_795_min_MET_pt': [37.501163482666016, 43.077919006347656], '826_796': [171.0, 195.0], '826_796_passing_MET': [163.0, 187.0], '826_796_failing_MET': [8.0, 8.0], '826_796_min_MET_pt': [56.418209075927734, 57.641754150390625], '1024_1015': [0.0, 988.0], '1024_1015_passing_MET': [0.0, 960.0], '1024_1015_failing_MET': [0.0, 28.0], '1024_1015_min_MET_pt': [10000000.0, 26.974946975708008], '1024_1016': [0.0, 107.0], '1024_1016_passing_MET': [0.0, 106.0], '1024_1016_failing_MET': [0.0, 1.0], '1024_1016_min_MET_pt': [10000000.0, 81.46231842041016], '1000_976': [159.0, 313.0], '1000_976_passing_MET': [154.0, 301.0], '1000_976_failing_MET': [5.0, 12.0], '1000_976_min_MET_pt': [16.777740478515625, 60.635555267333984], '726_710': [1090.0, 2199.0], '726_710_passing_MET': [1072.0, 2144.0], '726_710_failing_MET': [18.0, 55.0], '726_710_min_MET_pt': [54.676414489746094, 13.738870620727539], '676_645': [0.0, 920.0], '676_645_passing_MET': [0.0, 894.0], '676_645_failing_MET': [0.0, 26.0], '676_645_min_MET_pt': [10000000.0, 55.307952880859375], '676_646': [0.0, 189.0], '676_646_passing_MET': [0.0, 181.0], '676_646_failing_MET': [0.0, 8.0], '676_646_min_MET_pt': [10000000.0, 58.66575241088867], '1052_1035': [1040.0, 0.0], '1052_1035_passing_MET': [1006.0, 0.0], '1052_1035_failing_MET': [34.0, 0.0], '1052_1035_min_MET_pt': [60.613136291503906, 10000000.0], '1052_1036': [148.0, 0.0], '1052_1036_passing_MET': [146.0, 0.0], '1052_1036_failing_MET': [2.0, 0.0], '1052_1036_min_MET_pt': [70.00081634521484, 10000000.0], '976_960': [0.0, 1084.0], '976_960_passing_MET': [0.0, 1061.0], '976_960_failing_MET': [0.0, 23.0], '976_960_min_MET_pt': [10000000.0, 50.17561721801758], '650_626': [0.0, 154.0], '650_626_passing_MET': [0.0, 152.0], '650_626_failing_MET': [0.0, 2.0], '650_626_min_MET_pt': [10000000.0, 51.64518737792969], '876_865': [992.0, 0.0], '876_865_passing_MET': [972.0, 0.0], '876_865_failing_MET': [20.0, 0.0], '876_865_min_MET_pt': [18.42911720275879, 10000000.0], '876_866': [114.0, 0.0], '876_866_passing_MET': [109.0, 0.0], '876_866_failing_MET': [5.0, 0.0], '876_866_min_MET_pt': [74.74199676513672, 10000000.0], '626_615': [0.0, 872.0], '626_615_passing_MET': [0.0, 853.0], '626_615_failing_MET': [0.0, 19.0], '626_615_min_MET_pt': [10000000.0, 16.703479766845703], '626_616': [0.0, 95.0], '626_616_passing_MET': [0.0, 91.0], '626_616_failing_MET': [0.0, 4.0], '626_616_min_MET_pt': [10000000.0, 48.24900817871094], '776_755': [933.0, 0.0], '776_755_passing_MET': [904.0, 0.0], '776_755_failing_MET': [29.0, 0.0], '776_755_min_MET_pt': [46.83372116088867, 10000000.0], '776_756': [156.0, 0.0], '776_756_passing_MET': [155.0, 0.0], '776_756_failing_MET': [1.0, 0.0], '776_756_min_MET_pt': [87.85111236572266, 10000000.0], '1100_1092': [216.0, 0.0], '1100_1092_passing_MET': [209.0, 0.0], '1100_1092_failing_MET': [7.0, 0.0], '1100_1092_min_MET_pt': [49.28839874267578, 10000000.0], '576_565': [0.0, 956.0], '576_565_passing_MET': [0.0, 932.0], '576_565_failing_MET': [0.0, 24.0], '576_565_min_MET_pt': [10000000.0, 48.82942581176758], '576_566': [0.0, 78.0], '576_566_passing_MET': [0.0, 77.0], '576_566_failing_MET': [0.0, 1.0], '576_566_min_MET_pt': [10000000.0, 84.64146423339844], '526_495': [0.0, 1023.0], '526_495_passing_MET': [0.0, 986.0], '526_495_failing_MET': [0.0, 37.0], '526_495_min_MET_pt': [10000000.0, 25.62896728515625], '776_765': [962.0, 3862.0], '776_765_passing_MET': [941.0, 3781.0], '776_765_failing_MET': [21.0, 81.0], '776_765_min_MET_pt': [29.511865615844727, 17.527936935424805], '776_766': [114.0, 362.0], '776_766_passing_MET': [112.0, 353.0], '776_766_failing_MET': [2.0, 9.0], '776_766_min_MET_pt': [69.43771362304688, 36.444034576416016], '550_526': [309.0, 0.0], '550_526_passing_MET': [292.0, 0.0], '550_526_failing_MET': [17.0, 0.0], '550_526_min_MET_pt': [54.07138442993164, 10000000.0], '826_800': [0.0, 2316.0], '826_800_passing_MET': [0.0, 2256.0], '826_800_failing_MET': [0.0, 60.0], '826_800_min_MET_pt': [10000000.0, 17.358928680419922], '626_600': [0.0, 1068.0], '626_600_passing_MET': [0.0, 1036.0], '626_600_failing_MET': [0.0, 32.0], '626_600_min_MET_pt': [10000000.0, 9.057463645935059], '700_676': [0.0, 165.0], '700_676_passing_MET': [0.0, 163.0], '700_676_failing_MET': [0.0, 2.0], '700_676_min_MET_pt': [10000000.0, 67.19918060302734], '626_595': [883.0, 0.0], '626_595_passing_MET': [855.0, 0.0], '626_595_failing_MET': [28.0, 0.0], '626_595_min_MET_pt': [29.820615768432617, 10000000.0], '626_596': [165.0, 0.0], '626_596_passing_MET': [160.0, 0.0], '626_596_failing_MET': [5.0, 0.0], '626_596_min_MET_pt': [63.00538635253906, 10000000.0], '850_836': [0.0, 147.0], '850_836_passing_MET': [0.0, 145.0], '850_836_failing_MET': [0.0, 2.0], '850_836_min_MET_pt': [10000000.0, 70.33675384521484], '876_845': [0.0, 933.0], '876_845_passing_MET': [0.0, 905.0], '876_845_failing_MET': [0.0, 28.0], '876_845_min_MET_pt': [10000000.0, 45.711326599121094], '876_846': [0.0, 197.0], '876_846_passing_MET': [0.0, 195.0], '876_846_failing_MET': [0.0, 2.0], '876_846_min_MET_pt': [10000000.0, 63.306976318359375], '726_715': [0.0, 1901.0], '726_715_passing_MET': [0.0, 1855.0], '726_715_failing_MET': [0.0, 46.0], '726_715_min_MET_pt': [10000000.0, 32.16643142700195], '726_716': [0.0, 188.0], '726_716_passing_MET': [0.0, 185.0], '726_716_failing_MET': [0.0, 3.0], '726_716_min_MET_pt': [10000000.0, 77.07613372802734], '576_545': [911.0, 933.0], '576_545_passing_MET': [879.0, 897.0], '576_545_failing_MET': [32.0, 36.0], '576_545_min_MET_pt': [12.419445037841797, 32.8671989440918], '576_546': [166.0, 179.0], '576_546_passing_MET': [159.0, 175.0], '576_546_failing_MET': [7.0, 4.0], '576_546_min_MET_pt': [59.30805587768555, 5.280091285705566], '600_586': [0.0, 328.0], '600_586_passing_MET': [0.0, 315.0], '600_586_failing_MET': [0.0, 13.0], '600_586_min_MET_pt': [10000000.0, 3.352734088897705], '1052_1020': [2355.0, 0.0], '1052_1020_passing_MET': [2292.0, 0.0], '1052_1020_failing_MET': [63.0, 0.0], '1052_1020_min_MET_pt': [29.889646530151367, 10000000.0], '1100_1076': [0.0, 374.0], '1100_1076_passing_MET': [0.0, 365.0], '1100_1076_failing_MET': [0.0, 9.0], '1100_1076_min_MET_pt': [10000000.0, 51.07279586791992], '576_560': [1053.0, 0.0], '576_560_passing_MET': [1030.0, 0.0], '576_560_failing_MET': [23.0, 0.0], '576_560_min_MET_pt': [23.814651489257812, 10000000.0], '526_505': [989.0, 0.0], '526_505_passing_MET': [955.0, 0.0], '526_505_failing_MET': [34.0, 0.0], '526_505_min_MET_pt': [29.5218448638916, 10000000.0], '576_556': [147.0, 151.0], '576_556_passing_MET': [142.0, 142.0], '576_556_failing_MET': [5.0, 9.0], '576_556_min_MET_pt': [54.15616226196289, 39.90928649902344], '576_555': [894.0, 888.0], '576_555_passing_MET': [867.0, 854.0], '576_555_failing_MET': [27.0, 34.0], '576_555_min_MET_pt': [37.86301803588867, 5.412798881530762], '926_900': [0.0, 1116.0], '926_900_passing_MET': [0.0, 1079.0], '926_900_failing_MET': [0.0, 37.0], '926_900_min_MET_pt': [10000000.0, 44.68125534057617], '726_705': [0.0, 967.0], '726_705_passing_MET': [0.0, 944.0], '726_705_failing_MET': [0.0, 23.0], '726_705_min_MET_pt': [10000000.0, 37.80609893798828], '726_706': [0.0, 151.0], '726_706_passing_MET': [0.0, 144.0], '726_706_failing_MET': [0.0, 7.0], '726_706_min_MET_pt': [10000000.0, 27.455862045288086], '926_915': [1967.0, 0.0], '926_915_passing_MET': [1917.0, 0.0], '926_915_failing_MET': [50.0, 0.0], '926_915_min_MET_pt': [22.659244537353516, 10000000.0], '926_916': [210.0, 0.0], '926_916_passing_MET': [205.0, 0.0], '926_916_failing_MET': [5.0, 0.0], '926_916_min_MET_pt': [84.6012191772461, 10000000.0], '726_695': [0.0, 936.0], '726_695_passing_MET': [0.0, 908.0], '726_695_failing_MET': [0.0, 28.0], '726_695_min_MET_pt': [10000000.0, 10.306632995605469], '726_696': [0.0, 168.0], '726_696_passing_MET': [0.0, 163.0], '726_696_failing_MET': [0.0, 5.0], '726_696_min_MET_pt': [10000000.0, 47.50876235961914], '826_805': [973.0, 954.0], '826_805_passing_MET': [940.0, 921.0], '826_805_failing_MET': [33.0, 33.0], '826_805_min_MET_pt': [28.56740951538086, 31.948644638061523], '826_806': [139.0, 145.0], '826_806_passing_MET': [135.0, 144.0], '826_806_failing_MET': [4.0, 1.0], '826_806_min_MET_pt': [77.77918243408203, 70.64825439453125], '526_510': [0.0, 956.0], '526_510_passing_MET': [0.0, 922.0], '526_510_failing_MET': [0.0, 34.0], '526_510_min_MET_pt': [10000000.0, 28.822601318359375], '776_745': [957.0, 947.0], '776_745_passing_MET': [926.0, 925.0], '776_745_failing_MET': [31.0, 22.0], '776_745_min_MET_pt': [48.458984375, 32.82994079589844], '776_746': [169.0, 211.0], '776_746_passing_MET': [164.0, 203.0], '776_746_failing_MET': [5.0, 8.0], '776_746_min_MET_pt': [39.531253814697266, 45.901756286621094], '1076_1052': [187.0, 0.0], '1076_1052_passing_MET': [180.0, 0.0], '1076_1052_failing_MET': [7.0, 0.0], '1076_1052_min_MET_pt': [64.20378112792969, 10000000.0], '1076_1050': [996.0, 0.0], '1076_1050_passing_MET': [968.0, 0.0], '1076_1050_failing_MET': [28.0, 0.0], '1076_1050_min_MET_pt': [37.819454193115234, 10000000.0], '976_965': [0.0, 989.0], '976_965_passing_MET': [0.0, 964.0], '976_965_failing_MET': [0.0, 25.0], '976_965_min_MET_pt': [10000000.0, 42.05291748046875], '976_966': [0.0, 86.0], '976_966_passing_MET': [0.0, 84.0], '976_966_failing_MET': [0.0, 2.0], '976_966_min_MET_pt': [10000000.0, 91.61988067626953], '626_610': [1032.0, 0.0], '626_610_passing_MET': [996.0, 0.0], '626_610_failing_MET': [36.0, 0.0], '626_610_min_MET_pt': [22.534177780151367, 10000000.0], '1024_995': [964.0, 0.0], '1024_995_passing_MET': [942.0, 0.0], '1024_995_failing_MET': [22.0, 0.0], '1024_995_min_MET_pt': [34.981834411621094, 10000000.0], '1024_996': [184.0, 0.0], '1024_996_passing_MET': [179.0, 0.0], '1024_996_failing_MET': [5.0, 0.0], '1024_996_min_MET_pt': [64.21324157714844, 10000000.0], '676_665': [0.0, 927.0], '676_665_passing_MET': [0.0, 905.0], '676_665_failing_MET': [0.0, 22.0], '676_665_min_MET_pt': [10000000.0, 52.618408203125], '676_666': [0.0, 101.0], '676_666_passing_MET': [0.0, 101.0], '676_666_failing_MET': [0.0, 0.0], '676_666_min_MET_pt': [10000000.0, 101.16728973388672], '776_750': [0.0, 1153.0], '776_750_passing_MET': [0.0, 1127.0], '776_750_failing_MET': [0.0, 26.0], '776_750_min_MET_pt': [10000000.0, 27.60425567626953], '826_810': [1163.0, 0.0], '826_810_passing_MET': [1123.0, 0.0], '826_810_failing_MET': [40.0, 0.0], '826_810_min_MET_pt': [12.569558143615723, 10000000.0], '1052_1032': [0.0, 157.0], '1052_1032_passing_MET': [0.0, 155.0], '1052_1032_failing_MET': [0.0, 2.0], '1052_1032_min_MET_pt': [10000000.0, 80.53417205810547], '1052_1030': [0.0, 1015.0], '1052_1030_passing_MET': [0.0, 996.0], '1052_1030_failing_MET': [0.0, 19.0], '1052_1030_min_MET_pt': [10000000.0, 27.083826065063477], '626_605': [0.0, 870.0], '626_605_passing_MET': [0.0, 853.0], '626_605_failing_MET': [0.0, 17.0], '626_605_min_MET_pt': [10000000.0, 37.40803909301758], '626_606': [0.0, 148.0], '626_606_passing_MET': [0.0, 145.0], '626_606_failing_MET': [0.0, 3.0], '626_606_min_MET_pt': [10000000.0, 53.578529357910156], '1052_1040': [0.0, 1115.0], '1052_1040_passing_MET': [0.0, 1090.0], '1052_1040_failing_MET': [0.0, 25.0], '1052_1040_min_MET_pt': [10000000.0, 19.375404357910156], '550_536': [115.0, 0.0], '550_536_passing_MET': [109.0, 0.0], '550_536_failing_MET': [6.0, 0.0], '550_536_min_MET_pt': [39.2669677734375, 10000000.0], '826_816': [0.0, 111.0], '826_816_passing_MET': [0.0, 109.0], '826_816_failing_MET': [0.0, 2.0], '826_816_min_MET_pt': [10000000.0, 73.14202880859375], '826_815': [0.0, 958.0], '826_815_passing_MET': [0.0, 934.0], '826_815_failing_MET': [0.0, 24.0], '826_815_min_MET_pt': [10000000.0, 41.402992248535156], '526_516': [96.0, 0.0], '526_516_passing_MET': [93.0, 0.0], '526_516_failing_MET': [3.0, 0.0], '526_516_min_MET_pt': [63.06441116333008, 10000000.0], '526_515': [910.0, 0.0], '526_515_passing_MET': [885.0, 0.0], '526_515_failing_MET': [25.0, 0.0], '526_515_min_MET_pt': [32.15624237060547, 10000000.0]}
nevents_from_dict =  3700279733.8228536
Results saved to /afs/cern.ch/work/m/mleoncoe/private/stop_met_check/outputs_2018/nanoAOD_302.json
done
