000 (9018140.077.000) 01/06 10:56:20 Job submitted from host: <188.185.6.50:9618?addrs=188.185.6.50-9618+[2001-1458-d00-62--100-2b1]-9618&alias=bigbird25.cern.ch&noUDP&sock=schedd_1627_90ad>
...
040 (9018140.077.000) 01/06 10:58:51 Started transferring input files
	Transferring to host: <188.185.196.150:9618?addrs=188.185.196.150-9618+[2001-1458-303-23--100-92]-9618&alias=b9p16p1856.cern.ch&noUDP&sock=slot1_28_4848_9abe_109159>
...
040 (9018140.077.000) 01/06 10:58:51 Finished transferring input files
...
001 (9018140.077.000) 01/06 10:58:52 Job executing on host: <188.185.196.150:9618?addrs=188.185.196.150-9618+[2001-1458-303-23--100-92]-9618&alias=b9p16p1856.cern.ch&noUDP&sock=startd_3765_0e29>
	SlotName: slot1_28@b9p16p1856.cern.ch
	CondorScratchDir = "/pool/condor/dir_379481"
	Cpus = 1
	Disk = 3886
	GPUs = 0
	Memory = 3000
...
006 (9018140.077.000) 01/06 10:59:05 Image size of job updated: 95848
	94  -  MemoryUsage of job (MB)
	95848  -  ResidentSetSize of job (KB)
...
006 (9018140.077.000) 01/06 11:04:05 Image size of job updated: 205408
	201  -  MemoryUsage of job (MB)
	205408  -  ResidentSetSize of job (KB)
...
006 (9018140.077.000) 01/06 11:09:06 Image size of job updated: 205488
	201  -  MemoryUsage of job (MB)
	205488  -  ResidentSetSize of job (KB)
...
006 (9018140.077.000) 01/06 11:14:06 Image size of job updated: 205936
	202  -  MemoryUsage of job (MB)
	205936  -  ResidentSetSize of job (KB)
...
006 (9018140.077.000) 01/06 11:15:17 Image size of job updated: 206140
	202  -  MemoryUsage of job (MB)
	205936  -  ResidentSetSize of job (KB)
...
040 (9018140.077.000) 01/06 11:15:17 Started transferring output files
...
040 (9018140.077.000) 01/06 11:15:18 Finished transferring output files
...
005 (9018140.077.000) 01/06 11:15:18 Job terminated.
	(1) Normal termination (return value 0)
		Usr 0 00:15:17, Sys 0 00:00:01  -  Run Remote Usage
		Usr 0 00:00:00, Sys 0 00:00:00  -  Run Local Usage
		Usr 0 00:15:17, Sys 0 00:00:01  -  Total Remote Usage
		Usr 0 00:00:00, Sys 0 00:00:00  -  Total Local Usage
	33886  -  Run Bytes Sent By Job
	21436  -  Run Bytes Received By Job
	33886  -  Total Bytes Sent By Job
	21436  -  Total Bytes Received By Job
	Partitionable Resources :    Usage  Request Allocated 
	   Cpus                 :     1.00        1         1 
	   Disk (KB)            :    81          22      3886 
	   GPUs                 :                           0 
	   Memory (MB)          :   202        3000      3000 
	   TimeExecute (s)      :   985                       
	   TimeSlotBusy (s)     :   988                       

	Job terminated of its own accord at 2026-01-06T10:15:17Z with exit-code 0.
...
