i am in this directory
/pool/condor/dir_1510233
Python 3.9.23
3.9.23
 will run this python stop_check_met_eff.py /eos/user/m/mleoncoe/stop_event_check/privateNanoAod2018/nanoAOD_76.root /afs/cern.ch/work/m/mleoncoe/private/stop_met_check/outputs_2018/nanoAOD_76.json
event num1000
event num2000
event num3000
event num4000
event num5000
event num6000
event num7000
event num8000
event num9000
event num10000
event num11000
event num12000
event num13000
event num14000
event num15000
event num16000
event num17000
event num18000
event num19000
event num20000
event num21000
event num22000
event num23000
event num24000
event num25000
event num26000
event num27000
event num28000
event num29000
event num30000
event num31000
event num32000
event num33000
event num34000
event num35000
event num36000
event num37000
event num38000
event num39000
event num40000
event num41000
event num42000
event num43000
event num44000
event num45000
event num46000
event num47000
event num48000
event num49000
event num50000
event num51000
event num52000
event num53000
event num54000
event num55000
event num56000
event num57000
event num58000
event num59000
event num60000
event num61000
event num62000
event num63000
event num64000
event num65000
event num66000
event num67000
event num68000
event num69000
event num70000
event num71000
event num72000
event num73000
event num74000
event num75000
event num76000
event num77000
event num78000
event num79000
event num80000
event num81000
event num82000
event num83000
event num84000
event num85000
event num86000
event num87000
event num88000
event num89000
event num90000
event num91000
event num92000
event num93000
event num94000
event num95000
event num96000
event num97000
event num98000
event num99000
event num100000
event num101000
event num102000
event num103000
event num104000
event num105000
event num106000
event num107000
event num108000
event num109000
event num110000
event num111000
event num112000
event num113000
event num114000
event num115000
event num116000
event num117000
event num118000
event num119000
event num120000
event num121000
event num122000
event num123000
event num124000
event num125000
event num126000
event num127000
event num128000
event num129000
event num130000
event num131000
event num132000
event num133000
event num134000
event num135000
event num136000
event num137000
event num138000
event num139000
event num140000
event num141000
event num142000
event num143000
event num144000
event num145000
event num146000
event num147000
event num148000
event num149000
event num150000
event num151000
event num152000
event num153000
event num154000
event num155000
event num156000
event num157000
event num158000
event num159000
event num160000
event num161000
event num162000
event num163000
event num164000
event num165000
event num166000
event num167000
event num168000
event num169000
event num170000
event num171000
event num172000
event num173000
event num174000
event num175000
event num176000
event num177000
event num178000
event num179000
event num180000
{'250_240': [706.0, 2003.0], '250_240_passing_MET': [0.0, 0.0], '250_240_failing_MET': [0.0, 0.0], '250_240_min_MET_pt': [10000000.0, 10000000.0], '250_235': [0.0, 707.0], '250_235_passing_MET': [0.0, 673.0], '250_235_failing_MET': [0.0, 34.0], '250_235_min_MET_pt': [10000000.0, 28.935869216918945], '250_230': [746.0, 0.0], '250_230_passing_MET': [710.0, 0.0], '250_230_failing_MET': [36.0, 0.0], '250_230_min_MET_pt': [38.31986999511719, 10000000.0], '250_225': [0.0, 771.0], '250_225_passing_MET': [0.0, 733.0], '250_225_failing_MET': [0.0, 38.0], '250_225_min_MET_pt': [10000000.0, 29.64330291748047], '250_220': [0.0, 0.0], '250_220_passing_MET': [0.0, 0.0], '250_220_failing_MET': [0.0, 0.0], '250_220_min_MET_pt': [10000000.0, 10000000.0], '275_265': [0.0, 1506.0], '275_265_passing_MET': [0.0, 1455.0], '275_265_failing_MET': [0.0, 51.0], '275_265_min_MET_pt': [10000000.0, 29.693073272705078], '275_260': [743.0, 766.0], '275_260_passing_MET': [0.0, 0.0], '275_260_failing_MET': [0.0, 0.0], '275_260_min_MET_pt': [10000000.0, 10000000.0], '275_255': [0.0, 0.0], '275_255_passing_MET': [0.0, 0.0], '275_255_failing_MET': [0.0, 0.0], '275_255_min_MET_pt': [10000000.0, 10000000.0], '275_250': [759.0, 0.0], '275_250_passing_MET': [735.0, 0.0], '275_250_failing_MET': [24.0, 0.0], '275_250_min_MET_pt': [28.60068702697754, 10000000.0], '275_245': [1579.0, 0.0], '275_245_passing_MET': [1494.0, 0.0], '275_245_failing_MET': [85.0, 0.0], '275_245_min_MET_pt': [4.740519046783447, 10000000.0], '300_290': [765.0, 0.0], '300_290_passing_MET': [751.0, 0.0], '300_290_failing_MET': [14.0, 0.0], '300_290_min_MET_pt': [49.476226806640625, 10000000.0], '300_285': [755.0, 0.0], '300_285_passing_MET': [731.0, 0.0], '300_285_failing_MET': [24.0, 0.0], '300_285_min_MET_pt': [39.94354248046875, 10000000.0], '300_280': [0.0, 0.0], '300_280_passing_MET': [0.0, 0.0], '300_280_failing_MET': [0.0, 0.0], '300_280_min_MET_pt': [10000000.0, 10000000.0], '300_275': [762.0, 0.0], '300_275_passing_MET': [741.0, 0.0], '300_275_failing_MET': [21.0, 0.0], '300_275_min_MET_pt': [24.632665634155273, 10000000.0], '300_270': [0.0, 0.0], '300_270_passing_MET': [0.0, 0.0], '300_270_failing_MET': [0.0, 0.0], '300_270_min_MET_pt': [10000000.0, 10000000.0], '325_315': [3865.0, 2395.0], '325_315_passing_MET': [0.0, 0.0], '325_315_failing_MET': [0.0, 0.0], '325_315_min_MET_pt': [10000000.0, 10000000.0], '325_310': [0.0, 828.0], '325_310_passing_MET': [0.0, 792.0], '325_310_failing_MET': [0.0, 36.0], '325_310_min_MET_pt': [10000000.0, 29.53671646118164], '325_305': [883.0, 0.0], '325_305_passing_MET': [848.0, 0.0], '325_305_failing_MET': [35.0, 0.0], '325_305_min_MET_pt': [47.713741302490234, 10000000.0], '325_300': [0.0, 0.0], '325_300_passing_MET': [0.0, 0.0], '325_300_failing_MET': [0.0, 0.0], '325_300_min_MET_pt': [10000000.0, 10000000.0], '325_295': [913.0, 0.0], '325_295_passing_MET': [870.0, 0.0], '325_295_failing_MET': [43.0, 0.0], '325_295_min_MET_pt': [27.530385971069336, 10000000.0], '350_340': [0.0, 855.0], '350_340_passing_MET': [0.0, 822.0], '350_340_failing_MET': [0.0, 33.0], '350_340_min_MET_pt': [10000000.0, 46.55504608154297], '350_335': [0.0, 0.0], '350_335_passing_MET': [0.0, 0.0], '350_335_failing_MET': [0.0, 0.0], '350_335_min_MET_pt': [10000000.0, 10000000.0], '350_330': [0.0, 0.0], '350_330_passing_MET': [0.0, 0.0], '350_330_failing_MET': [0.0, 0.0], '350_330_min_MET_pt': [10000000.0, 10000000.0], '350_325': [897.0, 889.0], '350_325_passing_MET': [0.0, 0.0], '350_325_failing_MET': [0.0, 0.0], '350_325_min_MET_pt': [10000000.0, 10000000.0], '350_320': [1804.0, 0.0], '350_320_passing_MET': [1730.0, 0.0], '350_320_failing_MET': [74.0, 0.0], '350_320_min_MET_pt': [29.50115966796875, 10000000.0], '375_365': [820.0, 1681.0], '375_365_passing_MET': [0.0, 0.0], '375_365_failing_MET': [0.0, 0.0], '375_365_min_MET_pt': [10000000.0, 10000000.0], '375_360': [0.0, 1773.0], '375_360_passing_MET': [0.0, 1714.0], '375_360_failing_MET': [0.0, 59.0], '375_360_min_MET_pt': [10000000.0, 40.892574310302734], '375_355': [0.0, 891.0], '375_355_passing_MET': [0.0, 860.0], '375_355_failing_MET': [0.0, 31.0], '375_355_min_MET_pt': [10000000.0, 29.947961807250977], '375_350': [0.0, 1791.0], '375_350_passing_MET': [0.0, 1715.0], '375_350_failing_MET': [0.0, 76.0], '375_350_min_MET_pt': [10000000.0, 14.314236640930176], '375_345': [0.0, 0.0], '375_345_passing_MET': [0.0, 0.0], '375_345_failing_MET': [0.0, 0.0], '375_345_min_MET_pt': [10000000.0, 10000000.0], '400_390': [5451.0, 1731.0], '400_390_passing_MET': [0.0, 0.0], '400_390_failing_MET': [0.0, 0.0], '400_390_min_MET_pt': [10000000.0, 10000000.0], '400_385': [0.0, 0.0], '400_385_passing_MET': [0.0, 0.0], '400_385_failing_MET': [0.0, 0.0], '400_385_min_MET_pt': [10000000.0, 10000000.0], '400_380': [0.0, 0.0], '400_380_passing_MET': [0.0, 0.0], '400_380_failing_MET': [0.0, 0.0], '400_380_min_MET_pt': [10000000.0, 10000000.0], '400_375': [0.0, 0.0], '400_375_passing_MET': [0.0, 0.0], '400_375_failing_MET': [0.0, 0.0], '400_375_min_MET_pt': [10000000.0, 10000000.0], '400_370': [955.0, 0.0], '400_370_passing_MET': [924.0, 0.0], '400_370_failing_MET': [31.0, 0.0], '400_370_min_MET_pt': [31.307188034057617, 10000000.0], '425_415': [0.0, 1785.0], '425_415_passing_MET': [0.0, 1734.0], '425_415_failing_MET': [0.0, 51.0], '425_415_min_MET_pt': [10000000.0, 46.9551887512207], '425_410': [909.0, 0.0], '425_410_passing_MET': [885.0, 0.0], '425_410_failing_MET': [24.0, 0.0], '425_410_min_MET_pt': [46.14262390136719, 10000000.0], '425_405': [0.0, 917.0], '425_405_passing_MET': [0.0, 884.0], '425_405_failing_MET': [0.0, 33.0], '425_405_min_MET_pt': [10000000.0, 27.508546829223633], '425_400': [0.0, 0.0], '425_400_passing_MET': [0.0, 0.0], '425_400_failing_MET': [0.0, 0.0], '425_400_min_MET_pt': [10000000.0, 10000000.0], '425_395': [1945.0, 0.0], '425_395_passing_MET': [1852.0, 0.0], '425_395_failing_MET': [93.0, 0.0], '425_395_min_MET_pt': [18.570762634277344, 10000000.0], '450_440': [0.0, 0.0], '450_440_passing_MET': [0.0, 0.0], '450_440_failing_MET': [0.0, 0.0], '450_440_min_MET_pt': [10000000.0, 10000000.0], '450_435': [0.0, 0.0], '450_435_passing_MET': [0.0, 0.0], '450_435_failing_MET': [0.0, 0.0], '450_435_min_MET_pt': [10000000.0, 10000000.0], '450_430': [0.0, 0.0], '450_430_passing_MET': [0.0, 0.0], '450_430_failing_MET': [0.0, 0.0], '450_430_min_MET_pt': [10000000.0, 10000000.0], '450_425': [0.0, 932.0], '450_425_passing_MET': [0.0, 900.0], '450_425_failing_MET': [0.0, 32.0], '450_425_min_MET_pt': [10000000.0, 24.806406021118164], '450_420': [0.0, 981.0], '450_420_passing_MET': [0.0, 933.0], '450_420_failing_MET': [0.0, 48.0], '450_420_min_MET_pt': [10000000.0, 21.471450805664062], '475_465': [1900.0, 0.0], '475_465_passing_MET': [1854.0, 0.0], '475_465_failing_MET': [46.0, 0.0], '475_465_min_MET_pt': [32.72454071044922, 10000000.0], '475_460': [0.0, 0.0], '475_460_passing_MET': [0.0, 0.0], '475_460_failing_MET': [0.0, 0.0], '475_460_min_MET_pt': [10000000.0, 10000000.0], '475_455': [0.0, 971.0], '475_455_passing_MET': [0.0, 941.0], '475_455_failing_MET': [0.0, 30.0], '475_455_min_MET_pt': [10000000.0, 31.32475471496582], '475_450': [0.0, 983.0], '475_450_passing_MET': [0.0, 947.0], '475_450_failing_MET': [0.0, 36.0], '475_450_min_MET_pt': [10000000.0, 18.35253143310547], '475_445': [0.0, 0.0], '475_445_passing_MET': [0.0, 0.0], '475_445_failing_MET': [0.0, 0.0], '475_445_min_MET_pt': [10000000.0, 10000000.0], '500_490': [942.0, 0.0], '500_490_passing_MET': [919.0, 0.0], '500_490_failing_MET': [23.0, 0.0], '500_490_min_MET_pt': [52.30714797973633, 10000000.0], '500_485': [0.0, 0.0], '500_485_passing_MET': [0.0, 0.0], '500_485_failing_MET': [0.0, 0.0], '500_485_min_MET_pt': [10000000.0, 10000000.0], '500_480': [0.0, 0.0], '500_480_passing_MET': [0.0, 0.0], '500_480_failing_MET': [0.0, 0.0], '500_480_min_MET_pt': [10000000.0, 10000000.0], '500_475': [1013.0, 0.0], '500_475_passing_MET': [976.0, 0.0], '500_475_failing_MET': [37.0, 0.0], '500_475_min_MET_pt': [16.86196517944336, 10000000.0], '500_470': [0.0, 0.0], '500_470_passing_MET': [0.0, 0.0], '500_470_failing_MET': [0.0, 0.0], '500_470_min_MET_pt': [10000000.0, 10000000.0], '525_515': [0.0, 0.0], '525_515_passing_MET': [0.0, 0.0], '525_515_failing_MET': [0.0, 0.0], '525_515_min_MET_pt': [10000000.0, 10000000.0], '525_510': [0.0, 0.0], '525_510_passing_MET': [0.0, 0.0], '525_510_failing_MET': [0.0, 0.0], '525_510_min_MET_pt': [10000000.0, 10000000.0], '525_505': [0.0, 0.0], '525_505_passing_MET': [0.0, 0.0], '525_505_failing_MET': [0.0, 0.0], '525_505_min_MET_pt': [10000000.0, 10000000.0], '525_500': [0.0, 0.0], '525_500_passing_MET': [0.0, 0.0], '525_500_failing_MET': [0.0, 0.0], '525_500_min_MET_pt': [10000000.0, 10000000.0], '525_495': [0.0, 0.0], '525_495_passing_MET': [0.0, 0.0], '525_495_failing_MET': [0.0, 0.0], '525_495_min_MET_pt': [10000000.0, 10000000.0], '550_540': [0.0, 966.0], '550_540_passing_MET': [0.0, 941.0], '550_540_failing_MET': [0.0, 25.0], '550_540_min_MET_pt': [10000000.0, 31.28728675842285], '550_535': [0.0, 0.0], '550_535_passing_MET': [0.0, 0.0], '550_535_failing_MET': [0.0, 0.0], '550_535_min_MET_pt': [10000000.0, 10000000.0], '550_530': [1031.0, 995.0], '550_530_passing_MET': [0.0, 0.0], '550_530_failing_MET': [0.0, 0.0], '550_530_min_MET_pt': [10000000.0, 10000000.0], '550_525': [832.0, 0.0], '550_525_passing_MET': [806.0, 0.0], '550_525_failing_MET': [26.0, 0.0], '550_525_min_MET_pt': [22.83745002746582, 10000000.0], '550_520': [0.0, 0.0], '550_520_passing_MET': [0.0, 0.0], '550_520_failing_MET': [0.0, 0.0], '550_520_min_MET_pt': [10000000.0, 10000000.0], '575_565': [0.0, 0.0], '575_565_passing_MET': [0.0, 0.0], '575_565_failing_MET': [0.0, 0.0], '575_565_min_MET_pt': [10000000.0, 10000000.0], '575_560': [0.0, 0.0], '575_560_passing_MET': [0.0, 0.0], '575_560_failing_MET': [0.0, 0.0], '575_560_min_MET_pt': [10000000.0, 10000000.0], '575_555': [0.0, 0.0], '575_555_passing_MET': [0.0, 0.0], '575_555_failing_MET': [0.0, 0.0], '575_555_min_MET_pt': [10000000.0, 10000000.0], '575_550': [0.0, 0.0], '575_550_passing_MET': [0.0, 0.0], '575_550_failing_MET': [0.0, 0.0], '575_550_min_MET_pt': [10000000.0, 10000000.0], '575_545': [0.0, 0.0], '575_545_passing_MET': [0.0, 0.0], '575_545_failing_MET': [0.0, 0.0], '575_545_min_MET_pt': [10000000.0, 10000000.0], '600_590': [0.0, 981.0], '600_590_passing_MET': [0.0, 948.0], '600_590_failing_MET': [0.0, 33.0], '600_590_min_MET_pt': [10000000.0, 18.13796615600586], '600_585': [0.0, 0.0], '600_585_passing_MET': [0.0, 0.0], '600_585_failing_MET': [0.0, 0.0], '600_585_min_MET_pt': [10000000.0, 10000000.0], '600_580': [0.0, 0.0], '600_580_passing_MET': [0.0, 0.0], '600_580_failing_MET': [0.0, 0.0], '600_580_min_MET_pt': [10000000.0, 10000000.0], '600_575': [0.0, 0.0], '600_575_passing_MET': [0.0, 0.0], '600_575_failing_MET': [0.0, 0.0], '600_575_min_MET_pt': [10000000.0, 10000000.0], '600_570': [0.0, 0.0], '600_570_passing_MET': [0.0, 0.0], '600_570_failing_MET': [0.0, 0.0], '600_570_min_MET_pt': [10000000.0, 10000000.0], '625_615': [0.0, 0.0], '625_615_passing_MET': [0.0, 0.0], '625_615_failing_MET': [0.0, 0.0], '625_615_min_MET_pt': [10000000.0, 10000000.0], '625_610': [0.0, 0.0], '625_610_passing_MET': [0.0, 0.0], '625_610_failing_MET': [0.0, 0.0], '625_610_min_MET_pt': [10000000.0, 10000000.0], '625_605': [0.0, 0.0], '625_605_passing_MET': [0.0, 0.0], '625_605_failing_MET': [0.0, 0.0], '625_605_min_MET_pt': [10000000.0, 10000000.0], '625_600': [0.0, 0.0], '625_600_passing_MET': [0.0, 0.0], '625_600_failing_MET': [0.0, 0.0], '625_600_min_MET_pt': [10000000.0, 10000000.0], '625_595': [0.0, 0.0], '625_595_passing_MET': [0.0, 0.0], '625_595_failing_MET': [0.0, 0.0], '625_595_min_MET_pt': [10000000.0, 10000000.0], '650_640': [2108.0, 1035.0], '650_640_passing_MET': [0.0, 0.0], '650_640_failing_MET': [0.0, 0.0], '650_640_min_MET_pt': [10000000.0, 10000000.0], '650_635': [0.0, 0.0], '650_635_passing_MET': [0.0, 0.0], '650_635_failing_MET': [0.0, 0.0], '650_635_min_MET_pt': [10000000.0, 10000000.0], '650_630': [0.0, 1079.0], '650_630_passing_MET': [0.0, 1040.0], '650_630_failing_MET': [0.0, 39.0], '650_630_min_MET_pt': [10000000.0, 36.8845329284668], '650_625': [910.0, 920.0], '650_625_passing_MET': [0.0, 0.0], '650_625_failing_MET': [0.0, 0.0], '650_625_min_MET_pt': [10000000.0, 10000000.0], '650_620': [0.0, 0.0], '650_620_passing_MET': [0.0, 0.0], '650_620_failing_MET': [0.0, 0.0], '650_620_min_MET_pt': [10000000.0, 10000000.0], '675_665': [0.0, 0.0], '675_665_passing_MET': [0.0, 0.0], '675_665_failing_MET': [0.0, 0.0], '675_665_min_MET_pt': [10000000.0, 10000000.0], '675_660': [0.0, 0.0], '675_660_passing_MET': [0.0, 0.0], '675_660_failing_MET': [0.0, 0.0], '675_660_min_MET_pt': [10000000.0, 10000000.0], '675_655': [0.0, 0.0], '675_655_passing_MET': [0.0, 0.0], '675_655_failing_MET': [0.0, 0.0], '675_655_min_MET_pt': [10000000.0, 10000000.0], '675_650': [0.0, 0.0], '675_650_passing_MET': [0.0, 0.0], '675_650_failing_MET': [0.0, 0.0], '675_650_min_MET_pt': [10000000.0, 10000000.0], '675_645': [0.0, 0.0], '675_645_passing_MET': [0.0, 0.0], '675_645_failing_MET': [0.0, 0.0], '675_645_min_MET_pt': [10000000.0, 10000000.0], '700_690': [0.0, 995.0], '700_690_passing_MET': [0.0, 973.0], '700_690_failing_MET': [0.0, 22.0], '700_690_min_MET_pt': [10000000.0, 53.430206298828125], '700_685': [0.0, 0.0], '700_685_passing_MET': [0.0, 0.0], '700_685_failing_MET': [0.0, 0.0], '700_685_min_MET_pt': [10000000.0, 10000000.0], '700_680': [0.0, 0.0], '700_680_passing_MET': [0.0, 0.0], '700_680_failing_MET': [0.0, 0.0], '700_680_min_MET_pt': [10000000.0, 10000000.0], '700_675': [0.0, 0.0], '700_675_passing_MET': [0.0, 0.0], '700_675_failing_MET': [0.0, 0.0], '700_675_min_MET_pt': [10000000.0, 10000000.0], '700_670': [0.0, 1094.0], '700_670_passing_MET': [0.0, 1060.0], '700_670_failing_MET': [0.0, 34.0], '700_670_min_MET_pt': [10000000.0, 9.721795082092285], '725_715': [0.0, 0.0], '725_715_passing_MET': [0.0, 0.0], '725_715_failing_MET': [0.0, 0.0], '725_715_min_MET_pt': [10000000.0, 10000000.0], '725_710': [0.0, 0.0], '725_710_passing_MET': [0.0, 0.0], '725_710_failing_MET': [0.0, 0.0], '725_710_min_MET_pt': [10000000.0, 10000000.0], '725_705': [0.0, 0.0], '725_705_passing_MET': [0.0, 0.0], '725_705_failing_MET': [0.0, 0.0], '725_705_min_MET_pt': [10000000.0, 10000000.0], '725_700': [0.0, 0.0], '725_700_passing_MET': [0.0, 0.0], '725_700_failing_MET': [0.0, 0.0], '725_700_min_MET_pt': [10000000.0, 10000000.0], '725_695': [0.0, 0.0], '725_695_passing_MET': [0.0, 0.0], '725_695_failing_MET': [0.0, 0.0], '725_695_min_MET_pt': [10000000.0, 10000000.0], '750_740': [2221.0, 0.0], '750_740_passing_MET': [2183.0, 0.0], '750_740_failing_MET': [38.0, 0.0], '750_740_min_MET_pt': [42.07467269897461, 10000000.0], '750_735': [987.0, 931.0], '750_735_passing_MET': [0.0, 0.0], '750_735_failing_MET': [0.0, 0.0], '750_735_min_MET_pt': [10000000.0, 10000000.0], '750_730': [0.0, 1043.0], '750_730_passing_MET': [0.0, 1020.0], '750_730_failing_MET': [0.0, 23.0], '750_730_min_MET_pt': [10000000.0, 26.624221801757812], '750_725': [954.0, 0.0], '750_725_passing_MET': [933.0, 0.0], '750_725_failing_MET': [21.0, 0.0], '750_725_min_MET_pt': [36.51239776611328, 10000000.0], '750_720': [0.0, 0.0], '750_720_passing_MET': [0.0, 0.0], '750_720_failing_MET': [0.0, 0.0], '750_720_min_MET_pt': [10000000.0, 10000000.0], '775_765': [0.0, 0.0], '775_765_passing_MET': [0.0, 0.0], '775_765_failing_MET': [0.0, 0.0], '775_765_min_MET_pt': [10000000.0, 10000000.0], '775_760': [0.0, 0.0], '775_760_passing_MET': [0.0, 0.0], '775_760_failing_MET': [0.0, 0.0], '775_760_min_MET_pt': [10000000.0, 10000000.0], '775_755': [0.0, 0.0], '775_755_passing_MET': [0.0, 0.0], '775_755_failing_MET': [0.0, 0.0], '775_755_min_MET_pt': [10000000.0, 10000000.0], '775_750': [0.0, 0.0], '775_750_passing_MET': [0.0, 0.0], '775_750_failing_MET': [0.0, 0.0], '775_750_min_MET_pt': [10000000.0, 10000000.0], '775_745': [0.0, 0.0], '775_745_passing_MET': [0.0, 0.0], '775_745_failing_MET': [0.0, 0.0], '775_745_min_MET_pt': [10000000.0, 10000000.0], '800_790': [1050.0, 2149.0], '800_790_passing_MET': [0.0, 0.0], '800_790_failing_MET': [0.0, 0.0], '800_790_min_MET_pt': [10000000.0, 10000000.0], '800_785': [0.0, 0.0], '800_785_passing_MET': [0.0, 0.0], '800_785_failing_MET': [0.0, 0.0], '800_785_min_MET_pt': [10000000.0, 10000000.0], '800_780': [0.0, 0.0], '800_780_passing_MET': [0.0, 0.0], '800_780_failing_MET': [0.0, 0.0], '800_780_min_MET_pt': [10000000.0, 10000000.0], '800_775': [0.0, 0.0], '800_775_passing_MET': [0.0, 0.0], '800_775_failing_MET': [0.0, 0.0], '800_775_min_MET_pt': [10000000.0, 10000000.0], '800_770': [0.0, 2301.0], '800_770_passing_MET': [0.0, 2229.0], '800_770_failing_MET': [0.0, 72.0], '800_770_min_MET_pt': [10000000.0, 10.503849983215332], '825_815': [0.0, 0.0], '825_815_passing_MET': [0.0, 0.0], '825_815_failing_MET': [0.0, 0.0], '825_815_min_MET_pt': [10000000.0, 10000000.0], '825_810': [0.0, 0.0], '825_810_passing_MET': [0.0, 0.0], '825_810_failing_MET': [0.0, 0.0], '825_810_min_MET_pt': [10000000.0, 10000000.0], '825_805': [0.0, 0.0], '825_805_passing_MET': [0.0, 0.0], '825_805_failing_MET': [0.0, 0.0], '825_805_min_MET_pt': [10000000.0, 10000000.0], '825_800': [0.0, 0.0], '825_800_passing_MET': [0.0, 0.0], '825_800_failing_MET': [0.0, 0.0], '825_800_min_MET_pt': [10000000.0, 10000000.0], '825_795': [0.0, 0.0], '825_795_passing_MET': [0.0, 0.0], '825_795_failing_MET': [0.0, 0.0], '825_795_min_MET_pt': [10000000.0, 10000000.0], '850_840': [1100.0, 1080.0], '850_840_passing_MET': [0.0, 0.0], '850_840_failing_MET': [0.0, 0.0], '850_840_min_MET_pt': [10000000.0, 10000000.0], '850_835': [1956.0, 0.0], '850_835_passing_MET': [1898.0, 0.0], '850_835_failing_MET': [58.0, 0.0], '850_835_min_MET_pt': [42.01695251464844, 10000000.0], '850_830': [1117.0, 0.0], '850_830_passing_MET': [1087.0, 0.0], '850_830_failing_MET': [30.0, 0.0], '850_830_min_MET_pt': [61.56515121459961, 10000000.0], '850_825': [959.0, 0.0], '850_825_passing_MET': [935.0, 0.0], '850_825_failing_MET': [24.0, 0.0], '850_825_min_MET_pt': [22.96554183959961, 10000000.0], '850_820': [0.0, 1186.0], '850_820_passing_MET': [0.0, 1147.0], '850_820_failing_MET': [0.0, 39.0], '850_820_min_MET_pt': [10000000.0, 19.143789291381836], '875_865': [0.0, 0.0], '875_865_passing_MET': [0.0, 0.0], '875_865_failing_MET': [0.0, 0.0], '875_865_min_MET_pt': [10000000.0, 10000000.0], '875_860': [0.0, 0.0], '875_860_passing_MET': [0.0, 0.0], '875_860_failing_MET': [0.0, 0.0], '875_860_min_MET_pt': [10000000.0, 10000000.0], '875_855': [0.0, 0.0], '875_855_passing_MET': [0.0, 0.0], '875_855_failing_MET': [0.0, 0.0], '875_855_min_MET_pt': [10000000.0, 10000000.0], '875_850': [0.0, 0.0], '875_850_passing_MET': [0.0, 0.0], '875_850_failing_MET': [0.0, 0.0], '875_850_min_MET_pt': [10000000.0, 10000000.0], '875_845': [0.0, 0.0], '875_845_passing_MET': [0.0, 0.0], '875_845_failing_MET': [0.0, 0.0], '875_845_min_MET_pt': [10000000.0, 10000000.0], '900_890': [3297.0, 1138.0], '900_890_passing_MET': [0.0, 0.0], '900_890_failing_MET': [0.0, 0.0], '900_890_min_MET_pt': [10000000.0, 10000000.0], '900_885': [0.0, 0.0], '900_885_passing_MET': [0.0, 0.0], '900_885_failing_MET': [0.0, 0.0], '900_885_min_MET_pt': [10000000.0, 10000000.0], '900_880': [0.0, 1092.0], '900_880_passing_MET': [0.0, 1070.0], '900_880_failing_MET': [0.0, 22.0], '900_880_min_MET_pt': [10000000.0, 56.36227035522461], '900_875': [0.0, 941.0], '900_875_passing_MET': [0.0, 917.0], '900_875_failing_MET': [0.0, 24.0], '900_875_min_MET_pt': [10000000.0, 40.68611526489258], '900_870': [1194.0, 0.0], '900_870_passing_MET': [1168.0, 0.0], '900_870_failing_MET': [26.0, 0.0], '900_870_min_MET_pt': [31.0199031829834, 10000000.0], '925_915': [0.0, 0.0], '925_915_passing_MET': [0.0, 0.0], '925_915_failing_MET': [0.0, 0.0], '925_915_min_MET_pt': [10000000.0, 10000000.0], '925_910': [0.0, 0.0], '925_910_passing_MET': [0.0, 0.0], '925_910_failing_MET': [0.0, 0.0], '925_910_min_MET_pt': [10000000.0, 10000000.0], '925_905': [0.0, 0.0], '925_905_passing_MET': [0.0, 0.0], '925_905_failing_MET': [0.0, 0.0], '925_905_min_MET_pt': [10000000.0, 10000000.0], '925_900': [0.0, 0.0], '925_900_passing_MET': [0.0, 0.0], '925_900_failing_MET': [0.0, 0.0], '925_900_min_MET_pt': [10000000.0, 10000000.0], '925_895': [0.0, 0.0], '925_895_passing_MET': [0.0, 0.0], '925_895_failing_MET': [0.0, 0.0], '925_895_min_MET_pt': [10000000.0, 10000000.0], '950_940': [2137.0, 0.0], '950_940_passing_MET': [2097.0, 0.0], '950_940_failing_MET': [40.0, 0.0], '950_940_min_MET_pt': [39.61867904663086, 10000000.0], '950_935': [1997.0, 0.0], '950_935_passing_MET': [1956.0, 0.0], '950_935_failing_MET': [41.0, 0.0], '950_935_min_MET_pt': [59.347755432128906, 10000000.0], '950_930': [0.0, 0.0], '950_930_passing_MET': [0.0, 0.0], '950_930_failing_MET': [0.0, 0.0], '950_930_min_MET_pt': [10000000.0, 10000000.0], '950_925': [960.0, 0.0], '950_925_passing_MET': [926.0, 0.0], '950_925_failing_MET': [34.0, 0.0], '950_925_min_MET_pt': [26.50054168701172, 10000000.0], '950_920': [0.0, 2354.0], '950_920_passing_MET': [0.0, 2284.0], '950_920_failing_MET': [0.0, 70.0], '950_920_min_MET_pt': [10000000.0, 19.560300827026367], '975_965': [0.0, 0.0], '975_965_passing_MET': [0.0, 0.0], '975_965_failing_MET': [0.0, 0.0], '975_965_min_MET_pt': [10000000.0, 10000000.0], '975_960': [0.0, 0.0], '975_960_passing_MET': [0.0, 0.0], '975_960_failing_MET': [0.0, 0.0], '975_960_min_MET_pt': [10000000.0, 10000000.0], '975_955': [0.0, 0.0], '975_955_passing_MET': [0.0, 0.0], '975_955_failing_MET': [0.0, 0.0], '975_955_min_MET_pt': [10000000.0, 10000000.0], '975_950': [0.0, 0.0], '975_950_passing_MET': [0.0, 0.0], '975_950_failing_MET': [0.0, 0.0], '975_950_min_MET_pt': [10000000.0, 10000000.0], '975_945': [0.0, 0.0], '975_945_passing_MET': [0.0, 0.0], '975_945_failing_MET': [0.0, 0.0], '975_945_min_MET_pt': [10000000.0, 10000000.0], '1000_990': [1161.0, 1081.0], '1000_990_passing_MET': [0.0, 0.0], '1000_990_failing_MET': [0.0, 0.0], '1000_990_min_MET_pt': [10000000.0, 10000000.0], '1000_985': [0.0, 0.0], '1000_985_passing_MET': [0.0, 0.0], '1000_985_failing_MET': [0.0, 0.0], '1000_985_min_MET_pt': [10000000.0, 10000000.0], '1000_980': [0.0, 1152.0], '1000_980_passing_MET': [0.0, 1128.0], '1000_980_failing_MET': [0.0, 24.0], '1000_980_min_MET_pt': [10000000.0, 52.122928619384766], '1000_975': [0.0, 0.0], '1000_975_passing_MET': [0.0, 0.0], '1000_975_failing_MET': [0.0, 0.0], '1000_975_min_MET_pt': [10000000.0, 10000000.0], '1000_970': [1174.0, 0.0], '1000_970_passing_MET': [1143.0, 0.0], '1000_970_failing_MET': [31.0, 0.0], '1000_970_min_MET_pt': [49.536617279052734, 10000000.0], '1025_1015': [0.0, 0.0], '1025_1015_passing_MET': [0.0, 0.0], '1025_1015_failing_MET': [0.0, 0.0], '1025_1015_min_MET_pt': [10000000.0, 10000000.0], '1025_1010': [0.0, 0.0], '1025_1010_passing_MET': [0.0, 0.0], '1025_1010_failing_MET': [0.0, 0.0], '1025_1010_min_MET_pt': [10000000.0, 10000000.0], '1025_1005': [0.0, 0.0], '1025_1005_passing_MET': [0.0, 0.0], '1025_1005_failing_MET': [0.0, 0.0], '1025_1005_min_MET_pt': [10000000.0, 10000000.0], '1025_1000': [0.0, 0.0], '1025_1000_passing_MET': [0.0, 0.0], '1025_1000_failing_MET': [0.0, 0.0], '1025_1000_min_MET_pt': [10000000.0, 10000000.0], '1025_995': [0.0, 0.0], '1025_995_passing_MET': [0.0, 0.0], '1025_995_failing_MET': [0.0, 0.0], '1025_995_min_MET_pt': [10000000.0, 10000000.0], '1050_1040': [0.0, 0.0], '1050_1040_passing_MET': [0.0, 0.0], '1050_1040_failing_MET': [0.0, 0.0], '1050_1040_min_MET_pt': [10000000.0, 10000000.0], '1050_1035': [0.0, 0.0], '1050_1035_passing_MET': [0.0, 0.0], '1050_1035_failing_MET': [0.0, 0.0], '1050_1035_min_MET_pt': [10000000.0, 10000000.0], '1050_1030': [0.0, 0.0], '1050_1030_passing_MET': [0.0, 0.0], '1050_1030_failing_MET': [0.0, 0.0], '1050_1030_min_MET_pt': [10000000.0, 10000000.0], '1050_1025': [0.0, 0.0], '1050_1025_passing_MET': [0.0, 0.0], '1050_1025_failing_MET': [0.0, 0.0], '1050_1025_min_MET_pt': [10000000.0, 10000000.0], '1050_1020': [0.0, 0.0], '1050_1020_passing_MET': [0.0, 0.0], '1050_1020_failing_MET': [0.0, 0.0], '1050_1020_min_MET_pt': [10000000.0, 10000000.0], '1075_1065': [0.0, 0.0], '1075_1065_passing_MET': [0.0, 0.0], '1075_1065_failing_MET': [0.0, 0.0], '1075_1065_min_MET_pt': [10000000.0, 10000000.0], '1075_1060': [0.0, 0.0], '1075_1060_passing_MET': [0.0, 0.0], '1075_1060_failing_MET': [0.0, 0.0], '1075_1060_min_MET_pt': [10000000.0, 10000000.0], '1075_1055': [0.0, 0.0], '1075_1055_passing_MET': [0.0, 0.0], '1075_1055_failing_MET': [0.0, 0.0], '1075_1055_min_MET_pt': [10000000.0, 10000000.0], '1075_1050': [0.0, 0.0], '1075_1050_passing_MET': [0.0, 0.0], '1075_1050_failing_MET': [0.0, 0.0], '1075_1050_min_MET_pt': [10000000.0, 10000000.0], '1075_1045': [0.0, 0.0], '1075_1045_passing_MET': [0.0, 0.0], '1075_1045_failing_MET': [0.0, 0.0], '1075_1045_min_MET_pt': [10000000.0, 10000000.0], '1100_1090': [2017.0, 0.0], '1100_1090_passing_MET': [1971.0, 0.0], '1100_1090_failing_MET': [46.0, 0.0], '1100_1090_min_MET_pt': [17.562042236328125, 10000000.0], '1100_1085': [0.0, 0.0], '1100_1085_passing_MET': [0.0, 0.0], '1100_1085_failing_MET': [0.0, 0.0], '1100_1085_min_MET_pt': [10000000.0, 10000000.0], '1100_1080': [0.0, 1201.0], '1100_1080_passing_MET': [0.0, 1166.0], '1100_1080_failing_MET': [0.0, 35.0], '1100_1080_min_MET_pt': [10000000.0, 9.315013885498047], '1100_1075': [1063.0, 0.0], '1100_1075_passing_MET': [1036.0, 0.0], '1100_1075_failing_MET': [27.0, 0.0], '1100_1075_min_MET_pt': [22.06119155883789, 10000000.0], '1100_1070': [0.0, 0.0], '1100_1070_passing_MET': [0.0, 0.0], '1100_1070_failing_MET': [0.0, 0.0], '1100_1070_min_MET_pt': [10000000.0, 10000000.0], 'nEventsTotal': 180366.0, 'strange masspoints': 0.0, 'orphans': 0.0, 'R-hadron event': 0.0, 'different stop antistop masses': 0.0, 'strange error': 0.0, 'strange event': 0.0, 'different neutralino masses': 13858.0, 'large differences': 0.0, '726_700': [0.0, 1082.0], '726_700_passing_MET': [0.0, 1054.0], '726_700_failing_MET': [0.0, 28.0], '726_700_min_MET_pt': [10000000.0, 47.22393035888672], '526_515': [835.0, 922.0], '526_515_passing_MET': [817.0, 899.0], '526_515_failing_MET': [18.0, 23.0], '526_515_min_MET_pt': [73.88372802734375, 8.39553451538086], '526_516': [82.0, 95.0], '526_516_passing_MET': [80.0, 88.0], '526_516_failing_MET': [2.0, 7.0], '526_516_min_MET_pt': [49.278953552246094, 58.9576416015625], '750_736': [132.0, 120.0], '750_736_passing_MET': [128.0, 116.0], '750_736_failing_MET': [4.0, 4.0], '750_736_min_MET_pt': [85.83194732666016, 67.77997589111328], '750_726': [157.0, 0.0], '750_726_passing_MET': [153.0, 0.0], '750_726_failing_MET': [4.0, 0.0], '750_726_min_MET_pt': [41.86061477661133, 10000000.0], '776_765': [916.0, 2948.0], '776_765_passing_MET': [892.0, 2878.0], '776_765_failing_MET': [24.0, 70.0], '776_765_min_MET_pt': [39.74802780151367, 18.453582763671875], '776_766': [99.0, 296.0], '776_766_passing_MET': [97.0, 291.0], '776_766_failing_MET': [2.0, 5.0], '776_766_min_MET_pt': [82.0316390991211, 55.969688415527344], '826_795': [0.0, 1871.0], '826_795_passing_MET': [0.0, 1809.0], '826_795_failing_MET': [0.0, 62.0], '826_795_min_MET_pt': [10000000.0, 28.259639739990234], '826_796': [0.0, 388.0], '826_796_passing_MET': [0.0, 378.0], '826_796_failing_MET': [0.0, 10.0], '826_796_min_MET_pt': [10000000.0, 48.759986877441406], '826_816': [204.0, 116.0], '826_816_passing_MET': [203.0, 114.0], '826_816_failing_MET': [1.0, 2.0], '826_816_min_MET_pt': [97.00999450683594, 93.3520278930664], '826_815': [1943.0, 1010.0], '826_815_passing_MET': [1896.0, 987.0], '826_815_failing_MET': [47.0, 23.0], '826_815_min_MET_pt': [34.05238723754883, 42.47610855102539], '776_750': [1152.0, 0.0], '776_750_passing_MET': [1125.0, 0.0], '776_750_failing_MET': [27.0, 0.0], '776_750_min_MET_pt': [16.763185501098633, 10000000.0], '950_926': [179.0, 0.0], '950_926_passing_MET': [173.0, 0.0], '950_926_failing_MET': [6.0, 0.0], '950_926_min_MET_pt': [47.4659309387207, 10000000.0], '1024_1015': [1007.0, 3019.0], '1024_1015_passing_MET': [987.0, 2951.0], '1024_1015_failing_MET': [20.0, 68.0], '1024_1015_min_MET_pt': [48.01959991455078, 46.541893005371094], '1024_1016': [110.0, 324.0], '1024_1016_passing_MET': [108.0, 319.0], '1024_1016_failing_MET': [2.0, 5.0], '1024_1016_min_MET_pt': [65.4299087524414, 41.945396423339844], '1024_995': [0.0, 987.0], '1024_995_passing_MET': [0.0, 957.0], '1024_995_failing_MET': [0.0, 30.0], '1024_995_min_MET_pt': [10000000.0, 32.44329071044922], '1024_996': [0.0, 179.0], '1024_996_passing_MET': [0.0, 175.0], '1024_996_failing_MET': [0.0, 4.0], '1024_996_min_MET_pt': [10000000.0, 56.839359283447266], '1052_1035': [1034.0, 0.0], '1052_1035_passing_MET': [1014.0, 0.0], '1052_1035_failing_MET': [20.0, 0.0], '1052_1035_min_MET_pt': [49.82272720336914, 10000000.0], '1052_1036': [141.0, 0.0], '1052_1036_passing_MET': [139.0, 0.0], '1052_1036_failing_MET': [2.0, 0.0], '1052_1036_min_MET_pt': [77.5345458984375, 10000000.0], '576_545': [0.0, 1838.0], '576_545_passing_MET': [0.0, 1773.0], '576_545_failing_MET': [0.0, 65.0], '576_545_min_MET_pt': [10000000.0, 14.379545211791992], '576_546': [0.0, 350.0], '576_546_passing_MET': [0.0, 338.0], '576_546_failing_MET': [0.0, 12.0], '576_546_min_MET_pt': [10000000.0, 65.9530029296875], '826_805': [943.0, 998.0], '826_805_passing_MET': [918.0, 976.0], '826_805_failing_MET': [25.0, 22.0], '826_805_min_MET_pt': [40.528324127197266, 43.87091064453125], '826_806': [170.0, 171.0], '826_806_passing_MET': [164.0, 165.0], '826_806_failing_MET': [6.0, 6.0], '826_806_min_MET_pt': [39.209686279296875, 58.07560729980469], '626_615': [0.0, 2751.0], '626_615_passing_MET': [0.0, 2681.0], '626_615_failing_MET': [0.0, 70.0], '626_615_min_MET_pt': [10000000.0, 31.152484893798828], '626_616': [0.0, 248.0], '626_616_passing_MET': [0.0, 241.0], '626_616_failing_MET': [0.0, 7.0], '626_616_min_MET_pt': [10000000.0, 61.324806213378906], '726_710': [0.0, 1107.0], '726_710_passing_MET': [0.0, 1081.0], '726_710_failing_MET': [0.0, 26.0], '726_710_min_MET_pt': [10000000.0, 38.92951202392578], '1100_1092': [213.0, 0.0], '1100_1092_passing_MET': [204.0, 0.0], '1100_1092_failing_MET': [9.0, 0.0], '1100_1092_min_MET_pt': [73.65609741210938, 10000000.0], '976_965': [1975.0, 0.0], '976_965_passing_MET': [1931.0, 0.0], '976_965_failing_MET': [44.0, 0.0], '976_965_min_MET_pt': [40.75413513183594, 10000000.0], '976_966': [202.0, 0.0], '976_966_passing_MET': [197.0, 0.0], '976_966_failing_MET': [5.0, 0.0], '976_966_min_MET_pt': [36.13174057006836, 10000000.0], '526_505': [982.0, 0.0], '526_505_passing_MET': [954.0, 0.0], '526_505_failing_MET': [28.0, 0.0], '526_505_min_MET_pt': [49.18975067138672, 10000000.0], '526_510': [0.0, 922.0], '526_510_passing_MET': [0.0, 896.0], '526_510_failing_MET': [0.0, 26.0], '526_510_min_MET_pt': [10000000.0, 44.70084762573242], '876_865': [1957.0, 0.0], '876_865_passing_MET': [1913.0, 0.0], '876_865_failing_MET': [44.0, 0.0], '876_865_min_MET_pt': [35.39393615722656, 10000000.0], '876_866': [210.0, 0.0], '876_866_passing_MET': [201.0, 0.0], '876_866_failing_MET': [9.0, 0.0], '876_866_min_MET_pt': [62.240447998046875, 10000000.0], '1052_1025': [0.0, 965.0], '1052_1025_passing_MET': [0.0, 941.0], '1052_1025_failing_MET': [0.0, 24.0], '1052_1025_min_MET_pt': [10000000.0, 38.47987747192383], '1052_1024': [0.0, 198.0], '1052_1024_passing_MET': [0.0, 191.0], '1052_1024_failing_MET': [0.0, 7.0], '1052_1024_min_MET_pt': [10000000.0, 46.316490173339844], '976_960': [0.0, 1149.0], '976_960_passing_MET': [0.0, 1122.0], '976_960_failing_MET': [0.0, 27.0], '976_960_min_MET_pt': [10000000.0, 39.72044372558594], '1052_1030': [986.0, 0.0], '1052_1030_passing_MET': [969.0, 0.0], '1052_1030_failing_MET': [17.0, 0.0], '1052_1030_min_MET_pt': [40.67819595336914, 10000000.0], '1052_1032': [153.0, 0.0], '1052_1032_passing_MET': [148.0, 0.0], '1052_1032_failing_MET': [5.0, 0.0], '1052_1032_min_MET_pt': [81.81159210205078, 10000000.0], '1052_1040': [1110.0, 1148.0], '1052_1040_passing_MET': [1078.0, 1120.0], '1052_1040_failing_MET': [32.0, 28.0], '1052_1040_min_MET_pt': [32.135868072509766, 49.60386276245117], '1024_1005': [959.0, 951.0], '1024_1005_passing_MET': [936.0, 934.0], '1024_1005_failing_MET': [23.0, 17.0], '1024_1005_min_MET_pt': [37.486148834228516, 48.0273551940918], '1024_1006': [154.0, 176.0], '1024_1006_passing_MET': [151.0, 175.0], '1024_1006_failing_MET': [3.0, 1.0], '1024_1006_min_MET_pt': [49.431636810302734, 74.41752624511719], '626_600': [1052.0, 1032.0], '626_600_passing_MET': [1012.0, 1000.0], '626_600_failing_MET': [40.0, 32.0], '626_600_min_MET_pt': [27.445768356323242, 34.83231735229492], '776_760': [0.0, 1098.0], '776_760_passing_MET': [0.0, 1072.0], '776_760_failing_MET': [0.0, 26.0], '776_760_min_MET_pt': [10000000.0, 40.39297103881836], '576_555': [870.0, 0.0], '576_555_passing_MET': [844.0, 0.0], '576_555_failing_MET': [26.0, 0.0], '576_555_min_MET_pt': [32.132469177246094, 10000000.0], '576_556': [142.0, 0.0], '576_556_passing_MET': [139.0, 0.0], '576_556_failing_MET': [3.0, 0.0], '576_556_min_MET_pt': [92.03707885742188, 10000000.0], '900_876': [0.0, 184.0], '900_876_passing_MET': [0.0, 182.0], '900_876_failing_MET': [0.0, 2.0], '900_876_min_MET_pt': [10000000.0, 78.71599578857422], '526_495': [1000.0, 975.0], '526_495_passing_MET': [959.0, 942.0], '526_495_failing_MET': [41.0, 33.0], '526_495_min_MET_pt': [18.784278869628906, 46.753944396972656], '726_705': [933.0, 0.0], '726_705_passing_MET': [902.0, 0.0], '726_705_failing_MET': [31.0, 0.0], '726_705_min_MET_pt': [19.789459228515625, 10000000.0], '726_706': [154.0, 0.0], '726_706_passing_MET': [146.0, 0.0], '726_706_failing_MET': [8.0, 0.0], '726_706_min_MET_pt': [73.26272583007812, 10000000.0], '626_610': [1032.0, 0.0], '626_610_passing_MET': [1009.0, 0.0], '626_610_failing_MET': [23.0, 0.0], '626_610_min_MET_pt': [10.48164176940918, 10000000.0], '850_826': [178.0, 0.0], '850_826_passing_MET': [174.0, 0.0], '850_826_failing_MET': [4.0, 0.0], '850_826_min_MET_pt': [61.5942268371582, 10000000.0], '576_565': [0.0, 3568.0], '576_565_passing_MET': [0.0, 3486.0], '576_565_failing_MET': [0.0, 82.0], '576_565_min_MET_pt': [10000000.0, 23.27724838256836], '576_566': [0.0, 368.0], '576_566_passing_MET': [0.0, 358.0], '576_566_failing_MET': [0.0, 10.0], '576_566_min_MET_pt': [10000000.0, 63.64638137817383], '1024_1010': [1155.0, 0.0], '1024_1010_passing_MET': [1130.0, 0.0], '1024_1010_failing_MET': [25.0, 0.0], '1024_1010_min_MET_pt': [51.222930908203125, 10000000.0], '726_715': [0.0, 1955.0], '726_715_passing_MET': [0.0, 1908.0], '726_715_failing_MET': [0.0, 47.0], '726_715_min_MET_pt': [10000000.0, 35.770240783691406], '726_716': [0.0, 193.0], '726_716_passing_MET': [0.0, 191.0], '726_716_failing_MET': [0.0, 2.0], '726_716_min_MET_pt': [10000000.0, 94.04479217529297], '1076_1065': [0.0, 1063.0], '1076_1065_passing_MET': [0.0, 1025.0], '1076_1065_failing_MET': [0.0, 38.0], '1076_1065_min_MET_pt': [10000000.0, 29.7912654876709], '1076_1064': [0.0, 89.0], '1076_1064_passing_MET': [0.0, 85.0], '1076_1064_failing_MET': [0.0, 4.0], '1076_1064_min_MET_pt': [10000000.0, 61.6747932434082], '650_626': [188.0, 190.0], '650_626_passing_MET': [185.0, 184.0], '650_626_failing_MET': [3.0, 6.0], '650_626_min_MET_pt': [51.3104133605957, 68.29407501220703], '876_855': [0.0, 993.0], '876_855_passing_MET': [0.0, 968.0], '876_855_failing_MET': [0.0, 25.0], '876_855_min_MET_pt': [10000000.0, 44.43161392211914], '876_856': [0.0, 139.0], '876_856_passing_MET': [0.0, 137.0], '876_856_failing_MET': [0.0, 2.0], '876_856_min_MET_pt': [10000000.0, 63.05708312988281], '950_936': [270.0, 0.0], '950_936_passing_MET': [256.0, 0.0], '950_936_failing_MET': [14.0, 0.0], '950_936_min_MET_pt': [54.200008392333984, 10000000.0], '676_655': [922.0, 0.0], '676_655_passing_MET': [883.0, 0.0], '676_655_failing_MET': [39.0, 0.0], '676_655_min_MET_pt': [11.230924606323242, 10000000.0], '676_656': [130.0, 0.0], '676_656_passing_MET': [126.0, 0.0], '676_656_failing_MET': [4.0, 0.0], '676_656_min_MET_pt': [67.72270965576172, 10000000.0], '550_526': [161.0, 0.0], '550_526_passing_MET': [158.0, 0.0], '550_526_failing_MET': [3.0, 0.0], '550_526_min_MET_pt': [56.39069366455078, 10000000.0], '850_836': [240.0, 0.0], '850_836_passing_MET': [237.0, 0.0], '850_836_failing_MET': [3.0, 0.0], '850_836_min_MET_pt': [50.15994644165039, 10000000.0], '926_910': [0.0, 1156.0], '926_910_passing_MET': [0.0, 1123.0], '926_910_failing_MET': [0.0, 33.0], '926_910_min_MET_pt': [10000000.0, 14.870506286621094], '1100_1076': [180.0, 0.0], '1100_1076_passing_MET': [176.0, 0.0], '1100_1076_failing_MET': [4.0, 0.0], '1100_1076_min_MET_pt': [65.1653060913086, 10000000.0], '626_595': [0.0, 936.0], '626_595_passing_MET': [0.0, 903.0], '626_595_failing_MET': [0.0, 33.0], '626_595_min_MET_pt': [10000000.0, 28.762836456298828], '626_596': [0.0, 169.0], '626_596_passing_MET': [0.0, 164.0], '626_596_failing_MET': [0.0, 5.0], '626_596_min_MET_pt': [10000000.0, 47.80452346801758], '576_550': [0.0, 993.0], '576_550_passing_MET': [0.0, 964.0], '576_550_failing_MET': [0.0, 29.0], '576_550_min_MET_pt': [10000000.0, 55.64906692504883], '926_915': [0.0, 1016.0], '926_915_passing_MET': [0.0, 989.0], '926_915_failing_MET': [0.0, 27.0], '926_915_min_MET_pt': [10000000.0, 51.172393798828125], '926_916': [0.0, 100.0], '926_916_passing_MET': [0.0, 98.0], '926_916_failing_MET': [0.0, 2.0], '926_916_min_MET_pt': [10000000.0, 95.77729797363281], '526_500': [0.0, 1001.0], '526_500_passing_MET': [0.0, 969.0], '526_500_failing_MET': [0.0, 32.0], '526_500_min_MET_pt': [10000000.0, 22.102705001831055]}
nevents_from_dict =  3520324051.1935725
Results saved to /afs/cern.ch/work/m/mleoncoe/private/stop_met_check/outputs_2018/nanoAOD_76.json
done
