000 (9018140.170.000) 01/06 10:56:23 Job submitted from host: <188.185.6.50:9618?addrs=188.185.6.50-9618+[2001-1458-d00-62--100-2b1]-9618&alias=bigbird25.cern.ch&noUDP&sock=schedd_1627_90ad>
...
040 (9018140.170.000) 01/06 10:59:22 Started transferring input files
	Transferring to host: <188.185.213.173:9618?addrs=188.185.213.173-9618+[2001-1458-303-1b--100-29]-9618&alias=b9p28p7806.cern.ch&noUDP&sock=slot1_8_7799_d9d6_131842>
...
040 (9018140.170.000) 01/06 10:59:22 Finished transferring input files
...
001 (9018140.170.000) 01/06 10:59:23 Job executing on host: <188.185.213.173:9618?addrs=188.185.213.173-9618+[2001-1458-303-1b--100-29]-9618&alias=b9p28p7806.cern.ch&noUDP&sock=startd_7103_a54a>
	SlotName: slot1_8@b9p28p7806.cern.ch
	CondorScratchDir = "/pool/condor/dir_2318371"
	Cpus = 1
	Disk = 3902
	GPUs = 0
	Memory = 3000
...
006 (9018140.170.000) 01/06 10:59:36 Image size of job updated: 93776
	92  -  MemoryUsage of job (MB)
	93776  -  ResidentSetSize of job (KB)
...
006 (9018140.170.000) 01/06 11:04:36 Image size of job updated: 215384
	211  -  MemoryUsage of job (MB)
	215384  -  ResidentSetSize of job (KB)
...
006 (9018140.170.000) 01/06 11:09:37 Image size of job updated: 215540
	211  -  MemoryUsage of job (MB)
	215540  -  ResidentSetSize of job (KB)
...
006 (9018140.170.000) 01/06 11:14:37 Image size of job updated: 215564
	211  -  MemoryUsage of job (MB)
	215564  -  ResidentSetSize of job (KB)
...
006 (9018140.170.000) 01/06 11:19:38 Image size of job updated: 215632
	211  -  MemoryUsage of job (MB)
	215632  -  ResidentSetSize of job (KB)
...
006 (9018140.170.000) 01/06 11:24:38 Image size of job updated: 215740
	211  -  MemoryUsage of job (MB)
	215740  -  ResidentSetSize of job (KB)
...
006 (9018140.170.000) 01/06 11:29:38 Image size of job updated: 215776
	211  -  MemoryUsage of job (MB)
	215776  -  ResidentSetSize of job (KB)
...
006 (9018140.170.000) 01/06 11:34:39 Image size of job updated: 215780
	211  -  MemoryUsage of job (MB)
	215780  -  ResidentSetSize of job (KB)
...
006 (9018140.170.000) 01/06 11:39:39 Image size of job updated: 215804
	211  -  MemoryUsage of job (MB)
	215804  -  ResidentSetSize of job (KB)
...
006 (9018140.170.000) 01/06 11:44:40 Image size of job updated: 215808
	211  -  MemoryUsage of job (MB)
	215808  -  ResidentSetSize of job (KB)
...
006 (9018140.170.000) 01/06 11:54:42 Image size of job updated: 215816
	211  -  MemoryUsage of job (MB)
	215816  -  ResidentSetSize of job (KB)
...
006 (9018140.170.000) 01/06 12:09:43 Image size of job updated: 215824
	211  -  MemoryUsage of job (MB)
	215824  -  ResidentSetSize of job (KB)
...
006 (9018140.170.000) 01/06 12:19:44 Image size of job updated: 215836
	211  -  MemoryUsage of job (MB)
	215836  -  ResidentSetSize of job (KB)
...
006 (9018140.170.000) 01/06 12:24:44 Image size of job updated: 215844
	211  -  MemoryUsage of job (MB)
	215844  -  ResidentSetSize of job (KB)
...
006 (9018140.170.000) 01/06 12:34:45 Image size of job updated: 215848
	211  -  MemoryUsage of job (MB)
	215848  -  ResidentSetSize of job (KB)
...
006 (9018140.170.000) 01/06 12:39:45 Image size of job updated: 215876
	211  -  MemoryUsage of job (MB)
	215876  -  ResidentSetSize of job (KB)
...
006 (9018140.170.000) 01/06 12:44:46 Image size of job updated: 215880
	211  -  MemoryUsage of job (MB)
	215880  -  ResidentSetSize of job (KB)
...
006 (9018140.170.000) 01/06 12:49:46 Image size of job updated: 215884
	211  -  MemoryUsage of job (MB)
	215884  -  ResidentSetSize of job (KB)
...
006 (9018140.170.000) 01/06 12:54:47 Image size of job updated: 215892
	211  -  MemoryUsage of job (MB)
	215892  -  ResidentSetSize of job (KB)
...
006 (9018140.170.000) 01/06 12:59:47 Image size of job updated: 215948
	211  -  MemoryUsage of job (MB)
	215948  -  ResidentSetSize of job (KB)
...
006 (9018140.170.000) 01/06 13:04:47 Image size of job updated: 215952
	211  -  MemoryUsage of job (MB)
	215952  -  ResidentSetSize of job (KB)
...
006 (9018140.170.000) 01/06 13:09:48 Image size of job updated: 215956
	211  -  MemoryUsage of job (MB)
	215956  -  ResidentSetSize of job (KB)
...
006 (9018140.170.000) 01/06 13:19:49 Image size of job updated: 216076
	212  -  MemoryUsage of job (MB)
	216076  -  ResidentSetSize of job (KB)
...
006 (9018140.170.000) 01/06 13:24:49 Image size of job updated: 216080
	212  -  MemoryUsage of job (MB)
	216080  -  ResidentSetSize of job (KB)
...
006 (9018140.170.000) 01/06 13:29:49 Image size of job updated: 216116
	212  -  MemoryUsage of job (MB)
	216116  -  ResidentSetSize of job (KB)
...
040 (9018140.170.000) 01/06 13:30:30 Started transferring output files
...
040 (9018140.170.000) 01/06 13:30:33 Finished transferring output files
...
005 (9018140.170.000) 01/06 13:30:33 Job terminated.
	(1) Normal termination (return value 0)
		Usr 0 02:25:31, Sys 0 00:00:46  -  Run Remote Usage
		Usr 0 00:00:00, Sys 0 00:00:00  -  Run Local Usage
		Usr 0 02:25:31, Sys 0 00:00:46  -  Total Remote Usage
		Usr 0 00:00:00, Sys 0 00:00:00  -  Total Local Usage
	44944  -  Run Bytes Sent By Job
	21436  -  Run Bytes Received By Job
	44944  -  Total Bytes Sent By Job
	21436  -  Total Bytes Received By Job
	Partitionable Resources :    Usage  Request Allocated 
	   Cpus                 :     0.98        1         1 
	   Disk (KB)            :    92          22      3902 
	   GPUs                 :                           0 
	   Memory (MB)          :   212        3000      3000 
	   TimeExecute (s)      :  9067                       
	   TimeSlotBusy (s)     :  9073                       

	Job terminated of its own accord at 2026-01-06T12:30:30Z with exit-code 0.
...
