i am in this directory
/pool/condor/dir_3189526
Python 3.9.23
3.9.23
 will run this python stop_check_met_eff.py /eos/user/m/mleoncoe/stop_event_check/privateNanoAod2018/nanoAOD_235.root /afs/cern.ch/work/m/mleoncoe/private/stop_met_check/outputs_2018/nanoAOD_235.json
event num1000
event num2000
event num3000
event num4000
event num5000
event num6000
event num7000
event num8000
event num9000
event num10000
event num11000
event num12000
event num13000
event num14000
event num15000
event num16000
event num17000
event num18000
event num19000
event num20000
event num21000
event num22000
event num23000
event num24000
event num25000
event num26000
event num27000
event num28000
event num29000
event num30000
event num31000
event num32000
event num33000
event num34000
event num35000
event num36000
event num37000
event num38000
event num39000
event num40000
event num41000
event num42000
event num43000
event num44000
event num45000
event num46000
event num47000
event num48000
event num49000
event num50000
event num51000
event num52000
event num53000
event num54000
event num55000
event num56000
event num57000
event num58000
event num59000
event num60000
event num61000
event num62000
event num63000
event num64000
event num65000
event num66000
event num67000
event num68000
event num69000
event num70000
event num71000
event num72000
event num73000
event num74000
event num75000
event num76000
event num77000
event num78000
event num79000
event num80000
event num81000
event num82000
event num83000
event num84000
event num85000
event num86000
event num87000
event num88000
event num89000
event num90000
event num91000
event num92000
event num93000
event num94000
event num95000
event num96000
event num97000
event num98000
event num99000
event num100000
event num101000
event num102000
event num103000
event num104000
event num105000
event num106000
event num107000
event num108000
event num109000
event num110000
event num111000
event num112000
event num113000
event num114000
event num115000
event num116000
event num117000
event num118000
event num119000
event num120000
event num121000
event num122000
event num123000
event num124000
event num125000
event num126000
event num127000
event num128000
event num129000
event num130000
event num131000
event num132000
event num133000
event num134000
event num135000
event num136000
event num137000
event num138000
event num139000
event num140000
event num141000
event num142000
event num143000
event num144000
event num145000
event num146000
event num147000
event num148000
event num149000
event num150000
event num151000
event num152000
event num153000
event num154000
event num155000
event num156000
event num157000
event num158000
event num159000
event num160000
event num161000
event num162000
event num163000
event num164000
event num165000
event num166000
event num167000
event num168000
event num169000
event num170000
event num171000
event num172000
event num173000
event num174000
event num175000
event num176000
event num177000
event num178000
event num179000
event num180000
event num181000
event num182000
event num183000
event num184000
event num185000
event num186000
event num187000
event num188000
event num189000
{'250_240': [0.0, 696.0], '250_240_passing_MET': [0.0, 665.0], '250_240_failing_MET': [0.0, 31.0], '250_240_min_MET_pt': [10000000.0, 40.10209655761719], '250_235': [718.0, 0.0], '250_235_passing_MET': [695.0, 0.0], '250_235_failing_MET': [23.0, 0.0], '250_235_min_MET_pt': [36.09886169433594, 10000000.0], '250_230': [0.0, 0.0], '250_230_passing_MET': [0.0, 0.0], '250_230_failing_MET': [0.0, 0.0], '250_230_min_MET_pt': [10000000.0, 10000000.0], '250_225': [730.0, 1434.0], '250_225_passing_MET': [0.0, 0.0], '250_225_failing_MET': [0.0, 0.0], '250_225_min_MET_pt': [10000000.0, 10000000.0], '250_220': [0.0, 0.0], '250_220_passing_MET': [0.0, 0.0], '250_220_failing_MET': [0.0, 0.0], '250_220_min_MET_pt': [10000000.0, 10000000.0], '275_265': [2185.0, 700.0], '275_265_passing_MET': [0.0, 0.0], '275_265_failing_MET': [0.0, 0.0], '275_265_min_MET_pt': [10000000.0, 10000000.0], '275_260': [742.0, 0.0], '275_260_passing_MET': [711.0, 0.0], '275_260_failing_MET': [31.0, 0.0], '275_260_min_MET_pt': [10.160985946655273, 10000000.0], '275_255': [0.0, 0.0], '275_255_passing_MET': [0.0, 0.0], '275_255_failing_MET': [0.0, 0.0], '275_255_min_MET_pt': [10000000.0, 10000000.0], '275_250': [0.0, 0.0], '275_250_passing_MET': [0.0, 0.0], '275_250_failing_MET': [0.0, 0.0], '275_250_min_MET_pt': [10000000.0, 10000000.0], '275_245': [1647.0, 794.0], '275_245_passing_MET': [0.0, 0.0], '275_245_failing_MET': [0.0, 0.0], '275_245_min_MET_pt': [10000000.0, 10000000.0], '300_290': [1558.0, 3048.0], '300_290_passing_MET': [0.0, 0.0], '300_290_failing_MET': [0.0, 0.0], '300_290_min_MET_pt': [10000000.0, 10000000.0], '300_285': [787.0, 826.0], '300_285_passing_MET': [0.0, 0.0], '300_285_failing_MET': [0.0, 0.0], '300_285_min_MET_pt': [10000000.0, 10000000.0], '300_280': [0.0, 0.0], '300_280_passing_MET': [0.0, 0.0], '300_280_failing_MET': [0.0, 0.0], '300_280_min_MET_pt': [10000000.0, 10000000.0], '300_275': [0.0, 0.0], '300_275_passing_MET': [0.0, 0.0], '300_275_failing_MET': [0.0, 0.0], '300_275_min_MET_pt': [10000000.0, 10000000.0], '300_270': [806.0, 0.0], '300_270_passing_MET': [765.0, 0.0], '300_270_failing_MET': [41.0, 0.0], '300_270_min_MET_pt': [25.208120346069336, 10000000.0], '325_315': [3259.0, 0.0], '325_315_passing_MET': [3152.0, 0.0], '325_315_failing_MET': [107.0, 0.0], '325_315_min_MET_pt': [2.6719110012054443, 10000000.0], '325_310': [810.0, 0.0], '325_310_passing_MET': [779.0, 0.0], '325_310_failing_MET': [31.0, 0.0], '325_310_min_MET_pt': [28.853357315063477, 10000000.0], '325_305': [0.0, 0.0], '325_305_passing_MET': [0.0, 0.0], '325_305_failing_MET': [0.0, 0.0], '325_305_min_MET_pt': [10000000.0, 10000000.0], '325_300': [0.0, 910.0], '325_300_passing_MET': [0.0, 866.0], '325_300_failing_MET': [0.0, 44.0], '325_300_min_MET_pt': [10000000.0, 20.11744499206543], '325_295': [0.0, 841.0], '325_295_passing_MET': [0.0, 793.0], '325_295_failing_MET': [0.0, 48.0], '325_295_min_MET_pt': [10000000.0, 17.81144905090332], '350_340': [812.0, 0.0], '350_340_passing_MET': [783.0, 0.0], '350_340_failing_MET': [29.0, 0.0], '350_340_min_MET_pt': [20.868453979492188, 10000000.0], '350_335': [0.0, 0.0], '350_335_passing_MET': [0.0, 0.0], '350_335_failing_MET': [0.0, 0.0], '350_335_min_MET_pt': [10000000.0, 10000000.0], '350_330': [0.0, 0.0], '350_330_passing_MET': [0.0, 0.0], '350_330_failing_MET': [0.0, 0.0], '350_330_min_MET_pt': [10000000.0, 10000000.0], '350_325': [1778.0, 0.0], '350_325_passing_MET': [1717.0, 0.0], '350_325_failing_MET': [61.0, 0.0], '350_325_min_MET_pt': [22.31939697265625, 10000000.0], '350_320': [935.0, 0.0], '350_320_passing_MET': [901.0, 0.0], '350_320_failing_MET': [34.0, 0.0], '350_320_min_MET_pt': [7.719562530517578, 10000000.0], '375_365': [1724.0, 0.0], '375_365_passing_MET': [1668.0, 0.0], '375_365_failing_MET': [56.0, 0.0], '375_365_min_MET_pt': [30.708703994750977, 10000000.0], '375_360': [0.0, 0.0], '375_360_passing_MET': [0.0, 0.0], '375_360_failing_MET': [0.0, 0.0], '375_360_min_MET_pt': [10000000.0, 10000000.0], '375_355': [0.0, 0.0], '375_355_passing_MET': [0.0, 0.0], '375_355_failing_MET': [0.0, 0.0], '375_355_min_MET_pt': [10000000.0, 10000000.0], '375_350': [0.0, 0.0], '375_350_passing_MET': [0.0, 0.0], '375_350_failing_MET': [0.0, 0.0], '375_350_min_MET_pt': [10000000.0, 10000000.0], '375_345': [0.0, 988.0], '375_345_passing_MET': [0.0, 943.0], '375_345_failing_MET': [0.0, 45.0], '375_345_min_MET_pt': [10000000.0, 4.722179889678955], '400_390': [2587.0, 812.0], '400_390_passing_MET': [0.0, 0.0], '400_390_failing_MET': [0.0, 0.0], '400_390_min_MET_pt': [10000000.0, 10000000.0], '400_385': [1736.0, 0.0], '400_385_passing_MET': [1673.0, 0.0], '400_385_failing_MET': [63.0, 0.0], '400_385_min_MET_pt': [29.489912033081055, 10000000.0], '400_380': [915.0, 0.0], '400_380_passing_MET': [884.0, 0.0], '400_380_failing_MET': [31.0, 0.0], '400_380_min_MET_pt': [60.353309631347656, 10000000.0], '400_375': [0.0, 0.0], '400_375_passing_MET': [0.0, 0.0], '400_375_failing_MET': [0.0, 0.0], '400_375_min_MET_pt': [10000000.0, 10000000.0], '400_370': [0.0, 964.0], '400_370_passing_MET': [0.0, 929.0], '400_370_failing_MET': [0.0, 35.0], '400_370_min_MET_pt': [10000000.0, 34.01292037963867], '425_415': [2731.0, 1767.0], '425_415_passing_MET': [0.0, 0.0], '425_415_failing_MET': [0.0, 0.0], '425_415_min_MET_pt': [10000000.0, 10000000.0], '425_410': [0.0, 0.0], '425_410_passing_MET': [0.0, 0.0], '425_410_failing_MET': [0.0, 0.0], '425_410_min_MET_pt': [10000000.0, 10000000.0], '425_405': [0.0, 946.0], '425_405_passing_MET': [0.0, 910.0], '425_405_failing_MET': [0.0, 36.0], '425_405_min_MET_pt': [10000000.0, 25.0089111328125], '425_400': [1906.0, 0.0], '425_400_passing_MET': [1846.0, 0.0], '425_400_failing_MET': [60.0, 0.0], '425_400_min_MET_pt': [15.893233299255371, 10000000.0], '425_395': [0.0, 0.0], '425_395_passing_MET': [0.0, 0.0], '425_395_failing_MET': [0.0, 0.0], '425_395_min_MET_pt': [10000000.0, 10000000.0], '450_440': [0.0, 0.0], '450_440_passing_MET': [0.0, 0.0], '450_440_failing_MET': [0.0, 0.0], '450_440_min_MET_pt': [10000000.0, 10000000.0], '450_435': [0.0, 0.0], '450_435_passing_MET': [0.0, 0.0], '450_435_failing_MET': [0.0, 0.0], '450_435_min_MET_pt': [10000000.0, 10000000.0], '450_430': [0.0, 0.0], '450_430_passing_MET': [0.0, 0.0], '450_430_failing_MET': [0.0, 0.0], '450_430_min_MET_pt': [10000000.0, 10000000.0], '450_425': [952.0, 0.0], '450_425_passing_MET': [909.0, 0.0], '450_425_failing_MET': [43.0, 0.0], '450_425_min_MET_pt': [39.24407958984375, 10000000.0], '450_420': [0.0, 0.0], '450_420_passing_MET': [0.0, 0.0], '450_420_failing_MET': [0.0, 0.0], '450_420_min_MET_pt': [10000000.0, 10000000.0], '475_465': [939.0, 972.0], '475_465_passing_MET': [0.0, 0.0], '475_465_failing_MET': [0.0, 0.0], '475_465_min_MET_pt': [10000000.0, 10000000.0], '475_460': [0.0, 0.0], '475_460_passing_MET': [0.0, 0.0], '475_460_failing_MET': [0.0, 0.0], '475_460_min_MET_pt': [10000000.0, 10000000.0], '475_455': [904.0, 0.0], '475_455_passing_MET': [868.0, 0.0], '475_455_failing_MET': [36.0, 0.0], '475_455_min_MET_pt': [19.473867416381836, 10000000.0], '475_450': [0.0, 0.0], '475_450_passing_MET': [0.0, 0.0], '475_450_failing_MET': [0.0, 0.0], '475_450_min_MET_pt': [10000000.0, 10000000.0], '475_445': [1024.0, 0.0], '475_445_passing_MET': [987.0, 0.0], '475_445_failing_MET': [37.0, 0.0], '475_445_min_MET_pt': [19.299715042114258, 10000000.0], '500_490': [1865.0, 0.0], '500_490_passing_MET': [1817.0, 0.0], '500_490_failing_MET': [48.0, 0.0], '500_490_min_MET_pt': [37.7907829284668, 10000000.0], '500_485': [0.0, 883.0], '500_485_passing_MET': [0.0, 857.0], '500_485_failing_MET': [0.0, 26.0], '500_485_min_MET_pt': [10000000.0, 48.731040954589844], '500_480': [996.0, 0.0], '500_480_passing_MET': [971.0, 0.0], '500_480_failing_MET': [25.0, 0.0], '500_480_min_MET_pt': [42.169158935546875, 10000000.0], '500_475': [0.0, 0.0], '500_475_passing_MET': [0.0, 0.0], '500_475_failing_MET': [0.0, 0.0], '500_475_min_MET_pt': [10000000.0, 10000000.0], '500_470': [0.0, 0.0], '500_470_passing_MET': [0.0, 0.0], '500_470_failing_MET': [0.0, 0.0], '500_470_min_MET_pt': [10000000.0, 10000000.0], '525_515': [0.0, 0.0], '525_515_passing_MET': [0.0, 0.0], '525_515_failing_MET': [0.0, 0.0], '525_515_min_MET_pt': [10000000.0, 10000000.0], '525_510': [0.0, 0.0], '525_510_passing_MET': [0.0, 0.0], '525_510_failing_MET': [0.0, 0.0], '525_510_min_MET_pt': [10000000.0, 10000000.0], '525_505': [0.0, 0.0], '525_505_passing_MET': [0.0, 0.0], '525_505_failing_MET': [0.0, 0.0], '525_505_min_MET_pt': [10000000.0, 10000000.0], '525_500': [0.0, 0.0], '525_500_passing_MET': [0.0, 0.0], '525_500_failing_MET': [0.0, 0.0], '525_500_min_MET_pt': [10000000.0, 10000000.0], '525_495': [0.0, 0.0], '525_495_passing_MET': [0.0, 0.0], '525_495_failing_MET': [0.0, 0.0], '525_495_min_MET_pt': [10000000.0, 10000000.0], '550_540': [969.0, 2001.0], '550_540_passing_MET': [0.0, 0.0], '550_540_failing_MET': [0.0, 0.0], '550_540_min_MET_pt': [10000000.0, 10000000.0], '550_535': [0.0, 0.0], '550_535_passing_MET': [0.0, 0.0], '550_535_failing_MET': [0.0, 0.0], '550_535_min_MET_pt': [10000000.0, 10000000.0], '550_530': [0.0, 0.0], '550_530_passing_MET': [0.0, 0.0], '550_530_failing_MET': [0.0, 0.0], '550_530_min_MET_pt': [10000000.0, 10000000.0], '550_525': [0.0, 0.0], '550_525_passing_MET': [0.0, 0.0], '550_525_failing_MET': [0.0, 0.0], '550_525_min_MET_pt': [10000000.0, 10000000.0], '550_520': [2112.0, 0.0], '550_520_passing_MET': [2044.0, 0.0], '550_520_failing_MET': [68.0, 0.0], '550_520_min_MET_pt': [5.280280590057373, 10000000.0], '575_565': [0.0, 0.0], '575_565_passing_MET': [0.0, 0.0], '575_565_failing_MET': [0.0, 0.0], '575_565_min_MET_pt': [10000000.0, 10000000.0], '575_560': [0.0, 0.0], '575_560_passing_MET': [0.0, 0.0], '575_560_failing_MET': [0.0, 0.0], '575_560_min_MET_pt': [10000000.0, 10000000.0], '575_555': [0.0, 0.0], '575_555_passing_MET': [0.0, 0.0], '575_555_failing_MET': [0.0, 0.0], '575_555_min_MET_pt': [10000000.0, 10000000.0], '575_550': [0.0, 0.0], '575_550_passing_MET': [0.0, 0.0], '575_550_failing_MET': [0.0, 0.0], '575_550_min_MET_pt': [10000000.0, 10000000.0], '575_545': [0.0, 0.0], '575_545_passing_MET': [0.0, 0.0], '575_545_failing_MET': [0.0, 0.0], '575_545_min_MET_pt': [10000000.0, 10000000.0], '600_590': [0.0, 0.0], '600_590_passing_MET': [0.0, 0.0], '600_590_failing_MET': [0.0, 0.0], '600_590_min_MET_pt': [10000000.0, 10000000.0], '600_585': [0.0, 0.0], '600_585_passing_MET': [0.0, 0.0], '600_585_failing_MET': [0.0, 0.0], '600_585_min_MET_pt': [10000000.0, 10000000.0], '600_580': [2126.0, 0.0], '600_580_passing_MET': [2057.0, 0.0], '600_580_failing_MET': [69.0, 0.0], '600_580_min_MET_pt': [36.398956298828125, 10000000.0], '600_575': [0.0, 0.0], '600_575_passing_MET': [0.0, 0.0], '600_575_failing_MET': [0.0, 0.0], '600_575_min_MET_pt': [10000000.0, 10000000.0], '600_570': [0.0, 0.0], '600_570_passing_MET': [0.0, 0.0], '600_570_failing_MET': [0.0, 0.0], '600_570_min_MET_pt': [10000000.0, 10000000.0], '625_615': [0.0, 0.0], '625_615_passing_MET': [0.0, 0.0], '625_615_failing_MET': [0.0, 0.0], '625_615_min_MET_pt': [10000000.0, 10000000.0], '625_610': [0.0, 0.0], '625_610_passing_MET': [0.0, 0.0], '625_610_failing_MET': [0.0, 0.0], '625_610_min_MET_pt': [10000000.0, 10000000.0], '625_605': [0.0, 0.0], '625_605_passing_MET': [0.0, 0.0], '625_605_failing_MET': [0.0, 0.0], '625_605_min_MET_pt': [10000000.0, 10000000.0], '625_600': [0.0, 0.0], '625_600_passing_MET': [0.0, 0.0], '625_600_failing_MET': [0.0, 0.0], '625_600_min_MET_pt': [10000000.0, 10000000.0], '625_595': [0.0, 0.0], '625_595_passing_MET': [0.0, 0.0], '625_595_failing_MET': [0.0, 0.0], '625_595_min_MET_pt': [10000000.0, 10000000.0], '650_640': [987.0, 1037.0], '650_640_passing_MET': [0.0, 0.0], '650_640_failing_MET': [0.0, 0.0], '650_640_min_MET_pt': [10000000.0, 10000000.0], '650_635': [0.0, 0.0], '650_635_passing_MET': [0.0, 0.0], '650_635_failing_MET': [0.0, 0.0], '650_635_min_MET_pt': [10000000.0, 10000000.0], '650_630': [0.0, 0.0], '650_630_passing_MET': [0.0, 0.0], '650_630_failing_MET': [0.0, 0.0], '650_630_min_MET_pt': [10000000.0, 10000000.0], '650_625': [0.0, 0.0], '650_625_passing_MET': [0.0, 0.0], '650_625_failing_MET': [0.0, 0.0], '650_625_min_MET_pt': [10000000.0, 10000000.0], '650_620': [0.0, 0.0], '650_620_passing_MET': [0.0, 0.0], '650_620_failing_MET': [0.0, 0.0], '650_620_min_MET_pt': [10000000.0, 10000000.0], '675_665': [0.0, 0.0], '675_665_passing_MET': [0.0, 0.0], '675_665_failing_MET': [0.0, 0.0], '675_665_min_MET_pt': [10000000.0, 10000000.0], '675_660': [0.0, 0.0], '675_660_passing_MET': [0.0, 0.0], '675_660_failing_MET': [0.0, 0.0], '675_660_min_MET_pt': [10000000.0, 10000000.0], '675_655': [0.0, 0.0], '675_655_passing_MET': [0.0, 0.0], '675_655_failing_MET': [0.0, 0.0], '675_655_min_MET_pt': [10000000.0, 10000000.0], '675_650': [0.0, 0.0], '675_650_passing_MET': [0.0, 0.0], '675_650_failing_MET': [0.0, 0.0], '675_650_min_MET_pt': [10000000.0, 10000000.0], '675_645': [0.0, 0.0], '675_645_passing_MET': [0.0, 0.0], '675_645_failing_MET': [0.0, 0.0], '675_645_min_MET_pt': [10000000.0, 10000000.0], '700_690': [996.0, 3187.0], '700_690_passing_MET': [0.0, 0.0], '700_690_failing_MET': [0.0, 0.0], '700_690_min_MET_pt': [10000000.0, 10000000.0], '700_685': [0.0, 977.0], '700_685_passing_MET': [0.0, 955.0], '700_685_failing_MET': [0.0, 22.0], '700_685_min_MET_pt': [10000000.0, 57.405982971191406], '700_680': [0.0, 0.0], '700_680_passing_MET': [0.0, 0.0], '700_680_failing_MET': [0.0, 0.0], '700_680_min_MET_pt': [10000000.0, 10000000.0], '700_675': [952.0, 992.0], '700_675_passing_MET': [0.0, 0.0], '700_675_failing_MET': [0.0, 0.0], '700_675_min_MET_pt': [10000000.0, 10000000.0], '700_670': [1124.0, 1128.0], '700_670_passing_MET': [0.0, 0.0], '700_670_failing_MET': [0.0, 0.0], '700_670_min_MET_pt': [10000000.0, 10000000.0], '725_715': [0.0, 0.0], '725_715_passing_MET': [0.0, 0.0], '725_715_failing_MET': [0.0, 0.0], '725_715_min_MET_pt': [10000000.0, 10000000.0], '725_710': [0.0, 0.0], '725_710_passing_MET': [0.0, 0.0], '725_710_failing_MET': [0.0, 0.0], '725_710_min_MET_pt': [10000000.0, 10000000.0], '725_705': [0.0, 0.0], '725_705_passing_MET': [0.0, 0.0], '725_705_failing_MET': [0.0, 0.0], '725_705_min_MET_pt': [10000000.0, 10000000.0], '725_700': [0.0, 0.0], '725_700_passing_MET': [0.0, 0.0], '725_700_failing_MET': [0.0, 0.0], '725_700_min_MET_pt': [10000000.0, 10000000.0], '725_695': [0.0, 0.0], '725_695_passing_MET': [0.0, 0.0], '725_695_failing_MET': [0.0, 0.0], '725_695_min_MET_pt': [10000000.0, 10000000.0], '750_740': [1033.0, 1071.0], '750_740_passing_MET': [0.0, 0.0], '750_740_failing_MET': [0.0, 0.0], '750_740_min_MET_pt': [10000000.0, 10000000.0], '750_735': [0.0, 958.0], '750_735_passing_MET': [0.0, 942.0], '750_735_failing_MET': [0.0, 16.0], '750_735_min_MET_pt': [10000000.0, 35.73112487792969], '750_730': [1074.0, 0.0], '750_730_passing_MET': [1033.0, 0.0], '750_730_failing_MET': [41.0, 0.0], '750_730_min_MET_pt': [6.335382461547852, 10000000.0], '750_725': [956.0, 0.0], '750_725_passing_MET': [933.0, 0.0], '750_725_failing_MET': [23.0, 0.0], '750_725_min_MET_pt': [54.259159088134766, 10000000.0], '750_720': [1186.0, 1145.0], '750_720_passing_MET': [0.0, 0.0], '750_720_failing_MET': [0.0, 0.0], '750_720_min_MET_pt': [10000000.0, 10000000.0], '775_765': [0.0, 0.0], '775_765_passing_MET': [0.0, 0.0], '775_765_failing_MET': [0.0, 0.0], '775_765_min_MET_pt': [10000000.0, 10000000.0], '775_760': [0.0, 0.0], '775_760_passing_MET': [0.0, 0.0], '775_760_failing_MET': [0.0, 0.0], '775_760_min_MET_pt': [10000000.0, 10000000.0], '775_755': [0.0, 0.0], '775_755_passing_MET': [0.0, 0.0], '775_755_failing_MET': [0.0, 0.0], '775_755_min_MET_pt': [10000000.0, 10000000.0], '775_750': [0.0, 0.0], '775_750_passing_MET': [0.0, 0.0], '775_750_failing_MET': [0.0, 0.0], '775_750_min_MET_pt': [10000000.0, 10000000.0], '775_745': [0.0, 0.0], '775_745_passing_MET': [0.0, 0.0], '775_745_failing_MET': [0.0, 0.0], '775_745_min_MET_pt': [10000000.0, 10000000.0], '800_790': [1039.0, 2145.0], '800_790_passing_MET': [0.0, 0.0], '800_790_failing_MET': [0.0, 0.0], '800_790_min_MET_pt': [10000000.0, 10000000.0], '800_785': [955.0, 0.0], '800_785_passing_MET': [936.0, 0.0], '800_785_failing_MET': [19.0, 0.0], '800_785_min_MET_pt': [55.75215530395508, 10000000.0], '800_780': [0.0, 0.0], '800_780_passing_MET': [0.0, 0.0], '800_780_failing_MET': [0.0, 0.0], '800_780_min_MET_pt': [10000000.0, 10000000.0], '800_775': [0.0, 927.0], '800_775_passing_MET': [0.0, 889.0], '800_775_failing_MET': [0.0, 38.0], '800_775_min_MET_pt': [10000000.0, 21.206892013549805], '800_770': [1126.0, 0.0], '800_770_passing_MET': [1094.0, 0.0], '800_770_failing_MET': [32.0, 0.0], '800_770_min_MET_pt': [31.100435256958008, 10000000.0], '825_815': [0.0, 0.0], '825_815_passing_MET': [0.0, 0.0], '825_815_failing_MET': [0.0, 0.0], '825_815_min_MET_pt': [10000000.0, 10000000.0], '825_810': [0.0, 0.0], '825_810_passing_MET': [0.0, 0.0], '825_810_failing_MET': [0.0, 0.0], '825_810_min_MET_pt': [10000000.0, 10000000.0], '825_805': [0.0, 0.0], '825_805_passing_MET': [0.0, 0.0], '825_805_failing_MET': [0.0, 0.0], '825_805_min_MET_pt': [10000000.0, 10000000.0], '825_800': [0.0, 0.0], '825_800_passing_MET': [0.0, 0.0], '825_800_failing_MET': [0.0, 0.0], '825_800_min_MET_pt': [10000000.0, 10000000.0], '825_795': [0.0, 0.0], '825_795_passing_MET': [0.0, 0.0], '825_795_failing_MET': [0.0, 0.0], '825_795_min_MET_pt': [10000000.0, 10000000.0], '850_840': [1045.0, 1106.0], '850_840_passing_MET': [0.0, 0.0], '850_840_failing_MET': [0.0, 0.0], '850_840_min_MET_pt': [10000000.0, 10000000.0], '850_835': [0.0, 0.0], '850_835_passing_MET': [0.0, 0.0], '850_835_failing_MET': [0.0, 0.0], '850_835_min_MET_pt': [10000000.0, 10000000.0], '850_830': [0.0, 0.0], '850_830_passing_MET': [0.0, 0.0], '850_830_failing_MET': [0.0, 0.0], '850_830_min_MET_pt': [10000000.0, 10000000.0], '850_825': [0.0, 1018.0], '850_825_passing_MET': [0.0, 995.0], '850_825_failing_MET': [0.0, 23.0], '850_825_min_MET_pt': [10000000.0, 22.558984756469727], '850_820': [0.0, 0.0], '850_820_passing_MET': [0.0, 0.0], '850_820_failing_MET': [0.0, 0.0], '850_820_min_MET_pt': [10000000.0, 10000000.0], '875_865': [0.0, 0.0], '875_865_passing_MET': [0.0, 0.0], '875_865_failing_MET': [0.0, 0.0], '875_865_min_MET_pt': [10000000.0, 10000000.0], '875_860': [0.0, 0.0], '875_860_passing_MET': [0.0, 0.0], '875_860_failing_MET': [0.0, 0.0], '875_860_min_MET_pt': [10000000.0, 10000000.0], '875_855': [0.0, 0.0], '875_855_passing_MET': [0.0, 0.0], '875_855_failing_MET': [0.0, 0.0], '875_855_min_MET_pt': [10000000.0, 10000000.0], '875_850': [0.0, 0.0], '875_850_passing_MET': [0.0, 0.0], '875_850_failing_MET': [0.0, 0.0], '875_850_min_MET_pt': [10000000.0, 10000000.0], '875_845': [0.0, 0.0], '875_845_passing_MET': [0.0, 0.0], '875_845_failing_MET': [0.0, 0.0], '875_845_min_MET_pt': [10000000.0, 10000000.0], '900_890': [1060.0, 2310.0], '900_890_passing_MET': [0.0, 0.0], '900_890_failing_MET': [0.0, 0.0], '900_890_min_MET_pt': [10000000.0, 10000000.0], '900_885': [0.0, 946.0], '900_885_passing_MET': [0.0, 929.0], '900_885_failing_MET': [0.0, 17.0], '900_885_min_MET_pt': [10000000.0, 45.31547546386719], '900_880': [0.0, 0.0], '900_880_passing_MET': [0.0, 0.0], '900_880_failing_MET': [0.0, 0.0], '900_880_min_MET_pt': [10000000.0, 10000000.0], '900_875': [953.0, 987.0], '900_875_passing_MET': [0.0, 0.0], '900_875_failing_MET': [0.0, 0.0], '900_875_min_MET_pt': [10000000.0, 10000000.0], '900_870': [1215.0, 1190.0], '900_870_passing_MET': [0.0, 0.0], '900_870_failing_MET': [0.0, 0.0], '900_870_min_MET_pt': [10000000.0, 10000000.0], '925_915': [0.0, 0.0], '925_915_passing_MET': [0.0, 0.0], '925_915_failing_MET': [0.0, 0.0], '925_915_min_MET_pt': [10000000.0, 10000000.0], '925_910': [0.0, 0.0], '925_910_passing_MET': [0.0, 0.0], '925_910_failing_MET': [0.0, 0.0], '925_910_min_MET_pt': [10000000.0, 10000000.0], '925_905': [0.0, 0.0], '925_905_passing_MET': [0.0, 0.0], '925_905_failing_MET': [0.0, 0.0], '925_905_min_MET_pt': [10000000.0, 10000000.0], '925_900': [0.0, 0.0], '925_900_passing_MET': [0.0, 0.0], '925_900_failing_MET': [0.0, 0.0], '925_900_min_MET_pt': [10000000.0, 10000000.0], '925_895': [0.0, 0.0], '925_895_passing_MET': [0.0, 0.0], '925_895_failing_MET': [0.0, 0.0], '925_895_min_MET_pt': [10000000.0, 10000000.0], '950_940': [2226.0, 0.0], '950_940_passing_MET': [2172.0, 0.0], '950_940_failing_MET': [54.0, 0.0], '950_940_min_MET_pt': [30.503028869628906, 10000000.0], '950_935': [0.0, 0.0], '950_935_passing_MET': [0.0, 0.0], '950_935_failing_MET': [0.0, 0.0], '950_935_min_MET_pt': [10000000.0, 10000000.0], '950_930': [0.0, 0.0], '950_930_passing_MET': [0.0, 0.0], '950_930_failing_MET': [0.0, 0.0], '950_930_min_MET_pt': [10000000.0, 10000000.0], '950_925': [0.0, 0.0], '950_925_passing_MET': [0.0, 0.0], '950_925_failing_MET': [0.0, 0.0], '950_925_min_MET_pt': [10000000.0, 10000000.0], '950_920': [1178.0, 0.0], '950_920_passing_MET': [1145.0, 0.0], '950_920_failing_MET': [33.0, 0.0], '950_920_min_MET_pt': [43.14846420288086, 10000000.0], '975_965': [0.0, 0.0], '975_965_passing_MET': [0.0, 0.0], '975_965_failing_MET': [0.0, 0.0], '975_965_min_MET_pt': [10000000.0, 10000000.0], '975_960': [0.0, 0.0], '975_960_passing_MET': [0.0, 0.0], '975_960_failing_MET': [0.0, 0.0], '975_960_min_MET_pt': [10000000.0, 10000000.0], '975_955': [0.0, 0.0], '975_955_passing_MET': [0.0, 0.0], '975_955_failing_MET': [0.0, 0.0], '975_955_min_MET_pt': [10000000.0, 10000000.0], '975_950': [0.0, 0.0], '975_950_passing_MET': [0.0, 0.0], '975_950_failing_MET': [0.0, 0.0], '975_950_min_MET_pt': [10000000.0, 10000000.0], '975_945': [0.0, 0.0], '975_945_passing_MET': [0.0, 0.0], '975_945_failing_MET': [0.0, 0.0], '975_945_min_MET_pt': [10000000.0, 10000000.0], '1000_990': [3276.0, 0.0], '1000_990_passing_MET': [3198.0, 0.0], '1000_990_failing_MET': [78.0, 0.0], '1000_990_min_MET_pt': [44.85707473754883, 10000000.0], '1000_985': [983.0, 0.0], '1000_985_passing_MET': [955.0, 0.0], '1000_985_failing_MET': [28.0, 0.0], '1000_985_min_MET_pt': [39.1650276184082, 10000000.0], '1000_980': [1149.0, 0.0], '1000_980_passing_MET': [1122.0, 0.0], '1000_980_failing_MET': [27.0, 0.0], '1000_980_min_MET_pt': [34.35840606689453, 10000000.0], '1000_975': [0.0, 0.0], '1000_975_passing_MET': [0.0, 0.0], '1000_975_failing_MET': [0.0, 0.0], '1000_975_min_MET_pt': [10000000.0, 10000000.0], '1000_970': [0.0, 0.0], '1000_970_passing_MET': [0.0, 0.0], '1000_970_failing_MET': [0.0, 0.0], '1000_970_min_MET_pt': [10000000.0, 10000000.0], '1025_1015': [0.0, 0.0], '1025_1015_passing_MET': [0.0, 0.0], '1025_1015_failing_MET': [0.0, 0.0], '1025_1015_min_MET_pt': [10000000.0, 10000000.0], '1025_1010': [0.0, 0.0], '1025_1010_passing_MET': [0.0, 0.0], '1025_1010_failing_MET': [0.0, 0.0], '1025_1010_min_MET_pt': [10000000.0, 10000000.0], '1025_1005': [0.0, 0.0], '1025_1005_passing_MET': [0.0, 0.0], '1025_1005_failing_MET': [0.0, 0.0], '1025_1005_min_MET_pt': [10000000.0, 10000000.0], '1025_1000': [0.0, 0.0], '1025_1000_passing_MET': [0.0, 0.0], '1025_1000_failing_MET': [0.0, 0.0], '1025_1000_min_MET_pt': [10000000.0, 10000000.0], '1025_995': [0.0, 0.0], '1025_995_passing_MET': [0.0, 0.0], '1025_995_failing_MET': [0.0, 0.0], '1025_995_min_MET_pt': [10000000.0, 10000000.0], '1050_1040': [0.0, 0.0], '1050_1040_passing_MET': [0.0, 0.0], '1050_1040_failing_MET': [0.0, 0.0], '1050_1040_min_MET_pt': [10000000.0, 10000000.0], '1050_1035': [0.0, 0.0], '1050_1035_passing_MET': [0.0, 0.0], '1050_1035_failing_MET': [0.0, 0.0], '1050_1035_min_MET_pt': [10000000.0, 10000000.0], '1050_1030': [0.0, 0.0], '1050_1030_passing_MET': [0.0, 0.0], '1050_1030_failing_MET': [0.0, 0.0], '1050_1030_min_MET_pt': [10000000.0, 10000000.0], '1050_1025': [0.0, 0.0], '1050_1025_passing_MET': [0.0, 0.0], '1050_1025_failing_MET': [0.0, 0.0], '1050_1025_min_MET_pt': [10000000.0, 10000000.0], '1050_1020': [0.0, 0.0], '1050_1020_passing_MET': [0.0, 0.0], '1050_1020_failing_MET': [0.0, 0.0], '1050_1020_min_MET_pt': [10000000.0, 10000000.0], '1075_1065': [0.0, 0.0], '1075_1065_passing_MET': [0.0, 0.0], '1075_1065_failing_MET': [0.0, 0.0], '1075_1065_min_MET_pt': [10000000.0, 10000000.0], '1075_1060': [0.0, 0.0], '1075_1060_passing_MET': [0.0, 0.0], '1075_1060_failing_MET': [0.0, 0.0], '1075_1060_min_MET_pt': [10000000.0, 10000000.0], '1075_1055': [0.0, 0.0], '1075_1055_passing_MET': [0.0, 0.0], '1075_1055_failing_MET': [0.0, 0.0], '1075_1055_min_MET_pt': [10000000.0, 10000000.0], '1075_1050': [0.0, 0.0], '1075_1050_passing_MET': [0.0, 0.0], '1075_1050_failing_MET': [0.0, 0.0], '1075_1050_min_MET_pt': [10000000.0, 10000000.0], '1075_1045': [0.0, 0.0], '1075_1045_passing_MET': [0.0, 0.0], '1075_1045_failing_MET': [0.0, 0.0], '1075_1045_min_MET_pt': [10000000.0, 10000000.0], '1100_1090': [0.0, 1067.0], '1100_1090_passing_MET': [0.0, 1048.0], '1100_1090_failing_MET': [0.0, 19.0], '1100_1090_min_MET_pt': [10000000.0, 18.453676223754883], '1100_1085': [0.0, 2035.0], '1100_1085_passing_MET': [0.0, 1983.0], '1100_1085_failing_MET': [0.0, 52.0], '1100_1085_min_MET_pt': [10000000.0, 21.54881477355957], '1100_1080': [1224.0, 1178.0], '1100_1080_passing_MET': [0.0, 0.0], '1100_1080_failing_MET': [0.0, 0.0], '1100_1080_min_MET_pt': [10000000.0, 10000000.0], '1100_1075': [0.0, 0.0], '1100_1075_passing_MET': [0.0, 0.0], '1100_1075_failing_MET': [0.0, 0.0], '1100_1075_min_MET_pt': [10000000.0, 10000000.0], '1100_1070': [1031.0, 0.0], '1100_1070_passing_MET': [1006.0, 0.0], '1100_1070_failing_MET': [25.0, 0.0], '1100_1070_min_MET_pt': [31.154321670532227, 10000000.0], 'nEventsTotal': 189989.0, 'strange masspoints': 0.0, 'orphans': 0.0, 'R-hadron event': 0.0, 'different stop antistop masses': 0.0, 'strange error': 0.0, 'strange event': 0.0, 'different neutralino masses': 14481.0, 'large differences': 0.0, '576_566': [308.0, 0.0], '576_566_passing_MET': [297.0, 0.0], '576_566_failing_MET': [11.0, 0.0], '576_566_min_MET_pt': [36.94032287597656, 10000000.0], '576_565': [2726.0, 0.0], '576_565_passing_MET': [2649.0, 0.0], '576_565_failing_MET': [77.0, 0.0], '576_565_min_MET_pt': [41.32368850708008, 10000000.0], '1024_1000': [0.0, 1202.0], '1024_1000_passing_MET': [0.0, 1158.0], '1024_1000_failing_MET': [0.0, 44.0], '1024_1000_min_MET_pt': [10000000.0, 24.87185287475586], '526_500': [3011.0, 0.0], '526_500_passing_MET': [2896.0, 0.0], '526_500_failing_MET': [115.0, 0.0], '526_500_min_MET_pt': [12.293922424316406, 10000000.0], '526_515': [2664.0, 0.0], '526_515_passing_MET': [2585.0, 0.0], '526_515_failing_MET': [79.0, 0.0], '526_515_min_MET_pt': [17.16558074951172, 10000000.0], '526_516': [268.0, 0.0], '526_516_passing_MET': [256.0, 0.0], '526_516_failing_MET': [12.0, 0.0], '526_516_min_MET_pt': [53.22747039794922, 10000000.0], '876_855': [1047.0, 979.0], '876_855_passing_MET': [1033.0, 966.0], '876_855_failing_MET': [14.0, 13.0], '876_855_min_MET_pt': [48.56597900390625, 38.595394134521484], '876_856': [177.0, 153.0], '876_856_passing_MET': [174.0, 150.0], '876_856_failing_MET': [3.0, 3.0], '876_856_min_MET_pt': [70.60885620117188, 55.8326530456543], '900_876': [161.0, 185.0], '900_876_passing_MET': [158.0, 183.0], '900_876_failing_MET': [3.0, 2.0], '900_876_min_MET_pt': [76.44635772705078, 61.00907897949219], '776_745': [0.0, 945.0], '776_745_passing_MET': [0.0, 923.0], '776_745_failing_MET': [0.0, 22.0], '776_745_min_MET_pt': [10000000.0, 48.853424072265625], '776_746': [0.0, 204.0], '776_746_passing_MET': [0.0, 195.0], '776_746_failing_MET': [0.0, 9.0], '776_746_min_MET_pt': [10000000.0, 59.49980163574219], '776_755': [999.0, 1959.0], '776_755_passing_MET': [976.0, 1898.0], '776_755_failing_MET': [23.0, 61.0], '776_755_min_MET_pt': [37.17354965209961, 38.14007568359375], '776_756': [148.0, 285.0], '776_756_passing_MET': [143.0, 279.0], '776_756_failing_MET': [5.0, 6.0], '776_756_min_MET_pt': [74.66312408447266, 91.667236328125], '576_546': [0.0, 167.0], '576_546_passing_MET': [0.0, 159.0], '576_546_failing_MET': [0.0, 8.0], '576_546_min_MET_pt': [10000000.0, 58.5056037902832], '576_545': [0.0, 949.0], '576_545_passing_MET': [0.0, 915.0], '576_545_failing_MET': [0.0, 34.0], '576_545_min_MET_pt': [10000000.0, 9.552449226379395], '726_700': [0.0, 1122.0], '726_700_passing_MET': [0.0, 1095.0], '726_700_failing_MET': [0.0, 27.0], '726_700_min_MET_pt': [10000000.0, 21.366729736328125], '976_960': [0.0, 1149.0], '976_960_passing_MET': [0.0, 1120.0], '976_960_failing_MET': [0.0, 29.0], '976_960_min_MET_pt': [10000000.0, 44.21674728393555], '700_676': [170.0, 156.0], '700_676_passing_MET': [165.0, 154.0], '700_676_failing_MET': [5.0, 2.0], '700_676_min_MET_pt': [46.655887603759766, 79.75032043457031], '876_845': [1041.0, 952.0], '876_845_passing_MET': [1012.0, 924.0], '876_845_failing_MET': [29.0, 28.0], '876_845_min_MET_pt': [55.45323181152344, 48.305702209472656], '876_846': [195.0, 189.0], '876_846_passing_MET': [186.0, 185.0], '876_846_failing_MET': [9.0, 4.0], '876_846_min_MET_pt': [44.60495376586914, 44.46599578857422], '1052_1040': [1139.0, 1136.0], '1052_1040_passing_MET': [1117.0, 1113.0], '1052_1040_failing_MET': [22.0, 23.0], '1052_1040_min_MET_pt': [38.08147048950195, 40.853660583496094], '700_686': [0.0, 121.0], '700_686_passing_MET': [0.0, 119.0], '700_686_failing_MET': [0.0, 2.0], '700_686_min_MET_pt': [10000000.0, 77.00748443603516], '726_716': [308.0, 182.0], '726_716_passing_MET': [298.0, 178.0], '726_716_failing_MET': [10.0, 4.0], '726_716_min_MET_pt': [41.718788146972656, 63.726009368896484], '726_715': [2931.0, 1941.0], '726_715_passing_MET': [2857.0, 1888.0], '726_715_failing_MET': [74.0, 53.0], '726_715_min_MET_pt': [6.727575778961182, 21.28902816772461], '800_786': [127.0, 0.0], '800_786_passing_MET': [124.0, 0.0], '800_786_failing_MET': [3.0, 0.0], '800_786_min_MET_pt': [57.580665588378906, 10000000.0], '776_765': [1955.0, 958.0], '776_765_passing_MET': [1904.0, 929.0], '776_765_failing_MET': [51.0, 29.0], '776_765_min_MET_pt': [14.808382987976074, 8.73836612701416], '776_766': [202.0, 117.0], '776_766_passing_MET': [198.0, 115.0], '776_766_failing_MET': [4.0, 2.0], '776_766_min_MET_pt': [54.00771713256836, 20.919408798217773], '676_645': [931.0, 0.0], '676_645_passing_MET': [905.0, 0.0], '676_645_failing_MET': [26.0, 0.0], '676_645_min_MET_pt': [48.54908752441406, 10000000.0], '676_646': [179.0, 0.0], '676_646_passing_MET': [171.0, 0.0], '676_646_failing_MET': [8.0, 0.0], '676_646_min_MET_pt': [40.416072845458984, 10000000.0], '1100_1084': [0.0, 277.0], '1100_1084_passing_MET': [0.0, 267.0], '1100_1084_failing_MET': [0.0, 10.0], '1100_1084_min_MET_pt': [10000000.0, 22.177947998046875], '750_736': [0.0, 123.0], '750_736_passing_MET': [0.0, 120.0], '750_736_failing_MET': [0.0, 3.0], '750_736_min_MET_pt': [10000000.0, 82.55244445800781], '800_776': [0.0, 183.0], '800_776_passing_MET': [0.0, 180.0], '800_776_failing_MET': [0.0, 3.0], '800_776_min_MET_pt': [10000000.0, 28.48366355895996], '776_760': [1120.0, 0.0], '776_760_passing_MET': [1093.0, 0.0], '776_760_failing_MET': [27.0, 0.0], '776_760_min_MET_pt': [37.00468444824219, 10000000.0], '1024_1015': [2052.0, 2060.0], '1024_1015_passing_MET': [2008.0, 2007.0], '1024_1015_failing_MET': [44.0, 53.0], '1024_1015_min_MET_pt': [19.748491287231445, 19.278749465942383], '1024_1016': [196.0, 201.0], '1024_1016_passing_MET': [195.0, 195.0], '1024_1016_failing_MET': [1.0, 6.0], '1024_1016_min_MET_pt': [97.4833755493164, 57.341766357421875], '626_595': [900.0, 0.0], '626_595_passing_MET': [865.0, 0.0], '626_595_failing_MET': [35.0, 0.0], '626_595_min_MET_pt': [36.17423629760742, 10000000.0], '626_596': [181.0, 0.0], '626_596_passing_MET': [177.0, 0.0], '626_596_failing_MET': [4.0, 0.0], '626_596_min_MET_pt': [65.81852722167969, 10000000.0], '826_810': [2187.0, 1101.0], '826_810_passing_MET': [2128.0, 1072.0], '826_810_failing_MET': [59.0, 29.0], '826_810_min_MET_pt': [37.75831985473633, 26.606689453125], '1052_1025': [974.0, 0.0], '1052_1025_passing_MET': [958.0, 0.0], '1052_1025_failing_MET': [16.0, 0.0], '1052_1025_min_MET_pt': [33.909034729003906, 10000000.0], '1052_1024': [188.0, 0.0], '1052_1024_passing_MET': [184.0, 0.0], '1052_1024_failing_MET': [4.0, 0.0], '1052_1024_min_MET_pt': [73.44960021972656, 10000000.0], '626_615': [0.0, 965.0], '626_615_passing_MET': [0.0, 938.0], '626_615_failing_MET': [0.0, 27.0], '626_615_min_MET_pt': [10000000.0, 39.277252197265625], '626_616': [0.0, 88.0], '626_616_passing_MET': [0.0, 86.0], '626_616_failing_MET': [0.0, 2.0], '626_616_min_MET_pt': [10000000.0, 75.36528778076172], '1100_1092': [0.0, 97.0], '1100_1092_passing_MET': [0.0, 97.0], '1100_1092_failing_MET': [0.0, 0.0], '1100_1092_min_MET_pt': [10000000.0, 100.93629455566406], '1076_1065': [2024.0, 2069.0], '1076_1065_passing_MET': [1970.0, 2011.0], '1076_1065_failing_MET': [54.0, 58.0], '1076_1065_min_MET_pt': [20.141435623168945, 7.580460548400879], '1076_1064': [220.0, 197.0], '1076_1064_passing_MET': [217.0, 194.0], '1076_1064_failing_MET': [3.0, 3.0], '1076_1064_min_MET_pt': [77.47381591796875, 93.07593536376953], '676_665': [971.0, 965.0], '676_665_passing_MET': [951.0, 938.0], '676_665_failing_MET': [20.0, 27.0], '676_665_min_MET_pt': [49.219642639160156, 32.84571075439453], '676_666': [96.0, 92.0], '676_666_passing_MET': [93.0, 91.0], '676_666_failing_MET': [3.0, 1.0], '676_666_min_MET_pt': [65.2799072265625, 76.67469787597656], '976_950': [1093.0, 1147.0], '976_950_passing_MET': [1074.0, 1116.0], '976_950_failing_MET': [19.0, 31.0], '976_950_min_MET_pt': [32.0324592590332, 39.879356384277344], '826_795': [945.0, 0.0], '826_795_passing_MET': [908.0, 0.0], '826_795_failing_MET': [37.0, 0.0], '826_795_min_MET_pt': [23.162078857421875, 10000000.0], '826_796': [167.0, 0.0], '826_796_passing_MET': [164.0, 0.0], '826_796_failing_MET': [3.0, 0.0], '826_796_min_MET_pt': [85.90924835205078, 10000000.0], '850_826': [0.0, 164.0], '850_826_passing_MET': [0.0, 160.0], '850_826_failing_MET': [0.0, 4.0], '850_826_min_MET_pt': [10000000.0, 44.84519577026367], '876_865': [987.0, 1048.0], '876_865_passing_MET': [963.0, 1023.0], '876_865_failing_MET': [24.0, 25.0], '876_865_min_MET_pt': [32.63828659057617, 41.8780517578125], '876_866': [90.0, 95.0], '876_866_passing_MET': [86.0, 94.0], '876_866_failing_MET': [4.0, 1.0], '876_866_min_MET_pt': [88.32759094238281, 95.43013763427734], '876_860': [1111.0, 0.0], '876_860_passing_MET': [1085.0, 0.0], '876_860_failing_MET': [26.0, 0.0], '876_860_min_MET_pt': [49.44816970825195, 10000000.0], '576_555': [825.0, 0.0], '576_555_passing_MET': [805.0, 0.0], '576_555_failing_MET': [20.0, 0.0], '576_555_min_MET_pt': [23.143068313598633, 10000000.0], '576_556': [149.0, 0.0], '576_556_passing_MET': [143.0, 0.0], '576_556_failing_MET': [6.0, 0.0], '576_556_min_MET_pt': [24.59752655029297, 10000000.0], '1000_986': [137.0, 0.0], '1000_986_passing_MET': [133.0, 0.0], '1000_986_failing_MET': [4.0, 0.0], '1000_986_min_MET_pt': [74.60176086425781, 10000000.0], '750_726': [173.0, 0.0], '750_726_passing_MET': [167.0, 0.0], '750_726_failing_MET': [6.0, 0.0], '750_726_min_MET_pt': [75.9579849243164, 10000000.0], '926_915': [994.0, 1989.0], '926_915_passing_MET': [975.0, 1944.0], '926_915_failing_MET': [19.0, 45.0], '926_915_min_MET_pt': [25.424049377441406, 29.38105010986328], '926_916': [121.0, 202.0], '926_916_passing_MET': [120.0, 197.0], '926_916_failing_MET': [1.0, 5.0], '926_916_min_MET_pt': [75.5445785522461, 40.03572463989258], '976_946': [193.0, 185.0], '976_946_passing_MET': [190.0, 179.0], '976_946_failing_MET': [3.0, 6.0], '976_946_min_MET_pt': [31.092456817626953, 82.42668151855469], '976_945': [1032.0, 1021.0], '976_945_passing_MET': [1003.0, 993.0], '976_945_failing_MET': [29.0, 28.0], '976_945_min_MET_pt': [30.430015563964844, 20.311256408691406], '926_910': [0.0, 1113.0], '926_910_passing_MET': [0.0, 1082.0], '926_910_failing_MET': [0.0, 31.0], '926_910_min_MET_pt': [10000000.0, 21.957149505615234], '926_900': [0.0, 1229.0], '926_900_passing_MET': [0.0, 1205.0], '926_900_failing_MET': [0.0, 24.0], '926_900_min_MET_pt': [10000000.0, 41.49490737915039], '626_600': [1106.0, 0.0], '626_600_passing_MET': [1075.0, 0.0], '626_600_failing_MET': [31.0, 0.0], '626_600_min_MET_pt': [25.589488983154297, 10000000.0], '526_495': [1003.0, 0.0], '526_495_passing_MET': [973.0, 0.0], '526_495_failing_MET': [30.0, 0.0], '526_495_min_MET_pt': [37.14947509765625, 10000000.0], '900_886': [0.0, 117.0], '900_886_passing_MET': [0.0, 113.0], '900_886_failing_MET': [0.0, 4.0], '900_886_min_MET_pt': [10000000.0, 55.213130950927734], '826_815': [955.0, 0.0], '826_815_passing_MET': [941.0, 0.0], '826_815_failing_MET': [14.0, 0.0], '826_815_min_MET_pt': [54.123023986816406, 10000000.0], '826_816': [96.0, 0.0], '826_816_passing_MET': [95.0, 0.0], '826_816_failing_MET': [1.0, 0.0], '826_816_min_MET_pt': [81.90599060058594, 10000000.0], '526_510': [926.0, 997.0], '526_510_passing_MET': [901.0, 980.0], '526_510_failing_MET': [25.0, 17.0], '526_510_min_MET_pt': [44.80936050415039, 28.634252548217773], '676_650': [0.0, 1092.0], '676_650_passing_MET': [0.0, 1061.0], '676_650_failing_MET': [0.0, 31.0], '676_650_min_MET_pt': [10000000.0, 56.35483169555664], '1100_1072': [189.0, 0.0], '1100_1072_passing_MET': [186.0, 0.0], '1100_1072_failing_MET': [3.0, 0.0], '1100_1072_min_MET_pt': [23.549131393432617, 10000000.0], '576_550': [0.0, 1026.0], '576_550_passing_MET': [0.0, 999.0], '576_550_failing_MET': [0.0, 27.0], '576_550_min_MET_pt': [10000000.0, 48.12848663330078]}
nevents_from_dict =  3520329209.6067367
Results saved to /afs/cern.ch/work/m/mleoncoe/private/stop_met_check/outputs_2018/nanoAOD_235.json
done
