000 (9018140.207.000) 01/06 10:56:25 Job submitted from host: <188.185.6.50:9618?addrs=188.185.6.50-9618+[2001-1458-d00-62--100-2b1]-9618&alias=bigbird25.cern.ch&noUDP&sock=schedd_1627_90ad>
...
040 (9018140.207.000) 01/06 10:59:34 Started transferring input files
	Transferring to host: <188.185.210.162:9618?addrs=188.185.210.162-9618+[2001-1458-303-15--100-1e]-9618&alias=b9p22p5915.cern.ch&noUDP&sock=slot1_3_8806_5f9f_117363>
...
040 (9018140.207.000) 01/06 10:59:35 Finished transferring input files
...
001 (9018140.207.000) 01/06 10:59:35 Job executing on host: <188.185.210.162:9618?addrs=188.185.210.162-9618+[2001-1458-303-15--100-1e]-9618&alias=b9p22p5915.cern.ch&noUDP&sock=startd_7752_ce41>
	SlotName: slot1_3@b9p22p5915.cern.ch
	CondorScratchDir = "/pool/condor/dir_4034842"
	Cpus = 1
	Disk = 3771
	GPUs = 0
	Memory = 3000
...
006 (9018140.207.000) 01/06 10:59:49 Image size of job updated: 94076
	92  -  MemoryUsage of job (MB)
	94076  -  ResidentSetSize of job (KB)
...
006 (9018140.207.000) 01/06 11:04:50 Image size of job updated: 207868
	203  -  MemoryUsage of job (MB)
	207868  -  ResidentSetSize of job (KB)
...
006 (9018140.207.000) 01/06 11:09:51 Image size of job updated: 215624
	211  -  MemoryUsage of job (MB)
	215624  -  ResidentSetSize of job (KB)
...
006 (9018140.207.000) 01/06 11:14:51 Image size of job updated: 215640
	211  -  MemoryUsage of job (MB)
	215640  -  ResidentSetSize of job (KB)
...
006 (9018140.207.000) 01/06 11:19:52 Image size of job updated: 215728
	211  -  MemoryUsage of job (MB)
	215728  -  ResidentSetSize of job (KB)
...
006 (9018140.207.000) 01/06 11:24:52 Image size of job updated: 215816
	211  -  MemoryUsage of job (MB)
	215816  -  ResidentSetSize of job (KB)
...
006 (9018140.207.000) 01/06 11:29:52 Image size of job updated: 215996
	211  -  MemoryUsage of job (MB)
	215996  -  ResidentSetSize of job (KB)
...
006 (9018140.207.000) 01/06 11:34:53 Image size of job updated: 216036
	211  -  MemoryUsage of job (MB)
	216036  -  ResidentSetSize of job (KB)
...
006 (9018140.207.000) 01/06 11:39:53 Image size of job updated: 216072
	212  -  MemoryUsage of job (MB)
	216072  -  ResidentSetSize of job (KB)
...
006 (9018140.207.000) 01/06 11:44:54 Image size of job updated: 216084
	212  -  MemoryUsage of job (MB)
	216084  -  ResidentSetSize of job (KB)
...
006 (9018140.207.000) 01/06 11:49:54 Image size of job updated: 216096
	212  -  MemoryUsage of job (MB)
	216096  -  ResidentSetSize of job (KB)
...
006 (9018140.207.000) 01/06 11:54:55 Image size of job updated: 216104
	212  -  MemoryUsage of job (MB)
	216104  -  ResidentSetSize of job (KB)
...
006 (9018140.207.000) 01/06 12:04:56 Image size of job updated: 216112
	212  -  MemoryUsage of job (MB)
	216112  -  ResidentSetSize of job (KB)
...
006 (9018140.207.000) 01/06 12:09:57 Image size of job updated: 216116
	212  -  MemoryUsage of job (MB)
	216116  -  ResidentSetSize of job (KB)
...
006 (9018140.207.000) 01/06 12:14:58 Image size of job updated: 216124
	212  -  MemoryUsage of job (MB)
	216124  -  ResidentSetSize of job (KB)
...
006 (9018140.207.000) 01/06 12:19:58 Image size of job updated: 216128
	212  -  MemoryUsage of job (MB)
	216128  -  ResidentSetSize of job (KB)
...
006 (9018140.207.000) 01/06 12:24:59 Image size of job updated: 216172
	212  -  MemoryUsage of job (MB)
	216172  -  ResidentSetSize of job (KB)
...
006 (9018140.207.000) 01/06 12:29:59 Image size of job updated: 216176
	212  -  MemoryUsage of job (MB)
	216176  -  ResidentSetSize of job (KB)
...
006 (9018140.207.000) 01/06 12:40:00 Image size of job updated: 216188
	212  -  MemoryUsage of job (MB)
	216188  -  ResidentSetSize of job (KB)
...
006 (9018140.207.000) 01/06 12:45:00 Image size of job updated: 216192
	212  -  MemoryUsage of job (MB)
	216192  -  ResidentSetSize of job (KB)
...
006 (9018140.207.000) 01/06 13:00:01 Image size of job updated: 216204
	212  -  MemoryUsage of job (MB)
	216204  -  ResidentSetSize of job (KB)
...
006 (9018140.207.000) 01/06 13:05:02 Image size of job updated: 216216
	212  -  MemoryUsage of job (MB)
	216216  -  ResidentSetSize of job (KB)
...
006 (9018140.207.000) 01/06 13:10:02 Image size of job updated: 216244
	212  -  MemoryUsage of job (MB)
	216244  -  ResidentSetSize of job (KB)
...
006 (9018140.207.000) 01/06 13:20:03 Image size of job updated: 216248
	212  -  MemoryUsage of job (MB)
	216248  -  ResidentSetSize of job (KB)
...
006 (9018140.207.000) 01/06 13:30:04 Image size of job updated: 216256
	212  -  MemoryUsage of job (MB)
	216256  -  ResidentSetSize of job (KB)
...
006 (9018140.207.000) 01/06 13:35:05 Image size of job updated: 216272
	212  -  MemoryUsage of job (MB)
	216272  -  ResidentSetSize of job (KB)
...
006 (9018140.207.000) 01/06 13:45:06 Image size of job updated: 216280
	212  -  MemoryUsage of job (MB)
	216280  -  ResidentSetSize of job (KB)
...
006 (9018140.207.000) 01/06 13:50:06 Image size of job updated: 216284
	212  -  MemoryUsage of job (MB)
	216284  -  ResidentSetSize of job (KB)
...
006 (9018140.207.000) 01/06 13:55:06 Image size of job updated: 216288
	212  -  MemoryUsage of job (MB)
	216288  -  ResidentSetSize of job (KB)
...
006 (9018140.207.000) 01/06 14:00:07 Image size of job updated: 216296
	212  -  MemoryUsage of job (MB)
	216296  -  ResidentSetSize of job (KB)
...
006 (9018140.207.000) 01/06 14:15:08 Image size of job updated: 216308
	212  -  MemoryUsage of job (MB)
	216308  -  ResidentSetSize of job (KB)
...
006 (9018140.207.000) 01/06 14:17:05 Image size of job updated: 216344
	212  -  MemoryUsage of job (MB)
	216308  -  ResidentSetSize of job (KB)
...
040 (9018140.207.000) 01/06 14:17:05 Started transferring output files
...
040 (9018140.207.000) 01/06 14:17:06 Finished transferring output files
...
005 (9018140.207.000) 01/06 14:17:06 Job terminated.
	(1) Normal termination (return value 0)
		Usr 0 03:12:36, Sys 0 00:00:23  -  Run Remote Usage
		Usr 0 00:00:00, Sys 0 00:00:00  -  Run Local Usage
		Usr 0 03:12:36, Sys 0 00:00:23  -  Total Remote Usage
		Usr 0 00:00:00, Sys 0 00:00:00  -  Total Local Usage
	45103  -  Run Bytes Sent By Job
	21436  -  Run Bytes Received By Job
	45103  -  Total Bytes Sent By Job
	21436  -  Total Bytes Received By Job
	Partitionable Resources :    Usage  Request Allocated 
	   Cpus                 :     0.99        1         1 
	   Disk (KB)            :    92          22      3771 
	   GPUs                 :                           0 
	   Memory (MB)          :   212        3000      3000 
	   TimeExecute (s)      : 11850                       
	   TimeSlotBusy (s)     : 11853                       

	Job terminated of its own accord at 2026-01-06T13:17:05Z with exit-code 0.
...
