i am in this directory
/pool/condor/dir_3409540
Python 3.9.23
3.9.23
 will run this python stop_check_met_eff.py /eos/user/m/mleoncoe/stop_event_check/privateNanoAod2018/nanoAOD_257.root /afs/cern.ch/work/m/mleoncoe/private/stop_met_check/outputs_2018/nanoAOD_257.json
event num1000
event num2000
event num3000
event num4000
event num5000
event num6000
event num7000
event num8000
event num9000
event num10000
event num11000
event num12000
event num13000
event num14000
event num15000
event num16000
event num17000
event num18000
event num19000
event num20000
event num21000
event num22000
event num23000
event num24000
event num25000
event num26000
event num27000
event num28000
event num29000
event num30000
event num31000
event num32000
event num33000
event num34000
event num35000
event num36000
event num37000
event num38000
event num39000
event num40000
event num41000
event num42000
event num43000
event num44000
event num45000
event num46000
event num47000
event num48000
event num49000
event num50000
event num51000
event num52000
event num53000
event num54000
event num55000
event num56000
event num57000
event num58000
event num59000
event num60000
event num61000
event num62000
event num63000
event num64000
event num65000
event num66000
event num67000
event num68000
event num69000
event num70000
event num71000
event num72000
event num73000
event num74000
event num75000
event num76000
event num77000
event num78000
event num79000
event num80000
event num81000
event num82000
event num83000
event num84000
event num85000
event num86000
event num87000
event num88000
event num89000
event num90000
event num91000
event num92000
event num93000
event num94000
event num95000
event num96000
event num97000
event num98000
event num99000
event num100000
event num101000
event num102000
event num103000
event num104000
event num105000
event num106000
event num107000
event num108000
event num109000
event num110000
event num111000
event num112000
event num113000
event num114000
event num115000
event num116000
event num117000
event num118000
event num119000
event num120000
event num121000
event num122000
event num123000
event num124000
event num125000
event num126000
event num127000
event num128000
event num129000
event num130000
event num131000
event num132000
event num133000
event num134000
event num135000
event num136000
event num137000
event num138000
event num139000
event num140000
event num141000
event num142000
event num143000
event num144000
event num145000
event num146000
event num147000
event num148000
event num149000
event num150000
event num151000
event num152000
event num153000
event num154000
event num155000
event num156000
event num157000
event num158000
event num159000
event num160000
event num161000
event num162000
event num163000
event num164000
event num165000
event num166000
event num167000
event num168000
event num169000
event num170000
event num171000
event num172000
event num173000
event num174000
event num175000
event num176000
event num177000
event num178000
event num179000
event num180000
event num181000
event num182000
event num183000
event num184000
event num185000
event num186000
event num187000
event num188000
event num189000
event num190000
event num191000
event num192000
event num193000
{'250_240': [0.0, 1378.0], '250_240_passing_MET': [0.0, 1348.0], '250_240_failing_MET': [0.0, 30.0], '250_240_min_MET_pt': [10000000.0, 43.66899871826172], '250_235': [0.0, 683.0], '250_235_passing_MET': [0.0, 661.0], '250_235_failing_MET': [0.0, 22.0], '250_235_min_MET_pt': [10000000.0, 16.01161003112793], '250_230': [0.0, 731.0], '250_230_passing_MET': [0.0, 699.0], '250_230_failing_MET': [0.0, 32.0], '250_230_min_MET_pt': [10000000.0, 44.26264572143555], '250_225': [0.0, 0.0], '250_225_passing_MET': [0.0, 0.0], '250_225_failing_MET': [0.0, 0.0], '250_225_min_MET_pt': [10000000.0, 10000000.0], '250_220': [1524.0, 0.0], '250_220_passing_MET': [1438.0, 0.0], '250_220_failing_MET': [86.0, 0.0], '250_220_min_MET_pt': [31.37543487548828, 10000000.0], '275_265': [780.0, 0.0], '275_265_passing_MET': [753.0, 0.0], '275_265_failing_MET': [27.0, 0.0], '275_265_min_MET_pt': [33.9083137512207, 10000000.0], '275_260': [0.0, 0.0], '275_260_passing_MET': [0.0, 0.0], '275_260_failing_MET': [0.0, 0.0], '275_260_min_MET_pt': [10000000.0, 10000000.0], '275_255': [0.0, 0.0], '275_255_passing_MET': [0.0, 0.0], '275_255_failing_MET': [0.0, 0.0], '275_255_min_MET_pt': [10000000.0, 10000000.0], '275_250': [793.0, 736.0], '275_250_passing_MET': [0.0, 0.0], '275_250_failing_MET': [0.0, 0.0], '275_250_min_MET_pt': [10000000.0, 10000000.0], '275_245': [0.0, 0.0], '275_245_passing_MET': [0.0, 0.0], '275_245_failing_MET': [0.0, 0.0], '275_245_min_MET_pt': [10000000.0, 10000000.0], '300_290': [1613.0, 759.0], '300_290_passing_MET': [0.0, 0.0], '300_290_failing_MET': [0.0, 0.0], '300_290_min_MET_pt': [10000000.0, 10000000.0], '300_285': [0.0, 734.0], '300_285_passing_MET': [0.0, 706.0], '300_285_failing_MET': [0.0, 28.0], '300_285_min_MET_pt': [10000000.0, 53.402259826660156], '300_280': [0.0, 0.0], '300_280_passing_MET': [0.0, 0.0], '300_280_failing_MET': [0.0, 0.0], '300_280_min_MET_pt': [10000000.0, 10000000.0], '300_275': [1648.0, 1666.0], '300_275_passing_MET': [0.0, 0.0], '300_275_failing_MET': [0.0, 0.0], '300_275_min_MET_pt': [10000000.0, 10000000.0], '300_270': [0.0, 0.0], '300_270_passing_MET': [0.0, 0.0], '300_270_failing_MET': [0.0, 0.0], '300_270_min_MET_pt': [10000000.0, 10000000.0], '325_315': [3997.0, 1563.0], '325_315_passing_MET': [0.0, 0.0], '325_315_failing_MET': [0.0, 0.0], '325_315_min_MET_pt': [10000000.0, 10000000.0], '325_310': [0.0, 817.0], '325_310_passing_MET': [0.0, 791.0], '325_310_failing_MET': [0.0, 26.0], '325_310_min_MET_pt': [10000000.0, 36.193695068359375], '325_305': [0.0, 0.0], '325_305_passing_MET': [0.0, 0.0], '325_305_failing_MET': [0.0, 0.0], '325_305_min_MET_pt': [10000000.0, 10000000.0], '325_300': [0.0, 0.0], '325_300_passing_MET': [0.0, 0.0], '325_300_failing_MET': [0.0, 0.0], '325_300_min_MET_pt': [10000000.0, 10000000.0], '325_295': [0.0, 0.0], '325_295_passing_MET': [0.0, 0.0], '325_295_failing_MET': [0.0, 0.0], '325_295_min_MET_pt': [10000000.0, 10000000.0], '350_340': [829.0, 894.0], '350_340_passing_MET': [0.0, 0.0], '350_340_failing_MET': [0.0, 0.0], '350_340_min_MET_pt': [10000000.0, 10000000.0], '350_335': [0.0, 0.0], '350_335_passing_MET': [0.0, 0.0], '350_335_failing_MET': [0.0, 0.0], '350_335_min_MET_pt': [10000000.0, 10000000.0], '350_330': [0.0, 0.0], '350_330_passing_MET': [0.0, 0.0], '350_330_failing_MET': [0.0, 0.0], '350_330_min_MET_pt': [10000000.0, 10000000.0], '350_325': [0.0, 924.0], '350_325_passing_MET': [0.0, 882.0], '350_325_failing_MET': [0.0, 42.0], '350_325_min_MET_pt': [10000000.0, 34.25714874267578], '350_320': [0.0, 1798.0], '350_320_passing_MET': [0.0, 1717.0], '350_320_failing_MET': [0.0, 81.0], '350_320_min_MET_pt': [10000000.0, 8.425225257873535], '375_365': [848.0, 1694.0], '375_365_passing_MET': [0.0, 0.0], '375_365_failing_MET': [0.0, 0.0], '375_365_min_MET_pt': [10000000.0, 10000000.0], '375_360': [0.0, 895.0], '375_360_passing_MET': [0.0, 865.0], '375_360_failing_MET': [0.0, 30.0], '375_360_min_MET_pt': [10000000.0, 36.63838195800781], '375_355': [1845.0, 951.0], '375_355_passing_MET': [0.0, 0.0], '375_355_failing_MET': [0.0, 0.0], '375_355_min_MET_pt': [10000000.0, 10000000.0], '375_350': [0.0, 886.0], '375_350_passing_MET': [0.0, 849.0], '375_350_failing_MET': [0.0, 37.0], '375_350_min_MET_pt': [10000000.0, 21.789945602416992], '375_345': [0.0, 0.0], '375_345_passing_MET': [0.0, 0.0], '375_345_failing_MET': [0.0, 0.0], '375_345_min_MET_pt': [10000000.0, 10000000.0], '400_390': [2662.0, 0.0], '400_390_passing_MET': [2590.0, 0.0], '400_390_failing_MET': [72.0, 0.0], '400_390_min_MET_pt': [38.462974548339844, 10000000.0], '400_385': [0.0, 0.0], '400_385_passing_MET': [0.0, 0.0], '400_385_failing_MET': [0.0, 0.0], '400_385_min_MET_pt': [10000000.0, 10000000.0], '400_380': [0.0, 954.0], '400_380_passing_MET': [0.0, 923.0], '400_380_failing_MET': [0.0, 31.0], '400_380_min_MET_pt': [10000000.0, 41.3940544128418], '400_375': [0.0, 0.0], '400_375_passing_MET': [0.0, 0.0], '400_375_failing_MET': [0.0, 0.0], '400_375_min_MET_pt': [10000000.0, 10000000.0], '400_370': [0.0, 933.0], '400_370_passing_MET': [0.0, 901.0], '400_370_failing_MET': [0.0, 32.0], '400_370_min_MET_pt': [10000000.0, 27.243896484375], '425_415': [0.0, 1002.0], '425_415_passing_MET': [0.0, 965.0], '425_415_failing_MET': [0.0, 37.0], '425_415_min_MET_pt': [10000000.0, 41.50773239135742], '425_410': [1781.0, 0.0], '425_410_passing_MET': [1723.0, 0.0], '425_410_failing_MET': [58.0, 0.0], '425_410_min_MET_pt': [10.85855484008789, 10000000.0], '425_405': [0.0, 940.0], '425_405_passing_MET': [0.0, 911.0], '425_405_failing_MET': [0.0, 29.0], '425_405_min_MET_pt': [10000000.0, 42.61717224121094], '425_400': [986.0, 915.0], '425_400_passing_MET': [0.0, 0.0], '425_400_failing_MET': [0.0, 0.0], '425_400_min_MET_pt': [10000000.0, 10000000.0], '425_395': [0.0, 0.0], '425_395_passing_MET': [0.0, 0.0], '425_395_failing_MET': [0.0, 0.0], '425_395_min_MET_pt': [10000000.0, 10000000.0], '450_440': [0.0, 2779.0], '450_440_passing_MET': [0.0, 2698.0], '450_440_failing_MET': [0.0, 81.0], '450_440_min_MET_pt': [10000000.0, 6.215978622436523], '450_435': [0.0, 903.0], '450_435_passing_MET': [0.0, 876.0], '450_435_failing_MET': [0.0, 27.0], '450_435_min_MET_pt': [10000000.0, 17.43511199951172], '450_430': [0.0, 1900.0], '450_430_passing_MET': [0.0, 1845.0], '450_430_failing_MET': [0.0, 55.0], '450_430_min_MET_pt': [10000000.0, 27.949039459228516], '450_425': [1005.0, 925.0], '450_425_passing_MET': [0.0, 0.0], '450_425_failing_MET': [0.0, 0.0], '450_425_min_MET_pt': [10000000.0, 10000000.0], '450_420': [982.0, 0.0], '450_420_passing_MET': [938.0, 0.0], '450_420_failing_MET': [44.0, 0.0], '450_420_min_MET_pt': [24.585086822509766, 10000000.0], '475_465': [896.0, 1859.0], '475_465_passing_MET': [0.0, 0.0], '475_465_failing_MET': [0.0, 0.0], '475_465_min_MET_pt': [10000000.0, 10000000.0], '475_460': [0.0, 0.0], '475_460_passing_MET': [0.0, 0.0], '475_460_failing_MET': [0.0, 0.0], '475_460_min_MET_pt': [10000000.0, 10000000.0], '475_455': [0.0, 0.0], '475_455_passing_MET': [0.0, 0.0], '475_455_failing_MET': [0.0, 0.0], '475_455_min_MET_pt': [10000000.0, 10000000.0], '475_450': [1004.0, 0.0], '475_450_passing_MET': [967.0, 0.0], '475_450_failing_MET': [37.0, 0.0], '475_450_min_MET_pt': [31.621057510375977, 10000000.0], '475_445': [0.0, 0.0], '475_445_passing_MET': [0.0, 0.0], '475_445_failing_MET': [0.0, 0.0], '475_445_min_MET_pt': [10000000.0, 10000000.0], '500_490': [980.0, 0.0], '500_490_passing_MET': [951.0, 0.0], '500_490_failing_MET': [29.0, 0.0], '500_490_min_MET_pt': [47.577362060546875, 10000000.0], '500_485': [966.0, 0.0], '500_485_passing_MET': [938.0, 0.0], '500_485_failing_MET': [28.0, 0.0], '500_485_min_MET_pt': [43.89390182495117, 10000000.0], '500_480': [0.0, 0.0], '500_480_passing_MET': [0.0, 0.0], '500_480_failing_MET': [0.0, 0.0], '500_480_min_MET_pt': [10000000.0, 10000000.0], '500_475': [0.0, 963.0], '500_475_passing_MET': [0.0, 928.0], '500_475_failing_MET': [0.0, 35.0], '500_475_min_MET_pt': [10000000.0, 33.9997673034668], '500_470': [0.0, 0.0], '500_470_passing_MET': [0.0, 0.0], '500_470_failing_MET': [0.0, 0.0], '500_470_min_MET_pt': [10000000.0, 10000000.0], '525_515': [0.0, 0.0], '525_515_passing_MET': [0.0, 0.0], '525_515_failing_MET': [0.0, 0.0], '525_515_min_MET_pt': [10000000.0, 10000000.0], '525_510': [0.0, 0.0], '525_510_passing_MET': [0.0, 0.0], '525_510_failing_MET': [0.0, 0.0], '525_510_min_MET_pt': [10000000.0, 10000000.0], '525_505': [0.0, 0.0], '525_505_passing_MET': [0.0, 0.0], '525_505_failing_MET': [0.0, 0.0], '525_505_min_MET_pt': [10000000.0, 10000000.0], '525_500': [0.0, 0.0], '525_500_passing_MET': [0.0, 0.0], '525_500_failing_MET': [0.0, 0.0], '525_500_min_MET_pt': [10000000.0, 10000000.0], '525_495': [0.0, 0.0], '525_495_passing_MET': [0.0, 0.0], '525_495_failing_MET': [0.0, 0.0], '525_495_min_MET_pt': [10000000.0, 10000000.0], '550_540': [1000.0, 1954.0], '550_540_passing_MET': [0.0, 0.0], '550_540_failing_MET': [0.0, 0.0], '550_540_min_MET_pt': [10000000.0, 10000000.0], '550_535': [0.0, 899.0], '550_535_passing_MET': [0.0, 870.0], '550_535_failing_MET': [0.0, 29.0], '550_535_min_MET_pt': [10000000.0, 36.740211486816406], '550_530': [2052.0, 0.0], '550_530_passing_MET': [1987.0, 0.0], '550_530_failing_MET': [65.0, 0.0], '550_530_min_MET_pt': [25.135435104370117, 10000000.0], '550_525': [0.0, 0.0], '550_525_passing_MET': [0.0, 0.0], '550_525_failing_MET': [0.0, 0.0], '550_525_min_MET_pt': [10000000.0, 10000000.0], '550_520': [1054.0, 0.0], '550_520_passing_MET': [1029.0, 0.0], '550_520_failing_MET': [25.0, 0.0], '550_520_min_MET_pt': [22.42739486694336, 10000000.0], '575_565': [0.0, 0.0], '575_565_passing_MET': [0.0, 0.0], '575_565_failing_MET': [0.0, 0.0], '575_565_min_MET_pt': [10000000.0, 10000000.0], '575_560': [0.0, 0.0], '575_560_passing_MET': [0.0, 0.0], '575_560_failing_MET': [0.0, 0.0], '575_560_min_MET_pt': [10000000.0, 10000000.0], '575_555': [0.0, 0.0], '575_555_passing_MET': [0.0, 0.0], '575_555_failing_MET': [0.0, 0.0], '575_555_min_MET_pt': [10000000.0, 10000000.0], '575_550': [0.0, 0.0], '575_550_passing_MET': [0.0, 0.0], '575_550_failing_MET': [0.0, 0.0], '575_550_min_MET_pt': [10000000.0, 10000000.0], '575_545': [0.0, 0.0], '575_545_passing_MET': [0.0, 0.0], '575_545_failing_MET': [0.0, 0.0], '575_545_min_MET_pt': [10000000.0, 10000000.0], '600_590': [0.0, 2126.0], '600_590_passing_MET': [0.0, 2075.0], '600_590_failing_MET': [0.0, 51.0], '600_590_min_MET_pt': [10000000.0, 31.534177780151367], '600_585': [0.0, 1795.0], '600_585_passing_MET': [0.0, 1746.0], '600_585_failing_MET': [0.0, 49.0], '600_585_min_MET_pt': [10000000.0, 23.147903442382812], '600_580': [0.0, 0.0], '600_580_passing_MET': [0.0, 0.0], '600_580_failing_MET': [0.0, 0.0], '600_580_min_MET_pt': [10000000.0, 10000000.0], '600_575': [0.0, 0.0], '600_575_passing_MET': [0.0, 0.0], '600_575_failing_MET': [0.0, 0.0], '600_575_min_MET_pt': [10000000.0, 10000000.0], '600_570': [0.0, 0.0], '600_570_passing_MET': [0.0, 0.0], '600_570_failing_MET': [0.0, 0.0], '600_570_min_MET_pt': [10000000.0, 10000000.0], '625_615': [0.0, 0.0], '625_615_passing_MET': [0.0, 0.0], '625_615_failing_MET': [0.0, 0.0], '625_615_min_MET_pt': [10000000.0, 10000000.0], '625_610': [0.0, 0.0], '625_610_passing_MET': [0.0, 0.0], '625_610_failing_MET': [0.0, 0.0], '625_610_min_MET_pt': [10000000.0, 10000000.0], '625_605': [0.0, 0.0], '625_605_passing_MET': [0.0, 0.0], '625_605_failing_MET': [0.0, 0.0], '625_605_min_MET_pt': [10000000.0, 10000000.0], '625_600': [0.0, 0.0], '625_600_passing_MET': [0.0, 0.0], '625_600_failing_MET': [0.0, 0.0], '625_600_min_MET_pt': [10000000.0, 10000000.0], '625_595': [0.0, 0.0], '625_595_passing_MET': [0.0, 0.0], '625_595_failing_MET': [0.0, 0.0], '625_595_min_MET_pt': [10000000.0, 10000000.0], '650_640': [3070.0, 0.0], '650_640_passing_MET': [2995.0, 0.0], '650_640_failing_MET': [75.0, 0.0], '650_640_min_MET_pt': [35.36761474609375, 10000000.0], '650_635': [1799.0, 948.0], '650_635_passing_MET': [0.0, 0.0], '650_635_failing_MET': [0.0, 0.0], '650_635_min_MET_pt': [10000000.0, 10000000.0], '650_630': [0.0, 0.0], '650_630_passing_MET': [0.0, 0.0], '650_630_failing_MET': [0.0, 0.0], '650_630_min_MET_pt': [10000000.0, 10000000.0], '650_625': [862.0, 917.0], '650_625_passing_MET': [0.0, 0.0], '650_625_failing_MET': [0.0, 0.0], '650_625_min_MET_pt': [10000000.0, 10000000.0], '650_620': [1095.0, 1082.0], '650_620_passing_MET': [0.0, 0.0], '650_620_failing_MET': [0.0, 0.0], '650_620_min_MET_pt': [10000000.0, 10000000.0], '675_665': [0.0, 0.0], '675_665_passing_MET': [0.0, 0.0], '675_665_failing_MET': [0.0, 0.0], '675_665_min_MET_pt': [10000000.0, 10000000.0], '675_660': [0.0, 0.0], '675_660_passing_MET': [0.0, 0.0], '675_660_failing_MET': [0.0, 0.0], '675_660_min_MET_pt': [10000000.0, 10000000.0], '675_655': [0.0, 0.0], '675_655_passing_MET': [0.0, 0.0], '675_655_failing_MET': [0.0, 0.0], '675_655_min_MET_pt': [10000000.0, 10000000.0], '675_650': [0.0, 0.0], '675_650_passing_MET': [0.0, 0.0], '675_650_failing_MET': [0.0, 0.0], '675_650_min_MET_pt': [10000000.0, 10000000.0], '675_645': [0.0, 0.0], '675_645_passing_MET': [0.0, 0.0], '675_645_failing_MET': [0.0, 0.0], '675_645_min_MET_pt': [10000000.0, 10000000.0], '700_690': [1035.0, 2090.0], '700_690_passing_MET': [0.0, 0.0], '700_690_failing_MET': [0.0, 0.0], '700_690_min_MET_pt': [10000000.0, 10000000.0], '700_685': [931.0, 0.0], '700_685_passing_MET': [902.0, 0.0], '700_685_failing_MET': [29.0, 0.0], '700_685_min_MET_pt': [25.827014923095703, 10000000.0], '700_680': [0.0, 0.0], '700_680_passing_MET': [0.0, 0.0], '700_680_failing_MET': [0.0, 0.0], '700_680_min_MET_pt': [10000000.0, 10000000.0], '700_675': [944.0, 0.0], '700_675_passing_MET': [921.0, 0.0], '700_675_failing_MET': [23.0, 0.0], '700_675_min_MET_pt': [45.71479415893555, 10000000.0], '700_670': [0.0, 0.0], '700_670_passing_MET': [0.0, 0.0], '700_670_failing_MET': [0.0, 0.0], '700_670_min_MET_pt': [10000000.0, 10000000.0], '725_715': [0.0, 0.0], '725_715_passing_MET': [0.0, 0.0], '725_715_failing_MET': [0.0, 0.0], '725_715_min_MET_pt': [10000000.0, 10000000.0], '725_710': [0.0, 0.0], '725_710_passing_MET': [0.0, 0.0], '725_710_failing_MET': [0.0, 0.0], '725_710_min_MET_pt': [10000000.0, 10000000.0], '725_705': [0.0, 0.0], '725_705_passing_MET': [0.0, 0.0], '725_705_failing_MET': [0.0, 0.0], '725_705_min_MET_pt': [10000000.0, 10000000.0], '725_700': [0.0, 0.0], '725_700_passing_MET': [0.0, 0.0], '725_700_failing_MET': [0.0, 0.0], '725_700_min_MET_pt': [10000000.0, 10000000.0], '725_695': [0.0, 0.0], '725_695_passing_MET': [0.0, 0.0], '725_695_failing_MET': [0.0, 0.0], '725_695_min_MET_pt': [10000000.0, 10000000.0], '750_740': [1120.0, 0.0], '750_740_passing_MET': [1101.0, 0.0], '750_740_failing_MET': [19.0, 0.0], '750_740_min_MET_pt': [57.30539321899414, 10000000.0], '750_735': [0.0, 976.0], '750_735_passing_MET': [0.0, 945.0], '750_735_failing_MET': [0.0, 31.0], '750_735_min_MET_pt': [10000000.0, 42.036014556884766], '750_730': [0.0, 0.0], '750_730_passing_MET': [0.0, 0.0], '750_730_failing_MET': [0.0, 0.0], '750_730_min_MET_pt': [10000000.0, 10000000.0], '750_725': [0.0, 1875.0], '750_725_passing_MET': [0.0, 1821.0], '750_725_failing_MET': [0.0, 54.0], '750_725_min_MET_pt': [10000000.0, 27.571340560913086], '750_720': [0.0, 0.0], '750_720_passing_MET': [0.0, 0.0], '750_720_failing_MET': [0.0, 0.0], '750_720_min_MET_pt': [10000000.0, 10000000.0], '775_765': [0.0, 0.0], '775_765_passing_MET': [0.0, 0.0], '775_765_failing_MET': [0.0, 0.0], '775_765_min_MET_pt': [10000000.0, 10000000.0], '775_760': [0.0, 0.0], '775_760_passing_MET': [0.0, 0.0], '775_760_failing_MET': [0.0, 0.0], '775_760_min_MET_pt': [10000000.0, 10000000.0], '775_755': [0.0, 0.0], '775_755_passing_MET': [0.0, 0.0], '775_755_failing_MET': [0.0, 0.0], '775_755_min_MET_pt': [10000000.0, 10000000.0], '775_750': [0.0, 0.0], '775_750_passing_MET': [0.0, 0.0], '775_750_failing_MET': [0.0, 0.0], '775_750_min_MET_pt': [10000000.0, 10000000.0], '775_745': [0.0, 0.0], '775_745_passing_MET': [0.0, 0.0], '775_745_failing_MET': [0.0, 0.0], '775_745_min_MET_pt': [10000000.0, 10000000.0], '800_790': [4278.0, 1060.0], '800_790_passing_MET': [0.0, 0.0], '800_790_failing_MET': [0.0, 0.0], '800_790_min_MET_pt': [10000000.0, 10000000.0], '800_785': [0.0, 967.0], '800_785_passing_MET': [0.0, 948.0], '800_785_failing_MET': [0.0, 19.0], '800_785_min_MET_pt': [10000000.0, 22.40223503112793], '800_780': [0.0, 0.0], '800_780_passing_MET': [0.0, 0.0], '800_780_failing_MET': [0.0, 0.0], '800_780_min_MET_pt': [10000000.0, 10000000.0], '800_775': [1937.0, 932.0], '800_775_passing_MET': [0.0, 0.0], '800_775_failing_MET': [0.0, 0.0], '800_775_min_MET_pt': [10000000.0, 10000000.0], '800_770': [0.0, 1117.0], '800_770_passing_MET': [0.0, 1090.0], '800_770_failing_MET': [0.0, 27.0], '800_770_min_MET_pt': [10000000.0, 19.076662063598633], '825_815': [0.0, 0.0], '825_815_passing_MET': [0.0, 0.0], '825_815_failing_MET': [0.0, 0.0], '825_815_min_MET_pt': [10000000.0, 10000000.0], '825_810': [0.0, 0.0], '825_810_passing_MET': [0.0, 0.0], '825_810_failing_MET': [0.0, 0.0], '825_810_min_MET_pt': [10000000.0, 10000000.0], '825_805': [0.0, 0.0], '825_805_passing_MET': [0.0, 0.0], '825_805_failing_MET': [0.0, 0.0], '825_805_min_MET_pt': [10000000.0, 10000000.0], '825_800': [0.0, 0.0], '825_800_passing_MET': [0.0, 0.0], '825_800_failing_MET': [0.0, 0.0], '825_800_min_MET_pt': [10000000.0, 10000000.0], '825_795': [0.0, 0.0], '825_795_passing_MET': [0.0, 0.0], '825_795_failing_MET': [0.0, 0.0], '825_795_min_MET_pt': [10000000.0, 10000000.0], '850_840': [2142.0, 1104.0], '850_840_passing_MET': [0.0, 0.0], '850_840_failing_MET': [0.0, 0.0], '850_840_min_MET_pt': [10000000.0, 10000000.0], '850_835': [0.0, 928.0], '850_835_passing_MET': [0.0, 903.0], '850_835_failing_MET': [0.0, 25.0], '850_835_min_MET_pt': [10000000.0, 24.227506637573242], '850_830': [0.0, 0.0], '850_830_passing_MET': [0.0, 0.0], '850_830_failing_MET': [0.0, 0.0], '850_830_min_MET_pt': [10000000.0, 10000000.0], '850_825': [973.0, 0.0], '850_825_passing_MET': [948.0, 0.0], '850_825_failing_MET': [25.0, 0.0], '850_825_min_MET_pt': [41.68976974487305, 10000000.0], '850_820': [0.0, 0.0], '850_820_passing_MET': [0.0, 0.0], '850_820_failing_MET': [0.0, 0.0], '850_820_min_MET_pt': [10000000.0, 10000000.0], '875_865': [0.0, 0.0], '875_865_passing_MET': [0.0, 0.0], '875_865_failing_MET': [0.0, 0.0], '875_865_min_MET_pt': [10000000.0, 10000000.0], '875_860': [0.0, 0.0], '875_860_passing_MET': [0.0, 0.0], '875_860_failing_MET': [0.0, 0.0], '875_860_min_MET_pt': [10000000.0, 10000000.0], '875_855': [0.0, 0.0], '875_855_passing_MET': [0.0, 0.0], '875_855_failing_MET': [0.0, 0.0], '875_855_min_MET_pt': [10000000.0, 10000000.0], '875_850': [0.0, 0.0], '875_850_passing_MET': [0.0, 0.0], '875_850_failing_MET': [0.0, 0.0], '875_850_min_MET_pt': [10000000.0, 10000000.0], '875_845': [0.0, 0.0], '875_845_passing_MET': [0.0, 0.0], '875_845_failing_MET': [0.0, 0.0], '875_845_min_MET_pt': [10000000.0, 10000000.0], '900_890': [2193.0, 1080.0], '900_890_passing_MET': [0.0, 0.0], '900_890_failing_MET': [0.0, 0.0], '900_890_min_MET_pt': [10000000.0, 10000000.0], '900_885': [0.0, 0.0], '900_885_passing_MET': [0.0, 0.0], '900_885_failing_MET': [0.0, 0.0], '900_885_min_MET_pt': [10000000.0, 10000000.0], '900_880': [2332.0, 0.0], '900_880_passing_MET': [2283.0, 0.0], '900_880_failing_MET': [49.0, 0.0], '900_880_min_MET_pt': [9.947845458984375, 10000000.0], '900_875': [1006.0, 0.0], '900_875_passing_MET': [982.0, 0.0], '900_875_failing_MET': [24.0, 0.0], '900_875_min_MET_pt': [50.56877517700195, 10000000.0], '900_870': [1209.0, 1158.0], '900_870_passing_MET': [0.0, 0.0], '900_870_failing_MET': [0.0, 0.0], '900_870_min_MET_pt': [10000000.0, 10000000.0], '925_915': [0.0, 0.0], '925_915_passing_MET': [0.0, 0.0], '925_915_failing_MET': [0.0, 0.0], '925_915_min_MET_pt': [10000000.0, 10000000.0], '925_910': [0.0, 0.0], '925_910_passing_MET': [0.0, 0.0], '925_910_failing_MET': [0.0, 0.0], '925_910_min_MET_pt': [10000000.0, 10000000.0], '925_905': [0.0, 0.0], '925_905_passing_MET': [0.0, 0.0], '925_905_failing_MET': [0.0, 0.0], '925_905_min_MET_pt': [10000000.0, 10000000.0], '925_900': [0.0, 0.0], '925_900_passing_MET': [0.0, 0.0], '925_900_failing_MET': [0.0, 0.0], '925_900_min_MET_pt': [10000000.0, 10000000.0], '925_895': [0.0, 0.0], '925_895_passing_MET': [0.0, 0.0], '925_895_failing_MET': [0.0, 0.0], '925_895_min_MET_pt': [10000000.0, 10000000.0], '950_940': [2233.0, 2237.0], '950_940_passing_MET': [0.0, 0.0], '950_940_failing_MET': [0.0, 0.0], '950_940_min_MET_pt': [10000000.0, 10000000.0], '950_935': [958.0, 0.0], '950_935_passing_MET': [946.0, 0.0], '950_935_failing_MET': [12.0, 0.0], '950_935_min_MET_pt': [56.49964141845703, 10000000.0], '950_930': [0.0, 0.0], '950_930_passing_MET': [0.0, 0.0], '950_930_failing_MET': [0.0, 0.0], '950_930_min_MET_pt': [10000000.0, 10000000.0], '950_925': [991.0, 997.0], '950_925_passing_MET': [0.0, 0.0], '950_925_failing_MET': [0.0, 0.0], '950_925_min_MET_pt': [10000000.0, 10000000.0], '950_920': [1156.0, 0.0], '950_920_passing_MET': [1127.0, 0.0], '950_920_failing_MET': [29.0, 0.0], '950_920_min_MET_pt': [28.307823181152344, 10000000.0], '975_965': [0.0, 0.0], '975_965_passing_MET': [0.0, 0.0], '975_965_failing_MET': [0.0, 0.0], '975_965_min_MET_pt': [10000000.0, 10000000.0], '975_960': [0.0, 0.0], '975_960_passing_MET': [0.0, 0.0], '975_960_failing_MET': [0.0, 0.0], '975_960_min_MET_pt': [10000000.0, 10000000.0], '975_955': [0.0, 0.0], '975_955_passing_MET': [0.0, 0.0], '975_955_failing_MET': [0.0, 0.0], '975_955_min_MET_pt': [10000000.0, 10000000.0], '975_950': [0.0, 0.0], '975_950_passing_MET': [0.0, 0.0], '975_950_failing_MET': [0.0, 0.0], '975_950_min_MET_pt': [10000000.0, 10000000.0], '975_945': [0.0, 0.0], '975_945_passing_MET': [0.0, 0.0], '975_945_failing_MET': [0.0, 0.0], '975_945_min_MET_pt': [10000000.0, 10000000.0], '1000_990': [1138.0, 1158.0], '1000_990_passing_MET': [0.0, 0.0], '1000_990_failing_MET': [0.0, 0.0], '1000_990_min_MET_pt': [10000000.0, 10000000.0], '1000_985': [0.0, 1022.0], '1000_985_passing_MET': [0.0, 1005.0], '1000_985_failing_MET': [0.0, 17.0], '1000_985_min_MET_pt': [10000000.0, 43.911781311035156], '1000_980': [1196.0, 0.0], '1000_980_passing_MET': [1166.0, 0.0], '1000_980_failing_MET': [30.0, 0.0], '1000_980_min_MET_pt': [57.30086135864258, 10000000.0], '1000_975': [0.0, 0.0], '1000_975_passing_MET': [0.0, 0.0], '1000_975_failing_MET': [0.0, 0.0], '1000_975_min_MET_pt': [10000000.0, 10000000.0], '1000_970': [0.0, 0.0], '1000_970_passing_MET': [0.0, 0.0], '1000_970_failing_MET': [0.0, 0.0], '1000_970_min_MET_pt': [10000000.0, 10000000.0], '1025_1015': [0.0, 0.0], '1025_1015_passing_MET': [0.0, 0.0], '1025_1015_failing_MET': [0.0, 0.0], '1025_1015_min_MET_pt': [10000000.0, 10000000.0], '1025_1010': [0.0, 0.0], '1025_1010_passing_MET': [0.0, 0.0], '1025_1010_failing_MET': [0.0, 0.0], '1025_1010_min_MET_pt': [10000000.0, 10000000.0], '1025_1005': [0.0, 0.0], '1025_1005_passing_MET': [0.0, 0.0], '1025_1005_failing_MET': [0.0, 0.0], '1025_1005_min_MET_pt': [10000000.0, 10000000.0], '1025_1000': [0.0, 0.0], '1025_1000_passing_MET': [0.0, 0.0], '1025_1000_failing_MET': [0.0, 0.0], '1025_1000_min_MET_pt': [10000000.0, 10000000.0], '1025_995': [0.0, 0.0], '1025_995_passing_MET': [0.0, 0.0], '1025_995_failing_MET': [0.0, 0.0], '1025_995_min_MET_pt': [10000000.0, 10000000.0], '1050_1040': [0.0, 0.0], '1050_1040_passing_MET': [0.0, 0.0], '1050_1040_failing_MET': [0.0, 0.0], '1050_1040_min_MET_pt': [10000000.0, 10000000.0], '1050_1035': [0.0, 0.0], '1050_1035_passing_MET': [0.0, 0.0], '1050_1035_failing_MET': [0.0, 0.0], '1050_1035_min_MET_pt': [10000000.0, 10000000.0], '1050_1030': [0.0, 0.0], '1050_1030_passing_MET': [0.0, 0.0], '1050_1030_failing_MET': [0.0, 0.0], '1050_1030_min_MET_pt': [10000000.0, 10000000.0], '1050_1025': [0.0, 0.0], '1050_1025_passing_MET': [0.0, 0.0], '1050_1025_failing_MET': [0.0, 0.0], '1050_1025_min_MET_pt': [10000000.0, 10000000.0], '1050_1020': [0.0, 0.0], '1050_1020_passing_MET': [0.0, 0.0], '1050_1020_failing_MET': [0.0, 0.0], '1050_1020_min_MET_pt': [10000000.0, 10000000.0], '1075_1065': [0.0, 0.0], '1075_1065_passing_MET': [0.0, 0.0], '1075_1065_failing_MET': [0.0, 0.0], '1075_1065_min_MET_pt': [10000000.0, 10000000.0], '1075_1060': [0.0, 0.0], '1075_1060_passing_MET': [0.0, 0.0], '1075_1060_failing_MET': [0.0, 0.0], '1075_1060_min_MET_pt': [10000000.0, 10000000.0], '1075_1055': [0.0, 0.0], '1075_1055_passing_MET': [0.0, 0.0], '1075_1055_failing_MET': [0.0, 0.0], '1075_1055_min_MET_pt': [10000000.0, 10000000.0], '1075_1050': [0.0, 0.0], '1075_1050_passing_MET': [0.0, 0.0], '1075_1050_failing_MET': [0.0, 0.0], '1075_1050_min_MET_pt': [10000000.0, 10000000.0], '1075_1045': [0.0, 0.0], '1075_1045_passing_MET': [0.0, 0.0], '1075_1045_failing_MET': [0.0, 0.0], '1075_1045_min_MET_pt': [10000000.0, 10000000.0], '1100_1090': [0.0, 0.0], '1100_1090_passing_MET': [0.0, 0.0], '1100_1090_failing_MET': [0.0, 0.0], '1100_1090_min_MET_pt': [10000000.0, 10000000.0], '1100_1085': [0.0, 0.0], '1100_1085_passing_MET': [0.0, 0.0], '1100_1085_failing_MET': [0.0, 0.0], '1100_1085_min_MET_pt': [10000000.0, 10000000.0], '1100_1080': [0.0, 0.0], '1100_1080_passing_MET': [0.0, 0.0], '1100_1080_failing_MET': [0.0, 0.0], '1100_1080_min_MET_pt': [10000000.0, 10000000.0], '1100_1075': [0.0, 0.0], '1100_1075_passing_MET': [0.0, 0.0], '1100_1075_failing_MET': [0.0, 0.0], '1100_1075_min_MET_pt': [10000000.0, 10000000.0], '1100_1070': [0.0, 0.0], '1100_1070_passing_MET': [0.0, 0.0], '1100_1070_failing_MET': [0.0, 0.0], '1100_1070_min_MET_pt': [10000000.0, 10000000.0], 'nEventsTotal': 193104.0, 'strange masspoints': 0.0, 'orphans': 0.0, 'R-hadron event': 0.0, 'different stop antistop masses': 0.0, 'strange error': 0.0, 'strange event': 0.0, 'different neutralino masses': 17107.0, 'large differences': 0.0, '750_736': [0.0, 131.0], '750_736_passing_MET': [0.0, 128.0], '750_736_failing_MET': [0.0, 3.0], '750_736_min_MET_pt': [10000000.0, 80.75511932373047], '926_916': [0.0, 298.0], '926_916_passing_MET': [0.0, 291.0], '926_916_failing_MET': [0.0, 7.0], '926_916_min_MET_pt': [10000000.0, 47.084842681884766], '926_915': [0.0, 3025.0], '926_915_passing_MET': [0.0, 2961.0], '926_915_failing_MET': [0.0, 64.0], '926_915_min_MET_pt': [10000000.0, 0.78001868724823], '926_895': [0.0, 1021.0], '926_895_passing_MET': [0.0, 992.0], '926_895_failing_MET': [0.0, 29.0], '926_895_min_MET_pt': [10000000.0, 36.05286407470703], '926_896': [0.0, 202.0], '926_896_passing_MET': [0.0, 194.0], '926_896_failing_MET': [0.0, 8.0], '926_896_min_MET_pt': [10000000.0, 40.899845123291016], '876_845': [2970.0, 0.0], '876_845_passing_MET': [2888.0, 0.0], '876_845_failing_MET': [82.0, 0.0], '876_845_min_MET_pt': [5.441815376281738, 10000000.0], '876_846': [613.0, 0.0], '876_846_passing_MET': [591.0, 0.0], '876_846_failing_MET': [22.0, 0.0], '876_846_min_MET_pt': [26.664440155029297, 10000000.0], '576_565': [874.0, 1768.0], '576_565_passing_MET': [849.0, 1718.0], '576_565_failing_MET': [25.0, 50.0], '576_565_min_MET_pt': [19.878049850463867, 14.117655754089355], '576_566': [90.0, 192.0], '576_566_passing_MET': [86.0, 186.0], '576_566_failing_MET': [4.0, 6.0], '576_566_min_MET_pt': [73.46414184570312, 56.69468688964844], '600_586': [0.0, 254.0], '600_586_passing_MET': [0.0, 246.0], '600_586_failing_MET': [0.0, 8.0], '600_586_min_MET_pt': [10000000.0, 46.36067581176758], '1052_1025': [1006.0, 0.0], '1052_1025_passing_MET': [988.0, 0.0], '1052_1025_failing_MET': [18.0, 0.0], '1052_1025_min_MET_pt': [53.48534393310547, 10000000.0], '1052_1024': [182.0, 0.0], '1052_1024_passing_MET': [176.0, 0.0], '1052_1024_failing_MET': [6.0, 0.0], '1052_1024_min_MET_pt': [37.554256439208984, 10000000.0], '800_786': [0.0, 146.0], '800_786_passing_MET': [0.0, 139.0], '800_786_failing_MET': [0.0, 7.0], '800_786_min_MET_pt': [10000000.0, 43.768619537353516], '700_676': [184.0, 0.0], '700_676_passing_MET': [179.0, 0.0], '700_676_failing_MET': [5.0, 0.0], '700_676_min_MET_pt': [74.477294921875, 10000000.0], '800_776': [344.0, 185.0], '800_776_passing_MET': [334.0, 179.0], '800_776_failing_MET': [10.0, 6.0], '800_776_min_MET_pt': [50.09088134765625, 57.023895263671875], '776_760': [1051.0, 0.0], '776_760_passing_MET': [1024.0, 0.0], '776_760_failing_MET': [27.0, 0.0], '776_760_min_MET_pt': [24.732337951660156, 10000000.0], '1024_1015': [2121.0, 1031.0], '1024_1015_passing_MET': [2067.0, 1020.0], '1024_1015_failing_MET': [54.0, 11.0], '1024_1015_min_MET_pt': [31.59232521057129, 49.96530532836914], '1024_1016': [209.0, 111.0], '1024_1016_passing_MET': [206.0, 109.0], '1024_1016_failing_MET': [3.0, 2.0], '1024_1016_min_MET_pt': [70.0321044921875, 95.47178649902344], '1076_1055': [0.0, 2021.0], '1076_1055_passing_MET': [0.0, 1967.0], '1076_1055_failing_MET': [0.0, 54.0], '1076_1055_min_MET_pt': [10000000.0, 39.74458312988281], '1076_1056': [0.0, 312.0], '1076_1056_passing_MET': [0.0, 305.0], '1076_1056_failing_MET': [0.0, 7.0], '1076_1056_min_MET_pt': [10000000.0, 47.298946380615234], '626_600': [2116.0, 0.0], '626_600_passing_MET': [2040.0, 0.0], '626_600_failing_MET': [76.0, 0.0], '626_600_min_MET_pt': [21.01009178161621, 10000000.0], '750_726': [0.0, 330.0], '750_726_passing_MET': [0.0, 315.0], '750_726_failing_MET': [0.0, 15.0], '750_726_min_MET_pt': [10000000.0, 46.38309097290039], '726_696': [0.0, 178.0], '726_696_passing_MET': [0.0, 173.0], '726_696_failing_MET': [0.0, 5.0], '726_696_min_MET_pt': [10000000.0, 14.776325225830078], '726_695': [0.0, 940.0], '726_695_passing_MET': [0.0, 911.0], '726_695_failing_MET': [0.0, 29.0], '726_695_min_MET_pt': [10000000.0, 23.77752113342285], '850_836': [0.0, 147.0], '850_836_passing_MET': [0.0, 141.0], '850_836_failing_MET': [0.0, 6.0], '850_836_min_MET_pt': [10000000.0, 36.803184509277344], '876_850': [1136.0, 0.0], '876_850_passing_MET': [1111.0, 0.0], '876_850_failing_MET': [25.0, 0.0], '876_850_min_MET_pt': [25.02056884765625, 10000000.0], '726_715': [997.0, 892.0], '726_715_passing_MET': [973.0, 869.0], '726_715_failing_MET': [24.0, 23.0], '726_715_min_MET_pt': [48.0746955871582, 48.57349395751953], '726_716': [97.0, 96.0], '726_716_passing_MET': [93.0, 95.0], '726_716_failing_MET': [4.0, 1.0], '726_716_min_MET_pt': [67.11921691894531, 98.76338958740234], '826_795': [0.0, 948.0], '826_795_passing_MET': [0.0, 925.0], '826_795_failing_MET': [0.0, 23.0], '826_795_min_MET_pt': [10000000.0, 45.7266845703125], '826_796': [0.0, 186.0], '826_796_passing_MET': [0.0, 181.0], '826_796_failing_MET': [0.0, 5.0], '826_796_min_MET_pt': [10000000.0, 89.33375549316406], '1024_1005': [0.0, 2024.0], '1024_1005_passing_MET': [0.0, 1980.0], '1024_1005_failing_MET': [0.0, 44.0], '1024_1005_min_MET_pt': [10000000.0, 21.17922019958496], '1024_1006': [0.0, 352.0], '1024_1006_passing_MET': [0.0, 349.0], '1024_1006_failing_MET': [0.0, 3.0], '1024_1006_min_MET_pt': [10000000.0, 62.083953857421875], '650_626': [149.0, 167.0], '650_626_passing_MET': [146.0, 164.0], '650_626_failing_MET': [3.0, 3.0], '650_626_min_MET_pt': [74.14363861083984, 57.116355895996094], '726_705': [943.0, 950.0], '726_705_passing_MET': [917.0, 933.0], '726_705_failing_MET': [26.0, 17.0], '726_705_min_MET_pt': [45.7337532043457, 29.523427963256836], '726_706': [131.0, 152.0], '726_706_passing_MET': [128.0, 147.0], '726_706_failing_MET': [3.0, 5.0], '726_706_min_MET_pt': [57.33721160888672, 74.85189056396484], '626_616': [170.0, 0.0], '626_616_passing_MET': [165.0, 0.0], '626_616_failing_MET': [5.0, 0.0], '626_616_min_MET_pt': [81.00582122802734, 10000000.0], '626_615': [1846.0, 0.0], '626_615_passing_MET': [1812.0, 0.0], '626_615_failing_MET': [34.0, 0.0], '626_615_min_MET_pt': [45.856449127197266, 10000000.0], '650_636': [251.0, 117.0], '650_636_passing_MET': [243.0, 113.0], '650_636_failing_MET': [8.0, 4.0], '650_636_min_MET_pt': [52.50617980957031, 54.206016540527344], '676_650': [1110.0, 1125.0], '676_650_passing_MET': [1079.0, 1086.0], '676_650_failing_MET': [31.0, 39.0], '676_650_min_MET_pt': [47.806827545166016, 3.046426296234131], '1076_1060': [1147.0, 0.0], '1076_1060_passing_MET': [1127.0, 0.0], '1076_1060_failing_MET': [20.0, 0.0], '1076_1060_min_MET_pt': [29.520742416381836, 10000000.0], '976_960': [0.0, 1146.0], '976_960_passing_MET': [0.0, 1126.0], '976_960_failing_MET': [0.0, 20.0], '976_960_min_MET_pt': [10000000.0, 30.117273330688477], '676_665': [1901.0, 948.0], '676_665_passing_MET': [1849.0, 926.0], '676_665_failing_MET': [52.0, 22.0], '676_665_min_MET_pt': [11.89492416381836, 42.973663330078125], '676_666': [176.0, 82.0], '676_666_passing_MET': [175.0, 79.0], '676_666_failing_MET': [1.0, 3.0], '676_666_min_MET_pt': [98.45248413085938, 30.14365577697754], '626_605': [854.0, 933.0], '626_605_passing_MET': [831.0, 900.0], '626_605_failing_MET': [23.0, 33.0], '626_605_min_MET_pt': [41.772762298583984, 54.71121597290039], '626_606': [163.0, 140.0], '626_606_passing_MET': [156.0, 137.0], '626_606_failing_MET': [7.0, 3.0], '626_606_min_MET_pt': [34.84095001220703, 32.938846588134766], '1052_1040': [2301.0, 1095.0], '1052_1040_passing_MET': [2247.0, 1072.0], '1052_1040_failing_MET': [54.0, 23.0], '1052_1040_min_MET_pt': [27.50042152404785, 42.429264068603516], '526_515': [848.0, 844.0], '526_515_passing_MET': [826.0, 818.0], '526_515_failing_MET': [22.0, 26.0], '526_515_min_MET_pt': [19.707639694213867, 31.777917861938477], '526_516': [90.0, 81.0], '526_516_passing_MET': [87.0, 79.0], '526_516_failing_MET': [3.0, 2.0], '526_516_min_MET_pt': [47.512996673583984, 73.95103454589844], '1000_986': [0.0, 131.0], '1000_986_passing_MET': [0.0, 125.0], '1000_986_failing_MET': [0.0, 6.0], '1000_986_min_MET_pt': [10000000.0, 66.43180847167969], '950_936': [136.0, 0.0], '950_936_passing_MET': [133.0, 0.0], '950_936_failing_MET': [3.0, 0.0], '950_936_min_MET_pt': [21.959779739379883, 10000000.0], '950_926': [175.0, 171.0], '950_926_passing_MET': [169.0, 166.0], '950_926_failing_MET': [6.0, 5.0], '950_926_min_MET_pt': [68.46511840820312, 63.44499969482422], '1024_996': [191.0, 0.0], '1024_996_passing_MET': [187.0, 0.0], '1024_996_failing_MET': [4.0, 0.0], '1024_996_min_MET_pt': [65.12859344482422, 10000000.0], '1024_995': [1006.0, 0.0], '1024_995_passing_MET': [978.0, 0.0], '1024_995_failing_MET': [28.0, 0.0], '1024_995_min_MET_pt': [39.218528747558594, 10000000.0], '976_955': [2016.0, 0.0], '976_955_passing_MET': [1964.0, 0.0], '976_955_failing_MET': [52.0, 0.0], '976_955_min_MET_pt': [40.534793853759766, 10000000.0], '976_956': [326.0, 0.0], '976_956_passing_MET': [322.0, 0.0], '976_956_failing_MET': [4.0, 0.0], '976_956_min_MET_pt': [63.83965301513672, 10000000.0], '576_555': [0.0, 903.0], '576_555_passing_MET': [0.0, 882.0], '576_555_failing_MET': [0.0, 21.0], '576_555_min_MET_pt': [10000000.0, 22.098506927490234], '576_556': [0.0, 151.0], '576_556_passing_MET': [0.0, 149.0], '576_556_failing_MET': [0.0, 2.0], '576_556_min_MET_pt': [10000000.0, 72.36116790771484], '976_946': [163.0, 0.0], '976_946_passing_MET': [156.0, 0.0], '976_946_failing_MET': [7.0, 0.0], '976_946_min_MET_pt': [40.99699020385742, 10000000.0], '976_945': [1018.0, 0.0], '976_945_passing_MET': [981.0, 0.0], '976_945_failing_MET': [37.0, 0.0], '976_945_min_MET_pt': [14.262208938598633, 10000000.0], '926_905': [1033.0, 0.0], '926_905_passing_MET': [1012.0, 0.0], '926_905_failing_MET': [21.0, 0.0], '926_905_min_MET_pt': [32.35264587402344, 10000000.0], '926_906': [175.0, 0.0], '926_906_passing_MET': [170.0, 0.0], '926_906_failing_MET': [5.0, 0.0], '926_906_min_MET_pt': [57.247459411621094, 10000000.0], '900_876': [182.0, 0.0], '900_876_passing_MET': [177.0, 0.0], '900_876_failing_MET': [5.0, 0.0], '900_876_min_MET_pt': [51.94850540161133, 10000000.0], '626_596': [0.0, 148.0], '626_596_passing_MET': [0.0, 144.0], '626_596_failing_MET': [0.0, 4.0], '626_596_min_MET_pt': [10000000.0, 70.04936981201172], '626_595': [0.0, 877.0], '626_595_passing_MET': [0.0, 840.0], '626_595_failing_MET': [0.0, 37.0], '626_595_min_MET_pt': [10000000.0, 36.84798049926758], '976_966': [0.0, 207.0], '976_966_passing_MET': [0.0, 203.0], '976_966_failing_MET': [0.0, 4.0], '976_966_min_MET_pt': [10000000.0, 82.01177978515625], '976_965': [0.0, 2010.0], '976_965_passing_MET': [0.0, 1962.0], '976_965_failing_MET': [0.0, 48.0], '976_965_min_MET_pt': [10000000.0, 10.518479347229004], '776_766': [94.0, 102.0], '776_766_passing_MET': [94.0, 100.0], '776_766_failing_MET': [0.0, 2.0], '776_766_min_MET_pt': [104.86646270751953, 69.65289306640625], '776_765': [950.0, 982.0], '776_765_passing_MET': [919.0, 959.0], '776_765_failing_MET': [31.0, 23.0], '776_765_min_MET_pt': [26.088762283325195, 44.73969650268555], '1076_1065': [0.0, 1039.0], '1076_1065_passing_MET': [0.0, 1008.0], '1076_1065_failing_MET': [0.0, 31.0], '1076_1065_min_MET_pt': [10000000.0, 21.149208068847656], '1076_1064': [0.0, 103.0], '1076_1064_passing_MET': [0.0, 99.0], '1076_1064_failing_MET': [0.0, 4.0], '1076_1064_min_MET_pt': [10000000.0, 73.78791046142578], '700_686': [125.0, 0.0], '700_686_passing_MET': [124.0, 0.0], '700_686_failing_MET': [1.0, 0.0], '700_686_min_MET_pt': [73.536376953125, 10000000.0], '876_855': [969.0, 0.0], '876_855_passing_MET': [950.0, 0.0], '876_855_failing_MET': [19.0, 0.0], '876_855_min_MET_pt': [34.015106201171875, 10000000.0], '876_856': [155.0, 0.0], '876_856_passing_MET': [148.0, 0.0], '876_856_failing_MET': [7.0, 0.0], '876_856_min_MET_pt': [46.95182418823242, 10000000.0], '550_536': [0.0, 131.0], '550_536_passing_MET': [0.0, 129.0], '550_536_failing_MET': [0.0, 2.0], '550_536_min_MET_pt': [10000000.0, 92.59852600097656], '576_550': [0.0, 980.0], '576_550_passing_MET': [0.0, 955.0], '576_550_failing_MET': [0.0, 25.0], '576_550_min_MET_pt': [10000000.0, 20.027320861816406], '850_826': [155.0, 0.0], '850_826_passing_MET': [149.0, 0.0], '850_826_failing_MET': [6.0, 0.0], '850_826_min_MET_pt': [44.158329010009766, 10000000.0], '576_545': [922.0, 0.0], '576_545_passing_MET': [897.0, 0.0], '576_545_failing_MET': [25.0, 0.0], '576_545_min_MET_pt': [47.86581039428711, 10000000.0], '576_546': [164.0, 0.0], '576_546_passing_MET': [157.0, 0.0], '576_546_failing_MET': [7.0, 0.0], '576_546_min_MET_pt': [71.93804931640625, 10000000.0], '926_900': [1127.0, 0.0], '926_900_passing_MET': [1091.0, 0.0], '926_900_failing_MET': [36.0, 0.0], '926_900_min_MET_pt': [26.02923583984375, 10000000.0]}
nevents_from_dict =  3610327441.596247
Results saved to /afs/cern.ch/work/m/mleoncoe/private/stop_met_check/outputs_2018/nanoAOD_257.json
done
