i am in this directory
/pool/condor/dir_3762118
Python 3.9.23
3.9.23
 will run this python stop_check_met_eff.py /eos/user/m/mleoncoe/stop_event_check/privateNanoAod2018/nanoAOD_617.root /afs/cern.ch/work/m/mleoncoe/private/stop_met_check/outputs_2018/nanoAOD_617.json
event num1000
event num2000
event num3000
event num4000
event num5000
event num6000
event num7000
event num8000
event num9000
event num10000
event num11000
event num12000
event num13000
event num14000
event num15000
event num16000
event num17000
event num18000
event num19000
event num20000
event num21000
event num22000
event num23000
event num24000
event num25000
event num26000
event num27000
event num28000
event num29000
event num30000
event num31000
event num32000
event num33000
event num34000
event num35000
event num36000
event num37000
event num38000
event num39000
event num40000
event num41000
event num42000
event num43000
event num44000
event num45000
event num46000
event num47000
event num48000
event num49000
event num50000
event num51000
event num52000
event num53000
event num54000
event num55000
event num56000
event num57000
event num58000
event num59000
event num60000
event num61000
event num62000
event num63000
event num64000
event num65000
event num66000
event num67000
event num68000
event num69000
event num70000
event num71000
event num72000
event num73000
event num74000
event num75000
event num76000
event num77000
event num78000
event num79000
event num80000
event num81000
event num82000
event num83000
event num84000
event num85000
event num86000
event num87000
event num88000
event num89000
event num90000
event num91000
event num92000
event num93000
event num94000
event num95000
event num96000
event num97000
event num98000
event num99000
event num100000
event num101000
event num102000
event num103000
event num104000
event num105000
event num106000
event num107000
event num108000
event num109000
event num110000
event num111000
event num112000
event num113000
event num114000
event num115000
event num116000
event num117000
event num118000
event num119000
event num120000
event num121000
event num122000
event num123000
event num124000
event num125000
event num126000
event num127000
event num128000
event num129000
event num130000
event num131000
event num132000
event num133000
event num134000
event num135000
event num136000
event num137000
event num138000
event num139000
event num140000
event num141000
event num142000
event num143000
event num144000
event num145000
event num146000
event num147000
event num148000
event num149000
event num150000
event num151000
event num152000
event num153000
event num154000
event num155000
event num156000
event num157000
{'250_240': [1295.0, 0.0], '250_240_passing_MET': [1234.0, 0.0], '250_240_failing_MET': [61.0, 0.0], '250_240_min_MET_pt': [27.844547271728516, 10000000.0], '250_235': [0.0, 680.0], '250_235_passing_MET': [0.0, 653.0], '250_235_failing_MET': [0.0, 27.0], '250_235_min_MET_pt': [10000000.0, 42.29745864868164], '250_230': [730.0, 0.0], '250_230_passing_MET': [693.0, 0.0], '250_230_failing_MET': [37.0, 0.0], '250_230_min_MET_pt': [16.46100616455078, 10000000.0], '250_225': [0.0, 0.0], '250_225_passing_MET': [0.0, 0.0], '250_225_failing_MET': [0.0, 0.0], '250_225_min_MET_pt': [10000000.0, 10000000.0], '250_220': [0.0, 0.0], '250_220_passing_MET': [0.0, 0.0], '250_220_failing_MET': [0.0, 0.0], '250_220_min_MET_pt': [10000000.0, 10000000.0], '275_265': [0.0, 1461.0], '275_265_passing_MET': [0.0, 1414.0], '275_265_failing_MET': [0.0, 47.0], '275_265_min_MET_pt': [10000000.0, 37.55594253540039], '275_260': [763.0, 0.0], '275_260_passing_MET': [730.0, 0.0], '275_260_failing_MET': [33.0, 0.0], '275_260_min_MET_pt': [23.16767120361328, 10000000.0], '275_255': [0.0, 0.0], '275_255_passing_MET': [0.0, 0.0], '275_255_failing_MET': [0.0, 0.0], '275_255_min_MET_pt': [10000000.0, 10000000.0], '275_250': [0.0, 746.0], '275_250_passing_MET': [0.0, 710.0], '275_250_failing_MET': [0.0, 36.0], '275_250_min_MET_pt': [10000000.0, 24.07680892944336], '275_245': [813.0, 781.0], '275_245_passing_MET': [0.0, 0.0], '275_245_failing_MET': [0.0, 0.0], '275_245_min_MET_pt': [10000000.0, 10000000.0], '300_290': [3962.0, 744.0], '300_290_passing_MET': [0.0, 0.0], '300_290_failing_MET': [0.0, 0.0], '300_290_min_MET_pt': [10000000.0, 10000000.0], '300_285': [0.0, 0.0], '300_285_passing_MET': [0.0, 0.0], '300_285_failing_MET': [0.0, 0.0], '300_285_min_MET_pt': [10000000.0, 10000000.0], '300_280': [0.0, 0.0], '300_280_passing_MET': [0.0, 0.0], '300_280_failing_MET': [0.0, 0.0], '300_280_min_MET_pt': [10000000.0, 10000000.0], '300_275': [0.0, 0.0], '300_275_passing_MET': [0.0, 0.0], '300_275_failing_MET': [0.0, 0.0], '300_275_min_MET_pt': [10000000.0, 10000000.0], '300_270': [877.0, 0.0], '300_270_passing_MET': [819.0, 0.0], '300_270_failing_MET': [58.0, 0.0], '300_270_min_MET_pt': [17.926681518554688, 10000000.0], '325_315': [801.0, 867.0], '325_315_passing_MET': [0.0, 0.0], '325_315_failing_MET': [0.0, 0.0], '325_315_min_MET_pt': [10000000.0, 10000000.0], '325_310': [1626.0, 0.0], '325_310_passing_MET': [1565.0, 0.0], '325_310_failing_MET': [61.0, 0.0], '325_310_min_MET_pt': [31.63652229309082, 10000000.0], '325_305': [1675.0, 0.0], '325_305_passing_MET': [1611.0, 0.0], '325_305_failing_MET': [64.0, 0.0], '325_305_min_MET_pt': [6.008362770080566, 10000000.0], '325_300': [0.0, 0.0], '325_300_passing_MET': [0.0, 0.0], '325_300_failing_MET': [0.0, 0.0], '325_300_min_MET_pt': [10000000.0, 10000000.0], '325_295': [0.0, 1811.0], '325_295_passing_MET': [0.0, 1714.0], '325_295_failing_MET': [0.0, 97.0], '325_295_min_MET_pt': [10000000.0, 37.68985366821289], '350_340': [1693.0, 792.0], '350_340_passing_MET': [0.0, 0.0], '350_340_failing_MET': [0.0, 0.0], '350_340_min_MET_pt': [10000000.0, 10000000.0], '350_335': [0.0, 0.0], '350_335_passing_MET': [0.0, 0.0], '350_335_failing_MET': [0.0, 0.0], '350_335_min_MET_pt': [10000000.0, 10000000.0], '350_330': [0.0, 0.0], '350_330_passing_MET': [0.0, 0.0], '350_330_failing_MET': [0.0, 0.0], '350_330_min_MET_pt': [10000000.0, 10000000.0], '350_325': [0.0, 896.0], '350_325_passing_MET': [0.0, 858.0], '350_325_failing_MET': [0.0, 38.0], '350_325_min_MET_pt': [10000000.0, 29.867584228515625], '350_320': [899.0, 0.0], '350_320_passing_MET': [855.0, 0.0], '350_320_failing_MET': [44.0, 0.0], '350_320_min_MET_pt': [34.669883728027344, 10000000.0], '375_365': [0.0, 0.0], '375_365_passing_MET': [0.0, 0.0], '375_365_failing_MET': [0.0, 0.0], '375_365_min_MET_pt': [10000000.0, 10000000.0], '375_360': [0.0, 0.0], '375_360_passing_MET': [0.0, 0.0], '375_360_failing_MET': [0.0, 0.0], '375_360_min_MET_pt': [10000000.0, 10000000.0], '375_355': [0.0, 903.0], '375_355_passing_MET': [0.0, 878.0], '375_355_failing_MET': [0.0, 25.0], '375_355_min_MET_pt': [10000000.0, 24.324296951293945], '375_350': [0.0, 0.0], '375_350_passing_MET': [0.0, 0.0], '375_350_failing_MET': [0.0, 0.0], '375_350_min_MET_pt': [10000000.0, 10000000.0], '375_345': [0.0, 911.0], '375_345_passing_MET': [0.0, 878.0], '375_345_failing_MET': [0.0, 33.0], '375_345_min_MET_pt': [10000000.0, 34.72097396850586], '400_390': [856.0, 861.0], '400_390_passing_MET': [0.0, 0.0], '400_390_failing_MET': [0.0, 0.0], '400_390_min_MET_pt': [10000000.0, 10000000.0], '400_385': [903.0, 1796.0], '400_385_passing_MET': [0.0, 0.0], '400_385_failing_MET': [0.0, 0.0], '400_385_min_MET_pt': [10000000.0, 10000000.0], '400_380': [0.0, 917.0], '400_380_passing_MET': [0.0, 879.0], '400_380_failing_MET': [0.0, 38.0], '400_380_min_MET_pt': [10000000.0, 16.05433464050293], '400_375': [0.0, 904.0], '400_375_passing_MET': [0.0, 869.0], '400_375_failing_MET': [0.0, 35.0], '400_375_min_MET_pt': [10000000.0, 7.08418083190918], '400_370': [0.0, 0.0], '400_370_passing_MET': [0.0, 0.0], '400_370_failing_MET': [0.0, 0.0], '400_370_min_MET_pt': [10000000.0, 10000000.0], '425_415': [1801.0, 2738.0], '425_415_passing_MET': [0.0, 0.0], '425_415_failing_MET': [0.0, 0.0], '425_415_min_MET_pt': [10000000.0, 10000000.0], '425_410': [0.0, 0.0], '425_410_passing_MET': [0.0, 0.0], '425_410_failing_MET': [0.0, 0.0], '425_410_min_MET_pt': [10000000.0, 10000000.0], '425_405': [0.0, 0.0], '425_405_passing_MET': [0.0, 0.0], '425_405_failing_MET': [0.0, 0.0], '425_405_min_MET_pt': [10000000.0, 10000000.0], '425_400': [0.0, 0.0], '425_400_passing_MET': [0.0, 0.0], '425_400_failing_MET': [0.0, 0.0], '425_400_min_MET_pt': [10000000.0, 10000000.0], '425_395': [953.0, 0.0], '425_395_passing_MET': [912.0, 0.0], '425_395_failing_MET': [41.0, 0.0], '425_395_min_MET_pt': [27.37877082824707, 10000000.0], '450_440': [0.0, 925.0], '450_440_passing_MET': [0.0, 899.0], '450_440_failing_MET': [0.0, 26.0], '450_440_min_MET_pt': [10000000.0, 57.21757125854492], '450_435': [926.0, 0.0], '450_435_passing_MET': [896.0, 0.0], '450_435_failing_MET': [30.0, 0.0], '450_435_min_MET_pt': [27.843063354492188, 10000000.0], '450_430': [0.0, 0.0], '450_430_passing_MET': [0.0, 0.0], '450_430_failing_MET': [0.0, 0.0], '450_430_min_MET_pt': [10000000.0, 10000000.0], '450_425': [0.0, 0.0], '450_425_passing_MET': [0.0, 0.0], '450_425_failing_MET': [0.0, 0.0], '450_425_min_MET_pt': [10000000.0, 10000000.0], '450_420': [918.0, 1003.0], '450_420_passing_MET': [0.0, 0.0], '450_420_failing_MET': [0.0, 0.0], '450_420_min_MET_pt': [10000000.0, 10000000.0], '475_465': [926.0, 2693.0], '475_465_passing_MET': [0.0, 0.0], '475_465_failing_MET': [0.0, 0.0], '475_465_min_MET_pt': [10000000.0, 10000000.0], '475_460': [0.0, 954.0], '475_460_passing_MET': [0.0, 928.0], '475_460_failing_MET': [0.0, 26.0], '475_460_min_MET_pt': [10000000.0, 20.492414474487305], '475_455': [0.0, 1904.0], '475_455_passing_MET': [0.0, 1844.0], '475_455_failing_MET': [0.0, 60.0], '475_455_min_MET_pt': [10000000.0, 9.779172897338867], '475_450': [0.0, 0.0], '475_450_passing_MET': [0.0, 0.0], '475_450_failing_MET': [0.0, 0.0], '475_450_min_MET_pt': [10000000.0, 10000000.0], '475_445': [0.0, 0.0], '475_445_passing_MET': [0.0, 0.0], '475_445_failing_MET': [0.0, 0.0], '475_445_min_MET_pt': [10000000.0, 10000000.0], '500_490': [0.0, 1794.0], '500_490_passing_MET': [0.0, 1743.0], '500_490_failing_MET': [0.0, 51.0], '500_490_min_MET_pt': [10000000.0, 26.829565048217773], '500_485': [0.0, 0.0], '500_485_passing_MET': [0.0, 0.0], '500_485_failing_MET': [0.0, 0.0], '500_485_min_MET_pt': [10000000.0, 10000000.0], '500_480': [0.0, 0.0], '500_480_passing_MET': [0.0, 0.0], '500_480_failing_MET': [0.0, 0.0], '500_480_min_MET_pt': [10000000.0, 10000000.0], '500_475': [1006.0, 1041.0], '500_475_passing_MET': [0.0, 0.0], '500_475_failing_MET': [0.0, 0.0], '500_475_min_MET_pt': [10000000.0, 10000000.0], '500_470': [0.0, 0.0], '500_470_passing_MET': [0.0, 0.0], '500_470_failing_MET': [0.0, 0.0], '500_470_min_MET_pt': [10000000.0, 10000000.0], '525_515': [0.0, 0.0], '525_515_passing_MET': [0.0, 0.0], '525_515_failing_MET': [0.0, 0.0], '525_515_min_MET_pt': [10000000.0, 10000000.0], '525_510': [0.0, 0.0], '525_510_passing_MET': [0.0, 0.0], '525_510_failing_MET': [0.0, 0.0], '525_510_min_MET_pt': [10000000.0, 10000000.0], '525_505': [0.0, 0.0], '525_505_passing_MET': [0.0, 0.0], '525_505_failing_MET': [0.0, 0.0], '525_505_min_MET_pt': [10000000.0, 10000000.0], '525_500': [0.0, 0.0], '525_500_passing_MET': [0.0, 0.0], '525_500_failing_MET': [0.0, 0.0], '525_500_min_MET_pt': [10000000.0, 10000000.0], '525_495': [0.0, 0.0], '525_495_passing_MET': [0.0, 0.0], '525_495_failing_MET': [0.0, 0.0], '525_495_min_MET_pt': [10000000.0, 10000000.0], '550_540': [0.0, 1989.0], '550_540_passing_MET': [0.0, 1947.0], '550_540_failing_MET': [0.0, 42.0], '550_540_min_MET_pt': [10000000.0, 15.990326881408691], '550_535': [0.0, 864.0], '550_535_passing_MET': [0.0, 836.0], '550_535_failing_MET': [0.0, 28.0], '550_535_min_MET_pt': [10000000.0, 7.081514835357666], '550_530': [992.0, 984.0], '550_530_passing_MET': [0.0, 0.0], '550_530_failing_MET': [0.0, 0.0], '550_530_min_MET_pt': [10000000.0, 10000000.0], '550_525': [0.0, 0.0], '550_525_passing_MET': [0.0, 0.0], '550_525_failing_MET': [0.0, 0.0], '550_525_min_MET_pt': [10000000.0, 10000000.0], '550_520': [0.0, 0.0], '550_520_passing_MET': [0.0, 0.0], '550_520_failing_MET': [0.0, 0.0], '550_520_min_MET_pt': [10000000.0, 10000000.0], '575_565': [0.0, 0.0], '575_565_passing_MET': [0.0, 0.0], '575_565_failing_MET': [0.0, 0.0], '575_565_min_MET_pt': [10000000.0, 10000000.0], '575_560': [0.0, 0.0], '575_560_passing_MET': [0.0, 0.0], '575_560_failing_MET': [0.0, 0.0], '575_560_min_MET_pt': [10000000.0, 10000000.0], '575_555': [0.0, 0.0], '575_555_passing_MET': [0.0, 0.0], '575_555_failing_MET': [0.0, 0.0], '575_555_min_MET_pt': [10000000.0, 10000000.0], '575_550': [0.0, 0.0], '575_550_passing_MET': [0.0, 0.0], '575_550_failing_MET': [0.0, 0.0], '575_550_min_MET_pt': [10000000.0, 10000000.0], '575_545': [0.0, 0.0], '575_545_passing_MET': [0.0, 0.0], '575_545_failing_MET': [0.0, 0.0], '575_545_min_MET_pt': [10000000.0, 10000000.0], '600_590': [1031.0, 2014.0], '600_590_passing_MET': [0.0, 0.0], '600_590_failing_MET': [0.0, 0.0], '600_590_min_MET_pt': [10000000.0, 10000000.0], '600_585': [864.0, 885.0], '600_585_passing_MET': [0.0, 0.0], '600_585_failing_MET': [0.0, 0.0], '600_585_min_MET_pt': [10000000.0, 10000000.0], '600_580': [0.0, 1041.0], '600_580_passing_MET': [0.0, 1004.0], '600_580_failing_MET': [0.0, 37.0], '600_580_min_MET_pt': [10000000.0, 13.33221435546875], '600_575': [0.0, 875.0], '600_575_passing_MET': [0.0, 838.0], '600_575_failing_MET': [0.0, 37.0], '600_575_min_MET_pt': [10000000.0, 31.26341438293457], '600_570': [0.0, 1090.0], '600_570_passing_MET': [0.0, 1040.0], '600_570_failing_MET': [0.0, 50.0], '600_570_min_MET_pt': [10000000.0, 25.72798728942871], '625_615': [0.0, 0.0], '625_615_passing_MET': [0.0, 0.0], '625_615_failing_MET': [0.0, 0.0], '625_615_min_MET_pt': [10000000.0, 10000000.0], '625_610': [0.0, 0.0], '625_610_passing_MET': [0.0, 0.0], '625_610_failing_MET': [0.0, 0.0], '625_610_min_MET_pt': [10000000.0, 10000000.0], '625_605': [0.0, 0.0], '625_605_passing_MET': [0.0, 0.0], '625_605_failing_MET': [0.0, 0.0], '625_605_min_MET_pt': [10000000.0, 10000000.0], '625_600': [0.0, 0.0], '625_600_passing_MET': [0.0, 0.0], '625_600_failing_MET': [0.0, 0.0], '625_600_min_MET_pt': [10000000.0, 10000000.0], '625_595': [0.0, 0.0], '625_595_passing_MET': [0.0, 0.0], '625_595_failing_MET': [0.0, 0.0], '625_595_min_MET_pt': [10000000.0, 10000000.0], '650_640': [0.0, 0.0], '650_640_passing_MET': [0.0, 0.0], '650_640_failing_MET': [0.0, 0.0], '650_640_min_MET_pt': [10000000.0, 10000000.0], '650_635': [0.0, 0.0], '650_635_passing_MET': [0.0, 0.0], '650_635_failing_MET': [0.0, 0.0], '650_635_min_MET_pt': [10000000.0, 10000000.0], '650_630': [1083.0, 0.0], '650_630_passing_MET': [1058.0, 0.0], '650_630_failing_MET': [25.0, 0.0], '650_630_min_MET_pt': [52.065460205078125, 10000000.0], '650_625': [863.0, 1874.0], '650_625_passing_MET': [0.0, 0.0], '650_625_failing_MET': [0.0, 0.0], '650_625_min_MET_pt': [10000000.0, 10000000.0], '650_620': [0.0, 0.0], '650_620_passing_MET': [0.0, 0.0], '650_620_failing_MET': [0.0, 0.0], '650_620_min_MET_pt': [10000000.0, 10000000.0], '675_665': [0.0, 0.0], '675_665_passing_MET': [0.0, 0.0], '675_665_failing_MET': [0.0, 0.0], '675_665_min_MET_pt': [10000000.0, 10000000.0], '675_660': [0.0, 0.0], '675_660_passing_MET': [0.0, 0.0], '675_660_failing_MET': [0.0, 0.0], '675_660_min_MET_pt': [10000000.0, 10000000.0], '675_655': [0.0, 0.0], '675_655_passing_MET': [0.0, 0.0], '675_655_failing_MET': [0.0, 0.0], '675_655_min_MET_pt': [10000000.0, 10000000.0], '675_650': [0.0, 0.0], '675_650_passing_MET': [0.0, 0.0], '675_650_failing_MET': [0.0, 0.0], '675_650_min_MET_pt': [10000000.0, 10000000.0], '675_645': [0.0, 0.0], '675_645_passing_MET': [0.0, 0.0], '675_645_failing_MET': [0.0, 0.0], '675_645_min_MET_pt': [10000000.0, 10000000.0], '700_690': [0.0, 0.0], '700_690_passing_MET': [0.0, 0.0], '700_690_failing_MET': [0.0, 0.0], '700_690_min_MET_pt': [10000000.0, 10000000.0], '700_685': [0.0, 0.0], '700_685_passing_MET': [0.0, 0.0], '700_685_failing_MET': [0.0, 0.0], '700_685_min_MET_pt': [10000000.0, 10000000.0], '700_680': [0.0, 0.0], '700_680_passing_MET': [0.0, 0.0], '700_680_failing_MET': [0.0, 0.0], '700_680_min_MET_pt': [10000000.0, 10000000.0], '700_675': [948.0, 949.0], '700_675_passing_MET': [0.0, 0.0], '700_675_failing_MET': [0.0, 0.0], '700_675_min_MET_pt': [10000000.0, 10000000.0], '700_670': [1112.0, 0.0], '700_670_passing_MET': [1073.0, 0.0], '700_670_failing_MET': [39.0, 0.0], '700_670_min_MET_pt': [44.75924301147461, 10000000.0], '725_715': [0.0, 0.0], '725_715_passing_MET': [0.0, 0.0], '725_715_failing_MET': [0.0, 0.0], '725_715_min_MET_pt': [10000000.0, 10000000.0], '725_710': [0.0, 0.0], '725_710_passing_MET': [0.0, 0.0], '725_710_failing_MET': [0.0, 0.0], '725_710_min_MET_pt': [10000000.0, 10000000.0], '725_705': [0.0, 0.0], '725_705_passing_MET': [0.0, 0.0], '725_705_failing_MET': [0.0, 0.0], '725_705_min_MET_pt': [10000000.0, 10000000.0], '725_700': [0.0, 0.0], '725_700_passing_MET': [0.0, 0.0], '725_700_failing_MET': [0.0, 0.0], '725_700_min_MET_pt': [10000000.0, 10000000.0], '725_695': [0.0, 0.0], '725_695_passing_MET': [0.0, 0.0], '725_695_failing_MET': [0.0, 0.0], '725_695_min_MET_pt': [10000000.0, 10000000.0], '750_740': [1027.0, 0.0], '750_740_passing_MET': [996.0, 0.0], '750_740_failing_MET': [31.0, 0.0], '750_740_min_MET_pt': [43.56614303588867, 10000000.0], '750_735': [904.0, 0.0], '750_735_passing_MET': [880.0, 0.0], '750_735_failing_MET': [24.0, 0.0], '750_735_min_MET_pt': [46.35886001586914, 10000000.0], '750_730': [0.0, 0.0], '750_730_passing_MET': [0.0, 0.0], '750_730_failing_MET': [0.0, 0.0], '750_730_min_MET_pt': [10000000.0, 10000000.0], '750_725': [0.0, 955.0], '750_725_passing_MET': [0.0, 924.0], '750_725_failing_MET': [0.0, 31.0], '750_725_min_MET_pt': [10000000.0, 22.04879379272461], '750_720': [1116.0, 1109.0], '750_720_passing_MET': [0.0, 0.0], '750_720_failing_MET': [0.0, 0.0], '750_720_min_MET_pt': [10000000.0, 10000000.0], '775_765': [0.0, 0.0], '775_765_passing_MET': [0.0, 0.0], '775_765_failing_MET': [0.0, 0.0], '775_765_min_MET_pt': [10000000.0, 10000000.0], '775_760': [0.0, 0.0], '775_760_passing_MET': [0.0, 0.0], '775_760_failing_MET': [0.0, 0.0], '775_760_min_MET_pt': [10000000.0, 10000000.0], '775_755': [0.0, 0.0], '775_755_passing_MET': [0.0, 0.0], '775_755_failing_MET': [0.0, 0.0], '775_755_min_MET_pt': [10000000.0, 10000000.0], '775_750': [0.0, 0.0], '775_750_passing_MET': [0.0, 0.0], '775_750_failing_MET': [0.0, 0.0], '775_750_min_MET_pt': [10000000.0, 10000000.0], '775_745': [0.0, 0.0], '775_745_passing_MET': [0.0, 0.0], '775_745_failing_MET': [0.0, 0.0], '775_745_min_MET_pt': [10000000.0, 10000000.0], '800_790': [1095.0, 2105.0], '800_790_passing_MET': [0.0, 0.0], '800_790_failing_MET': [0.0, 0.0], '800_790_min_MET_pt': [10000000.0, 10000000.0], '800_785': [0.0, 0.0], '800_785_passing_MET': [0.0, 0.0], '800_785_failing_MET': [0.0, 0.0], '800_785_min_MET_pt': [10000000.0, 10000000.0], '800_780': [0.0, 0.0], '800_780_passing_MET': [0.0, 0.0], '800_780_failing_MET': [0.0, 0.0], '800_780_min_MET_pt': [10000000.0, 10000000.0], '800_775': [0.0, 987.0], '800_775_passing_MET': [0.0, 959.0], '800_775_failing_MET': [0.0, 28.0], '800_775_min_MET_pt': [10000000.0, 47.67932891845703], '800_770': [0.0, 0.0], '800_770_passing_MET': [0.0, 0.0], '800_770_failing_MET': [0.0, 0.0], '800_770_min_MET_pt': [10000000.0, 10000000.0], '825_815': [0.0, 0.0], '825_815_passing_MET': [0.0, 0.0], '825_815_failing_MET': [0.0, 0.0], '825_815_min_MET_pt': [10000000.0, 10000000.0], '825_810': [0.0, 0.0], '825_810_passing_MET': [0.0, 0.0], '825_810_failing_MET': [0.0, 0.0], '825_810_min_MET_pt': [10000000.0, 10000000.0], '825_805': [0.0, 0.0], '825_805_passing_MET': [0.0, 0.0], '825_805_failing_MET': [0.0, 0.0], '825_805_min_MET_pt': [10000000.0, 10000000.0], '825_800': [0.0, 0.0], '825_800_passing_MET': [0.0, 0.0], '825_800_failing_MET': [0.0, 0.0], '825_800_min_MET_pt': [10000000.0, 10000000.0], '825_795': [0.0, 0.0], '825_795_passing_MET': [0.0, 0.0], '825_795_failing_MET': [0.0, 0.0], '825_795_min_MET_pt': [10000000.0, 10000000.0], '850_840': [0.0, 1049.0], '850_840_passing_MET': [0.0, 1029.0], '850_840_failing_MET': [0.0, 20.0], '850_840_min_MET_pt': [10000000.0, 37.85218048095703], '850_835': [0.0, 0.0], '850_835_passing_MET': [0.0, 0.0], '850_835_failing_MET': [0.0, 0.0], '850_835_min_MET_pt': [10000000.0, 10000000.0], '850_830': [0.0, 0.0], '850_830_passing_MET': [0.0, 0.0], '850_830_failing_MET': [0.0, 0.0], '850_830_min_MET_pt': [10000000.0, 10000000.0], '850_825': [951.0, 0.0], '850_825_passing_MET': [927.0, 0.0], '850_825_failing_MET': [24.0, 0.0], '850_825_min_MET_pt': [48.436649322509766, 10000000.0], '850_820': [0.0, 0.0], '850_820_passing_MET': [0.0, 0.0], '850_820_failing_MET': [0.0, 0.0], '850_820_min_MET_pt': [10000000.0, 10000000.0], '875_865': [0.0, 0.0], '875_865_passing_MET': [0.0, 0.0], '875_865_failing_MET': [0.0, 0.0], '875_865_min_MET_pt': [10000000.0, 10000000.0], '875_860': [0.0, 0.0], '875_860_passing_MET': [0.0, 0.0], '875_860_failing_MET': [0.0, 0.0], '875_860_min_MET_pt': [10000000.0, 10000000.0], '875_855': [0.0, 0.0], '875_855_passing_MET': [0.0, 0.0], '875_855_failing_MET': [0.0, 0.0], '875_855_min_MET_pt': [10000000.0, 10000000.0], '875_850': [0.0, 0.0], '875_850_passing_MET': [0.0, 0.0], '875_850_failing_MET': [0.0, 0.0], '875_850_min_MET_pt': [10000000.0, 10000000.0], '875_845': [0.0, 0.0], '875_845_passing_MET': [0.0, 0.0], '875_845_failing_MET': [0.0, 0.0], '875_845_min_MET_pt': [10000000.0, 10000000.0], '900_890': [0.0, 0.0], '900_890_passing_MET': [0.0, 0.0], '900_890_failing_MET': [0.0, 0.0], '900_890_min_MET_pt': [10000000.0, 10000000.0], '900_885': [0.0, 989.0], '900_885_passing_MET': [0.0, 970.0], '900_885_failing_MET': [0.0, 19.0], '900_885_min_MET_pt': [10000000.0, 37.44764709472656], '900_880': [1131.0, 0.0], '900_880_passing_MET': [1109.0, 0.0], '900_880_failing_MET': [22.0, 0.0], '900_880_min_MET_pt': [34.11617660522461, 10000000.0], '900_875': [0.0, 0.0], '900_875_passing_MET': [0.0, 0.0], '900_875_failing_MET': [0.0, 0.0], '900_875_min_MET_pt': [10000000.0, 10000000.0], '900_870': [1164.0, 0.0], '900_870_passing_MET': [1141.0, 0.0], '900_870_failing_MET': [23.0, 0.0], '900_870_min_MET_pt': [39.48422622680664, 10000000.0], '925_915': [0.0, 0.0], '925_915_passing_MET': [0.0, 0.0], '925_915_failing_MET': [0.0, 0.0], '925_915_min_MET_pt': [10000000.0, 10000000.0], '925_910': [0.0, 0.0], '925_910_passing_MET': [0.0, 0.0], '925_910_failing_MET': [0.0, 0.0], '925_910_min_MET_pt': [10000000.0, 10000000.0], '925_905': [0.0, 0.0], '925_905_passing_MET': [0.0, 0.0], '925_905_failing_MET': [0.0, 0.0], '925_905_min_MET_pt': [10000000.0, 10000000.0], '925_900': [0.0, 0.0], '925_900_passing_MET': [0.0, 0.0], '925_900_failing_MET': [0.0, 0.0], '925_900_min_MET_pt': [10000000.0, 10000000.0], '925_895': [0.0, 0.0], '925_895_passing_MET': [0.0, 0.0], '925_895_failing_MET': [0.0, 0.0], '925_895_min_MET_pt': [10000000.0, 10000000.0], '950_940': [0.0, 2193.0], '950_940_passing_MET': [0.0, 2147.0], '950_940_failing_MET': [0.0, 46.0], '950_940_min_MET_pt': [10000000.0, 29.377729415893555], '950_935': [0.0, 0.0], '950_935_passing_MET': [0.0, 0.0], '950_935_failing_MET': [0.0, 0.0], '950_935_min_MET_pt': [10000000.0, 10000000.0], '950_930': [0.0, 0.0], '950_930_passing_MET': [0.0, 0.0], '950_930_failing_MET': [0.0, 0.0], '950_930_min_MET_pt': [10000000.0, 10000000.0], '950_925': [0.0, 0.0], '950_925_passing_MET': [0.0, 0.0], '950_925_failing_MET': [0.0, 0.0], '950_925_min_MET_pt': [10000000.0, 10000000.0], '950_920': [0.0, 0.0], '950_920_passing_MET': [0.0, 0.0], '950_920_failing_MET': [0.0, 0.0], '950_920_min_MET_pt': [10000000.0, 10000000.0], '975_965': [0.0, 0.0], '975_965_passing_MET': [0.0, 0.0], '975_965_failing_MET': [0.0, 0.0], '975_965_min_MET_pt': [10000000.0, 10000000.0], '975_960': [0.0, 0.0], '975_960_passing_MET': [0.0, 0.0], '975_960_failing_MET': [0.0, 0.0], '975_960_min_MET_pt': [10000000.0, 10000000.0], '975_955': [0.0, 0.0], '975_955_passing_MET': [0.0, 0.0], '975_955_failing_MET': [0.0, 0.0], '975_955_min_MET_pt': [10000000.0, 10000000.0], '975_950': [0.0, 0.0], '975_950_passing_MET': [0.0, 0.0], '975_950_failing_MET': [0.0, 0.0], '975_950_min_MET_pt': [10000000.0, 10000000.0], '975_945': [0.0, 0.0], '975_945_passing_MET': [0.0, 0.0], '975_945_failing_MET': [0.0, 0.0], '975_945_min_MET_pt': [10000000.0, 10000000.0], '1000_990': [3435.0, 1116.0], '1000_990_passing_MET': [0.0, 0.0], '1000_990_failing_MET': [0.0, 0.0], '1000_990_min_MET_pt': [10000000.0, 10000000.0], '1000_985': [0.0, 1001.0], '1000_985_passing_MET': [0.0, 976.0], '1000_985_failing_MET': [0.0, 25.0], '1000_985_min_MET_pt': [10000000.0, 9.801145553588867], '1000_980': [1180.0, 0.0], '1000_980_passing_MET': [1144.0, 0.0], '1000_980_failing_MET': [36.0, 0.0], '1000_980_min_MET_pt': [36.956214904785156, 10000000.0], '1000_975': [0.0, 0.0], '1000_975_passing_MET': [0.0, 0.0], '1000_975_failing_MET': [0.0, 0.0], '1000_975_min_MET_pt': [10000000.0, 10000000.0], '1000_970': [2396.0, 1187.0], '1000_970_passing_MET': [0.0, 0.0], '1000_970_failing_MET': [0.0, 0.0], '1000_970_min_MET_pt': [10000000.0, 10000000.0], '1025_1015': [0.0, 0.0], '1025_1015_passing_MET': [0.0, 0.0], '1025_1015_failing_MET': [0.0, 0.0], '1025_1015_min_MET_pt': [10000000.0, 10000000.0], '1025_1010': [0.0, 0.0], '1025_1010_passing_MET': [0.0, 0.0], '1025_1010_failing_MET': [0.0, 0.0], '1025_1010_min_MET_pt': [10000000.0, 10000000.0], '1025_1005': [0.0, 0.0], '1025_1005_passing_MET': [0.0, 0.0], '1025_1005_failing_MET': [0.0, 0.0], '1025_1005_min_MET_pt': [10000000.0, 10000000.0], '1025_1000': [0.0, 0.0], '1025_1000_passing_MET': [0.0, 0.0], '1025_1000_failing_MET': [0.0, 0.0], '1025_1000_min_MET_pt': [10000000.0, 10000000.0], '1025_995': [0.0, 0.0], '1025_995_passing_MET': [0.0, 0.0], '1025_995_failing_MET': [0.0, 0.0], '1025_995_min_MET_pt': [10000000.0, 10000000.0], '1050_1040': [0.0, 0.0], '1050_1040_passing_MET': [0.0, 0.0], '1050_1040_failing_MET': [0.0, 0.0], '1050_1040_min_MET_pt': [10000000.0, 10000000.0], '1050_1035': [0.0, 0.0], '1050_1035_passing_MET': [0.0, 0.0], '1050_1035_failing_MET': [0.0, 0.0], '1050_1035_min_MET_pt': [10000000.0, 10000000.0], '1050_1030': [0.0, 0.0], '1050_1030_passing_MET': [0.0, 0.0], '1050_1030_failing_MET': [0.0, 0.0], '1050_1030_min_MET_pt': [10000000.0, 10000000.0], '1050_1025': [0.0, 0.0], '1050_1025_passing_MET': [0.0, 0.0], '1050_1025_failing_MET': [0.0, 0.0], '1050_1025_min_MET_pt': [10000000.0, 10000000.0], '1050_1020': [0.0, 0.0], '1050_1020_passing_MET': [0.0, 0.0], '1050_1020_failing_MET': [0.0, 0.0], '1050_1020_min_MET_pt': [10000000.0, 10000000.0], '1075_1065': [0.0, 0.0], '1075_1065_passing_MET': [0.0, 0.0], '1075_1065_failing_MET': [0.0, 0.0], '1075_1065_min_MET_pt': [10000000.0, 10000000.0], '1075_1060': [0.0, 0.0], '1075_1060_passing_MET': [0.0, 0.0], '1075_1060_failing_MET': [0.0, 0.0], '1075_1060_min_MET_pt': [10000000.0, 10000000.0], '1075_1055': [0.0, 0.0], '1075_1055_passing_MET': [0.0, 0.0], '1075_1055_failing_MET': [0.0, 0.0], '1075_1055_min_MET_pt': [10000000.0, 10000000.0], '1075_1050': [0.0, 0.0], '1075_1050_passing_MET': [0.0, 0.0], '1075_1050_failing_MET': [0.0, 0.0], '1075_1050_min_MET_pt': [10000000.0, 10000000.0], '1075_1045': [0.0, 0.0], '1075_1045_passing_MET': [0.0, 0.0], '1075_1045_failing_MET': [0.0, 0.0], '1075_1045_min_MET_pt': [10000000.0, 10000000.0], '1100_1090': [0.0, 0.0], '1100_1090_passing_MET': [0.0, 0.0], '1100_1090_failing_MET': [0.0, 0.0], '1100_1090_min_MET_pt': [10000000.0, 10000000.0], '1100_1085': [928.0, 0.0], '1100_1085_passing_MET': [907.0, 0.0], '1100_1085_failing_MET': [21.0, 0.0], '1100_1085_min_MET_pt': [49.49337387084961, 10000000.0], '1100_1080': [1202.0, 0.0], '1100_1080_passing_MET': [1167.0, 0.0], '1100_1080_failing_MET': [35.0, 0.0], '1100_1080_min_MET_pt': [27.291519165039062, 10000000.0], '1100_1075': [0.0, 0.0], '1100_1075_passing_MET': [0.0, 0.0], '1100_1075_failing_MET': [0.0, 0.0], '1100_1075_min_MET_pt': [10000000.0, 10000000.0], '1100_1070': [0.0, 0.0], '1100_1070_passing_MET': [0.0, 0.0], '1100_1070_failing_MET': [0.0, 0.0], '1100_1070_min_MET_pt': [10000000.0, 10000000.0], 'nEventsTotal': 157188.0, 'strange masspoints': 0.0, 'orphans': 0.0, 'R-hadron event': 0.0, 'different stop antistop masses': 0.0, 'strange error': 0.0, 'strange event': 0.0, 'different neutralino masses': 11915.0, 'large differences': 0.0, '726_715': [1898.0, 0.0], '726_715_passing_MET': [1856.0, 0.0], '726_715_failing_MET': [42.0, 0.0], '726_715_min_MET_pt': [19.007761001586914, 10000000.0], '726_716': [187.0, 0.0], '726_716_passing_MET': [181.0, 0.0], '726_716_failing_MET': [6.0, 0.0], '726_716_min_MET_pt': [43.41895294189453, 10000000.0], '576_565': [2804.0, 891.0], '576_565_passing_MET': [2734.0, 870.0], '576_565_failing_MET': [70.0, 21.0], '576_565_min_MET_pt': [16.368345260620117, 50.02613067626953], '576_566': [287.0, 89.0], '576_566_passing_MET': [279.0, 88.0], '576_566_failing_MET': [8.0, 1.0], '576_566_min_MET_pt': [63.77171325683594, 93.25897216796875], '976_950': [1135.0, 0.0], '976_950_passing_MET': [1109.0, 0.0], '976_950_failing_MET': [26.0, 0.0], '976_950_min_MET_pt': [36.3607177734375, 10000000.0], '676_665': [2853.0, 931.0], '676_665_passing_MET': [2782.0, 909.0], '676_665_failing_MET': [71.0, 22.0], '676_665_min_MET_pt': [35.41291809082031, 49.76353073120117], '676_666': [305.0, 92.0], '676_666_passing_MET': [296.0, 91.0], '676_666_failing_MET': [9.0, 1.0], '676_666_min_MET_pt': [41.2565803527832, 63.26067352294922], '526_495': [0.0, 2005.0], '526_495_passing_MET': [0.0, 1928.0], '526_495_failing_MET': [0.0, 77.0], '526_495_min_MET_pt': [10000000.0, 10.61513900756836], '526_515': [846.0, 0.0], '526_515_passing_MET': [824.0, 0.0], '526_515_failing_MET': [22.0, 0.0], '526_515_min_MET_pt': [17.376617431640625, 10000000.0], '526_516': [75.0, 0.0], '526_516_passing_MET': [73.0, 0.0], '526_516_failing_MET': [2.0, 0.0], '526_516_min_MET_pt': [51.00413513183594, 10000000.0], '750_736': [136.0, 0.0], '750_736_passing_MET': [135.0, 0.0], '750_736_failing_MET': [1.0, 0.0], '750_736_min_MET_pt': [93.45279693603516, 10000000.0], '626_610': [0.0, 1031.0], '626_610_passing_MET': [0.0, 1003.0], '626_610_failing_MET': [0.0, 28.0], '626_610_min_MET_pt': [10000000.0, 38.6163330078125], '1100_1084': [125.0, 0.0], '1100_1084_passing_MET': [121.0, 0.0], '1100_1084_failing_MET': [4.0, 0.0], '1100_1084_min_MET_pt': [39.651546478271484, 10000000.0], '1024_1016': [122.0, 227.0], '1024_1016_passing_MET': [122.0, 224.0], '1024_1016_failing_MET': [0.0, 3.0], '1024_1016_min_MET_pt': [112.87862396240234, 56.833221435546875], '1024_1015': [976.0, 2042.0], '1024_1015_passing_MET': [959.0, 2003.0], '1024_1015_failing_MET': [17.0, 39.0], '1024_1015_min_MET_pt': [7.163766860961914, 35.180992126464844], '876_850': [1150.0, 0.0], '876_850_passing_MET': [1121.0, 0.0], '876_850_failing_MET': [29.0, 0.0], '876_850_min_MET_pt': [53.85061264038086, 10000000.0], '1024_995': [970.0, 991.0], '1024_995_passing_MET': [949.0, 970.0], '1024_995_failing_MET': [21.0, 21.0], '1024_995_min_MET_pt': [50.79590606689453, 37.49983596801758], '1024_996': [179.0, 193.0], '1024_996_passing_MET': [175.0, 184.0], '1024_996_failing_MET': [4.0, 9.0], '1024_996_min_MET_pt': [57.20842742919922, 38.82899475097656], '626_600': [0.0, 1093.0], '626_600_passing_MET': [0.0, 1062.0], '626_600_failing_MET': [0.0, 31.0], '626_600_min_MET_pt': [10000000.0, 15.159420013427734], '900_886': [0.0, 143.0], '900_886_passing_MET': [0.0, 139.0], '900_886_failing_MET': [0.0, 4.0], '900_886_min_MET_pt': [10000000.0, 68.27870178222656], '826_806': [142.0, 0.0], '826_806_passing_MET': [139.0, 0.0], '826_806_failing_MET': [3.0, 0.0], '826_806_min_MET_pt': [76.42797088623047, 10000000.0], '826_805': [1004.0, 0.0], '826_805_passing_MET': [974.0, 0.0], '826_805_failing_MET': [30.0, 0.0], '826_805_min_MET_pt': [34.51292037963867, 10000000.0], '826_815': [1945.0, 978.0], '826_815_passing_MET': [1888.0, 959.0], '826_815_failing_MET': [57.0, 19.0], '826_815_min_MET_pt': [23.433841705322266, 36.211551666259766], '826_816': [201.0, 103.0], '826_816_passing_MET': [197.0, 100.0], '826_816_failing_MET': [4.0, 3.0], '826_816_min_MET_pt': [68.48947143554688, 52.757713317871094], '776_765': [1895.0, 0.0], '776_765_passing_MET': [1854.0, 0.0], '776_765_failing_MET': [41.0, 0.0], '776_765_min_MET_pt': [36.77028274536133, 10000000.0], '776_766': [179.0, 0.0], '776_766_passing_MET': [173.0, 0.0], '776_766_failing_MET': [6.0, 0.0], '776_766_min_MET_pt': [79.8995590209961, 10000000.0], '626_615': [917.0, 0.0], '626_615_passing_MET': [895.0, 0.0], '626_615_failing_MET': [22.0, 0.0], '626_615_min_MET_pt': [54.615203857421875, 10000000.0], '626_616': [102.0, 0.0], '626_616_passing_MET': [101.0, 0.0], '626_616_failing_MET': [1.0, 0.0], '626_616_min_MET_pt': [86.14923095703125, 10000000.0], '776_760': [1118.0, 0.0], '776_760_passing_MET': [1087.0, 0.0], '776_760_failing_MET': [31.0, 0.0], '776_760_min_MET_pt': [65.24540710449219, 10000000.0], '700_676': [148.0, 179.0], '700_676_passing_MET': [145.0, 172.0], '700_676_failing_MET': [3.0, 7.0], '700_676_min_MET_pt': [45.378170013427734, 74.39441680908203], '550_536': [0.0, 126.0], '550_536_passing_MET': [0.0, 122.0], '550_536_failing_MET': [0.0, 4.0], '550_536_min_MET_pt': [10000000.0, 71.02703094482422], '1076_1064': [95.0, 0.0], '1076_1064_passing_MET': [91.0, 0.0], '1076_1064_failing_MET': [4.0, 0.0], '1076_1064_min_MET_pt': [73.40386962890625, 10000000.0], '1076_1065': [1085.0, 0.0], '1076_1065_passing_MET': [1066.0, 0.0], '1076_1065_failing_MET': [19.0, 0.0], '1076_1065_min_MET_pt': [31.785179138183594, 10000000.0], '726_705': [0.0, 915.0], '726_705_passing_MET': [0.0, 895.0], '726_705_failing_MET': [0.0, 20.0], '726_705_min_MET_pt': [10000000.0, 38.25882339477539], '726_706': [0.0, 149.0], '726_706_passing_MET': [0.0, 146.0], '726_706_failing_MET': [0.0, 3.0], '726_706_min_MET_pt': [10000000.0, 60.06111526489258], '650_626': [159.0, 291.0], '650_626_passing_MET': [152.0, 276.0], '650_626_failing_MET': [7.0, 15.0], '650_626_min_MET_pt': [44.55963134765625, 28.92983055114746], '600_586': [106.0, 129.0], '600_586_passing_MET': [101.0, 126.0], '600_586_failing_MET': [5.0, 3.0], '600_586_min_MET_pt': [48.55393600463867, 54.34592819213867], '926_915': [0.0, 1025.0], '926_915_passing_MET': [0.0, 1005.0], '926_915_failing_MET': [0.0, 20.0], '926_915_min_MET_pt': [10000000.0, 25.873647689819336], '926_916': [0.0, 104.0], '926_916_passing_MET': [0.0, 103.0], '926_916_failing_MET': [0.0, 1.0], '926_916_min_MET_pt': [10000000.0, 67.17430114746094], '976_965': [1010.0, 0.0], '976_965_passing_MET': [983.0, 0.0], '976_965_failing_MET': [27.0, 0.0], '976_965_min_MET_pt': [45.928070068359375, 10000000.0], '976_966': [125.0, 0.0], '976_966_passing_MET': [123.0, 0.0], '976_966_failing_MET': [2.0, 0.0], '976_966_min_MET_pt': [95.26890563964844, 10000000.0], '726_695': [916.0, 0.0], '726_695_passing_MET': [880.0, 0.0], '726_695_failing_MET': [36.0, 0.0], '726_695_min_MET_pt': [38.49137878417969, 10000000.0], '726_696': [199.0, 0.0], '726_696_passing_MET': [192.0, 0.0], '726_696_failing_MET': [7.0, 0.0], '726_696_min_MET_pt': [64.68511962890625, 10000000.0], '750_726': [0.0, 183.0], '750_726_passing_MET': [0.0, 173.0], '750_726_failing_MET': [0.0, 10.0], '750_726_min_MET_pt': [10000000.0, 41.38783264160156], '1052_1030': [1060.0, 982.0], '1052_1030_passing_MET': [1042.0, 949.0], '1052_1030_failing_MET': [18.0, 33.0], '1052_1030_min_MET_pt': [26.24237060546875, 32.11113357543945], '1052_1032': [174.0, 163.0], '1052_1032_passing_MET': [170.0, 160.0], '1052_1032_failing_MET': [4.0, 3.0], '1052_1032_min_MET_pt': [70.90357971191406, 49.97976303100586], '1052_1024': [195.0, 0.0], '1052_1024_passing_MET': [190.0, 0.0], '1052_1024_failing_MET': [5.0, 0.0], '1052_1024_min_MET_pt': [87.70890045166016, 10000000.0], '1052_1025': [976.0, 0.0], '1052_1025_passing_MET': [956.0, 0.0], '1052_1025_failing_MET': [20.0, 0.0], '1052_1025_min_MET_pt': [15.386459350585938, 10000000.0], '876_860': [1105.0, 0.0], '876_860_passing_MET': [1077.0, 0.0], '876_860_failing_MET': [28.0, 0.0], '876_860_min_MET_pt': [35.0888557434082, 10000000.0], '776_746': [0.0, 365.0], '776_746_passing_MET': [0.0, 355.0], '776_746_failing_MET': [0.0, 10.0], '776_746_min_MET_pt': [10000000.0, 47.77761459350586], '776_745': [0.0, 1920.0], '776_745_passing_MET': [0.0, 1867.0], '776_745_failing_MET': [0.0, 53.0], '776_745_min_MET_pt': [10000000.0, 26.05425453186035], '826_795': [0.0, 980.0], '826_795_passing_MET': [0.0, 945.0], '826_795_failing_MET': [0.0, 35.0], '826_795_min_MET_pt': [10000000.0, 53.955196380615234], '826_796': [0.0, 186.0], '826_796_passing_MET': [0.0, 181.0], '826_796_failing_MET': [0.0, 5.0], '826_796_min_MET_pt': [10000000.0, 60.90620803833008], '1076_1060': [1122.0, 0.0], '1076_1060_passing_MET': [1097.0, 0.0], '1076_1060_failing_MET': [25.0, 0.0], '1076_1060_min_MET_pt': [4.701906681060791, 10000000.0], '926_900': [2403.0, 0.0], '926_900_passing_MET': [2339.0, 0.0], '926_900_failing_MET': [64.0, 0.0], '926_900_min_MET_pt': [20.698957443237305, 10000000.0], '1076_1055': [0.0, 983.0], '1076_1055_passing_MET': [0.0, 958.0], '1076_1055_failing_MET': [0.0, 25.0], '1076_1055_min_MET_pt': [10000000.0, 66.26530456542969], '1076_1056': [0.0, 164.0], '1076_1056_passing_MET': [0.0, 160.0], '1076_1056_failing_MET': [0.0, 4.0], '1076_1056_min_MET_pt': [10000000.0, 70.92655181884766], '576_560': [1000.0, 0.0], '576_560_passing_MET': [969.0, 0.0], '576_560_failing_MET': [31.0, 0.0], '576_560_min_MET_pt': [35.565589904785156, 10000000.0], '1000_986': [0.0, 136.0], '1000_986_passing_MET': [0.0, 130.0], '1000_986_failing_MET': [0.0, 6.0], '1000_986_min_MET_pt': [10000000.0, 35.131263732910156], '776_755': [0.0, 921.0], '776_755_passing_MET': [0.0, 891.0], '776_755_failing_MET': [0.0, 30.0], '776_755_min_MET_pt': [10000000.0, 24.819488525390625], '776_756': [0.0, 153.0], '776_756_passing_MET': [0.0, 150.0], '776_756_failing_MET': [0.0, 3.0], '776_756_min_MET_pt': [10000000.0, 47.00453567504883], '526_505': [0.0, 1026.0], '526_505_passing_MET': [0.0, 988.0], '526_505_failing_MET': [0.0, 38.0], '526_505_min_MET_pt': [10000000.0, 31.01801300048828], '850_826': [185.0, 0.0], '850_826_passing_MET': [181.0, 0.0], '850_826_failing_MET': [4.0, 0.0], '850_826_min_MET_pt': [32.993831634521484, 10000000.0], '1052_1040': [1109.0, 0.0], '1052_1040_passing_MET': [1087.0, 0.0], '1052_1040_failing_MET': [22.0, 0.0], '1052_1040_min_MET_pt': [26.32731056213379, 10000000.0], '800_776': [0.0, 185.0], '800_776_passing_MET': [0.0, 178.0], '800_776_failing_MET': [0.0, 7.0], '800_776_min_MET_pt': [10000000.0, 72.73945617675781], '600_576': [0.0, 168.0], '600_576_passing_MET': [0.0, 163.0], '600_576_failing_MET': [0.0, 5.0], '600_576_min_MET_pt': [10000000.0, 33.70427322387695]}
nevents_from_dict =  3580267567.3893423
Results saved to /afs/cern.ch/work/m/mleoncoe/private/stop_met_check/outputs_2018/nanoAOD_617.json
done
