i am in this directory
/pool/condor/dir_3788188
Python 3.9.23
3.9.23
 will run this python stop_check_met_eff.py /eos/user/m/mleoncoe/stop_event_check/privateNanoAod2018/nanoAOD_261.root /afs/cern.ch/work/m/mleoncoe/private/stop_met_check/outputs_2018/nanoAOD_261.json
event num1000
event num2000
event num3000
event num4000
event num5000
event num6000
event num7000
event num8000
event num9000
event num10000
event num11000
event num12000
event num13000
event num14000
event num15000
event num16000
event num17000
event num18000
event num19000
event num20000
event num21000
event num22000
event num23000
event num24000
event num25000
event num26000
event num27000
event num28000
event num29000
event num30000
event num31000
event num32000
event num33000
event num34000
event num35000
event num36000
event num37000
event num38000
event num39000
event num40000
event num41000
event num42000
event num43000
event num44000
event num45000
event num46000
event num47000
event num48000
event num49000
event num50000
event num51000
event num52000
event num53000
event num54000
event num55000
event num56000
event num57000
event num58000
event num59000
event num60000
event num61000
event num62000
event num63000
event num64000
event num65000
event num66000
event num67000
event num68000
event num69000
event num70000
event num71000
event num72000
event num73000
event num74000
event num75000
event num76000
event num77000
event num78000
event num79000
event num80000
event num81000
event num82000
event num83000
event num84000
event num85000
event num86000
event num87000
event num88000
event num89000
event num90000
event num91000
event num92000
event num93000
event num94000
event num95000
event num96000
event num97000
event num98000
event num99000
event num100000
event num101000
event num102000
event num103000
event num104000
event num105000
event num106000
event num107000
event num108000
event num109000
event num110000
event num111000
event num112000
event num113000
event num114000
event num115000
event num116000
event num117000
event num118000
event num119000
event num120000
event num121000
event num122000
event num123000
event num124000
event num125000
event num126000
event num127000
event num128000
event num129000
event num130000
event num131000
event num132000
event num133000
event num134000
event num135000
event num136000
event num137000
event num138000
event num139000
event num140000
event num141000
event num142000
event num143000
event num144000
event num145000
event num146000
event num147000
event num148000
event num149000
event num150000
event num151000
event num152000
event num153000
event num154000
event num155000
event num156000
event num157000
event num158000
event num159000
event num160000
event num161000
event num162000
event num163000
event num164000
event num165000
event num166000
event num167000
event num168000
event num169000
event num170000
event num171000
event num172000
event num173000
event num174000
event num175000
event num176000
event num177000
event num178000
event num179000
event num180000
event num181000
event num182000
event num183000
event num184000
event num185000
event num186000
event num187000
event num188000
event num189000
event num190000
event num191000
{'250_240': [1428.0, 1381.0], '250_240_passing_MET': [0.0, 0.0], '250_240_failing_MET': [0.0, 0.0], '250_240_min_MET_pt': [10000000.0, 10000000.0], '250_235': [1408.0, 0.0], '250_235_passing_MET': [1350.0, 0.0], '250_235_failing_MET': [58.0, 0.0], '250_235_min_MET_pt': [30.129465103149414, 10000000.0], '250_230': [1437.0, 0.0], '250_230_passing_MET': [1374.0, 0.0], '250_230_failing_MET': [63.0, 0.0], '250_230_min_MET_pt': [14.039264678955078, 10000000.0], '250_225': [776.0, 0.0], '250_225_passing_MET': [741.0, 0.0], '250_225_failing_MET': [35.0, 0.0], '250_225_min_MET_pt': [22.13701629638672, 10000000.0], '250_220': [1530.0, 0.0], '250_220_passing_MET': [1454.0, 0.0], '250_220_failing_MET': [76.0, 0.0], '250_220_min_MET_pt': [16.68562889099121, 10000000.0], '275_265': [1516.0, 0.0], '275_265_passing_MET': [1469.0, 0.0], '275_265_failing_MET': [47.0, 0.0], '275_265_min_MET_pt': [24.94755744934082, 10000000.0], '275_260': [0.0, 0.0], '275_260_passing_MET': [0.0, 0.0], '275_260_failing_MET': [0.0, 0.0], '275_260_min_MET_pt': [10000000.0, 10000000.0], '275_255': [0.0, 0.0], '275_255_passing_MET': [0.0, 0.0], '275_255_failing_MET': [0.0, 0.0], '275_255_min_MET_pt': [10000000.0, 10000000.0], '275_250': [0.0, 0.0], '275_250_passing_MET': [0.0, 0.0], '275_250_failing_MET': [0.0, 0.0], '275_250_min_MET_pt': [10000000.0, 10000000.0], '275_245': [0.0, 0.0], '275_245_passing_MET': [0.0, 0.0], '275_245_failing_MET': [0.0, 0.0], '275_245_min_MET_pt': [10000000.0, 10000000.0], '300_290': [0.0, 720.0], '300_290_passing_MET': [0.0, 699.0], '300_290_failing_MET': [0.0, 21.0], '300_290_min_MET_pt': [10000000.0, 43.801692962646484], '300_285': [0.0, 0.0], '300_285_passing_MET': [0.0, 0.0], '300_285_failing_MET': [0.0, 0.0], '300_285_min_MET_pt': [10000000.0, 10000000.0], '300_280': [825.0, 0.0], '300_280_passing_MET': [782.0, 0.0], '300_280_failing_MET': [43.0, 0.0], '300_280_min_MET_pt': [36.36024475097656, 10000000.0], '300_275': [0.0, 814.0], '300_275_passing_MET': [0.0, 784.0], '300_275_failing_MET': [0.0, 30.0], '300_275_min_MET_pt': [10000000.0, 38.69513702392578], '300_270': [853.0, 0.0], '300_270_passing_MET': [817.0, 0.0], '300_270_failing_MET': [36.0, 0.0], '300_270_min_MET_pt': [39.46119689941406, 10000000.0], '325_315': [1688.0, 0.0], '325_315_passing_MET': [1635.0, 0.0], '325_315_failing_MET': [53.0, 0.0], '325_315_min_MET_pt': [26.277225494384766, 10000000.0], '325_310': [0.0, 0.0], '325_310_passing_MET': [0.0, 0.0], '325_310_failing_MET': [0.0, 0.0], '325_310_min_MET_pt': [10000000.0, 10000000.0], '325_305': [0.0, 0.0], '325_305_passing_MET': [0.0, 0.0], '325_305_failing_MET': [0.0, 0.0], '325_305_min_MET_pt': [10000000.0, 10000000.0], '325_300': [0.0, 0.0], '325_300_passing_MET': [0.0, 0.0], '325_300_failing_MET': [0.0, 0.0], '325_300_min_MET_pt': [10000000.0, 10000000.0], '325_295': [0.0, 0.0], '325_295_passing_MET': [0.0, 0.0], '325_295_failing_MET': [0.0, 0.0], '325_295_min_MET_pt': [10000000.0, 10000000.0], '350_340': [1581.0, 0.0], '350_340_passing_MET': [1531.0, 0.0], '350_340_failing_MET': [50.0, 0.0], '350_340_min_MET_pt': [24.06502342224121, 10000000.0], '350_335': [0.0, 851.0], '350_335_passing_MET': [0.0, 819.0], '350_335_failing_MET': [0.0, 32.0], '350_335_min_MET_pt': [10000000.0, 34.06377410888672], '350_330': [824.0, 0.0], '350_330_passing_MET': [789.0, 0.0], '350_330_failing_MET': [35.0, 0.0], '350_330_min_MET_pt': [36.9062614440918, 10000000.0], '350_325': [882.0, 0.0], '350_325_passing_MET': [849.0, 0.0], '350_325_failing_MET': [33.0, 0.0], '350_325_min_MET_pt': [38.702720642089844, 10000000.0], '350_320': [0.0, 0.0], '350_320_passing_MET': [0.0, 0.0], '350_320_failing_MET': [0.0, 0.0], '350_320_min_MET_pt': [10000000.0, 10000000.0], '375_365': [2533.0, 2608.0], '375_365_passing_MET': [0.0, 0.0], '375_365_failing_MET': [0.0, 0.0], '375_365_min_MET_pt': [10000000.0, 10000000.0], '375_360': [0.0, 0.0], '375_360_passing_MET': [0.0, 0.0], '375_360_failing_MET': [0.0, 0.0], '375_360_min_MET_pt': [10000000.0, 10000000.0], '375_355': [0.0, 0.0], '375_355_passing_MET': [0.0, 0.0], '375_355_failing_MET': [0.0, 0.0], '375_355_min_MET_pt': [10000000.0, 10000000.0], '375_350': [0.0, 905.0], '375_350_passing_MET': [0.0, 870.0], '375_350_failing_MET': [0.0, 35.0], '375_350_min_MET_pt': [10000000.0, 13.50204849243164], '375_345': [0.0, 929.0], '375_345_passing_MET': [0.0, 889.0], '375_345_failing_MET': [0.0, 40.0], '375_345_min_MET_pt': [10000000.0, 36.31591796875], '400_390': [831.0, 0.0], '400_390_passing_MET': [795.0, 0.0], '400_390_failing_MET': [36.0, 0.0], '400_390_min_MET_pt': [34.337318420410156, 10000000.0], '400_385': [0.0, 0.0], '400_385_passing_MET': [0.0, 0.0], '400_385_failing_MET': [0.0, 0.0], '400_385_min_MET_pt': [10000000.0, 10000000.0], '400_380': [0.0, 0.0], '400_380_passing_MET': [0.0, 0.0], '400_380_failing_MET': [0.0, 0.0], '400_380_min_MET_pt': [10000000.0, 10000000.0], '400_375': [0.0, 0.0], '400_375_passing_MET': [0.0, 0.0], '400_375_failing_MET': [0.0, 0.0], '400_375_min_MET_pt': [10000000.0, 10000000.0], '400_370': [0.0, 0.0], '400_370_passing_MET': [0.0, 0.0], '400_370_failing_MET': [0.0, 0.0], '400_370_min_MET_pt': [10000000.0, 10000000.0], '425_415': [922.0, 2558.0], '425_415_passing_MET': [0.0, 0.0], '425_415_failing_MET': [0.0, 0.0], '425_415_min_MET_pt': [10000000.0, 10000000.0], '425_410': [948.0, 0.0], '425_410_passing_MET': [916.0, 0.0], '425_410_failing_MET': [32.0, 0.0], '425_410_min_MET_pt': [50.466461181640625, 10000000.0], '425_405': [0.0, 0.0], '425_405_passing_MET': [0.0, 0.0], '425_405_failing_MET': [0.0, 0.0], '425_405_min_MET_pt': [10000000.0, 10000000.0], '425_400': [0.0, 1903.0], '425_400_passing_MET': [0.0, 1831.0], '425_400_failing_MET': [0.0, 72.0], '425_400_min_MET_pt': [10000000.0, 13.90096378326416], '425_395': [1005.0, 1925.0], '425_395_passing_MET': [0.0, 0.0], '425_395_failing_MET': [0.0, 0.0], '425_395_min_MET_pt': [10000000.0, 10000000.0], '450_440': [2824.0, 1848.0], '450_440_passing_MET': [0.0, 0.0], '450_440_failing_MET': [0.0, 0.0], '450_440_min_MET_pt': [10000000.0, 10000000.0], '450_435': [2758.0, 0.0], '450_435_passing_MET': [2677.0, 0.0], '450_435_failing_MET': [81.0, 0.0], '450_435_min_MET_pt': [33.348480224609375, 10000000.0], '450_430': [1921.0, 0.0], '450_430_passing_MET': [1867.0, 0.0], '450_430_failing_MET': [54.0, 0.0], '450_430_min_MET_pt': [21.980070114135742, 10000000.0], '450_425': [0.0, 0.0], '450_425_passing_MET': [0.0, 0.0], '450_425_failing_MET': [0.0, 0.0], '450_425_min_MET_pt': [10000000.0, 10000000.0], '450_420': [0.0, 899.0], '450_420_passing_MET': [0.0, 861.0], '450_420_failing_MET': [0.0, 38.0], '450_420_min_MET_pt': [10000000.0, 25.524477005004883], '475_465': [2827.0, 0.0], '475_465_passing_MET': [2736.0, 0.0], '475_465_failing_MET': [91.0, 0.0], '475_465_min_MET_pt': [6.705458164215088, 10000000.0], '475_460': [980.0, 0.0], '475_460_passing_MET': [942.0, 0.0], '475_460_failing_MET': [38.0, 0.0], '475_460_min_MET_pt': [36.624732971191406, 10000000.0], '475_455': [0.0, 977.0], '475_455_passing_MET': [0.0, 941.0], '475_455_failing_MET': [0.0, 36.0], '475_455_min_MET_pt': [10000000.0, 4.44962739944458], '475_450': [0.0, 0.0], '475_450_passing_MET': [0.0, 0.0], '475_450_failing_MET': [0.0, 0.0], '475_450_min_MET_pt': [10000000.0, 10000000.0], '475_445': [0.0, 1010.0], '475_445_passing_MET': [0.0, 977.0], '475_445_failing_MET': [0.0, 33.0], '475_445_min_MET_pt': [10000000.0, 39.82263946533203], '500_490': [0.0, 1947.0], '500_490_passing_MET': [0.0, 1886.0], '500_490_failing_MET': [0.0, 61.0], '500_490_min_MET_pt': [10000000.0, 7.0804123878479], '500_485': [0.0, 0.0], '500_485_passing_MET': [0.0, 0.0], '500_485_failing_MET': [0.0, 0.0], '500_485_min_MET_pt': [10000000.0, 10000000.0], '500_480': [0.0, 0.0], '500_480_passing_MET': [0.0, 0.0], '500_480_failing_MET': [0.0, 0.0], '500_480_min_MET_pt': [10000000.0, 10000000.0], '500_475': [0.0, 0.0], '500_475_passing_MET': [0.0, 0.0], '500_475_failing_MET': [0.0, 0.0], '500_475_min_MET_pt': [10000000.0, 10000000.0], '500_470': [0.0, 2980.0], '500_470_passing_MET': [0.0, 2854.0], '500_470_failing_MET': [0.0, 126.0], '500_470_min_MET_pt': [10000000.0, 29.041772842407227], '525_515': [0.0, 0.0], '525_515_passing_MET': [0.0, 0.0], '525_515_failing_MET': [0.0, 0.0], '525_515_min_MET_pt': [10000000.0, 10000000.0], '525_510': [0.0, 0.0], '525_510_passing_MET': [0.0, 0.0], '525_510_failing_MET': [0.0, 0.0], '525_510_min_MET_pt': [10000000.0, 10000000.0], '525_505': [0.0, 0.0], '525_505_passing_MET': [0.0, 0.0], '525_505_failing_MET': [0.0, 0.0], '525_505_min_MET_pt': [10000000.0, 10000000.0], '525_500': [0.0, 0.0], '525_500_passing_MET': [0.0, 0.0], '525_500_failing_MET': [0.0, 0.0], '525_500_min_MET_pt': [10000000.0, 10000000.0], '525_495': [0.0, 0.0], '525_495_passing_MET': [0.0, 0.0], '525_495_failing_MET': [0.0, 0.0], '525_495_min_MET_pt': [10000000.0, 10000000.0], '550_540': [946.0, 947.0], '550_540_passing_MET': [0.0, 0.0], '550_540_failing_MET': [0.0, 0.0], '550_540_min_MET_pt': [10000000.0, 10000000.0], '550_535': [837.0, 0.0], '550_535_passing_MET': [813.0, 0.0], '550_535_failing_MET': [24.0, 0.0], '550_535_min_MET_pt': [18.462129592895508, 10000000.0], '550_530': [1051.0, 0.0], '550_530_passing_MET': [1016.0, 0.0], '550_530_failing_MET': [35.0, 0.0], '550_530_min_MET_pt': [30.761737823486328, 10000000.0], '550_525': [881.0, 851.0], '550_525_passing_MET': [0.0, 0.0], '550_525_failing_MET': [0.0, 0.0], '550_525_min_MET_pt': [10000000.0, 10000000.0], '550_520': [0.0, 0.0], '550_520_passing_MET': [0.0, 0.0], '550_520_failing_MET': [0.0, 0.0], '550_520_min_MET_pt': [10000000.0, 10000000.0], '575_565': [0.0, 0.0], '575_565_passing_MET': [0.0, 0.0], '575_565_failing_MET': [0.0, 0.0], '575_565_min_MET_pt': [10000000.0, 10000000.0], '575_560': [0.0, 0.0], '575_560_passing_MET': [0.0, 0.0], '575_560_failing_MET': [0.0, 0.0], '575_560_min_MET_pt': [10000000.0, 10000000.0], '575_555': [0.0, 0.0], '575_555_passing_MET': [0.0, 0.0], '575_555_failing_MET': [0.0, 0.0], '575_555_min_MET_pt': [10000000.0, 10000000.0], '575_550': [0.0, 0.0], '575_550_passing_MET': [0.0, 0.0], '575_550_failing_MET': [0.0, 0.0], '575_550_min_MET_pt': [10000000.0, 10000000.0], '575_545': [0.0, 0.0], '575_545_passing_MET': [0.0, 0.0], '575_545_failing_MET': [0.0, 0.0], '575_545_min_MET_pt': [10000000.0, 10000000.0], '600_590': [994.0, 0.0], '600_590_passing_MET': [961.0, 0.0], '600_590_failing_MET': [33.0, 0.0], '600_590_min_MET_pt': [48.584110260009766, 10000000.0], '600_585': [0.0, 0.0], '600_585_passing_MET': [0.0, 0.0], '600_585_failing_MET': [0.0, 0.0], '600_585_min_MET_pt': [10000000.0, 10000000.0], '600_580': [1047.0, 1051.0], '600_580_passing_MET': [0.0, 0.0], '600_580_failing_MET': [0.0, 0.0], '600_580_min_MET_pt': [10000000.0, 10000000.0], '600_575': [0.0, 1854.0], '600_575_passing_MET': [0.0, 1785.0], '600_575_failing_MET': [0.0, 69.0], '600_575_min_MET_pt': [10000000.0, 29.392742156982422], '600_570': [0.0, 0.0], '600_570_passing_MET': [0.0, 0.0], '600_570_failing_MET': [0.0, 0.0], '600_570_min_MET_pt': [10000000.0, 10000000.0], '625_615': [0.0, 0.0], '625_615_passing_MET': [0.0, 0.0], '625_615_failing_MET': [0.0, 0.0], '625_615_min_MET_pt': [10000000.0, 10000000.0], '625_610': [0.0, 0.0], '625_610_passing_MET': [0.0, 0.0], '625_610_failing_MET': [0.0, 0.0], '625_610_min_MET_pt': [10000000.0, 10000000.0], '625_605': [0.0, 0.0], '625_605_passing_MET': [0.0, 0.0], '625_605_failing_MET': [0.0, 0.0], '625_605_min_MET_pt': [10000000.0, 10000000.0], '625_600': [0.0, 0.0], '625_600_passing_MET': [0.0, 0.0], '625_600_failing_MET': [0.0, 0.0], '625_600_min_MET_pt': [10000000.0, 10000000.0], '625_595': [0.0, 0.0], '625_595_passing_MET': [0.0, 0.0], '625_595_failing_MET': [0.0, 0.0], '625_595_min_MET_pt': [10000000.0, 10000000.0], '650_640': [1029.0, 2056.0], '650_640_passing_MET': [0.0, 0.0], '650_640_failing_MET': [0.0, 0.0], '650_640_min_MET_pt': [10000000.0, 10000000.0], '650_635': [0.0, 0.0], '650_635_passing_MET': [0.0, 0.0], '650_635_failing_MET': [0.0, 0.0], '650_635_min_MET_pt': [10000000.0, 10000000.0], '650_630': [0.0, 1059.0], '650_630_passing_MET': [0.0, 1029.0], '650_630_failing_MET': [0.0, 30.0], '650_630_min_MET_pt': [10000000.0, 57.81156539916992], '650_625': [0.0, 0.0], '650_625_passing_MET': [0.0, 0.0], '650_625_failing_MET': [0.0, 0.0], '650_625_min_MET_pt': [10000000.0, 10000000.0], '650_620': [0.0, 0.0], '650_620_passing_MET': [0.0, 0.0], '650_620_failing_MET': [0.0, 0.0], '650_620_min_MET_pt': [10000000.0, 10000000.0], '675_665': [0.0, 0.0], '675_665_passing_MET': [0.0, 0.0], '675_665_failing_MET': [0.0, 0.0], '675_665_min_MET_pt': [10000000.0, 10000000.0], '675_660': [0.0, 0.0], '675_660_passing_MET': [0.0, 0.0], '675_660_failing_MET': [0.0, 0.0], '675_660_min_MET_pt': [10000000.0, 10000000.0], '675_655': [0.0, 0.0], '675_655_passing_MET': [0.0, 0.0], '675_655_failing_MET': [0.0, 0.0], '675_655_min_MET_pt': [10000000.0, 10000000.0], '675_650': [0.0, 0.0], '675_650_passing_MET': [0.0, 0.0], '675_650_failing_MET': [0.0, 0.0], '675_650_min_MET_pt': [10000000.0, 10000000.0], '675_645': [0.0, 0.0], '675_645_passing_MET': [0.0, 0.0], '675_645_failing_MET': [0.0, 0.0], '675_645_min_MET_pt': [10000000.0, 10000000.0], '700_690': [1016.0, 3200.0], '700_690_passing_MET': [0.0, 0.0], '700_690_failing_MET': [0.0, 0.0], '700_690_min_MET_pt': [10000000.0, 10000000.0], '700_685': [0.0, 976.0], '700_685_passing_MET': [0.0, 955.0], '700_685_failing_MET': [0.0, 21.0], '700_685_min_MET_pt': [10000000.0, 15.939618110656738], '700_680': [0.0, 1100.0], '700_680_passing_MET': [0.0, 1075.0], '700_680_failing_MET': [0.0, 25.0], '700_680_min_MET_pt': [10000000.0, 40.22791290283203], '700_675': [874.0, 0.0], '700_675_passing_MET': [848.0, 0.0], '700_675_failing_MET': [26.0, 0.0], '700_675_min_MET_pt': [19.432031631469727, 10000000.0], '700_670': [0.0, 0.0], '700_670_passing_MET': [0.0, 0.0], '700_670_failing_MET': [0.0, 0.0], '700_670_min_MET_pt': [10000000.0, 10000000.0], '725_715': [0.0, 0.0], '725_715_passing_MET': [0.0, 0.0], '725_715_failing_MET': [0.0, 0.0], '725_715_min_MET_pt': [10000000.0, 10000000.0], '725_710': [0.0, 0.0], '725_710_passing_MET': [0.0, 0.0], '725_710_failing_MET': [0.0, 0.0], '725_710_min_MET_pt': [10000000.0, 10000000.0], '725_705': [0.0, 0.0], '725_705_passing_MET': [0.0, 0.0], '725_705_failing_MET': [0.0, 0.0], '725_705_min_MET_pt': [10000000.0, 10000000.0], '725_700': [0.0, 0.0], '725_700_passing_MET': [0.0, 0.0], '725_700_failing_MET': [0.0, 0.0], '725_700_min_MET_pt': [10000000.0, 10000000.0], '725_695': [0.0, 0.0], '725_695_passing_MET': [0.0, 0.0], '725_695_failing_MET': [0.0, 0.0], '725_695_min_MET_pt': [10000000.0, 10000000.0], '750_740': [0.0, 4302.0], '750_740_passing_MET': [0.0, 4184.0], '750_740_failing_MET': [0.0, 118.0], '750_740_min_MET_pt': [10000000.0, 20.19855499267578], '750_735': [0.0, 0.0], '750_735_passing_MET': [0.0, 0.0], '750_735_failing_MET': [0.0, 0.0], '750_735_min_MET_pt': [10000000.0, 10000000.0], '750_730': [1079.0, 1096.0], '750_730_passing_MET': [0.0, 0.0], '750_730_failing_MET': [0.0, 0.0], '750_730_min_MET_pt': [10000000.0, 10000000.0], '750_725': [1863.0, 0.0], '750_725_passing_MET': [1797.0, 0.0], '750_725_failing_MET': [66.0, 0.0], '750_725_min_MET_pt': [21.169492721557617, 10000000.0], '750_720': [0.0, 0.0], '750_720_passing_MET': [0.0, 0.0], '750_720_failing_MET': [0.0, 0.0], '750_720_min_MET_pt': [10000000.0, 10000000.0], '775_765': [0.0, 0.0], '775_765_passing_MET': [0.0, 0.0], '775_765_failing_MET': [0.0, 0.0], '775_765_min_MET_pt': [10000000.0, 10000000.0], '775_760': [0.0, 0.0], '775_760_passing_MET': [0.0, 0.0], '775_760_failing_MET': [0.0, 0.0], '775_760_min_MET_pt': [10000000.0, 10000000.0], '775_755': [0.0, 0.0], '775_755_passing_MET': [0.0, 0.0], '775_755_failing_MET': [0.0, 0.0], '775_755_min_MET_pt': [10000000.0, 10000000.0], '775_750': [0.0, 0.0], '775_750_passing_MET': [0.0, 0.0], '775_750_failing_MET': [0.0, 0.0], '775_750_min_MET_pt': [10000000.0, 10000000.0], '775_745': [0.0, 0.0], '775_745_passing_MET': [0.0, 0.0], '775_745_failing_MET': [0.0, 0.0], '775_745_min_MET_pt': [10000000.0, 10000000.0], '800_790': [4244.0, 1076.0], '800_790_passing_MET': [0.0, 0.0], '800_790_failing_MET': [0.0, 0.0], '800_790_min_MET_pt': [10000000.0, 10000000.0], '800_785': [0.0, 0.0], '800_785_passing_MET': [0.0, 0.0], '800_785_failing_MET': [0.0, 0.0], '800_785_min_MET_pt': [10000000.0, 10000000.0], '800_780': [0.0, 0.0], '800_780_passing_MET': [0.0, 0.0], '800_780_failing_MET': [0.0, 0.0], '800_780_min_MET_pt': [10000000.0, 10000000.0], '800_775': [0.0, 0.0], '800_775_passing_MET': [0.0, 0.0], '800_775_failing_MET': [0.0, 0.0], '800_775_min_MET_pt': [10000000.0, 10000000.0], '800_770': [0.0, 0.0], '800_770_passing_MET': [0.0, 0.0], '800_770_failing_MET': [0.0, 0.0], '800_770_min_MET_pt': [10000000.0, 10000000.0], '825_815': [0.0, 0.0], '825_815_passing_MET': [0.0, 0.0], '825_815_failing_MET': [0.0, 0.0], '825_815_min_MET_pt': [10000000.0, 10000000.0], '825_810': [0.0, 0.0], '825_810_passing_MET': [0.0, 0.0], '825_810_failing_MET': [0.0, 0.0], '825_810_min_MET_pt': [10000000.0, 10000000.0], '825_805': [0.0, 0.0], '825_805_passing_MET': [0.0, 0.0], '825_805_failing_MET': [0.0, 0.0], '825_805_min_MET_pt': [10000000.0, 10000000.0], '825_800': [0.0, 0.0], '825_800_passing_MET': [0.0, 0.0], '825_800_failing_MET': [0.0, 0.0], '825_800_min_MET_pt': [10000000.0, 10000000.0], '825_795': [0.0, 0.0], '825_795_passing_MET': [0.0, 0.0], '825_795_failing_MET': [0.0, 0.0], '825_795_min_MET_pt': [10000000.0, 10000000.0], '850_840': [0.0, 3242.0], '850_840_passing_MET': [0.0, 3165.0], '850_840_failing_MET': [0.0, 77.0], '850_840_min_MET_pt': [10000000.0, 36.614322662353516], '850_835': [922.0, 1026.0], '850_835_passing_MET': [0.0, 0.0], '850_835_failing_MET': [0.0, 0.0], '850_835_min_MET_pt': [10000000.0, 10000000.0], '850_830': [1152.0, 0.0], '850_830_passing_MET': [1126.0, 0.0], '850_830_failing_MET': [26.0, 0.0], '850_830_min_MET_pt': [53.60696029663086, 10000000.0], '850_825': [0.0, 994.0], '850_825_passing_MET': [0.0, 964.0], '850_825_failing_MET': [0.0, 30.0], '850_825_min_MET_pt': [10000000.0, 8.216328620910645], '850_820': [0.0, 0.0], '850_820_passing_MET': [0.0, 0.0], '850_820_failing_MET': [0.0, 0.0], '850_820_min_MET_pt': [10000000.0, 10000000.0], '875_865': [0.0, 0.0], '875_865_passing_MET': [0.0, 0.0], '875_865_failing_MET': [0.0, 0.0], '875_865_min_MET_pt': [10000000.0, 10000000.0], '875_860': [0.0, 0.0], '875_860_passing_MET': [0.0, 0.0], '875_860_failing_MET': [0.0, 0.0], '875_860_min_MET_pt': [10000000.0, 10000000.0], '875_855': [0.0, 0.0], '875_855_passing_MET': [0.0, 0.0], '875_855_failing_MET': [0.0, 0.0], '875_855_min_MET_pt': [10000000.0, 10000000.0], '875_850': [0.0, 0.0], '875_850_passing_MET': [0.0, 0.0], '875_850_failing_MET': [0.0, 0.0], '875_850_min_MET_pt': [10000000.0, 10000000.0], '875_845': [0.0, 0.0], '875_845_passing_MET': [0.0, 0.0], '875_845_failing_MET': [0.0, 0.0], '875_845_min_MET_pt': [10000000.0, 10000000.0], '900_890': [1098.0, 2134.0], '900_890_passing_MET': [0.0, 0.0], '900_890_failing_MET': [0.0, 0.0], '900_890_min_MET_pt': [10000000.0, 10000000.0], '900_885': [0.0, 2043.0], '900_885_passing_MET': [0.0, 1987.0], '900_885_failing_MET': [0.0, 56.0], '900_885_min_MET_pt': [10000000.0, 18.789770126342773], '900_880': [0.0, 0.0], '900_880_passing_MET': [0.0, 0.0], '900_880_failing_MET': [0.0, 0.0], '900_880_min_MET_pt': [10000000.0, 10000000.0], '900_875': [0.0, 0.0], '900_875_passing_MET': [0.0, 0.0], '900_875_failing_MET': [0.0, 0.0], '900_875_min_MET_pt': [10000000.0, 10000000.0], '900_870': [0.0, 0.0], '900_870_passing_MET': [0.0, 0.0], '900_870_failing_MET': [0.0, 0.0], '900_870_min_MET_pt': [10000000.0, 10000000.0], '925_915': [0.0, 0.0], '925_915_passing_MET': [0.0, 0.0], '925_915_failing_MET': [0.0, 0.0], '925_915_min_MET_pt': [10000000.0, 10000000.0], '925_910': [0.0, 0.0], '925_910_passing_MET': [0.0, 0.0], '925_910_failing_MET': [0.0, 0.0], '925_910_min_MET_pt': [10000000.0, 10000000.0], '925_905': [0.0, 0.0], '925_905_passing_MET': [0.0, 0.0], '925_905_failing_MET': [0.0, 0.0], '925_905_min_MET_pt': [10000000.0, 10000000.0], '925_900': [0.0, 0.0], '925_900_passing_MET': [0.0, 0.0], '925_900_failing_MET': [0.0, 0.0], '925_900_min_MET_pt': [10000000.0, 10000000.0], '925_895': [0.0, 0.0], '925_895_passing_MET': [0.0, 0.0], '925_895_failing_MET': [0.0, 0.0], '925_895_min_MET_pt': [10000000.0, 10000000.0], '950_940': [0.0, 0.0], '950_940_passing_MET': [0.0, 0.0], '950_940_failing_MET': [0.0, 0.0], '950_940_min_MET_pt': [10000000.0, 10000000.0], '950_935': [0.0, 0.0], '950_935_passing_MET': [0.0, 0.0], '950_935_failing_MET': [0.0, 0.0], '950_935_min_MET_pt': [10000000.0, 10000000.0], '950_930': [0.0, 0.0], '950_930_passing_MET': [0.0, 0.0], '950_930_failing_MET': [0.0, 0.0], '950_930_min_MET_pt': [10000000.0, 10000000.0], '950_925': [0.0, 0.0], '950_925_passing_MET': [0.0, 0.0], '950_925_failing_MET': [0.0, 0.0], '950_925_min_MET_pt': [10000000.0, 10000000.0], '950_920': [0.0, 1193.0], '950_920_passing_MET': [0.0, 1154.0], '950_920_failing_MET': [0.0, 39.0], '950_920_min_MET_pt': [10000000.0, 35.235294342041016], '975_965': [0.0, 0.0], '975_965_passing_MET': [0.0, 0.0], '975_965_failing_MET': [0.0, 0.0], '975_965_min_MET_pt': [10000000.0, 10000000.0], '975_960': [0.0, 0.0], '975_960_passing_MET': [0.0, 0.0], '975_960_failing_MET': [0.0, 0.0], '975_960_min_MET_pt': [10000000.0, 10000000.0], '975_955': [0.0, 0.0], '975_955_passing_MET': [0.0, 0.0], '975_955_failing_MET': [0.0, 0.0], '975_955_min_MET_pt': [10000000.0, 10000000.0], '975_950': [0.0, 0.0], '975_950_passing_MET': [0.0, 0.0], '975_950_failing_MET': [0.0, 0.0], '975_950_min_MET_pt': [10000000.0, 10000000.0], '975_945': [0.0, 0.0], '975_945_passing_MET': [0.0, 0.0], '975_945_failing_MET': [0.0, 0.0], '975_945_min_MET_pt': [10000000.0, 10000000.0], '1000_990': [3348.0, 1104.0], '1000_990_passing_MET': [0.0, 0.0], '1000_990_failing_MET': [0.0, 0.0], '1000_990_min_MET_pt': [10000000.0, 10000000.0], '1000_985': [0.0, 0.0], '1000_985_passing_MET': [0.0, 0.0], '1000_985_failing_MET': [0.0, 0.0], '1000_985_min_MET_pt': [10000000.0, 10000000.0], '1000_980': [0.0, 1165.0], '1000_980_passing_MET': [0.0, 1138.0], '1000_980_failing_MET': [0.0, 27.0], '1000_980_min_MET_pt': [10000000.0, 30.766923904418945], '1000_975': [1947.0, 0.0], '1000_975_passing_MET': [1898.0, 0.0], '1000_975_failing_MET': [49.0, 0.0], '1000_975_min_MET_pt': [1.719017744064331, 10000000.0], '1000_970': [0.0, 1221.0], '1000_970_passing_MET': [0.0, 1191.0], '1000_970_failing_MET': [0.0, 30.0], '1000_970_min_MET_pt': [10000000.0, 33.10670852661133], '1025_1015': [0.0, 0.0], '1025_1015_passing_MET': [0.0, 0.0], '1025_1015_failing_MET': [0.0, 0.0], '1025_1015_min_MET_pt': [10000000.0, 10000000.0], '1025_1010': [0.0, 0.0], '1025_1010_passing_MET': [0.0, 0.0], '1025_1010_failing_MET': [0.0, 0.0], '1025_1010_min_MET_pt': [10000000.0, 10000000.0], '1025_1005': [0.0, 0.0], '1025_1005_passing_MET': [0.0, 0.0], '1025_1005_failing_MET': [0.0, 0.0], '1025_1005_min_MET_pt': [10000000.0, 10000000.0], '1025_1000': [0.0, 0.0], '1025_1000_passing_MET': [0.0, 0.0], '1025_1000_failing_MET': [0.0, 0.0], '1025_1000_min_MET_pt': [10000000.0, 10000000.0], '1025_995': [0.0, 0.0], '1025_995_passing_MET': [0.0, 0.0], '1025_995_failing_MET': [0.0, 0.0], '1025_995_min_MET_pt': [10000000.0, 10000000.0], '1050_1040': [0.0, 0.0], '1050_1040_passing_MET': [0.0, 0.0], '1050_1040_failing_MET': [0.0, 0.0], '1050_1040_min_MET_pt': [10000000.0, 10000000.0], '1050_1035': [0.0, 0.0], '1050_1035_passing_MET': [0.0, 0.0], '1050_1035_failing_MET': [0.0, 0.0], '1050_1035_min_MET_pt': [10000000.0, 10000000.0], '1050_1030': [0.0, 0.0], '1050_1030_passing_MET': [0.0, 0.0], '1050_1030_failing_MET': [0.0, 0.0], '1050_1030_min_MET_pt': [10000000.0, 10000000.0], '1050_1025': [0.0, 0.0], '1050_1025_passing_MET': [0.0, 0.0], '1050_1025_failing_MET': [0.0, 0.0], '1050_1025_min_MET_pt': [10000000.0, 10000000.0], '1050_1020': [0.0, 0.0], '1050_1020_passing_MET': [0.0, 0.0], '1050_1020_failing_MET': [0.0, 0.0], '1050_1020_min_MET_pt': [10000000.0, 10000000.0], '1075_1065': [0.0, 0.0], '1075_1065_passing_MET': [0.0, 0.0], '1075_1065_failing_MET': [0.0, 0.0], '1075_1065_min_MET_pt': [10000000.0, 10000000.0], '1075_1060': [0.0, 0.0], '1075_1060_passing_MET': [0.0, 0.0], '1075_1060_failing_MET': [0.0, 0.0], '1075_1060_min_MET_pt': [10000000.0, 10000000.0], '1075_1055': [0.0, 0.0], '1075_1055_passing_MET': [0.0, 0.0], '1075_1055_failing_MET': [0.0, 0.0], '1075_1055_min_MET_pt': [10000000.0, 10000000.0], '1075_1050': [0.0, 0.0], '1075_1050_passing_MET': [0.0, 0.0], '1075_1050_failing_MET': [0.0, 0.0], '1075_1050_min_MET_pt': [10000000.0, 10000000.0], '1075_1045': [0.0, 0.0], '1075_1045_passing_MET': [0.0, 0.0], '1075_1045_failing_MET': [0.0, 0.0], '1075_1045_min_MET_pt': [10000000.0, 10000000.0], '1100_1090': [963.0, 2107.0], '1100_1090_passing_MET': [0.0, 0.0], '1100_1090_failing_MET': [0.0, 0.0], '1100_1090_min_MET_pt': [10000000.0, 10000000.0], '1100_1085': [0.0, 0.0], '1100_1085_passing_MET': [0.0, 0.0], '1100_1085_failing_MET': [0.0, 0.0], '1100_1085_min_MET_pt': [10000000.0, 10000000.0], '1100_1080': [0.0, 0.0], '1100_1080_passing_MET': [0.0, 0.0], '1100_1080_failing_MET': [0.0, 0.0], '1100_1080_min_MET_pt': [10000000.0, 10000000.0], '1100_1075': [1038.0, 0.0], '1100_1075_passing_MET': [1013.0, 0.0], '1100_1075_failing_MET': [25.0, 0.0], '1100_1075_min_MET_pt': [49.84462356567383, 10000000.0], '1100_1070': [0.0, 0.0], '1100_1070_passing_MET': [0.0, 0.0], '1100_1070_failing_MET': [0.0, 0.0], '1100_1070_min_MET_pt': [10000000.0, 10000000.0], 'nEventsTotal': 191055.0, 'strange masspoints': 0.0, 'orphans': 0.0, 'R-hadron event': 0.0, 'different stop antistop masses': 0.0, 'strange error': 0.0, 'strange event': 0.0, 'different neutralino masses': 15392.0, 'large differences': 0.0, '826_795': [0.0, 1018.0], '826_795_passing_MET': [0.0, 994.0], '826_795_failing_MET': [0.0, 24.0], '826_795_min_MET_pt': [10000000.0, 41.87525939941406], '826_796': [0.0, 183.0], '826_796_passing_MET': [0.0, 179.0], '826_796_failing_MET': [0.0, 4.0], '826_796_min_MET_pt': [10000000.0, 34.32097244262695], '900_886': [0.0, 272.0], '900_886_passing_MET': [0.0, 262.0], '900_886_failing_MET': [0.0, 10.0], '900_886_min_MET_pt': [10000000.0, 57.06852340698242], '626_595': [911.0, 1776.0], '626_595_passing_MET': [881.0, 1710.0], '626_595_failing_MET': [30.0, 66.0], '626_595_min_MET_pt': [24.956777572631836, 15.644842147827148], '626_596': [160.0, 378.0], '626_596_passing_MET': [155.0, 367.0], '626_596_failing_MET': [5.0, 11.0], '626_596_min_MET_pt': [59.17318344116211, 43.741825103759766], '1000_976': [331.0, 0.0], '1000_976_passing_MET': [322.0, 0.0], '1000_976_failing_MET': [9.0, 0.0], '1000_976_min_MET_pt': [70.64909362792969, 10000000.0], '576_565': [1783.0, 895.0], '576_565_passing_MET': [1725.0, 869.0], '576_565_failing_MET': [58.0, 26.0], '576_565_min_MET_pt': [29.0748233795166, 13.867935180664062], '576_566': [160.0, 84.0], '576_566_passing_MET': [158.0, 81.0], '576_566_failing_MET': [2.0, 3.0], '576_566_min_MET_pt': [78.67945098876953, 90.76679992675781], '1024_995': [989.0, 0.0], '1024_995_passing_MET': [958.0, 0.0], '1024_995_failing_MET': [31.0, 0.0], '1024_995_min_MET_pt': [44.277095794677734, 10000000.0], '1024_996': [206.0, 0.0], '1024_996_passing_MET': [201.0, 0.0], '1024_996_failing_MET': [5.0, 0.0], '1024_996_min_MET_pt': [83.50670623779297, 10000000.0], '876_865': [0.0, 1991.0], '876_865_passing_MET': [0.0, 1945.0], '876_865_failing_MET': [0.0, 46.0], '876_865_min_MET_pt': [10000000.0, 19.88934898376465], '876_866': [0.0, 218.0], '876_866_passing_MET': [0.0, 212.0], '876_866_failing_MET': [0.0, 6.0], '876_866_min_MET_pt': [10000000.0, 62.59754943847656], '1052_1040': [1083.0, 3415.0], '1052_1040_passing_MET': [1060.0, 3337.0], '1052_1040_failing_MET': [23.0, 78.0], '1052_1040_min_MET_pt': [55.36315155029297, 25.884986877441406], '750_726': [350.0, 0.0], '750_726_passing_MET': [342.0, 0.0], '750_726_failing_MET': [8.0, 0.0], '750_726_min_MET_pt': [37.3532829284668, 10000000.0], '600_576': [0.0, 299.0], '600_576_passing_MET': [0.0, 289.0], '600_576_failing_MET': [0.0, 10.0], '600_576_min_MET_pt': [10000000.0, 84.67666625976562], '1052_1020': [1225.0, 1166.0], '1052_1020_passing_MET': [1190.0, 1135.0], '1052_1020_failing_MET': [35.0, 31.0], '1052_1020_min_MET_pt': [26.53534698486328, 53.426536560058594], '1052_1035': [1024.0, 0.0], '1052_1035_passing_MET': [1003.0, 0.0], '1052_1035_failing_MET': [21.0, 0.0], '1052_1035_min_MET_pt': [40.67924118041992, 10000000.0], '1052_1036': [132.0, 0.0], '1052_1036_passing_MET': [125.0, 0.0], '1052_1036_failing_MET': [7.0, 0.0], '1052_1036_min_MET_pt': [34.4805908203125, 10000000.0], '676_646': [186.0, 0.0], '676_646_passing_MET': [178.0, 0.0], '676_646_failing_MET': [8.0, 0.0], '676_646_min_MET_pt': [62.62405014038086, 10000000.0], '676_645': [930.0, 0.0], '676_645_passing_MET': [907.0, 0.0], '676_645_failing_MET': [23.0, 0.0], '676_645_min_MET_pt': [31.85737419128418, 10000000.0], '576_550': [0.0, 2021.0], '576_550_passing_MET': [0.0, 1948.0], '576_550_failing_MET': [0.0, 73.0], '576_550_min_MET_pt': [10000000.0, 17.04345703125], '726_715': [1879.0, 0.0], '726_715_passing_MET': [1838.0, 0.0], '726_715_failing_MET': [41.0, 0.0], '726_715_min_MET_pt': [32.95320510864258, 10000000.0], '726_716': [196.0, 0.0], '726_716_passing_MET': [189.0, 0.0], '726_716_failing_MET': [7.0, 0.0], '726_716_min_MET_pt': [57.74665451049805, 10000000.0], '526_515': [1727.0, 0.0], '526_515_passing_MET': [1679.0, 0.0], '526_515_failing_MET': [48.0, 0.0], '526_515_min_MET_pt': [22.160581588745117, 10000000.0], '526_516': [199.0, 0.0], '526_516_passing_MET': [196.0, 0.0], '526_516_failing_MET': [3.0, 0.0], '526_516_min_MET_pt': [58.16111755371094, 10000000.0], '700_686': [0.0, 140.0], '700_686_passing_MET': [0.0, 132.0], '700_686_failing_MET': [0.0, 8.0], '700_686_min_MET_pt': [10000000.0, 77.60626983642578], '726_710': [0.0, 1088.0], '726_710_passing_MET': [0.0, 1060.0], '726_710_failing_MET': [0.0, 28.0], '726_710_min_MET_pt': [10000000.0, 38.18833541870117], '826_815': [990.0, 2031.0], '826_815_passing_MET': [970.0, 1986.0], '826_815_failing_MET': [20.0, 45.0], '826_815_min_MET_pt': [62.77334976196289, 13.252094268798828], '826_816': [110.0, 182.0], '826_816_passing_MET': [107.0, 181.0], '826_816_failing_MET': [3.0, 1.0], '826_816_min_MET_pt': [49.69310760498047, 67.96373748779297], '1024_1015': [1037.0, 0.0], '1024_1015_passing_MET': [1020.0, 0.0], '1024_1015_failing_MET': [17.0, 0.0], '1024_1015_min_MET_pt': [17.985591888427734, 10000000.0], '1024_1016': [93.0, 0.0], '1024_1016_passing_MET': [88.0, 0.0], '1024_1016_failing_MET': [5.0, 0.0], '1024_1016_min_MET_pt': [88.47533416748047, 10000000.0], '976_966': [202.0, 0.0], '976_966_passing_MET': [197.0, 0.0], '976_966_failing_MET': [5.0, 0.0], '976_966_min_MET_pt': [88.41263580322266, 10000000.0], '976_965': [2046.0, 0.0], '976_965_passing_MET': [1998.0, 0.0], '976_965_failing_MET': [48.0, 0.0], '976_965_min_MET_pt': [4.51958703994751, 10000000.0], '826_805': [982.0, 1913.0], '826_805_passing_MET': [964.0, 1857.0], '826_805_failing_MET': [18.0, 56.0], '826_805_min_MET_pt': [46.98252868652344, 35.274322509765625], '826_806': [157.0, 329.0], '826_806_passing_MET': [154.0, 319.0], '826_806_failing_MET': [3.0, 10.0], '826_806_min_MET_pt': [85.906494140625, 44.6215705871582], '700_676': [171.0, 0.0], '700_676_passing_MET': [168.0, 0.0], '700_676_failing_MET': [3.0, 0.0], '700_676_min_MET_pt': [55.28767395019531, 10000000.0], '876_855': [914.0, 1965.0], '876_855_passing_MET': [882.0, 1919.0], '876_855_failing_MET': [32.0, 46.0], '876_855_min_MET_pt': [28.87918472290039, 24.63776206970215], '876_856': [149.0, 303.0], '876_856_passing_MET': [145.0, 297.0], '876_856_failing_MET': [4.0, 6.0], '876_856_min_MET_pt': [37.89889144897461, 77.68339538574219], '1100_1092': [91.0, 215.0], '1100_1092_passing_MET': [89.0, 209.0], '1100_1092_failing_MET': [2.0, 6.0], '1100_1092_min_MET_pt': [37.107276916503906, 57.934852600097656], '1076_1065': [1087.0, 0.0], '1076_1065_passing_MET': [1065.0, 0.0], '1076_1065_failing_MET': [22.0, 0.0], '1076_1065_min_MET_pt': [52.35671615600586, 10000000.0], '1076_1064': [115.0, 0.0], '1076_1064_passing_MET': [112.0, 0.0], '1076_1064_failing_MET': [3.0, 0.0], '1076_1064_min_MET_pt': [67.597412109375, 10000000.0], '850_836': [156.0, 138.0], '850_836_passing_MET': [153.0, 130.0], '850_836_failing_MET': [3.0, 8.0], '850_836_min_MET_pt': [70.27310943603516, 16.249271392822266], '626_600': [1064.0, 1092.0], '626_600_passing_MET': [1037.0, 1052.0], '626_600_failing_MET': [27.0, 40.0], '626_600_min_MET_pt': [28.483776092529297, 12.974655151367188], '726_695': [957.0, 0.0], '726_695_passing_MET': [928.0, 0.0], '726_695_failing_MET': [29.0, 0.0], '726_695_min_MET_pt': [46.34112548828125, 10000000.0], '726_696': [195.0, 0.0], '726_696_passing_MET': [190.0, 0.0], '726_696_failing_MET': [5.0, 0.0], '726_696_min_MET_pt': [73.83654022216797, 10000000.0], '926_915': [1072.0, 2035.0], '926_915_passing_MET': [1047.0, 1994.0], '926_915_failing_MET': [25.0, 41.0], '926_915_min_MET_pt': [16.16326141357422, 28.944435119628906], '926_916': [84.0, 182.0], '926_916_passing_MET': [82.0, 177.0], '926_916_failing_MET': [2.0, 5.0], '926_916_min_MET_pt': [37.21811294555664, 85.03775024414062], '1052_1030': [1015.0, 1018.0], '1052_1030_passing_MET': [991.0, 999.0], '1052_1030_failing_MET': [24.0, 19.0], '1052_1030_min_MET_pt': [38.7407341003418, 26.11903190612793], '1052_1032': [163.0, 162.0], '1052_1032_passing_MET': [163.0, 157.0], '1052_1032_failing_MET': [0.0, 5.0], '1052_1032_min_MET_pt': [103.14106750488281, 50.66404342651367], '676_660': [2171.0, 0.0], '676_660_passing_MET': [2117.0, 0.0], '676_660_failing_MET': [54.0, 0.0], '676_660_min_MET_pt': [55.195621490478516, 10000000.0], '1100_1076': [192.0, 0.0], '1100_1076_passing_MET': [184.0, 0.0], '1100_1076_failing_MET': [8.0, 0.0], '1100_1076_min_MET_pt': [37.449127197265625, 10000000.0], '776_745': [937.0, 0.0], '776_745_passing_MET': [919.0, 0.0], '776_745_failing_MET': [18.0, 0.0], '776_745_min_MET_pt': [61.1042594909668, 10000000.0], '776_746': [188.0, 0.0], '776_746_passing_MET': [184.0, 0.0], '776_746_failing_MET': [4.0, 0.0], '776_746_min_MET_pt': [82.28385925292969, 10000000.0], '826_800': [1130.0, 1125.0], '826_800_passing_MET': [1098.0, 1096.0], '826_800_failing_MET': [32.0, 29.0], '826_800_min_MET_pt': [33.3109245300293, 23.954120635986328], '550_526': [172.0, 166.0], '550_526_passing_MET': [165.0, 155.0], '550_526_failing_MET': [7.0, 11.0], '550_526_min_MET_pt': [54.103370666503906, 38.765968322753906], '776_756': [158.0, 0.0], '776_756_passing_MET': [154.0, 0.0], '776_756_failing_MET': [4.0, 0.0], '776_756_min_MET_pt': [62.82683563232422, 10000000.0], '776_755': [974.0, 0.0], '776_755_passing_MET': [952.0, 0.0], '776_755_failing_MET': [22.0, 0.0], '776_755_min_MET_pt': [46.57007598876953, 10000000.0], '726_705': [968.0, 933.0], '726_705_passing_MET': [943.0, 913.0], '726_705_failing_MET': [25.0, 20.0], '726_705_min_MET_pt': [15.64779281616211, 53.02439880371094], '726_706': [139.0, 165.0], '726_706_passing_MET': [137.0, 161.0], '726_706_failing_MET': [2.0, 4.0], '726_706_min_MET_pt': [49.08563232421875, 44.134788513183594], '626_615': [925.0, 0.0], '626_615_passing_MET': [895.0, 0.0], '626_615_failing_MET': [30.0, 0.0], '626_615_min_MET_pt': [16.7703914642334, 10000000.0], '626_616': [85.0, 0.0], '626_616_passing_MET': [83.0, 0.0], '626_616_failing_MET': [2.0, 0.0], '626_616_min_MET_pt': [57.52907180786133, 10000000.0], '876_860': [1072.0, 0.0], '876_860_passing_MET': [1049.0, 0.0], '876_860_failing_MET': [23.0, 0.0], '876_860_min_MET_pt': [56.56494903564453, 10000000.0], '776_760': [1118.0, 0.0], '776_760_passing_MET': [1088.0, 0.0], '776_760_failing_MET': [30.0, 0.0], '776_760_min_MET_pt': [34.5810661315918, 10000000.0], '850_826': [0.0, 181.0], '850_826_passing_MET': [0.0, 179.0], '850_826_failing_MET': [0.0, 2.0], '850_826_min_MET_pt': [10000000.0, 36.76354217529297], '976_945': [0.0, 1007.0], '976_945_passing_MET': [0.0, 978.0], '976_945_failing_MET': [0.0, 29.0], '976_945_min_MET_pt': [10000000.0, 44.3118896484375], '976_946': [0.0, 178.0], '976_946_passing_MET': [0.0, 173.0], '976_946_failing_MET': [0.0, 5.0], '976_946_min_MET_pt': [10000000.0, 52.92515563964844], '1024_1000': [1160.0, 0.0], '1024_1000_passing_MET': [1143.0, 0.0], '1024_1000_failing_MET': [17.0, 0.0], '1024_1000_min_MET_pt': [8.315485954284668, 10000000.0], '976_955': [974.0, 0.0], '976_955_passing_MET': [950.0, 0.0], '976_955_failing_MET': [24.0, 0.0], '976_955_min_MET_pt': [50.37474060058594, 10000000.0], '976_956': [162.0, 0.0], '976_956_passing_MET': [160.0, 0.0], '976_956_failing_MET': [2.0, 0.0], '976_956_min_MET_pt': [88.76472473144531, 10000000.0], '776_766': [94.0, 0.0], '776_766_passing_MET': [89.0, 0.0], '776_766_failing_MET': [5.0, 0.0], '776_766_min_MET_pt': [79.93064880371094, 10000000.0], '776_765': [994.0, 0.0], '776_765_passing_MET': [974.0, 0.0], '776_765_failing_MET': [20.0, 0.0], '776_765_min_MET_pt': [56.44142532348633, 10000000.0], '676_666': [86.0, 0.0], '676_666_passing_MET': [83.0, 0.0], '676_666_failing_MET': [3.0, 0.0], '676_666_min_MET_pt': [84.4537582397461, 10000000.0], '676_665': [970.0, 0.0], '676_665_passing_MET': [944.0, 0.0], '676_665_failing_MET': [26.0, 0.0], '676_665_min_MET_pt': [54.354225158691406, 10000000.0], '526_500': [1007.0, 0.0], '526_500_passing_MET': [970.0, 0.0], '526_500_failing_MET': [37.0, 0.0], '526_500_min_MET_pt': [10.389690399169922, 10000000.0], '550_536': [116.0, 0.0], '550_536_passing_MET': [112.0, 0.0], '550_536_failing_MET': [4.0, 0.0], '550_536_min_MET_pt': [70.33765411376953, 10000000.0]}
nevents_from_dict =  3550335872.779099
Results saved to /afs/cern.ch/work/m/mleoncoe/private/stop_met_check/outputs_2018/nanoAOD_261.json
done
