i am in this directory
/pool/condor/dir_3035678
Python 3.9.23
3.9.23
 will run this python stop_check_met_eff.py /eos/user/m/mleoncoe/stop_event_check/privateNanoAod2018/nanoAOD_432.root /afs/cern.ch/work/m/mleoncoe/private/stop_met_check/outputs_2018/nanoAOD_432.json
event num1000
event num2000
event num3000
event num4000
event num5000
event num6000
event num7000
event num8000
event num9000
event num10000
event num11000
event num12000
event num13000
event num14000
event num15000
event num16000
event num17000
event num18000
event num19000
event num20000
event num21000
event num22000
event num23000
event num24000
event num25000
event num26000
event num27000
event num28000
event num29000
event num30000
event num31000
event num32000
event num33000
event num34000
event num35000
event num36000
event num37000
event num38000
event num39000
event num40000
event num41000
event num42000
event num43000
event num44000
event num45000
event num46000
event num47000
event num48000
event num49000
event num50000
event num51000
event num52000
event num53000
event num54000
event num55000
event num56000
event num57000
event num58000
event num59000
event num60000
event num61000
event num62000
event num63000
event num64000
event num65000
event num66000
event num67000
event num68000
event num69000
event num70000
event num71000
event num72000
event num73000
event num74000
event num75000
event num76000
event num77000
event num78000
event num79000
event num80000
event num81000
event num82000
event num83000
event num84000
event num85000
event num86000
event num87000
event num88000
event num89000
event num90000
event num91000
event num92000
event num93000
event num94000
event num95000
event num96000
event num97000
event num98000
event num99000
event num100000
event num101000
event num102000
event num103000
event num104000
event num105000
event num106000
event num107000
event num108000
event num109000
event num110000
{'250_240': [0.0, 2028.0], '250_240_passing_MET': [0.0, 1973.0], '250_240_failing_MET': [0.0, 55.0], '250_240_min_MET_pt': [10000000.0, 19.500560760498047], '250_235': [733.0, 0.0], '250_235_passing_MET': [703.0, 0.0], '250_235_failing_MET': [30.0, 0.0], '250_235_min_MET_pt': [38.997947692871094, 10000000.0], '250_230': [745.0, 0.0], '250_230_passing_MET': [712.0, 0.0], '250_230_failing_MET': [33.0, 0.0], '250_230_min_MET_pt': [24.002552032470703, 10000000.0], '250_225': [0.0, 0.0], '250_225_passing_MET': [0.0, 0.0], '250_225_failing_MET': [0.0, 0.0], '250_225_min_MET_pt': [10000000.0, 10000000.0], '250_220': [769.0, 0.0], '250_220_passing_MET': [727.0, 0.0], '250_220_failing_MET': [42.0, 0.0], '250_220_min_MET_pt': [41.366943359375, 10000000.0], '275_265': [756.0, 1445.0], '275_265_passing_MET': [0.0, 0.0], '275_265_failing_MET': [0.0, 0.0], '275_265_min_MET_pt': [10000000.0, 10000000.0], '275_260': [0.0, 0.0], '275_260_passing_MET': [0.0, 0.0], '275_260_failing_MET': [0.0, 0.0], '275_260_min_MET_pt': [10000000.0, 10000000.0], '275_255': [0.0, 0.0], '275_255_passing_MET': [0.0, 0.0], '275_255_failing_MET': [0.0, 0.0], '275_255_min_MET_pt': [10000000.0, 10000000.0], '275_250': [760.0, 811.0], '275_250_passing_MET': [0.0, 0.0], '275_250_failing_MET': [0.0, 0.0], '275_250_min_MET_pt': [10000000.0, 10000000.0], '275_245': [0.0, 0.0], '275_245_passing_MET': [0.0, 0.0], '275_245_failing_MET': [0.0, 0.0], '275_245_min_MET_pt': [10000000.0, 10000000.0], '300_290': [0.0, 0.0], '300_290_passing_MET': [0.0, 0.0], '300_290_failing_MET': [0.0, 0.0], '300_290_min_MET_pt': [10000000.0, 10000000.0], '300_285': [803.0, 2437.0], '300_285_passing_MET': [0.0, 0.0], '300_285_failing_MET': [0.0, 0.0], '300_285_min_MET_pt': [10000000.0, 10000000.0], '300_280': [0.0, 0.0], '300_280_passing_MET': [0.0, 0.0], '300_280_failing_MET': [0.0, 0.0], '300_280_min_MET_pt': [10000000.0, 10000000.0], '300_275': [0.0, 0.0], '300_275_passing_MET': [0.0, 0.0], '300_275_failing_MET': [0.0, 0.0], '300_275_min_MET_pt': [10000000.0, 10000000.0], '300_270': [0.0, 2591.0], '300_270_passing_MET': [0.0, 2465.0], '300_270_failing_MET': [0.0, 126.0], '300_270_min_MET_pt': [10000000.0, 19.184595108032227], '325_315': [836.0, 1645.0], '325_315_passing_MET': [0.0, 0.0], '325_315_failing_MET': [0.0, 0.0], '325_315_min_MET_pt': [10000000.0, 10000000.0], '325_310': [823.0, 0.0], '325_310_passing_MET': [795.0, 0.0], '325_310_failing_MET': [28.0, 0.0], '325_310_min_MET_pt': [14.150238037109375, 10000000.0], '325_305': [0.0, 0.0], '325_305_passing_MET': [0.0, 0.0], '325_305_failing_MET': [0.0, 0.0], '325_305_min_MET_pt': [10000000.0, 10000000.0], '325_300': [0.0, 0.0], '325_300_passing_MET': [0.0, 0.0], '325_300_failing_MET': [0.0, 0.0], '325_300_min_MET_pt': [10000000.0, 10000000.0], '325_295': [0.0, 876.0], '325_295_passing_MET': [0.0, 832.0], '325_295_failing_MET': [0.0, 44.0], '325_295_min_MET_pt': [10000000.0, 20.205162048339844], '350_340': [0.0, 0.0], '350_340_passing_MET': [0.0, 0.0], '350_340_failing_MET': [0.0, 0.0], '350_340_min_MET_pt': [10000000.0, 10000000.0], '350_335': [0.0, 0.0], '350_335_passing_MET': [0.0, 0.0], '350_335_failing_MET': [0.0, 0.0], '350_335_min_MET_pt': [10000000.0, 10000000.0], '350_330': [824.0, 0.0], '350_330_passing_MET': [791.0, 0.0], '350_330_failing_MET': [33.0, 0.0], '350_330_min_MET_pt': [37.437591552734375, 10000000.0], '350_325': [1770.0, 0.0], '350_325_passing_MET': [1701.0, 0.0], '350_325_failing_MET': [69.0, 0.0], '350_325_min_MET_pt': [19.09592056274414, 10000000.0], '350_320': [920.0, 0.0], '350_320_passing_MET': [882.0, 0.0], '350_320_failing_MET': [38.0, 0.0], '350_320_min_MET_pt': [46.993228912353516, 10000000.0], '375_365': [2619.0, 866.0], '375_365_passing_MET': [0.0, 0.0], '375_365_failing_MET': [0.0, 0.0], '375_365_min_MET_pt': [10000000.0, 10000000.0], '375_360': [0.0, 0.0], '375_360_passing_MET': [0.0, 0.0], '375_360_failing_MET': [0.0, 0.0], '375_360_min_MET_pt': [10000000.0, 10000000.0], '375_355': [867.0, 0.0], '375_355_passing_MET': [833.0, 0.0], '375_355_failing_MET': [34.0, 0.0], '375_355_min_MET_pt': [32.34162521362305, 10000000.0], '375_350': [881.0, 0.0], '375_350_passing_MET': [844.0, 0.0], '375_350_failing_MET': [37.0, 0.0], '375_350_min_MET_pt': [23.352537155151367, 10000000.0], '375_345': [0.0, 888.0], '375_345_passing_MET': [0.0, 843.0], '375_345_failing_MET': [0.0, 45.0], '375_345_min_MET_pt': [10000000.0, 32.706398010253906], '400_390': [0.0, 901.0], '400_390_passing_MET': [0.0, 884.0], '400_390_failing_MET': [0.0, 17.0], '400_390_min_MET_pt': [10000000.0, 16.838180541992188], '400_385': [0.0, 0.0], '400_385_passing_MET': [0.0, 0.0], '400_385_failing_MET': [0.0, 0.0], '400_385_min_MET_pt': [10000000.0, 10000000.0], '400_380': [0.0, 904.0], '400_380_passing_MET': [0.0, 871.0], '400_380_failing_MET': [0.0, 33.0], '400_380_min_MET_pt': [10000000.0, 37.22920227050781], '400_375': [0.0, 0.0], '400_375_passing_MET': [0.0, 0.0], '400_375_failing_MET': [0.0, 0.0], '400_375_min_MET_pt': [10000000.0, 10000000.0], '400_370': [1882.0, 0.0], '400_370_passing_MET': [1804.0, 0.0], '400_370_failing_MET': [78.0, 0.0], '400_370_min_MET_pt': [23.39021873474121, 10000000.0], '425_415': [891.0, 870.0], '425_415_passing_MET': [0.0, 0.0], '425_415_failing_MET': [0.0, 0.0], '425_415_min_MET_pt': [10000000.0, 10000000.0], '425_410': [0.0, 0.0], '425_410_passing_MET': [0.0, 0.0], '425_410_failing_MET': [0.0, 0.0], '425_410_min_MET_pt': [10000000.0, 10000000.0], '425_405': [0.0, 0.0], '425_405_passing_MET': [0.0, 0.0], '425_405_failing_MET': [0.0, 0.0], '425_405_min_MET_pt': [10000000.0, 10000000.0], '425_400': [0.0, 934.0], '425_400_passing_MET': [0.0, 895.0], '425_400_failing_MET': [0.0, 39.0], '425_400_min_MET_pt': [10000000.0, 20.0828857421875], '425_395': [0.0, 0.0], '425_395_passing_MET': [0.0, 0.0], '425_395_failing_MET': [0.0, 0.0], '425_395_min_MET_pt': [10000000.0, 10000000.0], '450_440': [914.0, 0.0], '450_440_passing_MET': [884.0, 0.0], '450_440_failing_MET': [30.0, 0.0], '450_440_min_MET_pt': [6.676491737365723, 10000000.0], '450_435': [906.0, 0.0], '450_435_passing_MET': [873.0, 0.0], '450_435_failing_MET': [33.0, 0.0], '450_435_min_MET_pt': [36.40140914916992, 10000000.0], '450_430': [942.0, 1911.0], '450_430_passing_MET': [0.0, 0.0], '450_430_failing_MET': [0.0, 0.0], '450_430_min_MET_pt': [10000000.0, 10000000.0], '450_425': [0.0, 0.0], '450_425_passing_MET': [0.0, 0.0], '450_425_failing_MET': [0.0, 0.0], '450_425_min_MET_pt': [10000000.0, 10000000.0], '450_420': [0.0, 986.0], '450_420_passing_MET': [0.0, 943.0], '450_420_failing_MET': [0.0, 43.0], '450_420_min_MET_pt': [10000000.0, 37.657615661621094], '475_465': [894.0, 0.0], '475_465_passing_MET': [861.0, 0.0], '475_465_failing_MET': [33.0, 0.0], '475_465_min_MET_pt': [31.423187255859375, 10000000.0], '475_460': [0.0, 942.0], '475_460_passing_MET': [0.0, 912.0], '475_460_failing_MET': [0.0, 30.0], '475_460_min_MET_pt': [10000000.0, 44.02561569213867], '475_455': [0.0, 0.0], '475_455_passing_MET': [0.0, 0.0], '475_455_failing_MET': [0.0, 0.0], '475_455_min_MET_pt': [10000000.0, 10000000.0], '475_450': [0.0, 945.0], '475_450_passing_MET': [0.0, 925.0], '475_450_failing_MET': [0.0, 20.0], '475_450_min_MET_pt': [10000000.0, 42.954315185546875], '475_445': [0.0, 0.0], '475_445_passing_MET': [0.0, 0.0], '475_445_failing_MET': [0.0, 0.0], '475_445_min_MET_pt': [10000000.0, 10000000.0], '500_490': [0.0, 948.0], '500_490_passing_MET': [0.0, 926.0], '500_490_failing_MET': [0.0, 22.0], '500_490_min_MET_pt': [10000000.0, 51.45744705200195], '500_485': [0.0, 0.0], '500_485_passing_MET': [0.0, 0.0], '500_485_failing_MET': [0.0, 0.0], '500_485_min_MET_pt': [10000000.0, 10000000.0], '500_480': [0.0, 0.0], '500_480_passing_MET': [0.0, 0.0], '500_480_failing_MET': [0.0, 0.0], '500_480_min_MET_pt': [10000000.0, 10000000.0], '500_475': [0.0, 0.0], '500_475_passing_MET': [0.0, 0.0], '500_475_failing_MET': [0.0, 0.0], '500_475_min_MET_pt': [10000000.0, 10000000.0], '500_470': [0.0, 1004.0], '500_470_passing_MET': [0.0, 970.0], '500_470_failing_MET': [0.0, 34.0], '500_470_min_MET_pt': [10000000.0, 16.612144470214844], '525_515': [0.0, 0.0], '525_515_passing_MET': [0.0, 0.0], '525_515_failing_MET': [0.0, 0.0], '525_515_min_MET_pt': [10000000.0, 10000000.0], '525_510': [0.0, 0.0], '525_510_passing_MET': [0.0, 0.0], '525_510_failing_MET': [0.0, 0.0], '525_510_min_MET_pt': [10000000.0, 10000000.0], '525_505': [0.0, 0.0], '525_505_passing_MET': [0.0, 0.0], '525_505_failing_MET': [0.0, 0.0], '525_505_min_MET_pt': [10000000.0, 10000000.0], '525_500': [0.0, 0.0], '525_500_passing_MET': [0.0, 0.0], '525_500_failing_MET': [0.0, 0.0], '525_500_min_MET_pt': [10000000.0, 10000000.0], '525_495': [0.0, 0.0], '525_495_passing_MET': [0.0, 0.0], '525_495_failing_MET': [0.0, 0.0], '525_495_min_MET_pt': [10000000.0, 10000000.0], '550_540': [1959.0, 938.0], '550_540_passing_MET': [0.0, 0.0], '550_540_failing_MET': [0.0, 0.0], '550_540_min_MET_pt': [10000000.0, 10000000.0], '550_535': [0.0, 0.0], '550_535_passing_MET': [0.0, 0.0], '550_535_failing_MET': [0.0, 0.0], '550_535_min_MET_pt': [10000000.0, 10000000.0], '550_530': [0.0, 0.0], '550_530_passing_MET': [0.0, 0.0], '550_530_failing_MET': [0.0, 0.0], '550_530_min_MET_pt': [10000000.0, 10000000.0], '550_525': [0.0, 0.0], '550_525_passing_MET': [0.0, 0.0], '550_525_failing_MET': [0.0, 0.0], '550_525_min_MET_pt': [10000000.0, 10000000.0], '550_520': [0.0, 0.0], '550_520_passing_MET': [0.0, 0.0], '550_520_failing_MET': [0.0, 0.0], '550_520_min_MET_pt': [10000000.0, 10000000.0], '575_565': [0.0, 0.0], '575_565_passing_MET': [0.0, 0.0], '575_565_failing_MET': [0.0, 0.0], '575_565_min_MET_pt': [10000000.0, 10000000.0], '575_560': [0.0, 0.0], '575_560_passing_MET': [0.0, 0.0], '575_560_failing_MET': [0.0, 0.0], '575_560_min_MET_pt': [10000000.0, 10000000.0], '575_555': [0.0, 0.0], '575_555_passing_MET': [0.0, 0.0], '575_555_failing_MET': [0.0, 0.0], '575_555_min_MET_pt': [10000000.0, 10000000.0], '575_550': [0.0, 0.0], '575_550_passing_MET': [0.0, 0.0], '575_550_failing_MET': [0.0, 0.0], '575_550_min_MET_pt': [10000000.0, 10000000.0], '575_545': [0.0, 0.0], '575_545_passing_MET': [0.0, 0.0], '575_545_failing_MET': [0.0, 0.0], '575_545_min_MET_pt': [10000000.0, 10000000.0], '600_590': [0.0, 0.0], '600_590_passing_MET': [0.0, 0.0], '600_590_failing_MET': [0.0, 0.0], '600_590_min_MET_pt': [10000000.0, 10000000.0], '600_585': [0.0, 0.0], '600_585_passing_MET': [0.0, 0.0], '600_585_failing_MET': [0.0, 0.0], '600_585_min_MET_pt': [10000000.0, 10000000.0], '600_580': [0.0, 0.0], '600_580_passing_MET': [0.0, 0.0], '600_580_failing_MET': [0.0, 0.0], '600_580_min_MET_pt': [10000000.0, 10000000.0], '600_575': [0.0, 0.0], '600_575_passing_MET': [0.0, 0.0], '600_575_failing_MET': [0.0, 0.0], '600_575_min_MET_pt': [10000000.0, 10000000.0], '600_570': [0.0, 0.0], '600_570_passing_MET': [0.0, 0.0], '600_570_failing_MET': [0.0, 0.0], '600_570_min_MET_pt': [10000000.0, 10000000.0], '625_615': [0.0, 0.0], '625_615_passing_MET': [0.0, 0.0], '625_615_failing_MET': [0.0, 0.0], '625_615_min_MET_pt': [10000000.0, 10000000.0], '625_610': [0.0, 0.0], '625_610_passing_MET': [0.0, 0.0], '625_610_failing_MET': [0.0, 0.0], '625_610_min_MET_pt': [10000000.0, 10000000.0], '625_605': [0.0, 0.0], '625_605_passing_MET': [0.0, 0.0], '625_605_failing_MET': [0.0, 0.0], '625_605_min_MET_pt': [10000000.0, 10000000.0], '625_600': [0.0, 0.0], '625_600_passing_MET': [0.0, 0.0], '625_600_failing_MET': [0.0, 0.0], '625_600_min_MET_pt': [10000000.0, 10000000.0], '625_595': [0.0, 0.0], '625_595_passing_MET': [0.0, 0.0], '625_595_failing_MET': [0.0, 0.0], '625_595_min_MET_pt': [10000000.0, 10000000.0], '650_640': [991.0, 0.0], '650_640_passing_MET': [966.0, 0.0], '650_640_failing_MET': [25.0, 0.0], '650_640_min_MET_pt': [47.90438461303711, 10000000.0], '650_635': [0.0, 903.0], '650_635_passing_MET': [0.0, 885.0], '650_635_failing_MET': [0.0, 18.0], '650_635_min_MET_pt': [10000000.0, 44.263946533203125], '650_630': [0.0, 0.0], '650_630_passing_MET': [0.0, 0.0], '650_630_failing_MET': [0.0, 0.0], '650_630_min_MET_pt': [10000000.0, 10000000.0], '650_625': [0.0, 0.0], '650_625_passing_MET': [0.0, 0.0], '650_625_failing_MET': [0.0, 0.0], '650_625_min_MET_pt': [10000000.0, 10000000.0], '650_620': [1118.0, 0.0], '650_620_passing_MET': [1075.0, 0.0], '650_620_failing_MET': [43.0, 0.0], '650_620_min_MET_pt': [14.5731782913208, 10000000.0], '675_665': [0.0, 0.0], '675_665_passing_MET': [0.0, 0.0], '675_665_failing_MET': [0.0, 0.0], '675_665_min_MET_pt': [10000000.0, 10000000.0], '675_660': [0.0, 0.0], '675_660_passing_MET': [0.0, 0.0], '675_660_failing_MET': [0.0, 0.0], '675_660_min_MET_pt': [10000000.0, 10000000.0], '675_655': [0.0, 0.0], '675_655_passing_MET': [0.0, 0.0], '675_655_failing_MET': [0.0, 0.0], '675_655_min_MET_pt': [10000000.0, 10000000.0], '675_650': [0.0, 0.0], '675_650_passing_MET': [0.0, 0.0], '675_650_failing_MET': [0.0, 0.0], '675_650_min_MET_pt': [10000000.0, 10000000.0], '675_645': [0.0, 0.0], '675_645_passing_MET': [0.0, 0.0], '675_645_failing_MET': [0.0, 0.0], '675_645_min_MET_pt': [10000000.0, 10000000.0], '700_690': [2159.0, 1993.0], '700_690_passing_MET': [0.0, 0.0], '700_690_failing_MET': [0.0, 0.0], '700_690_min_MET_pt': [10000000.0, 10000000.0], '700_685': [0.0, 0.0], '700_685_passing_MET': [0.0, 0.0], '700_685_failing_MET': [0.0, 0.0], '700_685_min_MET_pt': [10000000.0, 10000000.0], '700_680': [0.0, 2226.0], '700_680_passing_MET': [0.0, 2177.0], '700_680_failing_MET': [0.0, 49.0], '700_680_min_MET_pt': [10000000.0, 3.916574716567993], '700_675': [0.0, 0.0], '700_675_passing_MET': [0.0, 0.0], '700_675_failing_MET': [0.0, 0.0], '700_675_min_MET_pt': [10000000.0, 10000000.0], '700_670': [1094.0, 0.0], '700_670_passing_MET': [1056.0, 0.0], '700_670_failing_MET': [38.0, 0.0], '700_670_min_MET_pt': [42.30317687988281, 10000000.0], '725_715': [0.0, 0.0], '725_715_passing_MET': [0.0, 0.0], '725_715_failing_MET': [0.0, 0.0], '725_715_min_MET_pt': [10000000.0, 10000000.0], '725_710': [0.0, 0.0], '725_710_passing_MET': [0.0, 0.0], '725_710_failing_MET': [0.0, 0.0], '725_710_min_MET_pt': [10000000.0, 10000000.0], '725_705': [0.0, 0.0], '725_705_passing_MET': [0.0, 0.0], '725_705_failing_MET': [0.0, 0.0], '725_705_min_MET_pt': [10000000.0, 10000000.0], '725_700': [0.0, 0.0], '725_700_passing_MET': [0.0, 0.0], '725_700_failing_MET': [0.0, 0.0], '725_700_min_MET_pt': [10000000.0, 10000000.0], '725_695': [0.0, 0.0], '725_695_passing_MET': [0.0, 0.0], '725_695_failing_MET': [0.0, 0.0], '725_695_min_MET_pt': [10000000.0, 10000000.0], '750_740': [0.0, 1067.0], '750_740_passing_MET': [0.0, 1048.0], '750_740_failing_MET': [0.0, 19.0], '750_740_min_MET_pt': [10000000.0, 41.65769577026367], '750_735': [0.0, 0.0], '750_735_passing_MET': [0.0, 0.0], '750_735_failing_MET': [0.0, 0.0], '750_735_min_MET_pt': [10000000.0, 10000000.0], '750_730': [0.0, 0.0], '750_730_passing_MET': [0.0, 0.0], '750_730_failing_MET': [0.0, 0.0], '750_730_min_MET_pt': [10000000.0, 10000000.0], '750_725': [0.0, 939.0], '750_725_passing_MET': [0.0, 914.0], '750_725_failing_MET': [0.0, 25.0], '750_725_min_MET_pt': [10000000.0, 47.02945327758789], '750_720': [1142.0, 0.0], '750_720_passing_MET': [1098.0, 0.0], '750_720_failing_MET': [44.0, 0.0], '750_720_min_MET_pt': [29.931535720825195, 10000000.0], '775_765': [0.0, 0.0], '775_765_passing_MET': [0.0, 0.0], '775_765_failing_MET': [0.0, 0.0], '775_765_min_MET_pt': [10000000.0, 10000000.0], '775_760': [0.0, 0.0], '775_760_passing_MET': [0.0, 0.0], '775_760_failing_MET': [0.0, 0.0], '775_760_min_MET_pt': [10000000.0, 10000000.0], '775_755': [0.0, 0.0], '775_755_passing_MET': [0.0, 0.0], '775_755_failing_MET': [0.0, 0.0], '775_755_min_MET_pt': [10000000.0, 10000000.0], '775_750': [0.0, 0.0], '775_750_passing_MET': [0.0, 0.0], '775_750_failing_MET': [0.0, 0.0], '775_750_min_MET_pt': [10000000.0, 10000000.0], '775_745': [0.0, 0.0], '775_745_passing_MET': [0.0, 0.0], '775_745_failing_MET': [0.0, 0.0], '775_745_min_MET_pt': [10000000.0, 10000000.0], '800_790': [0.0, 0.0], '800_790_passing_MET': [0.0, 0.0], '800_790_failing_MET': [0.0, 0.0], '800_790_min_MET_pt': [10000000.0, 10000000.0], '800_785': [0.0, 953.0], '800_785_passing_MET': [0.0, 935.0], '800_785_failing_MET': [0.0, 18.0], '800_785_min_MET_pt': [10000000.0, 62.06103515625], '800_780': [2210.0, 0.0], '800_780_passing_MET': [2141.0, 0.0], '800_780_failing_MET': [69.0, 0.0], '800_780_min_MET_pt': [9.597755432128906, 10000000.0], '800_775': [0.0, 0.0], '800_775_passing_MET': [0.0, 0.0], '800_775_failing_MET': [0.0, 0.0], '800_775_min_MET_pt': [10000000.0, 10000000.0], '800_770': [0.0, 0.0], '800_770_passing_MET': [0.0, 0.0], '800_770_failing_MET': [0.0, 0.0], '800_770_min_MET_pt': [10000000.0, 10000000.0], '825_815': [0.0, 0.0], '825_815_passing_MET': [0.0, 0.0], '825_815_failing_MET': [0.0, 0.0], '825_815_min_MET_pt': [10000000.0, 10000000.0], '825_810': [0.0, 0.0], '825_810_passing_MET': [0.0, 0.0], '825_810_failing_MET': [0.0, 0.0], '825_810_min_MET_pt': [10000000.0, 10000000.0], '825_805': [0.0, 0.0], '825_805_passing_MET': [0.0, 0.0], '825_805_failing_MET': [0.0, 0.0], '825_805_min_MET_pt': [10000000.0, 10000000.0], '825_800': [0.0, 0.0], '825_800_passing_MET': [0.0, 0.0], '825_800_failing_MET': [0.0, 0.0], '825_800_min_MET_pt': [10000000.0, 10000000.0], '825_795': [0.0, 0.0], '825_795_passing_MET': [0.0, 0.0], '825_795_failing_MET': [0.0, 0.0], '825_795_min_MET_pt': [10000000.0, 10000000.0], '850_840': [0.0, 1028.0], '850_840_passing_MET': [0.0, 999.0], '850_840_failing_MET': [0.0, 29.0], '850_840_min_MET_pt': [10000000.0, 51.75984191894531], '850_835': [0.0, 0.0], '850_835_passing_MET': [0.0, 0.0], '850_835_failing_MET': [0.0, 0.0], '850_835_min_MET_pt': [10000000.0, 10000000.0], '850_830': [0.0, 0.0], '850_830_passing_MET': [0.0, 0.0], '850_830_failing_MET': [0.0, 0.0], '850_830_min_MET_pt': [10000000.0, 10000000.0], '850_825': [0.0, 0.0], '850_825_passing_MET': [0.0, 0.0], '850_825_failing_MET': [0.0, 0.0], '850_825_min_MET_pt': [10000000.0, 10000000.0], '850_820': [0.0, 0.0], '850_820_passing_MET': [0.0, 0.0], '850_820_failing_MET': [0.0, 0.0], '850_820_min_MET_pt': [10000000.0, 10000000.0], '875_865': [0.0, 0.0], '875_865_passing_MET': [0.0, 0.0], '875_865_failing_MET': [0.0, 0.0], '875_865_min_MET_pt': [10000000.0, 10000000.0], '875_860': [0.0, 0.0], '875_860_passing_MET': [0.0, 0.0], '875_860_failing_MET': [0.0, 0.0], '875_860_min_MET_pt': [10000000.0, 10000000.0], '875_855': [0.0, 0.0], '875_855_passing_MET': [0.0, 0.0], '875_855_failing_MET': [0.0, 0.0], '875_855_min_MET_pt': [10000000.0, 10000000.0], '875_850': [0.0, 0.0], '875_850_passing_MET': [0.0, 0.0], '875_850_failing_MET': [0.0, 0.0], '875_850_min_MET_pt': [10000000.0, 10000000.0], '875_845': [0.0, 0.0], '875_845_passing_MET': [0.0, 0.0], '875_845_failing_MET': [0.0, 0.0], '875_845_min_MET_pt': [10000000.0, 10000000.0], '900_890': [1091.0, 2237.0], '900_890_passing_MET': [0.0, 0.0], '900_890_failing_MET': [0.0, 0.0], '900_890_min_MET_pt': [10000000.0, 10000000.0], '900_885': [986.0, 0.0], '900_885_passing_MET': [963.0, 0.0], '900_885_failing_MET': [23.0, 0.0], '900_885_min_MET_pt': [55.61391067504883, 10000000.0], '900_880': [0.0, 0.0], '900_880_passing_MET': [0.0, 0.0], '900_880_failing_MET': [0.0, 0.0], '900_880_min_MET_pt': [10000000.0, 10000000.0], '900_875': [0.0, 0.0], '900_875_passing_MET': [0.0, 0.0], '900_875_failing_MET': [0.0, 0.0], '900_875_min_MET_pt': [10000000.0, 10000000.0], '900_870': [0.0, 0.0], '900_870_passing_MET': [0.0, 0.0], '900_870_failing_MET': [0.0, 0.0], '900_870_min_MET_pt': [10000000.0, 10000000.0], '925_915': [0.0, 0.0], '925_915_passing_MET': [0.0, 0.0], '925_915_failing_MET': [0.0, 0.0], '925_915_min_MET_pt': [10000000.0, 10000000.0], '925_910': [0.0, 0.0], '925_910_passing_MET': [0.0, 0.0], '925_910_failing_MET': [0.0, 0.0], '925_910_min_MET_pt': [10000000.0, 10000000.0], '925_905': [0.0, 0.0], '925_905_passing_MET': [0.0, 0.0], '925_905_failing_MET': [0.0, 0.0], '925_905_min_MET_pt': [10000000.0, 10000000.0], '925_900': [0.0, 0.0], '925_900_passing_MET': [0.0, 0.0], '925_900_failing_MET': [0.0, 0.0], '925_900_min_MET_pt': [10000000.0, 10000000.0], '925_895': [0.0, 0.0], '925_895_passing_MET': [0.0, 0.0], '925_895_failing_MET': [0.0, 0.0], '925_895_min_MET_pt': [10000000.0, 10000000.0], '950_940': [0.0, 1145.0], '950_940_passing_MET': [0.0, 1112.0], '950_940_failing_MET': [0.0, 33.0], '950_940_min_MET_pt': [10000000.0, 33.06309509277344], '950_935': [957.0, 979.0], '950_935_passing_MET': [0.0, 0.0], '950_935_failing_MET': [0.0, 0.0], '950_935_min_MET_pt': [10000000.0, 10000000.0], '950_930': [0.0, 1214.0], '950_930_passing_MET': [0.0, 1182.0], '950_930_failing_MET': [0.0, 32.0], '950_930_min_MET_pt': [10000000.0, 34.05630111694336], '950_925': [0.0, 0.0], '950_925_passing_MET': [0.0, 0.0], '950_925_failing_MET': [0.0, 0.0], '950_925_min_MET_pt': [10000000.0, 10000000.0], '950_920': [0.0, 0.0], '950_920_passing_MET': [0.0, 0.0], '950_920_failing_MET': [0.0, 0.0], '950_920_min_MET_pt': [10000000.0, 10000000.0], '975_965': [0.0, 0.0], '975_965_passing_MET': [0.0, 0.0], '975_965_failing_MET': [0.0, 0.0], '975_965_min_MET_pt': [10000000.0, 10000000.0], '975_960': [0.0, 0.0], '975_960_passing_MET': [0.0, 0.0], '975_960_failing_MET': [0.0, 0.0], '975_960_min_MET_pt': [10000000.0, 10000000.0], '975_955': [0.0, 0.0], '975_955_passing_MET': [0.0, 0.0], '975_955_failing_MET': [0.0, 0.0], '975_955_min_MET_pt': [10000000.0, 10000000.0], '975_950': [0.0, 0.0], '975_950_passing_MET': [0.0, 0.0], '975_950_failing_MET': [0.0, 0.0], '975_950_min_MET_pt': [10000000.0, 10000000.0], '975_945': [0.0, 0.0], '975_945_passing_MET': [0.0, 0.0], '975_945_failing_MET': [0.0, 0.0], '975_945_min_MET_pt': [10000000.0, 10000000.0], '1000_990': [1177.0, 1107.0], '1000_990_passing_MET': [0.0, 0.0], '1000_990_failing_MET': [0.0, 0.0], '1000_990_min_MET_pt': [10000000.0, 10000000.0], '1000_985': [0.0, 0.0], '1000_985_passing_MET': [0.0, 0.0], '1000_985_failing_MET': [0.0, 0.0], '1000_985_min_MET_pt': [10000000.0, 10000000.0], '1000_980': [1195.0, 0.0], '1000_980_passing_MET': [1175.0, 0.0], '1000_980_failing_MET': [20.0, 0.0], '1000_980_min_MET_pt': [15.411534309387207, 10000000.0], '1000_975': [0.0, 1000.0], '1000_975_passing_MET': [0.0, 973.0], '1000_975_failing_MET': [0.0, 27.0], '1000_975_min_MET_pt': [10000000.0, 17.026451110839844], '1000_970': [1213.0, 0.0], '1000_970_passing_MET': [1180.0, 0.0], '1000_970_failing_MET': [33.0, 0.0], '1000_970_min_MET_pt': [10.793561935424805, 10000000.0], '1025_1015': [0.0, 0.0], '1025_1015_passing_MET': [0.0, 0.0], '1025_1015_failing_MET': [0.0, 0.0], '1025_1015_min_MET_pt': [10000000.0, 10000000.0], '1025_1010': [0.0, 0.0], '1025_1010_passing_MET': [0.0, 0.0], '1025_1010_failing_MET': [0.0, 0.0], '1025_1010_min_MET_pt': [10000000.0, 10000000.0], '1025_1005': [0.0, 0.0], '1025_1005_passing_MET': [0.0, 0.0], '1025_1005_failing_MET': [0.0, 0.0], '1025_1005_min_MET_pt': [10000000.0, 10000000.0], '1025_1000': [0.0, 0.0], '1025_1000_passing_MET': [0.0, 0.0], '1025_1000_failing_MET': [0.0, 0.0], '1025_1000_min_MET_pt': [10000000.0, 10000000.0], '1025_995': [0.0, 0.0], '1025_995_passing_MET': [0.0, 0.0], '1025_995_failing_MET': [0.0, 0.0], '1025_995_min_MET_pt': [10000000.0, 10000000.0], '1050_1040': [0.0, 0.0], '1050_1040_passing_MET': [0.0, 0.0], '1050_1040_failing_MET': [0.0, 0.0], '1050_1040_min_MET_pt': [10000000.0, 10000000.0], '1050_1035': [0.0, 0.0], '1050_1035_passing_MET': [0.0, 0.0], '1050_1035_failing_MET': [0.0, 0.0], '1050_1035_min_MET_pt': [10000000.0, 10000000.0], '1050_1030': [0.0, 0.0], '1050_1030_passing_MET': [0.0, 0.0], '1050_1030_failing_MET': [0.0, 0.0], '1050_1030_min_MET_pt': [10000000.0, 10000000.0], '1050_1025': [0.0, 0.0], '1050_1025_passing_MET': [0.0, 0.0], '1050_1025_failing_MET': [0.0, 0.0], '1050_1025_min_MET_pt': [10000000.0, 10000000.0], '1050_1020': [0.0, 0.0], '1050_1020_passing_MET': [0.0, 0.0], '1050_1020_failing_MET': [0.0, 0.0], '1050_1020_min_MET_pt': [10000000.0, 10000000.0], '1075_1065': [0.0, 0.0], '1075_1065_passing_MET': [0.0, 0.0], '1075_1065_failing_MET': [0.0, 0.0], '1075_1065_min_MET_pt': [10000000.0, 10000000.0], '1075_1060': [0.0, 0.0], '1075_1060_passing_MET': [0.0, 0.0], '1075_1060_failing_MET': [0.0, 0.0], '1075_1060_min_MET_pt': [10000000.0, 10000000.0], '1075_1055': [0.0, 0.0], '1075_1055_passing_MET': [0.0, 0.0], '1075_1055_failing_MET': [0.0, 0.0], '1075_1055_min_MET_pt': [10000000.0, 10000000.0], '1075_1050': [0.0, 0.0], '1075_1050_passing_MET': [0.0, 0.0], '1075_1050_failing_MET': [0.0, 0.0], '1075_1050_min_MET_pt': [10000000.0, 10000000.0], '1075_1045': [0.0, 0.0], '1075_1045_passing_MET': [0.0, 0.0], '1075_1045_failing_MET': [0.0, 0.0], '1075_1045_min_MET_pt': [10000000.0, 10000000.0], '1100_1090': [0.0, 1018.0], '1100_1090_passing_MET': [0.0, 995.0], '1100_1090_failing_MET': [0.0, 23.0], '1100_1090_min_MET_pt': [10000000.0, 59.80768966674805], '1100_1085': [0.0, 0.0], '1100_1085_passing_MET': [0.0, 0.0], '1100_1085_failing_MET': [0.0, 0.0], '1100_1085_min_MET_pt': [10000000.0, 10000000.0], '1100_1080': [0.0, 0.0], '1100_1080_passing_MET': [0.0, 0.0], '1100_1080_failing_MET': [0.0, 0.0], '1100_1080_min_MET_pt': [10000000.0, 10000000.0], '1100_1075': [0.0, 0.0], '1100_1075_passing_MET': [0.0, 0.0], '1100_1075_failing_MET': [0.0, 0.0], '1100_1075_min_MET_pt': [10000000.0, 10000000.0], '1100_1070': [1021.0, 0.0], '1100_1070_passing_MET': [1003.0, 0.0], '1100_1070_failing_MET': [18.0, 0.0], '1100_1070_min_MET_pt': [46.655799865722656, 10000000.0], 'nEventsTotal': 110299.0, 'strange masspoints': 0.0, 'orphans': 0.0, 'R-hadron event': 0.0, 'different stop antistop masses': 0.0, 'strange error': 0.0, 'strange event': 0.0, 'different neutralino masses': 6438.0, 'large differences': 0.0, '576_550': [1008.0, 0.0], '576_550_passing_MET': [970.0, 0.0], '576_550_failing_MET': [38.0, 0.0], '576_550_min_MET_pt': [24.87680435180664, 10000000.0], '1024_1000': [1185.0, 0.0], '1024_1000_passing_MET': [1154.0, 0.0], '1024_1000_failing_MET': [31.0, 0.0], '1024_1000_min_MET_pt': [19.62840461730957, 10000000.0], '900_886': [124.0, 0.0], '900_886_passing_MET': [122.0, 0.0], '900_886_failing_MET': [2.0, 0.0], '900_886_min_MET_pt': [63.78187561035156, 10000000.0], '1052_1035': [1036.0, 1020.0], '1052_1035_passing_MET': [1011.0, 1002.0], '1052_1035_failing_MET': [25.0, 18.0], '1052_1035_min_MET_pt': [24.345321655273438, 51.81291961669922], '1052_1036': [142.0, 138.0], '1052_1036_passing_MET': [139.0, 134.0], '1052_1036_failing_MET': [3.0, 4.0], '1052_1036_min_MET_pt': [79.11450958251953, 84.94914245605469], '826_815': [910.0, 0.0], '826_815_passing_MET': [895.0, 0.0], '826_815_failing_MET': [15.0, 0.0], '826_815_min_MET_pt': [49.77638244628906, 10000000.0], '826_816': [73.0, 0.0], '826_816_passing_MET': [72.0, 0.0], '826_816_failing_MET': [1.0, 0.0], '826_816_min_MET_pt': [84.16629028320312, 10000000.0], '1100_1072': [201.0, 0.0], '1100_1072_passing_MET': [196.0, 0.0], '1100_1072_failing_MET': [5.0, 0.0], '1100_1072_min_MET_pt': [52.87045669555664, 10000000.0], '776_756': [161.0, 318.0], '776_756_passing_MET': [153.0, 308.0], '776_756_failing_MET': [8.0, 10.0], '776_756_min_MET_pt': [38.747825622558594, 32.3727912902832], '776_755': [973.0, 1916.0], '776_755_passing_MET': [952.0, 1874.0], '776_755_failing_MET': [21.0, 42.0], '776_755_min_MET_pt': [31.83893585205078, 10.047712326049805], '876_860': [0.0, 1129.0], '876_860_passing_MET': [0.0, 1107.0], '876_860_failing_MET': [0.0, 22.0], '876_860_min_MET_pt': [10000000.0, 37.214351654052734], '926_915': [975.0, 0.0], '926_915_passing_MET': [942.0, 0.0], '926_915_failing_MET': [33.0, 0.0], '926_915_min_MET_pt': [17.70400619506836, 10000000.0], '926_916': [111.0, 0.0], '926_916_passing_MET': [108.0, 0.0], '926_916_failing_MET': [3.0, 0.0], '926_916_min_MET_pt': [64.31257629394531, 10000000.0], '676_660': [1092.0, 0.0], '676_660_passing_MET': [1056.0, 0.0], '676_660_failing_MET': [36.0, 0.0], '676_660_min_MET_pt': [36.851688385009766, 10000000.0], '526_505': [0.0, 967.0], '526_505_passing_MET': [0.0, 937.0], '526_505_failing_MET': [0.0, 30.0], '526_505_min_MET_pt': [10000000.0, 50.091575622558594], '1076_1044': [0.0, 164.0], '1076_1044_passing_MET': [0.0, 159.0], '1076_1044_failing_MET': [0.0, 5.0], '1076_1044_min_MET_pt': [10000000.0, 38.99427795410156], '1076_1045': [0.0, 1001.0], '1076_1045_passing_MET': [0.0, 973.0], '1076_1045_failing_MET': [0.0, 28.0], '1076_1045_min_MET_pt': [10000000.0, 10.183123588562012], '826_795': [952.0, 0.0], '826_795_passing_MET': [927.0, 0.0], '826_795_failing_MET': [25.0, 0.0], '826_795_min_MET_pt': [17.078710556030273, 10000000.0], '826_796': [182.0, 0.0], '826_796_passing_MET': [176.0, 0.0], '826_796_failing_MET': [6.0, 0.0], '826_796_min_MET_pt': [55.05472183227539, 10000000.0], '750_726': [0.0, 170.0], '750_726_passing_MET': [0.0, 168.0], '750_726_failing_MET': [0.0, 2.0], '750_726_min_MET_pt': [10000000.0, 48.92436218261719], '526_515': [0.0, 1710.0], '526_515_passing_MET': [0.0, 1656.0], '526_515_failing_MET': [0.0, 54.0], '526_515_min_MET_pt': [10000000.0, 36.86017990112305], '526_516': [0.0, 171.0], '526_516_passing_MET': [0.0, 168.0], '526_516_failing_MET': [0.0, 3.0], '526_516_min_MET_pt': [10000000.0, 81.89695739746094], '1100_1092': [0.0, 97.0], '1100_1092_passing_MET': [0.0, 94.0], '1100_1092_failing_MET': [0.0, 3.0], '1100_1092_min_MET_pt': [10000000.0, 81.95648193359375], '1024_1005': [1028.0, 1035.0], '1024_1005_passing_MET': [1003.0, 1013.0], '1024_1005_failing_MET': [25.0, 22.0], '1024_1005_min_MET_pt': [39.376712799072266, 45.53688430786133], '1024_1006': [143.0, 165.0], '1024_1006_passing_MET': [140.0, 160.0], '1024_1006_failing_MET': [3.0, 5.0], '1024_1006_min_MET_pt': [72.43698120117188, 38.5661506652832], '950_936': [137.0, 129.0], '950_936_passing_MET': [135.0, 125.0], '950_936_failing_MET': [2.0, 4.0], '950_936_min_MET_pt': [68.56820678710938, 65.20246124267578], '976_965': [0.0, 1001.0], '976_965_passing_MET': [0.0, 977.0], '976_965_failing_MET': [0.0, 24.0], '976_965_min_MET_pt': [10000000.0, 21.68259620666504], '976_966': [0.0, 104.0], '976_966_passing_MET': [0.0, 101.0], '976_966_failing_MET': [0.0, 3.0], '976_966_min_MET_pt': [10000000.0, 82.51799774169922], '626_610': [0.0, 1057.0], '626_610_passing_MET': [0.0, 1033.0], '626_610_failing_MET': [0.0, 24.0], '626_610_min_MET_pt': [10000000.0, 24.924175262451172], '1076_1065': [0.0, 1007.0], '1076_1065_passing_MET': [0.0, 990.0], '1076_1065_failing_MET': [0.0, 17.0], '1076_1065_min_MET_pt': [10000000.0, 41.36116027832031], '1076_1064': [0.0, 116.0], '1076_1064_passing_MET': [0.0, 114.0], '1076_1064_failing_MET': [0.0, 2.0], '1076_1064_min_MET_pt': [10000000.0, 93.88642120361328], '626_615': [0.0, 936.0], '626_615_passing_MET': [0.0, 919.0], '626_615_failing_MET': [0.0, 17.0], '626_615_min_MET_pt': [10000000.0, 66.45466613769531], '626_616': [0.0, 102.0], '626_616_passing_MET': [0.0, 100.0], '626_616_failing_MET': [0.0, 2.0], '626_616_min_MET_pt': [10000000.0, 87.75382995605469], '650_636': [0.0, 110.0], '650_636_passing_MET': [0.0, 107.0], '650_636_failing_MET': [0.0, 3.0], '650_636_min_MET_pt': [10000000.0, 73.42086029052734], '1024_1015': [1021.0, 0.0], '1024_1015_passing_MET': [991.0, 0.0], '1024_1015_failing_MET': [30.0, 0.0], '1024_1015_min_MET_pt': [48.97123336791992, 10000000.0], '1024_1016': [90.0, 0.0], '1024_1016_passing_MET': [88.0, 0.0], '1024_1016_failing_MET': [2.0, 0.0], '1024_1016_min_MET_pt': [92.29835510253906, 10000000.0], '1076_1052': [191.0, 0.0], '1076_1052_passing_MET': [186.0, 0.0], '1076_1052_failing_MET': [5.0, 0.0], '1076_1052_min_MET_pt': [1.3076895475387573, 10000000.0], '1076_1050': [1036.0, 0.0], '1076_1050_passing_MET': [1011.0, 0.0], '1076_1050_failing_MET': [25.0, 0.0], '1076_1050_min_MET_pt': [57.96133804321289, 10000000.0], '926_910': [1137.0, 0.0], '926_910_passing_MET': [1112.0, 0.0], '926_910_failing_MET': [25.0, 0.0], '926_910_min_MET_pt': [39.42040252685547, 10000000.0], '800_786': [0.0, 128.0], '800_786_passing_MET': [0.0, 124.0], '800_786_failing_MET': [0.0, 4.0], '800_786_min_MET_pt': [10000000.0, 50.92060089111328], '1000_976': [0.0, 173.0], '1000_976_passing_MET': [0.0, 172.0], '1000_976_failing_MET': [0.0, 1.0], '1000_976_min_MET_pt': [10000000.0, 86.15497589111328]}
nevents_from_dict =  3400192234.6870213
Results saved to /afs/cern.ch/work/m/mleoncoe/private/stop_met_check/outputs_2018/nanoAOD_432.json
done
