i am in this directory
/pool/condor/dir_2303170
Python 3.9.23
3.9.23
 will run this python stop_check_met_eff.py /eos/user/m/mleoncoe/stop_event_check/privateNanoAod2018/nanoAOD_493.root /afs/cern.ch/work/m/mleoncoe/private/stop_met_check/outputs_2018/nanoAOD_493.json
event num1000
event num2000
event num3000
event num4000
event num5000
event num6000
event num7000
event num8000
event num9000
event num10000
event num11000
event num12000
event num13000
event num14000
event num15000
event num16000
event num17000
event num18000
event num19000
event num20000
event num21000
event num22000
event num23000
event num24000
event num25000
event num26000
event num27000
event num28000
event num29000
event num30000
event num31000
event num32000
event num33000
event num34000
event num35000
event num36000
event num37000
event num38000
event num39000
event num40000
event num41000
event num42000
event num43000
event num44000
event num45000
event num46000
event num47000
event num48000
event num49000
event num50000
event num51000
event num52000
event num53000
event num54000
event num55000
event num56000
event num57000
event num58000
event num59000
event num60000
event num61000
event num62000
event num63000
event num64000
event num65000
event num66000
event num67000
event num68000
event num69000
event num70000
event num71000
event num72000
event num73000
event num74000
event num75000
event num76000
event num77000
event num78000
event num79000
event num80000
event num81000
event num82000
event num83000
event num84000
event num85000
event num86000
event num87000
event num88000
event num89000
event num90000
event num91000
event num92000
event num93000
event num94000
event num95000
event num96000
event num97000
event num98000
event num99000
event num100000
event num101000
event num102000
event num103000
event num104000
event num105000
event num106000
event num107000
event num108000
event num109000
event num110000
event num111000
event num112000
event num113000
event num114000
event num115000
event num116000
event num117000
event num118000
event num119000
event num120000
event num121000
event num122000
event num123000
event num124000
event num125000
event num126000
event num127000
event num128000
event num129000
event num130000
event num131000
event num132000
event num133000
event num134000
event num135000
event num136000
event num137000
event num138000
event num139000
event num140000
event num141000
event num142000
event num143000
event num144000
{'250_240': [1387.0, 626.0], '250_240_passing_MET': [0.0, 0.0], '250_240_failing_MET': [0.0, 0.0], '250_240_min_MET_pt': [10000000.0, 10000000.0], '250_235': [0.0, 663.0], '250_235_passing_MET': [0.0, 636.0], '250_235_failing_MET': [0.0, 27.0], '250_235_min_MET_pt': [10000000.0, 33.94105529785156], '250_230': [0.0, 730.0], '250_230_passing_MET': [0.0, 698.0], '250_230_failing_MET': [0.0, 32.0], '250_230_min_MET_pt': [10000000.0, 37.11090850830078], '250_225': [756.0, 1426.0], '250_225_passing_MET': [0.0, 0.0], '250_225_failing_MET': [0.0, 0.0], '250_225_min_MET_pt': [10000000.0, 10000000.0], '250_220': [0.0, 0.0], '250_220_passing_MET': [0.0, 0.0], '250_220_failing_MET': [0.0, 0.0], '250_220_min_MET_pt': [10000000.0, 10000000.0], '275_265': [1544.0, 0.0], '275_265_passing_MET': [1491.0, 0.0], '275_265_failing_MET': [53.0, 0.0], '275_265_min_MET_pt': [25.11664390563965, 10000000.0], '275_260': [0.0, 778.0], '275_260_passing_MET': [0.0, 750.0], '275_260_failing_MET': [0.0, 28.0], '275_260_min_MET_pt': [10000000.0, 15.72265911102295], '275_255': [738.0, 0.0], '275_255_passing_MET': [703.0, 0.0], '275_255_failing_MET': [35.0, 0.0], '275_255_min_MET_pt': [20.229345321655273, 10000000.0], '275_250': [0.0, 780.0], '275_250_passing_MET': [0.0, 749.0], '275_250_failing_MET': [0.0, 31.0], '275_250_min_MET_pt': [10000000.0, 40.530723571777344], '275_245': [0.0, 0.0], '275_245_passing_MET': [0.0, 0.0], '275_245_failing_MET': [0.0, 0.0], '275_245_min_MET_pt': [10000000.0, 10000000.0], '300_290': [768.0, 790.0], '300_290_passing_MET': [0.0, 0.0], '300_290_failing_MET': [0.0, 0.0], '300_290_min_MET_pt': [10000000.0, 10000000.0], '300_285': [0.0, 0.0], '300_285_passing_MET': [0.0, 0.0], '300_285_failing_MET': [0.0, 0.0], '300_285_min_MET_pt': [10000000.0, 10000000.0], '300_280': [0.0, 0.0], '300_280_passing_MET': [0.0, 0.0], '300_280_failing_MET': [0.0, 0.0], '300_280_min_MET_pt': [10000000.0, 10000000.0], '300_275': [0.0, 0.0], '300_275_passing_MET': [0.0, 0.0], '300_275_failing_MET': [0.0, 0.0], '300_275_min_MET_pt': [10000000.0, 10000000.0], '300_270': [0.0, 0.0], '300_270_passing_MET': [0.0, 0.0], '300_270_failing_MET': [0.0, 0.0], '300_270_min_MET_pt': [10000000.0, 10000000.0], '325_315': [2356.0, 0.0], '325_315_passing_MET': [2278.0, 0.0], '325_315_failing_MET': [78.0, 0.0], '325_315_min_MET_pt': [28.183490753173828, 10000000.0], '325_310': [0.0, 0.0], '325_310_passing_MET': [0.0, 0.0], '325_310_failing_MET': [0.0, 0.0], '325_310_min_MET_pt': [10000000.0, 10000000.0], '325_305': [0.0, 0.0], '325_305_passing_MET': [0.0, 0.0], '325_305_failing_MET': [0.0, 0.0], '325_305_min_MET_pt': [10000000.0, 10000000.0], '325_300': [0.0, 0.0], '325_300_passing_MET': [0.0, 0.0], '325_300_failing_MET': [0.0, 0.0], '325_300_min_MET_pt': [10000000.0, 10000000.0], '325_295': [0.0, 907.0], '325_295_passing_MET': [0.0, 861.0], '325_295_failing_MET': [0.0, 46.0], '325_295_min_MET_pt': [10000000.0, 17.317790985107422], '350_340': [896.0, 0.0], '350_340_passing_MET': [873.0, 0.0], '350_340_failing_MET': [23.0, 0.0], '350_340_min_MET_pt': [42.20652389526367, 10000000.0], '350_335': [0.0, 912.0], '350_335_passing_MET': [0.0, 882.0], '350_335_failing_MET': [0.0, 30.0], '350_335_min_MET_pt': [10000000.0, 26.911727905273438], '350_330': [0.0, 0.0], '350_330_passing_MET': [0.0, 0.0], '350_330_failing_MET': [0.0, 0.0], '350_330_min_MET_pt': [10000000.0, 10000000.0], '350_325': [0.0, 888.0], '350_325_passing_MET': [0.0, 843.0], '350_325_failing_MET': [0.0, 45.0], '350_325_min_MET_pt': [10000000.0, 13.305192947387695], '350_320': [0.0, 0.0], '350_320_passing_MET': [0.0, 0.0], '350_320_failing_MET': [0.0, 0.0], '350_320_min_MET_pt': [10000000.0, 10000000.0], '375_365': [1742.0, 874.0], '375_365_passing_MET': [0.0, 0.0], '375_365_failing_MET': [0.0, 0.0], '375_365_min_MET_pt': [10000000.0, 10000000.0], '375_360': [0.0, 0.0], '375_360_passing_MET': [0.0, 0.0], '375_360_failing_MET': [0.0, 0.0], '375_360_min_MET_pt': [10000000.0, 10000000.0], '375_355': [883.0, 0.0], '375_355_passing_MET': [845.0, 0.0], '375_355_failing_MET': [38.0, 0.0], '375_355_min_MET_pt': [28.372379302978516, 10000000.0], '375_350': [0.0, 0.0], '375_350_passing_MET': [0.0, 0.0], '375_350_failing_MET': [0.0, 0.0], '375_350_min_MET_pt': [10000000.0, 10000000.0], '375_345': [0.0, 918.0], '375_345_passing_MET': [0.0, 869.0], '375_345_failing_MET': [0.0, 49.0], '375_345_min_MET_pt': [10000000.0, 5.934865474700928], '400_390': [903.0, 0.0], '400_390_passing_MET': [868.0, 0.0], '400_390_failing_MET': [35.0, 0.0], '400_390_min_MET_pt': [15.64487075805664, 10000000.0], '400_385': [0.0, 868.0], '400_385_passing_MET': [0.0, 836.0], '400_385_failing_MET': [0.0, 32.0], '400_385_min_MET_pt': [10000000.0, 44.01130676269531], '400_380': [0.0, 0.0], '400_380_passing_MET': [0.0, 0.0], '400_380_failing_MET': [0.0, 0.0], '400_380_min_MET_pt': [10000000.0, 10000000.0], '400_375': [938.0, 0.0], '400_375_passing_MET': [904.0, 0.0], '400_375_failing_MET': [34.0, 0.0], '400_375_min_MET_pt': [25.549226760864258, 10000000.0], '400_370': [974.0, 917.0], '400_370_passing_MET': [0.0, 0.0], '400_370_failing_MET': [0.0, 0.0], '400_370_min_MET_pt': [10000000.0, 10000000.0], '425_415': [858.0, 1809.0], '425_415_passing_MET': [0.0, 0.0], '425_415_failing_MET': [0.0, 0.0], '425_415_min_MET_pt': [10000000.0, 10000000.0], '425_410': [0.0, 924.0], '425_410_passing_MET': [0.0, 898.0], '425_410_failing_MET': [0.0, 26.0], '425_410_min_MET_pt': [10000000.0, 53.21149826049805], '425_405': [0.0, 0.0], '425_405_passing_MET': [0.0, 0.0], '425_405_failing_MET': [0.0, 0.0], '425_405_min_MET_pt': [10000000.0, 10000000.0], '425_400': [0.0, 0.0], '425_400_passing_MET': [0.0, 0.0], '425_400_failing_MET': [0.0, 0.0], '425_400_min_MET_pt': [10000000.0, 10000000.0], '425_395': [0.0, 967.0], '425_395_passing_MET': [0.0, 924.0], '425_395_failing_MET': [0.0, 43.0], '425_395_min_MET_pt': [10000000.0, 23.645225524902344], '450_440': [1754.0, 889.0], '450_440_passing_MET': [0.0, 0.0], '450_440_failing_MET': [0.0, 0.0], '450_440_min_MET_pt': [10000000.0, 10000000.0], '450_435': [966.0, 0.0], '450_435_passing_MET': [942.0, 0.0], '450_435_failing_MET': [24.0, 0.0], '450_435_min_MET_pt': [50.5957145690918, 10000000.0], '450_430': [988.0, 952.0], '450_430_passing_MET': [0.0, 0.0], '450_430_failing_MET': [0.0, 0.0], '450_430_min_MET_pt': [10000000.0, 10000000.0], '450_425': [0.0, 0.0], '450_425_passing_MET': [0.0, 0.0], '450_425_failing_MET': [0.0, 0.0], '450_425_min_MET_pt': [10000000.0, 10000000.0], '450_420': [1011.0, 0.0], '450_420_passing_MET': [965.0, 0.0], '450_420_failing_MET': [46.0, 0.0], '450_420_min_MET_pt': [14.654897689819336, 10000000.0], '475_465': [1843.0, 1868.0], '475_465_passing_MET': [0.0, 0.0], '475_465_failing_MET': [0.0, 0.0], '475_465_min_MET_pt': [10000000.0, 10000000.0], '475_460': [0.0, 0.0], '475_460_passing_MET': [0.0, 0.0], '475_460_failing_MET': [0.0, 0.0], '475_460_min_MET_pt': [10000000.0, 10000000.0], '475_455': [0.0, 962.0], '475_455_passing_MET': [0.0, 935.0], '475_455_failing_MET': [0.0, 27.0], '475_455_min_MET_pt': [10000000.0, 15.961034774780273], '475_450': [0.0, 990.0], '475_450_passing_MET': [0.0, 953.0], '475_450_failing_MET': [0.0, 37.0], '475_450_min_MET_pt': [10000000.0, 26.799331665039062], '475_445': [0.0, 0.0], '475_445_passing_MET': [0.0, 0.0], '475_445_failing_MET': [0.0, 0.0], '475_445_min_MET_pt': [10000000.0, 10000000.0], '500_490': [0.0, 0.0], '500_490_passing_MET': [0.0, 0.0], '500_490_failing_MET': [0.0, 0.0], '500_490_min_MET_pt': [10000000.0, 10000000.0], '500_485': [0.0, 0.0], '500_485_passing_MET': [0.0, 0.0], '500_485_failing_MET': [0.0, 0.0], '500_485_min_MET_pt': [10000000.0, 10000000.0], '500_480': [0.0, 0.0], '500_480_passing_MET': [0.0, 0.0], '500_480_failing_MET': [0.0, 0.0], '500_480_min_MET_pt': [10000000.0, 10000000.0], '500_475': [994.0, 0.0], '500_475_passing_MET': [957.0, 0.0], '500_475_failing_MET': [37.0, 0.0], '500_475_min_MET_pt': [29.346996307373047, 10000000.0], '500_470': [0.0, 0.0], '500_470_passing_MET': [0.0, 0.0], '500_470_failing_MET': [0.0, 0.0], '500_470_min_MET_pt': [10000000.0, 10000000.0], '525_515': [0.0, 0.0], '525_515_passing_MET': [0.0, 0.0], '525_515_failing_MET': [0.0, 0.0], '525_515_min_MET_pt': [10000000.0, 10000000.0], '525_510': [0.0, 0.0], '525_510_passing_MET': [0.0, 0.0], '525_510_failing_MET': [0.0, 0.0], '525_510_min_MET_pt': [10000000.0, 10000000.0], '525_505': [0.0, 0.0], '525_505_passing_MET': [0.0, 0.0], '525_505_failing_MET': [0.0, 0.0], '525_505_min_MET_pt': [10000000.0, 10000000.0], '525_500': [0.0, 0.0], '525_500_passing_MET': [0.0, 0.0], '525_500_failing_MET': [0.0, 0.0], '525_500_min_MET_pt': [10000000.0, 10000000.0], '525_495': [0.0, 0.0], '525_495_passing_MET': [0.0, 0.0], '525_495_failing_MET': [0.0, 0.0], '525_495_min_MET_pt': [10000000.0, 10000000.0], '550_540': [0.0, 0.0], '550_540_passing_MET': [0.0, 0.0], '550_540_failing_MET': [0.0, 0.0], '550_540_min_MET_pt': [10000000.0, 10000000.0], '550_535': [0.0, 0.0], '550_535_passing_MET': [0.0, 0.0], '550_535_failing_MET': [0.0, 0.0], '550_535_min_MET_pt': [10000000.0, 10000000.0], '550_530': [0.0, 1006.0], '550_530_passing_MET': [0.0, 974.0], '550_530_failing_MET': [0.0, 32.0], '550_530_min_MET_pt': [10000000.0, 38.10001754760742], '550_525': [856.0, 854.0], '550_525_passing_MET': [0.0, 0.0], '550_525_failing_MET': [0.0, 0.0], '550_525_min_MET_pt': [10000000.0, 10000000.0], '550_520': [0.0, 971.0], '550_520_passing_MET': [0.0, 949.0], '550_520_failing_MET': [0.0, 22.0], '550_520_min_MET_pt': [10000000.0, 51.58673858642578], '575_565': [0.0, 0.0], '575_565_passing_MET': [0.0, 0.0], '575_565_failing_MET': [0.0, 0.0], '575_565_min_MET_pt': [10000000.0, 10000000.0], '575_560': [0.0, 0.0], '575_560_passing_MET': [0.0, 0.0], '575_560_failing_MET': [0.0, 0.0], '575_560_min_MET_pt': [10000000.0, 10000000.0], '575_555': [0.0, 0.0], '575_555_passing_MET': [0.0, 0.0], '575_555_failing_MET': [0.0, 0.0], '575_555_min_MET_pt': [10000000.0, 10000000.0], '575_550': [0.0, 0.0], '575_550_passing_MET': [0.0, 0.0], '575_550_failing_MET': [0.0, 0.0], '575_550_min_MET_pt': [10000000.0, 10000000.0], '575_545': [0.0, 0.0], '575_545_passing_MET': [0.0, 0.0], '575_545_failing_MET': [0.0, 0.0], '575_545_min_MET_pt': [10000000.0, 10000000.0], '600_590': [984.0, 1031.0], '600_590_passing_MET': [0.0, 0.0], '600_590_failing_MET': [0.0, 0.0], '600_590_min_MET_pt': [10000000.0, 10000000.0], '600_585': [0.0, 0.0], '600_585_passing_MET': [0.0, 0.0], '600_585_failing_MET': [0.0, 0.0], '600_585_min_MET_pt': [10000000.0, 10000000.0], '600_580': [0.0, 0.0], '600_580_passing_MET': [0.0, 0.0], '600_580_failing_MET': [0.0, 0.0], '600_580_min_MET_pt': [10000000.0, 10000000.0], '600_575': [0.0, 1776.0], '600_575_passing_MET': [0.0, 1717.0], '600_575_failing_MET': [0.0, 59.0], '600_575_min_MET_pt': [10000000.0, 15.948448181152344], '600_570': [1054.0, 1029.0], '600_570_passing_MET': [0.0, 0.0], '600_570_failing_MET': [0.0, 0.0], '600_570_min_MET_pt': [10000000.0, 10000000.0], '625_615': [0.0, 0.0], '625_615_passing_MET': [0.0, 0.0], '625_615_failing_MET': [0.0, 0.0], '625_615_min_MET_pt': [10000000.0, 10000000.0], '625_610': [0.0, 0.0], '625_610_passing_MET': [0.0, 0.0], '625_610_failing_MET': [0.0, 0.0], '625_610_min_MET_pt': [10000000.0, 10000000.0], '625_605': [0.0, 0.0], '625_605_passing_MET': [0.0, 0.0], '625_605_failing_MET': [0.0, 0.0], '625_605_min_MET_pt': [10000000.0, 10000000.0], '625_600': [0.0, 0.0], '625_600_passing_MET': [0.0, 0.0], '625_600_failing_MET': [0.0, 0.0], '625_600_min_MET_pt': [10000000.0, 10000000.0], '625_595': [0.0, 0.0], '625_595_passing_MET': [0.0, 0.0], '625_595_failing_MET': [0.0, 0.0], '625_595_min_MET_pt': [10000000.0, 10000000.0], '650_640': [999.0, 1004.0], '650_640_passing_MET': [0.0, 0.0], '650_640_failing_MET': [0.0, 0.0], '650_640_min_MET_pt': [10000000.0, 10000000.0], '650_635': [0.0, 0.0], '650_635_passing_MET': [0.0, 0.0], '650_635_failing_MET': [0.0, 0.0], '650_635_min_MET_pt': [10000000.0, 10000000.0], '650_630': [0.0, 1026.0], '650_630_passing_MET': [0.0, 1004.0], '650_630_failing_MET': [0.0, 22.0], '650_630_min_MET_pt': [10000000.0, 18.071739196777344], '650_625': [921.0, 0.0], '650_625_passing_MET': [895.0, 0.0], '650_625_failing_MET': [26.0, 0.0], '650_625_min_MET_pt': [26.436323165893555, 10000000.0], '650_620': [0.0, 0.0], '650_620_passing_MET': [0.0, 0.0], '650_620_failing_MET': [0.0, 0.0], '650_620_min_MET_pt': [10000000.0, 10000000.0], '675_665': [0.0, 0.0], '675_665_passing_MET': [0.0, 0.0], '675_665_failing_MET': [0.0, 0.0], '675_665_min_MET_pt': [10000000.0, 10000000.0], '675_660': [0.0, 0.0], '675_660_passing_MET': [0.0, 0.0], '675_660_failing_MET': [0.0, 0.0], '675_660_min_MET_pt': [10000000.0, 10000000.0], '675_655': [0.0, 0.0], '675_655_passing_MET': [0.0, 0.0], '675_655_failing_MET': [0.0, 0.0], '675_655_min_MET_pt': [10000000.0, 10000000.0], '675_650': [0.0, 0.0], '675_650_passing_MET': [0.0, 0.0], '675_650_failing_MET': [0.0, 0.0], '675_650_min_MET_pt': [10000000.0, 10000000.0], '675_645': [0.0, 0.0], '675_645_passing_MET': [0.0, 0.0], '675_645_failing_MET': [0.0, 0.0], '675_645_min_MET_pt': [10000000.0, 10000000.0], '700_690': [0.0, 4072.0], '700_690_passing_MET': [0.0, 3965.0], '700_690_failing_MET': [0.0, 107.0], '700_690_min_MET_pt': [10000000.0, 2.784543752670288], '700_685': [0.0, 0.0], '700_685_passing_MET': [0.0, 0.0], '700_685_failing_MET': [0.0, 0.0], '700_685_min_MET_pt': [10000000.0, 10000000.0], '700_680': [0.0, 1040.0], '700_680_passing_MET': [0.0, 1011.0], '700_680_failing_MET': [0.0, 29.0], '700_680_min_MET_pt': [10000000.0, 43.22895431518555], '700_675': [0.0, 0.0], '700_675_passing_MET': [0.0, 0.0], '700_675_failing_MET': [0.0, 0.0], '700_675_min_MET_pt': [10000000.0, 10000000.0], '700_670': [0.0, 0.0], '700_670_passing_MET': [0.0, 0.0], '700_670_failing_MET': [0.0, 0.0], '700_670_min_MET_pt': [10000000.0, 10000000.0], '725_715': [0.0, 0.0], '725_715_passing_MET': [0.0, 0.0], '725_715_failing_MET': [0.0, 0.0], '725_715_min_MET_pt': [10000000.0, 10000000.0], '725_710': [0.0, 0.0], '725_710_passing_MET': [0.0, 0.0], '725_710_failing_MET': [0.0, 0.0], '725_710_min_MET_pt': [10000000.0, 10000000.0], '725_705': [0.0, 0.0], '725_705_passing_MET': [0.0, 0.0], '725_705_failing_MET': [0.0, 0.0], '725_705_min_MET_pt': [10000000.0, 10000000.0], '725_700': [0.0, 0.0], '725_700_passing_MET': [0.0, 0.0], '725_700_failing_MET': [0.0, 0.0], '725_700_min_MET_pt': [10000000.0, 10000000.0], '725_695': [0.0, 0.0], '725_695_passing_MET': [0.0, 0.0], '725_695_failing_MET': [0.0, 0.0], '725_695_min_MET_pt': [10000000.0, 10000000.0], '750_740': [0.0, 0.0], '750_740_passing_MET': [0.0, 0.0], '750_740_failing_MET': [0.0, 0.0], '750_740_min_MET_pt': [10000000.0, 10000000.0], '750_735': [0.0, 0.0], '750_735_passing_MET': [0.0, 0.0], '750_735_failing_MET': [0.0, 0.0], '750_735_min_MET_pt': [10000000.0, 10000000.0], '750_730': [0.0, 0.0], '750_730_passing_MET': [0.0, 0.0], '750_730_failing_MET': [0.0, 0.0], '750_730_min_MET_pt': [10000000.0, 10000000.0], '750_725': [0.0, 923.0], '750_725_passing_MET': [0.0, 891.0], '750_725_failing_MET': [0.0, 32.0], '750_725_min_MET_pt': [10000000.0, 43.28974914550781], '750_720': [0.0, 0.0], '750_720_passing_MET': [0.0, 0.0], '750_720_failing_MET': [0.0, 0.0], '750_720_min_MET_pt': [10000000.0, 10000000.0], '775_765': [0.0, 0.0], '775_765_passing_MET': [0.0, 0.0], '775_765_failing_MET': [0.0, 0.0], '775_765_min_MET_pt': [10000000.0, 10000000.0], '775_760': [0.0, 0.0], '775_760_passing_MET': [0.0, 0.0], '775_760_failing_MET': [0.0, 0.0], '775_760_min_MET_pt': [10000000.0, 10000000.0], '775_755': [0.0, 0.0], '775_755_passing_MET': [0.0, 0.0], '775_755_failing_MET': [0.0, 0.0], '775_755_min_MET_pt': [10000000.0, 10000000.0], '775_750': [0.0, 0.0], '775_750_passing_MET': [0.0, 0.0], '775_750_failing_MET': [0.0, 0.0], '775_750_min_MET_pt': [10000000.0, 10000000.0], '775_745': [0.0, 0.0], '775_745_passing_MET': [0.0, 0.0], '775_745_failing_MET': [0.0, 0.0], '775_745_min_MET_pt': [10000000.0, 10000000.0], '800_790': [1087.0, 1102.0], '800_790_passing_MET': [0.0, 0.0], '800_790_failing_MET': [0.0, 0.0], '800_790_min_MET_pt': [10000000.0, 10000000.0], '800_785': [0.0, 1865.0], '800_785_passing_MET': [0.0, 1819.0], '800_785_failing_MET': [0.0, 46.0], '800_785_min_MET_pt': [10000000.0, 16.647930145263672], '800_780': [0.0, 0.0], '800_780_passing_MET': [0.0, 0.0], '800_780_failing_MET': [0.0, 0.0], '800_780_min_MET_pt': [10000000.0, 10000000.0], '800_775': [0.0, 0.0], '800_775_passing_MET': [0.0, 0.0], '800_775_failing_MET': [0.0, 0.0], '800_775_min_MET_pt': [10000000.0, 10000000.0], '800_770': [0.0, 0.0], '800_770_passing_MET': [0.0, 0.0], '800_770_failing_MET': [0.0, 0.0], '800_770_min_MET_pt': [10000000.0, 10000000.0], '825_815': [0.0, 0.0], '825_815_passing_MET': [0.0, 0.0], '825_815_failing_MET': [0.0, 0.0], '825_815_min_MET_pt': [10000000.0, 10000000.0], '825_810': [0.0, 0.0], '825_810_passing_MET': [0.0, 0.0], '825_810_failing_MET': [0.0, 0.0], '825_810_min_MET_pt': [10000000.0, 10000000.0], '825_805': [0.0, 0.0], '825_805_passing_MET': [0.0, 0.0], '825_805_failing_MET': [0.0, 0.0], '825_805_min_MET_pt': [10000000.0, 10000000.0], '825_800': [0.0, 0.0], '825_800_passing_MET': [0.0, 0.0], '825_800_failing_MET': [0.0, 0.0], '825_800_min_MET_pt': [10000000.0, 10000000.0], '825_795': [0.0, 0.0], '825_795_passing_MET': [0.0, 0.0], '825_795_failing_MET': [0.0, 0.0], '825_795_min_MET_pt': [10000000.0, 10000000.0], '850_840': [2235.0, 0.0], '850_840_passing_MET': [2180.0, 0.0], '850_840_failing_MET': [55.0, 0.0], '850_840_min_MET_pt': [29.08404541015625, 10000000.0], '850_835': [0.0, 0.0], '850_835_passing_MET': [0.0, 0.0], '850_835_failing_MET': [0.0, 0.0], '850_835_min_MET_pt': [10000000.0, 10000000.0], '850_830': [0.0, 0.0], '850_830_passing_MET': [0.0, 0.0], '850_830_failing_MET': [0.0, 0.0], '850_830_min_MET_pt': [10000000.0, 10000000.0], '850_825': [0.0, 0.0], '850_825_passing_MET': [0.0, 0.0], '850_825_failing_MET': [0.0, 0.0], '850_825_min_MET_pt': [10000000.0, 10000000.0], '850_820': [0.0, 2366.0], '850_820_passing_MET': [0.0, 2306.0], '850_820_failing_MET': [0.0, 60.0], '850_820_min_MET_pt': [10000000.0, 34.13538360595703], '875_865': [0.0, 0.0], '875_865_passing_MET': [0.0, 0.0], '875_865_failing_MET': [0.0, 0.0], '875_865_min_MET_pt': [10000000.0, 10000000.0], '875_860': [0.0, 0.0], '875_860_passing_MET': [0.0, 0.0], '875_860_failing_MET': [0.0, 0.0], '875_860_min_MET_pt': [10000000.0, 10000000.0], '875_855': [0.0, 0.0], '875_855_passing_MET': [0.0, 0.0], '875_855_failing_MET': [0.0, 0.0], '875_855_min_MET_pt': [10000000.0, 10000000.0], '875_850': [0.0, 0.0], '875_850_passing_MET': [0.0, 0.0], '875_850_failing_MET': [0.0, 0.0], '875_850_min_MET_pt': [10000000.0, 10000000.0], '875_845': [0.0, 0.0], '875_845_passing_MET': [0.0, 0.0], '875_845_failing_MET': [0.0, 0.0], '875_845_min_MET_pt': [10000000.0, 10000000.0], '900_890': [0.0, 1107.0], '900_890_passing_MET': [0.0, 1081.0], '900_890_failing_MET': [0.0, 26.0], '900_890_min_MET_pt': [10000000.0, 52.8763427734375], '900_885': [0.0, 0.0], '900_885_passing_MET': [0.0, 0.0], '900_885_failing_MET': [0.0, 0.0], '900_885_min_MET_pt': [10000000.0, 10000000.0], '900_880': [0.0, 1151.0], '900_880_passing_MET': [0.0, 1124.0], '900_880_failing_MET': [0.0, 27.0], '900_880_min_MET_pt': [10000000.0, 15.529352188110352], '900_875': [0.0, 0.0], '900_875_passing_MET': [0.0, 0.0], '900_875_failing_MET': [0.0, 0.0], '900_875_min_MET_pt': [10000000.0, 10000000.0], '900_870': [0.0, 0.0], '900_870_passing_MET': [0.0, 0.0], '900_870_failing_MET': [0.0, 0.0], '900_870_min_MET_pt': [10000000.0, 10000000.0], '925_915': [0.0, 0.0], '925_915_passing_MET': [0.0, 0.0], '925_915_failing_MET': [0.0, 0.0], '925_915_min_MET_pt': [10000000.0, 10000000.0], '925_910': [0.0, 0.0], '925_910_passing_MET': [0.0, 0.0], '925_910_failing_MET': [0.0, 0.0], '925_910_min_MET_pt': [10000000.0, 10000000.0], '925_905': [0.0, 0.0], '925_905_passing_MET': [0.0, 0.0], '925_905_failing_MET': [0.0, 0.0], '925_905_min_MET_pt': [10000000.0, 10000000.0], '925_900': [0.0, 0.0], '925_900_passing_MET': [0.0, 0.0], '925_900_failing_MET': [0.0, 0.0], '925_900_min_MET_pt': [10000000.0, 10000000.0], '925_895': [0.0, 0.0], '925_895_passing_MET': [0.0, 0.0], '925_895_failing_MET': [0.0, 0.0], '925_895_min_MET_pt': [10000000.0, 10000000.0], '950_940': [1075.0, 1159.0], '950_940_passing_MET': [0.0, 0.0], '950_940_failing_MET': [0.0, 0.0], '950_940_min_MET_pt': [10000000.0, 10000000.0], '950_935': [0.0, 0.0], '950_935_passing_MET': [0.0, 0.0], '950_935_failing_MET': [0.0, 0.0], '950_935_min_MET_pt': [10000000.0, 10000000.0], '950_930': [0.0, 0.0], '950_930_passing_MET': [0.0, 0.0], '950_930_failing_MET': [0.0, 0.0], '950_930_min_MET_pt': [10000000.0, 10000000.0], '950_925': [1010.0, 0.0], '950_925_passing_MET': [985.0, 0.0], '950_925_failing_MET': [25.0, 0.0], '950_925_min_MET_pt': [45.392486572265625, 10000000.0], '950_920': [0.0, 0.0], '950_920_passing_MET': [0.0, 0.0], '950_920_failing_MET': [0.0, 0.0], '950_920_min_MET_pt': [10000000.0, 10000000.0], '975_965': [0.0, 0.0], '975_965_passing_MET': [0.0, 0.0], '975_965_failing_MET': [0.0, 0.0], '975_965_min_MET_pt': [10000000.0, 10000000.0], '975_960': [0.0, 0.0], '975_960_passing_MET': [0.0, 0.0], '975_960_failing_MET': [0.0, 0.0], '975_960_min_MET_pt': [10000000.0, 10000000.0], '975_955': [0.0, 0.0], '975_955_passing_MET': [0.0, 0.0], '975_955_failing_MET': [0.0, 0.0], '975_955_min_MET_pt': [10000000.0, 10000000.0], '975_950': [0.0, 0.0], '975_950_passing_MET': [0.0, 0.0], '975_950_failing_MET': [0.0, 0.0], '975_950_min_MET_pt': [10000000.0, 10000000.0], '975_945': [0.0, 0.0], '975_945_passing_MET': [0.0, 0.0], '975_945_failing_MET': [0.0, 0.0], '975_945_min_MET_pt': [10000000.0, 10000000.0], '1000_990': [1210.0, 0.0], '1000_990_passing_MET': [1179.0, 0.0], '1000_990_failing_MET': [31.0, 0.0], '1000_990_min_MET_pt': [32.447486877441406, 10000000.0], '1000_985': [0.0, 0.0], '1000_985_passing_MET': [0.0, 0.0], '1000_985_failing_MET': [0.0, 0.0], '1000_985_min_MET_pt': [10000000.0, 10000000.0], '1000_980': [0.0, 1223.0], '1000_980_passing_MET': [0.0, 1178.0], '1000_980_failing_MET': [0.0, 45.0], '1000_980_min_MET_pt': [10000000.0, 14.168586730957031], '1000_975': [0.0, 0.0], '1000_975_passing_MET': [0.0, 0.0], '1000_975_failing_MET': [0.0, 0.0], '1000_975_min_MET_pt': [10000000.0, 10000000.0], '1000_970': [0.0, 0.0], '1000_970_passing_MET': [0.0, 0.0], '1000_970_failing_MET': [0.0, 0.0], '1000_970_min_MET_pt': [10000000.0, 10000000.0], '1025_1015': [0.0, 0.0], '1025_1015_passing_MET': [0.0, 0.0], '1025_1015_failing_MET': [0.0, 0.0], '1025_1015_min_MET_pt': [10000000.0, 10000000.0], '1025_1010': [0.0, 0.0], '1025_1010_passing_MET': [0.0, 0.0], '1025_1010_failing_MET': [0.0, 0.0], '1025_1010_min_MET_pt': [10000000.0, 10000000.0], '1025_1005': [0.0, 0.0], '1025_1005_passing_MET': [0.0, 0.0], '1025_1005_failing_MET': [0.0, 0.0], '1025_1005_min_MET_pt': [10000000.0, 10000000.0], '1025_1000': [0.0, 0.0], '1025_1000_passing_MET': [0.0, 0.0], '1025_1000_failing_MET': [0.0, 0.0], '1025_1000_min_MET_pt': [10000000.0, 10000000.0], '1025_995': [0.0, 0.0], '1025_995_passing_MET': [0.0, 0.0], '1025_995_failing_MET': [0.0, 0.0], '1025_995_min_MET_pt': [10000000.0, 10000000.0], '1050_1040': [0.0, 0.0], '1050_1040_passing_MET': [0.0, 0.0], '1050_1040_failing_MET': [0.0, 0.0], '1050_1040_min_MET_pt': [10000000.0, 10000000.0], '1050_1035': [0.0, 0.0], '1050_1035_passing_MET': [0.0, 0.0], '1050_1035_failing_MET': [0.0, 0.0], '1050_1035_min_MET_pt': [10000000.0, 10000000.0], '1050_1030': [0.0, 0.0], '1050_1030_passing_MET': [0.0, 0.0], '1050_1030_failing_MET': [0.0, 0.0], '1050_1030_min_MET_pt': [10000000.0, 10000000.0], '1050_1025': [0.0, 0.0], '1050_1025_passing_MET': [0.0, 0.0], '1050_1025_failing_MET': [0.0, 0.0], '1050_1025_min_MET_pt': [10000000.0, 10000000.0], '1050_1020': [0.0, 0.0], '1050_1020_passing_MET': [0.0, 0.0], '1050_1020_failing_MET': [0.0, 0.0], '1050_1020_min_MET_pt': [10000000.0, 10000000.0], '1075_1065': [0.0, 0.0], '1075_1065_passing_MET': [0.0, 0.0], '1075_1065_failing_MET': [0.0, 0.0], '1075_1065_min_MET_pt': [10000000.0, 10000000.0], '1075_1060': [0.0, 0.0], '1075_1060_passing_MET': [0.0, 0.0], '1075_1060_failing_MET': [0.0, 0.0], '1075_1060_min_MET_pt': [10000000.0, 10000000.0], '1075_1055': [0.0, 0.0], '1075_1055_passing_MET': [0.0, 0.0], '1075_1055_failing_MET': [0.0, 0.0], '1075_1055_min_MET_pt': [10000000.0, 10000000.0], '1075_1050': [0.0, 0.0], '1075_1050_passing_MET': [0.0, 0.0], '1075_1050_failing_MET': [0.0, 0.0], '1075_1050_min_MET_pt': [10000000.0, 10000000.0], '1075_1045': [0.0, 0.0], '1075_1045_passing_MET': [0.0, 0.0], '1075_1045_failing_MET': [0.0, 0.0], '1075_1045_min_MET_pt': [10000000.0, 10000000.0], '1100_1090': [0.0, 1000.0], '1100_1090_passing_MET': [0.0, 970.0], '1100_1090_failing_MET': [0.0, 30.0], '1100_1090_min_MET_pt': [10000000.0, 36.5921516418457], '1100_1085': [953.0, 0.0], '1100_1085_passing_MET': [924.0, 0.0], '1100_1085_failing_MET': [29.0, 0.0], '1100_1085_min_MET_pt': [25.846092224121094, 10000000.0], '1100_1080': [0.0, 0.0], '1100_1080_passing_MET': [0.0, 0.0], '1100_1080_failing_MET': [0.0, 0.0], '1100_1080_min_MET_pt': [10000000.0, 10000000.0], '1100_1075': [0.0, 0.0], '1100_1075_passing_MET': [0.0, 0.0], '1100_1075_failing_MET': [0.0, 0.0], '1100_1075_min_MET_pt': [10000000.0, 10000000.0], '1100_1070': [0.0, 0.0], '1100_1070_passing_MET': [0.0, 0.0], '1100_1070_failing_MET': [0.0, 0.0], '1100_1070_min_MET_pt': [10000000.0, 10000000.0], 'nEventsTotal': 144700.0, 'strange masspoints': 0.0, 'orphans': 0.0, 'R-hadron event': 0.0, 'different stop antistop masses': 0.0, 'strange error': 0.0, 'strange event': 0.0, 'different neutralino masses': 11489.0, 'large differences': 0.0, '600_576': [0.0, 298.0], '600_576_passing_MET': [0.0, 288.0], '600_576_failing_MET': [0.0, 10.0], '600_576_min_MET_pt': [10000000.0, 49.30978012084961], '876_860': [1124.0, 0.0], '876_860_passing_MET': [1097.0, 0.0], '876_860_failing_MET': [27.0, 0.0], '876_860_min_MET_pt': [7.413339138031006, 10000000.0], '1024_1015': [3032.0, 0.0], '1024_1015_passing_MET': [2965.0, 0.0], '1024_1015_failing_MET': [67.0, 0.0], '1024_1015_min_MET_pt': [9.72117805480957, 10000000.0], '1024_1016': [330.0, 0.0], '1024_1016_passing_MET': [325.0, 0.0], '1024_1016_failing_MET': [5.0, 0.0], '1024_1016_min_MET_pt': [75.67737579345703, 10000000.0], '526_515': [869.0, 2586.0], '526_515_passing_MET': [843.0, 2529.0], '526_515_failing_MET': [26.0, 57.0], '526_515_min_MET_pt': [10.588651657104492, 25.120317459106445], '526_516': [88.0, 285.0], '526_516_passing_MET': [84.0, 277.0], '526_516_failing_MET': [4.0, 8.0], '526_516_min_MET_pt': [11.959385871887207, 51.13374328613281], '1052_1020': [2251.0, 1179.0], '1052_1020_passing_MET': [2195.0, 1151.0], '1052_1020_failing_MET': [56.0, 28.0], '1052_1020_min_MET_pt': [35.524024963378906, 25.426143646240234], '576_545': [0.0, 893.0], '576_545_passing_MET': [0.0, 862.0], '576_545_failing_MET': [0.0, 31.0], '576_545_min_MET_pt': [10000000.0, 34.58584213256836], '576_546': [0.0, 186.0], '576_546_passing_MET': [0.0, 180.0], '576_546_failing_MET': [0.0, 6.0], '576_546_min_MET_pt': [10000000.0, 65.3507080078125], '876_850': [0.0, 1149.0], '876_850_passing_MET': [0.0, 1114.0], '876_850_failing_MET': [0.0, 35.0], '876_850_min_MET_pt': [10000000.0, 48.5915641784668], '926_915': [983.0, 0.0], '926_915_passing_MET': [961.0, 0.0], '926_915_failing_MET': [22.0, 0.0], '926_915_min_MET_pt': [29.993270874023438, 10000000.0], '926_916': [108.0, 0.0], '926_916_passing_MET': [105.0, 0.0], '926_916_failing_MET': [3.0, 0.0], '926_916_min_MET_pt': [47.43581008911133, 10000000.0], '876_845': [991.0, 0.0], '876_845_passing_MET': [969.0, 0.0], '876_845_failing_MET': [22.0, 0.0], '876_845_min_MET_pt': [52.09864044189453, 10000000.0], '876_846': [170.0, 0.0], '876_846_passing_MET': [167.0, 0.0], '876_846_failing_MET': [3.0, 0.0], '876_846_min_MET_pt': [64.14058685302734, 10000000.0], '1076_1055': [1031.0, 0.0], '1076_1055_passing_MET': [1011.0, 0.0], '1076_1055_failing_MET': [20.0, 0.0], '1076_1055_min_MET_pt': [58.18026351928711, 10000000.0], '1076_1056': [152.0, 0.0], '1076_1056_passing_MET': [144.0, 0.0], '1076_1056_failing_MET': [8.0, 0.0], '1076_1056_min_MET_pt': [62.7938232421875, 10000000.0], '926_905': [973.0, 0.0], '926_905_passing_MET': [943.0, 0.0], '926_905_failing_MET': [30.0, 0.0], '926_905_min_MET_pt': [32.97285461425781, 10000000.0], '926_906': [157.0, 0.0], '926_906_passing_MET': [149.0, 0.0], '926_906_failing_MET': [8.0, 0.0], '926_906_min_MET_pt': [66.32572937011719, 10000000.0], '1024_995': [3038.0, 0.0], '1024_995_passing_MET': [2963.0, 0.0], '1024_995_failing_MET': [75.0, 0.0], '1024_995_min_MET_pt': [18.137622833251953, 10000000.0], '1024_996': [566.0, 0.0], '1024_996_passing_MET': [558.0, 0.0], '1024_996_failing_MET': [8.0, 0.0], '1024_996_min_MET_pt': [42.5670166015625, 10000000.0], '1076_1060': [1184.0, 0.0], '1076_1060_passing_MET': [1154.0, 0.0], '1076_1060_failing_MET': [30.0, 0.0], '1076_1060_min_MET_pt': [17.102296829223633, 10000000.0], '826_800': [2204.0, 0.0], '826_800_passing_MET': [2135.0, 0.0], '826_800_failing_MET': [69.0, 0.0], '826_800_min_MET_pt': [6.06212043762207, 10000000.0], '950_926': [166.0, 0.0], '950_926_passing_MET': [163.0, 0.0], '950_926_failing_MET': [3.0, 0.0], '950_926_min_MET_pt': [88.42939758300781, 10000000.0], '826_815': [902.0, 0.0], '826_815_passing_MET': [888.0, 0.0], '826_815_failing_MET': [14.0, 0.0], '826_815_min_MET_pt': [53.77244567871094, 10000000.0], '826_816': [106.0, 0.0], '826_816_passing_MET': [105.0, 0.0], '826_816_failing_MET': [1.0, 0.0], '826_816_min_MET_pt': [96.91590881347656, 10000000.0], '1100_1084': [122.0, 0.0], '1100_1084_passing_MET': [119.0, 0.0], '1100_1084_failing_MET': [3.0, 0.0], '1100_1084_min_MET_pt': [48.358150482177734, 10000000.0], '576_555': [827.0, 0.0], '576_555_passing_MET': [812.0, 0.0], '576_555_failing_MET': [15.0, 0.0], '576_555_min_MET_pt': [43.75284194946289, 10000000.0], '576_556': [158.0, 0.0], '576_556_passing_MET': [150.0, 0.0], '576_556_failing_MET': [8.0, 0.0], '576_556_min_MET_pt': [63.98822784423828, 10000000.0], '726_705': [954.0, 0.0], '726_705_passing_MET': [923.0, 0.0], '726_705_failing_MET': [31.0, 0.0], '726_705_min_MET_pt': [36.27013397216797, 10000000.0], '726_706': [170.0, 0.0], '726_706_passing_MET': [167.0, 0.0], '726_706_failing_MET': [3.0, 0.0], '726_706_min_MET_pt': [73.69259643554688, 10000000.0], '526_500': [990.0, 1015.0], '526_500_passing_MET': [957.0, 982.0], '526_500_failing_MET': [33.0, 33.0], '526_500_min_MET_pt': [31.858884811401367, 43.57231140136719], '800_786': [0.0, 262.0], '800_786_passing_MET': [0.0, 254.0], '800_786_failing_MET': [0.0, 8.0], '800_786_min_MET_pt': [10000000.0, 29.77054214477539], '776_755': [0.0, 2887.0], '776_755_passing_MET': [0.0, 2797.0], '776_755_failing_MET': [0.0, 90.0], '776_755_min_MET_pt': [10000000.0, 9.429544448852539], '776_756': [0.0, 489.0], '776_756_passing_MET': [0.0, 477.0], '776_756_failing_MET': [0.0, 12.0], '776_756_min_MET_pt': [10000000.0, 43.36663818359375], '626_615': [947.0, 1801.0], '626_615_passing_MET': [929.0, 1760.0], '626_615_failing_MET': [18.0, 41.0], '626_615_min_MET_pt': [36.66072463989258, 51.90306854248047], '626_616': [95.0, 179.0], '626_616_passing_MET': [93.0, 175.0], '626_616_failing_MET': [2.0, 4.0], '626_616_min_MET_pt': [52.49360275268555, 35.71171569824219], '776_760': [1118.0, 1119.0], '776_760_passing_MET': [1082.0, 1098.0], '776_760_failing_MET': [36.0, 21.0], '776_760_min_MET_pt': [49.1387825012207, 35.13294219970703], '676_655': [1781.0, 0.0], '676_655_passing_MET': [1724.0, 0.0], '676_655_failing_MET': [57.0, 0.0], '676_655_min_MET_pt': [40.709896087646484, 10000000.0], '676_656': [321.0, 0.0], '676_656_passing_MET': [307.0, 0.0], '676_656_failing_MET': [14.0, 0.0], '676_656_min_MET_pt': [44.32862091064453, 10000000.0], '826_810': [1089.0, 1128.0], '826_810_passing_MET': [1056.0, 1103.0], '826_810_failing_MET': [33.0, 25.0], '826_810_min_MET_pt': [28.646432876586914, 39.376834869384766], '976_965': [1000.0, 1995.0], '976_965_passing_MET': [982.0, 1953.0], '976_965_failing_MET': [18.0, 42.0], '976_965_min_MET_pt': [56.706024169921875, 12.998671531677246], '976_966': [111.0, 235.0], '976_966_passing_MET': [111.0, 229.0], '976_966_failing_MET': [0.0, 6.0], '976_966_min_MET_pt': [101.56998443603516, 72.319580078125], '650_626': [161.0, 0.0], '650_626_passing_MET': [156.0, 0.0], '650_626_failing_MET': [5.0, 0.0], '650_626_min_MET_pt': [53.102291107177734, 10000000.0], '550_526': [164.0, 151.0], '550_526_passing_MET': [158.0, 143.0], '550_526_failing_MET': [6.0, 8.0], '550_526_min_MET_pt': [39.7176513671875, 57.21131134033203], '576_565': [921.0, 896.0], '576_565_passing_MET': [892.0, 880.0], '576_565_failing_MET': [29.0, 16.0], '576_565_min_MET_pt': [33.65537643432617, 34.61571502685547], '576_566': [90.0, 116.0], '576_566_passing_MET': [84.0, 114.0], '576_566_failing_MET': [6.0, 2.0], '576_566_min_MET_pt': [45.45227813720703, 85.79611206054688], '676_666': [0.0, 91.0], '676_666_passing_MET': [0.0, 90.0], '676_666_failing_MET': [0.0, 1.0], '676_666_min_MET_pt': [10000000.0, 92.20294189453125], '676_665': [0.0, 945.0], '676_665_passing_MET': [0.0, 912.0], '676_665_failing_MET': [0.0, 33.0], '676_665_min_MET_pt': [10000000.0, 33.78757095336914], '750_726': [0.0, 189.0], '750_726_passing_MET': [0.0, 185.0], '750_726_failing_MET': [0.0, 4.0], '750_726_min_MET_pt': [10000000.0, 61.110572814941406], '776_746': [0.0, 360.0], '776_746_passing_MET': [0.0, 352.0], '776_746_failing_MET': [0.0, 8.0], '776_746_min_MET_pt': [10000000.0, 60.21988296508789], '776_745': [0.0, 1986.0], '776_745_passing_MET': [0.0, 1932.0], '776_745_failing_MET': [0.0, 54.0], '776_745_min_MET_pt': [10000000.0, 12.669151306152344], '626_600': [0.0, 1071.0], '626_600_passing_MET': [0.0, 1041.0], '626_600_failing_MET': [0.0, 30.0], '626_600_min_MET_pt': [10000000.0, 26.18535041809082], '976_960': [0.0, 1110.0], '976_960_passing_MET': [0.0, 1081.0], '976_960_failing_MET': [0.0, 29.0], '976_960_min_MET_pt': [10000000.0, 44.417816162109375], '926_910': [0.0, 1118.0], '926_910_passing_MET': [0.0, 1084.0], '926_910_failing_MET': [0.0, 34.0], '926_910_min_MET_pt': [10000000.0, 34.12051010131836], '1100_1092': [0.0, 121.0], '1100_1092_passing_MET': [0.0, 118.0], '1100_1092_failing_MET': [0.0, 3.0], '1100_1092_min_MET_pt': [10000000.0, 80.89884185791016], '1024_1005': [0.0, 1051.0], '1024_1005_passing_MET': [0.0, 1030.0], '1024_1005_failing_MET': [0.0, 21.0], '1024_1005_min_MET_pt': [10000000.0, 41.990726470947266], '1024_1006': [0.0, 169.0], '1024_1006_passing_MET': [0.0, 161.0], '1024_1006_failing_MET': [0.0, 8.0], '1024_1006_min_MET_pt': [10000000.0, 55.94277572631836], '876_865': [997.0, 0.0], '876_865_passing_MET': [976.0, 0.0], '876_865_failing_MET': [21.0, 0.0], '876_865_min_MET_pt': [24.41756820678711, 10000000.0], '876_866': [81.0, 0.0], '876_866_passing_MET': [79.0, 0.0], '876_866_failing_MET': [2.0, 0.0], '876_866_min_MET_pt': [86.17533874511719, 10000000.0], '1076_1065': [0.0, 973.0], '1076_1065_passing_MET': [0.0, 946.0], '1076_1065_failing_MET': [0.0, 27.0], '1076_1065_min_MET_pt': [10000000.0, 41.3533935546875], '1076_1064': [0.0, 107.0], '1076_1064_passing_MET': [0.0, 104.0], '1076_1064_failing_MET': [0.0, 3.0], '1076_1064_min_MET_pt': [10000000.0, 77.7975845336914], '726_715': [1031.0, 0.0], '726_715_passing_MET': [1000.0, 0.0], '726_715_failing_MET': [31.0, 0.0], '726_715_min_MET_pt': [20.176658630371094, 10000000.0], '726_716': [87.0, 0.0], '726_716_passing_MET': [85.0, 0.0], '726_716_failing_MET': [2.0, 0.0], '726_716_min_MET_pt': [75.25707244873047, 10000000.0], '676_650': [1094.0, 0.0], '676_650_passing_MET': [1058.0, 0.0], '676_650_failing_MET': [36.0, 0.0], '676_650_min_MET_pt': [16.45289421081543, 10000000.0]}
nevents_from_dict =  3600260625.2837634
Results saved to /afs/cern.ch/work/m/mleoncoe/private/stop_met_check/outputs_2018/nanoAOD_493.json
done
