000 (9018140.589.000) 01/06 10:56:50 Job submitted from host: <188.185.6.50:9618?addrs=188.185.6.50-9618+[2001-1458-d00-62--100-2b1]-9618&alias=bigbird25.cern.ch&noUDP&sock=schedd_1627_90ad>
...
040 (9018140.589.000) 01/06 11:01:38 Started transferring input files
	Transferring to host: <128.142.192.140:9618?addrs=128.142.192.140-9618+[2001-1458-301-56--100-8]-9618&alias=b9g18p8843.cern.ch&noUDP&sock=slot1_37_4474_166f_109859>
...
040 (9018140.589.000) 01/06 11:01:38 Finished transferring input files
...
001 (9018140.589.000) 01/06 11:01:39 Job executing on host: <128.142.192.140:9618?addrs=128.142.192.140-9618+[2001-1458-301-56--100-8]-9618&alias=b9g18p8843.cern.ch&noUDP&sock=startd_3567_3e68>
	SlotName: slot1_37@b9g18p8843.cern.ch
	CondorScratchDir = "/pool/condor/dir_1100714"
	Cpus = 1
	Disk = 3856
	GPUs = 0
	Memory = 3000
...
006 (9018140.589.000) 01/06 11:01:53 Image size of job updated: 110164
	108  -  MemoryUsage of job (MB)
	110164  -  ResidentSetSize of job (KB)
...
006 (9018140.589.000) 01/06 11:06:54 Image size of job updated: 201276
	197  -  MemoryUsage of job (MB)
	201276  -  ResidentSetSize of job (KB)
...
006 (9018140.589.000) 01/06 11:11:54 Image size of job updated: 210268
	206  -  MemoryUsage of job (MB)
	210268  -  ResidentSetSize of job (KB)
...
006 (9018140.589.000) 01/06 11:16:54 Image size of job updated: 210420
	206  -  MemoryUsage of job (MB)
	210420  -  ResidentSetSize of job (KB)
...
006 (9018140.589.000) 01/06 11:21:55 Image size of job updated: 210428
	206  -  MemoryUsage of job (MB)
	210428  -  ResidentSetSize of job (KB)
...
006 (9018140.589.000) 01/06 11:26:55 Image size of job updated: 210544
	206  -  MemoryUsage of job (MB)
	210544  -  ResidentSetSize of job (KB)
...
006 (9018140.589.000) 01/06 11:31:55 Image size of job updated: 210676
	206  -  MemoryUsage of job (MB)
	210676  -  ResidentSetSize of job (KB)
...
006 (9018140.589.000) 01/06 11:36:56 Image size of job updated: 210800
	206  -  MemoryUsage of job (MB)
	210800  -  ResidentSetSize of job (KB)
...
006 (9018140.589.000) 01/06 11:43:28 Image size of job updated: 210912
	206  -  MemoryUsage of job (MB)
	210800  -  ResidentSetSize of job (KB)
...
040 (9018140.589.000) 01/06 11:43:28 Started transferring output files
...
040 (9018140.589.000) 01/06 11:43:30 Finished transferring output files
...
005 (9018140.589.000) 01/06 11:43:30 Job terminated.
	(1) Normal termination (return value 0)
		Usr 0 00:41:09, Sys 0 00:00:02  -  Run Remote Usage
		Usr 0 00:00:00, Sys 0 00:00:00  -  Run Local Usage
		Usr 0 00:41:09, Sys 0 00:00:02  -  Total Remote Usage
		Usr 0 00:00:00, Sys 0 00:00:00  -  Total Local Usage
	36093  -  Run Bytes Sent By Job
	21436  -  Run Bytes Received By Job
	36093  -  Total Bytes Sent By Job
	21436  -  Total Bytes Received By Job
	Partitionable Resources :    Usage  Request Allocated 
	   Cpus                 :     1.00        1         1 
	   Disk (KB)            :    83          22      3856 
	   GPUs                 :                           0 
	   Memory (MB)          :   206        3000      3000 
	   TimeExecute (s)      :  2509                       
	   TimeSlotBusy (s)     :  2512                       

	Job terminated of its own accord at 2026-01-06T10:43:28Z with exit-code 0.
...
