i am in this directory
/pool/condor/dir_1319427
Python 3.9.23
3.9.23
 will run this python stop_check_met_eff.py /eos/user/m/mleoncoe/stop_event_check/privateNanoAod2018/nanoAOD_42.root /afs/cern.ch/work/m/mleoncoe/private/stop_met_check/outputs_2018/nanoAOD_42.json
event num1000
event num2000
event num3000
event num4000
event num5000
event num6000
event num7000
event num8000
event num9000
event num10000
event num11000
event num12000
event num13000
event num14000
event num15000
event num16000
event num17000
event num18000
event num19000
event num20000
event num21000
event num22000
event num23000
event num24000
event num25000
event num26000
event num27000
event num28000
event num29000
event num30000
event num31000
event num32000
event num33000
event num34000
event num35000
event num36000
event num37000
event num38000
event num39000
event num40000
event num41000
event num42000
event num43000
event num44000
event num45000
event num46000
event num47000
event num48000
event num49000
event num50000
event num51000
event num52000
event num53000
event num54000
event num55000
event num56000
event num57000
event num58000
event num59000
event num60000
event num61000
event num62000
event num63000
event num64000
event num65000
event num66000
event num67000
event num68000
event num69000
event num70000
event num71000
event num72000
event num73000
event num74000
event num75000
event num76000
event num77000
event num78000
event num79000
event num80000
event num81000
event num82000
event num83000
event num84000
event num85000
event num86000
event num87000
event num88000
event num89000
event num90000
event num91000
event num92000
event num93000
event num94000
event num95000
event num96000
event num97000
event num98000
event num99000
event num100000
event num101000
event num102000
event num103000
event num104000
event num105000
event num106000
event num107000
event num108000
event num109000
event num110000
event num111000
event num112000
event num113000
event num114000
event num115000
event num116000
event num117000
event num118000
event num119000
event num120000
event num121000
event num122000
event num123000
event num124000
event num125000
event num126000
event num127000
event num128000
event num129000
event num130000
event num131000
event num132000
event num133000
event num134000
event num135000
event num136000
event num137000
event num138000
event num139000
event num140000
event num141000
event num142000
event num143000
event num144000
event num145000
event num146000
event num147000
event num148000
event num149000
event num150000
event num151000
event num152000
event num153000
event num154000
event num155000
event num156000
event num157000
event num158000
event num159000
event num160000
event num161000
event num162000
event num163000
event num164000
event num165000
event num166000
event num167000
event num168000
event num169000
event num170000
event num171000
event num172000
event num173000
event num174000
event num175000
event num176000
event num177000
event num178000
event num179000
event num180000
event num181000
event num182000
event num183000
event num184000
event num185000
event num186000
event num187000
event num188000
event num189000
{'250_240': [1388.0, 2087.0], '250_240_passing_MET': [0.0, 0.0], '250_240_failing_MET': [0.0, 0.0], '250_240_min_MET_pt': [10000000.0, 10000000.0], '250_235': [0.0, 0.0], '250_235_passing_MET': [0.0, 0.0], '250_235_failing_MET': [0.0, 0.0], '250_235_min_MET_pt': [10000000.0, 10000000.0], '250_230': [0.0, 0.0], '250_230_passing_MET': [0.0, 0.0], '250_230_failing_MET': [0.0, 0.0], '250_230_min_MET_pt': [10000000.0, 10000000.0], '250_225': [0.0, 691.0], '250_225_passing_MET': [0.0, 652.0], '250_225_failing_MET': [0.0, 39.0], '250_225_min_MET_pt': [10000000.0, 35.50423812866211], '250_220': [1497.0, 0.0], '250_220_passing_MET': [1398.0, 0.0], '250_220_failing_MET': [99.0, 0.0], '250_220_min_MET_pt': [6.0269646644592285, 10000000.0], '275_265': [0.0, 665.0], '275_265_passing_MET': [0.0, 640.0], '275_265_failing_MET': [0.0, 25.0], '275_265_min_MET_pt': [10000000.0, 26.209257125854492], '275_260': [0.0, 743.0], '275_260_passing_MET': [0.0, 715.0], '275_260_failing_MET': [0.0, 28.0], '275_260_min_MET_pt': [10000000.0, 25.084280014038086], '275_255': [0.0, 0.0], '275_255_passing_MET': [0.0, 0.0], '275_255_failing_MET': [0.0, 0.0], '275_255_min_MET_pt': [10000000.0, 10000000.0], '275_250': [794.0, 0.0], '275_250_passing_MET': [756.0, 0.0], '275_250_failing_MET': [38.0, 0.0], '275_250_min_MET_pt': [27.177410125732422, 10000000.0], '275_245': [0.0, 1559.0], '275_245_passing_MET': [0.0, 1473.0], '275_245_failing_MET': [0.0, 86.0], '275_245_min_MET_pt': [10000000.0, 14.077202796936035], '300_290': [1592.0, 742.0], '300_290_passing_MET': [0.0, 0.0], '300_290_failing_MET': [0.0, 0.0], '300_290_min_MET_pt': [10000000.0, 10000000.0], '300_285': [0.0, 0.0], '300_285_passing_MET': [0.0, 0.0], '300_285_failing_MET': [0.0, 0.0], '300_285_min_MET_pt': [10000000.0, 10000000.0], '300_280': [0.0, 813.0], '300_280_passing_MET': [0.0, 779.0], '300_280_failing_MET': [0.0, 34.0], '300_280_min_MET_pt': [10000000.0, 36.496421813964844], '300_275': [0.0, 0.0], '300_275_passing_MET': [0.0, 0.0], '300_275_failing_MET': [0.0, 0.0], '300_275_min_MET_pt': [10000000.0, 10000000.0], '300_270': [833.0, 0.0], '300_270_passing_MET': [796.0, 0.0], '300_270_failing_MET': [37.0, 0.0], '300_270_min_MET_pt': [39.77748489379883, 10000000.0], '325_315': [779.0, 3199.0], '325_315_passing_MET': [0.0, 0.0], '325_315_failing_MET': [0.0, 0.0], '325_315_min_MET_pt': [10000000.0, 10000000.0], '325_310': [0.0, 0.0], '325_310_passing_MET': [0.0, 0.0], '325_310_failing_MET': [0.0, 0.0], '325_310_min_MET_pt': [10000000.0, 10000000.0], '325_305': [0.0, 0.0], '325_305_passing_MET': [0.0, 0.0], '325_305_failing_MET': [0.0, 0.0], '325_305_min_MET_pt': [10000000.0, 10000000.0], '325_300': [0.0, 866.0], '325_300_passing_MET': [0.0, 824.0], '325_300_failing_MET': [0.0, 42.0], '325_300_min_MET_pt': [10000000.0, 14.380481719970703], '325_295': [0.0, 0.0], '325_295_passing_MET': [0.0, 0.0], '325_295_failing_MET': [0.0, 0.0], '325_295_min_MET_pt': [10000000.0, 10000000.0], '350_340': [2500.0, 828.0], '350_340_passing_MET': [0.0, 0.0], '350_340_failing_MET': [0.0, 0.0], '350_340_min_MET_pt': [10000000.0, 10000000.0], '350_335': [802.0, 828.0], '350_335_passing_MET': [0.0, 0.0], '350_335_failing_MET': [0.0, 0.0], '350_335_min_MET_pt': [10000000.0, 10000000.0], '350_330': [882.0, 866.0], '350_330_passing_MET': [0.0, 0.0], '350_330_failing_MET': [0.0, 0.0], '350_330_min_MET_pt': [10000000.0, 10000000.0], '350_325': [0.0, 0.0], '350_325_passing_MET': [0.0, 0.0], '350_325_failing_MET': [0.0, 0.0], '350_325_min_MET_pt': [10000000.0, 10000000.0], '350_320': [0.0, 921.0], '350_320_passing_MET': [0.0, 882.0], '350_320_failing_MET': [0.0, 39.0], '350_320_min_MET_pt': [10000000.0, 42.50815963745117], '375_365': [0.0, 1742.0], '375_365_passing_MET': [0.0, 1700.0], '375_365_failing_MET': [0.0, 42.0], '375_365_min_MET_pt': [10000000.0, 11.733623504638672], '375_360': [839.0, 0.0], '375_360_passing_MET': [810.0, 0.0], '375_360_failing_MET': [29.0, 0.0], '375_360_min_MET_pt': [52.59477615356445, 10000000.0], '375_355': [0.0, 0.0], '375_355_passing_MET': [0.0, 0.0], '375_355_failing_MET': [0.0, 0.0], '375_355_min_MET_pt': [10000000.0, 10000000.0], '375_350': [0.0, 0.0], '375_350_passing_MET': [0.0, 0.0], '375_350_failing_MET': [0.0, 0.0], '375_350_min_MET_pt': [10000000.0, 10000000.0], '375_345': [2767.0, 982.0], '375_345_passing_MET': [0.0, 0.0], '375_345_failing_MET': [0.0, 0.0], '375_345_min_MET_pt': [10000000.0, 10000000.0], '400_390': [920.0, 1751.0], '400_390_passing_MET': [0.0, 0.0], '400_390_failing_MET': [0.0, 0.0], '400_390_min_MET_pt': [10000000.0, 10000000.0], '400_385': [0.0, 0.0], '400_385_passing_MET': [0.0, 0.0], '400_385_failing_MET': [0.0, 0.0], '400_385_min_MET_pt': [10000000.0, 10000000.0], '400_380': [954.0, 893.0], '400_380_passing_MET': [0.0, 0.0], '400_380_failing_MET': [0.0, 0.0], '400_380_min_MET_pt': [10000000.0, 10000000.0], '400_375': [846.0, 916.0], '400_375_passing_MET': [0.0, 0.0], '400_375_failing_MET': [0.0, 0.0], '400_375_min_MET_pt': [10000000.0, 10000000.0], '400_370': [962.0, 0.0], '400_370_passing_MET': [928.0, 0.0], '400_370_failing_MET': [34.0, 0.0], '400_370_min_MET_pt': [13.974579811096191, 10000000.0], '425_415': [910.0, 0.0], '425_415_passing_MET': [889.0, 0.0], '425_415_failing_MET': [21.0, 0.0], '425_415_min_MET_pt': [7.518153190612793, 10000000.0], '425_410': [0.0, 0.0], '425_410_passing_MET': [0.0, 0.0], '425_410_failing_MET': [0.0, 0.0], '425_410_min_MET_pt': [10000000.0, 10000000.0], '425_405': [0.0, 0.0], '425_405_passing_MET': [0.0, 0.0], '425_405_failing_MET': [0.0, 0.0], '425_405_min_MET_pt': [10000000.0, 10000000.0], '425_400': [0.0, 0.0], '425_400_passing_MET': [0.0, 0.0], '425_400_failing_MET': [0.0, 0.0], '425_400_min_MET_pt': [10000000.0, 10000000.0], '425_395': [0.0, 0.0], '425_395_passing_MET': [0.0, 0.0], '425_395_failing_MET': [0.0, 0.0], '425_395_min_MET_pt': [10000000.0, 10000000.0], '450_440': [936.0, 1854.0], '450_440_passing_MET': [0.0, 0.0], '450_440_failing_MET': [0.0, 0.0], '450_440_min_MET_pt': [10000000.0, 10000000.0], '450_435': [0.0, 945.0], '450_435_passing_MET': [0.0, 915.0], '450_435_failing_MET': [0.0, 30.0], '450_435_min_MET_pt': [10000000.0, 32.245174407958984], '450_430': [0.0, 935.0], '450_430_passing_MET': [0.0, 901.0], '450_430_failing_MET': [0.0, 34.0], '450_430_min_MET_pt': [10000000.0, 45.23031234741211], '450_425': [0.0, 945.0], '450_425_passing_MET': [0.0, 922.0], '450_425_failing_MET': [0.0, 23.0], '450_425_min_MET_pt': [10000000.0, 25.85360336303711], '450_420': [951.0, 3048.0], '450_420_passing_MET': [0.0, 0.0], '450_420_failing_MET': [0.0, 0.0], '450_420_min_MET_pt': [10000000.0, 10000000.0], '475_465': [0.0, 894.0], '475_465_passing_MET': [0.0, 869.0], '475_465_failing_MET': [0.0, 25.0], '475_465_min_MET_pt': [10000000.0, 13.435007095336914], '475_460': [0.0, 0.0], '475_460_passing_MET': [0.0, 0.0], '475_460_failing_MET': [0.0, 0.0], '475_460_min_MET_pt': [10000000.0, 10000000.0], '475_455': [0.0, 0.0], '475_455_passing_MET': [0.0, 0.0], '475_455_failing_MET': [0.0, 0.0], '475_455_min_MET_pt': [10000000.0, 10000000.0], '475_450': [0.0, 0.0], '475_450_passing_MET': [0.0, 0.0], '475_450_failing_MET': [0.0, 0.0], '475_450_min_MET_pt': [10000000.0, 10000000.0], '475_445': [975.0, 0.0], '475_445_passing_MET': [936.0, 0.0], '475_445_failing_MET': [39.0, 0.0], '475_445_min_MET_pt': [30.986618041992188, 10000000.0], '500_490': [2873.0, 0.0], '500_490_passing_MET': [2785.0, 0.0], '500_490_failing_MET': [88.0, 0.0], '500_490_min_MET_pt': [19.268718719482422, 10000000.0], '500_485': [0.0, 0.0], '500_485_passing_MET': [0.0, 0.0], '500_485_failing_MET': [0.0, 0.0], '500_485_min_MET_pt': [10000000.0, 10000000.0], '500_480': [0.0, 0.0], '500_480_passing_MET': [0.0, 0.0], '500_480_failing_MET': [0.0, 0.0], '500_480_min_MET_pt': [10000000.0, 10000000.0], '500_475': [0.0, 0.0], '500_475_passing_MET': [0.0, 0.0], '500_475_failing_MET': [0.0, 0.0], '500_475_min_MET_pt': [10000000.0, 10000000.0], '500_470': [0.0, 1056.0], '500_470_passing_MET': [0.0, 1007.0], '500_470_failing_MET': [0.0, 49.0], '500_470_min_MET_pt': [10000000.0, 8.355287551879883], '525_515': [0.0, 0.0], '525_515_passing_MET': [0.0, 0.0], '525_515_failing_MET': [0.0, 0.0], '525_515_min_MET_pt': [10000000.0, 10000000.0], '525_510': [0.0, 0.0], '525_510_passing_MET': [0.0, 0.0], '525_510_failing_MET': [0.0, 0.0], '525_510_min_MET_pt': [10000000.0, 10000000.0], '525_505': [0.0, 0.0], '525_505_passing_MET': [0.0, 0.0], '525_505_failing_MET': [0.0, 0.0], '525_505_min_MET_pt': [10000000.0, 10000000.0], '525_500': [0.0, 0.0], '525_500_passing_MET': [0.0, 0.0], '525_500_failing_MET': [0.0, 0.0], '525_500_min_MET_pt': [10000000.0, 10000000.0], '525_495': [0.0, 0.0], '525_495_passing_MET': [0.0, 0.0], '525_495_failing_MET': [0.0, 0.0], '525_495_min_MET_pt': [10000000.0, 10000000.0], '550_540': [972.0, 978.0], '550_540_passing_MET': [0.0, 0.0], '550_540_failing_MET': [0.0, 0.0], '550_540_min_MET_pt': [10000000.0, 10000000.0], '550_535': [855.0, 0.0], '550_535_passing_MET': [829.0, 0.0], '550_535_failing_MET': [26.0, 0.0], '550_535_min_MET_pt': [31.466968536376953, 10000000.0], '550_530': [0.0, 1023.0], '550_530_passing_MET': [0.0, 990.0], '550_530_failing_MET': [0.0, 33.0], '550_530_min_MET_pt': [10000000.0, 16.688215255737305], '550_525': [870.0, 0.0], '550_525_passing_MET': [847.0, 0.0], '550_525_failing_MET': [23.0, 0.0], '550_525_min_MET_pt': [26.854251861572266, 10000000.0], '550_520': [1070.0, 1046.0], '550_520_passing_MET': [0.0, 0.0], '550_520_failing_MET': [0.0, 0.0], '550_520_min_MET_pt': [10000000.0, 10000000.0], '575_565': [0.0, 0.0], '575_565_passing_MET': [0.0, 0.0], '575_565_failing_MET': [0.0, 0.0], '575_565_min_MET_pt': [10000000.0, 10000000.0], '575_560': [0.0, 0.0], '575_560_passing_MET': [0.0, 0.0], '575_560_failing_MET': [0.0, 0.0], '575_560_min_MET_pt': [10000000.0, 10000000.0], '575_555': [0.0, 0.0], '575_555_passing_MET': [0.0, 0.0], '575_555_failing_MET': [0.0, 0.0], '575_555_min_MET_pt': [10000000.0, 10000000.0], '575_550': [0.0, 0.0], '575_550_passing_MET': [0.0, 0.0], '575_550_failing_MET': [0.0, 0.0], '575_550_min_MET_pt': [10000000.0, 10000000.0], '575_545': [0.0, 0.0], '575_545_passing_MET': [0.0, 0.0], '575_545_failing_MET': [0.0, 0.0], '575_545_min_MET_pt': [10000000.0, 10000000.0], '600_590': [1001.0, 997.0], '600_590_passing_MET': [0.0, 0.0], '600_590_failing_MET': [0.0, 0.0], '600_590_min_MET_pt': [10000000.0, 10000000.0], '600_585': [0.0, 863.0], '600_585_passing_MET': [0.0, 835.0], '600_585_failing_MET': [0.0, 28.0], '600_585_min_MET_pt': [10000000.0, 30.568544387817383], '600_580': [1089.0, 0.0], '600_580_passing_MET': [1046.0, 0.0], '600_580_failing_MET': [43.0, 0.0], '600_580_min_MET_pt': [24.260265350341797, 10000000.0], '600_575': [850.0, 886.0], '600_575_passing_MET': [0.0, 0.0], '600_575_failing_MET': [0.0, 0.0], '600_575_min_MET_pt': [10000000.0, 10000000.0], '600_570': [0.0, 0.0], '600_570_passing_MET': [0.0, 0.0], '600_570_failing_MET': [0.0, 0.0], '600_570_min_MET_pt': [10000000.0, 10000000.0], '625_615': [0.0, 0.0], '625_615_passing_MET': [0.0, 0.0], '625_615_failing_MET': [0.0, 0.0], '625_615_min_MET_pt': [10000000.0, 10000000.0], '625_610': [0.0, 0.0], '625_610_passing_MET': [0.0, 0.0], '625_610_failing_MET': [0.0, 0.0], '625_610_min_MET_pt': [10000000.0, 10000000.0], '625_605': [0.0, 0.0], '625_605_passing_MET': [0.0, 0.0], '625_605_failing_MET': [0.0, 0.0], '625_605_min_MET_pt': [10000000.0, 10000000.0], '625_600': [0.0, 0.0], '625_600_passing_MET': [0.0, 0.0], '625_600_failing_MET': [0.0, 0.0], '625_600_min_MET_pt': [10000000.0, 10000000.0], '625_595': [0.0, 0.0], '625_595_passing_MET': [0.0, 0.0], '625_595_failing_MET': [0.0, 0.0], '625_595_min_MET_pt': [10000000.0, 10000000.0], '650_640': [1060.0, 1010.0], '650_640_passing_MET': [0.0, 0.0], '650_640_failing_MET': [0.0, 0.0], '650_640_min_MET_pt': [10000000.0, 10000000.0], '650_635': [0.0, 0.0], '650_635_passing_MET': [0.0, 0.0], '650_635_failing_MET': [0.0, 0.0], '650_635_min_MET_pt': [10000000.0, 10000000.0], '650_630': [1028.0, 1085.0], '650_630_passing_MET': [0.0, 0.0], '650_630_failing_MET': [0.0, 0.0], '650_630_min_MET_pt': [10000000.0, 10000000.0], '650_625': [0.0, 0.0], '650_625_passing_MET': [0.0, 0.0], '650_625_failing_MET': [0.0, 0.0], '650_625_min_MET_pt': [10000000.0, 10000000.0], '650_620': [0.0, 0.0], '650_620_passing_MET': [0.0, 0.0], '650_620_failing_MET': [0.0, 0.0], '650_620_min_MET_pt': [10000000.0, 10000000.0], '675_665': [0.0, 0.0], '675_665_passing_MET': [0.0, 0.0], '675_665_failing_MET': [0.0, 0.0], '675_665_min_MET_pt': [10000000.0, 10000000.0], '675_660': [0.0, 0.0], '675_660_passing_MET': [0.0, 0.0], '675_660_failing_MET': [0.0, 0.0], '675_660_min_MET_pt': [10000000.0, 10000000.0], '675_655': [0.0, 0.0], '675_655_passing_MET': [0.0, 0.0], '675_655_failing_MET': [0.0, 0.0], '675_655_min_MET_pt': [10000000.0, 10000000.0], '675_650': [0.0, 0.0], '675_650_passing_MET': [0.0, 0.0], '675_650_failing_MET': [0.0, 0.0], '675_650_min_MET_pt': [10000000.0, 10000000.0], '675_645': [0.0, 0.0], '675_645_passing_MET': [0.0, 0.0], '675_645_failing_MET': [0.0, 0.0], '675_645_min_MET_pt': [10000000.0, 10000000.0], '700_690': [2159.0, 4141.0], '700_690_passing_MET': [0.0, 0.0], '700_690_failing_MET': [0.0, 0.0], '700_690_min_MET_pt': [10000000.0, 10000000.0], '700_685': [0.0, 0.0], '700_685_passing_MET': [0.0, 0.0], '700_685_failing_MET': [0.0, 0.0], '700_685_min_MET_pt': [10000000.0, 10000000.0], '700_680': [1145.0, 1090.0], '700_680_passing_MET': [0.0, 0.0], '700_680_failing_MET': [0.0, 0.0], '700_680_min_MET_pt': [10000000.0, 10000000.0], '700_675': [0.0, 856.0], '700_675_passing_MET': [0.0, 827.0], '700_675_failing_MET': [0.0, 29.0], '700_675_min_MET_pt': [10000000.0, 18.84853172302246], '700_670': [0.0, 1031.0], '700_670_passing_MET': [0.0, 998.0], '700_670_failing_MET': [0.0, 33.0], '700_670_min_MET_pt': [10000000.0, 44.0654296875], '725_715': [0.0, 0.0], '725_715_passing_MET': [0.0, 0.0], '725_715_failing_MET': [0.0, 0.0], '725_715_min_MET_pt': [10000000.0, 10000000.0], '725_710': [0.0, 0.0], '725_710_passing_MET': [0.0, 0.0], '725_710_failing_MET': [0.0, 0.0], '725_710_min_MET_pt': [10000000.0, 10000000.0], '725_705': [0.0, 0.0], '725_705_passing_MET': [0.0, 0.0], '725_705_failing_MET': [0.0, 0.0], '725_705_min_MET_pt': [10000000.0, 10000000.0], '725_700': [0.0, 0.0], '725_700_passing_MET': [0.0, 0.0], '725_700_failing_MET': [0.0, 0.0], '725_700_min_MET_pt': [10000000.0, 10000000.0], '725_695': [0.0, 0.0], '725_695_passing_MET': [0.0, 0.0], '725_695_failing_MET': [0.0, 0.0], '725_695_min_MET_pt': [10000000.0, 10000000.0], '750_740': [1033.0, 1031.0], '750_740_passing_MET': [0.0, 0.0], '750_740_failing_MET': [0.0, 0.0], '750_740_min_MET_pt': [10000000.0, 10000000.0], '750_735': [944.0, 0.0], '750_735_passing_MET': [928.0, 0.0], '750_735_failing_MET': [16.0, 0.0], '750_735_min_MET_pt': [64.23273468017578, 10000000.0], '750_730': [0.0, 0.0], '750_730_passing_MET': [0.0, 0.0], '750_730_failing_MET': [0.0, 0.0], '750_730_min_MET_pt': [10000000.0, 10000000.0], '750_725': [935.0, 934.0], '750_725_passing_MET': [0.0, 0.0], '750_725_failing_MET': [0.0, 0.0], '750_725_min_MET_pt': [10000000.0, 10000000.0], '750_720': [1138.0, 0.0], '750_720_passing_MET': [1098.0, 0.0], '750_720_failing_MET': [40.0, 0.0], '750_720_min_MET_pt': [26.874988555908203, 10000000.0], '775_765': [0.0, 0.0], '775_765_passing_MET': [0.0, 0.0], '775_765_failing_MET': [0.0, 0.0], '775_765_min_MET_pt': [10000000.0, 10000000.0], '775_760': [0.0, 0.0], '775_760_passing_MET': [0.0, 0.0], '775_760_failing_MET': [0.0, 0.0], '775_760_min_MET_pt': [10000000.0, 10000000.0], '775_755': [0.0, 0.0], '775_755_passing_MET': [0.0, 0.0], '775_755_failing_MET': [0.0, 0.0], '775_755_min_MET_pt': [10000000.0, 10000000.0], '775_750': [0.0, 0.0], '775_750_passing_MET': [0.0, 0.0], '775_750_failing_MET': [0.0, 0.0], '775_750_min_MET_pt': [10000000.0, 10000000.0], '775_745': [0.0, 0.0], '775_745_passing_MET': [0.0, 0.0], '775_745_failing_MET': [0.0, 0.0], '775_745_min_MET_pt': [10000000.0, 10000000.0], '800_790': [1089.0, 1065.0], '800_790_passing_MET': [0.0, 0.0], '800_790_failing_MET': [0.0, 0.0], '800_790_min_MET_pt': [10000000.0, 10000000.0], '800_785': [0.0, 0.0], '800_785_passing_MET': [0.0, 0.0], '800_785_failing_MET': [0.0, 0.0], '800_785_min_MET_pt': [10000000.0, 10000000.0], '800_780': [0.0, 1058.0], '800_780_passing_MET': [0.0, 1025.0], '800_780_failing_MET': [0.0, 33.0], '800_780_min_MET_pt': [10000000.0, 50.75136947631836], '800_775': [0.0, 1882.0], '800_775_passing_MET': [0.0, 1835.0], '800_775_failing_MET': [0.0, 47.0], '800_775_min_MET_pt': [10000000.0, 22.73097038269043], '800_770': [0.0, 0.0], '800_770_passing_MET': [0.0, 0.0], '800_770_failing_MET': [0.0, 0.0], '800_770_min_MET_pt': [10000000.0, 10000000.0], '825_815': [0.0, 0.0], '825_815_passing_MET': [0.0, 0.0], '825_815_failing_MET': [0.0, 0.0], '825_815_min_MET_pt': [10000000.0, 10000000.0], '825_810': [0.0, 0.0], '825_810_passing_MET': [0.0, 0.0], '825_810_failing_MET': [0.0, 0.0], '825_810_min_MET_pt': [10000000.0, 10000000.0], '825_805': [0.0, 0.0], '825_805_passing_MET': [0.0, 0.0], '825_805_failing_MET': [0.0, 0.0], '825_805_min_MET_pt': [10000000.0, 10000000.0], '825_800': [0.0, 0.0], '825_800_passing_MET': [0.0, 0.0], '825_800_failing_MET': [0.0, 0.0], '825_800_min_MET_pt': [10000000.0, 10000000.0], '825_795': [0.0, 0.0], '825_795_passing_MET': [0.0, 0.0], '825_795_failing_MET': [0.0, 0.0], '825_795_min_MET_pt': [10000000.0, 10000000.0], '850_840': [0.0, 0.0], '850_840_passing_MET': [0.0, 0.0], '850_840_failing_MET': [0.0, 0.0], '850_840_min_MET_pt': [10000000.0, 10000000.0], '850_835': [0.0, 946.0], '850_835_passing_MET': [0.0, 921.0], '850_835_failing_MET': [0.0, 25.0], '850_835_min_MET_pt': [10000000.0, 30.17940902709961], '850_830': [1086.0, 1149.0], '850_830_passing_MET': [0.0, 0.0], '850_830_failing_MET': [0.0, 0.0], '850_830_min_MET_pt': [10000000.0, 10000000.0], '850_825': [0.0, 0.0], '850_825_passing_MET': [0.0, 0.0], '850_825_failing_MET': [0.0, 0.0], '850_825_min_MET_pt': [10000000.0, 10000000.0], '850_820': [0.0, 0.0], '850_820_passing_MET': [0.0, 0.0], '850_820_failing_MET': [0.0, 0.0], '850_820_min_MET_pt': [10000000.0, 10000000.0], '875_865': [0.0, 0.0], '875_865_passing_MET': [0.0, 0.0], '875_865_failing_MET': [0.0, 0.0], '875_865_min_MET_pt': [10000000.0, 10000000.0], '875_860': [0.0, 0.0], '875_860_passing_MET': [0.0, 0.0], '875_860_failing_MET': [0.0, 0.0], '875_860_min_MET_pt': [10000000.0, 10000000.0], '875_855': [0.0, 0.0], '875_855_passing_MET': [0.0, 0.0], '875_855_failing_MET': [0.0, 0.0], '875_855_min_MET_pt': [10000000.0, 10000000.0], '875_850': [0.0, 0.0], '875_850_passing_MET': [0.0, 0.0], '875_850_failing_MET': [0.0, 0.0], '875_850_min_MET_pt': [10000000.0, 10000000.0], '875_845': [0.0, 0.0], '875_845_passing_MET': [0.0, 0.0], '875_845_failing_MET': [0.0, 0.0], '875_845_min_MET_pt': [10000000.0, 10000000.0], '900_890': [3247.0, 0.0], '900_890_passing_MET': [3162.0, 0.0], '900_890_failing_MET': [85.0, 0.0], '900_890_min_MET_pt': [14.763665199279785, 10000000.0], '900_885': [0.0, 0.0], '900_885_passing_MET': [0.0, 0.0], '900_885_failing_MET': [0.0, 0.0], '900_885_min_MET_pt': [10000000.0, 10000000.0], '900_880': [1137.0, 3328.0], '900_880_passing_MET': [0.0, 0.0], '900_880_failing_MET': [0.0, 0.0], '900_880_min_MET_pt': [10000000.0, 10000000.0], '900_875': [0.0, 1058.0], '900_875_passing_MET': [0.0, 1032.0], '900_875_failing_MET': [0.0, 26.0], '900_875_min_MET_pt': [10000000.0, 37.587646484375], '900_870': [0.0, 1144.0], '900_870_passing_MET': [0.0, 1120.0], '900_870_failing_MET': [0.0, 24.0], '900_870_min_MET_pt': [10000000.0, 25.455514907836914], '925_915': [0.0, 0.0], '925_915_passing_MET': [0.0, 0.0], '925_915_failing_MET': [0.0, 0.0], '925_915_min_MET_pt': [10000000.0, 10000000.0], '925_910': [0.0, 0.0], '925_910_passing_MET': [0.0, 0.0], '925_910_failing_MET': [0.0, 0.0], '925_910_min_MET_pt': [10000000.0, 10000000.0], '925_905': [0.0, 0.0], '925_905_passing_MET': [0.0, 0.0], '925_905_failing_MET': [0.0, 0.0], '925_905_min_MET_pt': [10000000.0, 10000000.0], '925_900': [0.0, 0.0], '925_900_passing_MET': [0.0, 0.0], '925_900_failing_MET': [0.0, 0.0], '925_900_min_MET_pt': [10000000.0, 10000000.0], '925_895': [0.0, 0.0], '925_895_passing_MET': [0.0, 0.0], '925_895_failing_MET': [0.0, 0.0], '925_895_min_MET_pt': [10000000.0, 10000000.0], '950_940': [2251.0, 1058.0], '950_940_passing_MET': [0.0, 0.0], '950_940_failing_MET': [0.0, 0.0], '950_940_min_MET_pt': [10000000.0, 10000000.0], '950_935': [967.0, 0.0], '950_935_passing_MET': [947.0, 0.0], '950_935_failing_MET': [20.0, 0.0], '950_935_min_MET_pt': [17.492555618286133, 10000000.0], '950_930': [0.0, 0.0], '950_930_passing_MET': [0.0, 0.0], '950_930_failing_MET': [0.0, 0.0], '950_930_min_MET_pt': [10000000.0, 10000000.0], '950_925': [972.0, 0.0], '950_925_passing_MET': [945.0, 0.0], '950_925_failing_MET': [27.0, 0.0], '950_925_min_MET_pt': [43.55818557739258, 10000000.0], '950_920': [0.0, 0.0], '950_920_passing_MET': [0.0, 0.0], '950_920_failing_MET': [0.0, 0.0], '950_920_min_MET_pt': [10000000.0, 10000000.0], '975_965': [0.0, 0.0], '975_965_passing_MET': [0.0, 0.0], '975_965_failing_MET': [0.0, 0.0], '975_965_min_MET_pt': [10000000.0, 10000000.0], '975_960': [0.0, 0.0], '975_960_passing_MET': [0.0, 0.0], '975_960_failing_MET': [0.0, 0.0], '975_960_min_MET_pt': [10000000.0, 10000000.0], '975_955': [0.0, 0.0], '975_955_passing_MET': [0.0, 0.0], '975_955_failing_MET': [0.0, 0.0], '975_955_min_MET_pt': [10000000.0, 10000000.0], '975_950': [0.0, 0.0], '975_950_passing_MET': [0.0, 0.0], '975_950_failing_MET': [0.0, 0.0], '975_950_min_MET_pt': [10000000.0, 10000000.0], '975_945': [0.0, 0.0], '975_945_passing_MET': [0.0, 0.0], '975_945_failing_MET': [0.0, 0.0], '975_945_min_MET_pt': [10000000.0, 10000000.0], '1000_990': [2233.0, 1157.0], '1000_990_passing_MET': [0.0, 0.0], '1000_990_failing_MET': [0.0, 0.0], '1000_990_min_MET_pt': [10000000.0, 10000000.0], '1000_985': [0.0, 0.0], '1000_985_passing_MET': [0.0, 0.0], '1000_985_failing_MET': [0.0, 0.0], '1000_985_min_MET_pt': [10000000.0, 10000000.0], '1000_980': [1135.0, 1120.0], '1000_980_passing_MET': [0.0, 0.0], '1000_980_failing_MET': [0.0, 0.0], '1000_980_min_MET_pt': [10000000.0, 10000000.0], '1000_975': [0.0, 0.0], '1000_975_passing_MET': [0.0, 0.0], '1000_975_failing_MET': [0.0, 0.0], '1000_975_min_MET_pt': [10000000.0, 10000000.0], '1000_970': [0.0, 0.0], '1000_970_passing_MET': [0.0, 0.0], '1000_970_failing_MET': [0.0, 0.0], '1000_970_min_MET_pt': [10000000.0, 10000000.0], '1025_1015': [0.0, 0.0], '1025_1015_passing_MET': [0.0, 0.0], '1025_1015_failing_MET': [0.0, 0.0], '1025_1015_min_MET_pt': [10000000.0, 10000000.0], '1025_1010': [0.0, 0.0], '1025_1010_passing_MET': [0.0, 0.0], '1025_1010_failing_MET': [0.0, 0.0], '1025_1010_min_MET_pt': [10000000.0, 10000000.0], '1025_1005': [0.0, 0.0], '1025_1005_passing_MET': [0.0, 0.0], '1025_1005_failing_MET': [0.0, 0.0], '1025_1005_min_MET_pt': [10000000.0, 10000000.0], '1025_1000': [0.0, 0.0], '1025_1000_passing_MET': [0.0, 0.0], '1025_1000_failing_MET': [0.0, 0.0], '1025_1000_min_MET_pt': [10000000.0, 10000000.0], '1025_995': [0.0, 0.0], '1025_995_passing_MET': [0.0, 0.0], '1025_995_failing_MET': [0.0, 0.0], '1025_995_min_MET_pt': [10000000.0, 10000000.0], '1050_1040': [0.0, 0.0], '1050_1040_passing_MET': [0.0, 0.0], '1050_1040_failing_MET': [0.0, 0.0], '1050_1040_min_MET_pt': [10000000.0, 10000000.0], '1050_1035': [0.0, 0.0], '1050_1035_passing_MET': [0.0, 0.0], '1050_1035_failing_MET': [0.0, 0.0], '1050_1035_min_MET_pt': [10000000.0, 10000000.0], '1050_1030': [0.0, 0.0], '1050_1030_passing_MET': [0.0, 0.0], '1050_1030_failing_MET': [0.0, 0.0], '1050_1030_min_MET_pt': [10000000.0, 10000000.0], '1050_1025': [0.0, 0.0], '1050_1025_passing_MET': [0.0, 0.0], '1050_1025_failing_MET': [0.0, 0.0], '1050_1025_min_MET_pt': [10000000.0, 10000000.0], '1050_1020': [0.0, 0.0], '1050_1020_passing_MET': [0.0, 0.0], '1050_1020_failing_MET': [0.0, 0.0], '1050_1020_min_MET_pt': [10000000.0, 10000000.0], '1075_1065': [0.0, 0.0], '1075_1065_passing_MET': [0.0, 0.0], '1075_1065_failing_MET': [0.0, 0.0], '1075_1065_min_MET_pt': [10000000.0, 10000000.0], '1075_1060': [0.0, 0.0], '1075_1060_passing_MET': [0.0, 0.0], '1075_1060_failing_MET': [0.0, 0.0], '1075_1060_min_MET_pt': [10000000.0, 10000000.0], '1075_1055': [0.0, 0.0], '1075_1055_passing_MET': [0.0, 0.0], '1075_1055_failing_MET': [0.0, 0.0], '1075_1055_min_MET_pt': [10000000.0, 10000000.0], '1075_1050': [0.0, 0.0], '1075_1050_passing_MET': [0.0, 0.0], '1075_1050_failing_MET': [0.0, 0.0], '1075_1050_min_MET_pt': [10000000.0, 10000000.0], '1075_1045': [0.0, 0.0], '1075_1045_passing_MET': [0.0, 0.0], '1075_1045_failing_MET': [0.0, 0.0], '1075_1045_min_MET_pt': [10000000.0, 10000000.0], '1100_1090': [2108.0, 2025.0], '1100_1090_passing_MET': [0.0, 0.0], '1100_1090_failing_MET': [0.0, 0.0], '1100_1090_min_MET_pt': [10000000.0, 10000000.0], '1100_1085': [0.0, 0.0], '1100_1085_passing_MET': [0.0, 0.0], '1100_1085_failing_MET': [0.0, 0.0], '1100_1085_min_MET_pt': [10000000.0, 10000000.0], '1100_1080': [0.0, 0.0], '1100_1080_passing_MET': [0.0, 0.0], '1100_1080_failing_MET': [0.0, 0.0], '1100_1080_min_MET_pt': [10000000.0, 10000000.0], '1100_1075': [0.0, 0.0], '1100_1075_passing_MET': [0.0, 0.0], '1100_1075_failing_MET': [0.0, 0.0], '1100_1075_min_MET_pt': [10000000.0, 10000000.0], '1100_1070': [0.0, 0.0], '1100_1070_passing_MET': [0.0, 0.0], '1100_1070_failing_MET': [0.0, 0.0], '1100_1070_min_MET_pt': [10000000.0, 10000000.0], 'nEventsTotal': 189389.0, 'strange masspoints': 0.0, 'orphans': 0.0, 'R-hadron event': 0.0, 'different stop antistop masses': 0.0, 'strange error': 0.0, 'strange event': 0.0, 'different neutralino masses': 14122.0, 'large differences': 0.0, '1076_1065': [1068.0, 0.0], '1076_1065_passing_MET': [1037.0, 0.0], '1076_1065_failing_MET': [31.0, 0.0], '1076_1065_min_MET_pt': [46.87709426879883, 10000000.0], '1076_1064': [98.0, 0.0], '1076_1064_passing_MET': [96.0, 0.0], '1076_1064_failing_MET': [2.0, 0.0], '1076_1064_min_MET_pt': [62.125816345214844, 10000000.0], '576_565': [860.0, 856.0], '576_565_passing_MET': [835.0, 823.0], '576_565_failing_MET': [25.0, 33.0], '576_565_min_MET_pt': [55.74822998046875, 11.732806205749512], '576_566': [94.0, 112.0], '576_566_passing_MET': [91.0, 110.0], '576_566_failing_MET': [3.0, 2.0], '576_566_min_MET_pt': [71.06985473632812, 66.90199279785156], '526_505': [0.0, 996.0], '526_505_passing_MET': [0.0, 959.0], '526_505_failing_MET': [0.0, 37.0], '526_505_min_MET_pt': [10000000.0, 41.6782341003418], '1052_1035': [0.0, 1052.0], '1052_1035_passing_MET': [0.0, 1029.0], '1052_1035_failing_MET': [0.0, 23.0], '1052_1035_min_MET_pt': [10000000.0, 53.7444953918457], '1052_1036': [0.0, 143.0], '1052_1036_passing_MET': [0.0, 140.0], '1052_1036_failing_MET': [0.0, 3.0], '1052_1036_min_MET_pt': [10000000.0, 76.63519287109375], '750_736': [137.0, 0.0], '750_736_passing_MET': [136.0, 0.0], '750_736_failing_MET': [1.0, 0.0], '750_736_min_MET_pt': [77.54764556884766, 10000000.0], '726_715': [1868.0, 960.0], '726_715_passing_MET': [1809.0, 935.0], '726_715_failing_MET': [59.0, 25.0], '726_715_min_MET_pt': [13.179825782775879, 35.46410369873047], '726_716': [191.0, 110.0], '726_716_passing_MET': [189.0, 108.0], '726_716_failing_MET': [2.0, 2.0], '726_716_min_MET_pt': [83.82280731201172, 94.00646209716797], '676_665': [964.0, 2881.0], '676_665_passing_MET': [939.0, 2803.0], '676_665_failing_MET': [25.0, 78.0], '676_665_min_MET_pt': [9.3499174118042, 35.870304107666016], '676_666': [94.0, 289.0], '676_666_passing_MET': [92.0, 279.0], '676_666_failing_MET': [2.0, 10.0], '676_666_min_MET_pt': [57.19620895385742, 43.425437927246094], '850_836': [0.0, 122.0], '850_836_passing_MET': [0.0, 119.0], '850_836_failing_MET': [0.0, 3.0], '850_836_min_MET_pt': [10000000.0, 66.10942077636719], '776_765': [2989.0, 954.0], '776_765_passing_MET': [2933.0, 934.0], '776_765_failing_MET': [56.0, 20.0], '776_765_min_MET_pt': [30.15423583984375, 57.963375091552734], '776_766': [292.0, 101.0], '776_766_passing_MET': [285.0, 98.0], '776_766_failing_MET': [7.0, 3.0], '776_766_min_MET_pt': [64.11190032958984, 56.73260498046875], '776_760': [0.0, 1093.0], '776_760_passing_MET': [0.0, 1065.0], '776_760_failing_MET': [0.0, 28.0], '776_760_min_MET_pt': [10000000.0, 29.957138061523438], '950_936': [123.0, 0.0], '950_936_passing_MET': [121.0, 0.0], '950_936_failing_MET': [2.0, 0.0], '950_936_min_MET_pt': [61.38511276245117, 10000000.0], '976_956': [185.0, 0.0], '976_956_passing_MET': [180.0, 0.0], '976_956_failing_MET': [5.0, 0.0], '976_956_min_MET_pt': [87.11274719238281, 10000000.0], '976_955': [970.0, 0.0], '976_955_passing_MET': [949.0, 0.0], '976_955_failing_MET': [21.0, 0.0], '976_955_min_MET_pt': [17.41450309753418, 10000000.0], '600_586': [0.0, 112.0], '600_586_passing_MET': [0.0, 108.0], '600_586_failing_MET': [0.0, 4.0], '600_586_min_MET_pt': [10000000.0, 25.415691375732422], '1100_1092': [218.0, 223.0], '1100_1092_passing_MET': [215.0, 219.0], '1100_1092_failing_MET': [3.0, 4.0], '1100_1092_min_MET_pt': [59.582950592041016, 81.94078826904297], '826_796': [218.0, 0.0], '826_796_passing_MET': [206.0, 0.0], '826_796_failing_MET': [12.0, 0.0], '826_796_min_MET_pt': [47.94778823852539, 10000000.0], '826_795': [947.0, 0.0], '826_795_passing_MET': [916.0, 0.0], '826_795_failing_MET': [31.0, 0.0], '826_795_min_MET_pt': [17.30812644958496, 10000000.0], '576_550': [0.0, 964.0], '576_550_passing_MET': [0.0, 936.0], '576_550_failing_MET': [0.0, 28.0], '576_550_min_MET_pt': [10000000.0, 39.1300048828125], '826_815': [1947.0, 3886.0], '826_815_passing_MET': [1893.0, 3798.0], '826_815_failing_MET': [54.0, 88.0], '826_815_min_MET_pt': [24.418964385986328, 15.73904800415039], '826_816': [214.0, 423.0], '826_816_passing_MET': [210.0, 412.0], '826_816_failing_MET': [4.0, 11.0], '826_816_min_MET_pt': [48.37019348144531, 26.308656692504883], '700_676': [0.0, 167.0], '700_676_passing_MET': [0.0, 161.0], '700_676_failing_MET': [0.0, 6.0], '700_676_min_MET_pt': [10000000.0, 79.73735046386719], '550_536': [111.0, 0.0], '550_536_passing_MET': [110.0, 0.0], '550_536_failing_MET': [1.0, 0.0], '550_536_min_MET_pt': [84.35562896728516, 10000000.0], '526_510': [0.0, 961.0], '526_510_passing_MET': [0.0, 939.0], '526_510_failing_MET': [0.0, 22.0], '526_510_min_MET_pt': [10000000.0, 46.76466369628906], '826_805': [0.0, 960.0], '826_805_passing_MET': [0.0, 926.0], '826_805_failing_MET': [0.0, 34.0], '826_805_min_MET_pt': [10000000.0, 34.990901947021484], '826_806': [0.0, 140.0], '826_806_passing_MET': [0.0, 136.0], '826_806_failing_MET': [0.0, 4.0], '826_806_min_MET_pt': [10000000.0, 60.876800537109375], '800_776': [0.0, 347.0], '800_776_passing_MET': [0.0, 341.0], '800_776_failing_MET': [0.0, 6.0], '800_776_min_MET_pt': [10000000.0, 62.821807861328125], '576_560': [0.0, 1955.0], '576_560_passing_MET': [0.0, 1900.0], '576_560_failing_MET': [0.0, 55.0], '576_560_min_MET_pt': [10000000.0, 29.14081573486328], '600_576': [149.0, 170.0], '600_576_passing_MET': [147.0, 164.0], '600_576_failing_MET': [2.0, 6.0], '600_576_min_MET_pt': [33.22158432006836, 16.937515258789062], '1052_1030': [1039.0, 0.0], '1052_1030_passing_MET': [1016.0, 0.0], '1052_1030_failing_MET': [23.0, 0.0], '1052_1030_min_MET_pt': [20.266923904418945, 10000000.0], '1052_1032': [156.0, 0.0], '1052_1032_passing_MET': [154.0, 0.0], '1052_1032_failing_MET': [2.0, 0.0], '1052_1032_min_MET_pt': [92.79163360595703, 10000000.0], '1024_1015': [1030.0, 0.0], '1024_1015_passing_MET': [999.0, 0.0], '1024_1015_failing_MET': [31.0, 0.0], '1024_1015_min_MET_pt': [43.427978515625, 10000000.0], '1024_1016': [110.0, 0.0], '1024_1016_passing_MET': [110.0, 0.0], '1024_1016_failing_MET': [0.0, 0.0], '1024_1016_min_MET_pt': [111.1142578125, 10000000.0], '626_600': [2109.0, 0.0], '626_600_passing_MET': [2047.0, 0.0], '626_600_failing_MET': [62.0, 0.0], '626_600_min_MET_pt': [24.217308044433594, 10000000.0], '526_515': [3445.0, 0.0], '526_515_passing_MET': [3349.0, 0.0], '526_515_failing_MET': [96.0, 0.0], '526_515_min_MET_pt': [26.11981201171875, 10000000.0], '526_516': [346.0, 0.0], '526_516_passing_MET': [336.0, 0.0], '526_516_failing_MET': [10.0, 0.0], '526_516_min_MET_pt': [18.609846115112305, 10000000.0], '676_660': [1070.0, 1100.0], '676_660_passing_MET': [1051.0, 1065.0], '676_660_failing_MET': [19.0, 35.0], '676_660_min_MET_pt': [64.5216064453125, 31.60496711730957], '550_526': [153.0, 0.0], '550_526_passing_MET': [150.0, 0.0], '550_526_failing_MET': [3.0, 0.0], '550_526_min_MET_pt': [87.54176330566406, 10000000.0], '1052_1040': [1064.0, 1163.0], '1052_1040_passing_MET': [1047.0, 1135.0], '1052_1040_failing_MET': [17.0, 28.0], '1052_1040_min_MET_pt': [52.3211555480957, 16.074800491333008], '926_915': [0.0, 999.0], '926_915_passing_MET': [0.0, 968.0], '926_915_failing_MET': [0.0, 31.0], '926_915_min_MET_pt': [10000000.0, 11.710175514221191], '926_916': [0.0, 103.0], '926_916_passing_MET': [0.0, 101.0], '926_916_failing_MET': [0.0, 2.0], '926_916_min_MET_pt': [10000000.0, 91.50999450683594], '950_926': [183.0, 0.0], '950_926_passing_MET': [178.0, 0.0], '950_926_failing_MET': [5.0, 0.0], '950_926_min_MET_pt': [53.78236389160156, 10000000.0], '626_615': [0.0, 945.0], '626_615_passing_MET': [0.0, 917.0], '626_615_failing_MET': [0.0, 28.0], '626_615_min_MET_pt': [10000000.0, 16.712343215942383], '626_616': [0.0, 101.0], '626_616_passing_MET': [0.0, 99.0], '626_616_failing_MET': [0.0, 2.0], '626_616_min_MET_pt': [10000000.0, 89.31351470947266], '1024_995': [0.0, 1011.0], '1024_995_passing_MET': [0.0, 989.0], '1024_995_failing_MET': [0.0, 22.0], '1024_995_min_MET_pt': [10000000.0, 33.63043975830078], '1024_996': [0.0, 219.0], '1024_996_passing_MET': [0.0, 208.0], '1024_996_failing_MET': [0.0, 11.0], '1024_996_min_MET_pt': [10000000.0, 54.03752899169922], '676_650': [0.0, 1080.0], '676_650_passing_MET': [0.0, 1048.0], '676_650_failing_MET': [0.0, 32.0], '676_650_min_MET_pt': [10000000.0, 51.8753776550293], '926_905': [0.0, 2017.0], '926_905_passing_MET': [0.0, 1962.0], '926_905_failing_MET': [0.0, 55.0], '926_905_min_MET_pt': [10000000.0, 32.33003234863281], '926_906': [0.0, 334.0], '926_906_passing_MET': [0.0, 320.0], '926_906_failing_MET': [0.0, 14.0], '926_906_min_MET_pt': [10000000.0, 32.82636642456055], '1024_1010': [0.0, 1094.0], '1024_1010_passing_MET': [0.0, 1069.0], '1024_1010_failing_MET': [0.0, 25.0], '1024_1010_min_MET_pt': [10000000.0, 48.525474548339844], '626_605': [932.0, 0.0], '626_605_passing_MET': [908.0, 0.0], '626_605_failing_MET': [24.0, 0.0], '626_605_min_MET_pt': [36.04906463623047, 10000000.0], '626_606': [147.0, 0.0], '626_606_passing_MET': [141.0, 0.0], '626_606_failing_MET': [6.0, 0.0], '626_606_min_MET_pt': [58.73912048339844, 10000000.0], '776_755': [937.0, 0.0], '776_755_passing_MET': [915.0, 0.0], '776_755_failing_MET': [22.0, 0.0], '776_755_min_MET_pt': [38.92047119140625, 10000000.0], '776_756': [170.0, 0.0], '776_756_passing_MET': [161.0, 0.0], '776_756_failing_MET': [9.0, 0.0], '776_756_min_MET_pt': [47.76606369018555, 10000000.0], '726_705': [0.0, 953.0], '726_705_passing_MET': [0.0, 928.0], '726_705_failing_MET': [0.0, 25.0], '726_705_min_MET_pt': [10000000.0, 21.162742614746094], '726_706': [0.0, 161.0], '726_706_passing_MET': [0.0, 155.0], '726_706_failing_MET': [0.0, 6.0], '726_706_min_MET_pt': [10000000.0, 69.38972473144531], '526_500': [0.0, 966.0], '526_500_passing_MET': [0.0, 934.0], '526_500_failing_MET': [0.0, 32.0], '526_500_min_MET_pt': [10000000.0, 31.336498260498047], '1076_1050': [0.0, 1023.0], '1076_1050_passing_MET': [0.0, 1005.0], '1076_1050_failing_MET': [0.0, 18.0], '1076_1050_min_MET_pt': [10000000.0, 44.04075622558594], '1076_1052': [0.0, 155.0], '1076_1052_passing_MET': [0.0, 153.0], '1076_1052_failing_MET': [0.0, 2.0], '1076_1052_min_MET_pt': [10000000.0, 55.73161697387695], '976_950': [1163.0, 0.0], '976_950_passing_MET': [1133.0, 0.0], '976_950_failing_MET': [30.0, 0.0], '976_950_min_MET_pt': [30.774574279785156, 10000000.0], '900_876': [0.0, 192.0], '900_876_passing_MET': [0.0, 189.0], '900_876_failing_MET': [0.0, 3.0], '900_876_min_MET_pt': [10000000.0, 21.830053329467773], '976_965': [2052.0, 0.0], '976_965_passing_MET': [2015.0, 0.0], '976_965_failing_MET': [37.0, 0.0], '976_965_min_MET_pt': [33.71812057495117, 10000000.0], '976_966': [199.0, 0.0], '976_966_passing_MET': [196.0, 0.0], '976_966_failing_MET': [3.0, 0.0], '976_966_min_MET_pt': [64.84769439697266, 10000000.0], '750_726': [160.0, 167.0], '750_726_passing_MET': [155.0, 166.0], '750_726_failing_MET': [5.0, 1.0], '750_726_min_MET_pt': [34.80237579345703, 72.74313354492188], '676_655': [891.0, 0.0], '676_655_passing_MET': [856.0, 0.0], '676_655_failing_MET': [35.0, 0.0], '676_655_min_MET_pt': [21.08148956298828, 10000000.0], '676_656': [141.0, 0.0], '676_656_passing_MET': [134.0, 0.0], '676_656_failing_MET': [7.0, 0.0], '676_656_min_MET_pt': [48.273983001708984, 10000000.0], '926_895': [0.0, 976.0], '926_895_passing_MET': [0.0, 954.0], '926_895_failing_MET': [0.0, 22.0], '926_895_min_MET_pt': [10000000.0, 12.498857498168945], '926_896': [0.0, 187.0], '926_896_passing_MET': [0.0, 178.0], '926_896_failing_MET': [0.0, 9.0], '926_896_min_MET_pt': [10000000.0, 81.30583190917969], '876_865': [0.0, 1011.0], '876_865_passing_MET': [0.0, 981.0], '876_865_failing_MET': [0.0, 30.0], '876_865_min_MET_pt': [10000000.0, 45.47031021118164], '876_866': [0.0, 117.0], '876_866_passing_MET': [0.0, 116.0], '876_866_failing_MET': [0.0, 1.0], '876_866_min_MET_pt': [10000000.0, 86.60188293457031]}
nevents_from_dict =  3720304434.093781
Results saved to /afs/cern.ch/work/m/mleoncoe/private/stop_met_check/outputs_2018/nanoAOD_42.json
done
