000 (9018140.089.000) 01/06 10:56:20 Job submitted from host: <188.185.6.50:9618?addrs=188.185.6.50-9618+[2001-1458-d00-62--100-2b1]-9618&alias=bigbird25.cern.ch&noUDP&sock=schedd_1627_90ad>
...
040 (9018140.089.000) 01/06 10:58:55 Started transferring input files
	Transferring to host: <188.185.205.144:9618?addrs=188.185.205.144-9618+[2001-1458-303-a--100-d]-9618&alias=b9p04p0698.cern.ch&noUDP&sock=slot1_49_4063_803e_93599>
...
040 (9018140.089.000) 01/06 10:58:55 Finished transferring input files
...
001 (9018140.089.000) 01/06 10:58:56 Job executing on host: <188.185.205.144:9618?addrs=188.185.205.144-9618+[2001-1458-303-a--100-d]-9618&alias=b9p04p0698.cern.ch&noUDP&sock=startd_3617_8a24>
	SlotName: slot1_49@b9p04p0698.cern.ch
	CondorScratchDir = "/pool/condor/dir_872851"
	Cpus = 1
	Disk = 3674
	GPUs = 0
	Memory = 3000
...
006 (9018140.089.000) 01/06 10:59:09 Image size of job updated: 94868
	93  -  MemoryUsage of job (MB)
	94868  -  ResidentSetSize of job (KB)
...
006 (9018140.089.000) 01/06 11:04:09 Image size of job updated: 201456
	197  -  MemoryUsage of job (MB)
	201456  -  ResidentSetSize of job (KB)
...
006 (9018140.089.000) 01/06 11:09:10 Image size of job updated: 201616
	197  -  MemoryUsage of job (MB)
	201616  -  ResidentSetSize of job (KB)
...
006 (9018140.089.000) 01/06 11:13:17 Image size of job updated: 201884
	197  -  MemoryUsage of job (MB)
	201616  -  ResidentSetSize of job (KB)
...
040 (9018140.089.000) 01/06 11:13:17 Started transferring output files
...
040 (9018140.089.000) 01/06 11:13:17 Finished transferring output files
...
005 (9018140.089.000) 01/06 11:13:17 Job terminated.
	(1) Normal termination (return value 0)
		Usr 0 00:13:09, Sys 0 00:00:01  -  Run Remote Usage
		Usr 0 00:00:00, Sys 0 00:00:00  -  Run Local Usage
		Usr 0 00:13:09, Sys 0 00:00:01  -  Total Remote Usage
		Usr 0 00:00:00, Sys 0 00:00:00  -  Total Local Usage
	34166  -  Run Bytes Sent By Job
	21436  -  Run Bytes Received By Job
	34166  -  Total Bytes Sent By Job
	21436  -  Total Bytes Received By Job
	Partitionable Resources :    Usage  Request Allocated 
	   Cpus                 :     0.99        1         1 
	   Disk (KB)            :    86          22      3674 
	   GPUs                 :                           0 
	   Memory (MB)          :   197        3000      3000 
	   TimeExecute (s)      :   861                       
	   TimeSlotBusy (s)     :   863                       

	Job terminated of its own accord at 2026-01-06T10:13:17Z with exit-code 0.
...
