i am in this directory
/pool/condor/dir_1747744
Python 3.9.23
3.9.23
 will run this python stop_check_met_eff.py /eos/user/m/mleoncoe/stop_event_check/privateNanoAod2018/nanoAOD_297.root /afs/cern.ch/work/m/mleoncoe/private/stop_met_check/outputs_2018/nanoAOD_297.json
event num1000
event num2000
event num3000
event num4000
event num5000
event num6000
event num7000
event num8000
event num9000
event num10000
event num11000
event num12000
event num13000
event num14000
event num15000
event num16000
event num17000
event num18000
event num19000
event num20000
event num21000
event num22000
event num23000
event num24000
event num25000
event num26000
event num27000
event num28000
event num29000
event num30000
event num31000
event num32000
event num33000
event num34000
event num35000
event num36000
event num37000
event num38000
event num39000
event num40000
event num41000
event num42000
event num43000
event num44000
event num45000
event num46000
event num47000
event num48000
event num49000
event num50000
event num51000
event num52000
event num53000
event num54000
event num55000
event num56000
event num57000
event num58000
event num59000
event num60000
event num61000
event num62000
event num63000
event num64000
event num65000
event num66000
event num67000
event num68000
event num69000
event num70000
event num71000
event num72000
event num73000
event num74000
event num75000
event num76000
R-hadrond found
R-hadrond found
event num77000
event num78000
event num79000
event num80000
event num81000
event num82000
event num83000
event num84000
event num85000
event num86000
event num87000
event num88000
event num89000
event num90000
event num91000
event num92000
event num93000
event num94000
event num95000
event num96000
event num97000
event num98000
event num99000
event num100000
event num101000
event num102000
event num103000
event num104000
event num105000
event num106000
{'250_240': [676.0, 675.0], '250_240_passing_MET': [0.0, 0.0], '250_240_failing_MET': [0.0, 0.0], '250_240_min_MET_pt': [10000000.0, 10000000.0], '250_235': [0.0, 1418.0], '250_235_passing_MET': [0.0, 1360.0], '250_235_failing_MET': [0.0, 58.0], '250_235_min_MET_pt': [10000000.0, 17.825305938720703], '250_230': [0.0, 711.0], '250_230_passing_MET': [0.0, 673.0], '250_230_failing_MET': [0.0, 38.0], '250_230_min_MET_pt': [10000000.0, 12.460550308227539], '250_225': [0.0, 0.0], '250_225_passing_MET': [0.0, 0.0], '250_225_failing_MET': [0.0, 0.0], '250_225_min_MET_pt': [10000000.0, 10000000.0], '250_220': [1475.0, 777.0], '250_220_passing_MET': [0.0, 0.0], '250_220_failing_MET': [0.0, 0.0], '250_220_min_MET_pt': [10000000.0, 10000000.0], '275_265': [0.0, 0.0], '275_265_passing_MET': [0.0, 0.0], '275_265_failing_MET': [0.0, 0.0], '275_265_min_MET_pt': [10000000.0, 10000000.0], '275_260': [728.0, 0.0], '275_260_passing_MET': [692.0, 0.0], '275_260_failing_MET': [36.0, 0.0], '275_260_min_MET_pt': [43.863861083984375, 10000000.0], '275_255': [0.0, 0.0], '275_255_passing_MET': [0.0, 0.0], '275_255_failing_MET': [0.0, 0.0], '275_255_min_MET_pt': [10000000.0, 10000000.0], '275_250': [0.0, 0.0], '275_250_passing_MET': [0.0, 0.0], '275_250_failing_MET': [0.0, 0.0], '275_250_min_MET_pt': [10000000.0, 10000000.0], '275_245': [0.0, 0.0], '275_245_passing_MET': [0.0, 0.0], '275_245_failing_MET': [0.0, 0.0], '275_245_min_MET_pt': [10000000.0, 10000000.0], '300_290': [741.0, 762.0], '300_290_passing_MET': [0.0, 0.0], '300_290_failing_MET': [0.0, 0.0], '300_290_min_MET_pt': [10000000.0, 10000000.0], '300_285': [0.0, 0.0], '300_285_passing_MET': [0.0, 0.0], '300_285_failing_MET': [0.0, 0.0], '300_285_min_MET_pt': [10000000.0, 10000000.0], '300_280': [809.0, 0.0], '300_280_passing_MET': [770.0, 0.0], '300_280_failing_MET': [39.0, 0.0], '300_280_min_MET_pt': [50.000003814697266, 10000000.0], '300_275': [0.0, 0.0], '300_275_passing_MET': [0.0, 0.0], '300_275_failing_MET': [0.0, 0.0], '300_275_min_MET_pt': [10000000.0, 10000000.0], '300_270': [0.0, 0.0], '300_270_passing_MET': [0.0, 0.0], '300_270_failing_MET': [0.0, 0.0], '300_270_min_MET_pt': [10000000.0, 10000000.0], '325_315': [2352.0, 801.0], '325_315_passing_MET': [0.0, 0.0], '325_315_failing_MET': [0.0, 0.0], '325_315_min_MET_pt': [10000000.0, 10000000.0], '325_310': [0.0, 1610.0], '325_310_passing_MET': [0.0, 1552.0], '325_310_failing_MET': [0.0, 58.0], '325_310_min_MET_pt': [10000000.0, 19.113506317138672], '325_305': [780.0, 0.0], '325_305_passing_MET': [742.0, 0.0], '325_305_failing_MET': [38.0, 0.0], '325_305_min_MET_pt': [29.513710021972656, 10000000.0], '325_300': [0.0, 0.0], '325_300_passing_MET': [0.0, 0.0], '325_300_failing_MET': [0.0, 0.0], '325_300_min_MET_pt': [10000000.0, 10000000.0], '325_295': [0.0, 889.0], '325_295_passing_MET': [0.0, 844.0], '325_295_failing_MET': [0.0, 45.0], '325_295_min_MET_pt': [10000000.0, 29.528518676757812], '350_340': [0.0, 821.0], '350_340_passing_MET': [0.0, 802.0], '350_340_failing_MET': [0.0, 19.0], '350_340_min_MET_pt': [10000000.0, 53.93629455566406], '350_335': [0.0, 0.0], '350_335_passing_MET': [0.0, 0.0], '350_335_failing_MET': [0.0, 0.0], '350_335_min_MET_pt': [10000000.0, 10000000.0], '350_330': [863.0, 841.0], '350_330_passing_MET': [0.0, 0.0], '350_330_failing_MET': [0.0, 0.0], '350_330_min_MET_pt': [10000000.0, 10000000.0], '350_325': [872.0, 0.0], '350_325_passing_MET': [835.0, 0.0], '350_325_failing_MET': [37.0, 0.0], '350_325_min_MET_pt': [3.1319563388824463, 10000000.0], '350_320': [0.0, 934.0], '350_320_passing_MET': [0.0, 893.0], '350_320_failing_MET': [0.0, 41.0], '350_320_min_MET_pt': [10000000.0, 18.585094451904297], '375_365': [0.0, 0.0], '375_365_passing_MET': [0.0, 0.0], '375_365_failing_MET': [0.0, 0.0], '375_365_min_MET_pt': [10000000.0, 10000000.0], '375_360': [0.0, 0.0], '375_360_passing_MET': [0.0, 0.0], '375_360_failing_MET': [0.0, 0.0], '375_360_min_MET_pt': [10000000.0, 10000000.0], '375_355': [0.0, 880.0], '375_355_passing_MET': [0.0, 841.0], '375_355_failing_MET': [0.0, 39.0], '375_355_min_MET_pt': [10000000.0, 25.681331634521484], '375_350': [0.0, 916.0], '375_350_passing_MET': [0.0, 864.0], '375_350_failing_MET': [0.0, 52.0], '375_350_min_MET_pt': [10000000.0, 33.904170989990234], '375_345': [0.0, 0.0], '375_345_passing_MET': [0.0, 0.0], '375_345_failing_MET': [0.0, 0.0], '375_345_min_MET_pt': [10000000.0, 10000000.0], '400_390': [858.0, 869.0], '400_390_passing_MET': [0.0, 0.0], '400_390_failing_MET': [0.0, 0.0], '400_390_min_MET_pt': [10000000.0, 10000000.0], '400_385': [0.0, 0.0], '400_385_passing_MET': [0.0, 0.0], '400_385_failing_MET': [0.0, 0.0], '400_385_min_MET_pt': [10000000.0, 10000000.0], '400_380': [0.0, 957.0], '400_380_passing_MET': [0.0, 930.0], '400_380_failing_MET': [0.0, 27.0], '400_380_min_MET_pt': [10000000.0, 42.638710021972656], '400_375': [0.0, 961.0], '400_375_passing_MET': [0.0, 929.0], '400_375_failing_MET': [0.0, 32.0], '400_375_min_MET_pt': [10000000.0, 11.580753326416016], '400_370': [0.0, 0.0], '400_370_passing_MET': [0.0, 0.0], '400_370_failing_MET': [0.0, 0.0], '400_370_min_MET_pt': [10000000.0, 10000000.0], '425_415': [920.0, 0.0], '425_415_passing_MET': [895.0, 0.0], '425_415_failing_MET': [25.0, 0.0], '425_415_min_MET_pt': [57.0136833190918, 10000000.0], '425_410': [948.0, 0.0], '425_410_passing_MET': [924.0, 0.0], '425_410_failing_MET': [24.0, 0.0], '425_410_min_MET_pt': [23.64124870300293, 10000000.0], '425_405': [0.0, 910.0], '425_405_passing_MET': [0.0, 883.0], '425_405_failing_MET': [0.0, 27.0], '425_405_min_MET_pt': [10000000.0, 30.74083137512207], '425_400': [0.0, 0.0], '425_400_passing_MET': [0.0, 0.0], '425_400_failing_MET': [0.0, 0.0], '425_400_min_MET_pt': [10000000.0, 10000000.0], '425_395': [0.0, 956.0], '425_395_passing_MET': [0.0, 917.0], '425_395_failing_MET': [0.0, 39.0], '425_395_min_MET_pt': [10000000.0, 26.90251922607422], '450_440': [920.0, 929.0], '450_440_passing_MET': [0.0, 0.0], '450_440_failing_MET': [0.0, 0.0], '450_440_min_MET_pt': [10000000.0, 10000000.0], '450_435': [0.0, 0.0], '450_435_passing_MET': [0.0, 0.0], '450_435_failing_MET': [0.0, 0.0], '450_435_min_MET_pt': [10000000.0, 10000000.0], '450_430': [963.0, 0.0], '450_430_passing_MET': [922.0, 0.0], '450_430_failing_MET': [41.0, 0.0], '450_430_min_MET_pt': [43.06374740600586, 10000000.0], '450_425': [0.0, 950.0], '450_425_passing_MET': [0.0, 920.0], '450_425_failing_MET': [0.0, 30.0], '450_425_min_MET_pt': [10000000.0, 42.11822509765625], '450_420': [0.0, 0.0], '450_420_passing_MET': [0.0, 0.0], '450_420_failing_MET': [0.0, 0.0], '450_420_min_MET_pt': [10000000.0, 10000000.0], '475_465': [907.0, 0.0], '475_465_passing_MET': [886.0, 0.0], '475_465_failing_MET': [21.0, 0.0], '475_465_min_MET_pt': [42.9787483215332, 10000000.0], '475_460': [0.0, 0.0], '475_460_passing_MET': [0.0, 0.0], '475_460_failing_MET': [0.0, 0.0], '475_460_min_MET_pt': [10000000.0, 10000000.0], '475_455': [0.0, 0.0], '475_455_passing_MET': [0.0, 0.0], '475_455_failing_MET': [0.0, 0.0], '475_455_min_MET_pt': [10000000.0, 10000000.0], '475_450': [0.0, 0.0], '475_450_passing_MET': [0.0, 0.0], '475_450_failing_MET': [0.0, 0.0], '475_450_min_MET_pt': [10000000.0, 10000000.0], '475_445': [1036.0, 0.0], '475_445_passing_MET': [998.0, 0.0], '475_445_failing_MET': [38.0, 0.0], '475_445_min_MET_pt': [47.447044372558594, 10000000.0], '500_490': [954.0, 1860.0], '500_490_passing_MET': [0.0, 0.0], '500_490_failing_MET': [0.0, 0.0], '500_490_min_MET_pt': [10000000.0, 10000000.0], '500_485': [0.0, 0.0], '500_485_passing_MET': [0.0, 0.0], '500_485_failing_MET': [0.0, 0.0], '500_485_min_MET_pt': [10000000.0, 10000000.0], '500_480': [971.0, 0.0], '500_480_passing_MET': [947.0, 0.0], '500_480_failing_MET': [24.0, 0.0], '500_480_min_MET_pt': [49.44267272949219, 10000000.0], '500_475': [0.0, 0.0], '500_475_passing_MET': [0.0, 0.0], '500_475_failing_MET': [0.0, 0.0], '500_475_min_MET_pt': [10000000.0, 10000000.0], '500_470': [0.0, 0.0], '500_470_passing_MET': [0.0, 0.0], '500_470_failing_MET': [0.0, 0.0], '500_470_min_MET_pt': [10000000.0, 10000000.0], '525_515': [0.0, 0.0], '525_515_passing_MET': [0.0, 0.0], '525_515_failing_MET': [0.0, 0.0], '525_515_min_MET_pt': [10000000.0, 10000000.0], '525_510': [0.0, 0.0], '525_510_passing_MET': [0.0, 0.0], '525_510_failing_MET': [0.0, 0.0], '525_510_min_MET_pt': [10000000.0, 10000000.0], '525_505': [0.0, 0.0], '525_505_passing_MET': [0.0, 0.0], '525_505_failing_MET': [0.0, 0.0], '525_505_min_MET_pt': [10000000.0, 10000000.0], '525_500': [0.0, 0.0], '525_500_passing_MET': [0.0, 0.0], '525_500_failing_MET': [0.0, 0.0], '525_500_min_MET_pt': [10000000.0, 10000000.0], '525_495': [0.0, 0.0], '525_495_passing_MET': [0.0, 0.0], '525_495_failing_MET': [0.0, 0.0], '525_495_min_MET_pt': [10000000.0, 10000000.0], '550_540': [1952.0, 0.0], '550_540_passing_MET': [1902.0, 0.0], '550_540_failing_MET': [50.0, 0.0], '550_540_min_MET_pt': [19.21299934387207, 10000000.0], '550_535': [0.0, 0.0], '550_535_passing_MET': [0.0, 0.0], '550_535_failing_MET': [0.0, 0.0], '550_535_min_MET_pt': [10000000.0, 10000000.0], '550_530': [2032.0, 0.0], '550_530_passing_MET': [1978.0, 0.0], '550_530_failing_MET': [54.0, 0.0], '550_530_min_MET_pt': [37.463172912597656, 10000000.0], '550_525': [0.0, 0.0], '550_525_passing_MET': [0.0, 0.0], '550_525_failing_MET': [0.0, 0.0], '550_525_min_MET_pt': [10000000.0, 10000000.0], '550_520': [0.0, 1068.0], '550_520_passing_MET': [0.0, 1028.0], '550_520_failing_MET': [0.0, 40.0], '550_520_min_MET_pt': [10000000.0, 12.82478141784668], '575_565': [0.0, 0.0], '575_565_passing_MET': [0.0, 0.0], '575_565_failing_MET': [0.0, 0.0], '575_565_min_MET_pt': [10000000.0, 10000000.0], '575_560': [0.0, 0.0], '575_560_passing_MET': [0.0, 0.0], '575_560_failing_MET': [0.0, 0.0], '575_560_min_MET_pt': [10000000.0, 10000000.0], '575_555': [0.0, 0.0], '575_555_passing_MET': [0.0, 0.0], '575_555_failing_MET': [0.0, 0.0], '575_555_min_MET_pt': [10000000.0, 10000000.0], '575_550': [0.0, 0.0], '575_550_passing_MET': [0.0, 0.0], '575_550_failing_MET': [0.0, 0.0], '575_550_min_MET_pt': [10000000.0, 10000000.0], '575_545': [0.0, 0.0], '575_545_passing_MET': [0.0, 0.0], '575_545_failing_MET': [0.0, 0.0], '575_545_min_MET_pt': [10000000.0, 10000000.0], '600_590': [0.0, 1049.0], '600_590_passing_MET': [0.0, 1032.0], '600_590_failing_MET': [0.0, 17.0], '600_590_min_MET_pt': [10000000.0, 45.91179275512695], '600_585': [0.0, 0.0], '600_585_passing_MET': [0.0, 0.0], '600_585_failing_MET': [0.0, 0.0], '600_585_min_MET_pt': [10000000.0, 10000000.0], '600_580': [0.0, 0.0], '600_580_passing_MET': [0.0, 0.0], '600_580_failing_MET': [0.0, 0.0], '600_580_min_MET_pt': [10000000.0, 10000000.0], '600_575': [0.0, 0.0], '600_575_passing_MET': [0.0, 0.0], '600_575_failing_MET': [0.0, 0.0], '600_575_min_MET_pt': [10000000.0, 10000000.0], '600_570': [0.0, 0.0], '600_570_passing_MET': [0.0, 0.0], '600_570_failing_MET': [0.0, 0.0], '600_570_min_MET_pt': [10000000.0, 10000000.0], '625_615': [0.0, 0.0], '625_615_passing_MET': [0.0, 0.0], '625_615_failing_MET': [0.0, 0.0], '625_615_min_MET_pt': [10000000.0, 10000000.0], '625_610': [0.0, 0.0], '625_610_passing_MET': [0.0, 0.0], '625_610_failing_MET': [0.0, 0.0], '625_610_min_MET_pt': [10000000.0, 10000000.0], '625_605': [0.0, 0.0], '625_605_passing_MET': [0.0, 0.0], '625_605_failing_MET': [0.0, 0.0], '625_605_min_MET_pt': [10000000.0, 10000000.0], '625_600': [0.0, 0.0], '625_600_passing_MET': [0.0, 0.0], '625_600_failing_MET': [0.0, 0.0], '625_600_min_MET_pt': [10000000.0, 10000000.0], '625_595': [0.0, 0.0], '625_595_passing_MET': [0.0, 0.0], '625_595_failing_MET': [0.0, 0.0], '625_595_min_MET_pt': [10000000.0, 10000000.0], '650_640': [1998.0, 0.0], '650_640_passing_MET': [1934.0, 0.0], '650_640_failing_MET': [64.0, 0.0], '650_640_min_MET_pt': [24.512521743774414, 10000000.0], '650_635': [0.0, 909.0], '650_635_passing_MET': [0.0, 889.0], '650_635_failing_MET': [0.0, 20.0], '650_635_min_MET_pt': [10000000.0, 25.52482795715332], '650_630': [0.0, 0.0], '650_630_passing_MET': [0.0, 0.0], '650_630_failing_MET': [0.0, 0.0], '650_630_min_MET_pt': [10000000.0, 10000000.0], '650_625': [0.0, 0.0], '650_625_passing_MET': [0.0, 0.0], '650_625_failing_MET': [0.0, 0.0], '650_625_min_MET_pt': [10000000.0, 10000000.0], '650_620': [0.0, 0.0], '650_620_passing_MET': [0.0, 0.0], '650_620_failing_MET': [0.0, 0.0], '650_620_min_MET_pt': [10000000.0, 10000000.0], '675_665': [0.0, 0.0], '675_665_passing_MET': [0.0, 0.0], '675_665_failing_MET': [0.0, 0.0], '675_665_min_MET_pt': [10000000.0, 10000000.0], '675_660': [0.0, 0.0], '675_660_passing_MET': [0.0, 0.0], '675_660_failing_MET': [0.0, 0.0], '675_660_min_MET_pt': [10000000.0, 10000000.0], '675_655': [0.0, 0.0], '675_655_passing_MET': [0.0, 0.0], '675_655_failing_MET': [0.0, 0.0], '675_655_min_MET_pt': [10000000.0, 10000000.0], '675_650': [0.0, 0.0], '675_650_passing_MET': [0.0, 0.0], '675_650_failing_MET': [0.0, 0.0], '675_650_min_MET_pt': [10000000.0, 10000000.0], '675_645': [0.0, 0.0], '675_645_passing_MET': [0.0, 0.0], '675_645_failing_MET': [0.0, 0.0], '675_645_min_MET_pt': [10000000.0, 10000000.0], '700_690': [1033.0, 1014.0], '700_690_passing_MET': [0.0, 0.0], '700_690_failing_MET': [0.0, 0.0], '700_690_min_MET_pt': [10000000.0, 10000000.0], '700_685': [927.0, 907.0], '700_685_passing_MET': [0.0, 0.0], '700_685_failing_MET': [0.0, 0.0], '700_685_min_MET_pt': [10000000.0, 10000000.0], '700_680': [0.0, 1086.0], '700_680_passing_MET': [0.0, 1054.0], '700_680_failing_MET': [0.0, 32.0], '700_680_min_MET_pt': [10000000.0, 33.88543701171875], '700_675': [0.0, 0.0], '700_675_passing_MET': [0.0, 0.0], '700_675_failing_MET': [0.0, 0.0], '700_675_min_MET_pt': [10000000.0, 10000000.0], '700_670': [0.0, 0.0], '700_670_passing_MET': [0.0, 0.0], '700_670_failing_MET': [0.0, 0.0], '700_670_min_MET_pt': [10000000.0, 10000000.0], '725_715': [0.0, 0.0], '725_715_passing_MET': [0.0, 0.0], '725_715_failing_MET': [0.0, 0.0], '725_715_min_MET_pt': [10000000.0, 10000000.0], '725_710': [0.0, 0.0], '725_710_passing_MET': [0.0, 0.0], '725_710_failing_MET': [0.0, 0.0], '725_710_min_MET_pt': [10000000.0, 10000000.0], '725_705': [0.0, 0.0], '725_705_passing_MET': [0.0, 0.0], '725_705_failing_MET': [0.0, 0.0], '725_705_min_MET_pt': [10000000.0, 10000000.0], '725_700': [0.0, 0.0], '725_700_passing_MET': [0.0, 0.0], '725_700_failing_MET': [0.0, 0.0], '725_700_min_MET_pt': [10000000.0, 10000000.0], '725_695': [0.0, 0.0], '725_695_passing_MET': [0.0, 0.0], '725_695_failing_MET': [0.0, 0.0], '725_695_min_MET_pt': [10000000.0, 10000000.0], '750_740': [0.0, 0.0], '750_740_passing_MET': [0.0, 0.0], '750_740_failing_MET': [0.0, 0.0], '750_740_min_MET_pt': [10000000.0, 10000000.0], '750_735': [0.0, 0.0], '750_735_passing_MET': [0.0, 0.0], '750_735_failing_MET': [0.0, 0.0], '750_735_min_MET_pt': [10000000.0, 10000000.0], '750_730': [0.0, 1090.0], '750_730_passing_MET': [0.0, 1063.0], '750_730_failing_MET': [0.0, 27.0], '750_730_min_MET_pt': [10000000.0, 26.788131713867188], '750_725': [0.0, 0.0], '750_725_passing_MET': [0.0, 0.0], '750_725_failing_MET': [0.0, 0.0], '750_725_min_MET_pt': [10000000.0, 10000000.0], '750_720': [0.0, 1160.0], '750_720_passing_MET': [0.0, 1122.0], '750_720_failing_MET': [0.0, 38.0], '750_720_min_MET_pt': [10000000.0, 17.472843170166016], '775_765': [0.0, 0.0], '775_765_passing_MET': [0.0, 0.0], '775_765_failing_MET': [0.0, 0.0], '775_765_min_MET_pt': [10000000.0, 10000000.0], '775_760': [0.0, 0.0], '775_760_passing_MET': [0.0, 0.0], '775_760_failing_MET': [0.0, 0.0], '775_760_min_MET_pt': [10000000.0, 10000000.0], '775_755': [0.0, 0.0], '775_755_passing_MET': [0.0, 0.0], '775_755_failing_MET': [0.0, 0.0], '775_755_min_MET_pt': [10000000.0, 10000000.0], '775_750': [0.0, 0.0], '775_750_passing_MET': [0.0, 0.0], '775_750_failing_MET': [0.0, 0.0], '775_750_min_MET_pt': [10000000.0, 10000000.0], '775_745': [0.0, 0.0], '775_745_passing_MET': [0.0, 0.0], '775_745_failing_MET': [0.0, 0.0], '775_745_min_MET_pt': [10000000.0, 10000000.0], '800_790': [0.0, 0.0], '800_790_passing_MET': [0.0, 0.0], '800_790_failing_MET': [0.0, 0.0], '800_790_min_MET_pt': [10000000.0, 10000000.0], '800_785': [953.0, 0.0], '800_785_passing_MET': [925.0, 0.0], '800_785_failing_MET': [28.0, 0.0], '800_785_min_MET_pt': [26.296947479248047, 10000000.0], '800_780': [0.0, 0.0], '800_780_passing_MET': [0.0, 0.0], '800_780_failing_MET': [0.0, 0.0], '800_780_min_MET_pt': [10000000.0, 10000000.0], '800_775': [0.0, 0.0], '800_775_passing_MET': [0.0, 0.0], '800_775_failing_MET': [0.0, 0.0], '800_775_min_MET_pt': [10000000.0, 10000000.0], '800_770': [0.0, 0.0], '800_770_passing_MET': [0.0, 0.0], '800_770_failing_MET': [0.0, 0.0], '800_770_min_MET_pt': [10000000.0, 10000000.0], '825_815': [0.0, 0.0], '825_815_passing_MET': [0.0, 0.0], '825_815_failing_MET': [0.0, 0.0], '825_815_min_MET_pt': [10000000.0, 10000000.0], '825_810': [0.0, 0.0], '825_810_passing_MET': [0.0, 0.0], '825_810_failing_MET': [0.0, 0.0], '825_810_min_MET_pt': [10000000.0, 10000000.0], '825_805': [0.0, 0.0], '825_805_passing_MET': [0.0, 0.0], '825_805_failing_MET': [0.0, 0.0], '825_805_min_MET_pt': [10000000.0, 10000000.0], '825_800': [0.0, 0.0], '825_800_passing_MET': [0.0, 0.0], '825_800_failing_MET': [0.0, 0.0], '825_800_min_MET_pt': [10000000.0, 10000000.0], '825_795': [0.0, 0.0], '825_795_passing_MET': [0.0, 0.0], '825_795_failing_MET': [0.0, 0.0], '825_795_min_MET_pt': [10000000.0, 10000000.0], '850_840': [0.0, 1135.0], '850_840_passing_MET': [0.0, 1103.0], '850_840_failing_MET': [0.0, 32.0], '850_840_min_MET_pt': [10000000.0, 42.0698127746582], '850_835': [0.0, 0.0], '850_835_passing_MET': [0.0, 0.0], '850_835_failing_MET': [0.0, 0.0], '850_835_min_MET_pt': [10000000.0, 10000000.0], '850_830': [1095.0, 1083.0], '850_830_passing_MET': [0.0, 0.0], '850_830_failing_MET': [0.0, 0.0], '850_830_min_MET_pt': [10000000.0, 10000000.0], '850_825': [0.0, 0.0], '850_825_passing_MET': [0.0, 0.0], '850_825_failing_MET': [0.0, 0.0], '850_825_min_MET_pt': [10000000.0, 10000000.0], '850_820': [0.0, 0.0], '850_820_passing_MET': [0.0, 0.0], '850_820_failing_MET': [0.0, 0.0], '850_820_min_MET_pt': [10000000.0, 10000000.0], '875_865': [0.0, 0.0], '875_865_passing_MET': [0.0, 0.0], '875_865_failing_MET': [0.0, 0.0], '875_865_min_MET_pt': [10000000.0, 10000000.0], '875_860': [0.0, 0.0], '875_860_passing_MET': [0.0, 0.0], '875_860_failing_MET': [0.0, 0.0], '875_860_min_MET_pt': [10000000.0, 10000000.0], '875_855': [0.0, 0.0], '875_855_passing_MET': [0.0, 0.0], '875_855_failing_MET': [0.0, 0.0], '875_855_min_MET_pt': [10000000.0, 10000000.0], '875_850': [0.0, 0.0], '875_850_passing_MET': [0.0, 0.0], '875_850_failing_MET': [0.0, 0.0], '875_850_min_MET_pt': [10000000.0, 10000000.0], '875_845': [0.0, 0.0], '875_845_passing_MET': [0.0, 0.0], '875_845_failing_MET': [0.0, 0.0], '875_845_min_MET_pt': [10000000.0, 10000000.0], '900_890': [0.0, 0.0], '900_890_passing_MET': [0.0, 0.0], '900_890_failing_MET': [0.0, 0.0], '900_890_min_MET_pt': [10000000.0, 10000000.0], '900_885': [0.0, 0.0], '900_885_passing_MET': [0.0, 0.0], '900_885_failing_MET': [0.0, 0.0], '900_885_min_MET_pt': [10000000.0, 10000000.0], '900_880': [0.0, 0.0], '900_880_passing_MET': [0.0, 0.0], '900_880_failing_MET': [0.0, 0.0], '900_880_min_MET_pt': [10000000.0, 10000000.0], '900_875': [0.0, 0.0], '900_875_passing_MET': [0.0, 0.0], '900_875_failing_MET': [0.0, 0.0], '900_875_min_MET_pt': [10000000.0, 10000000.0], '900_870': [0.0, 0.0], '900_870_passing_MET': [0.0, 0.0], '900_870_failing_MET': [0.0, 0.0], '900_870_min_MET_pt': [10000000.0, 10000000.0], '925_915': [0.0, 0.0], '925_915_passing_MET': [0.0, 0.0], '925_915_failing_MET': [0.0, 0.0], '925_915_min_MET_pt': [10000000.0, 10000000.0], '925_910': [0.0, 0.0], '925_910_passing_MET': [0.0, 0.0], '925_910_failing_MET': [0.0, 0.0], '925_910_min_MET_pt': [10000000.0, 10000000.0], '925_905': [0.0, 0.0], '925_905_passing_MET': [0.0, 0.0], '925_905_failing_MET': [0.0, 0.0], '925_905_min_MET_pt': [10000000.0, 10000000.0], '925_900': [0.0, 0.0], '925_900_passing_MET': [0.0, 0.0], '925_900_failing_MET': [0.0, 0.0], '925_900_min_MET_pt': [10000000.0, 10000000.0], '925_895': [0.0, 0.0], '925_895_passing_MET': [0.0, 0.0], '925_895_failing_MET': [0.0, 0.0], '925_895_min_MET_pt': [10000000.0, 10000000.0], '950_940': [1150.0, 1139.0], '950_940_passing_MET': [0.0, 0.0], '950_940_failing_MET': [0.0, 0.0], '950_940_min_MET_pt': [10000000.0, 10000000.0], '950_935': [0.0, 925.0], '950_935_passing_MET': [0.0, 901.0], '950_935_failing_MET': [0.0, 24.0], '950_935_min_MET_pt': [10000000.0, 29.1247615814209], '950_930': [0.0, 0.0], '950_930_passing_MET': [0.0, 0.0], '950_930_failing_MET': [0.0, 0.0], '950_930_min_MET_pt': [10000000.0, 10000000.0], '950_925': [0.0, 0.0], '950_925_passing_MET': [0.0, 0.0], '950_925_failing_MET': [0.0, 0.0], '950_925_min_MET_pt': [10000000.0, 10000000.0], '950_920': [0.0, 0.0], '950_920_passing_MET': [0.0, 0.0], '950_920_failing_MET': [0.0, 0.0], '950_920_min_MET_pt': [10000000.0, 10000000.0], '975_965': [0.0, 0.0], '975_965_passing_MET': [0.0, 0.0], '975_965_failing_MET': [0.0, 0.0], '975_965_min_MET_pt': [10000000.0, 10000000.0], '975_960': [0.0, 0.0], '975_960_passing_MET': [0.0, 0.0], '975_960_failing_MET': [0.0, 0.0], '975_960_min_MET_pt': [10000000.0, 10000000.0], '975_955': [0.0, 0.0], '975_955_passing_MET': [0.0, 0.0], '975_955_failing_MET': [0.0, 0.0], '975_955_min_MET_pt': [10000000.0, 10000000.0], '975_950': [0.0, 0.0], '975_950_passing_MET': [0.0, 0.0], '975_950_failing_MET': [0.0, 0.0], '975_950_min_MET_pt': [10000000.0, 10000000.0], '975_945': [0.0, 0.0], '975_945_passing_MET': [0.0, 0.0], '975_945_failing_MET': [0.0, 0.0], '975_945_min_MET_pt': [10000000.0, 10000000.0], '1000_990': [0.0, 0.0], '1000_990_passing_MET': [0.0, 0.0], '1000_990_failing_MET': [0.0, 0.0], '1000_990_min_MET_pt': [10000000.0, 10000000.0], '1000_985': [0.0, 0.0], '1000_985_passing_MET': [0.0, 0.0], '1000_985_failing_MET': [0.0, 0.0], '1000_985_min_MET_pt': [10000000.0, 10000000.0], '1000_980': [0.0, 0.0], '1000_980_passing_MET': [0.0, 0.0], '1000_980_failing_MET': [0.0, 0.0], '1000_980_min_MET_pt': [10000000.0, 10000000.0], '1000_975': [0.0, 998.0], '1000_975_passing_MET': [0.0, 980.0], '1000_975_failing_MET': [0.0, 18.0], '1000_975_min_MET_pt': [10000000.0, 14.553141593933105], '1000_970': [0.0, 0.0], '1000_970_passing_MET': [0.0, 0.0], '1000_970_failing_MET': [0.0, 0.0], '1000_970_min_MET_pt': [10000000.0, 10000000.0], '1025_1015': [0.0, 0.0], '1025_1015_passing_MET': [0.0, 0.0], '1025_1015_failing_MET': [0.0, 0.0], '1025_1015_min_MET_pt': [10000000.0, 10000000.0], '1025_1010': [0.0, 0.0], '1025_1010_passing_MET': [0.0, 0.0], '1025_1010_failing_MET': [0.0, 0.0], '1025_1010_min_MET_pt': [10000000.0, 10000000.0], '1025_1005': [0.0, 0.0], '1025_1005_passing_MET': [0.0, 0.0], '1025_1005_failing_MET': [0.0, 0.0], '1025_1005_min_MET_pt': [10000000.0, 10000000.0], '1025_1000': [0.0, 0.0], '1025_1000_passing_MET': [0.0, 0.0], '1025_1000_failing_MET': [0.0, 0.0], '1025_1000_min_MET_pt': [10000000.0, 10000000.0], '1025_995': [0.0, 0.0], '1025_995_passing_MET': [0.0, 0.0], '1025_995_failing_MET': [0.0, 0.0], '1025_995_min_MET_pt': [10000000.0, 10000000.0], '1050_1040': [0.0, 0.0], '1050_1040_passing_MET': [0.0, 0.0], '1050_1040_failing_MET': [0.0, 0.0], '1050_1040_min_MET_pt': [10000000.0, 10000000.0], '1050_1035': [0.0, 0.0], '1050_1035_passing_MET': [0.0, 0.0], '1050_1035_failing_MET': [0.0, 0.0], '1050_1035_min_MET_pt': [10000000.0, 10000000.0], '1050_1030': [0.0, 0.0], '1050_1030_passing_MET': [0.0, 0.0], '1050_1030_failing_MET': [0.0, 0.0], '1050_1030_min_MET_pt': [10000000.0, 10000000.0], '1050_1025': [0.0, 0.0], '1050_1025_passing_MET': [0.0, 0.0], '1050_1025_failing_MET': [0.0, 0.0], '1050_1025_min_MET_pt': [10000000.0, 10000000.0], '1050_1020': [0.0, 0.0], '1050_1020_passing_MET': [0.0, 0.0], '1050_1020_failing_MET': [0.0, 0.0], '1050_1020_min_MET_pt': [10000000.0, 10000000.0], '1075_1065': [0.0, 0.0], '1075_1065_passing_MET': [0.0, 0.0], '1075_1065_failing_MET': [0.0, 0.0], '1075_1065_min_MET_pt': [10000000.0, 10000000.0], '1075_1060': [0.0, 0.0], '1075_1060_passing_MET': [0.0, 0.0], '1075_1060_failing_MET': [0.0, 0.0], '1075_1060_min_MET_pt': [10000000.0, 10000000.0], '1075_1055': [0.0, 0.0], '1075_1055_passing_MET': [0.0, 0.0], '1075_1055_failing_MET': [0.0, 0.0], '1075_1055_min_MET_pt': [10000000.0, 10000000.0], '1075_1050': [0.0, 0.0], '1075_1050_passing_MET': [0.0, 0.0], '1075_1050_failing_MET': [0.0, 0.0], '1075_1050_min_MET_pt': [10000000.0, 10000000.0], '1075_1045': [0.0, 0.0], '1075_1045_passing_MET': [0.0, 0.0], '1075_1045_failing_MET': [0.0, 0.0], '1075_1045_min_MET_pt': [10000000.0, 10000000.0], '1100_1090': [1055.0, 2090.0], '1100_1090_passing_MET': [0.0, 0.0], '1100_1090_failing_MET': [0.0, 0.0], '1100_1090_min_MET_pt': [10000000.0, 10000000.0], '1100_1085': [0.0, 1027.0], '1100_1085_passing_MET': [0.0, 994.0], '1100_1085_failing_MET': [0.0, 33.0], '1100_1085_min_MET_pt': [10000000.0, 29.660869598388672], '1100_1080': [0.0, 0.0], '1100_1080_passing_MET': [0.0, 0.0], '1100_1080_failing_MET': [0.0, 0.0], '1100_1080_min_MET_pt': [10000000.0, 10000000.0], '1100_1075': [0.0, 0.0], '1100_1075_passing_MET': [0.0, 0.0], '1100_1075_failing_MET': [0.0, 0.0], '1100_1075_min_MET_pt': [10000000.0, 10000000.0], '1100_1070': [0.0, 0.0], '1100_1070_passing_MET': [0.0, 0.0], '1100_1070_failing_MET': [0.0, 0.0], '1100_1070_min_MET_pt': [10000000.0, 10000000.0], 'nEventsTotal': 106865.0, 'strange masspoints': 0.0, 'orphans': 0.0, 'R-hadron event': 1.0, 'different stop antistop masses': 0.0, 'strange error': 0.0, 'strange event': 0.0, 'different neutralino masses': 8196.0, 'large differences': 0.0, '726_715': [984.0, 912.0], '726_715_passing_MET': [965.0, 888.0], '726_715_failing_MET': [19.0, 24.0], '726_715_min_MET_pt': [58.89752960205078, 37.95719528198242], '726_716': [104.0, 92.0], '726_716_passing_MET': [102.0, 89.0], '726_716_failing_MET': [2.0, 3.0], '726_716_min_MET_pt': [47.16597366333008, 18.105470657348633], '576_545': [1778.0, 1810.0], '576_545_passing_MET': [1718.0, 1741.0], '576_545_failing_MET': [60.0, 69.0], '576_545_min_MET_pt': [16.516496658325195, 44.796329498291016], '576_546': [353.0, 350.0], '576_546_passing_MET': [340.0, 339.0], '576_546_failing_MET': [13.0, 11.0], '576_546_min_MET_pt': [19.549663543701172, 41.87928009033203], '826_815': [1002.0, 1002.0], '826_815_passing_MET': [971.0, 976.0], '826_815_failing_MET': [31.0, 26.0], '826_815_min_MET_pt': [29.92452621459961, 17.817882537841797], '826_816': [96.0, 92.0], '826_816_passing_MET': [94.0, 92.0], '826_816_failing_MET': [2.0, 0.0], '826_816_min_MET_pt': [95.22465515136719, 120.97267150878906], '1024_1015': [1041.0, 2060.0], '1024_1015_passing_MET': [1010.0, 2018.0], '1024_1015_failing_MET': [31.0, 42.0], '1024_1015_min_MET_pt': [50.12184143066406, 8.803814888000488], '1024_1016': [108.0, 190.0], '1024_1016_passing_MET': [103.0, 188.0], '1024_1016_failing_MET': [5.0, 2.0], '1024_1016_min_MET_pt': [52.0631217956543, 58.31380844116211], '1024_1005': [0.0, 962.0], '1024_1005_passing_MET': [0.0, 944.0], '1024_1005_failing_MET': [0.0, 18.0], '1024_1005_min_MET_pt': [10000000.0, 23.647991180419922], '1024_1006': [0.0, 179.0], '1024_1006_passing_MET': [0.0, 177.0], '1024_1006_failing_MET': [0.0, 2.0], '1024_1006_min_MET_pt': [10000000.0, 40.4641227722168], '1100_1092': [103.0, 192.0], '1100_1092_passing_MET': [100.0, 185.0], '1100_1092_failing_MET': [3.0, 7.0], '1100_1092_min_MET_pt': [70.2641830444336, 81.77181243896484], '776_745': [0.0, 911.0], '776_745_passing_MET': [0.0, 885.0], '776_745_failing_MET': [0.0, 26.0], '776_745_min_MET_pt': [10000000.0, 29.332456588745117], '776_746': [0.0, 166.0], '776_746_passing_MET': [0.0, 159.0], '776_746_failing_MET': [0.0, 7.0], '776_746_min_MET_pt': [10000000.0, 57.00956344604492], '950_936': [0.0, 132.0], '950_936_passing_MET': [0.0, 130.0], '950_936_failing_MET': [0.0, 2.0], '950_936_min_MET_pt': [10000000.0, 80.01789093017578], '926_910': [1110.0, 2241.0], '926_910_passing_MET': [1087.0, 2186.0], '926_910_failing_MET': [23.0, 55.0], '926_910_min_MET_pt': [20.383769989013672, 28.495725631713867], '700_686': [119.0, 137.0], '700_686_passing_MET': [113.0, 134.0], '700_686_failing_MET': [6.0, 3.0], '700_686_min_MET_pt': [53.805721282958984, 35.60192108154297], '576_565': [927.0, 0.0], '576_565_passing_MET': [905.0, 0.0], '576_565_failing_MET': [22.0, 0.0], '576_565_min_MET_pt': [51.326377868652344, 10000000.0], '576_566': [93.0, 0.0], '576_566_passing_MET': [87.0, 0.0], '576_566_failing_MET': [6.0, 0.0], '576_566_min_MET_pt': [56.68307113647461, 10000000.0], '776_766': [0.0, 189.0], '776_766_passing_MET': [0.0, 184.0], '776_766_failing_MET': [0.0, 5.0], '776_766_min_MET_pt': [10000000.0, 36.859619140625], '776_765': [0.0, 1991.0], '776_765_passing_MET': [0.0, 1941.0], '776_765_failing_MET': [0.0, 50.0], '776_765_min_MET_pt': [10000000.0, 13.654253005981445], '976_965': [2108.0, 1018.0], '976_965_passing_MET': [2056.0, 1001.0], '976_965_failing_MET': [52.0, 17.0], '976_965_min_MET_pt': [31.070894241333008, 62.27130126953125], '976_966': [207.0, 91.0], '976_966_passing_MET': [204.0, 91.0], '976_966_failing_MET': [3.0, 0.0], '976_966_min_MET_pt': [64.77442932128906, 124.40628814697266], '876_865': [0.0, 2059.0], '876_865_passing_MET': [0.0, 2012.0], '876_865_failing_MET': [0.0, 47.0], '876_865_min_MET_pt': [10000000.0, 3.2559216022491455], '876_866': [0.0, 209.0], '876_866_passing_MET': [0.0, 207.0], '876_866_failing_MET': [0.0, 2.0], '876_866_min_MET_pt': [10000000.0, 70.04740905761719], '1100_1084': [0.0, 129.0], '1100_1084_passing_MET': [0.0, 129.0], '1100_1084_failing_MET': [0.0, 0.0], '1100_1084_min_MET_pt': [10000000.0, 104.57701110839844], '650_636': [0.0, 104.0], '650_636_passing_MET': [0.0, 102.0], '650_636_failing_MET': [0.0, 2.0], '650_636_min_MET_pt': [10000000.0, 75.48516845703125], '1052_1040': [1115.0, 1145.0], '1052_1040_passing_MET': [1103.0, 1119.0], '1052_1040_failing_MET': [12.0, 26.0], '1052_1040_min_MET_pt': [33.07130813598633, 23.217626571655273], '626_600': [0.0, 1046.0], '626_600_passing_MET': [0.0, 1010.0], '626_600_failing_MET': [0.0, 36.0], '626_600_min_MET_pt': [10000000.0, 18.684301376342773], '826_805': [969.0, 997.0], '826_805_passing_MET': [943.0, 977.0], '826_805_failing_MET': [26.0, 20.0], '826_805_min_MET_pt': [17.473426818847656, 34.94990539550781], '826_806': [137.0, 155.0], '826_806_passing_MET': [134.0, 152.0], '826_806_failing_MET': [3.0, 3.0], '826_806_min_MET_pt': [53.15739440917969, 32.80630111694336], '1000_976': [0.0, 161.0], '1000_976_passing_MET': [0.0, 158.0], '1000_976_failing_MET': [0.0, 3.0], '1000_976_min_MET_pt': [10000000.0, 65.77216339111328], '1052_1020': [0.0, 1187.0], '1052_1020_passing_MET': [0.0, 1144.0], '1052_1020_failing_MET': [0.0, 43.0], '1052_1020_min_MET_pt': [10000000.0, 23.36328125], '1076_1065': [1027.0, 1003.0], '1076_1065_passing_MET': [1008.0, 990.0], '1076_1065_failing_MET': [19.0, 13.0], '1076_1065_min_MET_pt': [52.542625427246094, 54.44950485229492], '1076_1064': [95.0, 98.0], '1076_1064_passing_MET': [93.0, 96.0], '1076_1064_failing_MET': [2.0, 2.0], '1076_1064_min_MET_pt': [73.85552215576172, 81.81114959716797], '800_786': [112.0, 0.0], '800_786_passing_MET': [108.0, 0.0], '800_786_failing_MET': [4.0, 0.0], '800_786_min_MET_pt': [54.823970794677734, 10000000.0], '926_905': [0.0, 1035.0], '926_905_passing_MET': [0.0, 1004.0], '926_905_failing_MET': [0.0, 31.0], '926_905_min_MET_pt': [10000000.0, 32.829898834228516], '926_906': [0.0, 164.0], '926_906_passing_MET': [0.0, 162.0], '926_906_failing_MET': [0.0, 2.0], '926_906_min_MET_pt': [10000000.0, 55.829078674316406], '526_515': [870.0, 0.0], '526_515_passing_MET': [855.0, 0.0], '526_515_failing_MET': [15.0, 0.0], '526_515_min_MET_pt': [54.61453628540039, 10000000.0], '526_516': [81.0, 0.0], '526_516_passing_MET': [76.0, 0.0], '526_516_failing_MET': [5.0, 0.0], '526_516_min_MET_pt': [30.378347396850586, 10000000.0], '676_665': [946.0, 0.0], '676_665_passing_MET': [925.0, 0.0], '676_665_failing_MET': [21.0, 0.0], '676_665_min_MET_pt': [12.153973579406738, 10000000.0], '676_666': [95.0, 0.0], '676_666_passing_MET': [91.0, 0.0], '676_666_failing_MET': [4.0, 0.0], '676_666_min_MET_pt': [63.012691497802734, 10000000.0]}
nevents_from_dict =  3360189824.5287
Results saved to /afs/cern.ch/work/m/mleoncoe/private/stop_met_check/outputs_2018/nanoAOD_297.json
done
