i am in this directory
/pool/condor/dir_769487
Python 3.9.23
3.9.23
 will run this python stop_check_met_eff.py /eos/user/m/mleoncoe/stop_event_check/privateNanoAod2018/nanoAOD_467.root /afs/cern.ch/work/m/mleoncoe/private/stop_met_check/outputs_2018/nanoAOD_467.json
event num1000
event num2000
event num3000
event num4000
event num5000
event num6000
event num7000
event num8000
event num9000
event num10000
event num11000
event num12000
event num13000
event num14000
event num15000
event num16000
event num17000
event num18000
event num19000
event num20000
event num21000
event num22000
event num23000
event num24000
event num25000
event num26000
event num27000
event num28000
event num29000
event num30000
event num31000
event num32000
event num33000
event num34000
event num35000
event num36000
event num37000
event num38000
event num39000
event num40000
event num41000
event num42000
event num43000
event num44000
event num45000
event num46000
event num47000
event num48000
event num49000
event num50000
event num51000
event num52000
event num53000
event num54000
event num55000
event num56000
event num57000
event num58000
event num59000
event num60000
event num61000
event num62000
event num63000
event num64000
event num65000
event num66000
event num67000
event num68000
event num69000
event num70000
event num71000
event num72000
event num73000
event num74000
event num75000
event num76000
event num77000
event num78000
event num79000
event num80000
event num81000
event num82000
event num83000
event num84000
event num85000
event num86000
event num87000
event num88000
event num89000
event num90000
event num91000
event num92000
event num93000
event num94000
event num95000
event num96000
event num97000
event num98000
event num99000
event num100000
event num101000
event num102000
event num103000
event num104000
event num105000
event num106000
event num107000
event num108000
event num109000
event num110000
R-hadrond found
event num111000
event num112000
event num113000
event num114000
event num115000
event num116000
event num117000
event num118000
event num119000
event num120000
event num121000
event num122000
event num123000
event num124000
event num125000
event num126000
event num127000
event num128000
event num129000
event num130000
event num131000
event num132000
event num133000
event num134000
event num135000
event num136000
event num137000
event num138000
event num139000
event num140000
event num141000
event num142000
event num143000
event num144000
event num145000
event num146000
event num147000
event num148000
event num149000
event num150000
event num151000
event num152000
event num153000
event num154000
event num155000
event num156000
event num157000
event num158000
event num159000
event num160000
event num161000
event num162000
event num163000
event num164000
event num165000
event num166000
event num167000
event num168000
event num169000
event num170000
event num171000
event num172000
event num173000
event num174000
event num175000
event num176000
event num177000
event num178000
event num179000
event num180000
event num181000
event num182000
event num183000
event num184000
event num185000
event num186000
event num187000
event num188000
event num189000
event num190000
{'250_240': [0.0, 1323.0], '250_240_passing_MET': [0.0, 1279.0], '250_240_failing_MET': [0.0, 44.0], '250_240_min_MET_pt': [10000000.0, 21.582714080810547], '250_235': [699.0, 0.0], '250_235_passing_MET': [676.0, 0.0], '250_235_failing_MET': [23.0, 0.0], '250_235_min_MET_pt': [34.71804428100586, 10000000.0], '250_230': [0.0, 0.0], '250_230_passing_MET': [0.0, 0.0], '250_230_failing_MET': [0.0, 0.0], '250_230_min_MET_pt': [10000000.0, 10000000.0], '250_225': [0.0, 0.0], '250_225_passing_MET': [0.0, 0.0], '250_225_failing_MET': [0.0, 0.0], '250_225_min_MET_pt': [10000000.0, 10000000.0], '250_220': [1524.0, 0.0], '250_220_passing_MET': [1437.0, 0.0], '250_220_failing_MET': [87.0, 0.0], '250_220_min_MET_pt': [14.35874080657959, 10000000.0], '275_265': [1474.0, 0.0], '275_265_passing_MET': [1428.0, 0.0], '275_265_failing_MET': [46.0, 0.0], '275_265_min_MET_pt': [16.749738693237305, 10000000.0], '275_260': [0.0, 0.0], '275_260_passing_MET': [0.0, 0.0], '275_260_failing_MET': [0.0, 0.0], '275_260_min_MET_pt': [10000000.0, 10000000.0], '275_255': [0.0, 0.0], '275_255_passing_MET': [0.0, 0.0], '275_255_failing_MET': [0.0, 0.0], '275_255_min_MET_pt': [10000000.0, 10000000.0], '275_250': [763.0, 0.0], '275_250_passing_MET': [731.0, 0.0], '275_250_failing_MET': [32.0, 0.0], '275_250_min_MET_pt': [49.414207458496094, 10000000.0], '275_245': [796.0, 796.0], '275_245_passing_MET': [0.0, 0.0], '275_245_failing_MET': [0.0, 0.0], '275_245_min_MET_pt': [10000000.0, 10000000.0], '300_290': [724.0, 2339.0], '300_290_passing_MET': [0.0, 0.0], '300_290_failing_MET': [0.0, 0.0], '300_290_min_MET_pt': [10000000.0, 10000000.0], '300_285': [1488.0, 0.0], '300_285_passing_MET': [1433.0, 0.0], '300_285_failing_MET': [55.0, 0.0], '300_285_min_MET_pt': [39.39592361450195, 10000000.0], '300_280': [789.0, 0.0], '300_280_passing_MET': [762.0, 0.0], '300_280_failing_MET': [27.0, 0.0], '300_280_min_MET_pt': [23.366682052612305, 10000000.0], '300_275': [0.0, 1599.0], '300_275_passing_MET': [0.0, 1515.0], '300_275_failing_MET': [0.0, 84.0], '300_275_min_MET_pt': [10000000.0, 27.132535934448242], '300_270': [905.0, 0.0], '300_270_passing_MET': [869.0, 0.0], '300_270_failing_MET': [36.0, 0.0], '300_270_min_MET_pt': [47.092994689941406, 10000000.0], '325_315': [768.0, 1527.0], '325_315_passing_MET': [0.0, 0.0], '325_315_failing_MET': [0.0, 0.0], '325_315_min_MET_pt': [10000000.0, 10000000.0], '325_310': [0.0, 0.0], '325_310_passing_MET': [0.0, 0.0], '325_310_failing_MET': [0.0, 0.0], '325_310_min_MET_pt': [10000000.0, 10000000.0], '325_305': [0.0, 855.0], '325_305_passing_MET': [0.0, 811.0], '325_305_failing_MET': [0.0, 44.0], '325_305_min_MET_pt': [10000000.0, 19.313419342041016], '325_300': [843.0, 0.0], '325_300_passing_MET': [807.0, 0.0], '325_300_failing_MET': [36.0, 0.0], '325_300_min_MET_pt': [52.81673049926758, 10000000.0], '325_295': [849.0, 835.0], '325_295_passing_MET': [0.0, 0.0], '325_295_failing_MET': [0.0, 0.0], '325_295_min_MET_pt': [10000000.0, 10000000.0], '350_340': [1672.0, 815.0], '350_340_passing_MET': [0.0, 0.0], '350_340_failing_MET': [0.0, 0.0], '350_340_min_MET_pt': [10000000.0, 10000000.0], '350_335': [0.0, 865.0], '350_335_passing_MET': [0.0, 829.0], '350_335_failing_MET': [0.0, 36.0], '350_335_min_MET_pt': [10000000.0, 15.90572738647461], '350_330': [0.0, 0.0], '350_330_passing_MET': [0.0, 0.0], '350_330_failing_MET': [0.0, 0.0], '350_330_min_MET_pt': [10000000.0, 10000000.0], '350_325': [0.0, 0.0], '350_325_passing_MET': [0.0, 0.0], '350_325_failing_MET': [0.0, 0.0], '350_325_min_MET_pt': [10000000.0, 10000000.0], '350_320': [0.0, 0.0], '350_320_passing_MET': [0.0, 0.0], '350_320_failing_MET': [0.0, 0.0], '350_320_min_MET_pt': [10000000.0, 10000000.0], '375_365': [0.0, 1719.0], '375_365_passing_MET': [0.0, 1662.0], '375_365_failing_MET': [0.0, 57.0], '375_365_min_MET_pt': [10000000.0, 13.828042030334473], '375_360': [898.0, 0.0], '375_360_passing_MET': [867.0, 0.0], '375_360_failing_MET': [31.0, 0.0], '375_360_min_MET_pt': [41.346893310546875, 10000000.0], '375_355': [929.0, 0.0], '375_355_passing_MET': [894.0, 0.0], '375_355_failing_MET': [35.0, 0.0], '375_355_min_MET_pt': [38.98271560668945, 10000000.0], '375_350': [0.0, 0.0], '375_350_passing_MET': [0.0, 0.0], '375_350_failing_MET': [0.0, 0.0], '375_350_min_MET_pt': [10000000.0, 10000000.0], '375_345': [0.0, 0.0], '375_345_passing_MET': [0.0, 0.0], '375_345_failing_MET': [0.0, 0.0], '375_345_min_MET_pt': [10000000.0, 10000000.0], '400_390': [1714.0, 0.0], '400_390_passing_MET': [1675.0, 0.0], '400_390_failing_MET': [39.0, 0.0], '400_390_min_MET_pt': [45.706546783447266, 10000000.0], '400_385': [0.0, 0.0], '400_385_passing_MET': [0.0, 0.0], '400_385_failing_MET': [0.0, 0.0], '400_385_min_MET_pt': [10000000.0, 10000000.0], '400_380': [936.0, 0.0], '400_380_passing_MET': [905.0, 0.0], '400_380_failing_MET': [31.0, 0.0], '400_380_min_MET_pt': [37.73410415649414, 10000000.0], '400_375': [916.0, 0.0], '400_375_passing_MET': [876.0, 0.0], '400_375_failing_MET': [40.0, 0.0], '400_375_min_MET_pt': [22.08879280090332, 10000000.0], '400_370': [996.0, 0.0], '400_370_passing_MET': [960.0, 0.0], '400_370_failing_MET': [36.0, 0.0], '400_370_min_MET_pt': [33.15804672241211, 10000000.0], '425_415': [895.0, 855.0], '425_415_passing_MET': [0.0, 0.0], '425_415_failing_MET': [0.0, 0.0], '425_415_min_MET_pt': [10000000.0, 10000000.0], '425_410': [0.0, 0.0], '425_410_passing_MET': [0.0, 0.0], '425_410_failing_MET': [0.0, 0.0], '425_410_min_MET_pt': [10000000.0, 10000000.0], '425_405': [0.0, 936.0], '425_405_passing_MET': [0.0, 901.0], '425_405_failing_MET': [0.0, 35.0], '425_405_min_MET_pt': [10000000.0, 17.59866714477539], '425_400': [998.0, 0.0], '425_400_passing_MET': [964.0, 0.0], '425_400_failing_MET': [34.0, 0.0], '425_400_min_MET_pt': [23.63838768005371, 10000000.0], '425_395': [1946.0, 0.0], '425_395_passing_MET': [1871.0, 0.0], '425_395_failing_MET': [75.0, 0.0], '425_395_min_MET_pt': [11.994664192199707, 10000000.0], '450_440': [0.0, 871.0], '450_440_passing_MET': [0.0, 844.0], '450_440_failing_MET': [0.0, 27.0], '450_440_min_MET_pt': [10000000.0, 20.796918869018555], '450_435': [0.0, 0.0], '450_435_passing_MET': [0.0, 0.0], '450_435_failing_MET': [0.0, 0.0], '450_435_min_MET_pt': [10000000.0, 10000000.0], '450_430': [0.0, 0.0], '450_430_passing_MET': [0.0, 0.0], '450_430_failing_MET': [0.0, 0.0], '450_430_min_MET_pt': [10000000.0, 10000000.0], '450_425': [1001.0, 942.0], '450_425_passing_MET': [0.0, 0.0], '450_425_failing_MET': [0.0, 0.0], '450_425_min_MET_pt': [10000000.0, 10000000.0], '450_420': [1015.0, 0.0], '450_420_passing_MET': [978.0, 0.0], '450_420_failing_MET': [37.0, 0.0], '450_420_min_MET_pt': [44.03227615356445, 10000000.0], '475_465': [2798.0, 909.0], '475_465_passing_MET': [0.0, 0.0], '475_465_failing_MET': [0.0, 0.0], '475_465_min_MET_pt': [10000000.0, 10000000.0], '475_460': [1896.0, 0.0], '475_460_passing_MET': [1840.0, 0.0], '475_460_failing_MET': [56.0, 0.0], '475_460_min_MET_pt': [20.107370376586914, 10000000.0], '475_455': [0.0, 0.0], '475_455_passing_MET': [0.0, 0.0], '475_455_failing_MET': [0.0, 0.0], '475_455_min_MET_pt': [10000000.0, 10000000.0], '475_450': [0.0, 0.0], '475_450_passing_MET': [0.0, 0.0], '475_450_failing_MET': [0.0, 0.0], '475_450_min_MET_pt': [10000000.0, 10000000.0], '475_445': [0.0, 0.0], '475_445_passing_MET': [0.0, 0.0], '475_445_failing_MET': [0.0, 0.0], '475_445_min_MET_pt': [10000000.0, 10000000.0], '500_490': [935.0, 2794.0], '500_490_passing_MET': [0.0, 0.0], '500_490_failing_MET': [0.0, 0.0], '500_490_min_MET_pt': [10000000.0, 10000000.0], '500_485': [0.0, 1002.0], '500_485_passing_MET': [0.0, 980.0], '500_485_failing_MET': [0.0, 22.0], '500_485_min_MET_pt': [10000000.0, 37.23624801635742], '500_480': [0.0, 2934.0], '500_480_passing_MET': [0.0, 2843.0], '500_480_failing_MET': [0.0, 91.0], '500_480_min_MET_pt': [10000000.0, 28.791894912719727], '500_475': [1003.0, 0.0], '500_475_passing_MET': [964.0, 0.0], '500_475_failing_MET': [39.0, 0.0], '500_475_min_MET_pt': [27.553220748901367, 10000000.0], '500_470': [0.0, 1004.0], '500_470_passing_MET': [0.0, 962.0], '500_470_failing_MET': [0.0, 42.0], '500_470_min_MET_pt': [10000000.0, 34.97907638549805], '525_515': [0.0, 0.0], '525_515_passing_MET': [0.0, 0.0], '525_515_failing_MET': [0.0, 0.0], '525_515_min_MET_pt': [10000000.0, 10000000.0], '525_510': [0.0, 0.0], '525_510_passing_MET': [0.0, 0.0], '525_510_failing_MET': [0.0, 0.0], '525_510_min_MET_pt': [10000000.0, 10000000.0], '525_505': [0.0, 0.0], '525_505_passing_MET': [0.0, 0.0], '525_505_failing_MET': [0.0, 0.0], '525_505_min_MET_pt': [10000000.0, 10000000.0], '525_500': [0.0, 0.0], '525_500_passing_MET': [0.0, 0.0], '525_500_failing_MET': [0.0, 0.0], '525_500_min_MET_pt': [10000000.0, 10000000.0], '525_495': [0.0, 0.0], '525_495_passing_MET': [0.0, 0.0], '525_495_failing_MET': [0.0, 0.0], '525_495_min_MET_pt': [10000000.0, 10000000.0], '550_540': [987.0, 1906.0], '550_540_passing_MET': [0.0, 0.0], '550_540_failing_MET': [0.0, 0.0], '550_540_min_MET_pt': [10000000.0, 10000000.0], '550_535': [836.0, 855.0], '550_535_passing_MET': [0.0, 0.0], '550_535_failing_MET': [0.0, 0.0], '550_535_min_MET_pt': [10000000.0, 10000000.0], '550_530': [0.0, 0.0], '550_530_passing_MET': [0.0, 0.0], '550_530_failing_MET': [0.0, 0.0], '550_530_min_MET_pt': [10000000.0, 10000000.0], '550_525': [831.0, 1725.0], '550_525_passing_MET': [0.0, 0.0], '550_525_failing_MET': [0.0, 0.0], '550_525_min_MET_pt': [10000000.0, 10000000.0], '550_520': [0.0, 0.0], '550_520_passing_MET': [0.0, 0.0], '550_520_failing_MET': [0.0, 0.0], '550_520_min_MET_pt': [10000000.0, 10000000.0], '575_565': [0.0, 0.0], '575_565_passing_MET': [0.0, 0.0], '575_565_failing_MET': [0.0, 0.0], '575_565_min_MET_pt': [10000000.0, 10000000.0], '575_560': [0.0, 0.0], '575_560_passing_MET': [0.0, 0.0], '575_560_failing_MET': [0.0, 0.0], '575_560_min_MET_pt': [10000000.0, 10000000.0], '575_555': [0.0, 0.0], '575_555_passing_MET': [0.0, 0.0], '575_555_failing_MET': [0.0, 0.0], '575_555_min_MET_pt': [10000000.0, 10000000.0], '575_550': [0.0, 0.0], '575_550_passing_MET': [0.0, 0.0], '575_550_failing_MET': [0.0, 0.0], '575_550_min_MET_pt': [10000000.0, 10000000.0], '575_545': [0.0, 0.0], '575_545_passing_MET': [0.0, 0.0], '575_545_failing_MET': [0.0, 0.0], '575_545_min_MET_pt': [10000000.0, 10000000.0], '600_590': [3031.0, 1034.0], '600_590_passing_MET': [0.0, 0.0], '600_590_failing_MET': [0.0, 0.0], '600_590_min_MET_pt': [10000000.0, 10000000.0], '600_585': [909.0, 0.0], '600_585_passing_MET': [877.0, 0.0], '600_585_failing_MET': [32.0, 0.0], '600_585_min_MET_pt': [23.355466842651367, 10000000.0], '600_580': [2072.0, 0.0], '600_580_passing_MET': [2014.0, 0.0], '600_580_failing_MET': [58.0, 0.0], '600_580_min_MET_pt': [18.361677169799805, 10000000.0], '600_575': [0.0, 0.0], '600_575_passing_MET': [0.0, 0.0], '600_575_failing_MET': [0.0, 0.0], '600_575_min_MET_pt': [10000000.0, 10000000.0], '600_570': [0.0, 0.0], '600_570_passing_MET': [0.0, 0.0], '600_570_failing_MET': [0.0, 0.0], '600_570_min_MET_pt': [10000000.0, 10000000.0], '625_615': [0.0, 0.0], '625_615_passing_MET': [0.0, 0.0], '625_615_failing_MET': [0.0, 0.0], '625_615_min_MET_pt': [10000000.0, 10000000.0], '625_610': [0.0, 0.0], '625_610_passing_MET': [0.0, 0.0], '625_610_failing_MET': [0.0, 0.0], '625_610_min_MET_pt': [10000000.0, 10000000.0], '625_605': [0.0, 0.0], '625_605_passing_MET': [0.0, 0.0], '625_605_failing_MET': [0.0, 0.0], '625_605_min_MET_pt': [10000000.0, 10000000.0], '625_600': [0.0, 0.0], '625_600_passing_MET': [0.0, 0.0], '625_600_failing_MET': [0.0, 0.0], '625_600_min_MET_pt': [10000000.0, 10000000.0], '625_595': [0.0, 0.0], '625_595_passing_MET': [0.0, 0.0], '625_595_failing_MET': [0.0, 0.0], '625_595_min_MET_pt': [10000000.0, 10000000.0], '650_640': [1065.0, 0.0], '650_640_passing_MET': [1028.0, 0.0], '650_640_failing_MET': [37.0, 0.0], '650_640_min_MET_pt': [27.705629348754883, 10000000.0], '650_635': [0.0, 0.0], '650_635_passing_MET': [0.0, 0.0], '650_635_failing_MET': [0.0, 0.0], '650_635_min_MET_pt': [10000000.0, 10000000.0], '650_630': [1022.0, 0.0], '650_630_passing_MET': [995.0, 0.0], '650_630_failing_MET': [27.0, 0.0], '650_630_min_MET_pt': [12.086433410644531, 10000000.0], '650_625': [946.0, 0.0], '650_625_passing_MET': [919.0, 0.0], '650_625_failing_MET': [27.0, 0.0], '650_625_min_MET_pt': [60.23606491088867, 10000000.0], '650_620': [0.0, 1104.0], '650_620_passing_MET': [0.0, 1061.0], '650_620_failing_MET': [0.0, 43.0], '650_620_min_MET_pt': [10000000.0, 28.218008041381836], '675_665': [0.0, 0.0], '675_665_passing_MET': [0.0, 0.0], '675_665_failing_MET': [0.0, 0.0], '675_665_min_MET_pt': [10000000.0, 10000000.0], '675_660': [0.0, 0.0], '675_660_passing_MET': [0.0, 0.0], '675_660_failing_MET': [0.0, 0.0], '675_660_min_MET_pt': [10000000.0, 10000000.0], '675_655': [0.0, 0.0], '675_655_passing_MET': [0.0, 0.0], '675_655_failing_MET': [0.0, 0.0], '675_655_min_MET_pt': [10000000.0, 10000000.0], '675_650': [0.0, 0.0], '675_650_passing_MET': [0.0, 0.0], '675_650_failing_MET': [0.0, 0.0], '675_650_min_MET_pt': [10000000.0, 10000000.0], '675_645': [0.0, 0.0], '675_645_passing_MET': [0.0, 0.0], '675_645_failing_MET': [0.0, 0.0], '675_645_min_MET_pt': [10000000.0, 10000000.0], '700_690': [0.0, 3114.0], '700_690_passing_MET': [0.0, 3040.0], '700_690_failing_MET': [0.0, 74.0], '700_690_min_MET_pt': [10000000.0, 38.8377799987793], '700_685': [0.0, 0.0], '700_685_passing_MET': [0.0, 0.0], '700_685_failing_MET': [0.0, 0.0], '700_685_min_MET_pt': [10000000.0, 10000000.0], '700_680': [0.0, 0.0], '700_680_passing_MET': [0.0, 0.0], '700_680_failing_MET': [0.0, 0.0], '700_680_min_MET_pt': [10000000.0, 10000000.0], '700_675': [943.0, 0.0], '700_675_passing_MET': [922.0, 0.0], '700_675_failing_MET': [21.0, 0.0], '700_675_min_MET_pt': [16.962297439575195, 10000000.0], '700_670': [0.0, 1084.0], '700_670_passing_MET': [0.0, 1048.0], '700_670_failing_MET': [0.0, 36.0], '700_670_min_MET_pt': [10000000.0, 42.6121940612793], '725_715': [0.0, 0.0], '725_715_passing_MET': [0.0, 0.0], '725_715_failing_MET': [0.0, 0.0], '725_715_min_MET_pt': [10000000.0, 10000000.0], '725_710': [0.0, 0.0], '725_710_passing_MET': [0.0, 0.0], '725_710_failing_MET': [0.0, 0.0], '725_710_min_MET_pt': [10000000.0, 10000000.0], '725_705': [0.0, 0.0], '725_705_passing_MET': [0.0, 0.0], '725_705_failing_MET': [0.0, 0.0], '725_705_min_MET_pt': [10000000.0, 10000000.0], '725_700': [0.0, 0.0], '725_700_passing_MET': [0.0, 0.0], '725_700_failing_MET': [0.0, 0.0], '725_700_min_MET_pt': [10000000.0, 10000000.0], '725_695': [0.0, 0.0], '725_695_passing_MET': [0.0, 0.0], '725_695_failing_MET': [0.0, 0.0], '725_695_min_MET_pt': [10000000.0, 10000000.0], '750_740': [0.0, 2169.0], '750_740_passing_MET': [0.0, 2111.0], '750_740_failing_MET': [0.0, 58.0], '750_740_min_MET_pt': [10000000.0, 19.7987003326416], '750_735': [0.0, 0.0], '750_735_passing_MET': [0.0, 0.0], '750_735_failing_MET': [0.0, 0.0], '750_735_min_MET_pt': [10000000.0, 10000000.0], '750_730': [0.0, 0.0], '750_730_passing_MET': [0.0, 0.0], '750_730_failing_MET': [0.0, 0.0], '750_730_min_MET_pt': [10000000.0, 10000000.0], '750_725': [967.0, 0.0], '750_725_passing_MET': [945.0, 0.0], '750_725_failing_MET': [22.0, 0.0], '750_725_min_MET_pt': [9.446434020996094, 10000000.0], '750_720': [1161.0, 0.0], '750_720_passing_MET': [1123.0, 0.0], '750_720_failing_MET': [38.0, 0.0], '750_720_min_MET_pt': [37.088409423828125, 10000000.0], '775_765': [0.0, 0.0], '775_765_passing_MET': [0.0, 0.0], '775_765_failing_MET': [0.0, 0.0], '775_765_min_MET_pt': [10000000.0, 10000000.0], '775_760': [0.0, 0.0], '775_760_passing_MET': [0.0, 0.0], '775_760_failing_MET': [0.0, 0.0], '775_760_min_MET_pt': [10000000.0, 10000000.0], '775_755': [0.0, 0.0], '775_755_passing_MET': [0.0, 0.0], '775_755_failing_MET': [0.0, 0.0], '775_755_min_MET_pt': [10000000.0, 10000000.0], '775_750': [0.0, 0.0], '775_750_passing_MET': [0.0, 0.0], '775_750_failing_MET': [0.0, 0.0], '775_750_min_MET_pt': [10000000.0, 10000000.0], '775_745': [0.0, 0.0], '775_745_passing_MET': [0.0, 0.0], '775_745_failing_MET': [0.0, 0.0], '775_745_min_MET_pt': [10000000.0, 10000000.0], '800_790': [1058.0, 2145.0], '800_790_passing_MET': [0.0, 0.0], '800_790_failing_MET': [0.0, 0.0], '800_790_min_MET_pt': [10000000.0, 10000000.0], '800_785': [0.0, 0.0], '800_785_passing_MET': [0.0, 0.0], '800_785_failing_MET': [0.0, 0.0], '800_785_min_MET_pt': [10000000.0, 10000000.0], '800_780': [2208.0, 0.0], '800_780_passing_MET': [2154.0, 0.0], '800_780_failing_MET': [54.0, 0.0], '800_780_min_MET_pt': [40.97342300415039, 10000000.0], '800_775': [0.0, 0.0], '800_775_passing_MET': [0.0, 0.0], '800_775_failing_MET': [0.0, 0.0], '800_775_min_MET_pt': [10000000.0, 10000000.0], '800_770': [0.0, 0.0], '800_770_passing_MET': [0.0, 0.0], '800_770_failing_MET': [0.0, 0.0], '800_770_min_MET_pt': [10000000.0, 10000000.0], '825_815': [0.0, 0.0], '825_815_passing_MET': [0.0, 0.0], '825_815_failing_MET': [0.0, 0.0], '825_815_min_MET_pt': [10000000.0, 10000000.0], '825_810': [0.0, 0.0], '825_810_passing_MET': [0.0, 0.0], '825_810_failing_MET': [0.0, 0.0], '825_810_min_MET_pt': [10000000.0, 10000000.0], '825_805': [0.0, 0.0], '825_805_passing_MET': [0.0, 0.0], '825_805_failing_MET': [0.0, 0.0], '825_805_min_MET_pt': [10000000.0, 10000000.0], '825_800': [0.0, 0.0], '825_800_passing_MET': [0.0, 0.0], '825_800_failing_MET': [0.0, 0.0], '825_800_min_MET_pt': [10000000.0, 10000000.0], '825_795': [0.0, 0.0], '825_795_passing_MET': [0.0, 0.0], '825_795_failing_MET': [0.0, 0.0], '825_795_min_MET_pt': [10000000.0, 10000000.0], '850_840': [3386.0, 1067.0], '850_840_passing_MET': [0.0, 0.0], '850_840_failing_MET': [0.0, 0.0], '850_840_min_MET_pt': [10000000.0, 10000000.0], '850_835': [0.0, 0.0], '850_835_passing_MET': [0.0, 0.0], '850_835_failing_MET': [0.0, 0.0], '850_835_min_MET_pt': [10000000.0, 10000000.0], '850_830': [0.0, 0.0], '850_830_passing_MET': [0.0, 0.0], '850_830_failing_MET': [0.0, 0.0], '850_830_min_MET_pt': [10000000.0, 10000000.0], '850_825': [0.0, 0.0], '850_825_passing_MET': [0.0, 0.0], '850_825_failing_MET': [0.0, 0.0], '850_825_min_MET_pt': [10000000.0, 10000000.0], '850_820': [1219.0, 0.0], '850_820_passing_MET': [1186.0, 0.0], '850_820_failing_MET': [33.0, 0.0], '850_820_min_MET_pt': [39.89750289916992, 10000000.0], '875_865': [0.0, 0.0], '875_865_passing_MET': [0.0, 0.0], '875_865_failing_MET': [0.0, 0.0], '875_865_min_MET_pt': [10000000.0, 10000000.0], '875_860': [0.0, 0.0], '875_860_passing_MET': [0.0, 0.0], '875_860_failing_MET': [0.0, 0.0], '875_860_min_MET_pt': [10000000.0, 10000000.0], '875_855': [0.0, 0.0], '875_855_passing_MET': [0.0, 0.0], '875_855_failing_MET': [0.0, 0.0], '875_855_min_MET_pt': [10000000.0, 10000000.0], '875_850': [0.0, 0.0], '875_850_passing_MET': [0.0, 0.0], '875_850_failing_MET': [0.0, 0.0], '875_850_min_MET_pt': [10000000.0, 10000000.0], '875_845': [0.0, 0.0], '875_845_passing_MET': [0.0, 0.0], '875_845_failing_MET': [0.0, 0.0], '875_845_min_MET_pt': [10000000.0, 10000000.0], '900_890': [1113.0, 1123.0], '900_890_passing_MET': [0.0, 0.0], '900_890_failing_MET': [0.0, 0.0], '900_890_min_MET_pt': [10000000.0, 10000000.0], '900_885': [0.0, 0.0], '900_885_passing_MET': [0.0, 0.0], '900_885_failing_MET': [0.0, 0.0], '900_885_min_MET_pt': [10000000.0, 10000000.0], '900_880': [0.0, 0.0], '900_880_passing_MET': [0.0, 0.0], '900_880_failing_MET': [0.0, 0.0], '900_880_min_MET_pt': [10000000.0, 10000000.0], '900_875': [0.0, 0.0], '900_875_passing_MET': [0.0, 0.0], '900_875_failing_MET': [0.0, 0.0], '900_875_min_MET_pt': [10000000.0, 10000000.0], '900_870': [0.0, 0.0], '900_870_passing_MET': [0.0, 0.0], '900_870_failing_MET': [0.0, 0.0], '900_870_min_MET_pt': [10000000.0, 10000000.0], '925_915': [0.0, 0.0], '925_915_passing_MET': [0.0, 0.0], '925_915_failing_MET': [0.0, 0.0], '925_915_min_MET_pt': [10000000.0, 10000000.0], '925_910': [0.0, 0.0], '925_910_passing_MET': [0.0, 0.0], '925_910_failing_MET': [0.0, 0.0], '925_910_min_MET_pt': [10000000.0, 10000000.0], '925_905': [0.0, 0.0], '925_905_passing_MET': [0.0, 0.0], '925_905_failing_MET': [0.0, 0.0], '925_905_min_MET_pt': [10000000.0, 10000000.0], '925_900': [0.0, 0.0], '925_900_passing_MET': [0.0, 0.0], '925_900_failing_MET': [0.0, 0.0], '925_900_min_MET_pt': [10000000.0, 10000000.0], '925_895': [0.0, 0.0], '925_895_passing_MET': [0.0, 0.0], '925_895_failing_MET': [0.0, 0.0], '925_895_min_MET_pt': [10000000.0, 10000000.0], '950_940': [2197.0, 4433.0], '950_940_passing_MET': [0.0, 0.0], '950_940_failing_MET': [0.0, 0.0], '950_940_min_MET_pt': [10000000.0, 10000000.0], '950_935': [956.0, 0.0], '950_935_passing_MET': [935.0, 0.0], '950_935_failing_MET': [21.0, 0.0], '950_935_min_MET_pt': [55.45894241333008, 10000000.0], '950_930': [0.0, 0.0], '950_930_passing_MET': [0.0, 0.0], '950_930_failing_MET': [0.0, 0.0], '950_930_min_MET_pt': [10000000.0, 10000000.0], '950_925': [0.0, 0.0], '950_925_passing_MET': [0.0, 0.0], '950_925_failing_MET': [0.0, 0.0], '950_925_min_MET_pt': [10000000.0, 10000000.0], '950_920': [0.0, 0.0], '950_920_passing_MET': [0.0, 0.0], '950_920_failing_MET': [0.0, 0.0], '950_920_min_MET_pt': [10000000.0, 10000000.0], '975_965': [0.0, 0.0], '975_965_passing_MET': [0.0, 0.0], '975_965_failing_MET': [0.0, 0.0], '975_965_min_MET_pt': [10000000.0, 10000000.0], '975_960': [0.0, 0.0], '975_960_passing_MET': [0.0, 0.0], '975_960_failing_MET': [0.0, 0.0], '975_960_min_MET_pt': [10000000.0, 10000000.0], '975_955': [0.0, 0.0], '975_955_passing_MET': [0.0, 0.0], '975_955_failing_MET': [0.0, 0.0], '975_955_min_MET_pt': [10000000.0, 10000000.0], '975_950': [0.0, 0.0], '975_950_passing_MET': [0.0, 0.0], '975_950_failing_MET': [0.0, 0.0], '975_950_min_MET_pt': [10000000.0, 10000000.0], '975_945': [0.0, 0.0], '975_945_passing_MET': [0.0, 0.0], '975_945_failing_MET': [0.0, 0.0], '975_945_min_MET_pt': [10000000.0, 10000000.0], '1000_990': [3360.0, 2254.0], '1000_990_passing_MET': [0.0, 0.0], '1000_990_failing_MET': [0.0, 0.0], '1000_990_min_MET_pt': [10000000.0, 10000000.0], '1000_985': [0.0, 0.0], '1000_985_passing_MET': [0.0, 0.0], '1000_985_failing_MET': [0.0, 0.0], '1000_985_min_MET_pt': [10000000.0, 10000000.0], '1000_980': [0.0, 0.0], '1000_980_passing_MET': [0.0, 0.0], '1000_980_failing_MET': [0.0, 0.0], '1000_980_min_MET_pt': [10000000.0, 10000000.0], '1000_975': [0.0, 0.0], '1000_975_passing_MET': [0.0, 0.0], '1000_975_failing_MET': [0.0, 0.0], '1000_975_min_MET_pt': [10000000.0, 10000000.0], '1000_970': [0.0, 0.0], '1000_970_passing_MET': [0.0, 0.0], '1000_970_failing_MET': [0.0, 0.0], '1000_970_min_MET_pt': [10000000.0, 10000000.0], '1025_1015': [0.0, 0.0], '1025_1015_passing_MET': [0.0, 0.0], '1025_1015_failing_MET': [0.0, 0.0], '1025_1015_min_MET_pt': [10000000.0, 10000000.0], '1025_1010': [0.0, 0.0], '1025_1010_passing_MET': [0.0, 0.0], '1025_1010_failing_MET': [0.0, 0.0], '1025_1010_min_MET_pt': [10000000.0, 10000000.0], '1025_1005': [0.0, 0.0], '1025_1005_passing_MET': [0.0, 0.0], '1025_1005_failing_MET': [0.0, 0.0], '1025_1005_min_MET_pt': [10000000.0, 10000000.0], '1025_1000': [0.0, 0.0], '1025_1000_passing_MET': [0.0, 0.0], '1025_1000_failing_MET': [0.0, 0.0], '1025_1000_min_MET_pt': [10000000.0, 10000000.0], '1025_995': [0.0, 0.0], '1025_995_passing_MET': [0.0, 0.0], '1025_995_failing_MET': [0.0, 0.0], '1025_995_min_MET_pt': [10000000.0, 10000000.0], '1050_1040': [0.0, 0.0], '1050_1040_passing_MET': [0.0, 0.0], '1050_1040_failing_MET': [0.0, 0.0], '1050_1040_min_MET_pt': [10000000.0, 10000000.0], '1050_1035': [0.0, 0.0], '1050_1035_passing_MET': [0.0, 0.0], '1050_1035_failing_MET': [0.0, 0.0], '1050_1035_min_MET_pt': [10000000.0, 10000000.0], '1050_1030': [0.0, 0.0], '1050_1030_passing_MET': [0.0, 0.0], '1050_1030_failing_MET': [0.0, 0.0], '1050_1030_min_MET_pt': [10000000.0, 10000000.0], '1050_1025': [0.0, 0.0], '1050_1025_passing_MET': [0.0, 0.0], '1050_1025_failing_MET': [0.0, 0.0], '1050_1025_min_MET_pt': [10000000.0, 10000000.0], '1050_1020': [0.0, 0.0], '1050_1020_passing_MET': [0.0, 0.0], '1050_1020_failing_MET': [0.0, 0.0], '1050_1020_min_MET_pt': [10000000.0, 10000000.0], '1075_1065': [0.0, 0.0], '1075_1065_passing_MET': [0.0, 0.0], '1075_1065_failing_MET': [0.0, 0.0], '1075_1065_min_MET_pt': [10000000.0, 10000000.0], '1075_1060': [0.0, 0.0], '1075_1060_passing_MET': [0.0, 0.0], '1075_1060_failing_MET': [0.0, 0.0], '1075_1060_min_MET_pt': [10000000.0, 10000000.0], '1075_1055': [0.0, 0.0], '1075_1055_passing_MET': [0.0, 0.0], '1075_1055_failing_MET': [0.0, 0.0], '1075_1055_min_MET_pt': [10000000.0, 10000000.0], '1075_1050': [0.0, 0.0], '1075_1050_passing_MET': [0.0, 0.0], '1075_1050_failing_MET': [0.0, 0.0], '1075_1050_min_MET_pt': [10000000.0, 10000000.0], '1075_1045': [0.0, 0.0], '1075_1045_passing_MET': [0.0, 0.0], '1075_1045_failing_MET': [0.0, 0.0], '1075_1045_min_MET_pt': [10000000.0, 10000000.0], '1100_1090': [2152.0, 1087.0], '1100_1090_passing_MET': [0.0, 0.0], '1100_1090_failing_MET': [0.0, 0.0], '1100_1090_min_MET_pt': [10000000.0, 10000000.0], '1100_1085': [0.0, 0.0], '1100_1085_passing_MET': [0.0, 0.0], '1100_1085_failing_MET': [0.0, 0.0], '1100_1085_min_MET_pt': [10000000.0, 10000000.0], '1100_1080': [1179.0, 1201.0], '1100_1080_passing_MET': [0.0, 0.0], '1100_1080_failing_MET': [0.0, 0.0], '1100_1080_min_MET_pt': [10000000.0, 10000000.0], '1100_1075': [0.0, 0.0], '1100_1075_passing_MET': [0.0, 0.0], '1100_1075_failing_MET': [0.0, 0.0], '1100_1075_min_MET_pt': [10000000.0, 10000000.0], '1100_1070': [0.0, 0.0], '1100_1070_passing_MET': [0.0, 0.0], '1100_1070_failing_MET': [0.0, 0.0], '1100_1070_min_MET_pt': [10000000.0, 10000000.0], 'nEventsTotal': 190324.0, 'strange masspoints': 0.0, 'orphans': 0.0, 'R-hadron event': 1.0, 'different stop antistop masses': 0.0, 'strange error': 0.0, 'strange event': 0.0, 'different neutralino masses': 14283.0, 'large differences': 0.0, '1076_1055': [1018.0, 0.0], '1076_1055_passing_MET': [998.0, 0.0], '1076_1055_failing_MET': [20.0, 0.0], '1076_1055_min_MET_pt': [21.064172744750977, 10000000.0], '1076_1056': [157.0, 0.0], '1076_1056_passing_MET': [151.0, 0.0], '1076_1056_failing_MET': [6.0, 0.0], '1076_1056_min_MET_pt': [49.457462310791016, 10000000.0], '550_536': [103.0, 125.0], '550_536_passing_MET': [101.0, 121.0], '550_536_failing_MET': [2.0, 4.0], '550_536_min_MET_pt': [62.66371154785156, 66.09066772460938], '726_705': [2891.0, 0.0], '726_705_passing_MET': [2809.0, 0.0], '726_705_failing_MET': [82.0, 0.0], '726_705_min_MET_pt': [24.574094772338867, 10000000.0], '726_706': [434.0, 0.0], '726_706_passing_MET': [419.0, 0.0], '726_706_failing_MET': [15.0, 0.0], '726_706_min_MET_pt': [27.76665687561035, 10000000.0], '826_795': [0.0, 941.0], '826_795_passing_MET': [0.0, 912.0], '826_795_failing_MET': [0.0, 29.0], '826_795_min_MET_pt': [10000000.0, 53.11438751220703], '826_796': [0.0, 189.0], '826_796_passing_MET': [0.0, 182.0], '826_796_failing_MET': [0.0, 7.0], '826_796_min_MET_pt': [10000000.0, 46.9595832824707], '1052_1020': [1201.0, 0.0], '1052_1020_passing_MET': [1177.0, 0.0], '1052_1020_failing_MET': [24.0, 0.0], '1052_1020_min_MET_pt': [31.158052444458008, 10000000.0], '626_600': [1060.0, 0.0], '626_600_passing_MET': [1026.0, 0.0], '626_600_failing_MET': [34.0, 0.0], '626_600_min_MET_pt': [45.1611442565918, 10000000.0], '550_526': [160.0, 318.0], '550_526_passing_MET': [153.0, 300.0], '550_526_failing_MET': [7.0, 18.0], '550_526_min_MET_pt': [44.979835510253906, 37.22843551635742], '1024_1015': [3100.0, 0.0], '1024_1015_passing_MET': [3036.0, 0.0], '1024_1015_failing_MET': [64.0, 0.0], '1024_1015_min_MET_pt': [10.907794952392578, 10000000.0], '1024_1016': [272.0, 0.0], '1024_1016_passing_MET': [269.0, 0.0], '1024_1016_failing_MET': [3.0, 0.0], '1024_1016_min_MET_pt': [88.38616180419922, 10000000.0], '1100_1092': [203.0, 106.0], '1100_1092_passing_MET': [199.0, 101.0], '1100_1092_failing_MET': [4.0, 5.0], '1100_1092_min_MET_pt': [48.46164321899414, 58.977256774902344], '526_495': [1954.0, 1036.0], '526_495_passing_MET': [1870.0, 1002.0], '526_495_failing_MET': [84.0, 34.0], '526_495_min_MET_pt': [20.580001831054688, 25.31325912475586], '776_756': [0.0, 152.0], '776_756_passing_MET': [0.0, 147.0], '776_756_failing_MET': [0.0, 5.0], '776_756_min_MET_pt': [10000000.0, 82.48736572265625], '776_755': [0.0, 992.0], '776_755_passing_MET': [0.0, 961.0], '776_755_failing_MET': [0.0, 31.0], '776_755_min_MET_pt': [10000000.0, 38.572513580322266], '700_676': [169.0, 0.0], '700_676_passing_MET': [165.0, 0.0], '700_676_failing_MET': [4.0, 0.0], '700_676_min_MET_pt': [71.83863830566406, 10000000.0], '1076_1064': [297.0, 99.0], '1076_1064_passing_MET': [291.0, 97.0], '1076_1064_failing_MET': [6.0, 2.0], '1076_1064_min_MET_pt': [75.33324432373047, 75.29663848876953], '1076_1065': [3105.0, 1063.0], '1076_1065_passing_MET': [3042.0, 1042.0], '1076_1065_failing_MET': [63.0, 21.0], '1076_1065_min_MET_pt': [26.320524215698242, 41.61834716796875], '526_505': [0.0, 994.0], '526_505_passing_MET': [0.0, 964.0], '526_505_failing_MET': [0.0, 30.0], '526_505_min_MET_pt': [10000000.0, 43.00914001464844], '776_765': [0.0, 3904.0], '776_765_passing_MET': [0.0, 3801.0], '776_765_failing_MET': [0.0, 103.0], '776_765_min_MET_pt': [10000000.0, 17.589677810668945], '776_766': [0.0, 396.0], '776_766_passing_MET': [0.0, 388.0], '776_766_failing_MET': [0.0, 8.0], '776_766_min_MET_pt': [10000000.0, 62.26417541503906], '1076_1060': [1131.0, 0.0], '1076_1060_passing_MET': [1090.0, 0.0], '1076_1060_failing_MET': [41.0, 0.0], '1076_1060_min_MET_pt': [38.91983413696289, 10000000.0], '876_866': [0.0, 105.0], '876_866_passing_MET': [0.0, 101.0], '876_866_failing_MET': [0.0, 4.0], '876_866_min_MET_pt': [10000000.0, 81.75827026367188], '876_865': [0.0, 994.0], '876_865_passing_MET': [0.0, 968.0], '876_865_failing_MET': [0.0, 26.0], '876_865_min_MET_pt': [10000000.0, 35.33277893066406], '750_726': [165.0, 0.0], '750_726_passing_MET': [161.0, 0.0], '750_726_failing_MET': [4.0, 0.0], '750_726_min_MET_pt': [90.03034973144531, 10000000.0], '626_615': [0.0, 2738.0], '626_615_passing_MET': [0.0, 2680.0], '626_615_failing_MET': [0.0, 58.0], '626_615_min_MET_pt': [10000000.0, 32.47735595703125], '626_616': [0.0, 281.0], '626_616_passing_MET': [0.0, 277.0], '626_616_failing_MET': [0.0, 4.0], '626_616_min_MET_pt': [10000000.0, 82.51500701904297], '826_815': [1944.0, 3042.0], '826_815_passing_MET': [1891.0, 2977.0], '826_815_failing_MET': [53.0, 65.0], '826_815_min_MET_pt': [25.775222778320312, 15.371735572814941], '826_816': [191.0, 292.0], '826_816_passing_MET': [190.0, 284.0], '826_816_failing_MET': [1.0, 8.0], '826_816_min_MET_pt': [91.89570617675781, 8.609382629394531], '526_515': [853.0, 825.0], '526_515_passing_MET': [832.0, 801.0], '526_515_failing_MET': [21.0, 24.0], '526_515_min_MET_pt': [31.035581588745117, 52.700599670410156], '526_516': [93.0, 89.0], '526_516_passing_MET': [93.0, 87.0], '526_516_failing_MET': [0.0, 2.0], '526_516_min_MET_pt': [100.27616882324219, 78.75363159179688], '926_905': [991.0, 0.0], '926_905_passing_MET': [970.0, 0.0], '926_905_failing_MET': [21.0, 0.0], '926_905_min_MET_pt': [44.34891128540039, 10000000.0], '926_906': [156.0, 0.0], '926_906_passing_MET': [154.0, 0.0], '926_906_failing_MET': [2.0, 0.0], '926_906_min_MET_pt': [86.70600891113281, 10000000.0], '976_965': [0.0, 977.0], '976_965_passing_MET': [0.0, 960.0], '976_965_failing_MET': [0.0, 17.0], '976_965_min_MET_pt': [10000000.0, 29.800533294677734], '976_966': [0.0, 119.0], '976_966_passing_MET': [0.0, 115.0], '976_966_failing_MET': [0.0, 4.0], '976_966_min_MET_pt': [10000000.0, 55.36063766479492], '576_565': [907.0, 2710.0], '576_565_passing_MET': [886.0, 2644.0], '576_565_failing_MET': [21.0, 66.0], '576_565_min_MET_pt': [28.052003860473633, 13.677512168884277], '576_566': [93.0, 288.0], '576_566_passing_MET': [90.0, 283.0], '576_566_failing_MET': [3.0, 5.0], '576_566_min_MET_pt': [72.40235900878906, 11.080984115600586], '726_695': [929.0, 0.0], '726_695_passing_MET': [909.0, 0.0], '726_695_failing_MET': [20.0, 0.0], '726_695_min_MET_pt': [8.378740310668945, 10000000.0], '726_696': [194.0, 0.0], '726_696_passing_MET': [184.0, 0.0], '726_696_failing_MET': [10.0, 0.0], '726_696_min_MET_pt': [54.79789733886719, 10000000.0], '876_855': [0.0, 964.0], '876_855_passing_MET': [0.0, 934.0], '876_855_failing_MET': [0.0, 30.0], '876_855_min_MET_pt': [10000000.0, 38.12871551513672], '876_856': [0.0, 160.0], '876_856_passing_MET': [0.0, 156.0], '876_856_failing_MET': [0.0, 4.0], '876_856_min_MET_pt': [10000000.0, 30.2285099029541], '950_936': [134.0, 0.0], '950_936_passing_MET': [133.0, 0.0], '950_936_failing_MET': [1.0, 0.0], '950_936_min_MET_pt': [77.96968841552734, 10000000.0], '1052_1025': [936.0, 956.0], '1052_1025_passing_MET': [903.0, 928.0], '1052_1025_failing_MET': [33.0, 28.0], '1052_1025_min_MET_pt': [19.252845764160156, 45.24913024902344], '1052_1024': [185.0, 190.0], '1052_1024_passing_MET': [177.0, 184.0], '1052_1024_failing_MET': [8.0, 6.0], '1052_1024_min_MET_pt': [54.865238189697266, 49.30682373046875], '576_545': [0.0, 1834.0], '576_545_passing_MET': [0.0, 1768.0], '576_545_failing_MET': [0.0, 66.0], '576_545_min_MET_pt': [10000000.0, 4.3009138107299805], '576_546': [0.0, 319.0], '576_546_passing_MET': [0.0, 310.0], '576_546_failing_MET': [0.0, 9.0], '576_546_min_MET_pt': [10000000.0, 39.130062103271484], '626_610': [1016.0, 0.0], '626_610_passing_MET': [990.0, 0.0], '626_610_failing_MET': [26.0, 0.0], '626_610_min_MET_pt': [43.68856430053711, 10000000.0], '726_710': [0.0, 1110.0], '726_710_passing_MET': [0.0, 1070.0], '726_710_failing_MET': [0.0, 40.0], '726_710_min_MET_pt': [10000000.0, 42.42404556274414], '650_626': [157.0, 0.0], '650_626_passing_MET': [152.0, 0.0], '650_626_failing_MET': [5.0, 0.0], '650_626_min_MET_pt': [63.3038215637207, 10000000.0], '1052_1040': [2234.0, 0.0], '1052_1040_passing_MET': [2176.0, 0.0], '1052_1040_failing_MET': [58.0, 0.0], '1052_1040_min_MET_pt': [30.923158645629883, 10000000.0], '926_915': [1006.0, 1970.0], '926_915_passing_MET': [982.0, 1922.0], '926_915_failing_MET': [24.0, 48.0], '926_915_min_MET_pt': [3.597639322280884, 22.166751861572266], '926_916': [102.0, 212.0], '926_916_passing_MET': [99.0, 208.0], '926_916_failing_MET': [3.0, 4.0], '926_916_min_MET_pt': [36.88401794433594, 74.71199798583984], '600_586': [113.0, 0.0], '600_586_passing_MET': [108.0, 0.0], '600_586_failing_MET': [5.0, 0.0], '600_586_min_MET_pt': [58.56939697265625, 10000000.0], '926_895': [987.0, 971.0], '926_895_passing_MET': [961.0, 947.0], '926_895_failing_MET': [26.0, 24.0], '926_895_min_MET_pt': [30.73522186279297, 55.80257797241211], '926_896': [206.0, 193.0], '926_896_passing_MET': [199.0, 190.0], '926_896_failing_MET': [7.0, 3.0], '926_896_min_MET_pt': [55.93472671508789, 79.34415435791016], '626_596': [335.0, 0.0], '626_596_passing_MET': [316.0, 0.0], '626_596_failing_MET': [19.0, 0.0], '626_596_min_MET_pt': [26.564725875854492, 10000000.0], '626_595': [1779.0, 0.0], '626_595_passing_MET': [1726.0, 0.0], '626_595_failing_MET': [53.0, 0.0], '626_595_min_MET_pt': [18.410436630249023, 10000000.0], '826_805': [964.0, 0.0], '826_805_passing_MET': [936.0, 0.0], '826_805_failing_MET': [28.0, 0.0], '826_805_min_MET_pt': [11.8782377243042, 10000000.0], '826_806': [177.0, 0.0], '826_806_passing_MET': [176.0, 0.0], '826_806_failing_MET': [1.0, 0.0], '826_806_min_MET_pt': [96.691162109375, 10000000.0], '576_556': [152.0, 0.0], '576_556_passing_MET': [149.0, 0.0], '576_556_failing_MET': [3.0, 0.0], '576_556_min_MET_pt': [85.90471649169922, 10000000.0], '576_555': [863.0, 0.0], '576_555_passing_MET': [833.0, 0.0], '576_555_failing_MET': [30.0, 0.0], '576_555_min_MET_pt': [22.93435287475586, 10000000.0], '676_650': [1089.0, 0.0], '676_650_passing_MET': [1050.0, 0.0], '676_650_failing_MET': [39.0, 0.0], '676_650_min_MET_pt': [32.75191879272461, 10000000.0], '776_760': [0.0, 1053.0], '776_760_passing_MET': [0.0, 1022.0], '776_760_failing_MET': [0.0, 31.0], '776_760_min_MET_pt': [10000000.0, 32.32856369018555], '876_850': [1117.0, 0.0], '876_850_passing_MET': [1098.0, 0.0], '876_850_failing_MET': [19.0, 0.0], '876_850_min_MET_pt': [47.88027572631836, 10000000.0], '676_655': [0.0, 933.0], '676_655_passing_MET': [0.0, 910.0], '676_655_failing_MET': [0.0, 23.0], '676_655_min_MET_pt': [10000000.0, 30.147022247314453], '676_656': [0.0, 142.0], '676_656_passing_MET': [0.0, 140.0], '676_656_failing_MET': [0.0, 2.0], '676_656_min_MET_pt': [10000000.0, 75.49555206298828], '926_910': [0.0, 1156.0], '926_910_passing_MET': [0.0, 1133.0], '926_910_failing_MET': [0.0, 23.0], '926_910_min_MET_pt': [10000000.0, 42.53133773803711], '726_715': [964.0, 0.0], '726_715_passing_MET': [945.0, 0.0], '726_715_failing_MET': [19.0, 0.0], '726_715_min_MET_pt': [53.41035842895508, 10000000.0], '726_716': [109.0, 0.0], '726_716_passing_MET': [106.0, 0.0], '726_716_failing_MET': [3.0, 0.0], '726_716_min_MET_pt': [76.46083068847656, 10000000.0]}
nevents_from_dict =  3580324845.5995817
Results saved to /afs/cern.ch/work/m/mleoncoe/private/stop_met_check/outputs_2018/nanoAOD_467.json
done
