i am in this directory
/pool/condor/dir_3766555
Python 3.9.23
3.9.23
 will run this python stop_check_met_eff.py /eos/user/m/mleoncoe/stop_event_check/privateNanoAod2018/nanoAOD_480.root /afs/cern.ch/work/m/mleoncoe/private/stop_met_check/outputs_2018/nanoAOD_480.json
event num1000
event num2000
event num3000
event num4000
event num5000
event num6000
event num7000
event num8000
event num9000
event num10000
event num11000
event num12000
event num13000
event num14000
event num15000
event num16000
event num17000
event num18000
event num19000
event num20000
event num21000
event num22000
event num23000
event num24000
event num25000
event num26000
event num27000
event num28000
event num29000
event num30000
event num31000
event num32000
event num33000
event num34000
event num35000
event num36000
event num37000
event num38000
event num39000
event num40000
event num41000
event num42000
event num43000
event num44000
event num45000
event num46000
event num47000
event num48000
event num49000
event num50000
event num51000
event num52000
event num53000
event num54000
event num55000
event num56000
event num57000
event num58000
event num59000
event num60000
event num61000
event num62000
event num63000
event num64000
event num65000
event num66000
event num67000
event num68000
event num69000
event num70000
event num71000
event num72000
event num73000
event num74000
event num75000
event num76000
event num77000
event num78000
event num79000
event num80000
event num81000
event num82000
event num83000
event num84000
event num85000
event num86000
event num87000
event num88000
event num89000
event num90000
event num91000
event num92000
event num93000
event num94000
event num95000
event num96000
event num97000
event num98000
event num99000
event num100000
event num101000
event num102000
event num103000
event num104000
event num105000
event num106000
event num107000
event num108000
event num109000
event num110000
event num111000
event num112000
event num113000
event num114000
event num115000
event num116000
event num117000
event num118000
event num119000
event num120000
event num121000
event num122000
event num123000
event num124000
event num125000
event num126000
{'250_240': [0.0, 709.0], '250_240_passing_MET': [0.0, 683.0], '250_240_failing_MET': [0.0, 26.0], '250_240_min_MET_pt': [10000000.0, 24.638029098510742], '250_235': [0.0, 699.0], '250_235_passing_MET': [0.0, 678.0], '250_235_failing_MET': [0.0, 21.0], '250_235_min_MET_pt': [10000000.0, 34.07797622680664], '250_230': [0.0, 0.0], '250_230_passing_MET': [0.0, 0.0], '250_230_failing_MET': [0.0, 0.0], '250_230_min_MET_pt': [10000000.0, 10000000.0], '250_225': [0.0, 756.0], '250_225_passing_MET': [0.0, 716.0], '250_225_failing_MET': [0.0, 40.0], '250_225_min_MET_pt': [10000000.0, 35.18367004394531], '250_220': [0.0, 0.0], '250_220_passing_MET': [0.0, 0.0], '250_220_failing_MET': [0.0, 0.0], '250_220_min_MET_pt': [10000000.0, 10000000.0], '275_265': [0.0, 739.0], '275_265_passing_MET': [0.0, 709.0], '275_265_failing_MET': [0.0, 30.0], '275_265_min_MET_pt': [10000000.0, 43.71547317504883], '275_260': [0.0, 0.0], '275_260_passing_MET': [0.0, 0.0], '275_260_failing_MET': [0.0, 0.0], '275_260_min_MET_pt': [10000000.0, 10000000.0], '275_255': [0.0, 775.0], '275_255_passing_MET': [0.0, 749.0], '275_255_failing_MET': [0.0, 26.0], '275_255_min_MET_pt': [10000000.0, 43.481746673583984], '275_250': [0.0, 0.0], '275_250_passing_MET': [0.0, 0.0], '275_250_failing_MET': [0.0, 0.0], '275_250_min_MET_pt': [10000000.0, 10000000.0], '275_245': [0.0, 838.0], '275_245_passing_MET': [0.0, 806.0], '275_245_failing_MET': [0.0, 32.0], '275_245_min_MET_pt': [10000000.0, 18.312257766723633], '300_290': [857.0, 771.0], '300_290_passing_MET': [0.0, 0.0], '300_290_failing_MET': [0.0, 0.0], '300_290_min_MET_pt': [10000000.0, 10000000.0], '300_285': [0.0, 776.0], '300_285_passing_MET': [0.0, 753.0], '300_285_failing_MET': [0.0, 23.0], '300_285_min_MET_pt': [10000000.0, 29.26751136779785], '300_280': [0.0, 0.0], '300_280_passing_MET': [0.0, 0.0], '300_280_failing_MET': [0.0, 0.0], '300_280_min_MET_pt': [10000000.0, 10000000.0], '300_275': [0.0, 0.0], '300_275_passing_MET': [0.0, 0.0], '300_275_failing_MET': [0.0, 0.0], '300_275_min_MET_pt': [10000000.0, 10000000.0], '300_270': [857.0, 814.0], '300_270_passing_MET': [0.0, 0.0], '300_270_failing_MET': [0.0, 0.0], '300_270_min_MET_pt': [10000000.0, 10000000.0], '325_315': [801.0, 827.0], '325_315_passing_MET': [0.0, 0.0], '325_315_failing_MET': [0.0, 0.0], '325_315_min_MET_pt': [10000000.0, 10000000.0], '325_310': [813.0, 0.0], '325_310_passing_MET': [788.0, 0.0], '325_310_failing_MET': [25.0, 0.0], '325_310_min_MET_pt': [15.8544282913208, 10000000.0], '325_305': [0.0, 831.0], '325_305_passing_MET': [0.0, 794.0], '325_305_failing_MET': [0.0, 37.0], '325_305_min_MET_pt': [10000000.0, 32.188743591308594], '325_300': [0.0, 0.0], '325_300_passing_MET': [0.0, 0.0], '325_300_failing_MET': [0.0, 0.0], '325_300_min_MET_pt': [10000000.0, 10000000.0], '325_295': [0.0, 0.0], '325_295_passing_MET': [0.0, 0.0], '325_295_failing_MET': [0.0, 0.0], '325_295_min_MET_pt': [10000000.0, 10000000.0], '350_340': [1643.0, 884.0], '350_340_passing_MET': [0.0, 0.0], '350_340_failing_MET': [0.0, 0.0], '350_340_min_MET_pt': [10000000.0, 10000000.0], '350_335': [0.0, 883.0], '350_335_passing_MET': [0.0, 858.0], '350_335_failing_MET': [0.0, 25.0], '350_335_min_MET_pt': [10000000.0, 31.19629669189453], '350_330': [2665.0, 0.0], '350_330_passing_MET': [2559.0, 0.0], '350_330_failing_MET': [106.0, 0.0], '350_330_min_MET_pt': [29.76395606994629, 10000000.0], '350_325': [0.0, 0.0], '350_325_passing_MET': [0.0, 0.0], '350_325_failing_MET': [0.0, 0.0], '350_325_min_MET_pt': [10000000.0, 10000000.0], '350_320': [0.0, 0.0], '350_320_passing_MET': [0.0, 0.0], '350_320_failing_MET': [0.0, 0.0], '350_320_min_MET_pt': [10000000.0, 10000000.0], '375_365': [0.0, 0.0], '375_365_passing_MET': [0.0, 0.0], '375_365_failing_MET': [0.0, 0.0], '375_365_min_MET_pt': [10000000.0, 10000000.0], '375_360': [0.0, 0.0], '375_360_passing_MET': [0.0, 0.0], '375_360_failing_MET': [0.0, 0.0], '375_360_min_MET_pt': [10000000.0, 10000000.0], '375_355': [0.0, 0.0], '375_355_passing_MET': [0.0, 0.0], '375_355_failing_MET': [0.0, 0.0], '375_355_min_MET_pt': [10000000.0, 10000000.0], '375_350': [0.0, 949.0], '375_350_passing_MET': [0.0, 906.0], '375_350_failing_MET': [0.0, 43.0], '375_350_min_MET_pt': [10000000.0, 10.746037483215332], '375_345': [0.0, 0.0], '375_345_passing_MET': [0.0, 0.0], '375_345_failing_MET': [0.0, 0.0], '375_345_min_MET_pt': [10000000.0, 10000000.0], '400_390': [897.0, 0.0], '400_390_passing_MET': [876.0, 0.0], '400_390_failing_MET': [21.0, 0.0], '400_390_min_MET_pt': [49.7443962097168, 10000000.0], '400_385': [0.0, 0.0], '400_385_passing_MET': [0.0, 0.0], '400_385_failing_MET': [0.0, 0.0], '400_385_min_MET_pt': [10000000.0, 10000000.0], '400_380': [925.0, 0.0], '400_380_passing_MET': [888.0, 0.0], '400_380_failing_MET': [37.0, 0.0], '400_380_min_MET_pt': [14.24351692199707, 10000000.0], '400_375': [0.0, 909.0], '400_375_passing_MET': [0.0, 880.0], '400_375_failing_MET': [0.0, 29.0], '400_375_min_MET_pt': [10000000.0, 41.13468551635742], '400_370': [962.0, 0.0], '400_370_passing_MET': [922.0, 0.0], '400_370_failing_MET': [40.0, 0.0], '400_370_min_MET_pt': [36.44784927368164, 10000000.0], '425_415': [910.0, 882.0], '425_415_passing_MET': [0.0, 0.0], '425_415_failing_MET': [0.0, 0.0], '425_415_min_MET_pt': [10000000.0, 10000000.0], '425_410': [905.0, 0.0], '425_410_passing_MET': [869.0, 0.0], '425_410_failing_MET': [36.0, 0.0], '425_410_min_MET_pt': [16.563993453979492, 10000000.0], '425_405': [0.0, 933.0], '425_405_passing_MET': [0.0, 901.0], '425_405_failing_MET': [0.0, 32.0], '425_405_min_MET_pt': [10000000.0, 51.908145904541016], '425_400': [978.0, 0.0], '425_400_passing_MET': [942.0, 0.0], '425_400_failing_MET': [36.0, 0.0], '425_400_min_MET_pt': [32.146026611328125, 10000000.0], '425_395': [979.0, 0.0], '425_395_passing_MET': [945.0, 0.0], '425_395_failing_MET': [34.0, 0.0], '425_395_min_MET_pt': [53.33541488647461, 10000000.0], '450_440': [980.0, 0.0], '450_440_passing_MET': [957.0, 0.0], '450_440_failing_MET': [23.0, 0.0], '450_440_min_MET_pt': [21.78168296813965, 10000000.0], '450_435': [0.0, 0.0], '450_435_passing_MET': [0.0, 0.0], '450_435_failing_MET': [0.0, 0.0], '450_435_min_MET_pt': [10000000.0, 10000000.0], '450_430': [0.0, 0.0], '450_430_passing_MET': [0.0, 0.0], '450_430_failing_MET': [0.0, 0.0], '450_430_min_MET_pt': [10000000.0, 10000000.0], '450_425': [978.0, 0.0], '450_425_passing_MET': [943.0, 0.0], '450_425_failing_MET': [35.0, 0.0], '450_425_min_MET_pt': [53.34114074707031, 10000000.0], '450_420': [0.0, 0.0], '450_420_passing_MET': [0.0, 0.0], '450_420_failing_MET': [0.0, 0.0], '450_420_min_MET_pt': [10000000.0, 10000000.0], '475_465': [1908.0, 1872.0], '475_465_passing_MET': [0.0, 0.0], '475_465_failing_MET': [0.0, 0.0], '475_465_min_MET_pt': [10000000.0, 10000000.0], '475_460': [0.0, 0.0], '475_460_passing_MET': [0.0, 0.0], '475_460_failing_MET': [0.0, 0.0], '475_460_min_MET_pt': [10000000.0, 10000000.0], '475_455': [0.0, 0.0], '475_455_passing_MET': [0.0, 0.0], '475_455_failing_MET': [0.0, 0.0], '475_455_min_MET_pt': [10000000.0, 10000000.0], '475_450': [0.0, 0.0], '475_450_passing_MET': [0.0, 0.0], '475_450_failing_MET': [0.0, 0.0], '475_450_min_MET_pt': [10000000.0, 10000000.0], '475_445': [0.0, 0.0], '475_445_passing_MET': [0.0, 0.0], '475_445_failing_MET': [0.0, 0.0], '475_445_min_MET_pt': [10000000.0, 10000000.0], '500_490': [0.0, 955.0], '500_490_passing_MET': [0.0, 929.0], '500_490_failing_MET': [0.0, 26.0], '500_490_min_MET_pt': [10000000.0, 7.221014022827148], '500_485': [0.0, 0.0], '500_485_passing_MET': [0.0, 0.0], '500_485_failing_MET': [0.0, 0.0], '500_485_min_MET_pt': [10000000.0, 10000000.0], '500_480': [0.0, 0.0], '500_480_passing_MET': [0.0, 0.0], '500_480_failing_MET': [0.0, 0.0], '500_480_min_MET_pt': [10000000.0, 10000000.0], '500_475': [0.0, 0.0], '500_475_passing_MET': [0.0, 0.0], '500_475_failing_MET': [0.0, 0.0], '500_475_min_MET_pt': [10000000.0, 10000000.0], '500_470': [0.0, 1023.0], '500_470_passing_MET': [0.0, 981.0], '500_470_failing_MET': [0.0, 42.0], '500_470_min_MET_pt': [10000000.0, 36.17335510253906], '525_515': [0.0, 0.0], '525_515_passing_MET': [0.0, 0.0], '525_515_failing_MET': [0.0, 0.0], '525_515_min_MET_pt': [10000000.0, 10000000.0], '525_510': [0.0, 0.0], '525_510_passing_MET': [0.0, 0.0], '525_510_failing_MET': [0.0, 0.0], '525_510_min_MET_pt': [10000000.0, 10000000.0], '525_505': [0.0, 0.0], '525_505_passing_MET': [0.0, 0.0], '525_505_failing_MET': [0.0, 0.0], '525_505_min_MET_pt': [10000000.0, 10000000.0], '525_500': [0.0, 0.0], '525_500_passing_MET': [0.0, 0.0], '525_500_failing_MET': [0.0, 0.0], '525_500_min_MET_pt': [10000000.0, 10000000.0], '525_495': [0.0, 0.0], '525_495_passing_MET': [0.0, 0.0], '525_495_failing_MET': [0.0, 0.0], '525_495_min_MET_pt': [10000000.0, 10000000.0], '550_540': [1015.0, 0.0], '550_540_passing_MET': [992.0, 0.0], '550_540_failing_MET': [23.0, 0.0], '550_540_min_MET_pt': [33.833003997802734, 10000000.0], '550_535': [1700.0, 0.0], '550_535_passing_MET': [1650.0, 0.0], '550_535_failing_MET': [50.0, 0.0], '550_535_min_MET_pt': [20.79950714111328, 10000000.0], '550_530': [0.0, 0.0], '550_530_passing_MET': [0.0, 0.0], '550_530_failing_MET': [0.0, 0.0], '550_530_min_MET_pt': [10000000.0, 10000000.0], '550_525': [0.0, 0.0], '550_525_passing_MET': [0.0, 0.0], '550_525_failing_MET': [0.0, 0.0], '550_525_min_MET_pt': [10000000.0, 10000000.0], '550_520': [0.0, 0.0], '550_520_passing_MET': [0.0, 0.0], '550_520_failing_MET': [0.0, 0.0], '550_520_min_MET_pt': [10000000.0, 10000000.0], '575_565': [0.0, 0.0], '575_565_passing_MET': [0.0, 0.0], '575_565_failing_MET': [0.0, 0.0], '575_565_min_MET_pt': [10000000.0, 10000000.0], '575_560': [0.0, 0.0], '575_560_passing_MET': [0.0, 0.0], '575_560_failing_MET': [0.0, 0.0], '575_560_min_MET_pt': [10000000.0, 10000000.0], '575_555': [0.0, 0.0], '575_555_passing_MET': [0.0, 0.0], '575_555_failing_MET': [0.0, 0.0], '575_555_min_MET_pt': [10000000.0, 10000000.0], '575_550': [0.0, 0.0], '575_550_passing_MET': [0.0, 0.0], '575_550_failing_MET': [0.0, 0.0], '575_550_min_MET_pt': [10000000.0, 10000000.0], '575_545': [0.0, 0.0], '575_545_passing_MET': [0.0, 0.0], '575_545_failing_MET': [0.0, 0.0], '575_545_min_MET_pt': [10000000.0, 10000000.0], '600_590': [2038.0, 0.0], '600_590_passing_MET': [1985.0, 0.0], '600_590_failing_MET': [53.0, 0.0], '600_590_min_MET_pt': [12.958937644958496, 10000000.0], '600_585': [0.0, 923.0], '600_585_passing_MET': [0.0, 899.0], '600_585_failing_MET': [0.0, 24.0], '600_585_min_MET_pt': [10000000.0, 35.9688606262207], '600_580': [0.0, 0.0], '600_580_passing_MET': [0.0, 0.0], '600_580_failing_MET': [0.0, 0.0], '600_580_min_MET_pt': [10000000.0, 10000000.0], '600_575': [0.0, 910.0], '600_575_passing_MET': [0.0, 881.0], '600_575_failing_MET': [0.0, 29.0], '600_575_min_MET_pt': [10000000.0, 26.01648712158203], '600_570': [0.0, 1066.0], '600_570_passing_MET': [0.0, 1034.0], '600_570_failing_MET': [0.0, 32.0], '600_570_min_MET_pt': [10000000.0, 27.23200035095215], '625_615': [0.0, 0.0], '625_615_passing_MET': [0.0, 0.0], '625_615_failing_MET': [0.0, 0.0], '625_615_min_MET_pt': [10000000.0, 10000000.0], '625_610': [0.0, 0.0], '625_610_passing_MET': [0.0, 0.0], '625_610_failing_MET': [0.0, 0.0], '625_610_min_MET_pt': [10000000.0, 10000000.0], '625_605': [0.0, 0.0], '625_605_passing_MET': [0.0, 0.0], '625_605_failing_MET': [0.0, 0.0], '625_605_min_MET_pt': [10000000.0, 10000000.0], '625_600': [0.0, 0.0], '625_600_passing_MET': [0.0, 0.0], '625_600_failing_MET': [0.0, 0.0], '625_600_min_MET_pt': [10000000.0, 10000000.0], '625_595': [0.0, 0.0], '625_595_passing_MET': [0.0, 0.0], '625_595_failing_MET': [0.0, 0.0], '625_595_min_MET_pt': [10000000.0, 10000000.0], '650_640': [0.0, 0.0], '650_640_passing_MET': [0.0, 0.0], '650_640_failing_MET': [0.0, 0.0], '650_640_min_MET_pt': [10000000.0, 10000000.0], '650_635': [2765.0, 0.0], '650_635_passing_MET': [2679.0, 0.0], '650_635_failing_MET': [86.0, 0.0], '650_635_min_MET_pt': [33.52785110473633, 10000000.0], '650_630': [0.0, 0.0], '650_630_passing_MET': [0.0, 0.0], '650_630_failing_MET': [0.0, 0.0], '650_630_min_MET_pt': [10000000.0, 10000000.0], '650_625': [0.0, 0.0], '650_625_passing_MET': [0.0, 0.0], '650_625_failing_MET': [0.0, 0.0], '650_625_min_MET_pt': [10000000.0, 10000000.0], '650_620': [1092.0, 1080.0], '650_620_passing_MET': [0.0, 0.0], '650_620_failing_MET': [0.0, 0.0], '650_620_min_MET_pt': [10000000.0, 10000000.0], '675_665': [0.0, 0.0], '675_665_passing_MET': [0.0, 0.0], '675_665_failing_MET': [0.0, 0.0], '675_665_min_MET_pt': [10000000.0, 10000000.0], '675_660': [0.0, 0.0], '675_660_passing_MET': [0.0, 0.0], '675_660_failing_MET': [0.0, 0.0], '675_660_min_MET_pt': [10000000.0, 10000000.0], '675_655': [0.0, 0.0], '675_655_passing_MET': [0.0, 0.0], '675_655_failing_MET': [0.0, 0.0], '675_655_min_MET_pt': [10000000.0, 10000000.0], '675_650': [0.0, 0.0], '675_650_passing_MET': [0.0, 0.0], '675_650_failing_MET': [0.0, 0.0], '675_650_min_MET_pt': [10000000.0, 10000000.0], '675_645': [0.0, 0.0], '675_645_passing_MET': [0.0, 0.0], '675_645_failing_MET': [0.0, 0.0], '675_645_min_MET_pt': [10000000.0, 10000000.0], '700_690': [0.0, 0.0], '700_690_passing_MET': [0.0, 0.0], '700_690_failing_MET': [0.0, 0.0], '700_690_min_MET_pt': [10000000.0, 10000000.0], '700_685': [0.0, 0.0], '700_685_passing_MET': [0.0, 0.0], '700_685_failing_MET': [0.0, 0.0], '700_685_min_MET_pt': [10000000.0, 10000000.0], '700_680': [0.0, 0.0], '700_680_passing_MET': [0.0, 0.0], '700_680_failing_MET': [0.0, 0.0], '700_680_min_MET_pt': [10000000.0, 10000000.0], '700_675': [0.0, 0.0], '700_675_passing_MET': [0.0, 0.0], '700_675_failing_MET': [0.0, 0.0], '700_675_min_MET_pt': [10000000.0, 10000000.0], '700_670': [0.0, 0.0], '700_670_passing_MET': [0.0, 0.0], '700_670_failing_MET': [0.0, 0.0], '700_670_min_MET_pt': [10000000.0, 10000000.0], '725_715': [0.0, 0.0], '725_715_passing_MET': [0.0, 0.0], '725_715_failing_MET': [0.0, 0.0], '725_715_min_MET_pt': [10000000.0, 10000000.0], '725_710': [0.0, 0.0], '725_710_passing_MET': [0.0, 0.0], '725_710_failing_MET': [0.0, 0.0], '725_710_min_MET_pt': [10000000.0, 10000000.0], '725_705': [0.0, 0.0], '725_705_passing_MET': [0.0, 0.0], '725_705_failing_MET': [0.0, 0.0], '725_705_min_MET_pt': [10000000.0, 10000000.0], '725_700': [0.0, 0.0], '725_700_passing_MET': [0.0, 0.0], '725_700_failing_MET': [0.0, 0.0], '725_700_min_MET_pt': [10000000.0, 10000000.0], '725_695': [0.0, 0.0], '725_695_passing_MET': [0.0, 0.0], '725_695_failing_MET': [0.0, 0.0], '725_695_min_MET_pt': [10000000.0, 10000000.0], '750_740': [1102.0, 2074.0], '750_740_passing_MET': [0.0, 0.0], '750_740_failing_MET': [0.0, 0.0], '750_740_min_MET_pt': [10000000.0, 10000000.0], '750_735': [923.0, 0.0], '750_735_passing_MET': [903.0, 0.0], '750_735_failing_MET': [20.0, 0.0], '750_735_min_MET_pt': [35.565616607666016, 10000000.0], '750_730': [0.0, 0.0], '750_730_passing_MET': [0.0, 0.0], '750_730_failing_MET': [0.0, 0.0], '750_730_min_MET_pt': [10000000.0, 10000000.0], '750_725': [0.0, 0.0], '750_725_passing_MET': [0.0, 0.0], '750_725_failing_MET': [0.0, 0.0], '750_725_min_MET_pt': [10000000.0, 10000000.0], '750_720': [0.0, 0.0], '750_720_passing_MET': [0.0, 0.0], '750_720_failing_MET': [0.0, 0.0], '750_720_min_MET_pt': [10000000.0, 10000000.0], '775_765': [0.0, 0.0], '775_765_passing_MET': [0.0, 0.0], '775_765_failing_MET': [0.0, 0.0], '775_765_min_MET_pt': [10000000.0, 10000000.0], '775_760': [0.0, 0.0], '775_760_passing_MET': [0.0, 0.0], '775_760_failing_MET': [0.0, 0.0], '775_760_min_MET_pt': [10000000.0, 10000000.0], '775_755': [0.0, 0.0], '775_755_passing_MET': [0.0, 0.0], '775_755_failing_MET': [0.0, 0.0], '775_755_min_MET_pt': [10000000.0, 10000000.0], '775_750': [0.0, 0.0], '775_750_passing_MET': [0.0, 0.0], '775_750_failing_MET': [0.0, 0.0], '775_750_min_MET_pt': [10000000.0, 10000000.0], '775_745': [0.0, 0.0], '775_745_passing_MET': [0.0, 0.0], '775_745_failing_MET': [0.0, 0.0], '775_745_min_MET_pt': [10000000.0, 10000000.0], '800_790': [1042.0, 0.0], '800_790_passing_MET': [1019.0, 0.0], '800_790_failing_MET': [23.0, 0.0], '800_790_min_MET_pt': [50.36748504638672, 10000000.0], '800_785': [0.0, 0.0], '800_785_passing_MET': [0.0, 0.0], '800_785_failing_MET': [0.0, 0.0], '800_785_min_MET_pt': [10000000.0, 10000000.0], '800_780': [0.0, 0.0], '800_780_passing_MET': [0.0, 0.0], '800_780_failing_MET': [0.0, 0.0], '800_780_min_MET_pt': [10000000.0, 10000000.0], '800_775': [928.0, 0.0], '800_775_passing_MET': [903.0, 0.0], '800_775_failing_MET': [25.0, 0.0], '800_775_min_MET_pt': [27.733102798461914, 10000000.0], '800_770': [0.0, 0.0], '800_770_passing_MET': [0.0, 0.0], '800_770_failing_MET': [0.0, 0.0], '800_770_min_MET_pt': [10000000.0, 10000000.0], '825_815': [0.0, 0.0], '825_815_passing_MET': [0.0, 0.0], '825_815_failing_MET': [0.0, 0.0], '825_815_min_MET_pt': [10000000.0, 10000000.0], '825_810': [0.0, 0.0], '825_810_passing_MET': [0.0, 0.0], '825_810_failing_MET': [0.0, 0.0], '825_810_min_MET_pt': [10000000.0, 10000000.0], '825_805': [0.0, 0.0], '825_805_passing_MET': [0.0, 0.0], '825_805_failing_MET': [0.0, 0.0], '825_805_min_MET_pt': [10000000.0, 10000000.0], '825_800': [0.0, 0.0], '825_800_passing_MET': [0.0, 0.0], '825_800_failing_MET': [0.0, 0.0], '825_800_min_MET_pt': [10000000.0, 10000000.0], '825_795': [0.0, 0.0], '825_795_passing_MET': [0.0, 0.0], '825_795_failing_MET': [0.0, 0.0], '825_795_min_MET_pt': [10000000.0, 10000000.0], '850_840': [0.0, 1068.0], '850_840_passing_MET': [0.0, 1039.0], '850_840_failing_MET': [0.0, 29.0], '850_840_min_MET_pt': [10000000.0, 6.575300216674805], '850_835': [0.0, 0.0], '850_835_passing_MET': [0.0, 0.0], '850_835_failing_MET': [0.0, 0.0], '850_835_min_MET_pt': [10000000.0, 10000000.0], '850_830': [3431.0, 0.0], '850_830_passing_MET': [3330.0, 0.0], '850_830_failing_MET': [101.0, 0.0], '850_830_min_MET_pt': [10.076327323913574, 10000000.0], '850_825': [0.0, 0.0], '850_825_passing_MET': [0.0, 0.0], '850_825_failing_MET': [0.0, 0.0], '850_825_min_MET_pt': [10000000.0, 10000000.0], '850_820': [0.0, 1134.0], '850_820_passing_MET': [0.0, 1106.0], '850_820_failing_MET': [0.0, 28.0], '850_820_min_MET_pt': [10000000.0, 49.4635124206543], '875_865': [0.0, 0.0], '875_865_passing_MET': [0.0, 0.0], '875_865_failing_MET': [0.0, 0.0], '875_865_min_MET_pt': [10000000.0, 10000000.0], '875_860': [0.0, 0.0], '875_860_passing_MET': [0.0, 0.0], '875_860_failing_MET': [0.0, 0.0], '875_860_min_MET_pt': [10000000.0, 10000000.0], '875_855': [0.0, 0.0], '875_855_passing_MET': [0.0, 0.0], '875_855_failing_MET': [0.0, 0.0], '875_855_min_MET_pt': [10000000.0, 10000000.0], '875_850': [0.0, 0.0], '875_850_passing_MET': [0.0, 0.0], '875_850_failing_MET': [0.0, 0.0], '875_850_min_MET_pt': [10000000.0, 10000000.0], '875_845': [0.0, 0.0], '875_845_passing_MET': [0.0, 0.0], '875_845_failing_MET': [0.0, 0.0], '875_845_min_MET_pt': [10000000.0, 10000000.0], '900_890': [1109.0, 2300.0], '900_890_passing_MET': [0.0, 0.0], '900_890_failing_MET': [0.0, 0.0], '900_890_min_MET_pt': [10000000.0, 10000000.0], '900_885': [0.0, 1927.0], '900_885_passing_MET': [0.0, 1877.0], '900_885_failing_MET': [0.0, 50.0], '900_885_min_MET_pt': [10000000.0, 26.075746536254883], '900_880': [0.0, 0.0], '900_880_passing_MET': [0.0, 0.0], '900_880_failing_MET': [0.0, 0.0], '900_880_min_MET_pt': [10000000.0, 10000000.0], '900_875': [0.0, 0.0], '900_875_passing_MET': [0.0, 0.0], '900_875_failing_MET': [0.0, 0.0], '900_875_min_MET_pt': [10000000.0, 10000000.0], '900_870': [0.0, 0.0], '900_870_passing_MET': [0.0, 0.0], '900_870_failing_MET': [0.0, 0.0], '900_870_min_MET_pt': [10000000.0, 10000000.0], '925_915': [0.0, 0.0], '925_915_passing_MET': [0.0, 0.0], '925_915_failing_MET': [0.0, 0.0], '925_915_min_MET_pt': [10000000.0, 10000000.0], '925_910': [0.0, 0.0], '925_910_passing_MET': [0.0, 0.0], '925_910_failing_MET': [0.0, 0.0], '925_910_min_MET_pt': [10000000.0, 10000000.0], '925_905': [0.0, 0.0], '925_905_passing_MET': [0.0, 0.0], '925_905_failing_MET': [0.0, 0.0], '925_905_min_MET_pt': [10000000.0, 10000000.0], '925_900': [0.0, 0.0], '925_900_passing_MET': [0.0, 0.0], '925_900_failing_MET': [0.0, 0.0], '925_900_min_MET_pt': [10000000.0, 10000000.0], '925_895': [0.0, 0.0], '925_895_passing_MET': [0.0, 0.0], '925_895_failing_MET': [0.0, 0.0], '925_895_min_MET_pt': [10000000.0, 10000000.0], '950_940': [1035.0, 0.0], '950_940_passing_MET': [1008.0, 0.0], '950_940_failing_MET': [27.0, 0.0], '950_940_min_MET_pt': [25.93092155456543, 10000000.0], '950_935': [0.0, 0.0], '950_935_passing_MET': [0.0, 0.0], '950_935_failing_MET': [0.0, 0.0], '950_935_min_MET_pt': [10000000.0, 10000000.0], '950_930': [1152.0, 0.0], '950_930_passing_MET': [1130.0, 0.0], '950_930_failing_MET': [22.0, 0.0], '950_930_min_MET_pt': [62.87498474121094, 10000000.0], '950_925': [0.0, 0.0], '950_925_passing_MET': [0.0, 0.0], '950_925_failing_MET': [0.0, 0.0], '950_925_min_MET_pt': [10000000.0, 10000000.0], '950_920': [1137.0, 0.0], '950_920_passing_MET': [1114.0, 0.0], '950_920_failing_MET': [23.0, 0.0], '950_920_min_MET_pt': [49.443241119384766, 10000000.0], '975_965': [0.0, 0.0], '975_965_passing_MET': [0.0, 0.0], '975_965_failing_MET': [0.0, 0.0], '975_965_min_MET_pt': [10000000.0, 10000000.0], '975_960': [0.0, 0.0], '975_960_passing_MET': [0.0, 0.0], '975_960_failing_MET': [0.0, 0.0], '975_960_min_MET_pt': [10000000.0, 10000000.0], '975_955': [0.0, 0.0], '975_955_passing_MET': [0.0, 0.0], '975_955_failing_MET': [0.0, 0.0], '975_955_min_MET_pt': [10000000.0, 10000000.0], '975_950': [0.0, 0.0], '975_950_passing_MET': [0.0, 0.0], '975_950_failing_MET': [0.0, 0.0], '975_950_min_MET_pt': [10000000.0, 10000000.0], '975_945': [0.0, 0.0], '975_945_passing_MET': [0.0, 0.0], '975_945_failing_MET': [0.0, 0.0], '975_945_min_MET_pt': [10000000.0, 10000000.0], '1000_990': [2221.0, 0.0], '1000_990_passing_MET': [2189.0, 0.0], '1000_990_failing_MET': [32.0, 0.0], '1000_990_min_MET_pt': [54.31507110595703, 10000000.0], '1000_985': [0.0, 986.0], '1000_985_passing_MET': [0.0, 956.0], '1000_985_failing_MET': [0.0, 30.0], '1000_985_min_MET_pt': [10000000.0, 45.13607406616211], '1000_980': [0.0, 0.0], '1000_980_passing_MET': [0.0, 0.0], '1000_980_failing_MET': [0.0, 0.0], '1000_980_min_MET_pt': [10000000.0, 10000000.0], '1000_975': [0.0, 0.0], '1000_975_passing_MET': [0.0, 0.0], '1000_975_failing_MET': [0.0, 0.0], '1000_975_min_MET_pt': [10000000.0, 10000000.0], '1000_970': [0.0, 0.0], '1000_970_passing_MET': [0.0, 0.0], '1000_970_failing_MET': [0.0, 0.0], '1000_970_min_MET_pt': [10000000.0, 10000000.0], '1025_1015': [0.0, 0.0], '1025_1015_passing_MET': [0.0, 0.0], '1025_1015_failing_MET': [0.0, 0.0], '1025_1015_min_MET_pt': [10000000.0, 10000000.0], '1025_1010': [0.0, 0.0], '1025_1010_passing_MET': [0.0, 0.0], '1025_1010_failing_MET': [0.0, 0.0], '1025_1010_min_MET_pt': [10000000.0, 10000000.0], '1025_1005': [0.0, 0.0], '1025_1005_passing_MET': [0.0, 0.0], '1025_1005_failing_MET': [0.0, 0.0], '1025_1005_min_MET_pt': [10000000.0, 10000000.0], '1025_1000': [0.0, 0.0], '1025_1000_passing_MET': [0.0, 0.0], '1025_1000_failing_MET': [0.0, 0.0], '1025_1000_min_MET_pt': [10000000.0, 10000000.0], '1025_995': [0.0, 0.0], '1025_995_passing_MET': [0.0, 0.0], '1025_995_failing_MET': [0.0, 0.0], '1025_995_min_MET_pt': [10000000.0, 10000000.0], '1050_1040': [0.0, 0.0], '1050_1040_passing_MET': [0.0, 0.0], '1050_1040_failing_MET': [0.0, 0.0], '1050_1040_min_MET_pt': [10000000.0, 10000000.0], '1050_1035': [0.0, 0.0], '1050_1035_passing_MET': [0.0, 0.0], '1050_1035_failing_MET': [0.0, 0.0], '1050_1035_min_MET_pt': [10000000.0, 10000000.0], '1050_1030': [0.0, 0.0], '1050_1030_passing_MET': [0.0, 0.0], '1050_1030_failing_MET': [0.0, 0.0], '1050_1030_min_MET_pt': [10000000.0, 10000000.0], '1050_1025': [0.0, 0.0], '1050_1025_passing_MET': [0.0, 0.0], '1050_1025_failing_MET': [0.0, 0.0], '1050_1025_min_MET_pt': [10000000.0, 10000000.0], '1050_1020': [0.0, 0.0], '1050_1020_passing_MET': [0.0, 0.0], '1050_1020_failing_MET': [0.0, 0.0], '1050_1020_min_MET_pt': [10000000.0, 10000000.0], '1075_1065': [0.0, 0.0], '1075_1065_passing_MET': [0.0, 0.0], '1075_1065_failing_MET': [0.0, 0.0], '1075_1065_min_MET_pt': [10000000.0, 10000000.0], '1075_1060': [0.0, 0.0], '1075_1060_passing_MET': [0.0, 0.0], '1075_1060_failing_MET': [0.0, 0.0], '1075_1060_min_MET_pt': [10000000.0, 10000000.0], '1075_1055': [0.0, 0.0], '1075_1055_passing_MET': [0.0, 0.0], '1075_1055_failing_MET': [0.0, 0.0], '1075_1055_min_MET_pt': [10000000.0, 10000000.0], '1075_1050': [0.0, 0.0], '1075_1050_passing_MET': [0.0, 0.0], '1075_1050_failing_MET': [0.0, 0.0], '1075_1050_min_MET_pt': [10000000.0, 10000000.0], '1075_1045': [0.0, 0.0], '1075_1045_passing_MET': [0.0, 0.0], '1075_1045_failing_MET': [0.0, 0.0], '1075_1045_min_MET_pt': [10000000.0, 10000000.0], '1100_1090': [1052.0, 1060.0], '1100_1090_passing_MET': [0.0, 0.0], '1100_1090_failing_MET': [0.0, 0.0], '1100_1090_min_MET_pt': [10000000.0, 10000000.0], '1100_1085': [0.0, 1081.0], '1100_1085_passing_MET': [0.0, 1052.0], '1100_1085_failing_MET': [0.0, 29.0], '1100_1085_min_MET_pt': [10000000.0, 60.488643646240234], '1100_1080': [0.0, 0.0], '1100_1080_passing_MET': [0.0, 0.0], '1100_1080_failing_MET': [0.0, 0.0], '1100_1080_min_MET_pt': [10000000.0, 10000000.0], '1100_1075': [0.0, 0.0], '1100_1075_passing_MET': [0.0, 0.0], '1100_1075_failing_MET': [0.0, 0.0], '1100_1075_min_MET_pt': [10000000.0, 10000000.0], '1100_1070': [0.0, 0.0], '1100_1070_passing_MET': [0.0, 0.0], '1100_1070_failing_MET': [0.0, 0.0], '1100_1070_min_MET_pt': [10000000.0, 10000000.0], 'nEventsTotal': 126268.0, 'strange masspoints': 0.0, 'orphans': 0.0, 'R-hadron event': 0.0, 'different stop antistop masses': 0.0, 'strange error': 0.0, 'strange event': 0.0, 'different neutralino masses': 11261.0, 'large differences': 0.0, '526_500': [0.0, 999.0], '526_500_passing_MET': [0.0, 957.0], '526_500_failing_MET': [0.0, 42.0], '526_500_min_MET_pt': [10000000.0, 32.81209945678711], '1024_995': [1030.0, 0.0], '1024_995_passing_MET': [1003.0, 0.0], '1024_995_failing_MET': [27.0, 0.0], '1024_995_min_MET_pt': [44.3681640625, 10000000.0], '1024_996': [199.0, 0.0], '1024_996_passing_MET': [193.0, 0.0], '1024_996_failing_MET': [6.0, 0.0], '1024_996_min_MET_pt': [41.69239807128906, 10000000.0], '726_715': [0.0, 4640.0], '726_715_passing_MET': [0.0, 4532.0], '726_715_failing_MET': [0.0, 108.0], '726_715_min_MET_pt': [10000000.0, 31.782257080078125], '726_716': [0.0, 501.0], '726_716_passing_MET': [0.0, 488.0], '726_716_failing_MET': [0.0, 13.0], '726_716_min_MET_pt': [10000000.0, 37.018619537353516], '526_515': [1748.0, 1774.0], '526_515_passing_MET': [1710.0, 1718.0], '526_515_failing_MET': [38.0, 56.0], '526_515_min_MET_pt': [43.61719512939453, 15.051807403564453], '526_516': [169.0, 186.0], '526_516_passing_MET': [160.0, 180.0], '526_516_failing_MET': [9.0, 6.0], '526_516_min_MET_pt': [65.5401840209961, 39.63416290283203], '576_565': [929.0, 861.0], '576_565_passing_MET': [911.0, 842.0], '576_565_failing_MET': [18.0, 19.0], '576_565_min_MET_pt': [48.240577697753906, 20.72998809814453], '576_566': [94.0, 79.0], '576_566_passing_MET': [92.0, 77.0], '576_566_failing_MET': [2.0, 2.0], '576_566_min_MET_pt': [66.15782165527344, 90.37316131591797], '650_636': [359.0, 0.0], '650_636_passing_MET': [351.0, 0.0], '650_636_failing_MET': [8.0, 0.0], '650_636_min_MET_pt': [37.990196228027344, 10000000.0], '676_655': [0.0, 884.0], '676_655_passing_MET': [0.0, 859.0], '676_655_failing_MET': [0.0, 25.0], '676_655_min_MET_pt': [10000000.0, 48.22613525390625], '676_656': [0.0, 134.0], '676_656_passing_MET': [0.0, 126.0], '676_656_failing_MET': [0.0, 8.0], '676_656_min_MET_pt': [10000000.0, 60.07855987548828], '1076_1065': [0.0, 2085.0], '1076_1065_passing_MET': [0.0, 2027.0], '1076_1065_failing_MET': [0.0, 58.0], '1076_1065_min_MET_pt': [10000000.0, 29.567033767700195], '1076_1064': [0.0, 198.0], '1076_1064_passing_MET': [0.0, 196.0], '1076_1064_failing_MET': [0.0, 2.0], '1076_1064_min_MET_pt': [10000000.0, 94.91365814208984], '1100_1092': [106.0, 100.0], '1100_1092_passing_MET': [102.0, 97.0], '1100_1092_failing_MET': [4.0, 3.0], '1100_1092_min_MET_pt': [85.08003234863281, 59.22904586791992], '876_865': [998.0, 984.0], '876_865_passing_MET': [970.0, 957.0], '876_865_failing_MET': [28.0, 27.0], '876_865_min_MET_pt': [12.4302978515625, 15.591198921203613], '876_866': [87.0, 124.0], '876_866_passing_MET': [87.0, 122.0], '876_866_failing_MET': [0.0, 2.0], '876_866_min_MET_pt': [123.91576385498047, 78.84587860107422], '626_605': [907.0, 0.0], '626_605_passing_MET': [883.0, 0.0], '626_605_failing_MET': [24.0, 0.0], '626_605_min_MET_pt': [1.1558966636657715, 10000000.0], '626_606': [149.0, 0.0], '626_606_passing_MET': [141.0, 0.0], '626_606_failing_MET': [8.0, 0.0], '626_606_min_MET_pt': [59.84016799926758, 10000000.0], '626_615': [881.0, 0.0], '626_615_passing_MET': [860.0, 0.0], '626_615_failing_MET': [21.0, 0.0], '626_615_min_MET_pt': [35.03012466430664, 10000000.0], '626_616': [86.0, 0.0], '626_616_passing_MET': [86.0, 0.0], '626_616_failing_MET': [0.0, 0.0], '626_616_min_MET_pt': [104.626708984375, 10000000.0], '900_886': [0.0, 294.0], '900_886_passing_MET': [0.0, 282.0], '900_886_failing_MET': [0.0, 12.0], '900_886_min_MET_pt': [10000000.0, 57.80766296386719], '750_736': [136.0, 0.0], '750_736_passing_MET': [130.0, 0.0], '750_736_failing_MET': [6.0, 0.0], '750_736_min_MET_pt': [75.35382843017578, 10000000.0], '926_915': [945.0, 1025.0], '926_915_passing_MET': [916.0, 1001.0], '926_915_failing_MET': [29.0, 24.0], '926_915_min_MET_pt': [40.59869384765625, 10.003037452697754], '926_916': [110.0, 112.0], '926_916_passing_MET': [108.0, 110.0], '926_916_failing_MET': [2.0, 2.0], '926_916_min_MET_pt': [80.7036361694336, 49.27215576171875], '1000_986': [0.0, 136.0], '1000_986_passing_MET': [0.0, 134.0], '1000_986_failing_MET': [0.0, 2.0], '1000_986_min_MET_pt': [10000000.0, 97.83907318115234], '600_576': [0.0, 172.0], '600_576_passing_MET': [0.0, 169.0], '600_576_failing_MET': [0.0, 3.0], '600_576_min_MET_pt': [10000000.0, 77.35984802246094], '1100_1084': [0.0, 143.0], '1100_1084_passing_MET': [0.0, 141.0], '1100_1084_failing_MET': [0.0, 2.0], '1100_1084_min_MET_pt': [10000000.0, 68.5252914428711], '1024_1015': [1000.0, 0.0], '1024_1015_passing_MET': [979.0, 0.0], '1024_1015_failing_MET': [21.0, 0.0], '1024_1015_min_MET_pt': [19.652889251708984, 10000000.0], '1024_1016': [98.0, 0.0], '1024_1016_passing_MET': [94.0, 0.0], '1024_1016_failing_MET': [4.0, 0.0], '1024_1016_min_MET_pt': [72.2918930053711, 10000000.0], '826_815': [1963.0, 1948.0], '826_815_passing_MET': [1911.0, 1904.0], '826_815_failing_MET': [52.0, 44.0], '826_815_min_MET_pt': [24.31902313232422, 15.6472806930542], '826_816': [208.0, 194.0], '826_816_passing_MET': [203.0, 192.0], '826_816_failing_MET': [5.0, 2.0], '826_816_min_MET_pt': [18.35112953186035, 86.86677551269531], '776_760': [1073.0, 0.0], '776_760_passing_MET': [1048.0, 0.0], '776_760_failing_MET': [25.0, 0.0], '776_760_min_MET_pt': [13.64849853515625, 10000000.0], '1076_1056': [0.0, 172.0], '1076_1056_passing_MET': [0.0, 169.0], '1076_1056_failing_MET': [0.0, 3.0], '1076_1056_min_MET_pt': [10000000.0, 75.77916717529297], '1076_1055': [0.0, 944.0], '1076_1055_passing_MET': [0.0, 918.0], '1076_1055_failing_MET': [0.0, 26.0], '1076_1055_min_MET_pt': [10000000.0, 10.179081916809082], '526_505': [0.0, 1001.0], '526_505_passing_MET': [0.0, 965.0], '526_505_failing_MET': [0.0, 36.0], '526_505_min_MET_pt': [10000000.0, 49.85694122314453], '976_965': [0.0, 990.0], '976_965_passing_MET': [0.0, 975.0], '976_965_failing_MET': [0.0, 15.0], '976_965_min_MET_pt': [10000000.0, 24.324275970458984], '976_966': [0.0, 112.0], '976_966_passing_MET': [0.0, 109.0], '976_966_failing_MET': [0.0, 3.0], '976_966_min_MET_pt': [10000000.0, 60.360782623291016], '776_766': [102.0, 0.0], '776_766_passing_MET': [98.0, 0.0], '776_766_failing_MET': [4.0, 0.0], '776_766_min_MET_pt': [15.533408164978027, 10000000.0], '776_765': [962.0, 0.0], '776_765_passing_MET': [938.0, 0.0], '776_765_failing_MET': [24.0, 0.0], '776_765_min_MET_pt': [18.282520294189453, 10000000.0], '1076_1045': [0.0, 1028.0], '1076_1045_passing_MET': [0.0, 990.0], '1076_1045_failing_MET': [0.0, 38.0], '1076_1045_min_MET_pt': [10000000.0, 23.35490608215332], '1076_1044': [0.0, 177.0], '1076_1044_passing_MET': [0.0, 173.0], '1076_1044_failing_MET': [0.0, 4.0], '1076_1044_min_MET_pt': [10000000.0, 51.34526824951172], '726_705': [942.0, 0.0], '726_705_passing_MET': [914.0, 0.0], '726_705_failing_MET': [28.0, 0.0], '726_705_min_MET_pt': [29.32151985168457, 10000000.0], '726_706': [169.0, 0.0], '726_706_passing_MET': [164.0, 0.0], '726_706_failing_MET': [5.0, 0.0], '726_706_min_MET_pt': [85.34192657470703, 10000000.0], '626_600': [1083.0, 0.0], '626_600_passing_MET': [1041.0, 0.0], '626_600_failing_MET': [42.0, 0.0], '626_600_min_MET_pt': [29.473495483398438, 10000000.0], '550_536': [254.0, 0.0], '550_536_passing_MET': [250.0, 0.0], '550_536_failing_MET': [4.0, 0.0], '550_536_min_MET_pt': [90.30340576171875, 10000000.0], '676_660': [2110.0, 0.0], '676_660_passing_MET': [2060.0, 0.0], '676_660_failing_MET': [50.0, 0.0], '676_660_min_MET_pt': [11.37900161743164, 10000000.0], '676_665': [0.0, 923.0], '676_665_passing_MET': [0.0, 901.0], '676_665_failing_MET': [0.0, 22.0], '676_665_min_MET_pt': [10000000.0, 30.625905990600586], '676_666': [0.0, 97.0], '676_666_passing_MET': [0.0, 97.0], '676_666_failing_MET': [0.0, 0.0], '676_666_min_MET_pt': [10000000.0, 100.23994445800781], '800_776': [190.0, 0.0], '800_776_passing_MET': [185.0, 0.0], '800_776_failing_MET': [5.0, 0.0], '800_776_min_MET_pt': [65.98683166503906, 10000000.0], '876_855': [964.0, 0.0], '876_855_passing_MET': [938.0, 0.0], '876_855_failing_MET': [26.0, 0.0], '876_855_min_MET_pt': [36.471473693847656, 10000000.0], '876_856': [160.0, 0.0], '876_856_passing_MET': [157.0, 0.0], '876_856_failing_MET': [3.0, 0.0], '876_856_min_MET_pt': [80.24776458740234, 10000000.0], '876_845': [968.0, 0.0], '876_845_passing_MET': [936.0, 0.0], '876_845_failing_MET': [32.0, 0.0], '876_845_min_MET_pt': [23.496828079223633, 10000000.0], '876_846': [201.0, 0.0], '876_846_passing_MET': [193.0, 0.0], '876_846_failing_MET': [8.0, 0.0], '876_846_min_MET_pt': [48.17962646484375, 10000000.0], '1024_1005': [0.0, 1015.0], '1024_1005_passing_MET': [0.0, 1001.0], '1024_1005_failing_MET': [0.0, 14.0], '1024_1005_min_MET_pt': [10000000.0, 34.99073028564453], '1024_1006': [0.0, 177.0], '1024_1006_passing_MET': [0.0, 170.0], '1024_1006_failing_MET': [0.0, 7.0], '1024_1006_min_MET_pt': [10000000.0, 57.86649703979492], '876_860': [0.0, 1118.0], '876_860_passing_MET': [0.0, 1094.0], '876_860_failing_MET': [0.0, 24.0], '876_860_min_MET_pt': [10000000.0, 59.21816635131836], '826_795': [976.0, 0.0], '826_795_passing_MET': [939.0, 0.0], '826_795_failing_MET': [37.0, 0.0], '826_795_min_MET_pt': [50.90127944946289, 10000000.0], '826_796': [175.0, 0.0], '826_796_passing_MET': [169.0, 0.0], '826_796_failing_MET': [6.0, 0.0], '826_796_min_MET_pt': [44.992061614990234, 10000000.0], '726_696': [0.0, 212.0], '726_696_passing_MET': [0.0, 203.0], '726_696_failing_MET': [0.0, 9.0], '726_696_min_MET_pt': [10000000.0, 67.24396514892578], '726_695': [0.0, 916.0], '726_695_passing_MET': [0.0, 886.0], '726_695_failing_MET': [0.0, 30.0], '726_695_min_MET_pt': [10000000.0, 48.61297607421875], '600_586': [0.0, 126.0], '600_586_passing_MET': [0.0, 118.0], '600_586_failing_MET': [0.0, 8.0], '600_586_min_MET_pt': [10000000.0, 55.194358825683594], '526_510': [934.0, 0.0], '526_510_passing_MET': [912.0, 0.0], '526_510_failing_MET': [22.0, 0.0], '526_510_min_MET_pt': [52.53608322143555, 10000000.0], '576_560': [988.0, 0.0], '576_560_passing_MET': [954.0, 0.0], '576_560_failing_MET': [34.0, 0.0], '576_560_min_MET_pt': [32.177040100097656, 10000000.0]}
nevents_from_dict =  3590233793.4471097
Results saved to /afs/cern.ch/work/m/mleoncoe/private/stop_met_check/outputs_2018/nanoAOD_480.json
done
