i am in this directory
/pool/condor/dir_2631997
Python 3.9.23
3.9.23
 will run this python stop_check_met_eff.py /eos/user/m/mleoncoe/stop_event_check/privateNanoAod2018/nanoAOD_255.root /afs/cern.ch/work/m/mleoncoe/private/stop_met_check/outputs_2018/nanoAOD_255.json
event num1000
event num2000
event num3000
event num4000
event num5000
event num6000
event num7000
R-hadrond found
R-hadrond found
event num8000
event num9000
event num10000
event num11000
event num12000
event num13000
event num14000
event num15000
event num16000
event num17000
event num18000
event num19000
event num20000
event num21000
event num22000
event num23000
event num24000
event num25000
event num26000
event num27000
event num28000
event num29000
event num30000
event num31000
event num32000
event num33000
event num34000
event num35000
event num36000
event num37000
event num38000
event num39000
event num40000
event num41000
event num42000
event num43000
event num44000
event num45000
event num46000
event num47000
event num48000
event num49000
event num50000
event num51000
event num52000
event num53000
event num54000
event num55000
event num56000
event num57000
event num58000
event num59000
event num60000
event num61000
event num62000
event num63000
event num64000
event num65000
event num66000
event num67000
event num68000
event num69000
event num70000
event num71000
event num72000
event num73000
event num74000
event num75000
event num76000
event num77000
event num78000
event num79000
event num80000
event num81000
event num82000
event num83000
event num84000
event num85000
event num86000
event num87000
event num88000
event num89000
event num90000
event num91000
event num92000
event num93000
event num94000
event num95000
event num96000
event num97000
event num98000
event num99000
event num100000
event num101000
event num102000
event num103000
event num104000
event num105000
event num106000
event num107000
event num108000
event num109000
event num110000
event num111000
event num112000
event num113000
event num114000
event num115000
event num116000
event num117000
event num118000
event num119000
event num120000
event num121000
event num122000
event num123000
event num124000
event num125000
event num126000
event num127000
event num128000
event num129000
event num130000
event num131000
event num132000
event num133000
event num134000
event num135000
event num136000
event num137000
event num138000
event num139000
event num140000
event num141000
event num142000
event num143000
event num144000
event num145000
event num146000
event num147000
event num148000
event num149000
event num150000
event num151000
{'250_240': [0.0, 705.0], '250_240_passing_MET': [0.0, 684.0], '250_240_failing_MET': [0.0, 21.0], '250_240_min_MET_pt': [10000000.0, 42.88732147216797], '250_235': [0.0, 0.0], '250_235_passing_MET': [0.0, 0.0], '250_235_failing_MET': [0.0, 0.0], '250_235_min_MET_pt': [10000000.0, 10000000.0], '250_230': [765.0, 0.0], '250_230_passing_MET': [724.0, 0.0], '250_230_failing_MET': [41.0, 0.0], '250_230_min_MET_pt': [31.271595001220703, 10000000.0], '250_225': [734.0, 0.0], '250_225_passing_MET': [693.0, 0.0], '250_225_failing_MET': [41.0, 0.0], '250_225_min_MET_pt': [16.969528198242188, 10000000.0], '250_220': [0.0, 0.0], '250_220_passing_MET': [0.0, 0.0], '250_220_failing_MET': [0.0, 0.0], '250_220_min_MET_pt': [10000000.0, 10000000.0], '275_265': [0.0, 0.0], '275_265_passing_MET': [0.0, 0.0], '275_265_failing_MET': [0.0, 0.0], '275_265_min_MET_pt': [10000000.0, 10000000.0], '275_260': [0.0, 0.0], '275_260_passing_MET': [0.0, 0.0], '275_260_failing_MET': [0.0, 0.0], '275_260_min_MET_pt': [10000000.0, 10000000.0], '275_255': [0.0, 753.0], '275_255_passing_MET': [0.0, 725.0], '275_255_failing_MET': [0.0, 28.0], '275_255_min_MET_pt': [10000000.0, 22.690717697143555], '275_250': [757.0, 0.0], '275_250_passing_MET': [724.0, 0.0], '275_250_failing_MET': [33.0, 0.0], '275_250_min_MET_pt': [14.95535659790039, 10000000.0], '275_245': [0.0, 802.0], '275_245_passing_MET': [0.0, 761.0], '275_245_failing_MET': [0.0, 41.0], '275_245_min_MET_pt': [10000000.0, 12.804551124572754], '300_290': [783.0, 1479.0], '300_290_passing_MET': [0.0, 0.0], '300_290_failing_MET': [0.0, 0.0], '300_290_min_MET_pt': [10000000.0, 10000000.0], '300_285': [0.0, 0.0], '300_285_passing_MET': [0.0, 0.0], '300_285_failing_MET': [0.0, 0.0], '300_285_min_MET_pt': [10000000.0, 10000000.0], '300_280': [0.0, 0.0], '300_280_passing_MET': [0.0, 0.0], '300_280_failing_MET': [0.0, 0.0], '300_280_min_MET_pt': [10000000.0, 10000000.0], '300_275': [0.0, 0.0], '300_275_passing_MET': [0.0, 0.0], '300_275_failing_MET': [0.0, 0.0], '300_275_min_MET_pt': [10000000.0, 10000000.0], '300_270': [0.0, 870.0], '300_270_passing_MET': [0.0, 827.0], '300_270_failing_MET': [0.0, 43.0], '300_270_min_MET_pt': [10000000.0, 21.81057357788086], '325_315': [1612.0, 834.0], '325_315_passing_MET': [0.0, 0.0], '325_315_failing_MET': [0.0, 0.0], '325_315_min_MET_pt': [10000000.0, 10000000.0], '325_310': [0.0, 0.0], '325_310_passing_MET': [0.0, 0.0], '325_310_failing_MET': [0.0, 0.0], '325_310_min_MET_pt': [10000000.0, 10000000.0], '325_305': [0.0, 0.0], '325_305_passing_MET': [0.0, 0.0], '325_305_failing_MET': [0.0, 0.0], '325_305_min_MET_pt': [10000000.0, 10000000.0], '325_300': [0.0, 0.0], '325_300_passing_MET': [0.0, 0.0], '325_300_failing_MET': [0.0, 0.0], '325_300_min_MET_pt': [10000000.0, 10000000.0], '325_295': [0.0, 0.0], '325_295_passing_MET': [0.0, 0.0], '325_295_failing_MET': [0.0, 0.0], '325_295_min_MET_pt': [10000000.0, 10000000.0], '350_340': [2495.0, 779.0], '350_340_passing_MET': [0.0, 0.0], '350_340_failing_MET': [0.0, 0.0], '350_340_min_MET_pt': [10000000.0, 10000000.0], '350_335': [887.0, 877.0], '350_335_passing_MET': [0.0, 0.0], '350_335_failing_MET': [0.0, 0.0], '350_335_min_MET_pt': [10000000.0, 10000000.0], '350_330': [0.0, 0.0], '350_330_passing_MET': [0.0, 0.0], '350_330_failing_MET': [0.0, 0.0], '350_330_min_MET_pt': [10000000.0, 10000000.0], '350_325': [0.0, 0.0], '350_325_passing_MET': [0.0, 0.0], '350_325_failing_MET': [0.0, 0.0], '350_325_min_MET_pt': [10000000.0, 10000000.0], '350_320': [0.0, 0.0], '350_320_passing_MET': [0.0, 0.0], '350_320_failing_MET': [0.0, 0.0], '350_320_min_MET_pt': [10000000.0, 10000000.0], '375_365': [1767.0, 816.0], '375_365_passing_MET': [0.0, 0.0], '375_365_failing_MET': [0.0, 0.0], '375_365_min_MET_pt': [10000000.0, 10000000.0], '375_360': [0.0, 846.0], '375_360_passing_MET': [0.0, 824.0], '375_360_failing_MET': [0.0, 22.0], '375_360_min_MET_pt': [10000000.0, 43.0389404296875], '375_355': [0.0, 0.0], '375_355_passing_MET': [0.0, 0.0], '375_355_failing_MET': [0.0, 0.0], '375_355_min_MET_pt': [10000000.0, 10000000.0], '375_350': [937.0, 0.0], '375_350_passing_MET': [906.0, 0.0], '375_350_failing_MET': [31.0, 0.0], '375_350_min_MET_pt': [21.8306827545166, 10000000.0], '375_345': [0.0, 0.0], '375_345_passing_MET': [0.0, 0.0], '375_345_failing_MET': [0.0, 0.0], '375_345_min_MET_pt': [10000000.0, 10000000.0], '400_390': [887.0, 873.0], '400_390_passing_MET': [0.0, 0.0], '400_390_failing_MET': [0.0, 0.0], '400_390_min_MET_pt': [10000000.0, 10000000.0], '400_385': [919.0, 0.0], '400_385_passing_MET': [886.0, 0.0], '400_385_failing_MET': [33.0, 0.0], '400_385_min_MET_pt': [25.04599952697754, 10000000.0], '400_380': [0.0, 0.0], '400_380_passing_MET': [0.0, 0.0], '400_380_failing_MET': [0.0, 0.0], '400_380_min_MET_pt': [10000000.0, 10000000.0], '400_375': [937.0, 0.0], '400_375_passing_MET': [905.0, 0.0], '400_375_failing_MET': [32.0, 0.0], '400_375_min_MET_pt': [34.522735595703125, 10000000.0], '400_370': [947.0, 0.0], '400_370_passing_MET': [911.0, 0.0], '400_370_failing_MET': [36.0, 0.0], '400_370_min_MET_pt': [49.987693786621094, 10000000.0], '425_415': [3576.0, 0.0], '425_415_passing_MET': [3462.0, 0.0], '425_415_failing_MET': [114.0, 0.0], '425_415_min_MET_pt': [28.913585662841797, 10000000.0], '425_410': [0.0, 0.0], '425_410_passing_MET': [0.0, 0.0], '425_410_failing_MET': [0.0, 0.0], '425_410_min_MET_pt': [10000000.0, 10000000.0], '425_405': [0.0, 0.0], '425_405_passing_MET': [0.0, 0.0], '425_405_failing_MET': [0.0, 0.0], '425_405_min_MET_pt': [10000000.0, 10000000.0], '425_400': [0.0, 0.0], '425_400_passing_MET': [0.0, 0.0], '425_400_failing_MET': [0.0, 0.0], '425_400_min_MET_pt': [10000000.0, 10000000.0], '425_395': [0.0, 0.0], '425_395_passing_MET': [0.0, 0.0], '425_395_failing_MET': [0.0, 0.0], '425_395_min_MET_pt': [10000000.0, 10000000.0], '450_440': [857.0, 907.0], '450_440_passing_MET': [0.0, 0.0], '450_440_failing_MET': [0.0, 0.0], '450_440_min_MET_pt': [10000000.0, 10000000.0], '450_435': [0.0, 0.0], '450_435_passing_MET': [0.0, 0.0], '450_435_failing_MET': [0.0, 0.0], '450_435_min_MET_pt': [10000000.0, 10000000.0], '450_430': [0.0, 0.0], '450_430_passing_MET': [0.0, 0.0], '450_430_failing_MET': [0.0, 0.0], '450_430_min_MET_pt': [10000000.0, 10000000.0], '450_425': [0.0, 0.0], '450_425_passing_MET': [0.0, 0.0], '450_425_failing_MET': [0.0, 0.0], '450_425_min_MET_pt': [10000000.0, 10000000.0], '450_420': [0.0, 0.0], '450_420_passing_MET': [0.0, 0.0], '450_420_failing_MET': [0.0, 0.0], '450_420_min_MET_pt': [10000000.0, 10000000.0], '475_465': [0.0, 924.0], '475_465_passing_MET': [0.0, 896.0], '475_465_failing_MET': [0.0, 28.0], '475_465_min_MET_pt': [10000000.0, 37.43121337890625], '475_460': [0.0, 929.0], '475_460_passing_MET': [0.0, 900.0], '475_460_failing_MET': [0.0, 29.0], '475_460_min_MET_pt': [10000000.0, 27.203969955444336], '475_455': [0.0, 0.0], '475_455_passing_MET': [0.0, 0.0], '475_455_failing_MET': [0.0, 0.0], '475_455_min_MET_pt': [10000000.0, 10000000.0], '475_450': [1004.0, 0.0], '475_450_passing_MET': [973.0, 0.0], '475_450_failing_MET': [31.0, 0.0], '475_450_min_MET_pt': [29.034996032714844, 10000000.0], '475_445': [0.0, 0.0], '475_445_passing_MET': [0.0, 0.0], '475_445_failing_MET': [0.0, 0.0], '475_445_min_MET_pt': [10000000.0, 10000000.0], '500_490': [2863.0, 1937.0], '500_490_passing_MET': [0.0, 0.0], '500_490_failing_MET': [0.0, 0.0], '500_490_min_MET_pt': [10000000.0, 10000000.0], '500_485': [0.0, 0.0], '500_485_passing_MET': [0.0, 0.0], '500_485_failing_MET': [0.0, 0.0], '500_485_min_MET_pt': [10000000.0, 10000000.0], '500_480': [975.0, 1033.0], '500_480_passing_MET': [0.0, 0.0], '500_480_failing_MET': [0.0, 0.0], '500_480_min_MET_pt': [10000000.0, 10000000.0], '500_475': [0.0, 0.0], '500_475_passing_MET': [0.0, 0.0], '500_475_failing_MET': [0.0, 0.0], '500_475_min_MET_pt': [10000000.0, 10000000.0], '500_470': [0.0, 0.0], '500_470_passing_MET': [0.0, 0.0], '500_470_failing_MET': [0.0, 0.0], '500_470_min_MET_pt': [10000000.0, 10000000.0], '525_515': [0.0, 0.0], '525_515_passing_MET': [0.0, 0.0], '525_515_failing_MET': [0.0, 0.0], '525_515_min_MET_pt': [10000000.0, 10000000.0], '525_510': [0.0, 0.0], '525_510_passing_MET': [0.0, 0.0], '525_510_failing_MET': [0.0, 0.0], '525_510_min_MET_pt': [10000000.0, 10000000.0], '525_505': [0.0, 0.0], '525_505_passing_MET': [0.0, 0.0], '525_505_failing_MET': [0.0, 0.0], '525_505_min_MET_pt': [10000000.0, 10000000.0], '525_500': [0.0, 0.0], '525_500_passing_MET': [0.0, 0.0], '525_500_failing_MET': [0.0, 0.0], '525_500_min_MET_pt': [10000000.0, 10000000.0], '525_495': [0.0, 0.0], '525_495_passing_MET': [0.0, 0.0], '525_495_failing_MET': [0.0, 0.0], '525_495_min_MET_pt': [10000000.0, 10000000.0], '550_540': [949.0, 2003.0], '550_540_passing_MET': [0.0, 0.0], '550_540_failing_MET': [0.0, 0.0], '550_540_min_MET_pt': [10000000.0, 10000000.0], '550_535': [0.0, 857.0], '550_535_passing_MET': [0.0, 829.0], '550_535_failing_MET': [0.0, 28.0], '550_535_min_MET_pt': [10000000.0, 45.979305267333984], '550_530': [1033.0, 0.0], '550_530_passing_MET': [1008.0, 0.0], '550_530_failing_MET': [25.0, 0.0], '550_530_min_MET_pt': [37.25986099243164, 10000000.0], '550_525': [0.0, 0.0], '550_525_passing_MET': [0.0, 0.0], '550_525_failing_MET': [0.0, 0.0], '550_525_min_MET_pt': [10000000.0, 10000000.0], '550_520': [0.0, 0.0], '550_520_passing_MET': [0.0, 0.0], '550_520_failing_MET': [0.0, 0.0], '550_520_min_MET_pt': [10000000.0, 10000000.0], '575_565': [0.0, 0.0], '575_565_passing_MET': [0.0, 0.0], '575_565_failing_MET': [0.0, 0.0], '575_565_min_MET_pt': [10000000.0, 10000000.0], '575_560': [0.0, 0.0], '575_560_passing_MET': [0.0, 0.0], '575_560_failing_MET': [0.0, 0.0], '575_560_min_MET_pt': [10000000.0, 10000000.0], '575_555': [0.0, 0.0], '575_555_passing_MET': [0.0, 0.0], '575_555_failing_MET': [0.0, 0.0], '575_555_min_MET_pt': [10000000.0, 10000000.0], '575_550': [0.0, 0.0], '575_550_passing_MET': [0.0, 0.0], '575_550_failing_MET': [0.0, 0.0], '575_550_min_MET_pt': [10000000.0, 10000000.0], '575_545': [0.0, 0.0], '575_545_passing_MET': [0.0, 0.0], '575_545_failing_MET': [0.0, 0.0], '575_545_min_MET_pt': [10000000.0, 10000000.0], '600_590': [4064.0, 1007.0], '600_590_passing_MET': [0.0, 0.0], '600_590_failing_MET': [0.0, 0.0], '600_590_min_MET_pt': [10000000.0, 10000000.0], '600_585': [0.0, 0.0], '600_585_passing_MET': [0.0, 0.0], '600_585_failing_MET': [0.0, 0.0], '600_585_min_MET_pt': [10000000.0, 10000000.0], '600_580': [0.0, 0.0], '600_580_passing_MET': [0.0, 0.0], '600_580_failing_MET': [0.0, 0.0], '600_580_min_MET_pt': [10000000.0, 10000000.0], '600_575': [920.0, 0.0], '600_575_passing_MET': [887.0, 0.0], '600_575_failing_MET': [33.0, 0.0], '600_575_min_MET_pt': [9.525646209716797, 10000000.0], '600_570': [0.0, 0.0], '600_570_passing_MET': [0.0, 0.0], '600_570_failing_MET': [0.0, 0.0], '600_570_min_MET_pt': [10000000.0, 10000000.0], '625_615': [0.0, 0.0], '625_615_passing_MET': [0.0, 0.0], '625_615_failing_MET': [0.0, 0.0], '625_615_min_MET_pt': [10000000.0, 10000000.0], '625_610': [0.0, 0.0], '625_610_passing_MET': [0.0, 0.0], '625_610_failing_MET': [0.0, 0.0], '625_610_min_MET_pt': [10000000.0, 10000000.0], '625_605': [0.0, 0.0], '625_605_passing_MET': [0.0, 0.0], '625_605_failing_MET': [0.0, 0.0], '625_605_min_MET_pt': [10000000.0, 10000000.0], '625_600': [0.0, 0.0], '625_600_passing_MET': [0.0, 0.0], '625_600_failing_MET': [0.0, 0.0], '625_600_min_MET_pt': [10000000.0, 10000000.0], '625_595': [0.0, 0.0], '625_595_passing_MET': [0.0, 0.0], '625_595_failing_MET': [0.0, 0.0], '625_595_min_MET_pt': [10000000.0, 10000000.0], '650_640': [0.0, 0.0], '650_640_passing_MET': [0.0, 0.0], '650_640_failing_MET': [0.0, 0.0], '650_640_min_MET_pt': [10000000.0, 10000000.0], '650_635': [0.0, 0.0], '650_635_passing_MET': [0.0, 0.0], '650_635_failing_MET': [0.0, 0.0], '650_635_min_MET_pt': [10000000.0, 10000000.0], '650_630': [1055.0, 1114.0], '650_630_passing_MET': [0.0, 0.0], '650_630_failing_MET': [0.0, 0.0], '650_630_min_MET_pt': [10000000.0, 10000000.0], '650_625': [0.0, 0.0], '650_625_passing_MET': [0.0, 0.0], '650_625_failing_MET': [0.0, 0.0], '650_625_min_MET_pt': [10000000.0, 10000000.0], '650_620': [1154.0, 0.0], '650_620_passing_MET': [1108.0, 0.0], '650_620_failing_MET': [46.0, 0.0], '650_620_min_MET_pt': [30.128948211669922, 10000000.0], '675_665': [0.0, 0.0], '675_665_passing_MET': [0.0, 0.0], '675_665_failing_MET': [0.0, 0.0], '675_665_min_MET_pt': [10000000.0, 10000000.0], '675_660': [0.0, 0.0], '675_660_passing_MET': [0.0, 0.0], '675_660_failing_MET': [0.0, 0.0], '675_660_min_MET_pt': [10000000.0, 10000000.0], '675_655': [0.0, 0.0], '675_655_passing_MET': [0.0, 0.0], '675_655_failing_MET': [0.0, 0.0], '675_655_min_MET_pt': [10000000.0, 10000000.0], '675_650': [0.0, 0.0], '675_650_passing_MET': [0.0, 0.0], '675_650_failing_MET': [0.0, 0.0], '675_650_min_MET_pt': [10000000.0, 10000000.0], '675_645': [0.0, 0.0], '675_645_passing_MET': [0.0, 0.0], '675_645_failing_MET': [0.0, 0.0], '675_645_min_MET_pt': [10000000.0, 10000000.0], '700_690': [2079.0, 2136.0], '700_690_passing_MET': [0.0, 0.0], '700_690_failing_MET': [0.0, 0.0], '700_690_min_MET_pt': [10000000.0, 10000000.0], '700_685': [0.0, 0.0], '700_685_passing_MET': [0.0, 0.0], '700_685_failing_MET': [0.0, 0.0], '700_685_min_MET_pt': [10000000.0, 10000000.0], '700_680': [0.0, 0.0], '700_680_passing_MET': [0.0, 0.0], '700_680_failing_MET': [0.0, 0.0], '700_680_min_MET_pt': [10000000.0, 10000000.0], '700_675': [1848.0, 0.0], '700_675_passing_MET': [1795.0, 0.0], '700_675_failing_MET': [53.0, 0.0], '700_675_min_MET_pt': [23.909860610961914, 10000000.0], '700_670': [0.0, 0.0], '700_670_passing_MET': [0.0, 0.0], '700_670_failing_MET': [0.0, 0.0], '700_670_min_MET_pt': [10000000.0, 10000000.0], '725_715': [0.0, 0.0], '725_715_passing_MET': [0.0, 0.0], '725_715_failing_MET': [0.0, 0.0], '725_715_min_MET_pt': [10000000.0, 10000000.0], '725_710': [0.0, 0.0], '725_710_passing_MET': [0.0, 0.0], '725_710_failing_MET': [0.0, 0.0], '725_710_min_MET_pt': [10000000.0, 10000000.0], '725_705': [0.0, 0.0], '725_705_passing_MET': [0.0, 0.0], '725_705_failing_MET': [0.0, 0.0], '725_705_min_MET_pt': [10000000.0, 10000000.0], '725_700': [0.0, 0.0], '725_700_passing_MET': [0.0, 0.0], '725_700_failing_MET': [0.0, 0.0], '725_700_min_MET_pt': [10000000.0, 10000000.0], '725_695': [0.0, 0.0], '725_695_passing_MET': [0.0, 0.0], '725_695_failing_MET': [0.0, 0.0], '725_695_min_MET_pt': [10000000.0, 10000000.0], '750_740': [1056.0, 1096.0], '750_740_passing_MET': [0.0, 0.0], '750_740_failing_MET': [0.0, 0.0], '750_740_min_MET_pt': [10000000.0, 10000000.0], '750_735': [0.0, 947.0], '750_735_passing_MET': [0.0, 925.0], '750_735_failing_MET': [0.0, 22.0], '750_735_min_MET_pt': [10000000.0, 44.84736251831055], '750_730': [0.0, 0.0], '750_730_passing_MET': [0.0, 0.0], '750_730_failing_MET': [0.0, 0.0], '750_730_min_MET_pt': [10000000.0, 10000000.0], '750_725': [0.0, 0.0], '750_725_passing_MET': [0.0, 0.0], '750_725_failing_MET': [0.0, 0.0], '750_725_min_MET_pt': [10000000.0, 10000000.0], '750_720': [0.0, 0.0], '750_720_passing_MET': [0.0, 0.0], '750_720_failing_MET': [0.0, 0.0], '750_720_min_MET_pt': [10000000.0, 10000000.0], '775_765': [0.0, 0.0], '775_765_passing_MET': [0.0, 0.0], '775_765_failing_MET': [0.0, 0.0], '775_765_min_MET_pt': [10000000.0, 10000000.0], '775_760': [0.0, 0.0], '775_760_passing_MET': [0.0, 0.0], '775_760_failing_MET': [0.0, 0.0], '775_760_min_MET_pt': [10000000.0, 10000000.0], '775_755': [0.0, 0.0], '775_755_passing_MET': [0.0, 0.0], '775_755_failing_MET': [0.0, 0.0], '775_755_min_MET_pt': [10000000.0, 10000000.0], '775_750': [0.0, 0.0], '775_750_passing_MET': [0.0, 0.0], '775_750_failing_MET': [0.0, 0.0], '775_750_min_MET_pt': [10000000.0, 10000000.0], '775_745': [0.0, 0.0], '775_745_passing_MET': [0.0, 0.0], '775_745_failing_MET': [0.0, 0.0], '775_745_min_MET_pt': [10000000.0, 10000000.0], '800_790': [1079.0, 2050.0], '800_790_passing_MET': [0.0, 0.0], '800_790_failing_MET': [0.0, 0.0], '800_790_min_MET_pt': [10000000.0, 10000000.0], '800_785': [996.0, 0.0], '800_785_passing_MET': [975.0, 0.0], '800_785_failing_MET': [21.0, 0.0], '800_785_min_MET_pt': [45.4594841003418, 10000000.0], '800_780': [1111.0, 0.0], '800_780_passing_MET': [1082.0, 0.0], '800_780_failing_MET': [29.0, 0.0], '800_780_min_MET_pt': [20.211946487426758, 10000000.0], '800_775': [932.0, 0.0], '800_775_passing_MET': [906.0, 0.0], '800_775_failing_MET': [26.0, 0.0], '800_775_min_MET_pt': [24.50418472290039, 10000000.0], '800_770': [0.0, 1208.0], '800_770_passing_MET': [0.0, 1169.0], '800_770_failing_MET': [0.0, 39.0], '800_770_min_MET_pt': [10000000.0, 28.03730583190918], '825_815': [0.0, 0.0], '825_815_passing_MET': [0.0, 0.0], '825_815_failing_MET': [0.0, 0.0], '825_815_min_MET_pt': [10000000.0, 10000000.0], '825_810': [0.0, 0.0], '825_810_passing_MET': [0.0, 0.0], '825_810_failing_MET': [0.0, 0.0], '825_810_min_MET_pt': [10000000.0, 10000000.0], '825_805': [0.0, 0.0], '825_805_passing_MET': [0.0, 0.0], '825_805_failing_MET': [0.0, 0.0], '825_805_min_MET_pt': [10000000.0, 10000000.0], '825_800': [0.0, 0.0], '825_800_passing_MET': [0.0, 0.0], '825_800_failing_MET': [0.0, 0.0], '825_800_min_MET_pt': [10000000.0, 10000000.0], '825_795': [0.0, 0.0], '825_795_passing_MET': [0.0, 0.0], '825_795_failing_MET': [0.0, 0.0], '825_795_min_MET_pt': [10000000.0, 10000000.0], '850_840': [0.0, 0.0], '850_840_passing_MET': [0.0, 0.0], '850_840_failing_MET': [0.0, 0.0], '850_840_min_MET_pt': [10000000.0, 10000000.0], '850_835': [0.0, 1002.0], '850_835_passing_MET': [0.0, 979.0], '850_835_failing_MET': [0.0, 23.0], '850_835_min_MET_pt': [10000000.0, 42.751365661621094], '850_830': [1143.0, 0.0], '850_830_passing_MET': [1115.0, 0.0], '850_830_failing_MET': [28.0, 0.0], '850_830_min_MET_pt': [33.35715866088867, 10000000.0], '850_825': [0.0, 1003.0], '850_825_passing_MET': [0.0, 980.0], '850_825_failing_MET': [0.0, 23.0], '850_825_min_MET_pt': [10000000.0, 36.97336959838867], '850_820': [0.0, 1158.0], '850_820_passing_MET': [0.0, 1122.0], '850_820_failing_MET': [0.0, 36.0], '850_820_min_MET_pt': [10000000.0, 4.983347415924072], '875_865': [0.0, 0.0], '875_865_passing_MET': [0.0, 0.0], '875_865_failing_MET': [0.0, 0.0], '875_865_min_MET_pt': [10000000.0, 10000000.0], '875_860': [0.0, 0.0], '875_860_passing_MET': [0.0, 0.0], '875_860_failing_MET': [0.0, 0.0], '875_860_min_MET_pt': [10000000.0, 10000000.0], '875_855': [0.0, 0.0], '875_855_passing_MET': [0.0, 0.0], '875_855_failing_MET': [0.0, 0.0], '875_855_min_MET_pt': [10000000.0, 10000000.0], '875_850': [0.0, 0.0], '875_850_passing_MET': [0.0, 0.0], '875_850_failing_MET': [0.0, 0.0], '875_850_min_MET_pt': [10000000.0, 10000000.0], '875_845': [0.0, 0.0], '875_845_passing_MET': [0.0, 0.0], '875_845_failing_MET': [0.0, 0.0], '875_845_min_MET_pt': [10000000.0, 10000000.0], '900_890': [0.0, 1141.0], '900_890_passing_MET': [0.0, 1117.0], '900_890_failing_MET': [0.0, 24.0], '900_890_min_MET_pt': [10000000.0, 25.429298400878906], '900_885': [0.0, 0.0], '900_885_passing_MET': [0.0, 0.0], '900_885_failing_MET': [0.0, 0.0], '900_885_min_MET_pt': [10000000.0, 10000000.0], '900_880': [0.0, 0.0], '900_880_passing_MET': [0.0, 0.0], '900_880_failing_MET': [0.0, 0.0], '900_880_min_MET_pt': [10000000.0, 10000000.0], '900_875': [991.0, 0.0], '900_875_passing_MET': [974.0, 0.0], '900_875_failing_MET': [17.0, 0.0], '900_875_min_MET_pt': [41.7878303527832, 10000000.0], '900_870': [1183.0, 0.0], '900_870_passing_MET': [1147.0, 0.0], '900_870_failing_MET': [36.0, 0.0], '900_870_min_MET_pt': [42.57743453979492, 10000000.0], '925_915': [0.0, 0.0], '925_915_passing_MET': [0.0, 0.0], '925_915_failing_MET': [0.0, 0.0], '925_915_min_MET_pt': [10000000.0, 10000000.0], '925_910': [0.0, 0.0], '925_910_passing_MET': [0.0, 0.0], '925_910_failing_MET': [0.0, 0.0], '925_910_min_MET_pt': [10000000.0, 10000000.0], '925_905': [0.0, 0.0], '925_905_passing_MET': [0.0, 0.0], '925_905_failing_MET': [0.0, 0.0], '925_905_min_MET_pt': [10000000.0, 10000000.0], '925_900': [0.0, 0.0], '925_900_passing_MET': [0.0, 0.0], '925_900_failing_MET': [0.0, 0.0], '925_900_min_MET_pt': [10000000.0, 10000000.0], '925_895': [0.0, 0.0], '925_895_passing_MET': [0.0, 0.0], '925_895_failing_MET': [0.0, 0.0], '925_895_min_MET_pt': [10000000.0, 10000000.0], '950_940': [0.0, 0.0], '950_940_passing_MET': [0.0, 0.0], '950_940_failing_MET': [0.0, 0.0], '950_940_min_MET_pt': [10000000.0, 10000000.0], '950_935': [0.0, 0.0], '950_935_passing_MET': [0.0, 0.0], '950_935_failing_MET': [0.0, 0.0], '950_935_min_MET_pt': [10000000.0, 10000000.0], '950_930': [0.0, 1121.0], '950_930_passing_MET': [0.0, 1098.0], '950_930_failing_MET': [0.0, 23.0], '950_930_min_MET_pt': [10000000.0, 32.05484390258789], '950_925': [0.0, 0.0], '950_925_passing_MET': [0.0, 0.0], '950_925_failing_MET': [0.0, 0.0], '950_925_min_MET_pt': [10000000.0, 10000000.0], '950_920': [0.0, 0.0], '950_920_passing_MET': [0.0, 0.0], '950_920_failing_MET': [0.0, 0.0], '950_920_min_MET_pt': [10000000.0, 10000000.0], '975_965': [0.0, 0.0], '975_965_passing_MET': [0.0, 0.0], '975_965_failing_MET': [0.0, 0.0], '975_965_min_MET_pt': [10000000.0, 10000000.0], '975_960': [0.0, 0.0], '975_960_passing_MET': [0.0, 0.0], '975_960_failing_MET': [0.0, 0.0], '975_960_min_MET_pt': [10000000.0, 10000000.0], '975_955': [0.0, 0.0], '975_955_passing_MET': [0.0, 0.0], '975_955_failing_MET': [0.0, 0.0], '975_955_min_MET_pt': [10000000.0, 10000000.0], '975_950': [0.0, 0.0], '975_950_passing_MET': [0.0, 0.0], '975_950_failing_MET': [0.0, 0.0], '975_950_min_MET_pt': [10000000.0, 10000000.0], '975_945': [0.0, 0.0], '975_945_passing_MET': [0.0, 0.0], '975_945_failing_MET': [0.0, 0.0], '975_945_min_MET_pt': [10000000.0, 10000000.0], '1000_990': [1123.0, 3394.0], '1000_990_passing_MET': [0.0, 0.0], '1000_990_failing_MET': [0.0, 0.0], '1000_990_min_MET_pt': [10000000.0, 10000000.0], '1000_985': [1044.0, 0.0], '1000_985_passing_MET': [1020.0, 0.0], '1000_985_failing_MET': [24.0, 0.0], '1000_985_min_MET_pt': [51.44340515136719, 10000000.0], '1000_980': [0.0, 0.0], '1000_980_passing_MET': [0.0, 0.0], '1000_980_failing_MET': [0.0, 0.0], '1000_980_min_MET_pt': [10000000.0, 10000000.0], '1000_975': [0.0, 0.0], '1000_975_passing_MET': [0.0, 0.0], '1000_975_failing_MET': [0.0, 0.0], '1000_975_min_MET_pt': [10000000.0, 10000000.0], '1000_970': [0.0, 0.0], '1000_970_passing_MET': [0.0, 0.0], '1000_970_failing_MET': [0.0, 0.0], '1000_970_min_MET_pt': [10000000.0, 10000000.0], '1025_1015': [0.0, 0.0], '1025_1015_passing_MET': [0.0, 0.0], '1025_1015_failing_MET': [0.0, 0.0], '1025_1015_min_MET_pt': [10000000.0, 10000000.0], '1025_1010': [0.0, 0.0], '1025_1010_passing_MET': [0.0, 0.0], '1025_1010_failing_MET': [0.0, 0.0], '1025_1010_min_MET_pt': [10000000.0, 10000000.0], '1025_1005': [0.0, 0.0], '1025_1005_passing_MET': [0.0, 0.0], '1025_1005_failing_MET': [0.0, 0.0], '1025_1005_min_MET_pt': [10000000.0, 10000000.0], '1025_1000': [0.0, 0.0], '1025_1000_passing_MET': [0.0, 0.0], '1025_1000_failing_MET': [0.0, 0.0], '1025_1000_min_MET_pt': [10000000.0, 10000000.0], '1025_995': [0.0, 0.0], '1025_995_passing_MET': [0.0, 0.0], '1025_995_failing_MET': [0.0, 0.0], '1025_995_min_MET_pt': [10000000.0, 10000000.0], '1050_1040': [0.0, 0.0], '1050_1040_passing_MET': [0.0, 0.0], '1050_1040_failing_MET': [0.0, 0.0], '1050_1040_min_MET_pt': [10000000.0, 10000000.0], '1050_1035': [0.0, 0.0], '1050_1035_passing_MET': [0.0, 0.0], '1050_1035_failing_MET': [0.0, 0.0], '1050_1035_min_MET_pt': [10000000.0, 10000000.0], '1050_1030': [0.0, 0.0], '1050_1030_passing_MET': [0.0, 0.0], '1050_1030_failing_MET': [0.0, 0.0], '1050_1030_min_MET_pt': [10000000.0, 10000000.0], '1050_1025': [0.0, 0.0], '1050_1025_passing_MET': [0.0, 0.0], '1050_1025_failing_MET': [0.0, 0.0], '1050_1025_min_MET_pt': [10000000.0, 10000000.0], '1050_1020': [0.0, 0.0], '1050_1020_passing_MET': [0.0, 0.0], '1050_1020_failing_MET': [0.0, 0.0], '1050_1020_min_MET_pt': [10000000.0, 10000000.0], '1075_1065': [0.0, 0.0], '1075_1065_passing_MET': [0.0, 0.0], '1075_1065_failing_MET': [0.0, 0.0], '1075_1065_min_MET_pt': [10000000.0, 10000000.0], '1075_1060': [0.0, 0.0], '1075_1060_passing_MET': [0.0, 0.0], '1075_1060_failing_MET': [0.0, 0.0], '1075_1060_min_MET_pt': [10000000.0, 10000000.0], '1075_1055': [0.0, 0.0], '1075_1055_passing_MET': [0.0, 0.0], '1075_1055_failing_MET': [0.0, 0.0], '1075_1055_min_MET_pt': [10000000.0, 10000000.0], '1075_1050': [0.0, 0.0], '1075_1050_passing_MET': [0.0, 0.0], '1075_1050_failing_MET': [0.0, 0.0], '1075_1050_min_MET_pt': [10000000.0, 10000000.0], '1075_1045': [0.0, 0.0], '1075_1045_passing_MET': [0.0, 0.0], '1075_1045_failing_MET': [0.0, 0.0], '1075_1045_min_MET_pt': [10000000.0, 10000000.0], '1100_1090': [0.0, 0.0], '1100_1090_passing_MET': [0.0, 0.0], '1100_1090_failing_MET': [0.0, 0.0], '1100_1090_min_MET_pt': [10000000.0, 10000000.0], '1100_1085': [0.0, 0.0], '1100_1085_passing_MET': [0.0, 0.0], '1100_1085_failing_MET': [0.0, 0.0], '1100_1085_min_MET_pt': [10000000.0, 10000000.0], '1100_1080': [0.0, 0.0], '1100_1080_passing_MET': [0.0, 0.0], '1100_1080_failing_MET': [0.0, 0.0], '1100_1080_min_MET_pt': [10000000.0, 10000000.0], '1100_1075': [0.0, 0.0], '1100_1075_passing_MET': [0.0, 0.0], '1100_1075_failing_MET': [0.0, 0.0], '1100_1075_min_MET_pt': [10000000.0, 10000000.0], '1100_1070': [1071.0, 0.0], '1100_1070_passing_MET': [1041.0, 0.0], '1100_1070_failing_MET': [30.0, 0.0], '1100_1070_min_MET_pt': [7.816830635070801, 10000000.0], 'nEventsTotal': 151876.0, 'strange masspoints': 0.0, 'orphans': 0.0, 'R-hadron event': 1.0, 'different stop antistop masses': 0.0, 'strange error': 0.0, 'strange event': 0.0, 'different neutralino masses': 11844.0, 'large differences': 0.0, '1024_1005': [1017.0, 1027.0], '1024_1005_passing_MET': [996.0, 1007.0], '1024_1005_failing_MET': [21.0, 20.0], '1024_1005_min_MET_pt': [31.042869567871094, 46.221214294433594], '1024_1006': [155.0, 155.0], '1024_1006_passing_MET': [152.0, 150.0], '1024_1006_failing_MET': [3.0, 5.0], '1024_1006_min_MET_pt': [76.36048889160156, 44.921669006347656], '826_810': [0.0, 1133.0], '826_810_passing_MET': [0.0, 1101.0], '826_810_failing_MET': [0.0, 32.0], '826_810_min_MET_pt': [10000000.0, 21.749496459960938], '626_595': [891.0, 0.0], '626_595_passing_MET': [858.0, 0.0], '626_595_failing_MET': [33.0, 0.0], '626_595_min_MET_pt': [4.9972076416015625, 10000000.0], '626_596': [178.0, 0.0], '626_596_passing_MET': [177.0, 0.0], '626_596_failing_MET': [1.0, 0.0], '626_596_min_MET_pt': [84.89004516601562, 10000000.0], '700_676': [323.0, 0.0], '700_676_passing_MET': [311.0, 0.0], '700_676_failing_MET': [12.0, 0.0], '700_676_min_MET_pt': [73.67338562011719, 10000000.0], '676_666': [201.0, 179.0], '676_666_passing_MET': [196.0, 173.0], '676_666_failing_MET': [5.0, 6.0], '676_666_min_MET_pt': [26.396564483642578, 82.51264190673828], '676_665': [1854.0, 1853.0], '676_665_passing_MET': [1810.0, 1819.0], '676_665_failing_MET': [44.0, 34.0], '676_665_min_MET_pt': [10.80881118774414, 17.210586547851562], '726_700': [0.0, 1212.0], '726_700_passing_MET': [0.0, 1185.0], '726_700_failing_MET': [0.0, 27.0], '726_700_min_MET_pt': [10000000.0, 40.17813491821289], '676_650': [1055.0, 1121.0], '676_650_passing_MET': [1026.0, 1092.0], '676_650_failing_MET': [29.0, 29.0], '676_650_min_MET_pt': [31.62363052368164, 34.35899353027344], '776_765': [1915.0, 0.0], '776_765_passing_MET': [1864.0, 0.0], '776_765_failing_MET': [51.0, 0.0], '776_765_min_MET_pt': [29.052732467651367, 10000000.0], '776_766': [219.0, 0.0], '776_766_passing_MET': [213.0, 0.0], '776_766_failing_MET': [6.0, 0.0], '776_766_min_MET_pt': [54.446109771728516, 10000000.0], '826_815': [0.0, 1999.0], '826_815_passing_MET': [0.0, 1934.0], '826_815_failing_MET': [0.0, 65.0], '826_815_min_MET_pt': [10000000.0, 27.771574020385742], '826_816': [0.0, 191.0], '826_816_passing_MET': [0.0, 187.0], '826_816_failing_MET': [0.0, 4.0], '826_816_min_MET_pt': [10000000.0, 45.090396881103516], '976_955': [1005.0, 2007.0], '976_955_passing_MET': [973.0, 1951.0], '976_955_failing_MET': [32.0, 56.0], '976_955_min_MET_pt': [22.587390899658203, 28.11509132385254], '976_956': [171.0, 340.0], '976_956_passing_MET': [165.0, 333.0], '976_956_failing_MET': [6.0, 7.0], '976_956_min_MET_pt': [49.87046432495117, 50.21421432495117], '600_576': [138.0, 0.0], '600_576_passing_MET': [136.0, 0.0], '600_576_failing_MET': [2.0, 0.0], '600_576_min_MET_pt': [75.51371002197266, 10000000.0], '526_510': [1004.0, 0.0], '526_510_passing_MET': [984.0, 0.0], '526_510_failing_MET': [20.0, 0.0], '526_510_min_MET_pt': [44.13135528564453, 10000000.0], '526_515': [0.0, 3411.0], '526_515_passing_MET': [0.0, 3328.0], '526_515_failing_MET': [0.0, 83.0], '526_515_min_MET_pt': [10000000.0, 31.94196128845215], '526_516': [0.0, 338.0], '526_516_passing_MET': [0.0, 328.0], '526_516_failing_MET': [0.0, 10.0], '526_516_min_MET_pt': [10000000.0, 45.043575286865234], '776_760': [1052.0, 1087.0], '776_760_passing_MET': [1019.0, 1060.0], '776_760_failing_MET': [33.0, 27.0], '776_760_min_MET_pt': [49.432098388671875, 45.05396270751953], '526_495': [0.0, 1013.0], '526_495_passing_MET': [0.0, 975.0], '526_495_failing_MET': [0.0, 38.0], '526_495_min_MET_pt': [10000000.0, 11.795453071594238], '626_610': [0.0, 1090.0], '626_610_passing_MET': [0.0, 1060.0], '626_610_failing_MET': [0.0, 30.0], '626_610_min_MET_pt': [10000000.0, 23.35333824157715], '626_615': [945.0, 1809.0], '626_615_passing_MET': [925.0, 1768.0], '626_615_failing_MET': [20.0, 41.0], '626_615_min_MET_pt': [48.90716552734375, 38.502315521240234], '626_616': [98.0, 164.0], '626_616_passing_MET': [96.0, 158.0], '626_616_failing_MET': [2.0, 6.0], '626_616_min_MET_pt': [82.68394470214844, 43.85854721069336], '576_546': [181.0, 0.0], '576_546_passing_MET': [170.0, 0.0], '576_546_failing_MET': [11.0, 0.0], '576_546_min_MET_pt': [11.335928916931152, 10000000.0], '576_545': [846.0, 0.0], '576_545_passing_MET': [814.0, 0.0], '576_545_failing_MET': [32.0, 0.0], '576_545_min_MET_pt': [5.769413948059082, 10000000.0], '576_560': [995.0, 0.0], '576_560_passing_MET': [967.0, 0.0], '576_560_failing_MET': [28.0, 0.0], '576_560_min_MET_pt': [41.0417366027832, 10000000.0], '850_836': [0.0, 121.0], '850_836_passing_MET': [0.0, 114.0], '850_836_failing_MET': [0.0, 7.0], '850_836_min_MET_pt': [10000000.0, 56.87591552734375], '576_555': [896.0, 806.0], '576_555_passing_MET': [868.0, 787.0], '576_555_failing_MET': [28.0, 19.0], '576_555_min_MET_pt': [54.24733352661133, 58.509037017822266], '576_556': [134.0, 145.0], '576_556_passing_MET': [131.0, 141.0], '576_556_failing_MET': [3.0, 4.0], '576_556_min_MET_pt': [66.12462615966797, 77.49453735351562], '926_895': [0.0, 971.0], '926_895_passing_MET': [0.0, 940.0], '926_895_failing_MET': [0.0, 31.0], '926_895_min_MET_pt': [10000000.0, 57.14352798461914], '926_896': [0.0, 204.0], '926_896_passing_MET': [0.0, 202.0], '926_896_failing_MET': [0.0, 2.0], '926_896_min_MET_pt': [10000000.0, 77.18135833740234], '576_550': [1075.0, 0.0], '576_550_passing_MET': [1045.0, 0.0], '576_550_failing_MET': [30.0, 0.0], '576_550_min_MET_pt': [30.786020278930664, 10000000.0], '1100_1072': [195.0, 0.0], '1100_1072_passing_MET': [191.0, 0.0], '1100_1072_failing_MET': [4.0, 0.0], '1100_1072_min_MET_pt': [70.77621459960938, 10000000.0], '1000_986': [110.0, 0.0], '1000_986_passing_MET': [107.0, 0.0], '1000_986_failing_MET': [3.0, 0.0], '1000_986_min_MET_pt': [90.91677856445312, 10000000.0], '1052_1040': [1115.0, 2351.0], '1052_1040_passing_MET': [1094.0, 2307.0], '1052_1040_failing_MET': [21.0, 44.0], '1052_1040_min_MET_pt': [41.29720687866211, 30.93025016784668], '676_660': [1038.0, 0.0], '676_660_passing_MET': [1006.0, 0.0], '676_660_failing_MET': [32.0, 0.0], '676_660_min_MET_pt': [37.31928253173828, 10000000.0], '926_915': [0.0, 2003.0], '926_915_passing_MET': [0.0, 1960.0], '926_915_failing_MET': [0.0, 43.0], '926_915_min_MET_pt': [10000000.0, 35.0047492980957], '926_916': [0.0, 198.0], '926_916_passing_MET': [0.0, 194.0], '926_916_failing_MET': [0.0, 4.0], '926_916_min_MET_pt': [10000000.0, 70.60337829589844], '800_786': [130.0, 0.0], '800_786_passing_MET': [128.0, 0.0], '800_786_failing_MET': [2.0, 0.0], '800_786_min_MET_pt': [81.18046569824219, 10000000.0], '876_855': [1012.0, 0.0], '876_855_passing_MET': [986.0, 0.0], '876_855_failing_MET': [26.0, 0.0], '876_855_min_MET_pt': [19.671722412109375, 10000000.0], '876_856': [152.0, 0.0], '876_856_passing_MET': [151.0, 0.0], '876_856_failing_MET': [1.0, 0.0], '876_856_min_MET_pt': [92.7808609008789, 10000000.0], '576_565': [841.0, 1749.0], '576_565_passing_MET': [821.0, 1702.0], '576_565_failing_MET': [20.0, 47.0], '576_565_min_MET_pt': [30.951417922973633, 27.797935485839844], '576_566': [77.0, 170.0], '576_566_passing_MET': [74.0, 167.0], '576_566_failing_MET': [3.0, 3.0], '576_566_min_MET_pt': [36.64225387573242, 86.9704360961914], '800_776': [165.0, 0.0], '800_776_passing_MET': [161.0, 0.0], '800_776_failing_MET': [4.0, 0.0], '800_776_min_MET_pt': [49.13776397705078, 10000000.0], '726_715': [942.0, 0.0], '726_715_passing_MET': [914.0, 0.0], '726_715_failing_MET': [28.0, 0.0], '726_715_min_MET_pt': [5.8955278396606445, 10000000.0], '726_716': [81.0, 0.0], '726_716_passing_MET': [77.0, 0.0], '726_716_failing_MET': [4.0, 0.0], '726_716_min_MET_pt': [83.434326171875, 10000000.0], '976_965': [0.0, 1030.0], '976_965_passing_MET': [0.0, 1011.0], '976_965_failing_MET': [0.0, 19.0], '976_965_min_MET_pt': [10000000.0, 51.735267639160156], '976_966': [0.0, 100.0], '976_966_passing_MET': [0.0, 98.0], '976_966_failing_MET': [0.0, 2.0], '976_966_min_MET_pt': [10000000.0, 66.4977035522461], '900_876': [191.0, 0.0], '900_876_passing_MET': [185.0, 0.0], '900_876_failing_MET': [6.0, 0.0], '900_876_min_MET_pt': [50.16166305541992, 10000000.0], '1052_1035': [0.0, 2083.0], '1052_1035_passing_MET': [0.0, 2042.0], '1052_1035_failing_MET': [0.0, 41.0], '1052_1035_min_MET_pt': [10000000.0, 49.14707565307617], '1052_1036': [0.0, 273.0], '1052_1036_passing_MET': [0.0, 270.0], '1052_1036_failing_MET': [0.0, 3.0], '1052_1036_min_MET_pt': [10000000.0, 56.124629974365234], '776_750': [2288.0, 0.0], '776_750_passing_MET': [2228.0, 0.0], '776_750_failing_MET': [60.0, 0.0], '776_750_min_MET_pt': [41.272239685058594, 10000000.0], '1076_1055': [0.0, 955.0], '1076_1055_passing_MET': [0.0, 939.0], '1076_1055_failing_MET': [0.0, 16.0], '1076_1055_min_MET_pt': [10000000.0, 55.97494125366211], '1076_1056': [0.0, 172.0], '1076_1056_passing_MET': [0.0, 170.0], '1076_1056_failing_MET': [0.0, 2.0], '1076_1056_min_MET_pt': [10000000.0, 67.30481719970703], '1024_1000': [1186.0, 0.0], '1024_1000_passing_MET': [1149.0, 0.0], '1024_1000_failing_MET': [37.0, 0.0], '1024_1000_min_MET_pt': [22.220375061035156, 10000000.0], '826_795': [0.0, 1020.0], '826_795_passing_MET': [0.0, 987.0], '826_795_failing_MET': [0.0, 33.0], '826_795_min_MET_pt': [10000000.0, 42.32999038696289], '826_796': [0.0, 186.0], '826_796_passing_MET': [0.0, 176.0], '826_796_failing_MET': [0.0, 10.0], '826_796_min_MET_pt': [10000000.0, 65.72964477539062], '976_960': [1148.0, 0.0], '976_960_passing_MET': [1123.0, 0.0], '976_960_failing_MET': [25.0, 0.0], '976_960_min_MET_pt': [21.3265380859375, 10000000.0], '876_865': [1042.0, 0.0], '876_865_passing_MET': [1029.0, 0.0], '876_865_failing_MET': [13.0, 0.0], '876_865_min_MET_pt': [44.51791763305664, 10000000.0], '876_866': [118.0, 0.0], '876_866_passing_MET': [114.0, 0.0], '876_866_failing_MET': [4.0, 0.0], '876_866_min_MET_pt': [63.35367202758789, 10000000.0], '850_826': [0.0, 184.0], '850_826_passing_MET': [0.0, 177.0], '850_826_failing_MET': [0.0, 7.0], '850_826_min_MET_pt': [10000000.0, 62.75463104248047], '1076_1065': [1054.0, 0.0], '1076_1065_passing_MET': [1028.0, 0.0], '1076_1065_failing_MET': [26.0, 0.0], '1076_1065_min_MET_pt': [49.9070930480957, 10000000.0], '1076_1064': [112.0, 0.0], '1076_1064_passing_MET': [108.0, 0.0], '1076_1064_failing_MET': [4.0, 0.0], '1076_1064_min_MET_pt': [68.89144134521484, 10000000.0], '1024_1015': [1016.0, 0.0], '1024_1015_passing_MET': [989.0, 0.0], '1024_1015_failing_MET': [27.0, 0.0], '1024_1015_min_MET_pt': [22.40381622314453, 10000000.0], '1024_1016': [120.0, 0.0], '1024_1016_passing_MET': [118.0, 0.0], '1024_1016_failing_MET': [2.0, 0.0], '1024_1016_min_MET_pt': [98.00159454345703, 10000000.0], '550_536': [0.0, 138.0], '550_536_passing_MET': [0.0, 131.0], '550_536_failing_MET': [0.0, 7.0], '550_536_min_MET_pt': [10000000.0, 55.19599914550781], '750_736': [0.0, 127.0], '750_736_passing_MET': [0.0, 122.0], '750_736_failing_MET': [0.0, 5.0], '750_736_min_MET_pt': [10000000.0, 70.14693450927734], '726_695': [0.0, 956.0], '726_695_passing_MET': [0.0, 918.0], '726_695_failing_MET': [0.0, 38.0], '726_695_min_MET_pt': [10000000.0, 23.179147720336914], '726_696': [0.0, 189.0], '726_696_passing_MET': [0.0, 180.0], '726_696_failing_MET': [0.0, 9.0], '726_696_min_MET_pt': [10000000.0, 59.775787353515625]}
nevents_from_dict =  3700262083.5223184
Results saved to /afs/cern.ch/work/m/mleoncoe/private/stop_met_check/outputs_2018/nanoAOD_255.json
done
