000 (9018140.422.000) 01/06 10:56:37 Job submitted from host: <188.185.6.50:9618?addrs=188.185.6.50-9618+[2001-1458-d00-62--100-2b1]-9618&alias=bigbird25.cern.ch&noUDP&sock=schedd_1627_90ad>
...
040 (9018140.422.000) 01/06 11:00:42 Started transferring input files
	Transferring to host: <188.185.211.31:9618?addrs=188.185.211.31-9618+[2001-1458-303-16--100-1b]-9618&alias=b9p23p5913.cern.ch&noUDP&sock=slot1_12_6966_ed54_112584>
...
040 (9018140.422.000) 01/06 11:00:42 Finished transferring input files
...
001 (9018140.422.000) 01/06 11:00:43 Job executing on host: <188.185.211.31:9618?addrs=188.185.211.31-9618+[2001-1458-303-16--100-1b]-9618&alias=b9p23p5913.cern.ch&noUDP&sock=startd_6018_6d09>
	SlotName: slot1_12@b9p23p5913.cern.ch
	CondorScratchDir = "/pool/condor/dir_2595460"
	Cpus = 1
	Disk = 3838
	GPUs = 0
	Memory = 3000
...
006 (9018140.422.000) 01/06 11:00:56 Image size of job updated: 93328
	92  -  MemoryUsage of job (MB)
	93328  -  ResidentSetSize of job (KB)
...
006 (9018140.422.000) 01/06 11:05:57 Image size of job updated: 203712
	199  -  MemoryUsage of job (MB)
	203712  -  ResidentSetSize of job (KB)
...
006 (9018140.422.000) 01/06 11:10:58 Image size of job updated: 213708
	209  -  MemoryUsage of job (MB)
	213708  -  ResidentSetSize of job (KB)
...
006 (9018140.422.000) 01/06 11:15:58 Image size of job updated: 213792
	209  -  MemoryUsage of job (MB)
	213792  -  ResidentSetSize of job (KB)
...
006 (9018140.422.000) 01/06 11:20:58 Image size of job updated: 213856
	209  -  MemoryUsage of job (MB)
	213856  -  ResidentSetSize of job (KB)
...
006 (9018140.422.000) 01/06 11:25:59 Image size of job updated: 213868
	209  -  MemoryUsage of job (MB)
	213868  -  ResidentSetSize of job (KB)
...
006 (9018140.422.000) 01/06 11:30:59 Image size of job updated: 213908
	209  -  MemoryUsage of job (MB)
	213908  -  ResidentSetSize of job (KB)
...
006 (9018140.422.000) 01/06 11:36:00 Image size of job updated: 213956
	209  -  MemoryUsage of job (MB)
	213956  -  ResidentSetSize of job (KB)
...
006 (9018140.422.000) 01/06 11:41:01 Image size of job updated: 213960
	209  -  MemoryUsage of job (MB)
	213960  -  ResidentSetSize of job (KB)
...
006 (9018140.422.000) 01/06 11:46:01 Image size of job updated: 213968
	209  -  MemoryUsage of job (MB)
	213968  -  ResidentSetSize of job (KB)
...
006 (9018140.422.000) 01/06 11:51:02 Image size of job updated: 213992
	209  -  MemoryUsage of job (MB)
	213992  -  ResidentSetSize of job (KB)
...
006 (9018140.422.000) 01/06 11:56:02 Image size of job updated: 214008
	209  -  MemoryUsage of job (MB)
	214008  -  ResidentSetSize of job (KB)
...
006 (9018140.422.000) 01/06 12:01:02 Image size of job updated: 214016
	209  -  MemoryUsage of job (MB)
	214016  -  ResidentSetSize of job (KB)
...
006 (9018140.422.000) 01/06 12:11:03 Image size of job updated: 214048
	210  -  MemoryUsage of job (MB)
	214048  -  ResidentSetSize of job (KB)
...
006 (9018140.422.000) 01/06 12:16:04 Image size of job updated: 214056
	210  -  MemoryUsage of job (MB)
	214056  -  ResidentSetSize of job (KB)
...
006 (9018140.422.000) 01/06 12:21:05 Image size of job updated: 214080
	210  -  MemoryUsage of job (MB)
	214080  -  ResidentSetSize of job (KB)
...
006 (9018140.422.000) 01/06 12:26:05 Image size of job updated: 214312
	210  -  MemoryUsage of job (MB)
	214312  -  ResidentSetSize of job (KB)
...
006 (9018140.422.000) 01/06 12:31:06 Image size of job updated: 214336
	210  -  MemoryUsage of job (MB)
	214336  -  ResidentSetSize of job (KB)
...
006 (9018140.422.000) 01/06 12:36:06 Image size of job updated: 214344
	210  -  MemoryUsage of job (MB)
	214344  -  ResidentSetSize of job (KB)
...
006 (9018140.422.000) 01/06 12:46:07 Image size of job updated: 214348
	210  -  MemoryUsage of job (MB)
	214348  -  ResidentSetSize of job (KB)
...
006 (9018140.422.000) 01/06 12:51:07 Image size of job updated: 214368
	210  -  MemoryUsage of job (MB)
	214368  -  ResidentSetSize of job (KB)
...
006 (9018140.422.000) 01/06 12:56:08 Image size of job updated: 214392
	210  -  MemoryUsage of job (MB)
	214392  -  ResidentSetSize of job (KB)
...
040 (9018140.422.000) 01/06 12:57:00 Started transferring output files
...
040 (9018140.422.000) 01/06 12:57:01 Finished transferring output files
...
005 (9018140.422.000) 01/06 12:57:01 Job terminated.
	(1) Normal termination (return value 0)
		Usr 0 01:52:52, Sys 0 00:00:21  -  Run Remote Usage
		Usr 0 00:00:00, Sys 0 00:00:00  -  Run Local Usage
		Usr 0 01:52:52, Sys 0 00:00:21  -  Total Remote Usage
		Usr 0 00:00:00, Sys 0 00:00:00  -  Total Local Usage
	41334  -  Run Bytes Sent By Job
	21436  -  Run Bytes Received By Job
	41334  -  Total Bytes Sent By Job
	21436  -  Total Bytes Received By Job
	Partitionable Resources :    Usage  Request Allocated 
	   Cpus                 :     0.98        1         1 
	   Disk (KB)            :    89          22      3838 
	   GPUs                 :                           0 
	   Memory (MB)          :   210        3000      3000 
	   TimeExecute (s)      :  6977                       
	   TimeSlotBusy (s)     :  6980                       

	Job terminated of its own accord at 2026-01-06T11:57:00Z with exit-code 0.
...
