000 (9018140.096.000) 01/06 10:56:21 Job submitted from host: <188.185.6.50:9618?addrs=188.185.6.50-9618+[2001-1458-d00-62--100-2b1]-9618&alias=bigbird25.cern.ch&noUDP&sock=schedd_1627_90ad>
...
040 (9018140.096.000) 01/06 10:58:57 Started transferring input files
	Transferring to host: <188.185.210.8:9618?addrs=188.185.210.8-9618+[2001-1458-303-1--100-4]-9618&alias=b9p21p3703.cern.ch&noUDP&sock=slot1_3_4738_197a_115262>
...
040 (9018140.096.000) 01/06 10:58:57 Finished transferring input files
...
001 (9018140.096.000) 01/06 10:58:58 Job executing on host: <188.185.210.8:9618?addrs=188.185.210.8-9618+[2001-1458-303-1--100-4]-9618&alias=b9p21p3703.cern.ch&noUDP&sock=startd_3951_a2c6>
	SlotName: slot1_3@b9p21p3703.cern.ch
	CondorScratchDir = "/pool/condor/dir_2095212"
	Cpus = 1
	Disk = 3828
	GPUs = 0
	Memory = 3000
...
006 (9018140.096.000) 01/06 10:59:12 Image size of job updated: 94796
	93  -  MemoryUsage of job (MB)
	94796  -  ResidentSetSize of job (KB)
...
006 (9018140.096.000) 01/06 11:04:13 Image size of job updated: 204592
	200  -  MemoryUsage of job (MB)
	204592  -  ResidentSetSize of job (KB)
...
006 (9018140.096.000) 01/06 11:09:13 Image size of job updated: 213384
	209  -  MemoryUsage of job (MB)
	213384  -  ResidentSetSize of job (KB)
...
006 (9018140.096.000) 01/06 11:14:13 Image size of job updated: 213388
	209  -  MemoryUsage of job (MB)
	213388  -  ResidentSetSize of job (KB)
...
006 (9018140.096.000) 01/06 11:19:14 Image size of job updated: 213476
	209  -  MemoryUsage of job (MB)
	213476  -  ResidentSetSize of job (KB)
...
006 (9018140.096.000) 01/06 11:24:14 Image size of job updated: 213576
	209  -  MemoryUsage of job (MB)
	213576  -  ResidentSetSize of job (KB)
...
006 (9018140.096.000) 01/06 11:29:15 Image size of job updated: 213596
	209  -  MemoryUsage of job (MB)
	213596  -  ResidentSetSize of job (KB)
...
006 (9018140.096.000) 01/06 11:34:16 Image size of job updated: 213644
	209  -  MemoryUsage of job (MB)
	213644  -  ResidentSetSize of job (KB)
...
006 (9018140.096.000) 01/06 11:39:16 Image size of job updated: 213688
	209  -  MemoryUsage of job (MB)
	213688  -  ResidentSetSize of job (KB)
...
006 (9018140.096.000) 01/06 11:44:17 Image size of job updated: 213696
	209  -  MemoryUsage of job (MB)
	213696  -  ResidentSetSize of job (KB)
...
006 (9018140.096.000) 01/06 11:49:18 Image size of job updated: 213708
	209  -  MemoryUsage of job (MB)
	213708  -  ResidentSetSize of job (KB)
...
006 (9018140.096.000) 01/06 11:54:18 Image size of job updated: 213752
	209  -  MemoryUsage of job (MB)
	213752  -  ResidentSetSize of job (KB)
...
006 (9018140.096.000) 01/06 11:59:18 Image size of job updated: 213780
	209  -  MemoryUsage of job (MB)
	213780  -  ResidentSetSize of job (KB)
...
006 (9018140.096.000) 01/06 12:09:19 Image size of job updated: 213804
	209  -  MemoryUsage of job (MB)
	213804  -  ResidentSetSize of job (KB)
...
006 (9018140.096.000) 01/06 12:19:20 Image size of job updated: 213860
	209  -  MemoryUsage of job (MB)
	213860  -  ResidentSetSize of job (KB)
...
006 (9018140.096.000) 01/06 12:24:21 Image size of job updated: 213868
	209  -  MemoryUsage of job (MB)
	213868  -  ResidentSetSize of job (KB)
...
006 (9018140.096.000) 01/06 12:29:21 Image size of job updated: 213872
	209  -  MemoryUsage of job (MB)
	213872  -  ResidentSetSize of job (KB)
...
006 (9018140.096.000) 01/06 12:34:22 Image size of job updated: 213876
	209  -  MemoryUsage of job (MB)
	213876  -  ResidentSetSize of job (KB)
...
006 (9018140.096.000) 01/06 12:39:22 Image size of job updated: 213920
	209  -  MemoryUsage of job (MB)
	213920  -  ResidentSetSize of job (KB)
...
006 (9018140.096.000) 01/06 12:49:24 Image size of job updated: 213924
	209  -  MemoryUsage of job (MB)
	213924  -  ResidentSetSize of job (KB)
...
006 (9018140.096.000) 01/06 12:54:24 Image size of job updated: 213928
	209  -  MemoryUsage of job (MB)
	213928  -  ResidentSetSize of job (KB)
...
006 (9018140.096.000) 01/06 13:04:25 Image size of job updated: 213936
	209  -  MemoryUsage of job (MB)
	213936  -  ResidentSetSize of job (KB)
...
006 (9018140.096.000) 01/06 13:09:25 Image size of job updated: 213940
	209  -  MemoryUsage of job (MB)
	213940  -  ResidentSetSize of job (KB)
...
006 (9018140.096.000) 01/06 13:19:26 Image size of job updated: 213944
	209  -  MemoryUsage of job (MB)
	213944  -  ResidentSetSize of job (KB)
...
006 (9018140.096.000) 01/06 13:24:27 Image size of job updated: 213952
	209  -  MemoryUsage of job (MB)
	213952  -  ResidentSetSize of job (KB)
...
006 (9018140.096.000) 01/06 13:29:27 Image size of job updated: 213988
	209  -  MemoryUsage of job (MB)
	213988  -  ResidentSetSize of job (KB)
...
006 (9018140.096.000) 01/06 13:34:28 Image size of job updated: 213992
	209  -  MemoryUsage of job (MB)
	213992  -  ResidentSetSize of job (KB)
...
006 (9018140.096.000) 01/06 13:39:28 Image size of job updated: 214008
	209  -  MemoryUsage of job (MB)
	214008  -  ResidentSetSize of job (KB)
...
006 (9018140.096.000) 01/06 13:49:29 Image size of job updated: 214012
	209  -  MemoryUsage of job (MB)
	214012  -  ResidentSetSize of job (KB)
...
006 (9018140.096.000) 01/06 13:54:29 Image size of job updated: 214020
	210  -  MemoryUsage of job (MB)
	214020  -  ResidentSetSize of job (KB)
...
006 (9018140.096.000) 01/06 13:56:50 Image size of job updated: 214032
	210  -  MemoryUsage of job (MB)
	214020  -  ResidentSetSize of job (KB)
...
040 (9018140.096.000) 01/06 13:56:51 Started transferring output files
...
040 (9018140.096.000) 01/06 13:56:52 Finished transferring output files
...
005 (9018140.096.000) 01/06 13:56:52 Job terminated.
	(1) Normal termination (return value 0)
		Usr 0 02:54:18, Sys 0 00:00:10  -  Run Remote Usage
		Usr 0 00:00:00, Sys 0 00:00:00  -  Run Local Usage
		Usr 0 02:54:18, Sys 0 00:00:10  -  Total Remote Usage
		Usr 0 00:00:00, Sys 0 00:00:00  -  Total Local Usage
	44512  -  Run Bytes Sent By Job
	21436  -  Run Bytes Received By Job
	44512  -  Total Bytes Sent By Job
	21436  -  Total Bytes Received By Job
	Partitionable Resources :    Usage  Request Allocated 
	   Cpus                 :     0.99        1         1 
	   Disk (KB)            :    92          22      3828 
	   GPUs                 :                           0 
	   Memory (MB)          :   210        3000      3000 
	   TimeExecute (s)      : 10673                       
	   TimeSlotBusy (s)     : 10676                       

	Job terminated of its own accord at 2026-01-06T12:56:50Z with exit-code 0.
...
