000 (9018140.097.000) 01/06 10:56:21 Job submitted from host: <188.185.6.50:9618?addrs=188.185.6.50-9618+[2001-1458-d00-62--100-2b1]-9618&alias=bigbird25.cern.ch&noUDP&sock=schedd_1627_90ad>
...
040 (9018140.097.000) 01/06 10:58:58 Started transferring input files
	Transferring to host: <188.185.211.182:9618?addrs=188.185.211.182-9618+[2001-1458-303-17--100-32]-9618&alias=b9p24p6852.cern.ch&noUDP&sock=slot1_34_6128_7af2_113132>
...
040 (9018140.097.000) 01/06 10:58:58 Finished transferring input files
...
001 (9018140.097.000) 01/06 10:58:59 Job executing on host: <188.185.211.182:9618?addrs=188.185.211.182-9618+[2001-1458-303-17--100-32]-9618&alias=b9p24p6852.cern.ch&noUDP&sock=startd_5362_76e8>
	SlotName: slot1_34@b9p24p6852.cern.ch
	CondorScratchDir = "/pool/condor/dir_2416121"
	Cpus = 1
	Disk = 3895
	GPUs = 0
	Memory = 3000
...
006 (9018140.097.000) 01/06 10:59:13 Image size of job updated: 94560
	93  -  MemoryUsage of job (MB)
	94560  -  ResidentSetSize of job (KB)
...
006 (9018140.097.000) 01/06 11:04:14 Image size of job updated: 207184
	203  -  MemoryUsage of job (MB)
	207184  -  ResidentSetSize of job (KB)
...
006 (9018140.097.000) 01/06 11:09:14 Image size of job updated: 207296
	203  -  MemoryUsage of job (MB)
	207296  -  ResidentSetSize of job (KB)
...
006 (9018140.097.000) 01/06 11:14:14 Image size of job updated: 207580
	203  -  MemoryUsage of job (MB)
	207580  -  ResidentSetSize of job (KB)
...
006 (9018140.097.000) 01/06 11:19:15 Image size of job updated: 207592
	203  -  MemoryUsage of job (MB)
	207592  -  ResidentSetSize of job (KB)
...
006 (9018140.097.000) 01/06 11:24:15 Image size of job updated: 207640
	203  -  MemoryUsage of job (MB)
	207640  -  ResidentSetSize of job (KB)
...
006 (9018140.097.000) 01/06 11:29:16 Image size of job updated: 207644
	203  -  MemoryUsage of job (MB)
	207644  -  ResidentSetSize of job (KB)
...
006 (9018140.097.000) 01/06 11:34:17 Image size of job updated: 207652
	203  -  MemoryUsage of job (MB)
	207652  -  ResidentSetSize of job (KB)
...
006 (9018140.097.000) 01/06 11:39:17 Image size of job updated: 207664
	203  -  MemoryUsage of job (MB)
	207664  -  ResidentSetSize of job (KB)
...
006 (9018140.097.000) 01/06 11:44:18 Image size of job updated: 207692
	203  -  MemoryUsage of job (MB)
	207692  -  ResidentSetSize of job (KB)
...
006 (9018140.097.000) 01/06 11:49:18 Image size of job updated: 207700
	203  -  MemoryUsage of job (MB)
	207700  -  ResidentSetSize of job (KB)
...
006 (9018140.097.000) 01/06 11:54:18 Image size of job updated: 207704
	203  -  MemoryUsage of job (MB)
	207704  -  ResidentSetSize of job (KB)
...
006 (9018140.097.000) 01/06 11:59:19 Image size of job updated: 207708
	203  -  MemoryUsage of job (MB)
	207708  -  ResidentSetSize of job (KB)
...
006 (9018140.097.000) 01/06 12:04:19 Image size of job updated: 207752
	203  -  MemoryUsage of job (MB)
	207752  -  ResidentSetSize of job (KB)
...
006 (9018140.097.000) 01/06 12:14:21 Image size of job updated: 207756
	203  -  MemoryUsage of job (MB)
	207756  -  ResidentSetSize of job (KB)
...
006 (9018140.097.000) 01/06 12:19:21 Image size of job updated: 207768
	203  -  MemoryUsage of job (MB)
	207768  -  ResidentSetSize of job (KB)
...
006 (9018140.097.000) 01/06 12:24:22 Image size of job updated: 207780
	203  -  MemoryUsage of job (MB)
	207780  -  ResidentSetSize of job (KB)
...
006 (9018140.097.000) 01/06 12:34:23 Image size of job updated: 207804
	203  -  MemoryUsage of job (MB)
	207804  -  ResidentSetSize of job (KB)
...
006 (9018140.097.000) 01/06 12:39:24 Image size of job updated: 207808
	203  -  MemoryUsage of job (MB)
	207808  -  ResidentSetSize of job (KB)
...
006 (9018140.097.000) 01/06 12:44:24 Image size of job updated: 207812
	203  -  MemoryUsage of job (MB)
	207812  -  ResidentSetSize of job (KB)
...
006 (9018140.097.000) 01/06 12:51:59 Image size of job updated: 207868
	203  -  MemoryUsage of job (MB)
	207812  -  ResidentSetSize of job (KB)
...
040 (9018140.097.000) 01/06 12:51:59 Started transferring output files
...
040 (9018140.097.000) 01/06 12:51:59 Finished transferring output files
...
005 (9018140.097.000) 01/06 12:51:59 Job terminated.
	(1) Normal termination (return value 0)
		Usr 0 01:50:19, Sys 0 00:00:13  -  Run Remote Usage
		Usr 0 00:00:00, Sys 0 00:00:00  -  Run Local Usage
		Usr 0 01:50:19, Sys 0 00:00:13  -  Total Remote Usage
		Usr 0 00:00:00, Sys 0 00:00:00  -  Total Local Usage
	41927  -  Run Bytes Sent By Job
	21436  -  Run Bytes Received By Job
	41927  -  Total Bytes Sent By Job
	21436  -  Total Bytes Received By Job
	Partitionable Resources :    Usage  Request Allocated 
	   Cpus                 :     0.99        1         1 
	   Disk (KB)            :    89          22      3895 
	   GPUs                 :                           0 
	   Memory (MB)          :   203        3000      3000 
	   TimeExecute (s)      :  6780                       
	   TimeSlotBusy (s)     :  6782                       

	Job terminated of its own accord at 2026-01-06T11:51:59Z with exit-code 0.
...
