i am in this directory
/pool/condor/dir_1603962
Python 3.9.23
3.9.23
 will run this python stop_check_met_eff.py /eos/user/m/mleoncoe/stop_event_check/privateNanoAod2018/nanoAOD_177.root /afs/cern.ch/work/m/mleoncoe/private/stop_met_check/outputs_2018/nanoAOD_177.json
event num1000
event num2000
event num3000
event num4000
event num5000
event num6000
event num7000
event num8000
event num9000
event num10000
event num11000
event num12000
event num13000
event num14000
event num15000
event num16000
event num17000
event num18000
event num19000
event num20000
event num21000
event num22000
event num23000
event num24000
event num25000
event num26000
event num27000
event num28000
event num29000
event num30000
event num31000
event num32000
event num33000
event num34000
event num35000
event num36000
event num37000
event num38000
event num39000
event num40000
event num41000
event num42000
event num43000
event num44000
event num45000
event num46000
event num47000
event num48000
event num49000
event num50000
event num51000
event num52000
event num53000
event num54000
event num55000
event num56000
event num57000
event num58000
event num59000
event num60000
event num61000
event num62000
event num63000
event num64000
event num65000
event num66000
event num67000
event num68000
event num69000
event num70000
event num71000
event num72000
event num73000
event num74000
event num75000
event num76000
event num77000
event num78000
event num79000
event num80000
event num81000
event num82000
event num83000
event num84000
event num85000
event num86000
event num87000
event num88000
event num89000
event num90000
event num91000
event num92000
event num93000
event num94000
event num95000
event num96000
event num97000
event num98000
event num99000
event num100000
event num101000
event num102000
event num103000
event num104000
event num105000
event num106000
event num107000
event num108000
event num109000
event num110000
event num111000
event num112000
event num113000
event num114000
event num115000
event num116000
event num117000
event num118000
event num119000
event num120000
event num121000
event num122000
event num123000
event num124000
event num125000
event num126000
event num127000
event num128000
event num129000
event num130000
event num131000
event num132000
event num133000
event num134000
event num135000
event num136000
event num137000
event num138000
event num139000
event num140000
event num141000
event num142000
event num143000
event num144000
event num145000
event num146000
event num147000
event num148000
event num149000
event num150000
event num151000
event num152000
event num153000
event num154000
event num155000
event num156000
event num157000
event num158000
event num159000
event num160000
event num161000
event num162000
event num163000
event num164000
event num165000
event num166000
event num167000
R-hadrond found
R-hadrond found
event num168000
event num169000
event num170000
event num171000
event num172000
event num173000
event num174000
event num175000
{'250_240': [2802.0, 1312.0], '250_240_passing_MET': [0.0, 0.0], '250_240_failing_MET': [0.0, 0.0], '250_240_min_MET_pt': [10000000.0, 10000000.0], '250_235': [686.0, 0.0], '250_235_passing_MET': [655.0, 0.0], '250_235_failing_MET': [31.0, 0.0], '250_235_min_MET_pt': [39.79448318481445, 10000000.0], '250_230': [0.0, 0.0], '250_230_passing_MET': [0.0, 0.0], '250_230_failing_MET': [0.0, 0.0], '250_230_min_MET_pt': [10000000.0, 10000000.0], '250_225': [725.0, 0.0], '250_225_passing_MET': [691.0, 0.0], '250_225_failing_MET': [34.0, 0.0], '250_225_min_MET_pt': [44.50678253173828, 10000000.0], '250_220': [0.0, 772.0], '250_220_passing_MET': [0.0, 725.0], '250_220_failing_MET': [0.0, 47.0], '250_220_min_MET_pt': [10000000.0, 33.27463150024414], '275_265': [1530.0, 715.0], '275_265_passing_MET': [0.0, 0.0], '275_265_failing_MET': [0.0, 0.0], '275_265_min_MET_pt': [10000000.0, 10000000.0], '275_260': [0.0, 0.0], '275_260_passing_MET': [0.0, 0.0], '275_260_failing_MET': [0.0, 0.0], '275_260_min_MET_pt': [10000000.0, 10000000.0], '275_255': [0.0, 0.0], '275_255_passing_MET': [0.0, 0.0], '275_255_failing_MET': [0.0, 0.0], '275_255_min_MET_pt': [10000000.0, 10000000.0], '275_250': [752.0, 828.0], '275_250_passing_MET': [0.0, 0.0], '275_250_failing_MET': [0.0, 0.0], '275_250_min_MET_pt': [10000000.0, 10000000.0], '275_245': [809.0, 0.0], '275_245_passing_MET': [764.0, 0.0], '275_245_failing_MET': [45.0, 0.0], '275_245_min_MET_pt': [43.581298828125, 10000000.0], '300_290': [777.0, 2983.0], '300_290_passing_MET': [0.0, 0.0], '300_290_failing_MET': [0.0, 0.0], '300_290_min_MET_pt': [10000000.0, 10000000.0], '300_285': [0.0, 763.0], '300_285_passing_MET': [0.0, 728.0], '300_285_failing_MET': [0.0, 35.0], '300_285_min_MET_pt': [10000000.0, 32.066383361816406], '300_280': [0.0, 0.0], '300_280_passing_MET': [0.0, 0.0], '300_280_failing_MET': [0.0, 0.0], '300_280_min_MET_pt': [10000000.0, 10000000.0], '300_275': [821.0, 0.0], '300_275_passing_MET': [775.0, 0.0], '300_275_failing_MET': [46.0, 0.0], '300_275_min_MET_pt': [35.85710525512695, 10000000.0], '300_270': [0.0, 845.0], '300_270_passing_MET': [0.0, 802.0], '300_270_failing_MET': [0.0, 43.0], '300_270_min_MET_pt': [10000000.0, 17.644153594970703], '325_315': [0.0, 734.0], '325_315_passing_MET': [0.0, 713.0], '325_315_failing_MET': [0.0, 21.0], '325_315_min_MET_pt': [10000000.0, 42.93161392211914], '325_310': [0.0, 0.0], '325_310_passing_MET': [0.0, 0.0], '325_310_failing_MET': [0.0, 0.0], '325_310_min_MET_pt': [10000000.0, 10000000.0], '325_305': [0.0, 822.0], '325_305_passing_MET': [0.0, 790.0], '325_305_failing_MET': [0.0, 32.0], '325_305_min_MET_pt': [10000000.0, 25.367538452148438], '325_300': [849.0, 856.0], '325_300_passing_MET': [0.0, 0.0], '325_300_failing_MET': [0.0, 0.0], '325_300_min_MET_pt': [10000000.0, 10000000.0], '325_295': [0.0, 0.0], '325_295_passing_MET': [0.0, 0.0], '325_295_failing_MET': [0.0, 0.0], '325_295_min_MET_pt': [10000000.0, 10000000.0], '350_340': [797.0, 0.0], '350_340_passing_MET': [764.0, 0.0], '350_340_failing_MET': [33.0, 0.0], '350_340_min_MET_pt': [32.82083511352539, 10000000.0], '350_335': [812.0, 0.0], '350_335_passing_MET': [785.0, 0.0], '350_335_failing_MET': [27.0, 0.0], '350_335_min_MET_pt': [11.899449348449707, 10000000.0], '350_330': [914.0, 0.0], '350_330_passing_MET': [878.0, 0.0], '350_330_failing_MET': [36.0, 0.0], '350_330_min_MET_pt': [38.3124885559082, 10000000.0], '350_325': [0.0, 0.0], '350_325_passing_MET': [0.0, 0.0], '350_325_failing_MET': [0.0, 0.0], '350_325_min_MET_pt': [10000000.0, 10000000.0], '350_320': [0.0, 0.0], '350_320_passing_MET': [0.0, 0.0], '350_320_failing_MET': [0.0, 0.0], '350_320_min_MET_pt': [10000000.0, 10000000.0], '375_365': [850.0, 818.0], '375_365_passing_MET': [0.0, 0.0], '375_365_failing_MET': [0.0, 0.0], '375_365_min_MET_pt': [10000000.0, 10000000.0], '375_360': [876.0, 0.0], '375_360_passing_MET': [849.0, 0.0], '375_360_failing_MET': [27.0, 0.0], '375_360_min_MET_pt': [51.631996154785156, 10000000.0], '375_355': [0.0, 0.0], '375_355_passing_MET': [0.0, 0.0], '375_355_failing_MET': [0.0, 0.0], '375_355_min_MET_pt': [10000000.0, 10000000.0], '375_350': [0.0, 1808.0], '375_350_passing_MET': [0.0, 1743.0], '375_350_failing_MET': [0.0, 65.0], '375_350_min_MET_pt': [10000000.0, 36.09771728515625], '375_345': [0.0, 0.0], '375_345_passing_MET': [0.0, 0.0], '375_345_failing_MET': [0.0, 0.0], '375_345_min_MET_pt': [10000000.0, 10000000.0], '400_390': [1772.0, 3522.0], '400_390_passing_MET': [0.0, 0.0], '400_390_failing_MET': [0.0, 0.0], '400_390_min_MET_pt': [10000000.0, 10000000.0], '400_385': [0.0, 920.0], '400_385_passing_MET': [0.0, 894.0], '400_385_failing_MET': [0.0, 26.0], '400_385_min_MET_pt': [10000000.0, 48.04640197753906], '400_380': [0.0, 876.0], '400_380_passing_MET': [0.0, 844.0], '400_380_failing_MET': [0.0, 32.0], '400_380_min_MET_pt': [10000000.0, 32.17952346801758], '400_375': [0.0, 0.0], '400_375_passing_MET': [0.0, 0.0], '400_375_failing_MET': [0.0, 0.0], '400_375_min_MET_pt': [10000000.0, 10000000.0], '400_370': [903.0, 899.0], '400_370_passing_MET': [0.0, 0.0], '400_370_failing_MET': [0.0, 0.0], '400_370_min_MET_pt': [10000000.0, 10000000.0], '425_415': [892.0, 1816.0], '425_415_passing_MET': [0.0, 0.0], '425_415_failing_MET': [0.0, 0.0], '425_415_min_MET_pt': [10000000.0, 10000000.0], '425_410': [0.0, 0.0], '425_410_passing_MET': [0.0, 0.0], '425_410_failing_MET': [0.0, 0.0], '425_410_min_MET_pt': [10000000.0, 10000000.0], '425_405': [0.0, 943.0], '425_405_passing_MET': [0.0, 914.0], '425_405_failing_MET': [0.0, 29.0], '425_405_min_MET_pt': [10000000.0, 33.49140167236328], '425_400': [0.0, 0.0], '425_400_passing_MET': [0.0, 0.0], '425_400_failing_MET': [0.0, 0.0], '425_400_min_MET_pt': [10000000.0, 10000000.0], '425_395': [1970.0, 968.0], '425_395_passing_MET': [0.0, 0.0], '425_395_failing_MET': [0.0, 0.0], '425_395_min_MET_pt': [10000000.0, 10000000.0], '450_440': [2767.0, 1903.0], '450_440_passing_MET': [0.0, 0.0], '450_440_failing_MET': [0.0, 0.0], '450_440_min_MET_pt': [10000000.0, 10000000.0], '450_435': [0.0, 1003.0], '450_435_passing_MET': [0.0, 975.0], '450_435_failing_MET': [0.0, 28.0], '450_435_min_MET_pt': [10000000.0, 35.73582458496094], '450_430': [0.0, 0.0], '450_430_passing_MET': [0.0, 0.0], '450_430_failing_MET': [0.0, 0.0], '450_430_min_MET_pt': [10000000.0, 10000000.0], '450_425': [0.0, 0.0], '450_425_passing_MET': [0.0, 0.0], '450_425_failing_MET': [0.0, 0.0], '450_425_min_MET_pt': [10000000.0, 10000000.0], '450_420': [1005.0, 0.0], '450_420_passing_MET': [972.0, 0.0], '450_420_failing_MET': [33.0, 0.0], '450_420_min_MET_pt': [30.20589828491211, 10000000.0], '475_465': [0.0, 0.0], '475_465_passing_MET': [0.0, 0.0], '475_465_failing_MET': [0.0, 0.0], '475_465_min_MET_pt': [10000000.0, 10000000.0], '475_460': [0.0, 0.0], '475_460_passing_MET': [0.0, 0.0], '475_460_failing_MET': [0.0, 0.0], '475_460_min_MET_pt': [10000000.0, 10000000.0], '475_455': [0.0, 0.0], '475_455_passing_MET': [0.0, 0.0], '475_455_failing_MET': [0.0, 0.0], '475_455_min_MET_pt': [10000000.0, 10000000.0], '475_450': [0.0, 0.0], '475_450_passing_MET': [0.0, 0.0], '475_450_failing_MET': [0.0, 0.0], '475_450_min_MET_pt': [10000000.0, 10000000.0], '475_445': [993.0, 0.0], '475_445_passing_MET': [959.0, 0.0], '475_445_failing_MET': [34.0, 0.0], '475_445_min_MET_pt': [28.204612731933594, 10000000.0], '500_490': [1899.0, 1974.0], '500_490_passing_MET': [0.0, 0.0], '500_490_failing_MET': [0.0, 0.0], '500_490_min_MET_pt': [10000000.0, 10000000.0], '500_485': [0.0, 960.0], '500_485_passing_MET': [0.0, 934.0], '500_485_failing_MET': [0.0, 26.0], '500_485_min_MET_pt': [10000000.0, 29.169939041137695], '500_480': [0.0, 0.0], '500_480_passing_MET': [0.0, 0.0], '500_480_failing_MET': [0.0, 0.0], '500_480_min_MET_pt': [10000000.0, 10000000.0], '500_475': [0.0, 996.0], '500_475_passing_MET': [0.0, 960.0], '500_475_failing_MET': [0.0, 36.0], '500_475_min_MET_pt': [10000000.0, 18.52397918701172], '500_470': [0.0, 1998.0], '500_470_passing_MET': [0.0, 1938.0], '500_470_failing_MET': [0.0, 60.0], '500_470_min_MET_pt': [10000000.0, 11.921415328979492], '525_515': [0.0, 0.0], '525_515_passing_MET': [0.0, 0.0], '525_515_failing_MET': [0.0, 0.0], '525_515_min_MET_pt': [10000000.0, 10000000.0], '525_510': [0.0, 0.0], '525_510_passing_MET': [0.0, 0.0], '525_510_failing_MET': [0.0, 0.0], '525_510_min_MET_pt': [10000000.0, 10000000.0], '525_505': [0.0, 0.0], '525_505_passing_MET': [0.0, 0.0], '525_505_failing_MET': [0.0, 0.0], '525_505_min_MET_pt': [10000000.0, 10000000.0], '525_500': [0.0, 0.0], '525_500_passing_MET': [0.0, 0.0], '525_500_failing_MET': [0.0, 0.0], '525_500_min_MET_pt': [10000000.0, 10000000.0], '525_495': [0.0, 0.0], '525_495_passing_MET': [0.0, 0.0], '525_495_failing_MET': [0.0, 0.0], '525_495_min_MET_pt': [10000000.0, 10000000.0], '550_540': [2017.0, 1969.0], '550_540_passing_MET': [0.0, 0.0], '550_540_failing_MET': [0.0, 0.0], '550_540_min_MET_pt': [10000000.0, 10000000.0], '550_535': [0.0, 0.0], '550_535_passing_MET': [0.0, 0.0], '550_535_failing_MET': [0.0, 0.0], '550_535_min_MET_pt': [10000000.0, 10000000.0], '550_530': [0.0, 0.0], '550_530_passing_MET': [0.0, 0.0], '550_530_failing_MET': [0.0, 0.0], '550_530_min_MET_pt': [10000000.0, 10000000.0], '550_525': [0.0, 829.0], '550_525_passing_MET': [0.0, 805.0], '550_525_failing_MET': [0.0, 24.0], '550_525_min_MET_pt': [10000000.0, 21.148643493652344], '550_520': [1034.0, 0.0], '550_520_passing_MET': [1004.0, 0.0], '550_520_failing_MET': [30.0, 0.0], '550_520_min_MET_pt': [52.471534729003906, 10000000.0], '575_565': [0.0, 0.0], '575_565_passing_MET': [0.0, 0.0], '575_565_failing_MET': [0.0, 0.0], '575_565_min_MET_pt': [10000000.0, 10000000.0], '575_560': [0.0, 0.0], '575_560_passing_MET': [0.0, 0.0], '575_560_failing_MET': [0.0, 0.0], '575_560_min_MET_pt': [10000000.0, 10000000.0], '575_555': [0.0, 0.0], '575_555_passing_MET': [0.0, 0.0], '575_555_failing_MET': [0.0, 0.0], '575_555_min_MET_pt': [10000000.0, 10000000.0], '575_550': [0.0, 0.0], '575_550_passing_MET': [0.0, 0.0], '575_550_failing_MET': [0.0, 0.0], '575_550_min_MET_pt': [10000000.0, 10000000.0], '575_545': [0.0, 0.0], '575_545_passing_MET': [0.0, 0.0], '575_545_failing_MET': [0.0, 0.0], '575_545_min_MET_pt': [10000000.0, 10000000.0], '600_590': [0.0, 3007.0], '600_590_passing_MET': [0.0, 2916.0], '600_590_failing_MET': [0.0, 91.0], '600_590_min_MET_pt': [10000000.0, 26.125286102294922], '600_585': [0.0, 885.0], '600_585_passing_MET': [0.0, 853.0], '600_585_failing_MET': [0.0, 32.0], '600_585_min_MET_pt': [10000000.0, 50.83721923828125], '600_580': [1010.0, 0.0], '600_580_passing_MET': [968.0, 0.0], '600_580_failing_MET': [42.0, 0.0], '600_580_min_MET_pt': [24.979175567626953, 10000000.0], '600_575': [0.0, 1809.0], '600_575_passing_MET': [0.0, 1768.0], '600_575_failing_MET': [0.0, 41.0], '600_575_min_MET_pt': [10000000.0, 45.15168380737305], '600_570': [1109.0, 0.0], '600_570_passing_MET': [1077.0, 0.0], '600_570_failing_MET': [32.0, 0.0], '600_570_min_MET_pt': [23.05339241027832, 10000000.0], '625_615': [0.0, 0.0], '625_615_passing_MET': [0.0, 0.0], '625_615_failing_MET': [0.0, 0.0], '625_615_min_MET_pt': [10000000.0, 10000000.0], '625_610': [0.0, 0.0], '625_610_passing_MET': [0.0, 0.0], '625_610_failing_MET': [0.0, 0.0], '625_610_min_MET_pt': [10000000.0, 10000000.0], '625_605': [0.0, 0.0], '625_605_passing_MET': [0.0, 0.0], '625_605_failing_MET': [0.0, 0.0], '625_605_min_MET_pt': [10000000.0, 10000000.0], '625_600': [0.0, 0.0], '625_600_passing_MET': [0.0, 0.0], '625_600_failing_MET': [0.0, 0.0], '625_600_min_MET_pt': [10000000.0, 10000000.0], '625_595': [0.0, 0.0], '625_595_passing_MET': [0.0, 0.0], '625_595_failing_MET': [0.0, 0.0], '625_595_min_MET_pt': [10000000.0, 10000000.0], '650_640': [1059.0, 2025.0], '650_640_passing_MET': [0.0, 0.0], '650_640_failing_MET': [0.0, 0.0], '650_640_min_MET_pt': [10000000.0, 10000000.0], '650_635': [0.0, 0.0], '650_635_passing_MET': [0.0, 0.0], '650_635_failing_MET': [0.0, 0.0], '650_635_min_MET_pt': [10000000.0, 10000000.0], '650_630': [2123.0, 0.0], '650_630_passing_MET': [2069.0, 0.0], '650_630_failing_MET': [54.0, 0.0], '650_630_min_MET_pt': [44.756168365478516, 10000000.0], '650_625': [0.0, 0.0], '650_625_passing_MET': [0.0, 0.0], '650_625_failing_MET': [0.0, 0.0], '650_625_min_MET_pt': [10000000.0, 10000000.0], '650_620': [0.0, 0.0], '650_620_passing_MET': [0.0, 0.0], '650_620_failing_MET': [0.0, 0.0], '650_620_min_MET_pt': [10000000.0, 10000000.0], '675_665': [0.0, 0.0], '675_665_passing_MET': [0.0, 0.0], '675_665_failing_MET': [0.0, 0.0], '675_665_min_MET_pt': [10000000.0, 10000000.0], '675_660': [0.0, 0.0], '675_660_passing_MET': [0.0, 0.0], '675_660_failing_MET': [0.0, 0.0], '675_660_min_MET_pt': [10000000.0, 10000000.0], '675_655': [0.0, 0.0], '675_655_passing_MET': [0.0, 0.0], '675_655_failing_MET': [0.0, 0.0], '675_655_min_MET_pt': [10000000.0, 10000000.0], '675_650': [0.0, 0.0], '675_650_passing_MET': [0.0, 0.0], '675_650_failing_MET': [0.0, 0.0], '675_650_min_MET_pt': [10000000.0, 10000000.0], '675_645': [0.0, 0.0], '675_645_passing_MET': [0.0, 0.0], '675_645_failing_MET': [0.0, 0.0], '675_645_min_MET_pt': [10000000.0, 10000000.0], '700_690': [2088.0, 0.0], '700_690_passing_MET': [2028.0, 0.0], '700_690_failing_MET': [60.0, 0.0], '700_690_min_MET_pt': [22.944881439208984, 10000000.0], '700_685': [0.0, 0.0], '700_685_passing_MET': [0.0, 0.0], '700_685_failing_MET': [0.0, 0.0], '700_685_min_MET_pt': [10000000.0, 10000000.0], '700_680': [0.0, 0.0], '700_680_passing_MET': [0.0, 0.0], '700_680_failing_MET': [0.0, 0.0], '700_680_min_MET_pt': [10000000.0, 10000000.0], '700_675': [884.0, 0.0], '700_675_passing_MET': [858.0, 0.0], '700_675_failing_MET': [26.0, 0.0], '700_675_min_MET_pt': [25.33282470703125, 10000000.0], '700_670': [0.0, 1110.0], '700_670_passing_MET': [0.0, 1069.0], '700_670_failing_MET': [0.0, 41.0], '700_670_min_MET_pt': [10000000.0, 46.632869720458984], '725_715': [0.0, 0.0], '725_715_passing_MET': [0.0, 0.0], '725_715_failing_MET': [0.0, 0.0], '725_715_min_MET_pt': [10000000.0, 10000000.0], '725_710': [0.0, 0.0], '725_710_passing_MET': [0.0, 0.0], '725_710_failing_MET': [0.0, 0.0], '725_710_min_MET_pt': [10000000.0, 10000000.0], '725_705': [0.0, 0.0], '725_705_passing_MET': [0.0, 0.0], '725_705_failing_MET': [0.0, 0.0], '725_705_min_MET_pt': [10000000.0, 10000000.0], '725_700': [0.0, 0.0], '725_700_passing_MET': [0.0, 0.0], '725_700_failing_MET': [0.0, 0.0], '725_700_min_MET_pt': [10000000.0, 10000000.0], '725_695': [0.0, 0.0], '725_695_passing_MET': [0.0, 0.0], '725_695_failing_MET': [0.0, 0.0], '725_695_min_MET_pt': [10000000.0, 10000000.0], '750_740': [2110.0, 3222.0], '750_740_passing_MET': [0.0, 0.0], '750_740_failing_MET': [0.0, 0.0], '750_740_min_MET_pt': [10000000.0, 10000000.0], '750_735': [0.0, 0.0], '750_735_passing_MET': [0.0, 0.0], '750_735_failing_MET': [0.0, 0.0], '750_735_min_MET_pt': [10000000.0, 10000000.0], '750_730': [0.0, 0.0], '750_730_passing_MET': [0.0, 0.0], '750_730_failing_MET': [0.0, 0.0], '750_730_min_MET_pt': [10000000.0, 10000000.0], '750_725': [0.0, 900.0], '750_725_passing_MET': [0.0, 879.0], '750_725_failing_MET': [0.0, 21.0], '750_725_min_MET_pt': [10000000.0, 54.665184020996094], '750_720': [0.0, 1111.0], '750_720_passing_MET': [0.0, 1073.0], '750_720_failing_MET': [0.0, 38.0], '750_720_min_MET_pt': [10000000.0, 20.690603256225586], '775_765': [0.0, 0.0], '775_765_passing_MET': [0.0, 0.0], '775_765_failing_MET': [0.0, 0.0], '775_765_min_MET_pt': [10000000.0, 10000000.0], '775_760': [0.0, 0.0], '775_760_passing_MET': [0.0, 0.0], '775_760_failing_MET': [0.0, 0.0], '775_760_min_MET_pt': [10000000.0, 10000000.0], '775_755': [0.0, 0.0], '775_755_passing_MET': [0.0, 0.0], '775_755_failing_MET': [0.0, 0.0], '775_755_min_MET_pt': [10000000.0, 10000000.0], '775_750': [0.0, 0.0], '775_750_passing_MET': [0.0, 0.0], '775_750_failing_MET': [0.0, 0.0], '775_750_min_MET_pt': [10000000.0, 10000000.0], '775_745': [0.0, 0.0], '775_745_passing_MET': [0.0, 0.0], '775_745_failing_MET': [0.0, 0.0], '775_745_min_MET_pt': [10000000.0, 10000000.0], '800_790': [1119.0, 2126.0], '800_790_passing_MET': [0.0, 0.0], '800_790_failing_MET': [0.0, 0.0], '800_790_min_MET_pt': [10000000.0, 10000000.0], '800_785': [0.0, 0.0], '800_785_passing_MET': [0.0, 0.0], '800_785_failing_MET': [0.0, 0.0], '800_785_min_MET_pt': [10000000.0, 10000000.0], '800_780': [0.0, 0.0], '800_780_passing_MET': [0.0, 0.0], '800_780_failing_MET': [0.0, 0.0], '800_780_min_MET_pt': [10000000.0, 10000000.0], '800_775': [0.0, 950.0], '800_775_passing_MET': [0.0, 923.0], '800_775_failing_MET': [0.0, 27.0], '800_775_min_MET_pt': [10000000.0, 13.141741752624512], '800_770': [0.0, 0.0], '800_770_passing_MET': [0.0, 0.0], '800_770_failing_MET': [0.0, 0.0], '800_770_min_MET_pt': [10000000.0, 10000000.0], '825_815': [0.0, 0.0], '825_815_passing_MET': [0.0, 0.0], '825_815_failing_MET': [0.0, 0.0], '825_815_min_MET_pt': [10000000.0, 10000000.0], '825_810': [0.0, 0.0], '825_810_passing_MET': [0.0, 0.0], '825_810_failing_MET': [0.0, 0.0], '825_810_min_MET_pt': [10000000.0, 10000000.0], '825_805': [0.0, 0.0], '825_805_passing_MET': [0.0, 0.0], '825_805_failing_MET': [0.0, 0.0], '825_805_min_MET_pt': [10000000.0, 10000000.0], '825_800': [0.0, 0.0], '825_800_passing_MET': [0.0, 0.0], '825_800_failing_MET': [0.0, 0.0], '825_800_min_MET_pt': [10000000.0, 10000000.0], '825_795': [0.0, 0.0], '825_795_passing_MET': [0.0, 0.0], '825_795_failing_MET': [0.0, 0.0], '825_795_min_MET_pt': [10000000.0, 10000000.0], '850_840': [0.0, 2144.0], '850_840_passing_MET': [0.0, 2094.0], '850_840_failing_MET': [0.0, 50.0], '850_840_min_MET_pt': [10000000.0, 42.45029067993164], '850_835': [0.0, 1916.0], '850_835_passing_MET': [0.0, 1881.0], '850_835_failing_MET': [0.0, 35.0], '850_835_min_MET_pt': [10000000.0, 43.320556640625], '850_830': [0.0, 0.0], '850_830_passing_MET': [0.0, 0.0], '850_830_failing_MET': [0.0, 0.0], '850_830_min_MET_pt': [10000000.0, 10000000.0], '850_825': [0.0, 0.0], '850_825_passing_MET': [0.0, 0.0], '850_825_failing_MET': [0.0, 0.0], '850_825_min_MET_pt': [10000000.0, 10000000.0], '850_820': [0.0, 0.0], '850_820_passing_MET': [0.0, 0.0], '850_820_failing_MET': [0.0, 0.0], '850_820_min_MET_pt': [10000000.0, 10000000.0], '875_865': [0.0, 0.0], '875_865_passing_MET': [0.0, 0.0], '875_865_failing_MET': [0.0, 0.0], '875_865_min_MET_pt': [10000000.0, 10000000.0], '875_860': [0.0, 0.0], '875_860_passing_MET': [0.0, 0.0], '875_860_failing_MET': [0.0, 0.0], '875_860_min_MET_pt': [10000000.0, 10000000.0], '875_855': [0.0, 0.0], '875_855_passing_MET': [0.0, 0.0], '875_855_failing_MET': [0.0, 0.0], '875_855_min_MET_pt': [10000000.0, 10000000.0], '875_850': [0.0, 0.0], '875_850_passing_MET': [0.0, 0.0], '875_850_failing_MET': [0.0, 0.0], '875_850_min_MET_pt': [10000000.0, 10000000.0], '875_845': [0.0, 0.0], '875_845_passing_MET': [0.0, 0.0], '875_845_failing_MET': [0.0, 0.0], '875_845_min_MET_pt': [10000000.0, 10000000.0], '900_890': [0.0, 1072.0], '900_890_passing_MET': [0.0, 1044.0], '900_890_failing_MET': [0.0, 28.0], '900_890_min_MET_pt': [10000000.0, 36.00869369506836], '900_885': [0.0, 0.0], '900_885_passing_MET': [0.0, 0.0], '900_885_failing_MET': [0.0, 0.0], '900_885_min_MET_pt': [10000000.0, 10000000.0], '900_880': [0.0, 0.0], '900_880_passing_MET': [0.0, 0.0], '900_880_failing_MET': [0.0, 0.0], '900_880_min_MET_pt': [10000000.0, 10000000.0], '900_875': [0.0, 0.0], '900_875_passing_MET': [0.0, 0.0], '900_875_failing_MET': [0.0, 0.0], '900_875_min_MET_pt': [10000000.0, 10000000.0], '900_870': [0.0, 0.0], '900_870_passing_MET': [0.0, 0.0], '900_870_failing_MET': [0.0, 0.0], '900_870_min_MET_pt': [10000000.0, 10000000.0], '925_915': [0.0, 0.0], '925_915_passing_MET': [0.0, 0.0], '925_915_failing_MET': [0.0, 0.0], '925_915_min_MET_pt': [10000000.0, 10000000.0], '925_910': [0.0, 0.0], '925_910_passing_MET': [0.0, 0.0], '925_910_failing_MET': [0.0, 0.0], '925_910_min_MET_pt': [10000000.0, 10000000.0], '925_905': [0.0, 0.0], '925_905_passing_MET': [0.0, 0.0], '925_905_failing_MET': [0.0, 0.0], '925_905_min_MET_pt': [10000000.0, 10000000.0], '925_900': [0.0, 0.0], '925_900_passing_MET': [0.0, 0.0], '925_900_failing_MET': [0.0, 0.0], '925_900_min_MET_pt': [10000000.0, 10000000.0], '925_895': [0.0, 0.0], '925_895_passing_MET': [0.0, 0.0], '925_895_failing_MET': [0.0, 0.0], '925_895_min_MET_pt': [10000000.0, 10000000.0], '950_940': [0.0, 1073.0], '950_940_passing_MET': [0.0, 1053.0], '950_940_failing_MET': [0.0, 20.0], '950_940_min_MET_pt': [10000000.0, 42.160404205322266], '950_935': [0.0, 996.0], '950_935_passing_MET': [0.0, 975.0], '950_935_failing_MET': [0.0, 21.0], '950_935_min_MET_pt': [10000000.0, 23.405122756958008], '950_930': [0.0, 0.0], '950_930_passing_MET': [0.0, 0.0], '950_930_failing_MET': [0.0, 0.0], '950_930_min_MET_pt': [10000000.0, 10000000.0], '950_925': [1002.0, 1014.0], '950_925_passing_MET': [0.0, 0.0], '950_925_failing_MET': [0.0, 0.0], '950_925_min_MET_pt': [10000000.0, 10000000.0], '950_920': [0.0, 0.0], '950_920_passing_MET': [0.0, 0.0], '950_920_failing_MET': [0.0, 0.0], '950_920_min_MET_pt': [10000000.0, 10000000.0], '975_965': [0.0, 0.0], '975_965_passing_MET': [0.0, 0.0], '975_965_failing_MET': [0.0, 0.0], '975_965_min_MET_pt': [10000000.0, 10000000.0], '975_960': [0.0, 0.0], '975_960_passing_MET': [0.0, 0.0], '975_960_failing_MET': [0.0, 0.0], '975_960_min_MET_pt': [10000000.0, 10000000.0], '975_955': [0.0, 0.0], '975_955_passing_MET': [0.0, 0.0], '975_955_failing_MET': [0.0, 0.0], '975_955_min_MET_pt': [10000000.0, 10000000.0], '975_950': [0.0, 0.0], '975_950_passing_MET': [0.0, 0.0], '975_950_failing_MET': [0.0, 0.0], '975_950_min_MET_pt': [10000000.0, 10000000.0], '975_945': [0.0, 0.0], '975_945_passing_MET': [0.0, 0.0], '975_945_failing_MET': [0.0, 0.0], '975_945_min_MET_pt': [10000000.0, 10000000.0], '1000_990': [0.0, 1071.0], '1000_990_passing_MET': [0.0, 1043.0], '1000_990_failing_MET': [0.0, 28.0], '1000_990_min_MET_pt': [10000000.0, 32.53724670410156], '1000_985': [986.0, 0.0], '1000_985_passing_MET': [971.0, 0.0], '1000_985_failing_MET': [15.0, 0.0], '1000_985_min_MET_pt': [27.261215209960938, 10000000.0], '1000_980': [1070.0, 0.0], '1000_980_passing_MET': [1038.0, 0.0], '1000_980_failing_MET': [32.0, 0.0], '1000_980_min_MET_pt': [44.79426574707031, 10000000.0], '1000_975': [1972.0, 0.0], '1000_975_passing_MET': [1929.0, 0.0], '1000_975_failing_MET': [43.0, 0.0], '1000_975_min_MET_pt': [24.2587833404541, 10000000.0], '1000_970': [0.0, 0.0], '1000_970_passing_MET': [0.0, 0.0], '1000_970_failing_MET': [0.0, 0.0], '1000_970_min_MET_pt': [10000000.0, 10000000.0], '1025_1015': [0.0, 0.0], '1025_1015_passing_MET': [0.0, 0.0], '1025_1015_failing_MET': [0.0, 0.0], '1025_1015_min_MET_pt': [10000000.0, 10000000.0], '1025_1010': [0.0, 0.0], '1025_1010_passing_MET': [0.0, 0.0], '1025_1010_failing_MET': [0.0, 0.0], '1025_1010_min_MET_pt': [10000000.0, 10000000.0], '1025_1005': [0.0, 0.0], '1025_1005_passing_MET': [0.0, 0.0], '1025_1005_failing_MET': [0.0, 0.0], '1025_1005_min_MET_pt': [10000000.0, 10000000.0], '1025_1000': [0.0, 0.0], '1025_1000_passing_MET': [0.0, 0.0], '1025_1000_failing_MET': [0.0, 0.0], '1025_1000_min_MET_pt': [10000000.0, 10000000.0], '1025_995': [0.0, 0.0], '1025_995_passing_MET': [0.0, 0.0], '1025_995_failing_MET': [0.0, 0.0], '1025_995_min_MET_pt': [10000000.0, 10000000.0], '1050_1040': [0.0, 0.0], '1050_1040_passing_MET': [0.0, 0.0], '1050_1040_failing_MET': [0.0, 0.0], '1050_1040_min_MET_pt': [10000000.0, 10000000.0], '1050_1035': [0.0, 0.0], '1050_1035_passing_MET': [0.0, 0.0], '1050_1035_failing_MET': [0.0, 0.0], '1050_1035_min_MET_pt': [10000000.0, 10000000.0], '1050_1030': [0.0, 0.0], '1050_1030_passing_MET': [0.0, 0.0], '1050_1030_failing_MET': [0.0, 0.0], '1050_1030_min_MET_pt': [10000000.0, 10000000.0], '1050_1025': [0.0, 0.0], '1050_1025_passing_MET': [0.0, 0.0], '1050_1025_failing_MET': [0.0, 0.0], '1050_1025_min_MET_pt': [10000000.0, 10000000.0], '1050_1020': [0.0, 0.0], '1050_1020_passing_MET': [0.0, 0.0], '1050_1020_failing_MET': [0.0, 0.0], '1050_1020_min_MET_pt': [10000000.0, 10000000.0], '1075_1065': [0.0, 0.0], '1075_1065_passing_MET': [0.0, 0.0], '1075_1065_failing_MET': [0.0, 0.0], '1075_1065_min_MET_pt': [10000000.0, 10000000.0], '1075_1060': [0.0, 0.0], '1075_1060_passing_MET': [0.0, 0.0], '1075_1060_failing_MET': [0.0, 0.0], '1075_1060_min_MET_pt': [10000000.0, 10000000.0], '1075_1055': [0.0, 0.0], '1075_1055_passing_MET': [0.0, 0.0], '1075_1055_failing_MET': [0.0, 0.0], '1075_1055_min_MET_pt': [10000000.0, 10000000.0], '1075_1050': [0.0, 0.0], '1075_1050_passing_MET': [0.0, 0.0], '1075_1050_failing_MET': [0.0, 0.0], '1075_1050_min_MET_pt': [10000000.0, 10000000.0], '1075_1045': [0.0, 0.0], '1075_1045_passing_MET': [0.0, 0.0], '1075_1045_failing_MET': [0.0, 0.0], '1075_1045_min_MET_pt': [10000000.0, 10000000.0], '1100_1090': [1040.0, 0.0], '1100_1090_passing_MET': [1020.0, 0.0], '1100_1090_failing_MET': [20.0, 0.0], '1100_1090_min_MET_pt': [20.91449546813965, 10000000.0], '1100_1085': [0.0, 1057.0], '1100_1085_passing_MET': [0.0, 1034.0], '1100_1085_failing_MET': [0.0, 23.0], '1100_1085_min_MET_pt': [10000000.0, 13.528311729431152], '1100_1080': [0.0, 0.0], '1100_1080_passing_MET': [0.0, 0.0], '1100_1080_failing_MET': [0.0, 0.0], '1100_1080_min_MET_pt': [10000000.0, 10000000.0], '1100_1075': [0.0, 0.0], '1100_1075_passing_MET': [0.0, 0.0], '1100_1075_failing_MET': [0.0, 0.0], '1100_1075_min_MET_pt': [10000000.0, 10000000.0], '1100_1070': [0.0, 0.0], '1100_1070_passing_MET': [0.0, 0.0], '1100_1070_failing_MET': [0.0, 0.0], '1100_1070_min_MET_pt': [10000000.0, 10000000.0], 'nEventsTotal': 175170.0, 'strange masspoints': 0.0, 'orphans': 0.0, 'R-hadron event': 1.0, 'different stop antistop masses': 0.0, 'strange error': 0.0, 'strange event': 0.0, 'different neutralino masses': 12894.0, 'large differences': 0.0, '550_526': [0.0, 158.0], '550_526_passing_MET': [0.0, 148.0], '550_526_failing_MET': [0.0, 10.0], '550_526_min_MET_pt': [10000000.0, 19.389741897583008], '876_860': [0.0, 2256.0], '876_860_passing_MET': [0.0, 2198.0], '876_860_failing_MET': [0.0, 58.0], '876_860_min_MET_pt': [10000000.0, 8.817442893981934], '526_515': [884.0, 2668.0], '526_515_passing_MET': [863.0, 2583.0], '526_515_failing_MET': [21.0, 85.0], '526_515_min_MET_pt': [61.42060470581055, 7.8171257972717285], '526_516': [90.0, 251.0], '526_516_passing_MET': [85.0, 241.0], '526_516_failing_MET': [5.0, 10.0], '526_516_min_MET_pt': [39.52992248535156, 64.259765625], '600_576': [0.0, 323.0], '600_576_passing_MET': [0.0, 308.0], '600_576_failing_MET': [0.0, 15.0], '600_576_min_MET_pt': [10000000.0, 29.112546920776367], '826_795': [935.0, 0.0], '826_795_passing_MET': [909.0, 0.0], '826_795_failing_MET': [26.0, 0.0], '826_795_min_MET_pt': [14.220703125, 10000000.0], '826_796': [184.0, 0.0], '826_796_passing_MET': [176.0, 0.0], '826_796_failing_MET': [8.0, 0.0], '826_796_min_MET_pt': [50.64137268066406, 10000000.0], '976_950': [1197.0, 0.0], '976_950_passing_MET': [1167.0, 0.0], '976_950_failing_MET': [30.0, 0.0], '976_950_min_MET_pt': [41.934329986572266, 10000000.0], '1100_1084': [0.0, 145.0], '1100_1084_passing_MET': [0.0, 144.0], '1100_1084_failing_MET': [0.0, 1.0], '1100_1084_min_MET_pt': [10000000.0, 97.21125030517578], '950_926': [187.0, 178.0], '950_926_passing_MET': [183.0, 170.0], '950_926_failing_MET': [4.0, 8.0], '950_926_min_MET_pt': [65.84591674804688, 43.07981872558594], '876_865': [0.0, 2026.0], '876_865_passing_MET': [0.0, 1978.0], '876_865_failing_MET': [0.0, 48.0], '876_865_min_MET_pt': [10000000.0, 17.36982536315918], '876_866': [0.0, 159.0], '876_866_passing_MET': [0.0, 157.0], '876_866_failing_MET': [0.0, 2.0], '876_866_min_MET_pt': [10000000.0, 77.26863861083984], '1000_976': [381.0, 0.0], '1000_976_passing_MET': [368.0, 0.0], '1000_976_failing_MET': [13.0, 0.0], '1000_976_min_MET_pt': [58.08551788330078, 10000000.0], '726_705': [0.0, 913.0], '726_705_passing_MET': [0.0, 880.0], '726_705_failing_MET': [0.0, 33.0], '726_705_min_MET_pt': [10000000.0, 28.622507095336914], '726_706': [0.0, 157.0], '726_706_passing_MET': [0.0, 154.0], '726_706_failing_MET': [0.0, 3.0], '726_706_min_MET_pt': [10000000.0, 55.34502410888672], '776_765': [1935.0, 1011.0], '776_765_passing_MET': [1895.0, 988.0], '776_765_failing_MET': [40.0, 23.0], '776_765_min_MET_pt': [21.899213790893555, 17.866119384765625], '776_766': [219.0, 85.0], '776_766_passing_MET': [210.0, 84.0], '776_766_failing_MET': [9.0, 1.0], '776_766_min_MET_pt': [37.2870979309082, 44.359893798828125], '1076_1050': [1076.0, 0.0], '1076_1050_passing_MET': [1047.0, 0.0], '1076_1050_failing_MET': [29.0, 0.0], '1076_1050_min_MET_pt': [9.663961410522461, 10000000.0], '1076_1052': [181.0, 0.0], '1076_1052_passing_MET': [179.0, 0.0], '1076_1052_failing_MET': [2.0, 0.0], '1076_1052_min_MET_pt': [65.86320495605469, 10000000.0], '1076_1060': [1168.0, 1186.0], '1076_1060_passing_MET': [1144.0, 1154.0], '1076_1060_failing_MET': [24.0, 32.0], '1076_1060_min_MET_pt': [16.74958610534668, 24.137449264526367], '626_600': [2093.0, 0.0], '626_600_passing_MET': [2037.0, 0.0], '626_600_failing_MET': [56.0, 0.0], '626_600_min_MET_pt': [11.5849609375, 10000000.0], '676_650': [1101.0, 0.0], '676_650_passing_MET': [1070.0, 0.0], '676_650_failing_MET': [31.0, 0.0], '676_650_min_MET_pt': [29.988073348999023, 10000000.0], '626_616': [0.0, 97.0], '626_616_passing_MET': [0.0, 95.0], '626_616_failing_MET': [0.0, 2.0], '626_616_min_MET_pt': [10000000.0, 86.33609771728516], '626_615': [0.0, 942.0], '626_615_passing_MET': [0.0, 922.0], '626_615_failing_MET': [0.0, 20.0], '626_615_min_MET_pt': [10000000.0, 36.01144027709961], '1024_1015': [1010.0, 2139.0], '1024_1015_passing_MET': [983.0, 2095.0], '1024_1015_failing_MET': [27.0, 44.0], '1024_1015_min_MET_pt': [42.7964973449707, 14.769783020019531], '1024_1016': [103.0, 195.0], '1024_1016_passing_MET': [102.0, 192.0], '1024_1016_failing_MET': [1.0, 3.0], '1024_1016_min_MET_pt': [44.57459259033203, 71.99614715576172], '976_955': [1029.0, 2019.0], '976_955_passing_MET': [1009.0, 1968.0], '976_955_failing_MET': [20.0, 51.0], '976_955_min_MET_pt': [41.09192657470703, 16.686729431152344], '976_956': [155.0, 334.0], '976_956_passing_MET': [152.0, 325.0], '976_956_failing_MET': [3.0, 9.0], '976_956_min_MET_pt': [72.05255126953125, 40.61258316040039], '950_936': [0.0, 155.0], '950_936_passing_MET': [0.0, 152.0], '950_936_failing_MET': [0.0, 3.0], '950_936_min_MET_pt': [10000000.0, 25.854711532592773], '726_715': [971.0, 2801.0], '726_715_passing_MET': [951.0, 2734.0], '726_715_failing_MET': [20.0, 67.0], '726_715_min_MET_pt': [30.670257568359375, 14.672937393188477], '726_716': [97.0, 310.0], '726_716_passing_MET': [96.0, 304.0], '726_716_failing_MET': [1.0, 6.0], '726_716_min_MET_pt': [86.40206146240234, 68.1712417602539], '876_850': [1157.0, 0.0], '876_850_passing_MET': [1124.0, 0.0], '876_850_failing_MET': [33.0, 0.0], '876_850_min_MET_pt': [40.690616607666016, 10000000.0], '576_550': [0.0, 1039.0], '576_550_passing_MET': [0.0, 1008.0], '576_550_failing_MET': [0.0, 31.0], '576_550_min_MET_pt': [10000000.0, 28.248123168945312], '1100_1092': [114.0, 0.0], '1100_1092_passing_MET': [112.0, 0.0], '1100_1092_failing_MET': [2.0, 0.0], '1100_1092_min_MET_pt': [64.38040924072266, 10000000.0], '850_836': [0.0, 265.0], '850_836_passing_MET': [0.0, 261.0], '850_836_failing_MET': [0.0, 4.0], '850_836_min_MET_pt': [10000000.0, 66.26054382324219], '576_565': [910.0, 856.0], '576_565_passing_MET': [885.0, 832.0], '576_565_failing_MET': [25.0, 24.0], '576_565_min_MET_pt': [39.21257019042969, 48.309547424316406], '576_566': [105.0, 83.0], '576_566_passing_MET': [103.0, 80.0], '576_566_failing_MET': [2.0, 3.0], '576_566_min_MET_pt': [34.78948211669922, 45.38486862182617], '776_745': [0.0, 949.0], '776_745_passing_MET': [0.0, 915.0], '776_745_failing_MET': [0.0, 34.0], '776_745_min_MET_pt': [10000000.0, 22.91251564025879], '776_746': [0.0, 173.0], '776_746_passing_MET': [0.0, 171.0], '776_746_failing_MET': [0.0, 2.0], '776_746_min_MET_pt': [10000000.0, 75.14775085449219], '626_610': [0.0, 1069.0], '626_610_passing_MET': [0.0, 1042.0], '626_610_failing_MET': [0.0, 27.0], '626_610_min_MET_pt': [10000000.0, 38.20530319213867], '676_665': [869.0, 988.0], '676_665_passing_MET': [847.0, 964.0], '676_665_failing_MET': [22.0, 24.0], '676_665_min_MET_pt': [42.19529342651367, 27.251272201538086], '676_666': [78.0, 85.0], '676_666_passing_MET': [78.0, 82.0], '676_666_failing_MET': [0.0, 3.0], '676_666_min_MET_pt': [104.29582977294922, 72.41456604003906], '1076_1044': [174.0, 0.0], '1076_1044_passing_MET': [168.0, 0.0], '1076_1044_failing_MET': [6.0, 0.0], '1076_1044_min_MET_pt': [48.25633239746094, 10000000.0], '1076_1045': [999.0, 0.0], '1076_1045_passing_MET': [977.0, 0.0], '1076_1045_failing_MET': [22.0, 0.0], '1076_1045_min_MET_pt': [62.38496398925781, 10000000.0], '700_676': [160.0, 0.0], '700_676_passing_MET': [157.0, 0.0], '700_676_failing_MET': [3.0, 0.0], '700_676_min_MET_pt': [18.440773010253906, 10000000.0], '1024_995': [976.0, 0.0], '1024_995_passing_MET': [940.0, 0.0], '1024_995_failing_MET': [36.0, 0.0], '1024_995_min_MET_pt': [17.843891143798828, 10000000.0], '1024_996': [188.0, 0.0], '1024_996_passing_MET': [179.0, 0.0], '1024_996_failing_MET': [9.0, 0.0], '1024_996_min_MET_pt': [65.33126068115234, 10000000.0], '1052_1040': [1140.0, 0.0], '1052_1040_passing_MET': [1112.0, 0.0], '1052_1040_failing_MET': [28.0, 0.0], '1052_1040_min_MET_pt': [22.228761672973633, 10000000.0], '1000_986': [150.0, 0.0], '1000_986_passing_MET': [148.0, 0.0], '1000_986_failing_MET': [2.0, 0.0], '1000_986_min_MET_pt': [81.511474609375, 10000000.0], '750_726': [0.0, 182.0], '750_726_passing_MET': [0.0, 175.0], '750_726_failing_MET': [0.0, 7.0], '750_726_min_MET_pt': [10000000.0, 15.392498970031738], '976_965': [1057.0, 0.0], '976_965_passing_MET': [1018.0, 0.0], '976_965_failing_MET': [39.0, 0.0], '976_965_min_MET_pt': [28.136137008666992, 10000000.0], '976_966': [85.0, 0.0], '976_966_passing_MET': [84.0, 0.0], '976_966_failing_MET': [1.0, 0.0], '976_966_min_MET_pt': [74.39070892333984, 10000000.0], '1052_1035': [977.0, 0.0], '1052_1035_passing_MET': [949.0, 0.0], '1052_1035_failing_MET': [28.0, 0.0], '1052_1035_min_MET_pt': [43.676029205322266, 10000000.0], '1052_1036': [149.0, 0.0], '1052_1036_passing_MET': [147.0, 0.0], '1052_1036_failing_MET': [2.0, 0.0], '1052_1036_min_MET_pt': [69.80555725097656, 10000000.0], '526_495': [1031.0, 0.0], '526_495_passing_MET': [989.0, 0.0], '526_495_failing_MET': [42.0, 0.0], '526_495_min_MET_pt': [27.58335304260254, 10000000.0], '676_655': [0.0, 946.0], '676_655_passing_MET': [0.0, 922.0], '676_655_failing_MET': [0.0, 24.0], '676_655_min_MET_pt': [10000000.0, 32.69546890258789], '676_656': [0.0, 141.0], '676_656_passing_MET': [0.0, 138.0], '676_656_failing_MET': [0.0, 3.0], '676_656_min_MET_pt': [10000000.0, 50.412200927734375], '1076_1065': [3157.0, 1053.0], '1076_1065_passing_MET': [3082.0, 1031.0], '1076_1065_failing_MET': [75.0, 22.0], '1076_1065_min_MET_pt': [5.528097629547119, 28.103397369384766], '1076_1064': [327.0, 105.0], '1076_1064_passing_MET': [319.0, 103.0], '1076_1064_failing_MET': [8.0, 2.0], '1076_1064_min_MET_pt': [14.482695579528809, 81.37498474121094], '1052_1020': [0.0, 1171.0], '1052_1020_passing_MET': [0.0, 1135.0], '1052_1020_failing_MET': [0.0, 36.0], '1052_1020_min_MET_pt': [10000000.0, 52.411006927490234], '776_750': [1097.0, 0.0], '776_750_passing_MET': [1059.0, 0.0], '776_750_failing_MET': [38.0, 0.0], '776_750_min_MET_pt': [37.72226333618164, 10000000.0], '526_500': [0.0, 1025.0], '526_500_passing_MET': [0.0, 987.0], '526_500_failing_MET': [0.0, 38.0], '526_500_min_MET_pt': [10000000.0, 16.457355499267578], '726_696': [0.0, 180.0], '726_696_passing_MET': [0.0, 176.0], '726_696_failing_MET': [0.0, 4.0], '726_696_min_MET_pt': [10000000.0, 44.41365051269531], '726_695': [0.0, 918.0], '726_695_passing_MET': [0.0, 898.0], '726_695_failing_MET': [0.0, 20.0], '726_695_min_MET_pt': [10000000.0, 35.307621002197266], '600_586': [0.0, 102.0], '600_586_passing_MET': [0.0, 97.0], '600_586_failing_MET': [0.0, 5.0], '600_586_min_MET_pt': [10000000.0, 66.04818725585938], '526_510': [1013.0, 0.0], '526_510_passing_MET': [989.0, 0.0], '526_510_failing_MET': [24.0, 0.0], '526_510_min_MET_pt': [50.374542236328125, 10000000.0], '526_505': [956.0, 0.0], '526_505_passing_MET': [933.0, 0.0], '526_505_failing_MET': [23.0, 0.0], '526_505_min_MET_pt': [31.680089950561523, 10000000.0], '976_960': [0.0, 1118.0], '976_960_passing_MET': [0.0, 1097.0], '976_960_failing_MET': [0.0, 21.0], '976_960_min_MET_pt': [10000000.0, 27.572738647460938], '800_776': [0.0, 167.0], '800_776_passing_MET': [0.0, 157.0], '800_776_failing_MET': [0.0, 10.0], '800_776_min_MET_pt': [10000000.0, 27.92339515686035], '576_555': [0.0, 857.0], '576_555_passing_MET': [0.0, 831.0], '576_555_failing_MET': [0.0, 26.0], '576_555_min_MET_pt': [10000000.0, 48.452693939208984], '576_556': [0.0, 180.0], '576_556_passing_MET': [0.0, 174.0], '576_556_failing_MET': [0.0, 6.0], '576_556_min_MET_pt': [10000000.0, 76.8259506225586]}
nevents_from_dict =  3550301698.374017
Results saved to /afs/cern.ch/work/m/mleoncoe/private/stop_met_check/outputs_2018/nanoAOD_177.json
done
