000 (9018140.577.000) 01/06 10:56:50 Job submitted from host: <188.185.6.50:9618?addrs=188.185.6.50-9618+[2001-1458-d00-62--100-2b1]-9618&alias=bigbird25.cern.ch&noUDP&sock=schedd_1627_90ad>
...
040 (9018140.577.000) 01/06 11:01:34 Started transferring input files
	Transferring to host: <188.185.212.175:9618?addrs=188.185.212.175-9618+[2001-1458-303-19--100-2b]-9618&alias=b9p26p0147.cern.ch&noUDP&sock=slot1_26_1765002_5416_33136>
...
040 (9018140.577.000) 01/06 11:01:34 Finished transferring input files
...
001 (9018140.577.000) 01/06 11:01:35 Job executing on host: <188.185.212.175:9618?addrs=188.185.212.175-9618+[2001-1458-303-19--100-2b]-9618&alias=b9p26p0147.cern.ch&noUDP&sock=startd_3922_be87>
	SlotName: slot1_26@b9p26p0147.cern.ch
	CondorScratchDir = "/pool/condor/dir_1128996"
	Cpus = 1
	Disk = 3842
	GPUs = 0
	Memory = 3000
...
006 (9018140.577.000) 01/06 11:01:49 Image size of job updated: 165704
	162  -  MemoryUsage of job (MB)
	165704  -  ResidentSetSize of job (KB)
...
006 (9018140.577.000) 01/06 11:06:50 Image size of job updated: 201184
	197  -  MemoryUsage of job (MB)
	201184  -  ResidentSetSize of job (KB)
...
006 (9018140.577.000) 01/06 11:11:51 Image size of job updated: 209680
	205  -  MemoryUsage of job (MB)
	209680  -  ResidentSetSize of job (KB)
...
006 (9018140.577.000) 01/06 11:16:51 Image size of job updated: 210024
	206  -  MemoryUsage of job (MB)
	210024  -  ResidentSetSize of job (KB)
...
006 (9018140.577.000) 01/06 11:21:52 Image size of job updated: 210132
	206  -  MemoryUsage of job (MB)
	210132  -  ResidentSetSize of job (KB)
...
006 (9018140.577.000) 01/06 11:26:52 Image size of job updated: 210976
	207  -  MemoryUsage of job (MB)
	210976  -  ResidentSetSize of job (KB)
...
040 (9018140.577.000) 01/06 11:26:58 Started transferring output files
...
040 (9018140.577.000) 01/06 11:27:00 Finished transferring output files
...
005 (9018140.577.000) 01/06 11:27:00 Job terminated.
	(1) Normal termination (return value 0)
		Usr 0 00:24:54, Sys 0 00:00:03  -  Run Remote Usage
		Usr 0 00:00:00, Sys 0 00:00:00  -  Run Local Usage
		Usr 0 00:24:54, Sys 0 00:00:03  -  Total Remote Usage
		Usr 0 00:00:00, Sys 0 00:00:00  -  Total Local Usage
	34751  -  Run Bytes Sent By Job
	21436  -  Run Bytes Received By Job
	34751  -  Total Bytes Sent By Job
	21436  -  Total Bytes Received By Job
	Partitionable Resources :    Usage  Request Allocated 
	   Cpus                 :     0.99        1         1 
	   Disk (KB)            :    82          22      3842 
	   GPUs                 :                           0 
	   Memory (MB)          :   207        3000      3000 
	   TimeExecute (s)      :  1523                       
	   TimeSlotBusy (s)     :  1526                       

	Job terminated of its own accord at 2026-01-06T10:26:58Z with exit-code 0.
...
