000 (9018140.601.000) 01/06 10:56:50 Job submitted from host: <188.185.6.50:9618?addrs=188.185.6.50-9618+[2001-1458-d00-62--100-2b1]-9618&alias=bigbird25.cern.ch&noUDP&sock=schedd_1627_90ad>
...
040 (9018140.601.000) 01/06 11:01:43 Started transferring input files
	Transferring to host: <188.185.212.202:9618?addrs=188.185.212.202-9618+[2001-1458-303-19--100-46]-9618&alias=b9p26p9899.cern.ch&noUDP&sock=slot1_39_3726499_690a_33145>
...
040 (9018140.601.000) 01/06 11:01:43 Finished transferring input files
...
001 (9018140.601.000) 01/06 11:01:44 Job executing on host: <188.185.212.202:9618?addrs=188.185.212.202-9618+[2001-1458-303-19--100-46]-9618&alias=b9p26p9899.cern.ch&noUDP&sock=startd_3725920_ca2c>
	SlotName: slot1_39@b9p26p9899.cern.ch
	CondorScratchDir = "/pool/condor/dir_3543026"
	Cpus = 1
	Disk = 3666
	GPUs = 0
	Memory = 3000
...
006 (9018140.601.000) 01/06 11:01:58 Image size of job updated: 111452
	109  -  MemoryUsage of job (MB)
	111452  -  ResidentSetSize of job (KB)
...
006 (9018140.601.000) 01/06 11:06:59 Image size of job updated: 202480
	198  -  MemoryUsage of job (MB)
	202480  -  ResidentSetSize of job (KB)
...
006 (9018140.601.000) 01/06 11:11:59 Image size of job updated: 213216
	209  -  MemoryUsage of job (MB)
	213216  -  ResidentSetSize of job (KB)
...
006 (9018140.601.000) 01/06 11:16:59 Image size of job updated: 213232
	209  -  MemoryUsage of job (MB)
	213232  -  ResidentSetSize of job (KB)
...
006 (9018140.601.000) 01/06 11:22:00 Image size of job updated: 213844
	209  -  MemoryUsage of job (MB)
	213844  -  ResidentSetSize of job (KB)
...
006 (9018140.601.000) 01/06 11:27:00 Image size of job updated: 213980
	209  -  MemoryUsage of job (MB)
	213980  -  ResidentSetSize of job (KB)
...
006 (9018140.601.000) 01/06 11:32:01 Image size of job updated: 214028
	210  -  MemoryUsage of job (MB)
	214028  -  ResidentSetSize of job (KB)
...
006 (9018140.601.000) 01/06 11:37:02 Image size of job updated: 214132
	210  -  MemoryUsage of job (MB)
	214132  -  ResidentSetSize of job (KB)
...
006 (9018140.601.000) 01/06 11:47:03 Image size of job updated: 214164
	210  -  MemoryUsage of job (MB)
	214164  -  ResidentSetSize of job (KB)
...
006 (9018140.601.000) 01/06 11:52:03 Image size of job updated: 214184
	210  -  MemoryUsage of job (MB)
	214184  -  ResidentSetSize of job (KB)
...
006 (9018140.601.000) 01/06 12:02:04 Image size of job updated: 214196
	210  -  MemoryUsage of job (MB)
	214196  -  ResidentSetSize of job (KB)
...
006 (9018140.601.000) 01/06 12:07:04 Image size of job updated: 214200
	210  -  MemoryUsage of job (MB)
	214200  -  ResidentSetSize of job (KB)
...
006 (9018140.601.000) 01/06 12:17:06 Image size of job updated: 214208
	210  -  MemoryUsage of job (MB)
	214208  -  ResidentSetSize of job (KB)
...
006 (9018140.601.000) 01/06 12:27:08 Image size of job updated: 214212
	210  -  MemoryUsage of job (MB)
	214212  -  ResidentSetSize of job (KB)
...
006 (9018140.601.000) 01/06 12:37:08 Image size of job updated: 214220
	210  -  MemoryUsage of job (MB)
	214220  -  ResidentSetSize of job (KB)
...
006 (9018140.601.000) 01/06 12:42:09 Image size of job updated: 214224
	210  -  MemoryUsage of job (MB)
	214224  -  ResidentSetSize of job (KB)
...
006 (9018140.601.000) 01/06 12:47:09 Image size of job updated: 214608
	210  -  MemoryUsage of job (MB)
	214608  -  ResidentSetSize of job (KB)
...
006 (9018140.601.000) 01/06 12:52:10 Image size of job updated: 214800
	210  -  MemoryUsage of job (MB)
	214800  -  ResidentSetSize of job (KB)
...
006 (9018140.601.000) 01/06 12:57:11 Image size of job updated: 214804
	210  -  MemoryUsage of job (MB)
	214804  -  ResidentSetSize of job (KB)
...
006 (9018140.601.000) 01/06 13:02:11 Image size of job updated: 214808
	210  -  MemoryUsage of job (MB)
	214808  -  ResidentSetSize of job (KB)
...
006 (9018140.601.000) 01/06 13:12:12 Image size of job updated: 214816
	210  -  MemoryUsage of job (MB)
	214816  -  ResidentSetSize of job (KB)
...
006 (9018140.601.000) 01/06 13:22:13 Image size of job updated: 214820
	210  -  MemoryUsage of job (MB)
	214820  -  ResidentSetSize of job (KB)
...
006 (9018140.601.000) 01/06 13:27:14 Image size of job updated: 214828
	210  -  MemoryUsage of job (MB)
	214828  -  ResidentSetSize of job (KB)
...
006 (9018140.601.000) 01/06 13:32:14 Image size of job updated: 214832
	210  -  MemoryUsage of job (MB)
	214832  -  ResidentSetSize of job (KB)
...
006 (9018140.601.000) 01/06 13:37:15 Image size of job updated: 214836
	210  -  MemoryUsage of job (MB)
	214836  -  ResidentSetSize of job (KB)
...
006 (9018140.601.000) 01/06 13:47:15 Image size of job updated: 214872
	210  -  MemoryUsage of job (MB)
	214872  -  ResidentSetSize of job (KB)
...
006 (9018140.601.000) 01/06 13:52:16 Image size of job updated: 214876
	210  -  MemoryUsage of job (MB)
	214876  -  ResidentSetSize of job (KB)
...
006 (9018140.601.000) 01/06 13:57:16 Image size of job updated: 214884
	210  -  MemoryUsage of job (MB)
	214884  -  ResidentSetSize of job (KB)
...
006 (9018140.601.000) 01/06 14:02:17 Image size of job updated: 214892
	210  -  MemoryUsage of job (MB)
	214892  -  ResidentSetSize of job (KB)
...
006 (9018140.601.000) 01/06 14:07:18 Image size of job updated: 214896
	210  -  MemoryUsage of job (MB)
	214896  -  ResidentSetSize of job (KB)
...
006 (9018140.601.000) 01/06 14:17:19 Image size of job updated: 214916
	210  -  MemoryUsage of job (MB)
	214916  -  ResidentSetSize of job (KB)
...
006 (9018140.601.000) 01/06 14:22:19 Image size of job updated: 214924
	210  -  MemoryUsage of job (MB)
	214924  -  ResidentSetSize of job (KB)
...
040 (9018140.601.000) 01/06 14:29:32 Started transferring output files
...
040 (9018140.601.000) 01/06 14:29:32 Finished transferring output files
...
005 (9018140.601.000) 01/06 14:29:33 Job terminated.
	(1) Normal termination (return value 0)
		Usr 0 03:24:47, Sys 0 00:00:12  -  Run Remote Usage
		Usr 0 00:00:00, Sys 0 00:00:00  -  Run Local Usage
		Usr 0 03:24:47, Sys 0 00:00:12  -  Total Remote Usage
		Usr 0 00:00:00, Sys 0 00:00:00  -  Total Local Usage
	46406  -  Run Bytes Sent By Job
	21436  -  Run Bytes Received By Job
	46406  -  Total Bytes Sent By Job
	21436  -  Total Bytes Received By Job
	Partitionable Resources :    Usage  Request Allocated 
	   Cpus                 :     0.99        1         1 
	   Disk (KB)            :    93          22      3666 
	   GPUs                 :                           0 
	   Memory (MB)          :   210        3000      3000 
	   TimeExecute (s)      : 12468                       
	   TimeSlotBusy (s)     : 12469                       

	Job terminated of its own accord at 2026-01-06T13:29:32Z with exit-code 0.
...
