000 (9018140.367.000) 01/06 10:56:34 Job submitted from host: <188.185.6.50:9618?addrs=188.185.6.50-9618+[2001-1458-d00-62--100-2b1]-9618&alias=bigbird25.cern.ch&noUDP&sock=schedd_1627_90ad>
...
040 (9018140.367.000) 01/06 11:00:23 Started transferring input files
	Transferring to host: <188.185.213.51:9618?addrs=188.185.213.51-9618+[2001-1458-303-1a--100-2f]-9618&alias=b9p27p8609.cern.ch&noUDP&sock=slot1_41_4881_db20_113152>
...
040 (9018140.367.000) 01/06 11:00:23 Finished transferring input files
...
001 (9018140.367.000) 01/06 11:00:24 Job executing on host: <188.185.213.51:9618?addrs=188.185.213.51-9618+[2001-1458-303-1a--100-2f]-9618&alias=b9p27p8609.cern.ch&noUDP&sock=startd_3965_3d1a>
	SlotName: slot1_41@b9p27p8609.cern.ch
	CondorScratchDir = "/pool/condor/dir_2803809"
	Cpus = 1
	Disk = 3819
	GPUs = 0
	Memory = 3000
...
006 (9018140.367.000) 01/06 11:00:38 Image size of job updated: 93612
	92  -  MemoryUsage of job (MB)
	93612  -  ResidentSetSize of job (KB)
...
006 (9018140.367.000) 01/06 11:05:39 Image size of job updated: 202232
	198  -  MemoryUsage of job (MB)
	202232  -  ResidentSetSize of job (KB)
...
006 (9018140.367.000) 01/06 11:10:39 Image size of job updated: 208644
	204  -  MemoryUsage of job (MB)
	208644  -  ResidentSetSize of job (KB)
...
006 (9018140.367.000) 01/06 11:15:39 Image size of job updated: 209064
	205  -  MemoryUsage of job (MB)
	209064  -  ResidentSetSize of job (KB)
...
006 (9018140.367.000) 01/06 11:20:40 Image size of job updated: 209184
	205  -  MemoryUsage of job (MB)
	209184  -  ResidentSetSize of job (KB)
...
006 (9018140.367.000) 01/06 11:30:41 Image size of job updated: 209208
	205  -  MemoryUsage of job (MB)
	209208  -  ResidentSetSize of job (KB)
...
006 (9018140.367.000) 01/06 11:35:41 Image size of job updated: 209252
	205  -  MemoryUsage of job (MB)
	209252  -  ResidentSetSize of job (KB)
...
006 (9018140.367.000) 01/06 11:40:42 Image size of job updated: 213008
	209  -  MemoryUsage of job (MB)
	213008  -  ResidentSetSize of job (KB)
...
006 (9018140.367.000) 01/06 11:45:43 Image size of job updated: 213044
	209  -  MemoryUsage of job (MB)
	213044  -  ResidentSetSize of job (KB)
...
006 (9018140.367.000) 01/06 11:50:43 Image size of job updated: 213048
	209  -  MemoryUsage of job (MB)
	213048  -  ResidentSetSize of job (KB)
...
006 (9018140.367.000) 01/06 11:55:44 Image size of job updated: 213060
	209  -  MemoryUsage of job (MB)
	213060  -  ResidentSetSize of job (KB)
...
006 (9018140.367.000) 01/06 12:00:44 Image size of job updated: 213064
	209  -  MemoryUsage of job (MB)
	213064  -  ResidentSetSize of job (KB)
...
006 (9018140.367.000) 01/06 12:05:45 Image size of job updated: 213084
	209  -  MemoryUsage of job (MB)
	213084  -  ResidentSetSize of job (KB)
...
006 (9018140.367.000) 01/06 12:20:47 Image size of job updated: 213088
	209  -  MemoryUsage of job (MB)
	213088  -  ResidentSetSize of job (KB)
...
006 (9018140.367.000) 01/06 12:35:48 Image size of job updated: 213096
	209  -  MemoryUsage of job (MB)
	213096  -  ResidentSetSize of job (KB)
...
006 (9018140.367.000) 01/06 12:40:48 Image size of job updated: 213100
	209  -  MemoryUsage of job (MB)
	213100  -  ResidentSetSize of job (KB)
...
006 (9018140.367.000) 01/06 12:45:49 Image size of job updated: 213116
	209  -  MemoryUsage of job (MB)
	213116  -  ResidentSetSize of job (KB)
...
006 (9018140.367.000) 01/06 12:50:50 Image size of job updated: 213120
	209  -  MemoryUsage of job (MB)
	213120  -  ResidentSetSize of job (KB)
...
006 (9018140.367.000) 01/06 13:05:51 Image size of job updated: 213124
	209  -  MemoryUsage of job (MB)
	213124  -  ResidentSetSize of job (KB)
...
006 (9018140.367.000) 01/06 13:20:52 Image size of job updated: 213128
	209  -  MemoryUsage of job (MB)
	213128  -  ResidentSetSize of job (KB)
...
006 (9018140.367.000) 01/06 13:25:53 Image size of job updated: 213136
	209  -  MemoryUsage of job (MB)
	213136  -  ResidentSetSize of job (KB)
...
006 (9018140.367.000) 01/06 13:30:54 Image size of job updated: 213140
	209  -  MemoryUsage of job (MB)
	213140  -  ResidentSetSize of job (KB)
...
006 (9018140.367.000) 01/06 13:35:54 Image size of job updated: 213144
	209  -  MemoryUsage of job (MB)
	213144  -  ResidentSetSize of job (KB)
...
006 (9018140.367.000) 01/06 13:45:55 Image size of job updated: 213148
	209  -  MemoryUsage of job (MB)
	213148  -  ResidentSetSize of job (KB)
...
006 (9018140.367.000) 01/06 14:00:56 Image size of job updated: 213236
	209  -  MemoryUsage of job (MB)
	213236  -  ResidentSetSize of job (KB)
...
006 (9018140.367.000) 01/06 14:05:57 Image size of job updated: 213240
	209  -  MemoryUsage of job (MB)
	213240  -  ResidentSetSize of job (KB)
...
006 (9018140.367.000) 01/06 14:36:00 Image size of job updated: 213272
	209  -  MemoryUsage of job (MB)
	213272  -  ResidentSetSize of job (KB)
...
040 (9018140.367.000) 01/06 14:45:07 Started transferring output files
...
040 (9018140.367.000) 01/06 14:45:09 Finished transferring output files
...
005 (9018140.367.000) 01/06 14:45:09 Job terminated.
	(1) Normal termination (return value 0)
		Usr 0 03:39:55, Sys 0 00:00:10  -  Run Remote Usage
		Usr 0 00:00:00, Sys 0 00:00:00  -  Run Local Usage
		Usr 0 03:39:55, Sys 0 00:00:10  -  Total Remote Usage
		Usr 0 00:00:00, Sys 0 00:00:00  -  Total Local Usage
	45844  -  Run Bytes Sent By Job
	21436  -  Run Bytes Received By Job
	45844  -  Total Bytes Sent By Job
	21436  -  Total Bytes Received By Job
	Partitionable Resources :    Usage  Request Allocated 
	   Cpus                 :     1.00        1         1 
	   Disk (KB)            :    93          22      3819 
	   GPUs                 :                           0 
	   Memory (MB)          :   209        3000      3000 
	   TimeExecute (s)      : 13483                       
	   TimeSlotBusy (s)     : 13487                       

	Job terminated of its own accord at 2026-01-06T13:45:07Z with exit-code 0.
...
