i am in this directory
/pool/condor/dir_1398049
Python 3.9.23
3.9.23
 will run this python stop_check_met_eff.py /eos/user/m/mleoncoe/stop_event_check/privateNanoAod2018/nanoAOD_547.root /afs/cern.ch/work/m/mleoncoe/private/stop_met_check/outputs_2018/nanoAOD_547.json
event num1000
event num2000
event num3000
event num4000
event num5000
event num6000
event num7000
event num8000
event num9000
event num10000
event num11000
event num12000
event num13000
event num14000
event num15000
event num16000
event num17000
event num18000
event num19000
event num20000
event num21000
event num22000
event num23000
event num24000
event num25000
event num26000
event num27000
event num28000
event num29000
event num30000
event num31000
event num32000
event num33000
event num34000
event num35000
event num36000
event num37000
event num38000
event num39000
event num40000
event num41000
event num42000
event num43000
event num44000
event num45000
event num46000
event num47000
event num48000
event num49000
event num50000
event num51000
event num52000
event num53000
event num54000
event num55000
event num56000
event num57000
event num58000
event num59000
event num60000
event num61000
event num62000
event num63000
event num64000
event num65000
event num66000
event num67000
event num68000
event num69000
event num70000
event num71000
event num72000
event num73000
event num74000
event num75000
event num76000
event num77000
event num78000
event num79000
event num80000
event num81000
event num82000
event num83000
event num84000
event num85000
event num86000
event num87000
event num88000
event num89000
event num90000
event num91000
event num92000
event num93000
event num94000
event num95000
event num96000
event num97000
event num98000
event num99000
event num100000
event num101000
event num102000
event num103000
event num104000
event num105000
event num106000
event num107000
event num108000
event num109000
event num110000
event num111000
event num112000
event num113000
event num114000
event num115000
event num116000
event num117000
event num118000
event num119000
event num120000
event num121000
event num122000
event num123000
event num124000
event num125000
event num126000
event num127000
event num128000
event num129000
event num130000
event num131000
event num132000
event num133000
event num134000
event num135000
event num136000
event num137000
event num138000
event num139000
event num140000
event num141000
event num142000
event num143000
event num144000
event num145000
event num146000
event num147000
event num148000
event num149000
event num150000
event num151000
event num152000
event num153000
event num154000
event num155000
event num156000
event num157000
event num158000
event num159000
event num160000
event num161000
event num162000
event num163000
event num164000
event num165000
event num166000
event num167000
event num168000
event num169000
event num170000
event num171000
event num172000
event num173000
event num174000
event num175000
event num176000
event num177000
event num178000
event num179000
event num180000
event num181000
event num182000
event num183000
event num184000
event num185000
event num186000
event num187000
event num188000
event num189000
{'250_240': [0.0, 691.0], '250_240_passing_MET': [0.0, 665.0], '250_240_failing_MET': [0.0, 26.0], '250_240_min_MET_pt': [10000000.0, 45.342586517333984], '250_235': [0.0, 0.0], '250_235_passing_MET': [0.0, 0.0], '250_235_failing_MET': [0.0, 0.0], '250_235_min_MET_pt': [10000000.0, 10000000.0], '250_230': [0.0, 0.0], '250_230_passing_MET': [0.0, 0.0], '250_230_failing_MET': [0.0, 0.0], '250_230_min_MET_pt': [10000000.0, 10000000.0], '250_225': [705.0, 0.0], '250_225_passing_MET': [678.0, 0.0], '250_225_failing_MET': [27.0, 0.0], '250_225_min_MET_pt': [37.874794006347656, 10000000.0], '250_220': [0.0, 758.0], '250_220_passing_MET': [0.0, 713.0], '250_220_failing_MET': [0.0, 45.0], '250_220_min_MET_pt': [10000000.0, 12.970948219299316], '275_265': [1535.0, 0.0], '275_265_passing_MET': [1487.0, 0.0], '275_265_failing_MET': [48.0, 0.0], '275_265_min_MET_pt': [26.353601455688477, 10000000.0], '275_260': [0.0, 0.0], '275_260_passing_MET': [0.0, 0.0], '275_260_failing_MET': [0.0, 0.0], '275_260_min_MET_pt': [10000000.0, 10000000.0], '275_255': [1524.0, 0.0], '275_255_passing_MET': [1445.0, 0.0], '275_255_failing_MET': [79.0, 0.0], '275_255_min_MET_pt': [25.660659790039062, 10000000.0], '275_250': [0.0, 0.0], '275_250_passing_MET': [0.0, 0.0], '275_250_failing_MET': [0.0, 0.0], '275_250_min_MET_pt': [10000000.0, 10000000.0], '275_245': [0.0, 0.0], '275_245_passing_MET': [0.0, 0.0], '275_245_failing_MET': [0.0, 0.0], '275_245_min_MET_pt': [10000000.0, 10000000.0], '300_290': [2234.0, 1456.0], '300_290_passing_MET': [0.0, 0.0], '300_290_failing_MET': [0.0, 0.0], '300_290_min_MET_pt': [10000000.0, 10000000.0], '300_285': [749.0, 0.0], '300_285_passing_MET': [721.0, 0.0], '300_285_failing_MET': [28.0, 0.0], '300_285_min_MET_pt': [34.52827072143555, 10000000.0], '300_280': [0.0, 786.0], '300_280_passing_MET': [0.0, 750.0], '300_280_failing_MET': [0.0, 36.0], '300_280_min_MET_pt': [10000000.0, 29.0758113861084], '300_275': [848.0, 0.0], '300_275_passing_MET': [805.0, 0.0], '300_275_failing_MET': [43.0, 0.0], '300_275_min_MET_pt': [3.0932044982910156, 10000000.0], '300_270': [0.0, 0.0], '300_270_passing_MET': [0.0, 0.0], '300_270_failing_MET': [0.0, 0.0], '300_270_min_MET_pt': [10000000.0, 10000000.0], '325_315': [0.0, 1577.0], '325_315_passing_MET': [0.0, 1523.0], '325_315_failing_MET': [0.0, 54.0], '325_315_min_MET_pt': [10000000.0, 3.844971179962158], '325_310': [0.0, 0.0], '325_310_passing_MET': [0.0, 0.0], '325_310_failing_MET': [0.0, 0.0], '325_310_min_MET_pt': [10000000.0, 10000000.0], '325_305': [826.0, 0.0], '325_305_passing_MET': [791.0, 0.0], '325_305_failing_MET': [35.0, 0.0], '325_305_min_MET_pt': [21.82585334777832, 10000000.0], '325_300': [857.0, 852.0], '325_300_passing_MET': [0.0, 0.0], '325_300_failing_MET': [0.0, 0.0], '325_300_min_MET_pt': [10000000.0, 10000000.0], '325_295': [897.0, 844.0], '325_295_passing_MET': [0.0, 0.0], '325_295_failing_MET': [0.0, 0.0], '325_295_min_MET_pt': [10000000.0, 10000000.0], '350_340': [851.0, 870.0], '350_340_passing_MET': [0.0, 0.0], '350_340_failing_MET': [0.0, 0.0], '350_340_min_MET_pt': [10000000.0, 10000000.0], '350_335': [0.0, 0.0], '350_335_passing_MET': [0.0, 0.0], '350_335_failing_MET': [0.0, 0.0], '350_335_min_MET_pt': [10000000.0, 10000000.0], '350_330': [0.0, 0.0], '350_330_passing_MET': [0.0, 0.0], '350_330_failing_MET': [0.0, 0.0], '350_330_min_MET_pt': [10000000.0, 10000000.0], '350_325': [0.0, 0.0], '350_325_passing_MET': [0.0, 0.0], '350_325_failing_MET': [0.0, 0.0], '350_325_min_MET_pt': [10000000.0, 10000000.0], '350_320': [0.0, 955.0], '350_320_passing_MET': [0.0, 908.0], '350_320_failing_MET': [0.0, 47.0], '350_320_min_MET_pt': [10000000.0, 22.544511795043945], '375_365': [878.0, 809.0], '375_365_passing_MET': [0.0, 0.0], '375_365_failing_MET': [0.0, 0.0], '375_365_min_MET_pt': [10000000.0, 10000000.0], '375_360': [0.0, 0.0], '375_360_passing_MET': [0.0, 0.0], '375_360_failing_MET': [0.0, 0.0], '375_360_min_MET_pt': [10000000.0, 10000000.0], '375_355': [0.0, 890.0], '375_355_passing_MET': [0.0, 860.0], '375_355_failing_MET': [0.0, 30.0], '375_355_min_MET_pt': [10000000.0, 10.34109115600586], '375_350': [880.0, 934.0], '375_350_passing_MET': [0.0, 0.0], '375_350_failing_MET': [0.0, 0.0], '375_350_min_MET_pt': [10000000.0, 10000000.0], '375_345': [918.0, 0.0], '375_345_passing_MET': [883.0, 0.0], '375_345_failing_MET': [35.0, 0.0], '375_345_min_MET_pt': [28.54848289489746, 10000000.0], '400_390': [0.0, 885.0], '400_390_passing_MET': [0.0, 859.0], '400_390_failing_MET': [0.0, 26.0], '400_390_min_MET_pt': [10000000.0, 4.4897661209106445], '400_385': [0.0, 0.0], '400_385_passing_MET': [0.0, 0.0], '400_385_failing_MET': [0.0, 0.0], '400_385_min_MET_pt': [10000000.0, 10000000.0], '400_380': [0.0, 0.0], '400_380_passing_MET': [0.0, 0.0], '400_380_failing_MET': [0.0, 0.0], '400_380_min_MET_pt': [10000000.0, 10000000.0], '400_375': [943.0, 938.0], '400_375_passing_MET': [0.0, 0.0], '400_375_failing_MET': [0.0, 0.0], '400_375_min_MET_pt': [10000000.0, 10000000.0], '400_370': [986.0, 957.0], '400_370_passing_MET': [0.0, 0.0], '400_370_failing_MET': [0.0, 0.0], '400_370_min_MET_pt': [10000000.0, 10000000.0], '425_415': [2650.0, 913.0], '425_415_passing_MET': [0.0, 0.0], '425_415_failing_MET': [0.0, 0.0], '425_415_min_MET_pt': [10000000.0, 10000000.0], '425_410': [0.0, 0.0], '425_410_passing_MET': [0.0, 0.0], '425_410_failing_MET': [0.0, 0.0], '425_410_min_MET_pt': [10000000.0, 10000000.0], '425_405': [0.0, 0.0], '425_405_passing_MET': [0.0, 0.0], '425_405_failing_MET': [0.0, 0.0], '425_405_min_MET_pt': [10000000.0, 10000000.0], '425_400': [0.0, 929.0], '425_400_passing_MET': [0.0, 896.0], '425_400_failing_MET': [0.0, 33.0], '425_400_min_MET_pt': [10000000.0, 38.571353912353516], '425_395': [0.0, 0.0], '425_395_passing_MET': [0.0, 0.0], '425_395_failing_MET': [0.0, 0.0], '425_395_min_MET_pt': [10000000.0, 10000000.0], '450_440': [1793.0, 0.0], '450_440_passing_MET': [1726.0, 0.0], '450_440_failing_MET': [67.0, 0.0], '450_440_min_MET_pt': [18.81781578063965, 10000000.0], '450_435': [0.0, 0.0], '450_435_passing_MET': [0.0, 0.0], '450_435_failing_MET': [0.0, 0.0], '450_435_min_MET_pt': [10000000.0, 10000000.0], '450_430': [0.0, 0.0], '450_430_passing_MET': [0.0, 0.0], '450_430_failing_MET': [0.0, 0.0], '450_430_min_MET_pt': [10000000.0, 10000000.0], '450_425': [0.0, 0.0], '450_425_passing_MET': [0.0, 0.0], '450_425_failing_MET': [0.0, 0.0], '450_425_min_MET_pt': [10000000.0, 10000000.0], '450_420': [1019.0, 0.0], '450_420_passing_MET': [983.0, 0.0], '450_420_failing_MET': [36.0, 0.0], '450_420_min_MET_pt': [17.373064041137695, 10000000.0], '475_465': [907.0, 947.0], '475_465_passing_MET': [0.0, 0.0], '475_465_failing_MET': [0.0, 0.0], '475_465_min_MET_pt': [10000000.0, 10000000.0], '475_460': [0.0, 0.0], '475_460_passing_MET': [0.0, 0.0], '475_460_failing_MET': [0.0, 0.0], '475_460_min_MET_pt': [10000000.0, 10000000.0], '475_455': [0.0, 978.0], '475_455_passing_MET': [0.0, 948.0], '475_455_failing_MET': [0.0, 30.0], '475_455_min_MET_pt': [10000000.0, 24.449764251708984], '475_450': [0.0, 0.0], '475_450_passing_MET': [0.0, 0.0], '475_450_failing_MET': [0.0, 0.0], '475_450_min_MET_pt': [10000000.0, 10000000.0], '475_445': [0.0, 1013.0], '475_445_passing_MET': [0.0, 970.0], '475_445_failing_MET': [0.0, 43.0], '475_445_min_MET_pt': [10000000.0, 31.819093704223633], '500_490': [0.0, 0.0], '500_490_passing_MET': [0.0, 0.0], '500_490_failing_MET': [0.0, 0.0], '500_490_min_MET_pt': [10000000.0, 10000000.0], '500_485': [0.0, 966.0], '500_485_passing_MET': [0.0, 931.0], '500_485_failing_MET': [0.0, 35.0], '500_485_min_MET_pt': [10000000.0, 15.75257682800293], '500_480': [0.0, 0.0], '500_480_passing_MET': [0.0, 0.0], '500_480_failing_MET': [0.0, 0.0], '500_480_min_MET_pt': [10000000.0, 10000000.0], '500_475': [0.0, 0.0], '500_475_passing_MET': [0.0, 0.0], '500_475_failing_MET': [0.0, 0.0], '500_475_min_MET_pt': [10000000.0, 10000000.0], '500_470': [0.0, 1029.0], '500_470_passing_MET': [0.0, 994.0], '500_470_failing_MET': [0.0, 35.0], '500_470_min_MET_pt': [10000000.0, 31.876188278198242], '525_515': [0.0, 0.0], '525_515_passing_MET': [0.0, 0.0], '525_515_failing_MET': [0.0, 0.0], '525_515_min_MET_pt': [10000000.0, 10000000.0], '525_510': [0.0, 0.0], '525_510_passing_MET': [0.0, 0.0], '525_510_failing_MET': [0.0, 0.0], '525_510_min_MET_pt': [10000000.0, 10000000.0], '525_505': [0.0, 0.0], '525_505_passing_MET': [0.0, 0.0], '525_505_failing_MET': [0.0, 0.0], '525_505_min_MET_pt': [10000000.0, 10000000.0], '525_500': [0.0, 0.0], '525_500_passing_MET': [0.0, 0.0], '525_500_failing_MET': [0.0, 0.0], '525_500_min_MET_pt': [10000000.0, 10000000.0], '525_495': [0.0, 0.0], '525_495_passing_MET': [0.0, 0.0], '525_495_failing_MET': [0.0, 0.0], '525_495_min_MET_pt': [10000000.0, 10000000.0], '550_540': [1969.0, 3857.0], '550_540_passing_MET': [0.0, 0.0], '550_540_failing_MET': [0.0, 0.0], '550_540_min_MET_pt': [10000000.0, 10000000.0], '550_535': [0.0, 0.0], '550_535_passing_MET': [0.0, 0.0], '550_535_failing_MET': [0.0, 0.0], '550_535_min_MET_pt': [10000000.0, 10000000.0], '550_530': [1087.0, 0.0], '550_530_passing_MET': [1060.0, 0.0], '550_530_failing_MET': [27.0, 0.0], '550_530_min_MET_pt': [39.16141128540039, 10000000.0], '550_525': [0.0, 0.0], '550_525_passing_MET': [0.0, 0.0], '550_525_failing_MET': [0.0, 0.0], '550_525_min_MET_pt': [10000000.0, 10000000.0], '550_520': [0.0, 1036.0], '550_520_passing_MET': [0.0, 994.0], '550_520_failing_MET': [0.0, 42.0], '550_520_min_MET_pt': [10000000.0, 21.927066802978516], '575_565': [0.0, 0.0], '575_565_passing_MET': [0.0, 0.0], '575_565_failing_MET': [0.0, 0.0], '575_565_min_MET_pt': [10000000.0, 10000000.0], '575_560': [0.0, 0.0], '575_560_passing_MET': [0.0, 0.0], '575_560_failing_MET': [0.0, 0.0], '575_560_min_MET_pt': [10000000.0, 10000000.0], '575_555': [0.0, 0.0], '575_555_passing_MET': [0.0, 0.0], '575_555_failing_MET': [0.0, 0.0], '575_555_min_MET_pt': [10000000.0, 10000000.0], '575_550': [0.0, 0.0], '575_550_passing_MET': [0.0, 0.0], '575_550_failing_MET': [0.0, 0.0], '575_550_min_MET_pt': [10000000.0, 10000000.0], '575_545': [0.0, 0.0], '575_545_passing_MET': [0.0, 0.0], '575_545_failing_MET': [0.0, 0.0], '575_545_min_MET_pt': [10000000.0, 10000000.0], '600_590': [1999.0, 3063.0], '600_590_passing_MET': [0.0, 0.0], '600_590_failing_MET': [0.0, 0.0], '600_590_min_MET_pt': [10000000.0, 10000000.0], '600_585': [884.0, 0.0], '600_585_passing_MET': [865.0, 0.0], '600_585_failing_MET': [19.0, 0.0], '600_585_min_MET_pt': [57.285430908203125, 10000000.0], '600_580': [953.0, 0.0], '600_580_passing_MET': [925.0, 0.0], '600_580_failing_MET': [28.0, 0.0], '600_580_min_MET_pt': [29.33439064025879, 10000000.0], '600_575': [0.0, 1768.0], '600_575_passing_MET': [0.0, 1707.0], '600_575_failing_MET': [0.0, 61.0], '600_575_min_MET_pt': [10000000.0, 35.895328521728516], '600_570': [0.0, 0.0], '600_570_passing_MET': [0.0, 0.0], '600_570_failing_MET': [0.0, 0.0], '600_570_min_MET_pt': [10000000.0, 10000000.0], '625_615': [0.0, 0.0], '625_615_passing_MET': [0.0, 0.0], '625_615_failing_MET': [0.0, 0.0], '625_615_min_MET_pt': [10000000.0, 10000000.0], '625_610': [0.0, 0.0], '625_610_passing_MET': [0.0, 0.0], '625_610_failing_MET': [0.0, 0.0], '625_610_min_MET_pt': [10000000.0, 10000000.0], '625_605': [0.0, 0.0], '625_605_passing_MET': [0.0, 0.0], '625_605_failing_MET': [0.0, 0.0], '625_605_min_MET_pt': [10000000.0, 10000000.0], '625_600': [0.0, 0.0], '625_600_passing_MET': [0.0, 0.0], '625_600_failing_MET': [0.0, 0.0], '625_600_min_MET_pt': [10000000.0, 10000000.0], '625_595': [0.0, 0.0], '625_595_passing_MET': [0.0, 0.0], '625_595_failing_MET': [0.0, 0.0], '625_595_min_MET_pt': [10000000.0, 10000000.0], '650_640': [0.0, 979.0], '650_640_passing_MET': [0.0, 951.0], '650_640_failing_MET': [0.0, 28.0], '650_640_min_MET_pt': [10000000.0, 37.4679069519043], '650_635': [917.0, 0.0], '650_635_passing_MET': [895.0, 0.0], '650_635_failing_MET': [22.0, 0.0], '650_635_min_MET_pt': [39.01142883300781, 10000000.0], '650_630': [0.0, 0.0], '650_630_passing_MET': [0.0, 0.0], '650_630_failing_MET': [0.0, 0.0], '650_630_min_MET_pt': [10000000.0, 10000000.0], '650_625': [0.0, 0.0], '650_625_passing_MET': [0.0, 0.0], '650_625_failing_MET': [0.0, 0.0], '650_625_min_MET_pt': [10000000.0, 10000000.0], '650_620': [0.0, 1121.0], '650_620_passing_MET': [0.0, 1078.0], '650_620_failing_MET': [0.0, 43.0], '650_620_min_MET_pt': [10000000.0, 35.52170944213867], '675_665': [0.0, 0.0], '675_665_passing_MET': [0.0, 0.0], '675_665_failing_MET': [0.0, 0.0], '675_665_min_MET_pt': [10000000.0, 10000000.0], '675_660': [0.0, 0.0], '675_660_passing_MET': [0.0, 0.0], '675_660_failing_MET': [0.0, 0.0], '675_660_min_MET_pt': [10000000.0, 10000000.0], '675_655': [0.0, 0.0], '675_655_passing_MET': [0.0, 0.0], '675_655_failing_MET': [0.0, 0.0], '675_655_min_MET_pt': [10000000.0, 10000000.0], '675_650': [0.0, 0.0], '675_650_passing_MET': [0.0, 0.0], '675_650_failing_MET': [0.0, 0.0], '675_650_min_MET_pt': [10000000.0, 10000000.0], '675_645': [0.0, 0.0], '675_645_passing_MET': [0.0, 0.0], '675_645_failing_MET': [0.0, 0.0], '675_645_min_MET_pt': [10000000.0, 10000000.0], '700_690': [0.0, 2137.0], '700_690_passing_MET': [0.0, 2084.0], '700_690_failing_MET': [0.0, 53.0], '700_690_min_MET_pt': [10000000.0, 25.877912521362305], '700_685': [0.0, 952.0], '700_685_passing_MET': [0.0, 930.0], '700_685_failing_MET': [0.0, 22.0], '700_685_min_MET_pt': [10000000.0, 7.952794551849365], '700_680': [1095.0, 0.0], '700_680_passing_MET': [1064.0, 0.0], '700_680_failing_MET': [31.0, 0.0], '700_680_min_MET_pt': [21.747982025146484, 10000000.0], '700_675': [1818.0, 1889.0], '700_675_passing_MET': [0.0, 0.0], '700_675_failing_MET': [0.0, 0.0], '700_675_min_MET_pt': [10000000.0, 10000000.0], '700_670': [0.0, 0.0], '700_670_passing_MET': [0.0, 0.0], '700_670_failing_MET': [0.0, 0.0], '700_670_min_MET_pt': [10000000.0, 10000000.0], '725_715': [0.0, 0.0], '725_715_passing_MET': [0.0, 0.0], '725_715_failing_MET': [0.0, 0.0], '725_715_min_MET_pt': [10000000.0, 10000000.0], '725_710': [0.0, 0.0], '725_710_passing_MET': [0.0, 0.0], '725_710_failing_MET': [0.0, 0.0], '725_710_min_MET_pt': [10000000.0, 10000000.0], '725_705': [0.0, 0.0], '725_705_passing_MET': [0.0, 0.0], '725_705_failing_MET': [0.0, 0.0], '725_705_min_MET_pt': [10000000.0, 10000000.0], '725_700': [0.0, 0.0], '725_700_passing_MET': [0.0, 0.0], '725_700_failing_MET': [0.0, 0.0], '725_700_min_MET_pt': [10000000.0, 10000000.0], '725_695': [0.0, 0.0], '725_695_passing_MET': [0.0, 0.0], '725_695_failing_MET': [0.0, 0.0], '725_695_min_MET_pt': [10000000.0, 10000000.0], '750_740': [0.0, 2138.0], '750_740_passing_MET': [0.0, 2093.0], '750_740_failing_MET': [0.0, 45.0], '750_740_min_MET_pt': [10000000.0, 40.14176940917969], '750_735': [0.0, 0.0], '750_735_passing_MET': [0.0, 0.0], '750_735_failing_MET': [0.0, 0.0], '750_735_min_MET_pt': [10000000.0, 10000000.0], '750_730': [1056.0, 0.0], '750_730_passing_MET': [1025.0, 0.0], '750_730_failing_MET': [31.0, 0.0], '750_730_min_MET_pt': [33.215274810791016, 10000000.0], '750_725': [0.0, 927.0], '750_725_passing_MET': [0.0, 909.0], '750_725_failing_MET': [0.0, 18.0], '750_725_min_MET_pt': [10000000.0, 55.746604919433594], '750_720': [0.0, 0.0], '750_720_passing_MET': [0.0, 0.0], '750_720_failing_MET': [0.0, 0.0], '750_720_min_MET_pt': [10000000.0, 10000000.0], '775_765': [0.0, 0.0], '775_765_passing_MET': [0.0, 0.0], '775_765_failing_MET': [0.0, 0.0], '775_765_min_MET_pt': [10000000.0, 10000000.0], '775_760': [0.0, 0.0], '775_760_passing_MET': [0.0, 0.0], '775_760_failing_MET': [0.0, 0.0], '775_760_min_MET_pt': [10000000.0, 10000000.0], '775_755': [0.0, 0.0], '775_755_passing_MET': [0.0, 0.0], '775_755_failing_MET': [0.0, 0.0], '775_755_min_MET_pt': [10000000.0, 10000000.0], '775_750': [0.0, 0.0], '775_750_passing_MET': [0.0, 0.0], '775_750_failing_MET': [0.0, 0.0], '775_750_min_MET_pt': [10000000.0, 10000000.0], '775_745': [0.0, 0.0], '775_745_passing_MET': [0.0, 0.0], '775_745_failing_MET': [0.0, 0.0], '775_745_min_MET_pt': [10000000.0, 10000000.0], '800_790': [0.0, 6363.0], '800_790_passing_MET': [0.0, 6226.0], '800_790_failing_MET': [0.0, 137.0], '800_790_min_MET_pt': [10000000.0, 26.162067413330078], '800_785': [0.0, 1013.0], '800_785_passing_MET': [0.0, 978.0], '800_785_failing_MET': [0.0, 35.0], '800_785_min_MET_pt': [10000000.0, 38.23552322387695], '800_780': [0.0, 1175.0], '800_780_passing_MET': [0.0, 1140.0], '800_780_failing_MET': [0.0, 35.0], '800_780_min_MET_pt': [10000000.0, 6.744297981262207], '800_775': [1927.0, 0.0], '800_775_passing_MET': [1866.0, 0.0], '800_775_failing_MET': [61.0, 0.0], '800_775_min_MET_pt': [17.163305282592773, 10000000.0], '800_770': [0.0, 0.0], '800_770_passing_MET': [0.0, 0.0], '800_770_failing_MET': [0.0, 0.0], '800_770_min_MET_pt': [10000000.0, 10000000.0], '825_815': [0.0, 0.0], '825_815_passing_MET': [0.0, 0.0], '825_815_failing_MET': [0.0, 0.0], '825_815_min_MET_pt': [10000000.0, 10000000.0], '825_810': [0.0, 0.0], '825_810_passing_MET': [0.0, 0.0], '825_810_failing_MET': [0.0, 0.0], '825_810_min_MET_pt': [10000000.0, 10000000.0], '825_805': [0.0, 0.0], '825_805_passing_MET': [0.0, 0.0], '825_805_failing_MET': [0.0, 0.0], '825_805_min_MET_pt': [10000000.0, 10000000.0], '825_800': [0.0, 0.0], '825_800_passing_MET': [0.0, 0.0], '825_800_failing_MET': [0.0, 0.0], '825_800_min_MET_pt': [10000000.0, 10000000.0], '825_795': [0.0, 0.0], '825_795_passing_MET': [0.0, 0.0], '825_795_failing_MET': [0.0, 0.0], '825_795_min_MET_pt': [10000000.0, 10000000.0], '850_840': [4350.0, 1110.0], '850_840_passing_MET': [0.0, 0.0], '850_840_failing_MET': [0.0, 0.0], '850_840_min_MET_pt': [10000000.0, 10000000.0], '850_835': [979.0, 0.0], '850_835_passing_MET': [948.0, 0.0], '850_835_failing_MET': [31.0, 0.0], '850_835_min_MET_pt': [27.970897674560547, 10000000.0], '850_830': [1110.0, 1084.0], '850_830_passing_MET': [0.0, 0.0], '850_830_failing_MET': [0.0, 0.0], '850_830_min_MET_pt': [10000000.0, 10000000.0], '850_825': [0.0, 0.0], '850_825_passing_MET': [0.0, 0.0], '850_825_failing_MET': [0.0, 0.0], '850_825_min_MET_pt': [10000000.0, 10000000.0], '850_820': [0.0, 0.0], '850_820_passing_MET': [0.0, 0.0], '850_820_failing_MET': [0.0, 0.0], '850_820_min_MET_pt': [10000000.0, 10000000.0], '875_865': [0.0, 0.0], '875_865_passing_MET': [0.0, 0.0], '875_865_failing_MET': [0.0, 0.0], '875_865_min_MET_pt': [10000000.0, 10000000.0], '875_860': [0.0, 0.0], '875_860_passing_MET': [0.0, 0.0], '875_860_failing_MET': [0.0, 0.0], '875_860_min_MET_pt': [10000000.0, 10000000.0], '875_855': [0.0, 0.0], '875_855_passing_MET': [0.0, 0.0], '875_855_failing_MET': [0.0, 0.0], '875_855_min_MET_pt': [10000000.0, 10000000.0], '875_850': [0.0, 0.0], '875_850_passing_MET': [0.0, 0.0], '875_850_failing_MET': [0.0, 0.0], '875_850_min_MET_pt': [10000000.0, 10000000.0], '875_845': [0.0, 0.0], '875_845_passing_MET': [0.0, 0.0], '875_845_failing_MET': [0.0, 0.0], '875_845_min_MET_pt': [10000000.0, 10000000.0], '900_890': [2230.0, 0.0], '900_890_passing_MET': [2173.0, 0.0], '900_890_failing_MET': [57.0, 0.0], '900_890_min_MET_pt': [33.939212799072266, 10000000.0], '900_885': [0.0, 992.0], '900_885_passing_MET': [0.0, 966.0], '900_885_failing_MET': [0.0, 26.0], '900_885_min_MET_pt': [10000000.0, 12.201133728027344], '900_880': [1172.0, 0.0], '900_880_passing_MET': [1142.0, 0.0], '900_880_failing_MET': [30.0, 0.0], '900_880_min_MET_pt': [21.396854400634766, 10000000.0], '900_875': [0.0, 0.0], '900_875_passing_MET': [0.0, 0.0], '900_875_failing_MET': [0.0, 0.0], '900_875_min_MET_pt': [10000000.0, 10000000.0], '900_870': [0.0, 1175.0], '900_870_passing_MET': [0.0, 1127.0], '900_870_failing_MET': [0.0, 48.0], '900_870_min_MET_pt': [10000000.0, 30.883758544921875], '925_915': [0.0, 0.0], '925_915_passing_MET': [0.0, 0.0], '925_915_failing_MET': [0.0, 0.0], '925_915_min_MET_pt': [10000000.0, 10000000.0], '925_910': [0.0, 0.0], '925_910_passing_MET': [0.0, 0.0], '925_910_failing_MET': [0.0, 0.0], '925_910_min_MET_pt': [10000000.0, 10000000.0], '925_905': [0.0, 0.0], '925_905_passing_MET': [0.0, 0.0], '925_905_failing_MET': [0.0, 0.0], '925_905_min_MET_pt': [10000000.0, 10000000.0], '925_900': [0.0, 0.0], '925_900_passing_MET': [0.0, 0.0], '925_900_failing_MET': [0.0, 0.0], '925_900_min_MET_pt': [10000000.0, 10000000.0], '925_895': [0.0, 0.0], '925_895_passing_MET': [0.0, 0.0], '925_895_failing_MET': [0.0, 0.0], '925_895_min_MET_pt': [10000000.0, 10000000.0], '950_940': [1144.0, 0.0], '950_940_passing_MET': [1107.0, 0.0], '950_940_failing_MET': [37.0, 0.0], '950_940_min_MET_pt': [26.28264045715332, 10000000.0], '950_935': [0.0, 991.0], '950_935_passing_MET': [0.0, 970.0], '950_935_failing_MET': [0.0, 21.0], '950_935_min_MET_pt': [10000000.0, 14.072833061218262], '950_930': [0.0, 0.0], '950_930_passing_MET': [0.0, 0.0], '950_930_failing_MET': [0.0, 0.0], '950_930_min_MET_pt': [10000000.0, 10000000.0], '950_925': [0.0, 1004.0], '950_925_passing_MET': [0.0, 969.0], '950_925_failing_MET': [0.0, 35.0], '950_925_min_MET_pt': [10000000.0, 29.61346435546875], '950_920': [0.0, 0.0], '950_920_passing_MET': [0.0, 0.0], '950_920_failing_MET': [0.0, 0.0], '950_920_min_MET_pt': [10000000.0, 10000000.0], '975_965': [0.0, 0.0], '975_965_passing_MET': [0.0, 0.0], '975_965_failing_MET': [0.0, 0.0], '975_965_min_MET_pt': [10000000.0, 10000000.0], '975_960': [0.0, 0.0], '975_960_passing_MET': [0.0, 0.0], '975_960_failing_MET': [0.0, 0.0], '975_960_min_MET_pt': [10000000.0, 10000000.0], '975_955': [0.0, 0.0], '975_955_passing_MET': [0.0, 0.0], '975_955_failing_MET': [0.0, 0.0], '975_955_min_MET_pt': [10000000.0, 10000000.0], '975_950': [0.0, 0.0], '975_950_passing_MET': [0.0, 0.0], '975_950_failing_MET': [0.0, 0.0], '975_950_min_MET_pt': [10000000.0, 10000000.0], '975_945': [0.0, 0.0], '975_945_passing_MET': [0.0, 0.0], '975_945_failing_MET': [0.0, 0.0], '975_945_min_MET_pt': [10000000.0, 10000000.0], '1000_990': [1111.0, 1133.0], '1000_990_passing_MET': [0.0, 0.0], '1000_990_failing_MET': [0.0, 0.0], '1000_990_min_MET_pt': [10000000.0, 10000000.0], '1000_985': [0.0, 0.0], '1000_985_passing_MET': [0.0, 0.0], '1000_985_failing_MET': [0.0, 0.0], '1000_985_min_MET_pt': [10000000.0, 10000000.0], '1000_980': [0.0, 1183.0], '1000_980_passing_MET': [0.0, 1155.0], '1000_980_failing_MET': [0.0, 28.0], '1000_980_min_MET_pt': [10000000.0, 36.10688400268555], '1000_975': [0.0, 0.0], '1000_975_passing_MET': [0.0, 0.0], '1000_975_failing_MET': [0.0, 0.0], '1000_975_min_MET_pt': [10000000.0, 10000000.0], '1000_970': [0.0, 0.0], '1000_970_passing_MET': [0.0, 0.0], '1000_970_failing_MET': [0.0, 0.0], '1000_970_min_MET_pt': [10000000.0, 10000000.0], '1025_1015': [0.0, 0.0], '1025_1015_passing_MET': [0.0, 0.0], '1025_1015_failing_MET': [0.0, 0.0], '1025_1015_min_MET_pt': [10000000.0, 10000000.0], '1025_1010': [0.0, 0.0], '1025_1010_passing_MET': [0.0, 0.0], '1025_1010_failing_MET': [0.0, 0.0], '1025_1010_min_MET_pt': [10000000.0, 10000000.0], '1025_1005': [0.0, 0.0], '1025_1005_passing_MET': [0.0, 0.0], '1025_1005_failing_MET': [0.0, 0.0], '1025_1005_min_MET_pt': [10000000.0, 10000000.0], '1025_1000': [0.0, 0.0], '1025_1000_passing_MET': [0.0, 0.0], '1025_1000_failing_MET': [0.0, 0.0], '1025_1000_min_MET_pt': [10000000.0, 10000000.0], '1025_995': [0.0, 0.0], '1025_995_passing_MET': [0.0, 0.0], '1025_995_failing_MET': [0.0, 0.0], '1025_995_min_MET_pt': [10000000.0, 10000000.0], '1050_1040': [0.0, 0.0], '1050_1040_passing_MET': [0.0, 0.0], '1050_1040_failing_MET': [0.0, 0.0], '1050_1040_min_MET_pt': [10000000.0, 10000000.0], '1050_1035': [0.0, 0.0], '1050_1035_passing_MET': [0.0, 0.0], '1050_1035_failing_MET': [0.0, 0.0], '1050_1035_min_MET_pt': [10000000.0, 10000000.0], '1050_1030': [0.0, 0.0], '1050_1030_passing_MET': [0.0, 0.0], '1050_1030_failing_MET': [0.0, 0.0], '1050_1030_min_MET_pt': [10000000.0, 10000000.0], '1050_1025': [0.0, 0.0], '1050_1025_passing_MET': [0.0, 0.0], '1050_1025_failing_MET': [0.0, 0.0], '1050_1025_min_MET_pt': [10000000.0, 10000000.0], '1050_1020': [0.0, 0.0], '1050_1020_passing_MET': [0.0, 0.0], '1050_1020_failing_MET': [0.0, 0.0], '1050_1020_min_MET_pt': [10000000.0, 10000000.0], '1075_1065': [0.0, 0.0], '1075_1065_passing_MET': [0.0, 0.0], '1075_1065_failing_MET': [0.0, 0.0], '1075_1065_min_MET_pt': [10000000.0, 10000000.0], '1075_1060': [0.0, 0.0], '1075_1060_passing_MET': [0.0, 0.0], '1075_1060_failing_MET': [0.0, 0.0], '1075_1060_min_MET_pt': [10000000.0, 10000000.0], '1075_1055': [0.0, 0.0], '1075_1055_passing_MET': [0.0, 0.0], '1075_1055_failing_MET': [0.0, 0.0], '1075_1055_min_MET_pt': [10000000.0, 10000000.0], '1075_1050': [0.0, 0.0], '1075_1050_passing_MET': [0.0, 0.0], '1075_1050_failing_MET': [0.0, 0.0], '1075_1050_min_MET_pt': [10000000.0, 10000000.0], '1075_1045': [0.0, 0.0], '1075_1045_passing_MET': [0.0, 0.0], '1075_1045_failing_MET': [0.0, 0.0], '1075_1045_min_MET_pt': [10000000.0, 10000000.0], '1100_1090': [1077.0, 2113.0], '1100_1090_passing_MET': [0.0, 0.0], '1100_1090_failing_MET': [0.0, 0.0], '1100_1090_min_MET_pt': [10000000.0, 10000000.0], '1100_1085': [0.0, 0.0], '1100_1085_passing_MET': [0.0, 0.0], '1100_1085_failing_MET': [0.0, 0.0], '1100_1085_min_MET_pt': [10000000.0, 10000000.0], '1100_1080': [0.0, 0.0], '1100_1080_passing_MET': [0.0, 0.0], '1100_1080_failing_MET': [0.0, 0.0], '1100_1080_min_MET_pt': [10000000.0, 10000000.0], '1100_1075': [0.0, 0.0], '1100_1075_passing_MET': [0.0, 0.0], '1100_1075_failing_MET': [0.0, 0.0], '1100_1075_min_MET_pt': [10000000.0, 10000000.0], '1100_1070': [0.0, 1026.0], '1100_1070_passing_MET': [0.0, 1000.0], '1100_1070_failing_MET': [0.0, 26.0], '1100_1070_min_MET_pt': [10000000.0, 37.01320266723633], 'nEventsTotal': 189895.0, 'strange masspoints': 0.0, 'orphans': 0.0, 'R-hadron event': 0.0, 'different stop antistop masses': 0.0, 'strange error': 0.0, 'strange event': 0.0, 'different neutralino masses': 16591.0, 'large differences': 0.0, '1076_1045': [0.0, 1019.0], '1076_1045_passing_MET': [0.0, 994.0], '1076_1045_failing_MET': [0.0, 25.0], '1076_1045_min_MET_pt': [10000000.0, 29.267261505126953], '1076_1044': [0.0, 197.0], '1076_1044_passing_MET': [0.0, 189.0], '1076_1044_failing_MET': [0.0, 8.0], '1076_1044_min_MET_pt': [10000000.0, 47.628780364990234], '576_565': [891.0, 913.0], '576_565_passing_MET': [873.0, 887.0], '576_565_failing_MET': [18.0, 26.0], '576_565_min_MET_pt': [49.10136795043945, 6.095600605010986], '576_566': [97.0, 83.0], '576_566_passing_MET': [95.0, 76.0], '576_566_failing_MET': [2.0, 7.0], '576_566_min_MET_pt': [86.42922973632812, 67.69324493408203], '1100_1092': [97.0, 209.0], '1100_1092_passing_MET': [96.0, 205.0], '1100_1092_failing_MET': [1.0, 4.0], '1100_1092_min_MET_pt': [81.76358032226562, 77.16806030273438], '576_545': [882.0, 0.0], '576_545_passing_MET': [859.0, 0.0], '576_545_failing_MET': [23.0, 0.0], '576_545_min_MET_pt': [8.083854675292969, 10000000.0], '576_546': [178.0, 0.0], '576_546_passing_MET': [172.0, 0.0], '576_546_failing_MET': [6.0, 0.0], '576_546_min_MET_pt': [48.33562088012695, 10000000.0], '726_700': [2155.0, 0.0], '726_700_passing_MET': [2082.0, 0.0], '726_700_failing_MET': [73.0, 0.0], '726_700_min_MET_pt': [10.783038139343262, 10000000.0], '976_965': [0.0, 3066.0], '976_965_passing_MET': [0.0, 2989.0], '976_965_failing_MET': [0.0, 77.0], '976_965_min_MET_pt': [10000000.0, 32.279903411865234], '976_966': [0.0, 306.0], '976_966_passing_MET': [0.0, 296.0], '976_966_failing_MET': [0.0, 10.0], '976_966_min_MET_pt': [10000000.0, 47.907020568847656], '950_936': [0.0, 146.0], '950_936_passing_MET': [0.0, 141.0], '950_936_failing_MET': [0.0, 5.0], '950_936_min_MET_pt': [10000000.0, 64.63230895996094], '800_786': [0.0, 125.0], '800_786_passing_MET': [0.0, 123.0], '800_786_failing_MET': [0.0, 2.0], '800_786_min_MET_pt': [10000000.0, 64.48035430908203], '626_605': [0.0, 916.0], '626_605_passing_MET': [0.0, 883.0], '626_605_failing_MET': [0.0, 33.0], '626_605_min_MET_pt': [10000000.0, 28.475814819335938], '626_606': [0.0, 146.0], '626_606_passing_MET': [0.0, 143.0], '626_606_failing_MET': [0.0, 3.0], '626_606_min_MET_pt': [10000000.0, 78.26615142822266], '926_910': [0.0, 1122.0], '926_910_passing_MET': [0.0, 1090.0], '926_910_failing_MET': [0.0, 32.0], '926_910_min_MET_pt': [10000000.0, 14.154727935791016], '1024_1010': [1162.0, 0.0], '1024_1010_passing_MET': [1129.0, 0.0], '1024_1010_failing_MET': [33.0, 0.0], '1024_1010_min_MET_pt': [47.21281814575195, 10000000.0], '926_900': [0.0, 1147.0], '926_900_passing_MET': [0.0, 1115.0], '926_900_failing_MET': [0.0, 32.0], '926_900_min_MET_pt': [10000000.0, 24.727840423583984], '526_515': [1758.0, 2639.0], '526_515_passing_MET': [1709.0, 2556.0], '526_515_failing_MET': [49.0, 83.0], '526_515_min_MET_pt': [30.44222640991211, 12.8516206741333], '526_516': [191.0, 264.0], '526_516_passing_MET': [185.0, 257.0], '526_516_failing_MET': [6.0, 7.0], '526_516_min_MET_pt': [29.615652084350586, 45.148353576660156], '876_865': [2968.0, 2971.0], '876_865_passing_MET': [2898.0, 2887.0], '876_865_failing_MET': [70.0, 84.0], '876_865_min_MET_pt': [39.01042938232422, 25.109176635742188], '876_866': [255.0, 308.0], '876_866_passing_MET': [245.0, 303.0], '876_866_failing_MET': [10.0, 5.0], '876_866_min_MET_pt': [66.73126220703125, 54.49242401123047], '676_665': [943.0, 2816.0], '676_665_passing_MET': [919.0, 2745.0], '676_665_failing_MET': [24.0, 71.0], '676_665_min_MET_pt': [25.507884979248047, 30.1843204498291], '676_666': [99.0, 272.0], '676_666_passing_MET': [98.0, 267.0], '676_666_failing_MET': [1.0, 5.0], '676_666_min_MET_pt': [34.5062370300293, 79.55767059326172], '676_660': [1108.0, 0.0], '676_660_passing_MET': [1081.0, 0.0], '676_660_failing_MET': [27.0, 0.0], '676_660_min_MET_pt': [45.27194595336914, 10000000.0], '926_915': [3011.0, 0.0], '926_915_passing_MET': [2935.0, 0.0], '926_915_failing_MET': [76.0, 0.0], '926_915_min_MET_pt': [12.992340087890625, 10000000.0], '926_916': [308.0, 0.0], '926_916_passing_MET': [300.0, 0.0], '926_916_failing_MET': [8.0, 0.0], '926_916_min_MET_pt': [62.76860046386719, 10000000.0], '1100_1072': [0.0, 192.0], '1100_1072_passing_MET': [0.0, 189.0], '1100_1072_failing_MET': [0.0, 3.0], '1100_1072_min_MET_pt': [10000000.0, 86.07098388671875], '1052_1040': [2288.0, 3379.0], '1052_1040_passing_MET': [2245.0, 3304.0], '1052_1040_failing_MET': [43.0, 75.0], '1052_1040_min_MET_pt': [18.760927200317383, 24.292551040649414], '1076_1050': [0.0, 1985.0], '1076_1050_passing_MET': [0.0, 1933.0], '1076_1050_failing_MET': [0.0, 52.0], '1076_1050_min_MET_pt': [10000000.0, 18.884061813354492], '1076_1052': [0.0, 370.0], '1076_1052_passing_MET': [0.0, 352.0], '1076_1052_failing_MET': [0.0, 18.0], '1076_1052_min_MET_pt': [10000000.0, 53.5215950012207], '976_955': [959.0, 3026.0], '976_955_passing_MET': [928.0, 2943.0], '976_955_failing_MET': [31.0, 83.0], '976_955_min_MET_pt': [44.733192443847656, 31.860755920410156], '976_956': [189.0, 506.0], '976_956_passing_MET': [184.0, 488.0], '976_956_failing_MET': [5.0, 18.0], '976_956_min_MET_pt': [33.820396423339844, 61.1876106262207], '600_576': [0.0, 305.0], '600_576_passing_MET': [0.0, 296.0], '600_576_failing_MET': [0.0, 9.0], '600_576_min_MET_pt': [10000000.0, 51.991310119628906], '626_615': [0.0, 908.0], '626_615_passing_MET': [0.0, 893.0], '626_615_failing_MET': [0.0, 15.0], '626_615_min_MET_pt': [10000000.0, 34.93632507324219], '626_616': [0.0, 94.0], '626_616_passing_MET': [0.0, 91.0], '626_616_failing_MET': [0.0, 3.0], '626_616_min_MET_pt': [10000000.0, 38.53866958618164], '776_765': [0.0, 3885.0], '776_765_passing_MET': [0.0, 3792.0], '776_765_failing_MET': [0.0, 93.0], '776_765_min_MET_pt': [10000000.0, 8.854415893554688], '776_766': [0.0, 373.0], '776_766_passing_MET': [0.0, 360.0], '776_766_failing_MET': [0.0, 13.0], '776_766_min_MET_pt': [10000000.0, 73.38638305664062], '926_905': [0.0, 975.0], '926_905_passing_MET': [0.0, 950.0], '926_905_failing_MET': [0.0, 25.0], '926_905_min_MET_pt': [10000000.0, 24.232282638549805], '926_906': [0.0, 166.0], '926_906_passing_MET': [0.0, 160.0], '926_906_failing_MET': [0.0, 6.0], '926_906_min_MET_pt': [10000000.0, 46.394371032714844], '1024_995': [0.0, 997.0], '1024_995_passing_MET': [0.0, 975.0], '1024_995_failing_MET': [0.0, 22.0], '1024_995_min_MET_pt': [10000000.0, 60.59292984008789], '1024_996': [0.0, 181.0], '1024_996_passing_MET': [0.0, 174.0], '1024_996_failing_MET': [0.0, 7.0], '1024_996_min_MET_pt': [10000000.0, 45.9730110168457], '1076_1065': [2071.0, 1090.0], '1076_1065_passing_MET': [2029.0, 1077.0], '1076_1065_failing_MET': [42.0, 13.0], '1076_1065_min_MET_pt': [44.31574249267578, 64.4178466796875], '1076_1064': [227.0, 116.0], '1076_1064_passing_MET': [224.0, 115.0], '1076_1064_failing_MET': [3.0, 1.0], '1076_1064_min_MET_pt': [78.7573471069336, 51.2003059387207], '876_850': [1101.0, 0.0], '876_850_passing_MET': [1075.0, 0.0], '876_850_failing_MET': [26.0, 0.0], '876_850_min_MET_pt': [27.99815559387207, 10000000.0], '650_636': [121.0, 0.0], '650_636_passing_MET': [114.0, 0.0], '650_636_failing_MET': [7.0, 0.0], '650_636_min_MET_pt': [68.5977783203125, 10000000.0], '900_886': [0.0, 135.0], '900_886_passing_MET': [0.0, 130.0], '900_886_failing_MET': [0.0, 5.0], '900_886_min_MET_pt': [10000000.0, 28.061613082885742], '800_776': [333.0, 0.0], '800_776_passing_MET': [326.0, 0.0], '800_776_failing_MET': [7.0, 0.0], '800_776_min_MET_pt': [57.296146392822266, 10000000.0], '526_495': [0.0, 1049.0], '526_495_passing_MET': [0.0, 1009.0], '526_495_failing_MET': [0.0, 40.0], '526_495_min_MET_pt': [10000000.0, 25.43548011779785], '526_500': [1031.0, 0.0], '526_500_passing_MET': [996.0, 0.0], '526_500_failing_MET': [35.0, 0.0], '526_500_min_MET_pt': [40.24857711791992, 10000000.0], '826_795': [952.0, 0.0], '826_795_passing_MET': [928.0, 0.0], '826_795_failing_MET': [24.0, 0.0], '826_795_min_MET_pt': [22.63409996032715, 10000000.0], '826_796': [169.0, 0.0], '826_796_passing_MET': [162.0, 0.0], '826_796_failing_MET': [7.0, 0.0], '826_796_min_MET_pt': [74.87645721435547, 10000000.0], '1052_1025': [1004.0, 0.0], '1052_1025_passing_MET': [986.0, 0.0], '1052_1025_failing_MET': [18.0, 0.0], '1052_1025_min_MET_pt': [47.88505935668945, 10000000.0], '1052_1024': [169.0, 0.0], '1052_1024_passing_MET': [162.0, 0.0], '1052_1024_failing_MET': [7.0, 0.0], '1052_1024_min_MET_pt': [71.14496612548828, 10000000.0], '850_836': [147.0, 0.0], '850_836_passing_MET': [141.0, 0.0], '850_836_failing_MET': [6.0, 0.0], '850_836_min_MET_pt': [63.65315246582031, 10000000.0], '726_715': [0.0, 992.0], '726_715_passing_MET': [0.0, 967.0], '726_715_failing_MET': [0.0, 25.0], '726_715_min_MET_pt': [10000000.0, 38.24464416503906], '726_716': [0.0, 105.0], '726_716_passing_MET': [0.0, 103.0], '726_716_failing_MET': [0.0, 2.0], '726_716_min_MET_pt': [10000000.0, 79.27259826660156], '926_895': [0.0, 1037.0], '926_895_passing_MET': [0.0, 1009.0], '926_895_failing_MET': [0.0, 28.0], '926_895_min_MET_pt': [10000000.0, 35.617469787597656], '926_896': [0.0, 201.0], '926_896_passing_MET': [0.0, 194.0], '926_896_failing_MET': [0.0, 7.0], '926_896_min_MET_pt': [10000000.0, 28.675071716308594], '950_926': [0.0, 178.0], '950_926_passing_MET': [0.0, 177.0], '950_926_failing_MET': [0.0, 1.0], '950_926_min_MET_pt': [10000000.0, 78.94037628173828], '700_676': [323.0, 334.0], '700_676_passing_MET': [312.0, 321.0], '700_676_failing_MET': [11.0, 13.0], '700_676_min_MET_pt': [54.91688919067383, 35.42655563354492], '1024_1015': [1976.0, 0.0], '1024_1015_passing_MET': [1942.0, 0.0], '1024_1015_failing_MET': [34.0, 0.0], '1024_1015_min_MET_pt': [25.011377334594727, 10000000.0], '1024_1016': [203.0, 0.0], '1024_1016_passing_MET': [195.0, 0.0], '1024_1016_failing_MET': [8.0, 0.0], '1024_1016_min_MET_pt': [64.62078857421875, 10000000.0], '626_600': [0.0, 1056.0], '626_600_passing_MET': [0.0, 1022.0], '626_600_failing_MET': [0.0, 34.0], '626_600_min_MET_pt': [10000000.0, 38.048221588134766], '600_586': [113.0, 0.0], '600_586_passing_MET': [109.0, 0.0], '600_586_failing_MET': [4.0, 0.0], '600_586_min_MET_pt': [66.1061019897461, 10000000.0], '750_726': [0.0, 161.0], '750_726_passing_MET': [0.0, 154.0], '750_726_failing_MET': [0.0, 7.0], '750_726_min_MET_pt': [10000000.0, 11.085177421569824], '1024_1005': [1040.0, 0.0], '1024_1005_passing_MET': [1021.0, 0.0], '1024_1005_failing_MET': [19.0, 0.0], '1024_1005_min_MET_pt': [59.51621627807617, 10000000.0], '1024_1006': [158.0, 0.0], '1024_1006_passing_MET': [153.0, 0.0], '1024_1006_failing_MET': [5.0, 0.0], '1024_1006_min_MET_pt': [72.26814270019531, 10000000.0], '976_960': [0.0, 1149.0], '976_960_passing_MET': [0.0, 1112.0], '976_960_failing_MET': [0.0, 37.0], '976_960_min_MET_pt': [10000000.0, 40.260719299316406], '576_550': [0.0, 984.0], '576_550_passing_MET': [0.0, 951.0], '576_550_failing_MET': [0.0, 33.0], '576_550_min_MET_pt': [10000000.0, 58.89982604980469], '526_505': [0.0, 1004.0], '526_505_passing_MET': [0.0, 971.0], '526_505_failing_MET': [0.0, 33.0], '526_505_min_MET_pt': [10000000.0, 34.383544921875], '826_815': [984.0, 989.0], '826_815_passing_MET': [959.0, 971.0], '826_815_failing_MET': [25.0, 18.0], '826_815_min_MET_pt': [6.288584232330322, 36.17206954956055], '826_816': [120.0, 102.0], '826_816_passing_MET': [115.0, 101.0], '826_816_failing_MET': [5.0, 1.0], '826_816_min_MET_pt': [81.19476318359375, 89.37447357177734], '776_745': [1006.0, 0.0], '776_745_passing_MET': [971.0, 0.0], '776_745_failing_MET': [35.0, 0.0], '776_745_min_MET_pt': [37.530494689941406, 10000000.0], '776_746': [179.0, 0.0], '776_746_passing_MET': [174.0, 0.0], '776_746_failing_MET': [5.0, 0.0], '776_746_min_MET_pt': [70.79771423339844, 10000000.0], '700_686': [0.0, 156.0], '700_686_passing_MET': [0.0, 154.0], '700_686_failing_MET': [0.0, 2.0], '700_686_min_MET_pt': [10000000.0, 45.96071243286133]}
nevents_from_dict =  3590336049.0712547
Results saved to /afs/cern.ch/work/m/mleoncoe/private/stop_met_check/outputs_2018/nanoAOD_547.json
done
