i am in this directory
/pool/condor/dir_1193066
Python 3.9.23
3.9.21
 will run this python stop_check_met_eff.py /eos/user/m/mleoncoe/stop_event_check/privateNanoAod2018/nanoAOD_120.root /afs/cern.ch/work/m/mleoncoe/private/stop_met_check/outputs_2018/nanoAOD_120.json
event num1000
event num2000
event num3000
event num4000
event num5000
event num6000
event num7000
event num8000
event num9000
event num10000
event num11000
event num12000
event num13000
event num14000
event num15000
event num16000
event num17000
event num18000
event num19000
event num20000
event num21000
event num22000
event num23000
event num24000
event num25000
event num26000
event num27000
event num28000
event num29000
event num30000
event num31000
event num32000
event num33000
event num34000
event num35000
event num36000
event num37000
event num38000
event num39000
event num40000
event num41000
event num42000
event num43000
event num44000
event num45000
event num46000
event num47000
event num48000
event num49000
event num50000
event num51000
event num52000
event num53000
event num54000
event num55000
event num56000
event num57000
event num58000
event num59000
event num60000
event num61000
event num62000
event num63000
event num64000
event num65000
event num66000
event num67000
event num68000
event num69000
event num70000
event num71000
event num72000
event num73000
event num74000
event num75000
event num76000
event num77000
event num78000
event num79000
event num80000
event num81000
event num82000
event num83000
event num84000
event num85000
event num86000
event num87000
event num88000
event num89000
event num90000
event num91000
event num92000
event num93000
event num94000
event num95000
event num96000
event num97000
event num98000
event num99000
event num100000
event num101000
event num102000
event num103000
event num104000
event num105000
event num106000
event num107000
event num108000
event num109000
event num110000
event num111000
event num112000
event num113000
event num114000
event num115000
event num116000
event num117000
event num118000
event num119000
event num120000
event num121000
event num122000
event num123000
event num124000
event num125000
event num126000
event num127000
event num128000
event num129000
event num130000
event num131000
event num132000
event num133000
event num134000
event num135000
event num136000
event num137000
event num138000
event num139000
event num140000
event num141000
event num142000
event num143000
event num144000
event num145000
event num146000
event num147000
event num148000
event num149000
event num150000
event num151000
event num152000
event num153000
event num154000
event num155000
event num156000
event num157000
event num158000
event num159000
event num160000
event num161000
event num162000
event num163000
event num164000
event num165000
event num166000
event num167000
event num168000
event num169000
event num170000
event num171000
event num172000
event num173000
event num174000
event num175000
event num176000
event num177000
event num178000
event num179000
event num180000
event num181000
event num182000
event num183000
event num184000
event num185000
event num186000
event num187000
event num188000
event num189000
event num190000
{'250_240': [0.0, 1350.0], '250_240_passing_MET': [0.0, 1304.0], '250_240_failing_MET': [0.0, 46.0], '250_240_min_MET_pt': [10000000.0, 11.833158493041992], '250_235': [0.0, 0.0], '250_235_passing_MET': [0.0, 0.0], '250_235_failing_MET': [0.0, 0.0], '250_235_min_MET_pt': [10000000.0, 10000000.0], '250_230': [0.0, 0.0], '250_230_passing_MET': [0.0, 0.0], '250_230_failing_MET': [0.0, 0.0], '250_230_min_MET_pt': [10000000.0, 10000000.0], '250_225': [0.0, 753.0], '250_225_passing_MET': [0.0, 711.0], '250_225_failing_MET': [0.0, 42.0], '250_225_min_MET_pt': [10000000.0, 36.824764251708984], '250_220': [766.0, 0.0], '250_220_passing_MET': [718.0, 0.0], '250_220_failing_MET': [48.0, 0.0], '250_220_min_MET_pt': [31.561511993408203, 10000000.0], '275_265': [2111.0, 0.0], '275_265_passing_MET': [2037.0, 0.0], '275_265_failing_MET': [74.0, 0.0], '275_265_min_MET_pt': [29.740558624267578, 10000000.0], '275_260': [707.0, 0.0], '275_260_passing_MET': [673.0, 0.0], '275_260_failing_MET': [34.0, 0.0], '275_260_min_MET_pt': [32.08720016479492, 10000000.0], '275_255': [0.0, 0.0], '275_255_passing_MET': [0.0, 0.0], '275_255_failing_MET': [0.0, 0.0], '275_255_min_MET_pt': [10000000.0, 10000000.0], '275_250': [759.0, 0.0], '275_250_passing_MET': [725.0, 0.0], '275_250_failing_MET': [34.0, 0.0], '275_250_min_MET_pt': [41.67424011230469, 10000000.0], '275_245': [0.0, 0.0], '275_245_passing_MET': [0.0, 0.0], '275_245_failing_MET': [0.0, 0.0], '275_245_min_MET_pt': [10000000.0, 10000000.0], '300_290': [2348.0, 759.0], '300_290_passing_MET': [0.0, 0.0], '300_290_failing_MET': [0.0, 0.0], '300_290_min_MET_pt': [10000000.0, 10000000.0], '300_285': [0.0, 1576.0], '300_285_passing_MET': [0.0, 1521.0], '300_285_failing_MET': [0.0, 55.0], '300_285_min_MET_pt': [10000000.0, 34.059566497802734], '300_280': [0.0, 807.0], '300_280_passing_MET': [0.0, 770.0], '300_280_failing_MET': [0.0, 37.0], '300_280_min_MET_pt': [10000000.0, 37.1208381652832], '300_275': [838.0, 0.0], '300_275_passing_MET': [789.0, 0.0], '300_275_failing_MET': [49.0, 0.0], '300_275_min_MET_pt': [31.432775497436523, 10000000.0], '300_270': [0.0, 0.0], '300_270_passing_MET': [0.0, 0.0], '300_270_failing_MET': [0.0, 0.0], '300_270_min_MET_pt': [10000000.0, 10000000.0], '325_315': [827.0, 2433.0], '325_315_passing_MET': [0.0, 0.0], '325_315_failing_MET': [0.0, 0.0], '325_315_min_MET_pt': [10000000.0, 10000000.0], '325_310': [853.0, 857.0], '325_310_passing_MET': [0.0, 0.0], '325_310_failing_MET': [0.0, 0.0], '325_310_min_MET_pt': [10000000.0, 10000000.0], '325_305': [876.0, 1666.0], '325_305_passing_MET': [0.0, 0.0], '325_305_failing_MET': [0.0, 0.0], '325_305_min_MET_pt': [10000000.0, 10000000.0], '325_300': [831.0, 0.0], '325_300_passing_MET': [794.0, 0.0], '325_300_failing_MET': [37.0, 0.0], '325_300_min_MET_pt': [27.73045539855957, 10000000.0], '325_295': [866.0, 0.0], '325_295_passing_MET': [815.0, 0.0], '325_295_failing_MET': [51.0, 0.0], '325_295_min_MET_pt': [11.070160865783691, 10000000.0], '350_340': [0.0, 1689.0], '350_340_passing_MET': [0.0, 1639.0], '350_340_failing_MET': [0.0, 50.0], '350_340_min_MET_pt': [10000000.0, 38.99891662597656], '350_335': [0.0, 0.0], '350_335_passing_MET': [0.0, 0.0], '350_335_failing_MET': [0.0, 0.0], '350_335_min_MET_pt': [10000000.0, 10000000.0], '350_330': [854.0, 1768.0], '350_330_passing_MET': [0.0, 0.0], '350_330_failing_MET': [0.0, 0.0], '350_330_min_MET_pt': [10000000.0, 10000000.0], '350_325': [895.0, 0.0], '350_325_passing_MET': [860.0, 0.0], '350_325_failing_MET': [35.0, 0.0], '350_325_min_MET_pt': [37.04490280151367, 10000000.0], '350_320': [0.0, 0.0], '350_320_passing_MET': [0.0, 0.0], '350_320_failing_MET': [0.0, 0.0], '350_320_min_MET_pt': [10000000.0, 10000000.0], '375_365': [5099.0, 1689.0], '375_365_passing_MET': [0.0, 0.0], '375_365_failing_MET': [0.0, 0.0], '375_365_min_MET_pt': [10000000.0, 10000000.0], '375_360': [887.0, 0.0], '375_360_passing_MET': [862.0, 0.0], '375_360_failing_MET': [25.0, 0.0], '375_360_min_MET_pt': [52.55839538574219, 10000000.0], '375_355': [0.0, 0.0], '375_355_passing_MET': [0.0, 0.0], '375_355_failing_MET': [0.0, 0.0], '375_355_min_MET_pt': [10000000.0, 10000000.0], '375_350': [0.0, 0.0], '375_350_passing_MET': [0.0, 0.0], '375_350_failing_MET': [0.0, 0.0], '375_350_min_MET_pt': [10000000.0, 10000000.0], '375_345': [0.0, 0.0], '375_345_passing_MET': [0.0, 0.0], '375_345_failing_MET': [0.0, 0.0], '375_345_min_MET_pt': [10000000.0, 10000000.0], '400_390': [1776.0, 1851.0], '400_390_passing_MET': [0.0, 0.0], '400_390_failing_MET': [0.0, 0.0], '400_390_min_MET_pt': [10000000.0, 10000000.0], '400_385': [906.0, 0.0], '400_385_passing_MET': [872.0, 0.0], '400_385_failing_MET': [34.0, 0.0], '400_385_min_MET_pt': [34.69744873046875, 10000000.0], '400_380': [952.0, 884.0], '400_380_passing_MET': [0.0, 0.0], '400_380_failing_MET': [0.0, 0.0], '400_380_min_MET_pt': [10000000.0, 10000000.0], '400_375': [0.0, 0.0], '400_375_passing_MET': [0.0, 0.0], '400_375_failing_MET': [0.0, 0.0], '400_375_min_MET_pt': [10000000.0, 10000000.0], '400_370': [0.0, 0.0], '400_370_passing_MET': [0.0, 0.0], '400_370_failing_MET': [0.0, 0.0], '400_370_min_MET_pt': [10000000.0, 10000000.0], '425_415': [955.0, 1800.0], '425_415_passing_MET': [0.0, 0.0], '425_415_failing_MET': [0.0, 0.0], '425_415_min_MET_pt': [10000000.0, 10000000.0], '425_410': [1810.0, 0.0], '425_410_passing_MET': [1766.0, 0.0], '425_410_failing_MET': [44.0, 0.0], '425_410_min_MET_pt': [22.86902618408203, 10000000.0], '425_405': [0.0, 0.0], '425_405_passing_MET': [0.0, 0.0], '425_405_failing_MET': [0.0, 0.0], '425_405_min_MET_pt': [10000000.0, 10000000.0], '425_400': [0.0, 969.0], '425_400_passing_MET': [0.0, 938.0], '425_400_failing_MET': [0.0, 31.0], '425_400_min_MET_pt': [10000000.0, 39.57517623901367], '425_395': [953.0, 0.0], '425_395_passing_MET': [908.0, 0.0], '425_395_failing_MET': [45.0, 0.0], '425_395_min_MET_pt': [26.36431884765625, 10000000.0], '450_440': [0.0, 0.0], '450_440_passing_MET': [0.0, 0.0], '450_440_failing_MET': [0.0, 0.0], '450_440_min_MET_pt': [10000000.0, 10000000.0], '450_435': [0.0, 0.0], '450_435_passing_MET': [0.0, 0.0], '450_435_failing_MET': [0.0, 0.0], '450_435_min_MET_pt': [10000000.0, 10000000.0], '450_430': [961.0, 969.0], '450_430_passing_MET': [0.0, 0.0], '450_430_failing_MET': [0.0, 0.0], '450_430_min_MET_pt': [10000000.0, 10000000.0], '450_425': [1988.0, 936.0], '450_425_passing_MET': [0.0, 0.0], '450_425_failing_MET': [0.0, 0.0], '450_425_min_MET_pt': [10000000.0, 10000000.0], '450_420': [0.0, 1032.0], '450_420_passing_MET': [0.0, 987.0], '450_420_failing_MET': [0.0, 45.0], '450_420_min_MET_pt': [10000000.0, 45.174468994140625], '475_465': [1833.0, 938.0], '475_465_passing_MET': [0.0, 0.0], '475_465_failing_MET': [0.0, 0.0], '475_465_min_MET_pt': [10000000.0, 10000000.0], '475_460': [965.0, 0.0], '475_460_passing_MET': [938.0, 0.0], '475_460_failing_MET': [27.0, 0.0], '475_460_min_MET_pt': [22.229799270629883, 10000000.0], '475_455': [0.0, 0.0], '475_455_passing_MET': [0.0, 0.0], '475_455_failing_MET': [0.0, 0.0], '475_455_min_MET_pt': [10000000.0, 10000000.0], '475_450': [0.0, 0.0], '475_450_passing_MET': [0.0, 0.0], '475_450_failing_MET': [0.0, 0.0], '475_450_min_MET_pt': [10000000.0, 10000000.0], '475_445': [0.0, 0.0], '475_445_passing_MET': [0.0, 0.0], '475_445_failing_MET': [0.0, 0.0], '475_445_min_MET_pt': [10000000.0, 10000000.0], '500_490': [940.0, 0.0], '500_490_passing_MET': [924.0, 0.0], '500_490_failing_MET': [16.0, 0.0], '500_490_min_MET_pt': [51.46518325805664, 10000000.0], '500_485': [901.0, 0.0], '500_485_passing_MET': [871.0, 0.0], '500_485_failing_MET': [30.0, 0.0], '500_485_min_MET_pt': [11.043173789978027, 10000000.0], '500_480': [0.0, 1993.0], '500_480_passing_MET': [0.0, 1942.0], '500_480_failing_MET': [0.0, 51.0], '500_480_min_MET_pt': [10000000.0, 40.951744079589844], '500_475': [0.0, 0.0], '500_475_passing_MET': [0.0, 0.0], '500_475_failing_MET': [0.0, 0.0], '500_475_min_MET_pt': [10000000.0, 10000000.0], '500_470': [0.0, 0.0], '500_470_passing_MET': [0.0, 0.0], '500_470_failing_MET': [0.0, 0.0], '500_470_min_MET_pt': [10000000.0, 10000000.0], '525_515': [0.0, 0.0], '525_515_passing_MET': [0.0, 0.0], '525_515_failing_MET': [0.0, 0.0], '525_515_min_MET_pt': [10000000.0, 10000000.0], '525_510': [0.0, 0.0], '525_510_passing_MET': [0.0, 0.0], '525_510_failing_MET': [0.0, 0.0], '525_510_min_MET_pt': [10000000.0, 10000000.0], '525_505': [0.0, 0.0], '525_505_passing_MET': [0.0, 0.0], '525_505_failing_MET': [0.0, 0.0], '525_505_min_MET_pt': [10000000.0, 10000000.0], '525_500': [0.0, 0.0], '525_500_passing_MET': [0.0, 0.0], '525_500_failing_MET': [0.0, 0.0], '525_500_min_MET_pt': [10000000.0, 10000000.0], '525_495': [0.0, 0.0], '525_495_passing_MET': [0.0, 0.0], '525_495_failing_MET': [0.0, 0.0], '525_495_min_MET_pt': [10000000.0, 10000000.0], '550_540': [0.0, 1969.0], '550_540_passing_MET': [0.0, 1912.0], '550_540_failing_MET': [0.0, 57.0], '550_540_min_MET_pt': [10000000.0, 19.318225860595703], '550_535': [0.0, 870.0], '550_535_passing_MET': [0.0, 852.0], '550_535_failing_MET': [0.0, 18.0], '550_535_min_MET_pt': [10000000.0, 48.85014343261719], '550_530': [0.0, 999.0], '550_530_passing_MET': [0.0, 968.0], '550_530_failing_MET': [0.0, 31.0], '550_530_min_MET_pt': [10000000.0, 39.78271484375], '550_525': [952.0, 0.0], '550_525_passing_MET': [909.0, 0.0], '550_525_failing_MET': [43.0, 0.0], '550_525_min_MET_pt': [2.724436044692993, 10000000.0], '550_520': [0.0, 0.0], '550_520_passing_MET': [0.0, 0.0], '550_520_failing_MET': [0.0, 0.0], '550_520_min_MET_pt': [10000000.0, 10000000.0], '575_565': [0.0, 0.0], '575_565_passing_MET': [0.0, 0.0], '575_565_failing_MET': [0.0, 0.0], '575_565_min_MET_pt': [10000000.0, 10000000.0], '575_560': [0.0, 0.0], '575_560_passing_MET': [0.0, 0.0], '575_560_failing_MET': [0.0, 0.0], '575_560_min_MET_pt': [10000000.0, 10000000.0], '575_555': [0.0, 0.0], '575_555_passing_MET': [0.0, 0.0], '575_555_failing_MET': [0.0, 0.0], '575_555_min_MET_pt': [10000000.0, 10000000.0], '575_550': [0.0, 0.0], '575_550_passing_MET': [0.0, 0.0], '575_550_failing_MET': [0.0, 0.0], '575_550_min_MET_pt': [10000000.0, 10000000.0], '575_545': [0.0, 0.0], '575_545_passing_MET': [0.0, 0.0], '575_545_failing_MET': [0.0, 0.0], '575_545_min_MET_pt': [10000000.0, 10000000.0], '600_590': [1033.0, 0.0], '600_590_passing_MET': [1007.0, 0.0], '600_590_failing_MET': [26.0, 0.0], '600_590_min_MET_pt': [35.75940704345703, 10000000.0], '600_585': [0.0, 0.0], '600_585_passing_MET': [0.0, 0.0], '600_585_failing_MET': [0.0, 0.0], '600_585_min_MET_pt': [10000000.0, 10000000.0], '600_580': [1041.0, 0.0], '600_580_passing_MET': [1024.0, 0.0], '600_580_failing_MET': [17.0, 0.0], '600_580_min_MET_pt': [30.669496536254883, 10000000.0], '600_575': [0.0, 0.0], '600_575_passing_MET': [0.0, 0.0], '600_575_failing_MET': [0.0, 0.0], '600_575_min_MET_pt': [10000000.0, 10000000.0], '600_570': [2230.0, 1072.0], '600_570_passing_MET': [0.0, 0.0], '600_570_failing_MET': [0.0, 0.0], '600_570_min_MET_pt': [10000000.0, 10000000.0], '625_615': [0.0, 0.0], '625_615_passing_MET': [0.0, 0.0], '625_615_failing_MET': [0.0, 0.0], '625_615_min_MET_pt': [10000000.0, 10000000.0], '625_610': [0.0, 0.0], '625_610_passing_MET': [0.0, 0.0], '625_610_failing_MET': [0.0, 0.0], '625_610_min_MET_pt': [10000000.0, 10000000.0], '625_605': [0.0, 0.0], '625_605_passing_MET': [0.0, 0.0], '625_605_failing_MET': [0.0, 0.0], '625_605_min_MET_pt': [10000000.0, 10000000.0], '625_600': [0.0, 0.0], '625_600_passing_MET': [0.0, 0.0], '625_600_failing_MET': [0.0, 0.0], '625_600_min_MET_pt': [10000000.0, 10000000.0], '625_595': [0.0, 0.0], '625_595_passing_MET': [0.0, 0.0], '625_595_failing_MET': [0.0, 0.0], '625_595_min_MET_pt': [10000000.0, 10000000.0], '650_640': [2007.0, 1031.0], '650_640_passing_MET': [0.0, 0.0], '650_640_failing_MET': [0.0, 0.0], '650_640_min_MET_pt': [10000000.0, 10000000.0], '650_635': [0.0, 925.0], '650_635_passing_MET': [0.0, 905.0], '650_635_failing_MET': [0.0, 20.0], '650_635_min_MET_pt': [10000000.0, 60.12803649902344], '650_630': [0.0, 0.0], '650_630_passing_MET': [0.0, 0.0], '650_630_failing_MET': [0.0, 0.0], '650_630_min_MET_pt': [10000000.0, 10000000.0], '650_625': [0.0, 0.0], '650_625_passing_MET': [0.0, 0.0], '650_625_failing_MET': [0.0, 0.0], '650_625_min_MET_pt': [10000000.0, 10000000.0], '650_620': [0.0, 1041.0], '650_620_passing_MET': [0.0, 1009.0], '650_620_failing_MET': [0.0, 32.0], '650_620_min_MET_pt': [10000000.0, 36.870445251464844], '675_665': [0.0, 0.0], '675_665_passing_MET': [0.0, 0.0], '675_665_failing_MET': [0.0, 0.0], '675_665_min_MET_pt': [10000000.0, 10000000.0], '675_660': [0.0, 0.0], '675_660_passing_MET': [0.0, 0.0], '675_660_failing_MET': [0.0, 0.0], '675_660_min_MET_pt': [10000000.0, 10000000.0], '675_655': [0.0, 0.0], '675_655_passing_MET': [0.0, 0.0], '675_655_failing_MET': [0.0, 0.0], '675_655_min_MET_pt': [10000000.0, 10000000.0], '675_650': [0.0, 0.0], '675_650_passing_MET': [0.0, 0.0], '675_650_failing_MET': [0.0, 0.0], '675_650_min_MET_pt': [10000000.0, 10000000.0], '675_645': [0.0, 0.0], '675_645_passing_MET': [0.0, 0.0], '675_645_failing_MET': [0.0, 0.0], '675_645_min_MET_pt': [10000000.0, 10000000.0], '700_690': [0.0, 3115.0], '700_690_passing_MET': [0.0, 3040.0], '700_690_failing_MET': [0.0, 75.0], '700_690_min_MET_pt': [10000000.0, 8.781906127929688], '700_685': [0.0, 1849.0], '700_685_passing_MET': [0.0, 1785.0], '700_685_failing_MET': [0.0, 64.0], '700_685_min_MET_pt': [10000000.0, 23.907840728759766], '700_680': [1086.0, 0.0], '700_680_passing_MET': [1060.0, 0.0], '700_680_failing_MET': [26.0, 0.0], '700_680_min_MET_pt': [10.807899475097656, 10000000.0], '700_675': [0.0, 923.0], '700_675_passing_MET': [0.0, 902.0], '700_675_failing_MET': [0.0, 21.0], '700_675_min_MET_pt': [10000000.0, 3.9394609928131104], '700_670': [0.0, 0.0], '700_670_passing_MET': [0.0, 0.0], '700_670_failing_MET': [0.0, 0.0], '700_670_min_MET_pt': [10000000.0, 10000000.0], '725_715': [0.0, 0.0], '725_715_passing_MET': [0.0, 0.0], '725_715_failing_MET': [0.0, 0.0], '725_715_min_MET_pt': [10000000.0, 10000000.0], '725_710': [0.0, 0.0], '725_710_passing_MET': [0.0, 0.0], '725_710_failing_MET': [0.0, 0.0], '725_710_min_MET_pt': [10000000.0, 10000000.0], '725_705': [0.0, 0.0], '725_705_passing_MET': [0.0, 0.0], '725_705_failing_MET': [0.0, 0.0], '725_705_min_MET_pt': [10000000.0, 10000000.0], '725_700': [0.0, 0.0], '725_700_passing_MET': [0.0, 0.0], '725_700_failing_MET': [0.0, 0.0], '725_700_min_MET_pt': [10000000.0, 10000000.0], '725_695': [0.0, 0.0], '725_695_passing_MET': [0.0, 0.0], '725_695_failing_MET': [0.0, 0.0], '725_695_min_MET_pt': [10000000.0, 10000000.0], '750_740': [1081.0, 0.0], '750_740_passing_MET': [1050.0, 0.0], '750_740_failing_MET': [31.0, 0.0], '750_740_min_MET_pt': [24.878816604614258, 10000000.0], '750_735': [0.0, 0.0], '750_735_passing_MET': [0.0, 0.0], '750_735_failing_MET': [0.0, 0.0], '750_735_min_MET_pt': [10000000.0, 10000000.0], '750_730': [0.0, 0.0], '750_730_passing_MET': [0.0, 0.0], '750_730_failing_MET': [0.0, 0.0], '750_730_min_MET_pt': [10000000.0, 10000000.0], '750_725': [904.0, 904.0], '750_725_passing_MET': [0.0, 0.0], '750_725_failing_MET': [0.0, 0.0], '750_725_min_MET_pt': [10000000.0, 10000000.0], '750_720': [2295.0, 0.0], '750_720_passing_MET': [2235.0, 0.0], '750_720_failing_MET': [60.0, 0.0], '750_720_min_MET_pt': [20.68641471862793, 10000000.0], '775_765': [0.0, 0.0], '775_765_passing_MET': [0.0, 0.0], '775_765_failing_MET': [0.0, 0.0], '775_765_min_MET_pt': [10000000.0, 10000000.0], '775_760': [0.0, 0.0], '775_760_passing_MET': [0.0, 0.0], '775_760_failing_MET': [0.0, 0.0], '775_760_min_MET_pt': [10000000.0, 10000000.0], '775_755': [0.0, 0.0], '775_755_passing_MET': [0.0, 0.0], '775_755_failing_MET': [0.0, 0.0], '775_755_min_MET_pt': [10000000.0, 10000000.0], '775_750': [0.0, 0.0], '775_750_passing_MET': [0.0, 0.0], '775_750_failing_MET': [0.0, 0.0], '775_750_min_MET_pt': [10000000.0, 10000000.0], '775_745': [0.0, 0.0], '775_745_passing_MET': [0.0, 0.0], '775_745_failing_MET': [0.0, 0.0], '775_745_min_MET_pt': [10000000.0, 10000000.0], '800_790': [2199.0, 2139.0], '800_790_passing_MET': [0.0, 0.0], '800_790_failing_MET': [0.0, 0.0], '800_790_min_MET_pt': [10000000.0, 10000000.0], '800_785': [963.0, 0.0], '800_785_passing_MET': [940.0, 0.0], '800_785_failing_MET': [23.0, 0.0], '800_785_min_MET_pt': [22.784929275512695, 10000000.0], '800_780': [0.0, 0.0], '800_780_passing_MET': [0.0, 0.0], '800_780_failing_MET': [0.0, 0.0], '800_780_min_MET_pt': [10000000.0, 10000000.0], '800_775': [936.0, 980.0], '800_775_passing_MET': [0.0, 0.0], '800_775_failing_MET': [0.0, 0.0], '800_775_min_MET_pt': [10000000.0, 10000000.0], '800_770': [0.0, 0.0], '800_770_passing_MET': [0.0, 0.0], '800_770_failing_MET': [0.0, 0.0], '800_770_min_MET_pt': [10000000.0, 10000000.0], '825_815': [0.0, 0.0], '825_815_passing_MET': [0.0, 0.0], '825_815_failing_MET': [0.0, 0.0], '825_815_min_MET_pt': [10000000.0, 10000000.0], '825_810': [0.0, 0.0], '825_810_passing_MET': [0.0, 0.0], '825_810_failing_MET': [0.0, 0.0], '825_810_min_MET_pt': [10000000.0, 10000000.0], '825_805': [0.0, 0.0], '825_805_passing_MET': [0.0, 0.0], '825_805_failing_MET': [0.0, 0.0], '825_805_min_MET_pt': [10000000.0, 10000000.0], '825_800': [0.0, 0.0], '825_800_passing_MET': [0.0, 0.0], '825_800_failing_MET': [0.0, 0.0], '825_800_min_MET_pt': [10000000.0, 10000000.0], '825_795': [0.0, 0.0], '825_795_passing_MET': [0.0, 0.0], '825_795_failing_MET': [0.0, 0.0], '825_795_min_MET_pt': [10000000.0, 10000000.0], '850_840': [1012.0, 0.0], '850_840_passing_MET': [990.0, 0.0], '850_840_failing_MET': [22.0, 0.0], '850_840_min_MET_pt': [62.470821380615234, 10000000.0], '850_835': [951.0, 0.0], '850_835_passing_MET': [922.0, 0.0], '850_835_failing_MET': [29.0, 0.0], '850_835_min_MET_pt': [12.500020027160645, 10000000.0], '850_830': [0.0, 0.0], '850_830_passing_MET': [0.0, 0.0], '850_830_failing_MET': [0.0, 0.0], '850_830_min_MET_pt': [10000000.0, 10000000.0], '850_825': [0.0, 968.0], '850_825_passing_MET': [0.0, 949.0], '850_825_failing_MET': [0.0, 19.0], '850_825_min_MET_pt': [10000000.0, 12.345394134521484], '850_820': [0.0, 0.0], '850_820_passing_MET': [0.0, 0.0], '850_820_failing_MET': [0.0, 0.0], '850_820_min_MET_pt': [10000000.0, 10000000.0], '875_865': [0.0, 0.0], '875_865_passing_MET': [0.0, 0.0], '875_865_failing_MET': [0.0, 0.0], '875_865_min_MET_pt': [10000000.0, 10000000.0], '875_860': [0.0, 0.0], '875_860_passing_MET': [0.0, 0.0], '875_860_failing_MET': [0.0, 0.0], '875_860_min_MET_pt': [10000000.0, 10000000.0], '875_855': [0.0, 0.0], '875_855_passing_MET': [0.0, 0.0], '875_855_failing_MET': [0.0, 0.0], '875_855_min_MET_pt': [10000000.0, 10000000.0], '875_850': [0.0, 0.0], '875_850_passing_MET': [0.0, 0.0], '875_850_failing_MET': [0.0, 0.0], '875_850_min_MET_pt': [10000000.0, 10000000.0], '875_845': [0.0, 0.0], '875_845_passing_MET': [0.0, 0.0], '875_845_failing_MET': [0.0, 0.0], '875_845_min_MET_pt': [10000000.0, 10000000.0], '900_890': [0.0, 0.0], '900_890_passing_MET': [0.0, 0.0], '900_890_failing_MET': [0.0, 0.0], '900_890_min_MET_pt': [10000000.0, 10000000.0], '900_885': [0.0, 1902.0], '900_885_passing_MET': [0.0, 1859.0], '900_885_failing_MET': [0.0, 43.0], '900_885_min_MET_pt': [10000000.0, 37.53144073486328], '900_880': [0.0, 0.0], '900_880_passing_MET': [0.0, 0.0], '900_880_failing_MET': [0.0, 0.0], '900_880_min_MET_pt': [10000000.0, 10000000.0], '900_875': [0.0, 0.0], '900_875_passing_MET': [0.0, 0.0], '900_875_failing_MET': [0.0, 0.0], '900_875_min_MET_pt': [10000000.0, 10000000.0], '900_870': [1219.0, 1153.0], '900_870_passing_MET': [0.0, 0.0], '900_870_failing_MET': [0.0, 0.0], '900_870_min_MET_pt': [10000000.0, 10000000.0], '925_915': [0.0, 0.0], '925_915_passing_MET': [0.0, 0.0], '925_915_failing_MET': [0.0, 0.0], '925_915_min_MET_pt': [10000000.0, 10000000.0], '925_910': [0.0, 0.0], '925_910_passing_MET': [0.0, 0.0], '925_910_failing_MET': [0.0, 0.0], '925_910_min_MET_pt': [10000000.0, 10000000.0], '925_905': [0.0, 0.0], '925_905_passing_MET': [0.0, 0.0], '925_905_failing_MET': [0.0, 0.0], '925_905_min_MET_pt': [10000000.0, 10000000.0], '925_900': [0.0, 0.0], '925_900_passing_MET': [0.0, 0.0], '925_900_failing_MET': [0.0, 0.0], '925_900_min_MET_pt': [10000000.0, 10000000.0], '925_895': [0.0, 0.0], '925_895_passing_MET': [0.0, 0.0], '925_895_failing_MET': [0.0, 0.0], '925_895_min_MET_pt': [10000000.0, 10000000.0], '950_940': [1097.0, 1084.0], '950_940_passing_MET': [0.0, 0.0], '950_940_failing_MET': [0.0, 0.0], '950_940_min_MET_pt': [10000000.0, 10000000.0], '950_935': [0.0, 1968.0], '950_935_passing_MET': [0.0, 1937.0], '950_935_failing_MET': [0.0, 31.0], '950_935_min_MET_pt': [10000000.0, 35.16788864135742], '950_930': [0.0, 0.0], '950_930_passing_MET': [0.0, 0.0], '950_930_failing_MET': [0.0, 0.0], '950_930_min_MET_pt': [10000000.0, 10000000.0], '950_925': [0.0, 0.0], '950_925_passing_MET': [0.0, 0.0], '950_925_failing_MET': [0.0, 0.0], '950_925_min_MET_pt': [10000000.0, 10000000.0], '950_920': [0.0, 0.0], '950_920_passing_MET': [0.0, 0.0], '950_920_failing_MET': [0.0, 0.0], '950_920_min_MET_pt': [10000000.0, 10000000.0], '975_965': [0.0, 0.0], '975_965_passing_MET': [0.0, 0.0], '975_965_failing_MET': [0.0, 0.0], '975_965_min_MET_pt': [10000000.0, 10000000.0], '975_960': [0.0, 0.0], '975_960_passing_MET': [0.0, 0.0], '975_960_failing_MET': [0.0, 0.0], '975_960_min_MET_pt': [10000000.0, 10000000.0], '975_955': [0.0, 0.0], '975_955_passing_MET': [0.0, 0.0], '975_955_failing_MET': [0.0, 0.0], '975_955_min_MET_pt': [10000000.0, 10000000.0], '975_950': [0.0, 0.0], '975_950_passing_MET': [0.0, 0.0], '975_950_failing_MET': [0.0, 0.0], '975_950_min_MET_pt': [10000000.0, 10000000.0], '975_945': [0.0, 0.0], '975_945_passing_MET': [0.0, 0.0], '975_945_failing_MET': [0.0, 0.0], '975_945_min_MET_pt': [10000000.0, 10000000.0], '1000_990': [1137.0, 1123.0], '1000_990_passing_MET': [0.0, 0.0], '1000_990_failing_MET': [0.0, 0.0], '1000_990_min_MET_pt': [10000000.0, 10000000.0], '1000_985': [0.0, 974.0], '1000_985_passing_MET': [0.0, 956.0], '1000_985_failing_MET': [0.0, 18.0], '1000_985_min_MET_pt': [10000000.0, 22.63205909729004], '1000_980': [0.0, 2261.0], '1000_980_passing_MET': [0.0, 2197.0], '1000_980_failing_MET': [0.0, 64.0], '1000_980_min_MET_pt': [10000000.0, 44.73048400878906], '1000_975': [0.0, 993.0], '1000_975_passing_MET': [0.0, 973.0], '1000_975_failing_MET': [0.0, 20.0], '1000_975_min_MET_pt': [10000000.0, 49.41699981689453], '1000_970': [0.0, 0.0], '1000_970_passing_MET': [0.0, 0.0], '1000_970_failing_MET': [0.0, 0.0], '1000_970_min_MET_pt': [10000000.0, 10000000.0], '1025_1015': [0.0, 0.0], '1025_1015_passing_MET': [0.0, 0.0], '1025_1015_failing_MET': [0.0, 0.0], '1025_1015_min_MET_pt': [10000000.0, 10000000.0], '1025_1010': [0.0, 0.0], '1025_1010_passing_MET': [0.0, 0.0], '1025_1010_failing_MET': [0.0, 0.0], '1025_1010_min_MET_pt': [10000000.0, 10000000.0], '1025_1005': [0.0, 0.0], '1025_1005_passing_MET': [0.0, 0.0], '1025_1005_failing_MET': [0.0, 0.0], '1025_1005_min_MET_pt': [10000000.0, 10000000.0], '1025_1000': [0.0, 0.0], '1025_1000_passing_MET': [0.0, 0.0], '1025_1000_failing_MET': [0.0, 0.0], '1025_1000_min_MET_pt': [10000000.0, 10000000.0], '1025_995': [0.0, 0.0], '1025_995_passing_MET': [0.0, 0.0], '1025_995_failing_MET': [0.0, 0.0], '1025_995_min_MET_pt': [10000000.0, 10000000.0], '1050_1040': [0.0, 0.0], '1050_1040_passing_MET': [0.0, 0.0], '1050_1040_failing_MET': [0.0, 0.0], '1050_1040_min_MET_pt': [10000000.0, 10000000.0], '1050_1035': [0.0, 0.0], '1050_1035_passing_MET': [0.0, 0.0], '1050_1035_failing_MET': [0.0, 0.0], '1050_1035_min_MET_pt': [10000000.0, 10000000.0], '1050_1030': [0.0, 0.0], '1050_1030_passing_MET': [0.0, 0.0], '1050_1030_failing_MET': [0.0, 0.0], '1050_1030_min_MET_pt': [10000000.0, 10000000.0], '1050_1025': [0.0, 0.0], '1050_1025_passing_MET': [0.0, 0.0], '1050_1025_failing_MET': [0.0, 0.0], '1050_1025_min_MET_pt': [10000000.0, 10000000.0], '1050_1020': [0.0, 0.0], '1050_1020_passing_MET': [0.0, 0.0], '1050_1020_failing_MET': [0.0, 0.0], '1050_1020_min_MET_pt': [10000000.0, 10000000.0], '1075_1065': [0.0, 0.0], '1075_1065_passing_MET': [0.0, 0.0], '1075_1065_failing_MET': [0.0, 0.0], '1075_1065_min_MET_pt': [10000000.0, 10000000.0], '1075_1060': [0.0, 0.0], '1075_1060_passing_MET': [0.0, 0.0], '1075_1060_failing_MET': [0.0, 0.0], '1075_1060_min_MET_pt': [10000000.0, 10000000.0], '1075_1055': [0.0, 0.0], '1075_1055_passing_MET': [0.0, 0.0], '1075_1055_failing_MET': [0.0, 0.0], '1075_1055_min_MET_pt': [10000000.0, 10000000.0], '1075_1050': [0.0, 0.0], '1075_1050_passing_MET': [0.0, 0.0], '1075_1050_failing_MET': [0.0, 0.0], '1075_1050_min_MET_pt': [10000000.0, 10000000.0], '1075_1045': [0.0, 0.0], '1075_1045_passing_MET': [0.0, 0.0], '1075_1045_failing_MET': [0.0, 0.0], '1075_1045_min_MET_pt': [10000000.0, 10000000.0], '1100_1090': [1018.0, 1030.0], '1100_1090_passing_MET': [0.0, 0.0], '1100_1090_failing_MET': [0.0, 0.0], '1100_1090_min_MET_pt': [10000000.0, 10000000.0], '1100_1085': [0.0, 0.0], '1100_1085_passing_MET': [0.0, 0.0], '1100_1085_failing_MET': [0.0, 0.0], '1100_1085_min_MET_pt': [10000000.0, 10000000.0], '1100_1080': [0.0, 0.0], '1100_1080_passing_MET': [0.0, 0.0], '1100_1080_failing_MET': [0.0, 0.0], '1100_1080_min_MET_pt': [10000000.0, 10000000.0], '1100_1075': [0.0, 0.0], '1100_1075_passing_MET': [0.0, 0.0], '1100_1075_failing_MET': [0.0, 0.0], '1100_1075_min_MET_pt': [10000000.0, 10000000.0], '1100_1070': [0.0, 967.0], '1100_1070_passing_MET': [0.0, 935.0], '1100_1070_failing_MET': [0.0, 32.0], '1100_1070_min_MET_pt': [10000000.0, 28.293254852294922], 'nEventsTotal': 190845.0, 'strange masspoints': 0.0, 'orphans': 0.0, 'R-hadron event': 0.0, 'different stop antistop masses': 0.0, 'strange error': 0.0, 'strange event': 0.0, 'different neutralino masses': 15032.0, 'large differences': 0.0, '626_615': [2690.0, 5434.0], '626_615_passing_MET': [2610.0, 5284.0], '626_615_failing_MET': [80.0, 150.0], '626_615_min_MET_pt': [28.22403907775879, 25.950790405273438], '626_616': [285.0, 578.0], '626_616_passing_MET': [270.0, 567.0], '626_616_failing_MET': [15.0, 11.0], '626_616_min_MET_pt': [39.232765197753906, 47.914554595947266], '1100_1092': [97.0, 102.0], '1100_1092_passing_MET': [97.0, 99.0], '1100_1092_failing_MET': [0.0, 3.0], '1100_1092_min_MET_pt': [107.40709686279297, 34.67342758178711], '1052_1040': [2257.0, 1215.0], '1052_1040_passing_MET': [2213.0, 1194.0], '1052_1040_failing_MET': [44.0, 21.0], '1052_1040_min_MET_pt': [15.125414848327637, 37.77078628540039], '726_715': [958.0, 977.0], '726_715_passing_MET': [938.0, 959.0], '726_715_failing_MET': [20.0, 18.0], '726_715_min_MET_pt': [42.6934700012207, 59.72541809082031], '726_716': [93.0, 95.0], '726_716_passing_MET': [87.0, 92.0], '726_716_failing_MET': [6.0, 3.0], '726_716_min_MET_pt': [62.2244987487793, 66.72763061523438], '576_565': [829.0, 883.0], '576_565_passing_MET': [812.0, 863.0], '576_565_failing_MET': [17.0, 20.0], '576_565_min_MET_pt': [50.73093795776367, 54.65774154663086], '576_566': [88.0, 89.0], '576_566_passing_MET': [86.0, 88.0], '576_566_failing_MET': [2.0, 1.0], '576_566_min_MET_pt': [75.14606475830078, 79.09784698486328], '1076_1050': [0.0, 960.0], '1076_1050_passing_MET': [0.0, 938.0], '1076_1050_failing_MET': [0.0, 22.0], '1076_1050_min_MET_pt': [10000000.0, 33.28093719482422], '1076_1052': [0.0, 200.0], '1076_1052_passing_MET': [0.0, 197.0], '1076_1052_failing_MET': [0.0, 3.0], '1076_1052_min_MET_pt': [10000000.0, 71.24564361572266], '800_786': [152.0, 0.0], '800_786_passing_MET': [151.0, 0.0], '800_786_failing_MET': [1.0, 0.0], '800_786_min_MET_pt': [36.56355285644531, 10000000.0], '526_505': [0.0, 974.0], '526_505_passing_MET': [0.0, 945.0], '526_505_failing_MET': [0.0, 29.0], '526_505_min_MET_pt': [10000000.0, 58.60689163208008], '1076_1065': [984.0, 1044.0], '1076_1065_passing_MET': [968.0, 1025.0], '1076_1065_failing_MET': [16.0, 19.0], '1076_1065_min_MET_pt': [41.31679916381836, 57.763893127441406], '1076_1064': [91.0, 127.0], '1076_1064_passing_MET': [88.0, 124.0], '1076_1064_failing_MET': [3.0, 3.0], '1076_1064_min_MET_pt': [54.71522521972656, 88.57353973388672], '800_776': [162.0, 181.0], '800_776_passing_MET': [156.0, 176.0], '800_776_failing_MET': [6.0, 5.0], '800_776_min_MET_pt': [45.89818572998047, 70.60588073730469], '626_610': [0.0, 2078.0], '626_610_passing_MET': [0.0, 2020.0], '626_610_failing_MET': [0.0, 58.0], '626_610_min_MET_pt': [10000000.0, 24.401105880737305], '976_965': [1980.0, 0.0], '976_965_passing_MET': [1940.0, 0.0], '976_965_failing_MET': [40.0, 0.0], '976_965_min_MET_pt': [28.590627670288086, 10000000.0], '976_966': [217.0, 0.0], '976_966_passing_MET': [212.0, 0.0], '976_966_failing_MET': [5.0, 0.0], '976_966_min_MET_pt': [69.0100326538086, 10000000.0], '676_665': [941.0, 5625.0], '676_665_passing_MET': [915.0, 5474.0], '676_665_failing_MET': [26.0, 151.0], '676_665_min_MET_pt': [30.168874740600586, 9.585083961486816], '676_666': [80.0, 572.0], '676_666_passing_MET': [78.0, 554.0], '676_666_failing_MET': [2.0, 18.0], '676_666_min_MET_pt': [35.862674713134766, 21.728689193725586], '1000_986': [0.0, 147.0], '1000_986_passing_MET': [0.0, 146.0], '1000_986_failing_MET': [0.0, 1.0], '1000_986_min_MET_pt': [10000000.0, 67.128662109375], '1024_1015': [0.0, 2066.0], '1024_1015_passing_MET': [0.0, 2017.0], '1024_1015_failing_MET': [0.0, 49.0], '1024_1015_min_MET_pt': [10000000.0, 38.18373489379883], '1024_1016': [0.0, 200.0], '1024_1016_passing_MET': [0.0, 192.0], '1024_1016_failing_MET': [0.0, 8.0], '1024_1016_min_MET_pt': [10000000.0, 54.79607391357422], '650_636': [0.0, 113.0], '650_636_passing_MET': [0.0, 111.0], '650_636_failing_MET': [0.0, 2.0], '650_636_min_MET_pt': [10000000.0, 81.91783905029297], '676_645': [894.0, 0.0], '676_645_passing_MET': [870.0, 0.0], '676_645_failing_MET': [24.0, 0.0], '676_645_min_MET_pt': [17.512699127197266, 10000000.0], '676_646': [180.0, 0.0], '676_646_passing_MET': [172.0, 0.0], '676_646_failing_MET': [8.0, 0.0], '676_646_min_MET_pt': [52.57516098022461, 10000000.0], '550_536': [0.0, 109.0], '550_536_passing_MET': [0.0, 106.0], '550_536_failing_MET': [0.0, 3.0], '550_536_min_MET_pt': [10000000.0, 29.3682918548584], '750_726': [154.0, 145.0], '750_726_passing_MET': [147.0, 136.0], '750_726_failing_MET': [7.0, 9.0], '750_726_min_MET_pt': [13.622031211853027, 31.638486862182617], '850_836': [121.0, 0.0], '850_836_passing_MET': [118.0, 0.0], '850_836_failing_MET': [3.0, 0.0], '850_836_min_MET_pt': [47.749446868896484, 10000000.0], '576_550': [1053.0, 0.0], '576_550_passing_MET': [1018.0, 0.0], '576_550_failing_MET': [35.0, 0.0], '576_550_min_MET_pt': [28.68758201599121, 10000000.0], '576_555': [908.0, 0.0], '576_555_passing_MET': [880.0, 0.0], '576_555_failing_MET': [28.0, 0.0], '576_555_min_MET_pt': [55.684112548828125, 10000000.0], '576_556': [150.0, 0.0], '576_556_passing_MET': [138.0, 0.0], '576_556_failing_MET': [12.0, 0.0], '576_556_min_MET_pt': [53.672340393066406, 10000000.0], '726_695': [0.0, 902.0], '726_695_passing_MET': [0.0, 871.0], '726_695_failing_MET': [0.0, 31.0], '726_695_min_MET_pt': [10000000.0, 26.341651916503906], '726_696': [0.0, 197.0], '726_696_passing_MET': [0.0, 188.0], '726_696_failing_MET': [0.0, 9.0], '726_696_min_MET_pt': [10000000.0, 48.94295883178711], '1100_1072': [0.0, 202.0], '1100_1072_passing_MET': [0.0, 196.0], '1100_1072_failing_MET': [0.0, 6.0], '1100_1072_min_MET_pt': [10000000.0, 41.68804168701172], '576_545': [859.0, 0.0], '576_545_passing_MET': [823.0, 0.0], '576_545_failing_MET': [36.0, 0.0], '576_545_min_MET_pt': [34.10361862182617, 10000000.0], '576_546': [167.0, 0.0], '576_546_passing_MET': [164.0, 0.0], '576_546_failing_MET': [3.0, 0.0], '576_546_min_MET_pt': [48.74864196777344, 10000000.0], '526_515': [947.0, 1728.0], '526_515_passing_MET': [919.0, 1691.0], '526_515_failing_MET': [28.0, 37.0], '526_515_min_MET_pt': [54.069889068603516, 37.56830978393555], '526_516': [86.0, 178.0], '526_516_passing_MET': [86.0, 175.0], '526_516_failing_MET': [0.0, 3.0], '526_516_min_MET_pt': [100.96818542480469, 77.25330352783203], '900_886': [0.0, 258.0], '900_886_passing_MET': [0.0, 254.0], '900_886_failing_MET': [0.0, 4.0], '900_886_min_MET_pt': [10000000.0, 64.81809997558594], '550_526': [153.0, 0.0], '550_526_passing_MET': [146.0, 0.0], '550_526_failing_MET': [7.0, 0.0], '550_526_min_MET_pt': [33.464744567871094, 10000000.0], '1052_1025': [0.0, 959.0], '1052_1025_passing_MET': [0.0, 935.0], '1052_1025_failing_MET': [0.0, 24.0], '1052_1025_min_MET_pt': [10000000.0, 3.126885175704956], '1052_1024': [0.0, 171.0], '1052_1024_passing_MET': [0.0, 166.0], '1052_1024_failing_MET': [0.0, 5.0], '1052_1024_min_MET_pt': [10000000.0, 52.911170959472656], '1024_1000': [1186.0, 1213.0], '1024_1000_passing_MET': [1157.0, 1183.0], '1024_1000_failing_MET': [29.0, 30.0], '1024_1000_min_MET_pt': [19.9676513671875, 6.061314105987549], '850_826': [0.0, 196.0], '850_826_passing_MET': [0.0, 190.0], '850_826_failing_MET': [0.0, 6.0], '850_826_min_MET_pt': [10000000.0, 39.762638092041016], '1076_1060': [1186.0, 0.0], '1076_1060_passing_MET': [1159.0, 0.0], '1076_1060_failing_MET': [27.0, 0.0], '1076_1060_min_MET_pt': [35.67306900024414, 10000000.0], '776_765': [0.0, 988.0], '776_765_passing_MET': [0.0, 970.0], '776_765_failing_MET': [0.0, 18.0], '776_765_min_MET_pt': [10000000.0, 67.2862319946289], '776_766': [0.0, 92.0], '776_766_passing_MET': [0.0, 90.0], '776_766_failing_MET': [0.0, 2.0], '776_766_min_MET_pt': [10000000.0, 62.79671859741211], '576_560': [2039.0, 0.0], '576_560_passing_MET': [1984.0, 0.0], '576_560_failing_MET': [55.0, 0.0], '576_560_min_MET_pt': [22.407541275024414, 10000000.0], '950_936': [0.0, 281.0], '950_936_passing_MET': [0.0, 270.0], '950_936_failing_MET': [0.0, 11.0], '950_936_min_MET_pt': [10000000.0, 65.06292724609375], '926_895': [0.0, 1010.0], '926_895_passing_MET': [0.0, 984.0], '926_895_failing_MET': [0.0, 26.0], '926_895_min_MET_pt': [10000000.0, 30.427570343017578], '926_896': [0.0, 160.0], '926_896_passing_MET': [0.0, 157.0], '926_896_failing_MET': [0.0, 3.0], '926_896_min_MET_pt': [10000000.0, 77.59687805175781], '1076_1045': [2038.0, 0.0], '1076_1045_passing_MET': [1986.0, 0.0], '1076_1045_failing_MET': [52.0, 0.0], '1076_1045_min_MET_pt': [44.083335876464844, 10000000.0], '1076_1044': [373.0, 0.0], '1076_1044_passing_MET': [362.0, 0.0], '1076_1044_failing_MET': [11.0, 0.0], '1076_1044_min_MET_pt': [40.38854217529297, 10000000.0], '700_676': [0.0, 161.0], '700_676_passing_MET': [0.0, 157.0], '700_676_failing_MET': [0.0, 4.0], '700_676_min_MET_pt': [10000000.0, 77.31768798828125], '1052_1020': [0.0, 1240.0], '1052_1020_passing_MET': [0.0, 1209.0], '1052_1020_failing_MET': [0.0, 31.0], '1052_1020_min_MET_pt': [10000000.0, 15.517318725585938], '776_745': [0.0, 954.0], '776_745_passing_MET': [0.0, 922.0], '776_745_failing_MET': [0.0, 32.0], '776_745_min_MET_pt': [10000000.0, 28.604612350463867], '776_746': [0.0, 197.0], '776_746_passing_MET': [0.0, 189.0], '776_746_failing_MET': [0.0, 8.0], '776_746_min_MET_pt': [10000000.0, 51.176231384277344], '876_850': [0.0, 1111.0], '876_850_passing_MET': [0.0, 1090.0], '876_850_failing_MET': [0.0, 21.0], '876_850_min_MET_pt': [10000000.0, 53.983482360839844], '826_810': [0.0, 1084.0], '826_810_passing_MET': [0.0, 1050.0], '826_810_failing_MET': [0.0, 34.0], '826_810_min_MET_pt': [10000000.0, 3.3198740482330322], '700_686': [0.0, 257.0], '700_686_passing_MET': [0.0, 248.0], '700_686_failing_MET': [0.0, 9.0], '700_686_min_MET_pt': [10000000.0, 22.15182876586914], '926_910': [0.0, 2276.0], '926_910_passing_MET': [0.0, 2219.0], '926_910_failing_MET': [0.0, 57.0], '926_910_min_MET_pt': [10000000.0, 37.78604507446289], '676_660': [1085.0, 0.0], '676_660_passing_MET': [1057.0, 0.0], '676_660_failing_MET': [28.0, 0.0], '676_660_min_MET_pt': [16.23373794555664, 10000000.0], '626_605': [897.0, 0.0], '626_605_passing_MET': [875.0, 0.0], '626_605_failing_MET': [22.0, 0.0], '626_605_min_MET_pt': [3.0321030616760254, 10000000.0], '626_606': [142.0, 0.0], '626_606_passing_MET': [139.0, 0.0], '626_606_failing_MET': [3.0, 0.0], '626_606_min_MET_pt': [88.7958984375, 10000000.0], '726_700': [0.0, 1144.0], '726_700_passing_MET': [0.0, 1105.0], '726_700_failing_MET': [0.0, 39.0], '726_700_min_MET_pt': [10000000.0, 60.81474304199219], '1052_1030': [0.0, 1002.0], '1052_1030_passing_MET': [0.0, 980.0], '1052_1030_failing_MET': [0.0, 22.0], '1052_1030_min_MET_pt': [10000000.0, 65.25115203857422], '1052_1032': [0.0, 160.0], '1052_1032_passing_MET': [0.0, 157.0], '1052_1032_failing_MET': [0.0, 3.0], '1052_1032_min_MET_pt': [10000000.0, 85.44618225097656], '776_755': [934.0, 0.0], '776_755_passing_MET': [912.0, 0.0], '776_755_failing_MET': [22.0, 0.0], '776_755_min_MET_pt': [27.318506240844727, 10000000.0], '776_756': [150.0, 0.0], '776_756_passing_MET': [149.0, 0.0], '776_756_failing_MET': [1.0, 0.0], '776_756_min_MET_pt': [97.00558471679688, 10000000.0], '526_495': [1045.0, 0.0], '526_495_passing_MET': [1019.0, 0.0], '526_495_failing_MET': [26.0, 0.0], '526_495_min_MET_pt': [47.55516052246094, 10000000.0], '926_905': [0.0, 934.0], '926_905_passing_MET': [0.0, 906.0], '926_905_failing_MET': [0.0, 28.0], '926_905_min_MET_pt': [10000000.0, 6.122526168823242], '926_906': [0.0, 150.0], '926_906_passing_MET': [0.0, 146.0], '926_906_failing_MET': [0.0, 4.0], '926_906_min_MET_pt': [10000000.0, 65.09465789794922], '876_855': [996.0, 0.0], '876_855_passing_MET': [967.0, 0.0], '876_855_failing_MET': [29.0, 0.0], '876_855_min_MET_pt': [5.020812511444092, 10000000.0], '876_856': [156.0, 0.0], '876_856_passing_MET': [149.0, 0.0], '876_856_failing_MET': [7.0, 0.0], '876_856_min_MET_pt': [22.571489334106445, 10000000.0], '1000_976': [0.0, 176.0], '1000_976_passing_MET': [0.0, 170.0], '1000_976_failing_MET': [0.0, 6.0], '1000_976_min_MET_pt': [10000000.0, 66.97698974609375], '976_950': [1170.0, 0.0], '976_950_passing_MET': [1144.0, 0.0], '976_950_failing_MET': [26.0, 0.0], '976_950_min_MET_pt': [46.85255432128906, 10000000.0]}
nevents_from_dict =  3630328305.312002
Results saved to /afs/cern.ch/work/m/mleoncoe/private/stop_met_check/outputs_2018/nanoAOD_120.json
done
