000 (9018140.399.000) 01/06 10:56:35 Job submitted from host: <188.185.6.50:9618?addrs=188.185.6.50-9618+[2001-1458-d00-62--100-2b1]-9618&alias=bigbird25.cern.ch&noUDP&sock=schedd_1627_90ad>
...
040 (9018140.399.000) 01/06 11:00:34 Started transferring input files
	Transferring to host: <188.185.211.58:9618?addrs=188.185.211.58-9618+[2001-1458-303-16--100-36]-9618&alias=b9p23p3468.cern.ch&noUDP&sock=slot1_37_7233_0d7f_112722>
...
040 (9018140.399.000) 01/06 11:00:34 Finished transferring input files
...
001 (9018140.399.000) 01/06 11:00:35 Job executing on host: <188.185.211.58:9618?addrs=188.185.211.58-9618+[2001-1458-303-16--100-36]-9618&alias=b9p23p3468.cern.ch&noUDP&sock=startd_6622_b83d>
	SlotName: slot1_37@b9p23p3468.cern.ch
	CondorScratchDir = "/pool/condor/dir_1421111"
	Cpus = 1
	Disk = 3804
	GPUs = 0
	Memory = 3000
...
006 (9018140.399.000) 01/06 11:00:48 Image size of job updated: 83960
	82  -  MemoryUsage of job (MB)
	83960  -  ResidentSetSize of job (KB)
...
006 (9018140.399.000) 01/06 11:05:48 Image size of job updated: 205160
	201  -  MemoryUsage of job (MB)
	205160  -  ResidentSetSize of job (KB)
...
006 (9018140.399.000) 01/06 11:10:49 Image size of job updated: 205264
	201  -  MemoryUsage of job (MB)
	205264  -  ResidentSetSize of job (KB)
...
006 (9018140.399.000) 01/06 11:15:49 Image size of job updated: 206236
	202  -  MemoryUsage of job (MB)
	206236  -  ResidentSetSize of job (KB)
...
006 (9018140.399.000) 01/06 11:20:49 Image size of job updated: 208828
	204  -  MemoryUsage of job (MB)
	208828  -  ResidentSetSize of job (KB)
...
006 (9018140.399.000) 01/06 11:25:49 Image size of job updated: 208852
	204  -  MemoryUsage of job (MB)
	208852  -  ResidentSetSize of job (KB)
...
006 (9018140.399.000) 01/06 11:30:50 Image size of job updated: 208880
	204  -  MemoryUsage of job (MB)
	208880  -  ResidentSetSize of job (KB)
...
006 (9018140.399.000) 01/06 11:35:50 Image size of job updated: 208976
	205  -  MemoryUsage of job (MB)
	208976  -  ResidentSetSize of job (KB)
...
006 (9018140.399.000) 01/06 11:40:51 Image size of job updated: 209128
	205  -  MemoryUsage of job (MB)
	209128  -  ResidentSetSize of job (KB)
...
006 (9018140.399.000) 01/06 11:45:52 Image size of job updated: 209132
	205  -  MemoryUsage of job (MB)
	209132  -  ResidentSetSize of job (KB)
...
006 (9018140.399.000) 01/06 11:50:52 Image size of job updated: 209148
	205  -  MemoryUsage of job (MB)
	209148  -  ResidentSetSize of job (KB)
...
006 (9018140.399.000) 01/06 12:00:53 Image size of job updated: 209364
	205  -  MemoryUsage of job (MB)
	209364  -  ResidentSetSize of job (KB)
...
006 (9018140.399.000) 01/06 12:10:54 Image size of job updated: 209376
	205  -  MemoryUsage of job (MB)
	209376  -  ResidentSetSize of job (KB)
...
006 (9018140.399.000) 01/06 12:15:54 Image size of job updated: 209384
	205  -  MemoryUsage of job (MB)
	209384  -  ResidentSetSize of job (KB)
...
006 (9018140.399.000) 01/06 12:20:55 Image size of job updated: 209388
	205  -  MemoryUsage of job (MB)
	209388  -  ResidentSetSize of job (KB)
...
006 (9018140.399.000) 01/06 12:30:56 Image size of job updated: 209400
	205  -  MemoryUsage of job (MB)
	209400  -  ResidentSetSize of job (KB)
...
006 (9018140.399.000) 01/06 12:35:57 Image size of job updated: 209424
	205  -  MemoryUsage of job (MB)
	209424  -  ResidentSetSize of job (KB)
...
006 (9018140.399.000) 01/06 12:40:57 Image size of job updated: 209428
	205  -  MemoryUsage of job (MB)
	209428  -  ResidentSetSize of job (KB)
...
006 (9018140.399.000) 01/06 12:45:57 Image size of job updated: 209432
	205  -  MemoryUsage of job (MB)
	209432  -  ResidentSetSize of job (KB)
...
006 (9018140.399.000) 01/06 12:50:58 Image size of job updated: 209440
	205  -  MemoryUsage of job (MB)
	209440  -  ResidentSetSize of job (KB)
...
006 (9018140.399.000) 01/06 13:00:59 Image size of job updated: 209444
	205  -  MemoryUsage of job (MB)
	209444  -  ResidentSetSize of job (KB)
...
006 (9018140.399.000) 01/06 13:11:00 Image size of job updated: 209456
	205  -  MemoryUsage of job (MB)
	209456  -  ResidentSetSize of job (KB)
...
006 (9018140.399.000) 01/06 13:16:01 Image size of job updated: 209460
	205  -  MemoryUsage of job (MB)
	209460  -  ResidentSetSize of job (KB)
...
006 (9018140.399.000) 01/06 13:20:13 Image size of job updated: 209504
	205  -  MemoryUsage of job (MB)
	209460  -  ResidentSetSize of job (KB)
...
040 (9018140.399.000) 01/06 13:20:13 Started transferring output files
...
040 (9018140.399.000) 01/06 13:20:14 Finished transferring output files
...
005 (9018140.399.000) 01/06 13:20:14 Job terminated.
	(1) Normal termination (return value 0)
		Usr 0 02:15:50, Sys 0 00:00:16  -  Run Remote Usage
		Usr 0 00:00:00, Sys 0 00:00:00  -  Run Local Usage
		Usr 0 02:15:50, Sys 0 00:00:16  -  Total Remote Usage
		Usr 0 00:00:00, Sys 0 00:00:00  -  Total Local Usage
	43165  -  Run Bytes Sent By Job
	21436  -  Run Bytes Received By Job
	43165  -  Total Bytes Sent By Job
	21436  -  Total Bytes Received By Job
	Partitionable Resources :    Usage  Request Allocated 
	   Cpus                 :     0.99        1         1 
	   Disk (KB)            :    90          22      3804 
	   GPUs                 :                           0 
	   Memory (MB)          :   205        3000      3000 
	   TimeExecute (s)      :  8378                       
	   TimeSlotBusy (s)     :  8381                       

	Job terminated of its own accord at 2026-01-06T12:20:13Z with exit-code 0.
...
