i am in this directory
/pool/condor/dir_2731811
Python 3.9.23
3.9.23
 will run this python stop_check_met_eff.py /eos/user/m/mleoncoe/stop_event_check/privateNanoAod2018/nanoAOD_308.root /afs/cern.ch/work/m/mleoncoe/private/stop_met_check/outputs_2018/nanoAOD_308.json
event num1000
event num2000
event num3000
event num4000
event num5000
event num6000
event num7000
event num8000
event num9000
event num10000
event num11000
event num12000
event num13000
event num14000
event num15000
event num16000
event num17000
event num18000
event num19000
event num20000
event num21000
event num22000
event num23000
event num24000
event num25000
event num26000
event num27000
event num28000
event num29000
event num30000
event num31000
event num32000
event num33000
event num34000
event num35000
event num36000
event num37000
event num38000
event num39000
event num40000
event num41000
event num42000
event num43000
event num44000
event num45000
event num46000
event num47000
event num48000
event num49000
event num50000
event num51000
event num52000
event num53000
event num54000
event num55000
event num56000
event num57000
event num58000
event num59000
event num60000
event num61000
event num62000
event num63000
event num64000
event num65000
event num66000
event num67000
event num68000
event num69000
event num70000
event num71000
event num72000
event num73000
event num74000
event num75000
event num76000
event num77000
event num78000
event num79000
event num80000
event num81000
event num82000
event num83000
event num84000
event num85000
event num86000
event num87000
event num88000
event num89000
event num90000
event num91000
event num92000
event num93000
event num94000
event num95000
event num96000
event num97000
event num98000
event num99000
event num100000
event num101000
event num102000
event num103000
event num104000
event num105000
event num106000
event num107000
event num108000
event num109000
event num110000
event num111000
event num112000
event num113000
event num114000
event num115000
event num116000
event num117000
event num118000
event num119000
event num120000
event num121000
event num122000
event num123000
event num124000
event num125000
event num126000
event num127000
{'250_240': [705.0, 675.0], '250_240_passing_MET': [0.0, 0.0], '250_240_failing_MET': [0.0, 0.0], '250_240_min_MET_pt': [10000000.0, 10000000.0], '250_235': [0.0, 0.0], '250_235_passing_MET': [0.0, 0.0], '250_235_failing_MET': [0.0, 0.0], '250_235_min_MET_pt': [10000000.0, 10000000.0], '250_230': [720.0, 0.0], '250_230_passing_MET': [688.0, 0.0], '250_230_failing_MET': [32.0, 0.0], '250_230_min_MET_pt': [47.52633285522461, 10000000.0], '250_225': [0.0, 0.0], '250_225_passing_MET': [0.0, 0.0], '250_225_failing_MET': [0.0, 0.0], '250_225_min_MET_pt': [10000000.0, 10000000.0], '250_220': [0.0, 0.0], '250_220_passing_MET': [0.0, 0.0], '250_220_failing_MET': [0.0, 0.0], '250_220_min_MET_pt': [10000000.0, 10000000.0], '275_265': [734.0, 0.0], '275_265_passing_MET': [703.0, 0.0], '275_265_failing_MET': [31.0, 0.0], '275_265_min_MET_pt': [22.555789947509766, 10000000.0], '275_260': [769.0, 1415.0], '275_260_passing_MET': [0.0, 0.0], '275_260_failing_MET': [0.0, 0.0], '275_260_min_MET_pt': [10000000.0, 10000000.0], '275_255': [0.0, 0.0], '275_255_passing_MET': [0.0, 0.0], '275_255_failing_MET': [0.0, 0.0], '275_255_min_MET_pt': [10000000.0, 10000000.0], '275_250': [0.0, 0.0], '275_250_passing_MET': [0.0, 0.0], '275_250_failing_MET': [0.0, 0.0], '275_250_min_MET_pt': [10000000.0, 10000000.0], '275_245': [0.0, 0.0], '275_245_passing_MET': [0.0, 0.0], '275_245_failing_MET': [0.0, 0.0], '275_245_min_MET_pt': [10000000.0, 10000000.0], '300_290': [788.0, 0.0], '300_290_passing_MET': [766.0, 0.0], '300_290_failing_MET': [22.0, 0.0], '300_290_min_MET_pt': [67.92005920410156, 10000000.0], '300_285': [0.0, 0.0], '300_285_passing_MET': [0.0, 0.0], '300_285_failing_MET': [0.0, 0.0], '300_285_min_MET_pt': [10000000.0, 10000000.0], '300_280': [0.0, 0.0], '300_280_passing_MET': [0.0, 0.0], '300_280_failing_MET': [0.0, 0.0], '300_280_min_MET_pt': [10000000.0, 10000000.0], '300_275': [0.0, 0.0], '300_275_passing_MET': [0.0, 0.0], '300_275_failing_MET': [0.0, 0.0], '300_275_min_MET_pt': [10000000.0, 10000000.0], '300_270': [833.0, 0.0], '300_270_passing_MET': [783.0, 0.0], '300_270_failing_MET': [50.0, 0.0], '300_270_min_MET_pt': [26.524803161621094, 10000000.0], '325_315': [2409.0, 1633.0], '325_315_passing_MET': [0.0, 0.0], '325_315_failing_MET': [0.0, 0.0], '325_315_min_MET_pt': [10000000.0, 10000000.0], '325_310': [835.0, 0.0], '325_310_passing_MET': [813.0, 0.0], '325_310_failing_MET': [22.0, 0.0], '325_310_min_MET_pt': [51.83857345581055, 10000000.0], '325_305': [863.0, 0.0], '325_305_passing_MET': [825.0, 0.0], '325_305_failing_MET': [38.0, 0.0], '325_305_min_MET_pt': [12.142037391662598, 10000000.0], '325_300': [1725.0, 1736.0], '325_300_passing_MET': [0.0, 0.0], '325_300_failing_MET': [0.0, 0.0], '325_300_min_MET_pt': [10000000.0, 10000000.0], '325_295': [0.0, 1757.0], '325_295_passing_MET': [0.0, 1677.0], '325_295_failing_MET': [0.0, 80.0], '325_295_min_MET_pt': [10000000.0, 19.304962158203125], '350_340': [0.0, 818.0], '350_340_passing_MET': [0.0, 808.0], '350_340_failing_MET': [0.0, 10.0], '350_340_min_MET_pt': [10000000.0, 48.88447570800781], '350_335': [0.0, 0.0], '350_335_passing_MET': [0.0, 0.0], '350_335_failing_MET': [0.0, 0.0], '350_335_min_MET_pt': [10000000.0, 10000000.0], '350_330': [0.0, 0.0], '350_330_passing_MET': [0.0, 0.0], '350_330_failing_MET': [0.0, 0.0], '350_330_min_MET_pt': [10000000.0, 10000000.0], '350_325': [1682.0, 0.0], '350_325_passing_MET': [1590.0, 0.0], '350_325_failing_MET': [92.0, 0.0], '350_325_min_MET_pt': [16.92976188659668, 10000000.0], '350_320': [0.0, 0.0], '350_320_passing_MET': [0.0, 0.0], '350_320_failing_MET': [0.0, 0.0], '350_320_min_MET_pt': [10000000.0, 10000000.0], '375_365': [0.0, 2636.0], '375_365_passing_MET': [0.0, 2560.0], '375_365_failing_MET': [0.0, 76.0], '375_365_min_MET_pt': [10000000.0, 39.57186508178711], '375_360': [885.0, 1710.0], '375_360_passing_MET': [0.0, 0.0], '375_360_failing_MET': [0.0, 0.0], '375_360_min_MET_pt': [10000000.0, 10000000.0], '375_355': [854.0, 0.0], '375_355_passing_MET': [828.0, 0.0], '375_355_failing_MET': [26.0, 0.0], '375_355_min_MET_pt': [55.922950744628906, 10000000.0], '375_350': [0.0, 0.0], '375_350_passing_MET': [0.0, 0.0], '375_350_failing_MET': [0.0, 0.0], '375_350_min_MET_pt': [10000000.0, 10000000.0], '375_345': [0.0, 0.0], '375_345_passing_MET': [0.0, 0.0], '375_345_failing_MET': [0.0, 0.0], '375_345_min_MET_pt': [10000000.0, 10000000.0], '400_390': [921.0, 824.0], '400_390_passing_MET': [0.0, 0.0], '400_390_failing_MET': [0.0, 0.0], '400_390_min_MET_pt': [10000000.0, 10000000.0], '400_385': [0.0, 0.0], '400_385_passing_MET': [0.0, 0.0], '400_385_failing_MET': [0.0, 0.0], '400_385_min_MET_pt': [10000000.0, 10000000.0], '400_380': [0.0, 0.0], '400_380_passing_MET': [0.0, 0.0], '400_380_failing_MET': [0.0, 0.0], '400_380_min_MET_pt': [10000000.0, 10000000.0], '400_375': [0.0, 950.0], '400_375_passing_MET': [0.0, 914.0], '400_375_failing_MET': [0.0, 36.0], '400_375_min_MET_pt': [10000000.0, 21.28396224975586], '400_370': [939.0, 0.0], '400_370_passing_MET': [907.0, 0.0], '400_370_failing_MET': [32.0, 0.0], '400_370_min_MET_pt': [20.48213005065918, 10000000.0], '425_415': [2709.0, 887.0], '425_415_passing_MET': [0.0, 0.0], '425_415_failing_MET': [0.0, 0.0], '425_415_min_MET_pt': [10000000.0, 10000000.0], '425_410': [0.0, 0.0], '425_410_passing_MET': [0.0, 0.0], '425_410_failing_MET': [0.0, 0.0], '425_410_min_MET_pt': [10000000.0, 10000000.0], '425_405': [0.0, 0.0], '425_405_passing_MET': [0.0, 0.0], '425_405_failing_MET': [0.0, 0.0], '425_405_min_MET_pt': [10000000.0, 10000000.0], '425_400': [0.0, 0.0], '425_400_passing_MET': [0.0, 0.0], '425_400_failing_MET': [0.0, 0.0], '425_400_min_MET_pt': [10000000.0, 10000000.0], '425_395': [0.0, 0.0], '425_395_passing_MET': [0.0, 0.0], '425_395_failing_MET': [0.0, 0.0], '425_395_min_MET_pt': [10000000.0, 10000000.0], '450_440': [903.0, 1890.0], '450_440_passing_MET': [0.0, 0.0], '450_440_failing_MET': [0.0, 0.0], '450_440_min_MET_pt': [10000000.0, 10000000.0], '450_435': [0.0, 0.0], '450_435_passing_MET': [0.0, 0.0], '450_435_failing_MET': [0.0, 0.0], '450_435_min_MET_pt': [10000000.0, 10000000.0], '450_430': [1896.0, 0.0], '450_430_passing_MET': [1833.0, 0.0], '450_430_failing_MET': [63.0, 0.0], '450_430_min_MET_pt': [29.077978134155273, 10000000.0], '450_425': [0.0, 0.0], '450_425_passing_MET': [0.0, 0.0], '450_425_failing_MET': [0.0, 0.0], '450_425_min_MET_pt': [10000000.0, 10000000.0], '450_420': [0.0, 1004.0], '450_420_passing_MET': [0.0, 960.0], '450_420_failing_MET': [0.0, 44.0], '450_420_min_MET_pt': [10000000.0, 15.232315063476562], '475_465': [2850.0, 0.0], '475_465_passing_MET': [2773.0, 0.0], '475_465_failing_MET': [77.0, 0.0], '475_465_min_MET_pt': [37.4586296081543, 10000000.0], '475_460': [0.0, 0.0], '475_460_passing_MET': [0.0, 0.0], '475_460_failing_MET': [0.0, 0.0], '475_460_min_MET_pt': [10000000.0, 10000000.0], '475_455': [0.0, 0.0], '475_455_passing_MET': [0.0, 0.0], '475_455_failing_MET': [0.0, 0.0], '475_455_min_MET_pt': [10000000.0, 10000000.0], '475_450': [0.0, 1995.0], '475_450_passing_MET': [0.0, 1911.0], '475_450_failing_MET': [0.0, 84.0], '475_450_min_MET_pt': [10000000.0, 22.72473907470703], '475_445': [0.0, 1033.0], '475_445_passing_MET': [0.0, 995.0], '475_445_failing_MET': [0.0, 38.0], '475_445_min_MET_pt': [10000000.0, 23.076078414916992], '500_490': [0.0, 2717.0], '500_490_passing_MET': [0.0, 2645.0], '500_490_failing_MET': [0.0, 72.0], '500_490_min_MET_pt': [10000000.0, 42.70919418334961], '500_485': [0.0, 0.0], '500_485_passing_MET': [0.0, 0.0], '500_485_failing_MET': [0.0, 0.0], '500_485_min_MET_pt': [10000000.0, 10000000.0], '500_480': [0.0, 0.0], '500_480_passing_MET': [0.0, 0.0], '500_480_failing_MET': [0.0, 0.0], '500_480_min_MET_pt': [10000000.0, 10000000.0], '500_475': [0.0, 0.0], '500_475_passing_MET': [0.0, 0.0], '500_475_failing_MET': [0.0, 0.0], '500_475_min_MET_pt': [10000000.0, 10000000.0], '500_470': [0.0, 0.0], '500_470_passing_MET': [0.0, 0.0], '500_470_failing_MET': [0.0, 0.0], '500_470_min_MET_pt': [10000000.0, 10000000.0], '525_515': [0.0, 0.0], '525_515_passing_MET': [0.0, 0.0], '525_515_failing_MET': [0.0, 0.0], '525_515_min_MET_pt': [10000000.0, 10000000.0], '525_510': [0.0, 0.0], '525_510_passing_MET': [0.0, 0.0], '525_510_failing_MET': [0.0, 0.0], '525_510_min_MET_pt': [10000000.0, 10000000.0], '525_505': [0.0, 0.0], '525_505_passing_MET': [0.0, 0.0], '525_505_failing_MET': [0.0, 0.0], '525_505_min_MET_pt': [10000000.0, 10000000.0], '525_500': [0.0, 0.0], '525_500_passing_MET': [0.0, 0.0], '525_500_failing_MET': [0.0, 0.0], '525_500_min_MET_pt': [10000000.0, 10000000.0], '525_495': [0.0, 0.0], '525_495_passing_MET': [0.0, 0.0], '525_495_failing_MET': [0.0, 0.0], '525_495_min_MET_pt': [10000000.0, 10000000.0], '550_540': [0.0, 0.0], '550_540_passing_MET': [0.0, 0.0], '550_540_failing_MET': [0.0, 0.0], '550_540_min_MET_pt': [10000000.0, 10000000.0], '550_535': [0.0, 0.0], '550_535_passing_MET': [0.0, 0.0], '550_535_failing_MET': [0.0, 0.0], '550_535_min_MET_pt': [10000000.0, 10000000.0], '550_530': [0.0, 0.0], '550_530_passing_MET': [0.0, 0.0], '550_530_failing_MET': [0.0, 0.0], '550_530_min_MET_pt': [10000000.0, 10000000.0], '550_525': [0.0, 850.0], '550_525_passing_MET': [0.0, 814.0], '550_525_failing_MET': [0.0, 36.0], '550_525_min_MET_pt': [10000000.0, 29.837722778320312], '550_520': [1023.0, 0.0], '550_520_passing_MET': [994.0, 0.0], '550_520_failing_MET': [29.0, 0.0], '550_520_min_MET_pt': [29.856592178344727, 10000000.0], '575_565': [0.0, 0.0], '575_565_passing_MET': [0.0, 0.0], '575_565_failing_MET': [0.0, 0.0], '575_565_min_MET_pt': [10000000.0, 10000000.0], '575_560': [0.0, 0.0], '575_560_passing_MET': [0.0, 0.0], '575_560_failing_MET': [0.0, 0.0], '575_560_min_MET_pt': [10000000.0, 10000000.0], '575_555': [0.0, 0.0], '575_555_passing_MET': [0.0, 0.0], '575_555_failing_MET': [0.0, 0.0], '575_555_min_MET_pt': [10000000.0, 10000000.0], '575_550': [0.0, 0.0], '575_550_passing_MET': [0.0, 0.0], '575_550_failing_MET': [0.0, 0.0], '575_550_min_MET_pt': [10000000.0, 10000000.0], '575_545': [0.0, 0.0], '575_545_passing_MET': [0.0, 0.0], '575_545_failing_MET': [0.0, 0.0], '575_545_min_MET_pt': [10000000.0, 10000000.0], '600_590': [0.0, 1002.0], '600_590_passing_MET': [0.0, 976.0], '600_590_failing_MET': [0.0, 26.0], '600_590_min_MET_pt': [10000000.0, 28.80874252319336], '600_585': [0.0, 0.0], '600_585_passing_MET': [0.0, 0.0], '600_585_failing_MET': [0.0, 0.0], '600_585_min_MET_pt': [10000000.0, 10000000.0], '600_580': [0.0, 2063.0], '600_580_passing_MET': [0.0, 2016.0], '600_580_failing_MET': [0.0, 47.0], '600_580_min_MET_pt': [10000000.0, 42.0673713684082], '600_575': [0.0, 0.0], '600_575_passing_MET': [0.0, 0.0], '600_575_failing_MET': [0.0, 0.0], '600_575_min_MET_pt': [10000000.0, 10000000.0], '600_570': [0.0, 0.0], '600_570_passing_MET': [0.0, 0.0], '600_570_failing_MET': [0.0, 0.0], '600_570_min_MET_pt': [10000000.0, 10000000.0], '625_615': [0.0, 0.0], '625_615_passing_MET': [0.0, 0.0], '625_615_failing_MET': [0.0, 0.0], '625_615_min_MET_pt': [10000000.0, 10000000.0], '625_610': [0.0, 0.0], '625_610_passing_MET': [0.0, 0.0], '625_610_failing_MET': [0.0, 0.0], '625_610_min_MET_pt': [10000000.0, 10000000.0], '625_605': [0.0, 0.0], '625_605_passing_MET': [0.0, 0.0], '625_605_failing_MET': [0.0, 0.0], '625_605_min_MET_pt': [10000000.0, 10000000.0], '625_600': [0.0, 0.0], '625_600_passing_MET': [0.0, 0.0], '625_600_failing_MET': [0.0, 0.0], '625_600_min_MET_pt': [10000000.0, 10000000.0], '625_595': [0.0, 0.0], '625_595_passing_MET': [0.0, 0.0], '625_595_failing_MET': [0.0, 0.0], '625_595_min_MET_pt': [10000000.0, 10000000.0], '650_640': [1072.0, 0.0], '650_640_passing_MET': [1048.0, 0.0], '650_640_failing_MET': [24.0, 0.0], '650_640_min_MET_pt': [43.20072937011719, 10000000.0], '650_635': [0.0, 941.0], '650_635_passing_MET': [0.0, 914.0], '650_635_failing_MET': [0.0, 27.0], '650_635_min_MET_pt': [10000000.0, 25.157007217407227], '650_630': [1018.0, 0.0], '650_630_passing_MET': [987.0, 0.0], '650_630_failing_MET': [31.0, 0.0], '650_630_min_MET_pt': [45.227474212646484, 10000000.0], '650_625': [0.0, 0.0], '650_625_passing_MET': [0.0, 0.0], '650_625_failing_MET': [0.0, 0.0], '650_625_min_MET_pt': [10000000.0, 10000000.0], '650_620': [0.0, 0.0], '650_620_passing_MET': [0.0, 0.0], '650_620_failing_MET': [0.0, 0.0], '650_620_min_MET_pt': [10000000.0, 10000000.0], '675_665': [0.0, 0.0], '675_665_passing_MET': [0.0, 0.0], '675_665_failing_MET': [0.0, 0.0], '675_665_min_MET_pt': [10000000.0, 10000000.0], '675_660': [0.0, 0.0], '675_660_passing_MET': [0.0, 0.0], '675_660_failing_MET': [0.0, 0.0], '675_660_min_MET_pt': [10000000.0, 10000000.0], '675_655': [0.0, 0.0], '675_655_passing_MET': [0.0, 0.0], '675_655_failing_MET': [0.0, 0.0], '675_655_min_MET_pt': [10000000.0, 10000000.0], '675_650': [0.0, 0.0], '675_650_passing_MET': [0.0, 0.0], '675_650_failing_MET': [0.0, 0.0], '675_650_min_MET_pt': [10000000.0, 10000000.0], '675_645': [0.0, 0.0], '675_645_passing_MET': [0.0, 0.0], '675_645_failing_MET': [0.0, 0.0], '675_645_min_MET_pt': [10000000.0, 10000000.0], '700_690': [3154.0, 1032.0], '700_690_passing_MET': [0.0, 0.0], '700_690_failing_MET': [0.0, 0.0], '700_690_min_MET_pt': [10000000.0, 10000000.0], '700_685': [0.0, 0.0], '700_685_passing_MET': [0.0, 0.0], '700_685_failing_MET': [0.0, 0.0], '700_685_min_MET_pt': [10000000.0, 10000000.0], '700_680': [0.0, 0.0], '700_680_passing_MET': [0.0, 0.0], '700_680_failing_MET': [0.0, 0.0], '700_680_min_MET_pt': [10000000.0, 10000000.0], '700_675': [0.0, 0.0], '700_675_passing_MET': [0.0, 0.0], '700_675_failing_MET': [0.0, 0.0], '700_675_min_MET_pt': [10000000.0, 10000000.0], '700_670': [0.0, 0.0], '700_670_passing_MET': [0.0, 0.0], '700_670_failing_MET': [0.0, 0.0], '700_670_min_MET_pt': [10000000.0, 10000000.0], '725_715': [0.0, 0.0], '725_715_passing_MET': [0.0, 0.0], '725_715_failing_MET': [0.0, 0.0], '725_715_min_MET_pt': [10000000.0, 10000000.0], '725_710': [0.0, 0.0], '725_710_passing_MET': [0.0, 0.0], '725_710_failing_MET': [0.0, 0.0], '725_710_min_MET_pt': [10000000.0, 10000000.0], '725_705': [0.0, 0.0], '725_705_passing_MET': [0.0, 0.0], '725_705_failing_MET': [0.0, 0.0], '725_705_min_MET_pt': [10000000.0, 10000000.0], '725_700': [0.0, 0.0], '725_700_passing_MET': [0.0, 0.0], '725_700_failing_MET': [0.0, 0.0], '725_700_min_MET_pt': [10000000.0, 10000000.0], '725_695': [0.0, 0.0], '725_695_passing_MET': [0.0, 0.0], '725_695_failing_MET': [0.0, 0.0], '725_695_min_MET_pt': [10000000.0, 10000000.0], '750_740': [1089.0, 1106.0], '750_740_passing_MET': [0.0, 0.0], '750_740_failing_MET': [0.0, 0.0], '750_740_min_MET_pt': [10000000.0, 10000000.0], '750_735': [0.0, 976.0], '750_735_passing_MET': [0.0, 955.0], '750_735_failing_MET': [0.0, 21.0], '750_735_min_MET_pt': [10000000.0, 40.8376579284668], '750_730': [1061.0, 0.0], '750_730_passing_MET': [1037.0, 0.0], '750_730_failing_MET': [24.0, 0.0], '750_730_min_MET_pt': [32.86545181274414, 10000000.0], '750_725': [936.0, 0.0], '750_725_passing_MET': [905.0, 0.0], '750_725_failing_MET': [31.0, 0.0], '750_725_min_MET_pt': [44.50284957885742, 10000000.0], '750_720': [0.0, 1102.0], '750_720_passing_MET': [0.0, 1066.0], '750_720_failing_MET': [0.0, 36.0], '750_720_min_MET_pt': [10000000.0, 42.596343994140625], '775_765': [0.0, 0.0], '775_765_passing_MET': [0.0, 0.0], '775_765_failing_MET': [0.0, 0.0], '775_765_min_MET_pt': [10000000.0, 10000000.0], '775_760': [0.0, 0.0], '775_760_passing_MET': [0.0, 0.0], '775_760_failing_MET': [0.0, 0.0], '775_760_min_MET_pt': [10000000.0, 10000000.0], '775_755': [0.0, 0.0], '775_755_passing_MET': [0.0, 0.0], '775_755_failing_MET': [0.0, 0.0], '775_755_min_MET_pt': [10000000.0, 10000000.0], '775_750': [0.0, 0.0], '775_750_passing_MET': [0.0, 0.0], '775_750_failing_MET': [0.0, 0.0], '775_750_min_MET_pt': [10000000.0, 10000000.0], '775_745': [0.0, 0.0], '775_745_passing_MET': [0.0, 0.0], '775_745_failing_MET': [0.0, 0.0], '775_745_min_MET_pt': [10000000.0, 10000000.0], '800_790': [1116.0, 1073.0], '800_790_passing_MET': [0.0, 0.0], '800_790_failing_MET': [0.0, 0.0], '800_790_min_MET_pt': [10000000.0, 10000000.0], '800_785': [0.0, 0.0], '800_785_passing_MET': [0.0, 0.0], '800_785_failing_MET': [0.0, 0.0], '800_785_min_MET_pt': [10000000.0, 10000000.0], '800_780': [1165.0, 0.0], '800_780_passing_MET': [1128.0, 0.0], '800_780_failing_MET': [37.0, 0.0], '800_780_min_MET_pt': [21.86458396911621, 10000000.0], '800_775': [0.0, 984.0], '800_775_passing_MET': [0.0, 946.0], '800_775_failing_MET': [0.0, 38.0], '800_775_min_MET_pt': [10000000.0, 34.65151596069336], '800_770': [0.0, 0.0], '800_770_passing_MET': [0.0, 0.0], '800_770_failing_MET': [0.0, 0.0], '800_770_min_MET_pt': [10000000.0, 10000000.0], '825_815': [0.0, 0.0], '825_815_passing_MET': [0.0, 0.0], '825_815_failing_MET': [0.0, 0.0], '825_815_min_MET_pt': [10000000.0, 10000000.0], '825_810': [0.0, 0.0], '825_810_passing_MET': [0.0, 0.0], '825_810_failing_MET': [0.0, 0.0], '825_810_min_MET_pt': [10000000.0, 10000000.0], '825_805': [0.0, 0.0], '825_805_passing_MET': [0.0, 0.0], '825_805_failing_MET': [0.0, 0.0], '825_805_min_MET_pt': [10000000.0, 10000000.0], '825_800': [0.0, 0.0], '825_800_passing_MET': [0.0, 0.0], '825_800_failing_MET': [0.0, 0.0], '825_800_min_MET_pt': [10000000.0, 10000000.0], '825_795': [0.0, 0.0], '825_795_passing_MET': [0.0, 0.0], '825_795_failing_MET': [0.0, 0.0], '825_795_min_MET_pt': [10000000.0, 10000000.0], '850_840': [0.0, 0.0], '850_840_passing_MET': [0.0, 0.0], '850_840_failing_MET': [0.0, 0.0], '850_840_min_MET_pt': [10000000.0, 10000000.0], '850_835': [0.0, 0.0], '850_835_passing_MET': [0.0, 0.0], '850_835_failing_MET': [0.0, 0.0], '850_835_min_MET_pt': [10000000.0, 10000000.0], '850_830': [0.0, 0.0], '850_830_passing_MET': [0.0, 0.0], '850_830_failing_MET': [0.0, 0.0], '850_830_min_MET_pt': [10000000.0, 10000000.0], '850_825': [0.0, 0.0], '850_825_passing_MET': [0.0, 0.0], '850_825_failing_MET': [0.0, 0.0], '850_825_min_MET_pt': [10000000.0, 10000000.0], '850_820': [0.0, 0.0], '850_820_passing_MET': [0.0, 0.0], '850_820_failing_MET': [0.0, 0.0], '850_820_min_MET_pt': [10000000.0, 10000000.0], '875_865': [0.0, 0.0], '875_865_passing_MET': [0.0, 0.0], '875_865_failing_MET': [0.0, 0.0], '875_865_min_MET_pt': [10000000.0, 10000000.0], '875_860': [0.0, 0.0], '875_860_passing_MET': [0.0, 0.0], '875_860_failing_MET': [0.0, 0.0], '875_860_min_MET_pt': [10000000.0, 10000000.0], '875_855': [0.0, 0.0], '875_855_passing_MET': [0.0, 0.0], '875_855_failing_MET': [0.0, 0.0], '875_855_min_MET_pt': [10000000.0, 10000000.0], '875_850': [0.0, 0.0], '875_850_passing_MET': [0.0, 0.0], '875_850_failing_MET': [0.0, 0.0], '875_850_min_MET_pt': [10000000.0, 10000000.0], '875_845': [0.0, 0.0], '875_845_passing_MET': [0.0, 0.0], '875_845_failing_MET': [0.0, 0.0], '875_845_min_MET_pt': [10000000.0, 10000000.0], '900_890': [0.0, 2168.0], '900_890_passing_MET': [0.0, 2115.0], '900_890_failing_MET': [0.0, 53.0], '900_890_min_MET_pt': [10000000.0, 20.27786636352539], '900_885': [0.0, 0.0], '900_885_passing_MET': [0.0, 0.0], '900_885_failing_MET': [0.0, 0.0], '900_885_min_MET_pt': [10000000.0, 10000000.0], '900_880': [0.0, 1138.0], '900_880_passing_MET': [0.0, 1108.0], '900_880_failing_MET': [0.0, 30.0], '900_880_min_MET_pt': [10000000.0, 20.456117630004883], '900_875': [1024.0, 0.0], '900_875_passing_MET': [993.0, 0.0], '900_875_failing_MET': [31.0, 0.0], '900_875_min_MET_pt': [12.944133758544922, 10000000.0], '900_870': [0.0, 2301.0], '900_870_passing_MET': [0.0, 2244.0], '900_870_failing_MET': [0.0, 57.0], '900_870_min_MET_pt': [10000000.0, 31.557315826416016], '925_915': [0.0, 0.0], '925_915_passing_MET': [0.0, 0.0], '925_915_failing_MET': [0.0, 0.0], '925_915_min_MET_pt': [10000000.0, 10000000.0], '925_910': [0.0, 0.0], '925_910_passing_MET': [0.0, 0.0], '925_910_failing_MET': [0.0, 0.0], '925_910_min_MET_pt': [10000000.0, 10000000.0], '925_905': [0.0, 0.0], '925_905_passing_MET': [0.0, 0.0], '925_905_failing_MET': [0.0, 0.0], '925_905_min_MET_pt': [10000000.0, 10000000.0], '925_900': [0.0, 0.0], '925_900_passing_MET': [0.0, 0.0], '925_900_failing_MET': [0.0, 0.0], '925_900_min_MET_pt': [10000000.0, 10000000.0], '925_895': [0.0, 0.0], '925_895_passing_MET': [0.0, 0.0], '925_895_failing_MET': [0.0, 0.0], '925_895_min_MET_pt': [10000000.0, 10000000.0], '950_940': [0.0, 0.0], '950_940_passing_MET': [0.0, 0.0], '950_940_failing_MET': [0.0, 0.0], '950_940_min_MET_pt': [10000000.0, 10000000.0], '950_935': [0.0, 0.0], '950_935_passing_MET': [0.0, 0.0], '950_935_failing_MET': [0.0, 0.0], '950_935_min_MET_pt': [10000000.0, 10000000.0], '950_930': [0.0, 0.0], '950_930_passing_MET': [0.0, 0.0], '950_930_failing_MET': [0.0, 0.0], '950_930_min_MET_pt': [10000000.0, 10000000.0], '950_925': [0.0, 0.0], '950_925_passing_MET': [0.0, 0.0], '950_925_failing_MET': [0.0, 0.0], '950_925_min_MET_pt': [10000000.0, 10000000.0], '950_920': [0.0, 0.0], '950_920_passing_MET': [0.0, 0.0], '950_920_failing_MET': [0.0, 0.0], '950_920_min_MET_pt': [10000000.0, 10000000.0], '975_965': [0.0, 0.0], '975_965_passing_MET': [0.0, 0.0], '975_965_failing_MET': [0.0, 0.0], '975_965_min_MET_pt': [10000000.0, 10000000.0], '975_960': [0.0, 0.0], '975_960_passing_MET': [0.0, 0.0], '975_960_failing_MET': [0.0, 0.0], '975_960_min_MET_pt': [10000000.0, 10000000.0], '975_955': [0.0, 0.0], '975_955_passing_MET': [0.0, 0.0], '975_955_failing_MET': [0.0, 0.0], '975_955_min_MET_pt': [10000000.0, 10000000.0], '975_950': [0.0, 0.0], '975_950_passing_MET': [0.0, 0.0], '975_950_failing_MET': [0.0, 0.0], '975_950_min_MET_pt': [10000000.0, 10000000.0], '975_945': [0.0, 0.0], '975_945_passing_MET': [0.0, 0.0], '975_945_failing_MET': [0.0, 0.0], '975_945_min_MET_pt': [10000000.0, 10000000.0], '1000_990': [0.0, 0.0], '1000_990_passing_MET': [0.0, 0.0], '1000_990_failing_MET': [0.0, 0.0], '1000_990_min_MET_pt': [10000000.0, 10000000.0], '1000_985': [0.0, 0.0], '1000_985_passing_MET': [0.0, 0.0], '1000_985_failing_MET': [0.0, 0.0], '1000_985_min_MET_pt': [10000000.0, 10000000.0], '1000_980': [0.0, 0.0], '1000_980_passing_MET': [0.0, 0.0], '1000_980_failing_MET': [0.0, 0.0], '1000_980_min_MET_pt': [10000000.0, 10000000.0], '1000_975': [0.0, 0.0], '1000_975_passing_MET': [0.0, 0.0], '1000_975_failing_MET': [0.0, 0.0], '1000_975_min_MET_pt': [10000000.0, 10000000.0], '1000_970': [0.0, 0.0], '1000_970_passing_MET': [0.0, 0.0], '1000_970_failing_MET': [0.0, 0.0], '1000_970_min_MET_pt': [10000000.0, 10000000.0], '1025_1015': [0.0, 0.0], '1025_1015_passing_MET': [0.0, 0.0], '1025_1015_failing_MET': [0.0, 0.0], '1025_1015_min_MET_pt': [10000000.0, 10000000.0], '1025_1010': [0.0, 0.0], '1025_1010_passing_MET': [0.0, 0.0], '1025_1010_failing_MET': [0.0, 0.0], '1025_1010_min_MET_pt': [10000000.0, 10000000.0], '1025_1005': [0.0, 0.0], '1025_1005_passing_MET': [0.0, 0.0], '1025_1005_failing_MET': [0.0, 0.0], '1025_1005_min_MET_pt': [10000000.0, 10000000.0], '1025_1000': [0.0, 0.0], '1025_1000_passing_MET': [0.0, 0.0], '1025_1000_failing_MET': [0.0, 0.0], '1025_1000_min_MET_pt': [10000000.0, 10000000.0], '1025_995': [0.0, 0.0], '1025_995_passing_MET': [0.0, 0.0], '1025_995_failing_MET': [0.0, 0.0], '1025_995_min_MET_pt': [10000000.0, 10000000.0], '1050_1040': [0.0, 0.0], '1050_1040_passing_MET': [0.0, 0.0], '1050_1040_failing_MET': [0.0, 0.0], '1050_1040_min_MET_pt': [10000000.0, 10000000.0], '1050_1035': [0.0, 0.0], '1050_1035_passing_MET': [0.0, 0.0], '1050_1035_failing_MET': [0.0, 0.0], '1050_1035_min_MET_pt': [10000000.0, 10000000.0], '1050_1030': [0.0, 0.0], '1050_1030_passing_MET': [0.0, 0.0], '1050_1030_failing_MET': [0.0, 0.0], '1050_1030_min_MET_pt': [10000000.0, 10000000.0], '1050_1025': [0.0, 0.0], '1050_1025_passing_MET': [0.0, 0.0], '1050_1025_failing_MET': [0.0, 0.0], '1050_1025_min_MET_pt': [10000000.0, 10000000.0], '1050_1020': [0.0, 0.0], '1050_1020_passing_MET': [0.0, 0.0], '1050_1020_failing_MET': [0.0, 0.0], '1050_1020_min_MET_pt': [10000000.0, 10000000.0], '1075_1065': [0.0, 0.0], '1075_1065_passing_MET': [0.0, 0.0], '1075_1065_failing_MET': [0.0, 0.0], '1075_1065_min_MET_pt': [10000000.0, 10000000.0], '1075_1060': [0.0, 0.0], '1075_1060_passing_MET': [0.0, 0.0], '1075_1060_failing_MET': [0.0, 0.0], '1075_1060_min_MET_pt': [10000000.0, 10000000.0], '1075_1055': [0.0, 0.0], '1075_1055_passing_MET': [0.0, 0.0], '1075_1055_failing_MET': [0.0, 0.0], '1075_1055_min_MET_pt': [10000000.0, 10000000.0], '1075_1050': [0.0, 0.0], '1075_1050_passing_MET': [0.0, 0.0], '1075_1050_failing_MET': [0.0, 0.0], '1075_1050_min_MET_pt': [10000000.0, 10000000.0], '1075_1045': [0.0, 0.0], '1075_1045_passing_MET': [0.0, 0.0], '1075_1045_failing_MET': [0.0, 0.0], '1075_1045_min_MET_pt': [10000000.0, 10000000.0], '1100_1090': [1016.0, 1091.0], '1100_1090_passing_MET': [0.0, 0.0], '1100_1090_failing_MET': [0.0, 0.0], '1100_1090_min_MET_pt': [10000000.0, 10000000.0], '1100_1085': [0.0, 1036.0], '1100_1085_passing_MET': [0.0, 1008.0], '1100_1085_failing_MET': [0.0, 28.0], '1100_1085_min_MET_pt': [10000000.0, 53.3185920715332], '1100_1080': [0.0, 0.0], '1100_1080_passing_MET': [0.0, 0.0], '1100_1080_failing_MET': [0.0, 0.0], '1100_1080_min_MET_pt': [10000000.0, 10000000.0], '1100_1075': [0.0, 0.0], '1100_1075_passing_MET': [0.0, 0.0], '1100_1075_failing_MET': [0.0, 0.0], '1100_1075_min_MET_pt': [10000000.0, 10000000.0], '1100_1070': [998.0, 0.0], '1100_1070_passing_MET': [970.0, 0.0], '1100_1070_failing_MET': [28.0, 0.0], '1100_1070_min_MET_pt': [22.66427230834961, 10000000.0], 'nEventsTotal': 127121.0, 'strange masspoints': 0.0, 'orphans': 0.0, 'R-hadron event': 0.0, 'different stop antistop masses': 0.0, 'strange error': 0.0, 'strange event': 0.0, 'different neutralino masses': 9473.0, 'large differences': 0.0, '726_715': [1008.0, 2828.0], '726_715_passing_MET': [979.0, 2762.0], '726_715_failing_MET': [29.0, 66.0], '726_715_min_MET_pt': [21.361446380615234, 17.53464698791504], '726_716': [107.0, 311.0], '726_716_passing_MET': [105.0, 304.0], '726_716_failing_MET': [2.0, 7.0], '726_716_min_MET_pt': [42.613380432128906, 49.45682907104492], '1052_1025': [992.0, 997.0], '1052_1025_passing_MET': [967.0, 967.0], '1052_1025_failing_MET': [25.0, 30.0], '1052_1025_min_MET_pt': [47.22170639038086, 20.582826614379883], '1052_1024': [183.0, 194.0], '1052_1024_passing_MET': [180.0, 187.0], '1052_1024_failing_MET': [3.0, 7.0], '1052_1024_min_MET_pt': [49.91347885131836, 56.027286529541016], '1052_1040': [1060.0, 0.0], '1052_1040_passing_MET': [1029.0, 0.0], '1052_1040_failing_MET': [31.0, 0.0], '1052_1040_min_MET_pt': [17.160078048706055, 10000000.0], '626_610': [1030.0, 0.0], '626_610_passing_MET': [1001.0, 0.0], '626_610_failing_MET': [29.0, 0.0], '626_610_min_MET_pt': [43.881771087646484, 10000000.0], '626_616': [94.0, 186.0], '626_616_passing_MET': [91.0, 182.0], '626_616_failing_MET': [3.0, 4.0], '626_616_min_MET_pt': [66.69631958007812, 77.66136169433594], '626_615': [893.0, 1794.0], '626_615_passing_MET': [868.0, 1745.0], '626_615_failing_MET': [25.0, 49.0], '626_615_min_MET_pt': [38.85478973388672, 10.097092628479004], '926_910': [0.0, 1170.0], '926_910_passing_MET': [0.0, 1131.0], '926_910_failing_MET': [0.0, 39.0], '926_910_min_MET_pt': [10000000.0, 27.602529525756836], '926_905': [0.0, 948.0], '926_905_passing_MET': [0.0, 925.0], '926_905_failing_MET': [0.0, 23.0], '926_905_min_MET_pt': [10000000.0, 48.26683044433594], '926_906': [0.0, 159.0], '926_906_passing_MET': [0.0, 154.0], '926_906_failing_MET': [0.0, 5.0], '926_906_min_MET_pt': [10000000.0, 62.588680267333984], '826_815': [1005.0, 0.0], '826_815_passing_MET': [986.0, 0.0], '826_815_failing_MET': [19.0, 0.0], '826_815_min_MET_pt': [50.868263244628906, 10000000.0], '826_816': [84.0, 0.0], '826_816_passing_MET': [84.0, 0.0], '826_816_failing_MET': [0.0, 0.0], '826_816_min_MET_pt': [101.92093658447266, 10000000.0], '1024_1015': [2071.0, 0.0], '1024_1015_passing_MET': [2032.0, 0.0], '1024_1015_failing_MET': [39.0, 0.0], '1024_1015_min_MET_pt': [28.827449798583984, 10000000.0], '1024_1016': [179.0, 0.0], '1024_1016_passing_MET': [173.0, 0.0], '1024_1016_failing_MET': [6.0, 0.0], '1024_1016_min_MET_pt': [47.10612869262695, 10000000.0], '526_515': [0.0, 2563.0], '526_515_passing_MET': [0.0, 2497.0], '526_515_failing_MET': [0.0, 66.0], '526_515_min_MET_pt': [10000000.0, 13.017075538635254], '526_516': [0.0, 278.0], '526_516_passing_MET': [0.0, 271.0], '526_516_failing_MET': [0.0, 7.0], '526_516_min_MET_pt': [10000000.0, 75.84043884277344], '876_850': [1191.0, 0.0], '876_850_passing_MET': [1163.0, 0.0], '876_850_failing_MET': [28.0, 0.0], '876_850_min_MET_pt': [16.895153045654297, 10000000.0], '726_695': [962.0, 0.0], '726_695_passing_MET': [933.0, 0.0], '726_695_failing_MET': [29.0, 0.0], '726_695_min_MET_pt': [64.80561065673828, 10000000.0], '726_696': [214.0, 0.0], '726_696_passing_MET': [204.0, 0.0], '726_696_failing_MET': [10.0, 0.0], '726_696_min_MET_pt': [60.13762283325195, 10000000.0], '876_865': [3063.0, 1011.0], '876_865_passing_MET': [2989.0, 994.0], '876_865_failing_MET': [74.0, 17.0], '876_865_min_MET_pt': [10.947378158569336, 47.76690673828125], '876_866': [341.0, 109.0], '876_866_passing_MET': [332.0, 107.0], '876_866_failing_MET': [9.0, 2.0], '876_866_min_MET_pt': [58.410545349121094, 47.75534439086914], '1100_1084': [0.0, 136.0], '1100_1084_passing_MET': [0.0, 136.0], '1100_1084_failing_MET': [0.0, 0.0], '1100_1084_min_MET_pt': [10000000.0, 101.5098648071289], '1076_1050': [1040.0, 0.0], '1076_1050_passing_MET': [1019.0, 0.0], '1076_1050_failing_MET': [21.0, 0.0], '1076_1050_min_MET_pt': [42.19589614868164, 10000000.0], '1076_1052': [175.0, 0.0], '1076_1052_passing_MET': [174.0, 0.0], '1076_1052_failing_MET': [1.0, 0.0], '1076_1052_min_MET_pt': [80.08643341064453, 10000000.0], '900_876': [163.0, 0.0], '900_876_passing_MET': [155.0, 0.0], '900_876_failing_MET': [8.0, 0.0], '900_876_min_MET_pt': [56.55656433105469, 10000000.0], '1100_1092': [114.0, 103.0], '1100_1092_passing_MET': [110.0, 99.0], '1100_1092_failing_MET': [4.0, 4.0], '1100_1092_min_MET_pt': [29.3453311920166, 58.92100524902344], '626_600': [1077.0, 0.0], '626_600_passing_MET': [1054.0, 0.0], '626_600_failing_MET': [23.0, 0.0], '626_600_min_MET_pt': [21.287416458129883, 10000000.0], '776_765': [1908.0, 978.0], '776_765_passing_MET': [1849.0, 956.0], '776_765_failing_MET': [59.0, 22.0], '776_765_min_MET_pt': [21.739896774291992, 17.79046058654785], '776_766': [191.0, 102.0], '776_766_passing_MET': [189.0, 99.0], '776_766_failing_MET': [2.0, 3.0], '776_766_min_MET_pt': [81.11489868164062, 73.53514862060547], '676_655': [923.0, 0.0], '676_655_passing_MET': [887.0, 0.0], '676_655_failing_MET': [36.0, 0.0], '676_655_min_MET_pt': [37.850059509277344, 10000000.0], '676_656': [149.0, 0.0], '676_656_passing_MET': [141.0, 0.0], '676_656_failing_MET': [8.0, 0.0], '676_656_min_MET_pt': [18.604347229003906, 10000000.0], '750_726': [175.0, 0.0], '750_726_passing_MET': [172.0, 0.0], '750_726_failing_MET': [3.0, 0.0], '750_726_min_MET_pt': [79.14411926269531, 10000000.0], '800_776': [0.0, 167.0], '800_776_passing_MET': [0.0, 164.0], '800_776_failing_MET': [0.0, 3.0], '800_776_min_MET_pt': [10000000.0, 85.89865112304688], '1076_1045': [1038.0, 1014.0], '1076_1045_passing_MET': [1006.0, 992.0], '1076_1045_failing_MET': [32.0, 22.0], '1076_1045_min_MET_pt': [14.96517276763916, 61.68471908569336], '1076_1044': [190.0, 197.0], '1076_1044_passing_MET': [180.0, 194.0], '1076_1044_failing_MET': [10.0, 3.0], '1076_1044_min_MET_pt': [53.028297424316406, 34.14558410644531], '676_665': [2824.0, 0.0], '676_665_passing_MET': [2752.0, 0.0], '676_665_failing_MET': [72.0, 0.0], '676_665_min_MET_pt': [7.050694942474365, 10000000.0], '676_666': [274.0, 0.0], '676_666_passing_MET': [263.0, 0.0], '676_666_failing_MET': [11.0, 0.0], '676_666_min_MET_pt': [14.255547523498535, 10000000.0], '550_526': [0.0, 172.0], '550_526_passing_MET': [0.0, 165.0], '550_526_failing_MET': [0.0, 7.0], '550_526_min_MET_pt': [10000000.0, 28.531238555908203], '576_556': [0.0, 129.0], '576_556_passing_MET': [0.0, 125.0], '576_556_failing_MET': [0.0, 4.0], '576_556_min_MET_pt': [10000000.0, 21.6203670501709], '576_555': [0.0, 880.0], '576_555_passing_MET': [0.0, 852.0], '576_555_failing_MET': [0.0, 28.0], '576_555_min_MET_pt': [10000000.0, 29.08513069152832], '926_915': [992.0, 0.0], '926_915_passing_MET': [967.0, 0.0], '926_915_failing_MET': [25.0, 0.0], '926_915_min_MET_pt': [4.8927178382873535, 10000000.0], '926_916': [108.0, 0.0], '926_916_passing_MET': [108.0, 0.0], '926_916_failing_MET': [0.0, 0.0], '926_916_min_MET_pt': [104.57035827636719, 10000000.0], '526_510': [1010.0, 0.0], '526_510_passing_MET': [981.0, 0.0], '526_510_failing_MET': [29.0, 0.0], '526_510_min_MET_pt': [25.33783531188965, 10000000.0], '650_636': [0.0, 122.0], '650_636_passing_MET': [0.0, 118.0], '650_636_failing_MET': [0.0, 4.0], '650_636_min_MET_pt': [10000000.0, 45.60578536987305], '576_560': [1022.0, 0.0], '576_560_passing_MET': [989.0, 0.0], '576_560_failing_MET': [33.0, 0.0], '576_560_min_MET_pt': [7.80473518371582, 10000000.0], '1100_1072': [197.0, 0.0], '1100_1072_passing_MET': [190.0, 0.0], '1100_1072_failing_MET': [7.0, 0.0], '1100_1072_min_MET_pt': [30.53883171081543, 10000000.0], '876_860': [0.0, 1153.0], '876_860_passing_MET': [0.0, 1124.0], '876_860_failing_MET': [0.0, 29.0], '876_860_min_MET_pt': [10000000.0, 23.2120361328125], '750_736': [0.0, 138.0], '750_736_passing_MET': [0.0, 135.0], '750_736_failing_MET': [0.0, 3.0], '750_736_min_MET_pt': [10000000.0, 76.50550079345703]}
nevents_from_dict =  3480225723.0935335
Results saved to /afs/cern.ch/work/m/mleoncoe/private/stop_met_check/outputs_2018/nanoAOD_308.json
done
