i am in this directory
/pool/condor/dir_1912683
Python 3.9.23
3.9.23
 will run this python stop_check_met_eff.py /eos/user/m/mleoncoe/stop_event_check/privateNanoAod2018/nanoAOD_260.root /afs/cern.ch/work/m/mleoncoe/private/stop_met_check/outputs_2018/nanoAOD_260.json
event num1000
event num2000
event num3000
event num4000
event num5000
event num6000
event num7000
event num8000
event num9000
event num10000
event num11000
event num12000
event num13000
event num14000
event num15000
event num16000
event num17000
event num18000
event num19000
event num20000
event num21000
event num22000
event num23000
event num24000
event num25000
event num26000
event num27000
event num28000
event num29000
event num30000
event num31000
event num32000
event num33000
event num34000
event num35000
event num36000
event num37000
event num38000
event num39000
event num40000
event num41000
event num42000
event num43000
event num44000
event num45000
event num46000
event num47000
event num48000
event num49000
event num50000
event num51000
event num52000
event num53000
event num54000
event num55000
event num56000
event num57000
event num58000
event num59000
event num60000
event num61000
event num62000
event num63000
event num64000
event num65000
event num66000
event num67000
event num68000
event num69000
event num70000
event num71000
event num72000
event num73000
event num74000
event num75000
event num76000
event num77000
event num78000
event num79000
event num80000
event num81000
event num82000
event num83000
event num84000
event num85000
event num86000
event num87000
event num88000
event num89000
event num90000
event num91000
event num92000
event num93000
event num94000
event num95000
event num96000
event num97000
event num98000
event num99000
event num100000
event num101000
event num102000
event num103000
event num104000
event num105000
event num106000
event num107000
event num108000
event num109000
event num110000
event num111000
event num112000
event num113000
event num114000
event num115000
event num116000
event num117000
event num118000
event num119000
event num120000
event num121000
event num122000
event num123000
event num124000
event num125000
event num126000
event num127000
event num128000
event num129000
event num130000
event num131000
event num132000
event num133000
event num134000
event num135000
event num136000
event num137000
event num138000
event num139000
event num140000
event num141000
event num142000
event num143000
event num144000
event num145000
event num146000
event num147000
event num148000
event num149000
event num150000
event num151000
event num152000
event num153000
event num154000
event num155000
{'250_240': [686.0, 716.0], '250_240_passing_MET': [0.0, 0.0], '250_240_failing_MET': [0.0, 0.0], '250_240_min_MET_pt': [10000000.0, 10000000.0], '250_235': [1463.0, 1443.0], '250_235_passing_MET': [0.0, 0.0], '250_235_failing_MET': [0.0, 0.0], '250_235_min_MET_pt': [10000000.0, 10000000.0], '250_230': [684.0, 724.0], '250_230_passing_MET': [0.0, 0.0], '250_230_failing_MET': [0.0, 0.0], '250_230_min_MET_pt': [10000000.0, 10000000.0], '250_225': [0.0, 753.0], '250_225_passing_MET': [0.0, 709.0], '250_225_failing_MET': [0.0, 44.0], '250_225_min_MET_pt': [10000000.0, 42.49270248413086], '250_220': [761.0, 0.0], '250_220_passing_MET': [716.0, 0.0], '250_220_failing_MET': [45.0, 0.0], '250_220_min_MET_pt': [20.004446029663086, 10000000.0], '275_265': [0.0, 0.0], '275_265_passing_MET': [0.0, 0.0], '275_265_failing_MET': [0.0, 0.0], '275_265_min_MET_pt': [10000000.0, 10000000.0], '275_260': [0.0, 0.0], '275_260_passing_MET': [0.0, 0.0], '275_260_failing_MET': [0.0, 0.0], '275_260_min_MET_pt': [10000000.0, 10000000.0], '275_255': [0.0, 772.0], '275_255_passing_MET': [0.0, 742.0], '275_255_failing_MET': [0.0, 30.0], '275_255_min_MET_pt': [10000000.0, 26.173147201538086], '275_250': [0.0, 0.0], '275_250_passing_MET': [0.0, 0.0], '275_250_failing_MET': [0.0, 0.0], '275_250_min_MET_pt': [10000000.0, 10000000.0], '275_245': [0.0, 0.0], '275_245_passing_MET': [0.0, 0.0], '275_245_failing_MET': [0.0, 0.0], '275_245_min_MET_pt': [10000000.0, 10000000.0], '300_290': [3023.0, 1556.0], '300_290_passing_MET': [0.0, 0.0], '300_290_failing_MET': [0.0, 0.0], '300_290_min_MET_pt': [10000000.0, 10000000.0], '300_285': [0.0, 0.0], '300_285_passing_MET': [0.0, 0.0], '300_285_failing_MET': [0.0, 0.0], '300_285_min_MET_pt': [10000000.0, 10000000.0], '300_280': [807.0, 0.0], '300_280_passing_MET': [779.0, 0.0], '300_280_failing_MET': [28.0, 0.0], '300_280_min_MET_pt': [13.27957534790039, 10000000.0], '300_275': [0.0, 808.0], '300_275_passing_MET': [0.0, 763.0], '300_275_failing_MET': [0.0, 45.0], '300_275_min_MET_pt': [10000000.0, 37.70211410522461], '300_270': [816.0, 0.0], '300_270_passing_MET': [771.0, 0.0], '300_270_failing_MET': [45.0, 0.0], '300_270_min_MET_pt': [29.57723045349121, 10000000.0], '325_315': [832.0, 0.0], '325_315_passing_MET': [807.0, 0.0], '325_315_failing_MET': [25.0, 0.0], '325_315_min_MET_pt': [26.2376708984375, 10000000.0], '325_310': [835.0, 0.0], '325_310_passing_MET': [798.0, 0.0], '325_310_failing_MET': [37.0, 0.0], '325_310_min_MET_pt': [54.9964485168457, 10000000.0], '325_305': [0.0, 0.0], '325_305_passing_MET': [0.0, 0.0], '325_305_failing_MET': [0.0, 0.0], '325_305_min_MET_pt': [10000000.0, 10000000.0], '325_300': [0.0, 0.0], '325_300_passing_MET': [0.0, 0.0], '325_300_failing_MET': [0.0, 0.0], '325_300_min_MET_pt': [10000000.0, 10000000.0], '325_295': [0.0, 0.0], '325_295_passing_MET': [0.0, 0.0], '325_295_failing_MET': [0.0, 0.0], '325_295_min_MET_pt': [10000000.0, 10000000.0], '350_340': [0.0, 854.0], '350_340_passing_MET': [0.0, 832.0], '350_340_failing_MET': [0.0, 22.0], '350_340_min_MET_pt': [10000000.0, 48.6893196105957], '350_335': [0.0, 0.0], '350_335_passing_MET': [0.0, 0.0], '350_335_failing_MET': [0.0, 0.0], '350_335_min_MET_pt': [10000000.0, 10000000.0], '350_330': [0.0, 0.0], '350_330_passing_MET': [0.0, 0.0], '350_330_failing_MET': [0.0, 0.0], '350_330_min_MET_pt': [10000000.0, 10000000.0], '350_325': [887.0, 0.0], '350_325_passing_MET': [852.0, 0.0], '350_325_failing_MET': [35.0, 0.0], '350_325_min_MET_pt': [57.35968780517578, 10000000.0], '350_320': [879.0, 0.0], '350_320_passing_MET': [840.0, 0.0], '350_320_failing_MET': [39.0, 0.0], '350_320_min_MET_pt': [33.58292770385742, 10000000.0], '375_365': [0.0, 0.0], '375_365_passing_MET': [0.0, 0.0], '375_365_failing_MET': [0.0, 0.0], '375_365_min_MET_pt': [10000000.0, 10000000.0], '375_360': [0.0, 0.0], '375_360_passing_MET': [0.0, 0.0], '375_360_failing_MET': [0.0, 0.0], '375_360_min_MET_pt': [10000000.0, 10000000.0], '375_355': [0.0, 0.0], '375_355_passing_MET': [0.0, 0.0], '375_355_failing_MET': [0.0, 0.0], '375_355_min_MET_pt': [10000000.0, 10000000.0], '375_350': [0.0, 0.0], '375_350_passing_MET': [0.0, 0.0], '375_350_failing_MET': [0.0, 0.0], '375_350_min_MET_pt': [10000000.0, 10000000.0], '375_345': [0.0, 0.0], '375_345_passing_MET': [0.0, 0.0], '375_345_failing_MET': [0.0, 0.0], '375_345_min_MET_pt': [10000000.0, 10000000.0], '400_390': [1761.0, 1798.0], '400_390_passing_MET': [0.0, 0.0], '400_390_failing_MET': [0.0, 0.0], '400_390_min_MET_pt': [10000000.0, 10000000.0], '400_385': [0.0, 0.0], '400_385_passing_MET': [0.0, 0.0], '400_385_failing_MET': [0.0, 0.0], '400_385_min_MET_pt': [10000000.0, 10000000.0], '400_380': [926.0, 0.0], '400_380_passing_MET': [896.0, 0.0], '400_380_failing_MET': [30.0, 0.0], '400_380_min_MET_pt': [29.415651321411133, 10000000.0], '400_375': [0.0, 0.0], '400_375_passing_MET': [0.0, 0.0], '400_375_failing_MET': [0.0, 0.0], '400_375_min_MET_pt': [10000000.0, 10000000.0], '400_370': [0.0, 0.0], '400_370_passing_MET': [0.0, 0.0], '400_370_failing_MET': [0.0, 0.0], '400_370_min_MET_pt': [10000000.0, 10000000.0], '425_415': [1832.0, 0.0], '425_415_passing_MET': [1775.0, 0.0], '425_415_failing_MET': [57.0, 0.0], '425_415_min_MET_pt': [46.401676177978516, 10000000.0], '425_410': [0.0, 0.0], '425_410_passing_MET': [0.0, 0.0], '425_410_failing_MET': [0.0, 0.0], '425_410_min_MET_pt': [10000000.0, 10000000.0], '425_405': [0.0, 0.0], '425_405_passing_MET': [0.0, 0.0], '425_405_failing_MET': [0.0, 0.0], '425_405_min_MET_pt': [10000000.0, 10000000.0], '425_400': [0.0, 913.0], '425_400_passing_MET': [0.0, 880.0], '425_400_failing_MET': [0.0, 33.0], '425_400_min_MET_pt': [10000000.0, 40.659942626953125], '425_395': [986.0, 0.0], '425_395_passing_MET': [931.0, 0.0], '425_395_failing_MET': [55.0, 0.0], '425_395_min_MET_pt': [29.97545623779297, 10000000.0], '450_440': [0.0, 1782.0], '450_440_passing_MET': [0.0, 1734.0], '450_440_failing_MET': [0.0, 48.0], '450_440_min_MET_pt': [10000000.0, 25.443538665771484], '450_435': [0.0, 0.0], '450_435_passing_MET': [0.0, 0.0], '450_435_failing_MET': [0.0, 0.0], '450_435_min_MET_pt': [10000000.0, 10000000.0], '450_430': [0.0, 0.0], '450_430_passing_MET': [0.0, 0.0], '450_430_failing_MET': [0.0, 0.0], '450_430_min_MET_pt': [10000000.0, 10000000.0], '450_425': [1002.0, 0.0], '450_425_passing_MET': [962.0, 0.0], '450_425_failing_MET': [40.0, 0.0], '450_425_min_MET_pt': [39.74943161010742, 10000000.0], '450_420': [0.0, 0.0], '450_420_passing_MET': [0.0, 0.0], '450_420_failing_MET': [0.0, 0.0], '450_420_min_MET_pt': [10000000.0, 10000000.0], '475_465': [2853.0, 0.0], '475_465_passing_MET': [2777.0, 0.0], '475_465_failing_MET': [76.0, 0.0], '475_465_min_MET_pt': [32.660858154296875, 10000000.0], '475_460': [0.0, 0.0], '475_460_passing_MET': [0.0, 0.0], '475_460_failing_MET': [0.0, 0.0], '475_460_min_MET_pt': [10000000.0, 10000000.0], '475_455': [1048.0, 0.0], '475_455_passing_MET': [1009.0, 0.0], '475_455_failing_MET': [39.0, 0.0], '475_455_min_MET_pt': [16.31549072265625, 10000000.0], '475_450': [0.0, 1003.0], '475_450_passing_MET': [0.0, 977.0], '475_450_failing_MET': [0.0, 26.0], '475_450_min_MET_pt': [10000000.0, 36.073978424072266], '475_445': [0.0, 0.0], '475_445_passing_MET': [0.0, 0.0], '475_445_failing_MET': [0.0, 0.0], '475_445_min_MET_pt': [10000000.0, 10000000.0], '500_490': [970.0, 1920.0], '500_490_passing_MET': [0.0, 0.0], '500_490_failing_MET': [0.0, 0.0], '500_490_min_MET_pt': [10000000.0, 10000000.0], '500_485': [947.0, 0.0], '500_485_passing_MET': [914.0, 0.0], '500_485_failing_MET': [33.0, 0.0], '500_485_min_MET_pt': [20.891157150268555, 10000000.0], '500_480': [0.0, 948.0], '500_480_passing_MET': [0.0, 914.0], '500_480_failing_MET': [0.0, 34.0], '500_480_min_MET_pt': [10000000.0, 32.45354080200195], '500_475': [2994.0, 0.0], '500_475_passing_MET': [2883.0, 0.0], '500_475_failing_MET': [111.0, 0.0], '500_475_min_MET_pt': [18.7730770111084, 10000000.0], '500_470': [0.0, 0.0], '500_470_passing_MET': [0.0, 0.0], '500_470_failing_MET': [0.0, 0.0], '500_470_min_MET_pt': [10000000.0, 10000000.0], '525_515': [0.0, 0.0], '525_515_passing_MET': [0.0, 0.0], '525_515_failing_MET': [0.0, 0.0], '525_515_min_MET_pt': [10000000.0, 10000000.0], '525_510': [0.0, 0.0], '525_510_passing_MET': [0.0, 0.0], '525_510_failing_MET': [0.0, 0.0], '525_510_min_MET_pt': [10000000.0, 10000000.0], '525_505': [0.0, 0.0], '525_505_passing_MET': [0.0, 0.0], '525_505_failing_MET': [0.0, 0.0], '525_505_min_MET_pt': [10000000.0, 10000000.0], '525_500': [0.0, 0.0], '525_500_passing_MET': [0.0, 0.0], '525_500_failing_MET': [0.0, 0.0], '525_500_min_MET_pt': [10000000.0, 10000000.0], '525_495': [0.0, 0.0], '525_495_passing_MET': [0.0, 0.0], '525_495_failing_MET': [0.0, 0.0], '525_495_min_MET_pt': [10000000.0, 10000000.0], '550_540': [982.0, 0.0], '550_540_passing_MET': [948.0, 0.0], '550_540_failing_MET': [34.0, 0.0], '550_540_min_MET_pt': [34.227569580078125, 10000000.0], '550_535': [0.0, 0.0], '550_535_passing_MET': [0.0, 0.0], '550_535_failing_MET': [0.0, 0.0], '550_535_min_MET_pt': [10000000.0, 10000000.0], '550_530': [0.0, 0.0], '550_530_passing_MET': [0.0, 0.0], '550_530_failing_MET': [0.0, 0.0], '550_530_min_MET_pt': [10000000.0, 10000000.0], '550_525': [0.0, 877.0], '550_525_passing_MET': [0.0, 852.0], '550_525_failing_MET': [0.0, 25.0], '550_525_min_MET_pt': [10000000.0, 50.393157958984375], '550_520': [0.0, 0.0], '550_520_passing_MET': [0.0, 0.0], '550_520_failing_MET': [0.0, 0.0], '550_520_min_MET_pt': [10000000.0, 10000000.0], '575_565': [0.0, 0.0], '575_565_passing_MET': [0.0, 0.0], '575_565_failing_MET': [0.0, 0.0], '575_565_min_MET_pt': [10000000.0, 10000000.0], '575_560': [0.0, 0.0], '575_560_passing_MET': [0.0, 0.0], '575_560_failing_MET': [0.0, 0.0], '575_560_min_MET_pt': [10000000.0, 10000000.0], '575_555': [0.0, 0.0], '575_555_passing_MET': [0.0, 0.0], '575_555_failing_MET': [0.0, 0.0], '575_555_min_MET_pt': [10000000.0, 10000000.0], '575_550': [0.0, 0.0], '575_550_passing_MET': [0.0, 0.0], '575_550_failing_MET': [0.0, 0.0], '575_550_min_MET_pt': [10000000.0, 10000000.0], '575_545': [0.0, 0.0], '575_545_passing_MET': [0.0, 0.0], '575_545_failing_MET': [0.0, 0.0], '575_545_min_MET_pt': [10000000.0, 10000000.0], '600_590': [0.0, 2993.0], '600_590_passing_MET': [0.0, 2916.0], '600_590_failing_MET': [0.0, 77.0], '600_590_min_MET_pt': [10000000.0, 34.576988220214844], '600_585': [0.0, 872.0], '600_585_passing_MET': [0.0, 847.0], '600_585_failing_MET': [0.0, 25.0], '600_585_min_MET_pt': [10000000.0, 53.009857177734375], '600_580': [0.0, 0.0], '600_580_passing_MET': [0.0, 0.0], '600_580_failing_MET': [0.0, 0.0], '600_580_min_MET_pt': [10000000.0, 10000000.0], '600_575': [0.0, 0.0], '600_575_passing_MET': [0.0, 0.0], '600_575_failing_MET': [0.0, 0.0], '600_575_min_MET_pt': [10000000.0, 10000000.0], '600_570': [0.0, 1082.0], '600_570_passing_MET': [0.0, 1042.0], '600_570_failing_MET': [0.0, 40.0], '600_570_min_MET_pt': [10000000.0, 5.247186183929443], '625_615': [0.0, 0.0], '625_615_passing_MET': [0.0, 0.0], '625_615_failing_MET': [0.0, 0.0], '625_615_min_MET_pt': [10000000.0, 10000000.0], '625_610': [0.0, 0.0], '625_610_passing_MET': [0.0, 0.0], '625_610_failing_MET': [0.0, 0.0], '625_610_min_MET_pt': [10000000.0, 10000000.0], '625_605': [0.0, 0.0], '625_605_passing_MET': [0.0, 0.0], '625_605_failing_MET': [0.0, 0.0], '625_605_min_MET_pt': [10000000.0, 10000000.0], '625_600': [0.0, 0.0], '625_600_passing_MET': [0.0, 0.0], '625_600_failing_MET': [0.0, 0.0], '625_600_min_MET_pt': [10000000.0, 10000000.0], '625_595': [0.0, 0.0], '625_595_passing_MET': [0.0, 0.0], '625_595_failing_MET': [0.0, 0.0], '625_595_min_MET_pt': [10000000.0, 10000000.0], '650_640': [0.0, 959.0], '650_640_passing_MET': [0.0, 940.0], '650_640_failing_MET': [0.0, 19.0], '650_640_min_MET_pt': [10000000.0, 47.15473556518555], '650_635': [0.0, 0.0], '650_635_passing_MET': [0.0, 0.0], '650_635_failing_MET': [0.0, 0.0], '650_635_min_MET_pt': [10000000.0, 10000000.0], '650_630': [0.0, 0.0], '650_630_passing_MET': [0.0, 0.0], '650_630_failing_MET': [0.0, 0.0], '650_630_min_MET_pt': [10000000.0, 10000000.0], '650_625': [0.0, 912.0], '650_625_passing_MET': [0.0, 901.0], '650_625_failing_MET': [0.0, 11.0], '650_625_min_MET_pt': [10000000.0, 50.205345153808594], '650_620': [0.0, 1058.0], '650_620_passing_MET': [0.0, 1015.0], '650_620_failing_MET': [0.0, 43.0], '650_620_min_MET_pt': [10000000.0, 14.56328010559082], '675_665': [0.0, 0.0], '675_665_passing_MET': [0.0, 0.0], '675_665_failing_MET': [0.0, 0.0], '675_665_min_MET_pt': [10000000.0, 10000000.0], '675_660': [0.0, 0.0], '675_660_passing_MET': [0.0, 0.0], '675_660_failing_MET': [0.0, 0.0], '675_660_min_MET_pt': [10000000.0, 10000000.0], '675_655': [0.0, 0.0], '675_655_passing_MET': [0.0, 0.0], '675_655_failing_MET': [0.0, 0.0], '675_655_min_MET_pt': [10000000.0, 10000000.0], '675_650': [0.0, 0.0], '675_650_passing_MET': [0.0, 0.0], '675_650_failing_MET': [0.0, 0.0], '675_650_min_MET_pt': [10000000.0, 10000000.0], '675_645': [0.0, 0.0], '675_645_passing_MET': [0.0, 0.0], '675_645_failing_MET': [0.0, 0.0], '675_645_min_MET_pt': [10000000.0, 10000000.0], '700_690': [0.0, 0.0], '700_690_passing_MET': [0.0, 0.0], '700_690_failing_MET': [0.0, 0.0], '700_690_min_MET_pt': [10000000.0, 10000000.0], '700_685': [939.0, 953.0], '700_685_passing_MET': [0.0, 0.0], '700_685_failing_MET': [0.0, 0.0], '700_685_min_MET_pt': [10000000.0, 10000000.0], '700_680': [1106.0, 0.0], '700_680_passing_MET': [1081.0, 0.0], '700_680_failing_MET': [25.0, 0.0], '700_680_min_MET_pt': [25.285133361816406, 10000000.0], '700_675': [939.0, 921.0], '700_675_passing_MET': [0.0, 0.0], '700_675_failing_MET': [0.0, 0.0], '700_675_min_MET_pt': [10000000.0, 10000000.0], '700_670': [2270.0, 0.0], '700_670_passing_MET': [2208.0, 0.0], '700_670_failing_MET': [62.0, 0.0], '700_670_min_MET_pt': [25.680978775024414, 10000000.0], '725_715': [0.0, 0.0], '725_715_passing_MET': [0.0, 0.0], '725_715_failing_MET': [0.0, 0.0], '725_715_min_MET_pt': [10000000.0, 10000000.0], '725_710': [0.0, 0.0], '725_710_passing_MET': [0.0, 0.0], '725_710_failing_MET': [0.0, 0.0], '725_710_min_MET_pt': [10000000.0, 10000000.0], '725_705': [0.0, 0.0], '725_705_passing_MET': [0.0, 0.0], '725_705_failing_MET': [0.0, 0.0], '725_705_min_MET_pt': [10000000.0, 10000000.0], '725_700': [0.0, 0.0], '725_700_passing_MET': [0.0, 0.0], '725_700_failing_MET': [0.0, 0.0], '725_700_min_MET_pt': [10000000.0, 10000000.0], '725_695': [0.0, 0.0], '725_695_passing_MET': [0.0, 0.0], '725_695_failing_MET': [0.0, 0.0], '725_695_min_MET_pt': [10000000.0, 10000000.0], '750_740': [0.0, 0.0], '750_740_passing_MET': [0.0, 0.0], '750_740_failing_MET': [0.0, 0.0], '750_740_min_MET_pt': [10000000.0, 10000000.0], '750_735': [0.0, 0.0], '750_735_passing_MET': [0.0, 0.0], '750_735_failing_MET': [0.0, 0.0], '750_735_min_MET_pt': [10000000.0, 10000000.0], '750_730': [0.0, 1119.0], '750_730_passing_MET': [0.0, 1089.0], '750_730_failing_MET': [0.0, 30.0], '750_730_min_MET_pt': [10000000.0, 36.50739288330078], '750_725': [0.0, 946.0], '750_725_passing_MET': [0.0, 915.0], '750_725_failing_MET': [0.0, 31.0], '750_725_min_MET_pt': [10000000.0, 42.64056396484375], '750_720': [1138.0, 1060.0], '750_720_passing_MET': [0.0, 0.0], '750_720_failing_MET': [0.0, 0.0], '750_720_min_MET_pt': [10000000.0, 10000000.0], '775_765': [0.0, 0.0], '775_765_passing_MET': [0.0, 0.0], '775_765_failing_MET': [0.0, 0.0], '775_765_min_MET_pt': [10000000.0, 10000000.0], '775_760': [0.0, 0.0], '775_760_passing_MET': [0.0, 0.0], '775_760_failing_MET': [0.0, 0.0], '775_760_min_MET_pt': [10000000.0, 10000000.0], '775_755': [0.0, 0.0], '775_755_passing_MET': [0.0, 0.0], '775_755_failing_MET': [0.0, 0.0], '775_755_min_MET_pt': [10000000.0, 10000000.0], '775_750': [0.0, 0.0], '775_750_passing_MET': [0.0, 0.0], '775_750_failing_MET': [0.0, 0.0], '775_750_min_MET_pt': [10000000.0, 10000000.0], '775_745': [0.0, 0.0], '775_745_passing_MET': [0.0, 0.0], '775_745_failing_MET': [0.0, 0.0], '775_745_min_MET_pt': [10000000.0, 10000000.0], '800_790': [1079.0, 1068.0], '800_790_passing_MET': [0.0, 0.0], '800_790_failing_MET': [0.0, 0.0], '800_790_min_MET_pt': [10000000.0, 10000000.0], '800_785': [0.0, 0.0], '800_785_passing_MET': [0.0, 0.0], '800_785_failing_MET': [0.0, 0.0], '800_785_min_MET_pt': [10000000.0, 10000000.0], '800_780': [0.0, 0.0], '800_780_passing_MET': [0.0, 0.0], '800_780_failing_MET': [0.0, 0.0], '800_780_min_MET_pt': [10000000.0, 10000000.0], '800_775': [0.0, 0.0], '800_775_passing_MET': [0.0, 0.0], '800_775_failing_MET': [0.0, 0.0], '800_775_min_MET_pt': [10000000.0, 10000000.0], '800_770': [0.0, 0.0], '800_770_passing_MET': [0.0, 0.0], '800_770_failing_MET': [0.0, 0.0], '800_770_min_MET_pt': [10000000.0, 10000000.0], '825_815': [0.0, 0.0], '825_815_passing_MET': [0.0, 0.0], '825_815_failing_MET': [0.0, 0.0], '825_815_min_MET_pt': [10000000.0, 10000000.0], '825_810': [0.0, 0.0], '825_810_passing_MET': [0.0, 0.0], '825_810_failing_MET': [0.0, 0.0], '825_810_min_MET_pt': [10000000.0, 10000000.0], '825_805': [0.0, 0.0], '825_805_passing_MET': [0.0, 0.0], '825_805_failing_MET': [0.0, 0.0], '825_805_min_MET_pt': [10000000.0, 10000000.0], '825_800': [0.0, 0.0], '825_800_passing_MET': [0.0, 0.0], '825_800_failing_MET': [0.0, 0.0], '825_800_min_MET_pt': [10000000.0, 10000000.0], '825_795': [0.0, 0.0], '825_795_passing_MET': [0.0, 0.0], '825_795_failing_MET': [0.0, 0.0], '825_795_min_MET_pt': [10000000.0, 10000000.0], '850_840': [0.0, 0.0], '850_840_passing_MET': [0.0, 0.0], '850_840_failing_MET': [0.0, 0.0], '850_840_min_MET_pt': [10000000.0, 10000000.0], '850_835': [0.0, 0.0], '850_835_passing_MET': [0.0, 0.0], '850_835_failing_MET': [0.0, 0.0], '850_835_min_MET_pt': [10000000.0, 10000000.0], '850_830': [0.0, 0.0], '850_830_passing_MET': [0.0, 0.0], '850_830_failing_MET': [0.0, 0.0], '850_830_min_MET_pt': [10000000.0, 10000000.0], '850_825': [0.0, 959.0], '850_825_passing_MET': [0.0, 936.0], '850_825_failing_MET': [0.0, 23.0], '850_825_min_MET_pt': [10000000.0, 31.766815185546875], '850_820': [1153.0, 0.0], '850_820_passing_MET': [1111.0, 0.0], '850_820_failing_MET': [42.0, 0.0], '850_820_min_MET_pt': [16.54790496826172, 10000000.0], '875_865': [0.0, 0.0], '875_865_passing_MET': [0.0, 0.0], '875_865_failing_MET': [0.0, 0.0], '875_865_min_MET_pt': [10000000.0, 10000000.0], '875_860': [0.0, 0.0], '875_860_passing_MET': [0.0, 0.0], '875_860_failing_MET': [0.0, 0.0], '875_860_min_MET_pt': [10000000.0, 10000000.0], '875_855': [0.0, 0.0], '875_855_passing_MET': [0.0, 0.0], '875_855_failing_MET': [0.0, 0.0], '875_855_min_MET_pt': [10000000.0, 10000000.0], '875_850': [0.0, 0.0], '875_850_passing_MET': [0.0, 0.0], '875_850_failing_MET': [0.0, 0.0], '875_850_min_MET_pt': [10000000.0, 10000000.0], '875_845': [0.0, 0.0], '875_845_passing_MET': [0.0, 0.0], '875_845_failing_MET': [0.0, 0.0], '875_845_min_MET_pt': [10000000.0, 10000000.0], '900_890': [0.0, 3328.0], '900_890_passing_MET': [0.0, 3261.0], '900_890_failing_MET': [0.0, 67.0], '900_890_min_MET_pt': [10000000.0, 6.671015739440918], '900_885': [0.0, 0.0], '900_885_passing_MET': [0.0, 0.0], '900_885_failing_MET': [0.0, 0.0], '900_885_min_MET_pt': [10000000.0, 10000000.0], '900_880': [0.0, 0.0], '900_880_passing_MET': [0.0, 0.0], '900_880_failing_MET': [0.0, 0.0], '900_880_min_MET_pt': [10000000.0, 10000000.0], '900_875': [0.0, 0.0], '900_875_passing_MET': [0.0, 0.0], '900_875_failing_MET': [0.0, 0.0], '900_875_min_MET_pt': [10000000.0, 10000000.0], '900_870': [0.0, 1161.0], '900_870_passing_MET': [0.0, 1134.0], '900_870_failing_MET': [0.0, 27.0], '900_870_min_MET_pt': [10000000.0, 46.51102066040039], '925_915': [0.0, 0.0], '925_915_passing_MET': [0.0, 0.0], '925_915_failing_MET': [0.0, 0.0], '925_915_min_MET_pt': [10000000.0, 10000000.0], '925_910': [0.0, 0.0], '925_910_passing_MET': [0.0, 0.0], '925_910_failing_MET': [0.0, 0.0], '925_910_min_MET_pt': [10000000.0, 10000000.0], '925_905': [0.0, 0.0], '925_905_passing_MET': [0.0, 0.0], '925_905_failing_MET': [0.0, 0.0], '925_905_min_MET_pt': [10000000.0, 10000000.0], '925_900': [0.0, 0.0], '925_900_passing_MET': [0.0, 0.0], '925_900_failing_MET': [0.0, 0.0], '925_900_min_MET_pt': [10000000.0, 10000000.0], '925_895': [0.0, 0.0], '925_895_passing_MET': [0.0, 0.0], '925_895_failing_MET': [0.0, 0.0], '925_895_min_MET_pt': [10000000.0, 10000000.0], '950_940': [1133.0, 2232.0], '950_940_passing_MET': [0.0, 0.0], '950_940_failing_MET': [0.0, 0.0], '950_940_min_MET_pt': [10000000.0, 10000000.0], '950_935': [0.0, 0.0], '950_935_passing_MET': [0.0, 0.0], '950_935_failing_MET': [0.0, 0.0], '950_935_min_MET_pt': [10000000.0, 10000000.0], '950_930': [0.0, 2267.0], '950_930_passing_MET': [0.0, 2219.0], '950_930_failing_MET': [0.0, 48.0], '950_930_min_MET_pt': [10000000.0, 4.730542182922363], '950_925': [0.0, 0.0], '950_925_passing_MET': [0.0, 0.0], '950_925_failing_MET': [0.0, 0.0], '950_925_min_MET_pt': [10000000.0, 10000000.0], '950_920': [0.0, 0.0], '950_920_passing_MET': [0.0, 0.0], '950_920_failing_MET': [0.0, 0.0], '950_920_min_MET_pt': [10000000.0, 10000000.0], '975_965': [0.0, 0.0], '975_965_passing_MET': [0.0, 0.0], '975_965_failing_MET': [0.0, 0.0], '975_965_min_MET_pt': [10000000.0, 10000000.0], '975_960': [0.0, 0.0], '975_960_passing_MET': [0.0, 0.0], '975_960_failing_MET': [0.0, 0.0], '975_960_min_MET_pt': [10000000.0, 10000000.0], '975_955': [0.0, 0.0], '975_955_passing_MET': [0.0, 0.0], '975_955_failing_MET': [0.0, 0.0], '975_955_min_MET_pt': [10000000.0, 10000000.0], '975_950': [0.0, 0.0], '975_950_passing_MET': [0.0, 0.0], '975_950_failing_MET': [0.0, 0.0], '975_950_min_MET_pt': [10000000.0, 10000000.0], '975_945': [0.0, 0.0], '975_945_passing_MET': [0.0, 0.0], '975_945_failing_MET': [0.0, 0.0], '975_945_min_MET_pt': [10000000.0, 10000000.0], '1000_990': [3349.0, 1136.0], '1000_990_passing_MET': [0.0, 0.0], '1000_990_failing_MET': [0.0, 0.0], '1000_990_min_MET_pt': [10000000.0, 10000000.0], '1000_985': [983.0, 0.0], '1000_985_passing_MET': [965.0, 0.0], '1000_985_failing_MET': [18.0, 0.0], '1000_985_min_MET_pt': [58.21427917480469, 10000000.0], '1000_980': [0.0, 0.0], '1000_980_passing_MET': [0.0, 0.0], '1000_980_failing_MET': [0.0, 0.0], '1000_980_min_MET_pt': [10000000.0, 10000000.0], '1000_975': [1030.0, 0.0], '1000_975_passing_MET': [1005.0, 0.0], '1000_975_failing_MET': [25.0, 0.0], '1000_975_min_MET_pt': [41.34044647216797, 10000000.0], '1000_970': [0.0, 0.0], '1000_970_passing_MET': [0.0, 0.0], '1000_970_failing_MET': [0.0, 0.0], '1000_970_min_MET_pt': [10000000.0, 10000000.0], '1025_1015': [0.0, 0.0], '1025_1015_passing_MET': [0.0, 0.0], '1025_1015_failing_MET': [0.0, 0.0], '1025_1015_min_MET_pt': [10000000.0, 10000000.0], '1025_1010': [0.0, 0.0], '1025_1010_passing_MET': [0.0, 0.0], '1025_1010_failing_MET': [0.0, 0.0], '1025_1010_min_MET_pt': [10000000.0, 10000000.0], '1025_1005': [0.0, 0.0], '1025_1005_passing_MET': [0.0, 0.0], '1025_1005_failing_MET': [0.0, 0.0], '1025_1005_min_MET_pt': [10000000.0, 10000000.0], '1025_1000': [0.0, 0.0], '1025_1000_passing_MET': [0.0, 0.0], '1025_1000_failing_MET': [0.0, 0.0], '1025_1000_min_MET_pt': [10000000.0, 10000000.0], '1025_995': [0.0, 0.0], '1025_995_passing_MET': [0.0, 0.0], '1025_995_failing_MET': [0.0, 0.0], '1025_995_min_MET_pt': [10000000.0, 10000000.0], '1050_1040': [0.0, 0.0], '1050_1040_passing_MET': [0.0, 0.0], '1050_1040_failing_MET': [0.0, 0.0], '1050_1040_min_MET_pt': [10000000.0, 10000000.0], '1050_1035': [0.0, 0.0], '1050_1035_passing_MET': [0.0, 0.0], '1050_1035_failing_MET': [0.0, 0.0], '1050_1035_min_MET_pt': [10000000.0, 10000000.0], '1050_1030': [0.0, 0.0], '1050_1030_passing_MET': [0.0, 0.0], '1050_1030_failing_MET': [0.0, 0.0], '1050_1030_min_MET_pt': [10000000.0, 10000000.0], '1050_1025': [0.0, 0.0], '1050_1025_passing_MET': [0.0, 0.0], '1050_1025_failing_MET': [0.0, 0.0], '1050_1025_min_MET_pt': [10000000.0, 10000000.0], '1050_1020': [0.0, 0.0], '1050_1020_passing_MET': [0.0, 0.0], '1050_1020_failing_MET': [0.0, 0.0], '1050_1020_min_MET_pt': [10000000.0, 10000000.0], '1075_1065': [0.0, 0.0], '1075_1065_passing_MET': [0.0, 0.0], '1075_1065_failing_MET': [0.0, 0.0], '1075_1065_min_MET_pt': [10000000.0, 10000000.0], '1075_1060': [0.0, 0.0], '1075_1060_passing_MET': [0.0, 0.0], '1075_1060_failing_MET': [0.0, 0.0], '1075_1060_min_MET_pt': [10000000.0, 10000000.0], '1075_1055': [0.0, 0.0], '1075_1055_passing_MET': [0.0, 0.0], '1075_1055_failing_MET': [0.0, 0.0], '1075_1055_min_MET_pt': [10000000.0, 10000000.0], '1075_1050': [0.0, 0.0], '1075_1050_passing_MET': [0.0, 0.0], '1075_1050_failing_MET': [0.0, 0.0], '1075_1050_min_MET_pt': [10000000.0, 10000000.0], '1075_1045': [0.0, 0.0], '1075_1045_passing_MET': [0.0, 0.0], '1075_1045_failing_MET': [0.0, 0.0], '1075_1045_min_MET_pt': [10000000.0, 10000000.0], '1100_1090': [2181.0, 0.0], '1100_1090_passing_MET': [2137.0, 0.0], '1100_1090_failing_MET': [44.0, 0.0], '1100_1090_min_MET_pt': [10.648004531860352, 10000000.0], '1100_1085': [0.0, 0.0], '1100_1085_passing_MET': [0.0, 0.0], '1100_1085_failing_MET': [0.0, 0.0], '1100_1085_min_MET_pt': [10000000.0, 10000000.0], '1100_1080': [1218.0, 0.0], '1100_1080_passing_MET': [1191.0, 0.0], '1100_1080_failing_MET': [27.0, 0.0], '1100_1080_min_MET_pt': [48.78262710571289, 10000000.0], '1100_1075': [1000.0, 994.0], '1100_1075_passing_MET': [0.0, 0.0], '1100_1075_failing_MET': [0.0, 0.0], '1100_1075_min_MET_pt': [10000000.0, 10000000.0], '1100_1070': [992.0, 0.0], '1100_1070_passing_MET': [974.0, 0.0], '1100_1070_failing_MET': [18.0, 0.0], '1100_1070_min_MET_pt': [28.265369415283203, 10000000.0], 'nEventsTotal': 155282.0, 'strange masspoints': 0.0, 'orphans': 0.0, 'R-hadron event': 0.0, 'different stop antistop masses': 0.0, 'strange error': 0.0, 'strange event': 0.0, 'different neutralino masses': 13417.0, 'large differences': 0.0, '1076_1055': [1031.0, 1041.0], '1076_1055_passing_MET': [1010.0, 1018.0], '1076_1055_failing_MET': [21.0, 23.0], '1076_1055_min_MET_pt': [6.226537227630615, 8.622978210449219], '1076_1056': [178.0, 152.0], '1076_1056_passing_MET': [175.0, 148.0], '1076_1056_failing_MET': [3.0, 4.0], '1076_1056_min_MET_pt': [71.235107421875, 53.74908447265625], '626_615': [2857.0, 2770.0], '626_615_passing_MET': [2797.0, 2701.0], '626_615_failing_MET': [60.0, 69.0], '626_615_min_MET_pt': [31.08111000061035, 23.335390090942383], '626_616': [252.0, 287.0], '626_616_passing_MET': [244.0, 281.0], '626_616_failing_MET': [8.0, 6.0], '626_616_min_MET_pt': [33.56083679199219, 65.36723327636719], '576_560': [1040.0, 971.0], '576_560_passing_MET': [1023.0, 934.0], '576_560_failing_MET': [17.0, 37.0], '576_560_min_MET_pt': [21.1304988861084, 29.195064544677734], '1024_995': [0.0, 1016.0], '1024_995_passing_MET': [0.0, 991.0], '1024_995_failing_MET': [0.0, 25.0], '1024_995_min_MET_pt': [10000000.0, 46.73921585083008], '1024_996': [0.0, 180.0], '1024_996_passing_MET': [0.0, 174.0], '1024_996_failing_MET': [0.0, 6.0], '1024_996_min_MET_pt': [10000000.0, 71.968994140625], '976_965': [1975.0, 2054.0], '976_965_passing_MET': [1929.0, 2008.0], '976_965_failing_MET': [46.0, 46.0], '976_965_min_MET_pt': [13.532652854919434, 29.26576042175293], '976_966': [194.0, 196.0], '976_966_passing_MET': [190.0, 190.0], '976_966_failing_MET': [4.0, 6.0], '976_966_min_MET_pt': [58.602272033691406, 62.403350830078125], '926_895': [1886.0, 0.0], '926_895_passing_MET': [1822.0, 0.0], '926_895_failing_MET': [64.0, 0.0], '926_895_min_MET_pt': [33.48230743408203, 10000000.0], '926_896': [422.0, 0.0], '926_896_passing_MET': [406.0, 0.0], '926_896_failing_MET': [16.0, 0.0], '926_896_min_MET_pt': [43.98433303833008, 10000000.0], '726_715': [1867.0, 0.0], '726_715_passing_MET': [1818.0, 0.0], '726_715_failing_MET': [49.0, 0.0], '726_715_min_MET_pt': [11.85023021697998, 10000000.0], '726_716': [219.0, 0.0], '726_716_passing_MET': [215.0, 0.0], '726_716_failing_MET': [4.0, 0.0], '726_716_min_MET_pt': [72.4494400024414, 10000000.0], '600_586': [0.0, 137.0], '600_586_passing_MET': [0.0, 133.0], '600_586_failing_MET': [0.0, 4.0], '600_586_min_MET_pt': [10000000.0, 68.72223663330078], '576_550': [0.0, 1036.0], '576_550_passing_MET': [0.0, 1004.0], '576_550_failing_MET': [0.0, 32.0], '576_550_min_MET_pt': [10000000.0, 31.84695053100586], '1100_1072': [211.0, 0.0], '1100_1072_passing_MET': [205.0, 0.0], '1100_1072_failing_MET': [6.0, 0.0], '1100_1072_min_MET_pt': [38.701141357421875, 10000000.0], '876_860': [0.0, 1109.0], '876_860_passing_MET': [0.0, 1079.0], '876_860_failing_MET': [0.0, 30.0], '876_860_min_MET_pt': [10000000.0, 43.65601348876953], '550_526': [0.0, 156.0], '550_526_passing_MET': [0.0, 149.0], '550_526_failing_MET': [0.0, 7.0], '550_526_min_MET_pt': [10000000.0, 44.64741134643555], '676_665': [0.0, 2741.0], '676_665_passing_MET': [0.0, 2675.0], '676_665_failing_MET': [0.0, 66.0], '676_665_min_MET_pt': [10000000.0, 14.357218742370605], '676_666': [0.0, 297.0], '676_666_passing_MET': [0.0, 289.0], '676_666_failing_MET': [0.0, 8.0], '676_666_min_MET_pt': [10000000.0, 36.118064880371094], '776_765': [0.0, 2906.0], '776_765_passing_MET': [0.0, 2846.0], '776_765_failing_MET': [0.0, 60.0], '776_765_min_MET_pt': [10000000.0, 41.971107482910156], '776_766': [0.0, 307.0], '776_766_passing_MET': [0.0, 299.0], '776_766_failing_MET': [0.0, 8.0], '776_766_min_MET_pt': [10000000.0, 68.89224243164062], '526_515': [853.0, 2591.0], '526_515_passing_MET': [836.0, 2526.0], '526_515_failing_MET': [17.0, 65.0], '526_515_min_MET_pt': [24.099931716918945, 21.936973571777344], '526_516': [76.0, 272.0], '526_516_passing_MET': [73.0, 259.0], '526_516_failing_MET': [3.0, 13.0], '526_516_min_MET_pt': [57.625892639160156, 24.942649841308594], '576_565': [1767.0, 0.0], '576_565_passing_MET': [1726.0, 0.0], '576_565_failing_MET': [41.0, 0.0], '576_565_min_MET_pt': [31.6837100982666, 10000000.0], '576_566': [182.0, 0.0], '576_566_passing_MET': [179.0, 0.0], '576_566_failing_MET': [3.0, 0.0], '576_566_min_MET_pt': [90.91429901123047, 10000000.0], '1100_1092': [215.0, 0.0], '1100_1092_passing_MET': [211.0, 0.0], '1100_1092_failing_MET': [4.0, 0.0], '1100_1092_min_MET_pt': [62.985103607177734, 10000000.0], '1052_1035': [995.0, 0.0], '1052_1035_passing_MET': [966.0, 0.0], '1052_1035_failing_MET': [29.0, 0.0], '1052_1035_min_MET_pt': [35.068885803222656, 10000000.0], '1052_1036': [151.0, 0.0], '1052_1036_passing_MET': [148.0, 0.0], '1052_1036_failing_MET': [3.0, 0.0], '1052_1036_min_MET_pt': [75.89847564697266, 10000000.0], '876_865': [0.0, 979.0], '876_865_passing_MET': [0.0, 951.0], '876_865_failing_MET': [0.0, 28.0], '876_865_min_MET_pt': [10000000.0, 33.698341369628906], '876_866': [0.0, 100.0], '876_866_passing_MET': [0.0, 97.0], '876_866_failing_MET': [0.0, 3.0], '876_866_min_MET_pt': [10000000.0, 16.337139129638672], '926_910': [0.0, 1124.0], '926_910_passing_MET': [0.0, 1105.0], '926_910_failing_MET': [0.0, 19.0], '926_910_min_MET_pt': [10000000.0, 53.589332580566406], '576_555': [901.0, 0.0], '576_555_passing_MET': [878.0, 0.0], '576_555_failing_MET': [23.0, 0.0], '576_555_min_MET_pt': [43.76708221435547, 10000000.0], '576_556': [156.0, 0.0], '576_556_passing_MET': [152.0, 0.0], '576_556_failing_MET': [4.0, 0.0], '576_556_min_MET_pt': [78.8024673461914, 10000000.0], '776_755': [917.0, 0.0], '776_755_passing_MET': [892.0, 0.0], '776_755_failing_MET': [25.0, 0.0], '776_755_min_MET_pt': [45.23107147216797, 10000000.0], '776_756': [177.0, 0.0], '776_756_passing_MET': [172.0, 0.0], '776_756_failing_MET': [5.0, 0.0], '776_756_min_MET_pt': [46.561927795410156, 10000000.0], '700_686': [130.0, 131.0], '700_686_passing_MET': [127.0, 129.0], '700_686_failing_MET': [3.0, 2.0], '700_686_min_MET_pt': [58.16585922241211, 52.78572463989258], '1076_1060': [0.0, 1150.0], '1076_1060_passing_MET': [0.0, 1129.0], '1076_1060_failing_MET': [0.0, 21.0], '1076_1060_min_MET_pt': [10000000.0, 62.28468322753906], '1052_1024': [0.0, 166.0], '1052_1024_passing_MET': [0.0, 162.0], '1052_1024_failing_MET': [0.0, 4.0], '1052_1024_min_MET_pt': [10000000.0, 40.21795654296875], '1052_1025': [0.0, 1053.0], '1052_1025_passing_MET': [0.0, 1028.0], '1052_1025_failing_MET': [0.0, 25.0], '1052_1025_min_MET_pt': [10000000.0, 34.82509994506836], '526_510': [974.0, 0.0], '526_510_passing_MET': [945.0, 0.0], '526_510_failing_MET': [29.0, 0.0], '526_510_min_MET_pt': [42.488914489746094, 10000000.0], '926_915': [0.0, 981.0], '926_915_passing_MET': [0.0, 957.0], '926_915_failing_MET': [0.0, 24.0], '926_915_min_MET_pt': [10000000.0, 48.38032531738281], '926_916': [0.0, 113.0], '926_916_passing_MET': [0.0, 111.0], '926_916_failing_MET': [0.0, 2.0], '926_916_min_MET_pt': [10000000.0, 17.262653350830078], '650_626': [0.0, 156.0], '650_626_passing_MET': [0.0, 152.0], '650_626_failing_MET': [0.0, 4.0], '650_626_min_MET_pt': [10000000.0, 53.37150955200195], '1000_986': [155.0, 0.0], '1000_986_passing_MET': [150.0, 0.0], '1000_986_failing_MET': [5.0, 0.0], '1000_986_min_MET_pt': [67.9272689819336, 10000000.0], '826_815': [1972.0, 0.0], '826_815_passing_MET': [1929.0, 0.0], '826_815_failing_MET': [43.0, 0.0], '826_815_min_MET_pt': [18.904739379882812, 10000000.0], '826_816': [197.0, 0.0], '826_816_passing_MET': [192.0, 0.0], '826_816_failing_MET': [5.0, 0.0], '826_816_min_MET_pt': [72.65982055664062, 10000000.0], '1024_1005': [1054.0, 0.0], '1024_1005_passing_MET': [1034.0, 0.0], '1024_1005_failing_MET': [20.0, 0.0], '1024_1005_min_MET_pt': [51.44279479980469, 10000000.0], '1024_1006': [169.0, 0.0], '1024_1006_passing_MET': [167.0, 0.0], '1024_1006_failing_MET': [2.0, 0.0], '1024_1006_min_MET_pt': [84.31202697753906, 10000000.0], '776_745': [950.0, 0.0], '776_745_passing_MET': [921.0, 0.0], '776_745_failing_MET': [29.0, 0.0], '776_745_min_MET_pt': [24.28326416015625, 10000000.0], '776_746': [198.0, 0.0], '776_746_passing_MET': [185.0, 0.0], '776_746_failing_MET': [13.0, 0.0], '776_746_min_MET_pt': [56.253196716308594, 10000000.0], '676_650': [0.0, 1052.0], '676_650_passing_MET': [0.0, 1020.0], '676_650_failing_MET': [0.0, 32.0], '676_650_min_MET_pt': [10000000.0, 25.759143829345703], '726_700': [1169.0, 1059.0], '726_700_passing_MET': [1135.0, 1024.0], '726_700_failing_MET': [34.0, 35.0], '726_700_min_MET_pt': [33.21928024291992, 47.039894104003906], '1024_1000': [1162.0, 0.0], '1024_1000_passing_MET': [1133.0, 0.0], '1024_1000_failing_MET': [29.0, 0.0], '1024_1000_min_MET_pt': [49.137603759765625, 10000000.0], '1052_1020': [1225.0, 0.0], '1052_1020_passing_MET': [1192.0, 0.0], '1052_1020_failing_MET': [33.0, 0.0], '1052_1020_min_MET_pt': [41.49262237548828, 10000000.0], '1100_1076': [186.0, 169.0], '1100_1076_passing_MET': [183.0, 163.0], '1100_1076_failing_MET': [3.0, 6.0], '1100_1076_min_MET_pt': [79.03556060791016, 73.02243041992188], '876_845': [0.0, 1020.0], '876_845_passing_MET': [0.0, 988.0], '876_845_failing_MET': [0.0, 32.0], '876_845_min_MET_pt': [10000000.0, 30.552244186401367], '876_846': [0.0, 184.0], '876_846_passing_MET': [0.0, 180.0], '876_846_failing_MET': [0.0, 4.0], '876_846_min_MET_pt': [10000000.0, 79.82451629638672], '750_726': [0.0, 172.0], '750_726_passing_MET': [0.0, 172.0], '750_726_failing_MET': [0.0, 0.0], '750_726_min_MET_pt': [10000000.0, 101.98831176757812], '576_545': [901.0, 0.0], '576_545_passing_MET': [869.0, 0.0], '576_545_failing_MET': [32.0, 0.0], '576_545_min_MET_pt': [12.02934455871582, 10000000.0], '576_546': [153.0, 0.0], '576_546_passing_MET': [146.0, 0.0], '576_546_failing_MET': [7.0, 0.0], '576_546_min_MET_pt': [63.91073989868164, 10000000.0], '1076_1065': [0.0, 1040.0], '1076_1065_passing_MET': [0.0, 1019.0], '1076_1065_failing_MET': [0.0, 21.0], '1076_1065_min_MET_pt': [10000000.0, 30.084035873413086], '1076_1064': [0.0, 109.0], '1076_1064_passing_MET': [0.0, 104.0], '1076_1064_failing_MET': [0.0, 5.0], '1076_1064_min_MET_pt': [10000000.0, 74.07991790771484], '1000_976': [171.0, 0.0], '1000_976_passing_MET': [168.0, 0.0], '1000_976_failing_MET': [3.0, 0.0], '1000_976_min_MET_pt': [90.11170196533203, 10000000.0], '626_610': [0.0, 2079.0], '626_610_passing_MET': [0.0, 2018.0], '626_610_failing_MET': [0.0, 61.0], '626_610_min_MET_pt': [10000000.0, 28.273988723754883], '700_676': [164.0, 164.0], '700_676_passing_MET': [160.0, 161.0], '700_676_failing_MET': [4.0, 3.0], '700_676_min_MET_pt': [94.34463500976562, 82.54247283935547], '850_826': [0.0, 190.0], '850_826_passing_MET': [0.0, 185.0], '850_826_failing_MET': [0.0, 5.0], '850_826_min_MET_pt': [10000000.0, 57.42681121826172], '676_655': [0.0, 916.0], '676_655_passing_MET': [0.0, 895.0], '676_655_failing_MET': [0.0, 21.0], '676_655_min_MET_pt': [10000000.0, 53.3793830871582], '676_656': [0.0, 133.0], '676_656_passing_MET': [0.0, 126.0], '676_656_failing_MET': [0.0, 7.0], '676_656_min_MET_pt': [10000000.0, 42.67109680175781]}
nevents_from_dict =  3610281246.2089252
Results saved to /afs/cern.ch/work/m/mleoncoe/private/stop_met_check/outputs_2018/nanoAOD_260.json
done
