i am in this directory
/pool/condor/dir_3660819
Python 3.9.23
3.9.23
 will run this python stop_check_met_eff.py /eos/user/m/mleoncoe/stop_event_check/privateNanoAod2018/nanoAOD_196.root /afs/cern.ch/work/m/mleoncoe/private/stop_met_check/outputs_2018/nanoAOD_196.json
event num1000
event num2000
event num3000
event num4000
event num5000
event num6000
event num7000
event num8000
event num9000
event num10000
event num11000
event num12000
event num13000
event num14000
event num15000
event num16000
event num17000
event num18000
event num19000
event num20000
event num21000
event num22000
event num23000
event num24000
event num25000
event num26000
event num27000
event num28000
event num29000
event num30000
event num31000
event num32000
event num33000
event num34000
event num35000
event num36000
event num37000
event num38000
event num39000
event num40000
event num41000
event num42000
event num43000
event num44000
event num45000
event num46000
event num47000
event num48000
event num49000
event num50000
event num51000
event num52000
event num53000
event num54000
event num55000
event num56000
event num57000
event num58000
event num59000
event num60000
event num61000
event num62000
event num63000
event num64000
event num65000
event num66000
event num67000
event num68000
event num69000
event num70000
event num71000
event num72000
event num73000
event num74000
event num75000
event num76000
event num77000
event num78000
event num79000
event num80000
event num81000
event num82000
event num83000
event num84000
event num85000
event num86000
event num87000
event num88000
event num89000
event num90000
event num91000
event num92000
event num93000
event num94000
event num95000
event num96000
event num97000
event num98000
event num99000
event num100000
event num101000
event num102000
event num103000
event num104000
event num105000
event num106000
event num107000
event num108000
event num109000
event num110000
event num111000
event num112000
event num113000
event num114000
event num115000
event num116000
event num117000
event num118000
event num119000
event num120000
event num121000
event num122000
event num123000
event num124000
event num125000
event num126000
event num127000
event num128000
event num129000
event num130000
event num131000
event num132000
event num133000
event num134000
event num135000
event num136000
event num137000
event num138000
event num139000
event num140000
event num141000
event num142000
event num143000
event num144000
event num145000
event num146000
event num147000
event num148000
event num149000
event num150000
event num151000
event num152000
event num153000
event num154000
event num155000
event num156000
event num157000
{'250_240': [2078.0, 0.0], '250_240_passing_MET': [2012.0, 0.0], '250_240_failing_MET': [66.0, 0.0], '250_240_min_MET_pt': [20.876319885253906, 10000000.0], '250_235': [721.0, 0.0], '250_235_passing_MET': [688.0, 0.0], '250_235_failing_MET': [33.0, 0.0], '250_235_min_MET_pt': [15.284560203552246, 10000000.0], '250_230': [0.0, 0.0], '250_230_passing_MET': [0.0, 0.0], '250_230_failing_MET': [0.0, 0.0], '250_230_min_MET_pt': [10000000.0, 10000000.0], '250_225': [0.0, 1514.0], '250_225_passing_MET': [0.0, 1434.0], '250_225_failing_MET': [0.0, 80.0], '250_225_min_MET_pt': [10000000.0, 12.712118148803711], '250_220': [0.0, 0.0], '250_220_passing_MET': [0.0, 0.0], '250_220_failing_MET': [0.0, 0.0], '250_220_min_MET_pt': [10000000.0, 10000000.0], '275_265': [766.0, 727.0], '275_265_passing_MET': [0.0, 0.0], '275_265_failing_MET': [0.0, 0.0], '275_265_min_MET_pt': [10000000.0, 10000000.0], '275_260': [778.0, 0.0], '275_260_passing_MET': [747.0, 0.0], '275_260_failing_MET': [31.0, 0.0], '275_260_min_MET_pt': [36.10849380493164, 10000000.0], '275_255': [0.0, 0.0], '275_255_passing_MET': [0.0, 0.0], '275_255_failing_MET': [0.0, 0.0], '275_255_min_MET_pt': [10000000.0, 10000000.0], '275_250': [0.0, 0.0], '275_250_passing_MET': [0.0, 0.0], '275_250_failing_MET': [0.0, 0.0], '275_250_min_MET_pt': [10000000.0, 10000000.0], '275_245': [0.0, 774.0], '275_245_passing_MET': [0.0, 726.0], '275_245_failing_MET': [0.0, 48.0], '275_245_min_MET_pt': [10000000.0, 18.71426010131836], '300_290': [2327.0, 0.0], '300_290_passing_MET': [2250.0, 0.0], '300_290_failing_MET': [77.0, 0.0], '300_290_min_MET_pt': [28.944608688354492, 10000000.0], '300_285': [0.0, 777.0], '300_285_passing_MET': [0.0, 749.0], '300_285_failing_MET': [0.0, 28.0], '300_285_min_MET_pt': [10000000.0, 42.34191131591797], '300_280': [0.0, 0.0], '300_280_passing_MET': [0.0, 0.0], '300_280_failing_MET': [0.0, 0.0], '300_280_min_MET_pt': [10000000.0, 10000000.0], '300_275': [0.0, 859.0], '300_275_passing_MET': [0.0, 823.0], '300_275_failing_MET': [0.0, 36.0], '300_275_min_MET_pt': [10000000.0, 26.6998348236084], '300_270': [0.0, 0.0], '300_270_passing_MET': [0.0, 0.0], '300_270_failing_MET': [0.0, 0.0], '300_270_min_MET_pt': [10000000.0, 10000000.0], '325_315': [1517.0, 0.0], '325_315_passing_MET': [1465.0, 0.0], '325_315_failing_MET': [52.0, 0.0], '325_315_min_MET_pt': [38.3609504699707, 10000000.0], '325_310': [0.0, 1652.0], '325_310_passing_MET': [0.0, 1597.0], '325_310_failing_MET': [0.0, 55.0], '325_310_min_MET_pt': [10000000.0, 12.612435340881348], '325_305': [0.0, 883.0], '325_305_passing_MET': [0.0, 863.0], '325_305_failing_MET': [0.0, 20.0], '325_305_min_MET_pt': [10000000.0, 33.05313491821289], '325_300': [0.0, 2638.0], '325_300_passing_MET': [0.0, 2532.0], '325_300_failing_MET': [0.0, 106.0], '325_300_min_MET_pt': [10000000.0, 22.109878540039062], '325_295': [0.0, 0.0], '325_295_passing_MET': [0.0, 0.0], '325_295_failing_MET': [0.0, 0.0], '325_295_min_MET_pt': [10000000.0, 10000000.0], '350_340': [0.0, 811.0], '350_340_passing_MET': [0.0, 784.0], '350_340_failing_MET': [0.0, 27.0], '350_340_min_MET_pt': [10000000.0, 44.603309631347656], '350_335': [0.0, 0.0], '350_335_passing_MET': [0.0, 0.0], '350_335_failing_MET': [0.0, 0.0], '350_335_min_MET_pt': [10000000.0, 10000000.0], '350_330': [0.0, 0.0], '350_330_passing_MET': [0.0, 0.0], '350_330_failing_MET': [0.0, 0.0], '350_330_min_MET_pt': [10000000.0, 10000000.0], '350_325': [0.0, 0.0], '350_325_passing_MET': [0.0, 0.0], '350_325_failing_MET': [0.0, 0.0], '350_325_min_MET_pt': [10000000.0, 10000000.0], '350_320': [0.0, 0.0], '350_320_passing_MET': [0.0, 0.0], '350_320_failing_MET': [0.0, 0.0], '350_320_min_MET_pt': [10000000.0, 10000000.0], '375_365': [885.0, 2606.0], '375_365_passing_MET': [0.0, 0.0], '375_365_failing_MET': [0.0, 0.0], '375_365_min_MET_pt': [10000000.0, 10000000.0], '375_360': [0.0, 0.0], '375_360_passing_MET': [0.0, 0.0], '375_360_failing_MET': [0.0, 0.0], '375_360_min_MET_pt': [10000000.0, 10000000.0], '375_355': [0.0, 0.0], '375_355_passing_MET': [0.0, 0.0], '375_355_failing_MET': [0.0, 0.0], '375_355_min_MET_pt': [10000000.0, 10000000.0], '375_350': [885.0, 896.0], '375_350_passing_MET': [0.0, 0.0], '375_350_failing_MET': [0.0, 0.0], '375_350_min_MET_pt': [10000000.0, 10000000.0], '375_345': [938.0, 922.0], '375_345_passing_MET': [0.0, 0.0], '375_345_failing_MET': [0.0, 0.0], '375_345_min_MET_pt': [10000000.0, 10000000.0], '400_390': [0.0, 0.0], '400_390_passing_MET': [0.0, 0.0], '400_390_failing_MET': [0.0, 0.0], '400_390_min_MET_pt': [10000000.0, 10000000.0], '400_385': [0.0, 886.0], '400_385_passing_MET': [0.0, 862.0], '400_385_failing_MET': [0.0, 24.0], '400_385_min_MET_pt': [10000000.0, 33.37485885620117], '400_380': [0.0, 0.0], '400_380_passing_MET': [0.0, 0.0], '400_380_failing_MET': [0.0, 0.0], '400_380_min_MET_pt': [10000000.0, 10000000.0], '400_375': [0.0, 0.0], '400_375_passing_MET': [0.0, 0.0], '400_375_failing_MET': [0.0, 0.0], '400_375_min_MET_pt': [10000000.0, 10000000.0], '400_370': [917.0, 0.0], '400_370_passing_MET': [876.0, 0.0], '400_370_failing_MET': [41.0, 0.0], '400_370_min_MET_pt': [23.258455276489258, 10000000.0], '425_415': [0.0, 0.0], '425_415_passing_MET': [0.0, 0.0], '425_415_failing_MET': [0.0, 0.0], '425_415_min_MET_pt': [10000000.0, 10000000.0], '425_410': [0.0, 0.0], '425_410_passing_MET': [0.0, 0.0], '425_410_failing_MET': [0.0, 0.0], '425_410_min_MET_pt': [10000000.0, 10000000.0], '425_405': [936.0, 0.0], '425_405_passing_MET': [903.0, 0.0], '425_405_failing_MET': [33.0, 0.0], '425_405_min_MET_pt': [36.36669921875, 10000000.0], '425_400': [0.0, 0.0], '425_400_passing_MET': [0.0, 0.0], '425_400_failing_MET': [0.0, 0.0], '425_400_min_MET_pt': [10000000.0, 10000000.0], '425_395': [0.0, 967.0], '425_395_passing_MET': [0.0, 926.0], '425_395_failing_MET': [0.0, 41.0], '425_395_min_MET_pt': [10000000.0, 10.425503730773926], '450_440': [943.0, 1785.0], '450_440_passing_MET': [0.0, 0.0], '450_440_failing_MET': [0.0, 0.0], '450_440_min_MET_pt': [10000000.0, 10000000.0], '450_435': [921.0, 0.0], '450_435_passing_MET': [884.0, 0.0], '450_435_failing_MET': [37.0, 0.0], '450_435_min_MET_pt': [27.975866317749023, 10000000.0], '450_430': [0.0, 0.0], '450_430_passing_MET': [0.0, 0.0], '450_430_failing_MET': [0.0, 0.0], '450_430_min_MET_pt': [10000000.0, 10000000.0], '450_425': [0.0, 1009.0], '450_425_passing_MET': [0.0, 967.0], '450_425_failing_MET': [0.0, 42.0], '450_425_min_MET_pt': [10000000.0, 38.24294662475586], '450_420': [986.0, 0.0], '450_420_passing_MET': [949.0, 0.0], '450_420_failing_MET': [37.0, 0.0], '450_420_min_MET_pt': [28.60880470275879, 10000000.0], '475_465': [2820.0, 3688.0], '475_465_passing_MET': [0.0, 0.0], '475_465_failing_MET': [0.0, 0.0], '475_465_min_MET_pt': [10000000.0, 10000000.0], '475_460': [1008.0, 0.0], '475_460_passing_MET': [975.0, 0.0], '475_460_failing_MET': [33.0, 0.0], '475_460_min_MET_pt': [29.607288360595703, 10000000.0], '475_455': [0.0, 987.0], '475_455_passing_MET': [0.0, 956.0], '475_455_failing_MET': [0.0, 31.0], '475_455_min_MET_pt': [10000000.0, 26.06403160095215], '475_450': [0.0, 0.0], '475_450_passing_MET': [0.0, 0.0], '475_450_failing_MET': [0.0, 0.0], '475_450_min_MET_pt': [10000000.0, 10000000.0], '475_445': [0.0, 0.0], '475_445_passing_MET': [0.0, 0.0], '475_445_failing_MET': [0.0, 0.0], '475_445_min_MET_pt': [10000000.0, 10000000.0], '500_490': [918.0, 907.0], '500_490_passing_MET': [0.0, 0.0], '500_490_failing_MET': [0.0, 0.0], '500_490_min_MET_pt': [10000000.0, 10000000.0], '500_485': [0.0, 0.0], '500_485_passing_MET': [0.0, 0.0], '500_485_failing_MET': [0.0, 0.0], '500_485_min_MET_pt': [10000000.0, 10000000.0], '500_480': [1049.0, 984.0], '500_480_passing_MET': [0.0, 0.0], '500_480_failing_MET': [0.0, 0.0], '500_480_min_MET_pt': [10000000.0, 10000000.0], '500_475': [0.0, 0.0], '500_475_passing_MET': [0.0, 0.0], '500_475_failing_MET': [0.0, 0.0], '500_475_min_MET_pt': [10000000.0, 10000000.0], '500_470': [0.0, 0.0], '500_470_passing_MET': [0.0, 0.0], '500_470_failing_MET': [0.0, 0.0], '500_470_min_MET_pt': [10000000.0, 10000000.0], '525_515': [0.0, 0.0], '525_515_passing_MET': [0.0, 0.0], '525_515_failing_MET': [0.0, 0.0], '525_515_min_MET_pt': [10000000.0, 10000000.0], '525_510': [0.0, 0.0], '525_510_passing_MET': [0.0, 0.0], '525_510_failing_MET': [0.0, 0.0], '525_510_min_MET_pt': [10000000.0, 10000000.0], '525_505': [0.0, 0.0], '525_505_passing_MET': [0.0, 0.0], '525_505_failing_MET': [0.0, 0.0], '525_505_min_MET_pt': [10000000.0, 10000000.0], '525_500': [0.0, 0.0], '525_500_passing_MET': [0.0, 0.0], '525_500_failing_MET': [0.0, 0.0], '525_500_min_MET_pt': [10000000.0, 10000000.0], '525_495': [0.0, 0.0], '525_495_passing_MET': [0.0, 0.0], '525_495_failing_MET': [0.0, 0.0], '525_495_min_MET_pt': [10000000.0, 10000000.0], '550_540': [959.0, 1938.0], '550_540_passing_MET': [0.0, 0.0], '550_540_failing_MET': [0.0, 0.0], '550_540_min_MET_pt': [10000000.0, 10000000.0], '550_535': [0.0, 0.0], '550_535_passing_MET': [0.0, 0.0], '550_535_failing_MET': [0.0, 0.0], '550_535_min_MET_pt': [10000000.0, 10000000.0], '550_530': [2049.0, 0.0], '550_530_passing_MET': [1988.0, 0.0], '550_530_failing_MET': [61.0, 0.0], '550_530_min_MET_pt': [20.118375778198242, 10000000.0], '550_525': [818.0, 0.0], '550_525_passing_MET': [789.0, 0.0], '550_525_failing_MET': [29.0, 0.0], '550_525_min_MET_pt': [34.85707473754883, 10000000.0], '550_520': [1027.0, 0.0], '550_520_passing_MET': [995.0, 0.0], '550_520_failing_MET': [32.0, 0.0], '550_520_min_MET_pt': [46.88605880737305, 10000000.0], '575_565': [0.0, 0.0], '575_565_passing_MET': [0.0, 0.0], '575_565_failing_MET': [0.0, 0.0], '575_565_min_MET_pt': [10000000.0, 10000000.0], '575_560': [0.0, 0.0], '575_560_passing_MET': [0.0, 0.0], '575_560_failing_MET': [0.0, 0.0], '575_560_min_MET_pt': [10000000.0, 10000000.0], '575_555': [0.0, 0.0], '575_555_passing_MET': [0.0, 0.0], '575_555_failing_MET': [0.0, 0.0], '575_555_min_MET_pt': [10000000.0, 10000000.0], '575_550': [0.0, 0.0], '575_550_passing_MET': [0.0, 0.0], '575_550_failing_MET': [0.0, 0.0], '575_550_min_MET_pt': [10000000.0, 10000000.0], '575_545': [0.0, 0.0], '575_545_passing_MET': [0.0, 0.0], '575_545_failing_MET': [0.0, 0.0], '575_545_min_MET_pt': [10000000.0, 10000000.0], '600_590': [1998.0, 0.0], '600_590_passing_MET': [1954.0, 0.0], '600_590_failing_MET': [44.0, 0.0], '600_590_min_MET_pt': [25.213172912597656, 10000000.0], '600_585': [916.0, 0.0], '600_585_passing_MET': [892.0, 0.0], '600_585_failing_MET': [24.0, 0.0], '600_585_min_MET_pt': [15.753203392028809, 10000000.0], '600_580': [0.0, 0.0], '600_580_passing_MET': [0.0, 0.0], '600_580_failing_MET': [0.0, 0.0], '600_580_min_MET_pt': [10000000.0, 10000000.0], '600_575': [0.0, 0.0], '600_575_passing_MET': [0.0, 0.0], '600_575_failing_MET': [0.0, 0.0], '600_575_min_MET_pt': [10000000.0, 10000000.0], '600_570': [0.0, 1067.0], '600_570_passing_MET': [0.0, 1038.0], '600_570_failing_MET': [0.0, 29.0], '600_570_min_MET_pt': [10000000.0, 25.45721435546875], '625_615': [0.0, 0.0], '625_615_passing_MET': [0.0, 0.0], '625_615_failing_MET': [0.0, 0.0], '625_615_min_MET_pt': [10000000.0, 10000000.0], '625_610': [0.0, 0.0], '625_610_passing_MET': [0.0, 0.0], '625_610_failing_MET': [0.0, 0.0], '625_610_min_MET_pt': [10000000.0, 10000000.0], '625_605': [0.0, 0.0], '625_605_passing_MET': [0.0, 0.0], '625_605_failing_MET': [0.0, 0.0], '625_605_min_MET_pt': [10000000.0, 10000000.0], '625_600': [0.0, 0.0], '625_600_passing_MET': [0.0, 0.0], '625_600_failing_MET': [0.0, 0.0], '625_600_min_MET_pt': [10000000.0, 10000000.0], '625_595': [0.0, 0.0], '625_595_passing_MET': [0.0, 0.0], '625_595_failing_MET': [0.0, 0.0], '625_595_min_MET_pt': [10000000.0, 10000000.0], '650_640': [1036.0, 1062.0], '650_640_passing_MET': [0.0, 0.0], '650_640_failing_MET': [0.0, 0.0], '650_640_min_MET_pt': [10000000.0, 10000000.0], '650_635': [0.0, 0.0], '650_635_passing_MET': [0.0, 0.0], '650_635_failing_MET': [0.0, 0.0], '650_635_min_MET_pt': [10000000.0, 10000000.0], '650_630': [0.0, 0.0], '650_630_passing_MET': [0.0, 0.0], '650_630_failing_MET': [0.0, 0.0], '650_630_min_MET_pt': [10000000.0, 10000000.0], '650_625': [0.0, 955.0], '650_625_passing_MET': [0.0, 932.0], '650_625_failing_MET': [0.0, 23.0], '650_625_min_MET_pt': [10000000.0, 29.138477325439453], '650_620': [0.0, 0.0], '650_620_passing_MET': [0.0, 0.0], '650_620_failing_MET': [0.0, 0.0], '650_620_min_MET_pt': [10000000.0, 10000000.0], '675_665': [0.0, 0.0], '675_665_passing_MET': [0.0, 0.0], '675_665_failing_MET': [0.0, 0.0], '675_665_min_MET_pt': [10000000.0, 10000000.0], '675_660': [0.0, 0.0], '675_660_passing_MET': [0.0, 0.0], '675_660_failing_MET': [0.0, 0.0], '675_660_min_MET_pt': [10000000.0, 10000000.0], '675_655': [0.0, 0.0], '675_655_passing_MET': [0.0, 0.0], '675_655_failing_MET': [0.0, 0.0], '675_655_min_MET_pt': [10000000.0, 10000000.0], '675_650': [0.0, 0.0], '675_650_passing_MET': [0.0, 0.0], '675_650_failing_MET': [0.0, 0.0], '675_650_min_MET_pt': [10000000.0, 10000000.0], '675_645': [0.0, 0.0], '675_645_passing_MET': [0.0, 0.0], '675_645_failing_MET': [0.0, 0.0], '675_645_min_MET_pt': [10000000.0, 10000000.0], '700_690': [6210.0, 1014.0], '700_690_passing_MET': [0.0, 0.0], '700_690_failing_MET': [0.0, 0.0], '700_690_min_MET_pt': [10000000.0, 10000000.0], '700_685': [925.0, 0.0], '700_685_passing_MET': [893.0, 0.0], '700_685_failing_MET': [32.0, 0.0], '700_685_min_MET_pt': [55.03227615356445, 10000000.0], '700_680': [0.0, 0.0], '700_680_passing_MET': [0.0, 0.0], '700_680_failing_MET': [0.0, 0.0], '700_680_min_MET_pt': [10000000.0, 10000000.0], '700_675': [0.0, 0.0], '700_675_passing_MET': [0.0, 0.0], '700_675_failing_MET': [0.0, 0.0], '700_675_min_MET_pt': [10000000.0, 10000000.0], '700_670': [1076.0, 0.0], '700_670_passing_MET': [1039.0, 0.0], '700_670_failing_MET': [37.0, 0.0], '700_670_min_MET_pt': [54.724178314208984, 10000000.0], '725_715': [0.0, 0.0], '725_715_passing_MET': [0.0, 0.0], '725_715_failing_MET': [0.0, 0.0], '725_715_min_MET_pt': [10000000.0, 10000000.0], '725_710': [0.0, 0.0], '725_710_passing_MET': [0.0, 0.0], '725_710_failing_MET': [0.0, 0.0], '725_710_min_MET_pt': [10000000.0, 10000000.0], '725_705': [0.0, 0.0], '725_705_passing_MET': [0.0, 0.0], '725_705_failing_MET': [0.0, 0.0], '725_705_min_MET_pt': [10000000.0, 10000000.0], '725_700': [0.0, 0.0], '725_700_passing_MET': [0.0, 0.0], '725_700_failing_MET': [0.0, 0.0], '725_700_min_MET_pt': [10000000.0, 10000000.0], '725_695': [0.0, 0.0], '725_695_passing_MET': [0.0, 0.0], '725_695_failing_MET': [0.0, 0.0], '725_695_min_MET_pt': [10000000.0, 10000000.0], '750_740': [0.0, 1064.0], '750_740_passing_MET': [0.0, 1038.0], '750_740_failing_MET': [0.0, 26.0], '750_740_min_MET_pt': [10000000.0, 11.046829223632812], '750_735': [0.0, 0.0], '750_735_passing_MET': [0.0, 0.0], '750_735_failing_MET': [0.0, 0.0], '750_735_min_MET_pt': [10000000.0, 10000000.0], '750_730': [0.0, 0.0], '750_730_passing_MET': [0.0, 0.0], '750_730_failing_MET': [0.0, 0.0], '750_730_min_MET_pt': [10000000.0, 10000000.0], '750_725': [0.0, 948.0], '750_725_passing_MET': [0.0, 928.0], '750_725_failing_MET': [0.0, 20.0], '750_725_min_MET_pt': [10000000.0, 52.88260269165039], '750_720': [0.0, 0.0], '750_720_passing_MET': [0.0, 0.0], '750_720_failing_MET': [0.0, 0.0], '750_720_min_MET_pt': [10000000.0, 10000000.0], '775_765': [0.0, 0.0], '775_765_passing_MET': [0.0, 0.0], '775_765_failing_MET': [0.0, 0.0], '775_765_min_MET_pt': [10000000.0, 10000000.0], '775_760': [0.0, 0.0], '775_760_passing_MET': [0.0, 0.0], '775_760_failing_MET': [0.0, 0.0], '775_760_min_MET_pt': [10000000.0, 10000000.0], '775_755': [0.0, 0.0], '775_755_passing_MET': [0.0, 0.0], '775_755_failing_MET': [0.0, 0.0], '775_755_min_MET_pt': [10000000.0, 10000000.0], '775_750': [0.0, 0.0], '775_750_passing_MET': [0.0, 0.0], '775_750_failing_MET': [0.0, 0.0], '775_750_min_MET_pt': [10000000.0, 10000000.0], '775_745': [0.0, 0.0], '775_745_passing_MET': [0.0, 0.0], '775_745_failing_MET': [0.0, 0.0], '775_745_min_MET_pt': [10000000.0, 10000000.0], '800_790': [0.0, 0.0], '800_790_passing_MET': [0.0, 0.0], '800_790_failing_MET': [0.0, 0.0], '800_790_min_MET_pt': [10000000.0, 10000000.0], '800_785': [0.0, 0.0], '800_785_passing_MET': [0.0, 0.0], '800_785_failing_MET': [0.0, 0.0], '800_785_min_MET_pt': [10000000.0, 10000000.0], '800_780': [0.0, 0.0], '800_780_passing_MET': [0.0, 0.0], '800_780_failing_MET': [0.0, 0.0], '800_780_min_MET_pt': [10000000.0, 10000000.0], '800_775': [0.0, 0.0], '800_775_passing_MET': [0.0, 0.0], '800_775_failing_MET': [0.0, 0.0], '800_775_min_MET_pt': [10000000.0, 10000000.0], '800_770': [2293.0, 1161.0], '800_770_passing_MET': [0.0, 0.0], '800_770_failing_MET': [0.0, 0.0], '800_770_min_MET_pt': [10000000.0, 10000000.0], '825_815': [0.0, 0.0], '825_815_passing_MET': [0.0, 0.0], '825_815_failing_MET': [0.0, 0.0], '825_815_min_MET_pt': [10000000.0, 10000000.0], '825_810': [0.0, 0.0], '825_810_passing_MET': [0.0, 0.0], '825_810_failing_MET': [0.0, 0.0], '825_810_min_MET_pt': [10000000.0, 10000000.0], '825_805': [0.0, 0.0], '825_805_passing_MET': [0.0, 0.0], '825_805_failing_MET': [0.0, 0.0], '825_805_min_MET_pt': [10000000.0, 10000000.0], '825_800': [0.0, 0.0], '825_800_passing_MET': [0.0, 0.0], '825_800_failing_MET': [0.0, 0.0], '825_800_min_MET_pt': [10000000.0, 10000000.0], '825_795': [0.0, 0.0], '825_795_passing_MET': [0.0, 0.0], '825_795_failing_MET': [0.0, 0.0], '825_795_min_MET_pt': [10000000.0, 10000000.0], '850_840': [1094.0, 0.0], '850_840_passing_MET': [1066.0, 0.0], '850_840_failing_MET': [28.0, 0.0], '850_840_min_MET_pt': [11.423659324645996, 10000000.0], '850_835': [961.0, 0.0], '850_835_passing_MET': [934.0, 0.0], '850_835_failing_MET': [27.0, 0.0], '850_835_min_MET_pt': [41.49580764770508, 10000000.0], '850_830': [0.0, 0.0], '850_830_passing_MET': [0.0, 0.0], '850_830_failing_MET': [0.0, 0.0], '850_830_min_MET_pt': [10000000.0, 10000000.0], '850_825': [0.0, 0.0], '850_825_passing_MET': [0.0, 0.0], '850_825_failing_MET': [0.0, 0.0], '850_825_min_MET_pt': [10000000.0, 10000000.0], '850_820': [1184.0, 1166.0], '850_820_passing_MET': [0.0, 0.0], '850_820_failing_MET': [0.0, 0.0], '850_820_min_MET_pt': [10000000.0, 10000000.0], '875_865': [0.0, 0.0], '875_865_passing_MET': [0.0, 0.0], '875_865_failing_MET': [0.0, 0.0], '875_865_min_MET_pt': [10000000.0, 10000000.0], '875_860': [0.0, 0.0], '875_860_passing_MET': [0.0, 0.0], '875_860_failing_MET': [0.0, 0.0], '875_860_min_MET_pt': [10000000.0, 10000000.0], '875_855': [0.0, 0.0], '875_855_passing_MET': [0.0, 0.0], '875_855_failing_MET': [0.0, 0.0], '875_855_min_MET_pt': [10000000.0, 10000000.0], '875_850': [0.0, 0.0], '875_850_passing_MET': [0.0, 0.0], '875_850_failing_MET': [0.0, 0.0], '875_850_min_MET_pt': [10000000.0, 10000000.0], '875_845': [0.0, 0.0], '875_845_passing_MET': [0.0, 0.0], '875_845_failing_MET': [0.0, 0.0], '875_845_min_MET_pt': [10000000.0, 10000000.0], '900_890': [2190.0, 1140.0], '900_890_passing_MET': [0.0, 0.0], '900_890_failing_MET': [0.0, 0.0], '900_890_min_MET_pt': [10000000.0, 10000000.0], '900_885': [0.0, 996.0], '900_885_passing_MET': [0.0, 963.0], '900_885_failing_MET': [0.0, 33.0], '900_885_min_MET_pt': [10000000.0, 12.022595405578613], '900_880': [0.0, 0.0], '900_880_passing_MET': [0.0, 0.0], '900_880_failing_MET': [0.0, 0.0], '900_880_min_MET_pt': [10000000.0, 10000000.0], '900_875': [0.0, 0.0], '900_875_passing_MET': [0.0, 0.0], '900_875_failing_MET': [0.0, 0.0], '900_875_min_MET_pt': [10000000.0, 10000000.0], '900_870': [0.0, 0.0], '900_870_passing_MET': [0.0, 0.0], '900_870_failing_MET': [0.0, 0.0], '900_870_min_MET_pt': [10000000.0, 10000000.0], '925_915': [0.0, 0.0], '925_915_passing_MET': [0.0, 0.0], '925_915_failing_MET': [0.0, 0.0], '925_915_min_MET_pt': [10000000.0, 10000000.0], '925_910': [0.0, 0.0], '925_910_passing_MET': [0.0, 0.0], '925_910_failing_MET': [0.0, 0.0], '925_910_min_MET_pt': [10000000.0, 10000000.0], '925_905': [0.0, 0.0], '925_905_passing_MET': [0.0, 0.0], '925_905_failing_MET': [0.0, 0.0], '925_905_min_MET_pt': [10000000.0, 10000000.0], '925_900': [0.0, 0.0], '925_900_passing_MET': [0.0, 0.0], '925_900_failing_MET': [0.0, 0.0], '925_900_min_MET_pt': [10000000.0, 10000000.0], '925_895': [0.0, 0.0], '925_895_passing_MET': [0.0, 0.0], '925_895_failing_MET': [0.0, 0.0], '925_895_min_MET_pt': [10000000.0, 10000000.0], '950_940': [0.0, 1108.0], '950_940_passing_MET': [0.0, 1087.0], '950_940_failing_MET': [0.0, 21.0], '950_940_min_MET_pt': [10000000.0, 40.171329498291016], '950_935': [0.0, 0.0], '950_935_passing_MET': [0.0, 0.0], '950_935_failing_MET': [0.0, 0.0], '950_935_min_MET_pt': [10000000.0, 10000000.0], '950_930': [1103.0, 0.0], '950_930_passing_MET': [1074.0, 0.0], '950_930_failing_MET': [29.0, 0.0], '950_930_min_MET_pt': [55.0298957824707, 10000000.0], '950_925': [1004.0, 0.0], '950_925_passing_MET': [973.0, 0.0], '950_925_failing_MET': [31.0, 0.0], '950_925_min_MET_pt': [41.95585632324219, 10000000.0], '950_920': [0.0, 0.0], '950_920_passing_MET': [0.0, 0.0], '950_920_failing_MET': [0.0, 0.0], '950_920_min_MET_pt': [10000000.0, 10000000.0], '975_965': [0.0, 0.0], '975_965_passing_MET': [0.0, 0.0], '975_965_failing_MET': [0.0, 0.0], '975_965_min_MET_pt': [10000000.0, 10000000.0], '975_960': [0.0, 0.0], '975_960_passing_MET': [0.0, 0.0], '975_960_failing_MET': [0.0, 0.0], '975_960_min_MET_pt': [10000000.0, 10000000.0], '975_955': [0.0, 0.0], '975_955_passing_MET': [0.0, 0.0], '975_955_failing_MET': [0.0, 0.0], '975_955_min_MET_pt': [10000000.0, 10000000.0], '975_950': [0.0, 0.0], '975_950_passing_MET': [0.0, 0.0], '975_950_failing_MET': [0.0, 0.0], '975_950_min_MET_pt': [10000000.0, 10000000.0], '975_945': [0.0, 0.0], '975_945_passing_MET': [0.0, 0.0], '975_945_failing_MET': [0.0, 0.0], '975_945_min_MET_pt': [10000000.0, 10000000.0], '1000_990': [0.0, 0.0], '1000_990_passing_MET': [0.0, 0.0], '1000_990_failing_MET': [0.0, 0.0], '1000_990_min_MET_pt': [10000000.0, 10000000.0], '1000_985': [0.0, 0.0], '1000_985_passing_MET': [0.0, 0.0], '1000_985_failing_MET': [0.0, 0.0], '1000_985_min_MET_pt': [10000000.0, 10000000.0], '1000_980': [0.0, 0.0], '1000_980_passing_MET': [0.0, 0.0], '1000_980_failing_MET': [0.0, 0.0], '1000_980_min_MET_pt': [10000000.0, 10000000.0], '1000_975': [0.0, 0.0], '1000_975_passing_MET': [0.0, 0.0], '1000_975_failing_MET': [0.0, 0.0], '1000_975_min_MET_pt': [10000000.0, 10000000.0], '1000_970': [1147.0, 0.0], '1000_970_passing_MET': [1122.0, 0.0], '1000_970_failing_MET': [25.0, 0.0], '1000_970_min_MET_pt': [23.844223022460938, 10000000.0], '1025_1015': [0.0, 0.0], '1025_1015_passing_MET': [0.0, 0.0], '1025_1015_failing_MET': [0.0, 0.0], '1025_1015_min_MET_pt': [10000000.0, 10000000.0], '1025_1010': [0.0, 0.0], '1025_1010_passing_MET': [0.0, 0.0], '1025_1010_failing_MET': [0.0, 0.0], '1025_1010_min_MET_pt': [10000000.0, 10000000.0], '1025_1005': [0.0, 0.0], '1025_1005_passing_MET': [0.0, 0.0], '1025_1005_failing_MET': [0.0, 0.0], '1025_1005_min_MET_pt': [10000000.0, 10000000.0], '1025_1000': [0.0, 0.0], '1025_1000_passing_MET': [0.0, 0.0], '1025_1000_failing_MET': [0.0, 0.0], '1025_1000_min_MET_pt': [10000000.0, 10000000.0], '1025_995': [0.0, 0.0], '1025_995_passing_MET': [0.0, 0.0], '1025_995_failing_MET': [0.0, 0.0], '1025_995_min_MET_pt': [10000000.0, 10000000.0], '1050_1040': [0.0, 0.0], '1050_1040_passing_MET': [0.0, 0.0], '1050_1040_failing_MET': [0.0, 0.0], '1050_1040_min_MET_pt': [10000000.0, 10000000.0], '1050_1035': [0.0, 0.0], '1050_1035_passing_MET': [0.0, 0.0], '1050_1035_failing_MET': [0.0, 0.0], '1050_1035_min_MET_pt': [10000000.0, 10000000.0], '1050_1030': [0.0, 0.0], '1050_1030_passing_MET': [0.0, 0.0], '1050_1030_failing_MET': [0.0, 0.0], '1050_1030_min_MET_pt': [10000000.0, 10000000.0], '1050_1025': [0.0, 0.0], '1050_1025_passing_MET': [0.0, 0.0], '1050_1025_failing_MET': [0.0, 0.0], '1050_1025_min_MET_pt': [10000000.0, 10000000.0], '1050_1020': [0.0, 0.0], '1050_1020_passing_MET': [0.0, 0.0], '1050_1020_failing_MET': [0.0, 0.0], '1050_1020_min_MET_pt': [10000000.0, 10000000.0], '1075_1065': [0.0, 0.0], '1075_1065_passing_MET': [0.0, 0.0], '1075_1065_failing_MET': [0.0, 0.0], '1075_1065_min_MET_pt': [10000000.0, 10000000.0], '1075_1060': [0.0, 0.0], '1075_1060_passing_MET': [0.0, 0.0], '1075_1060_failing_MET': [0.0, 0.0], '1075_1060_min_MET_pt': [10000000.0, 10000000.0], '1075_1055': [0.0, 0.0], '1075_1055_passing_MET': [0.0, 0.0], '1075_1055_failing_MET': [0.0, 0.0], '1075_1055_min_MET_pt': [10000000.0, 10000000.0], '1075_1050': [0.0, 0.0], '1075_1050_passing_MET': [0.0, 0.0], '1075_1050_failing_MET': [0.0, 0.0], '1075_1050_min_MET_pt': [10000000.0, 10000000.0], '1075_1045': [0.0, 0.0], '1075_1045_passing_MET': [0.0, 0.0], '1075_1045_failing_MET': [0.0, 0.0], '1075_1045_min_MET_pt': [10000000.0, 10000000.0], '1100_1090': [3036.0, 1052.0], '1100_1090_passing_MET': [0.0, 0.0], '1100_1090_failing_MET': [0.0, 0.0], '1100_1090_min_MET_pt': [10000000.0, 10000000.0], '1100_1085': [1044.0, 0.0], '1100_1085_passing_MET': [1024.0, 0.0], '1100_1085_failing_MET': [20.0, 0.0], '1100_1085_min_MET_pt': [54.485939025878906, 10000000.0], '1100_1080': [0.0, 1170.0], '1100_1080_passing_MET': [0.0, 1144.0], '1100_1080_failing_MET': [0.0, 26.0], '1100_1080_min_MET_pt': [10000000.0, 45.374855041503906], '1100_1075': [0.0, 0.0], '1100_1075_passing_MET': [0.0, 0.0], '1100_1075_failing_MET': [0.0, 0.0], '1100_1075_min_MET_pt': [10000000.0, 10000000.0], '1100_1070': [1054.0, 1005.0], '1100_1070_passing_MET': [0.0, 0.0], '1100_1070_failing_MET': [0.0, 0.0], '1100_1070_min_MET_pt': [10000000.0, 10000000.0], 'nEventsTotal': 157369.0, 'strange masspoints': 0.0, 'orphans': 0.0, 'R-hadron event': 0.0, 'different stop antistop masses': 0.0, 'strange error': 0.0, 'strange event': 0.0, 'different neutralino masses': 10625.0, 'large differences': 0.0, '826_810': [1074.0, 3245.0], '826_810_passing_MET': [1036.0, 3154.0], '826_810_failing_MET': [38.0, 91.0], '826_810_min_MET_pt': [28.96930694580078, 21.78814697265625], '1024_1015': [0.0, 1058.0], '1024_1015_passing_MET': [0.0, 1036.0], '1024_1015_failing_MET': [0.0, 22.0], '1024_1015_min_MET_pt': [10000000.0, 39.84612274169922], '1024_1016': [0.0, 99.0], '1024_1016_passing_MET': [0.0, 97.0], '1024_1016_failing_MET': [0.0, 2.0], '1024_1016_min_MET_pt': [10000000.0, 72.165283203125], '1100_1084': [146.0, 0.0], '1100_1084_passing_MET': [143.0, 0.0], '1100_1084_failing_MET': [3.0, 0.0], '1100_1084_min_MET_pt': [21.638906478881836, 10000000.0], '926_896': [179.0, 198.0], '926_896_passing_MET': [176.0, 190.0], '926_896_failing_MET': [3.0, 8.0], '926_896_min_MET_pt': [82.45291900634766, 24.983356475830078], '926_895': [920.0, 1000.0], '926_895_passing_MET': [890.0, 981.0], '926_895_failing_MET': [30.0, 19.0], '926_895_min_MET_pt': [38.341590881347656, 55.618309020996094], '1076_1065': [2034.0, 0.0], '1076_1065_passing_MET': [1976.0, 0.0], '1076_1065_failing_MET': [58.0, 0.0], '1076_1065_min_MET_pt': [21.64901351928711, 10000000.0], '1076_1064': [239.0, 0.0], '1076_1064_passing_MET': [233.0, 0.0], '1076_1064_failing_MET': [6.0, 0.0], '1076_1064_min_MET_pt': [57.07038879394531, 10000000.0], '776_765': [1899.0, 1969.0], '776_765_passing_MET': [1856.0, 1919.0], '776_765_failing_MET': [43.0, 50.0], '776_765_min_MET_pt': [33.49762725830078, 10.113389015197754], '776_766': [188.0, 201.0], '776_766_passing_MET': [180.0, 200.0], '776_766_failing_MET': [8.0, 1.0], '776_766_min_MET_pt': [46.248477935791016, 62.94956970214844], '976_945': [0.0, 2030.0], '976_945_passing_MET': [0.0, 1977.0], '976_945_failing_MET': [0.0, 53.0], '976_945_min_MET_pt': [10000000.0, 6.690041542053223], '976_946': [0.0, 380.0], '976_946_passing_MET': [0.0, 370.0], '976_946_failing_MET': [0.0, 10.0], '976_946_min_MET_pt': [10000000.0, 63.45951843261719], '950_926': [169.0, 0.0], '950_926_passing_MET': [164.0, 0.0], '950_926_failing_MET': [5.0, 0.0], '950_926_min_MET_pt': [76.6483383178711, 10000000.0], '626_605': [1789.0, 886.0], '626_605_passing_MET': [1737.0, 855.0], '626_605_failing_MET': [52.0, 31.0], '626_605_min_MET_pt': [32.82115936279297, 32.178436279296875], '626_606': [283.0, 135.0], '626_606_passing_MET': [273.0, 129.0], '626_606_failing_MET': [10.0, 6.0], '626_606_min_MET_pt': [49.67329788208008, 26.165010452270508], '776_760': [2187.0, 1055.0], '776_760_passing_MET': [2142.0, 1026.0], '776_760_failing_MET': [45.0, 29.0], '776_760_min_MET_pt': [45.25946807861328, 35.34354782104492], '826_795': [960.0, 0.0], '826_795_passing_MET': [921.0, 0.0], '826_795_failing_MET': [39.0, 0.0], '826_795_min_MET_pt': [13.372199058532715, 10000000.0], '826_796': [209.0, 0.0], '826_796_passing_MET': [200.0, 0.0], '826_796_failing_MET': [9.0, 0.0], '826_796_min_MET_pt': [40.03221130371094, 10000000.0], '1052_1030': [1026.0, 0.0], '1052_1030_passing_MET': [1004.0, 0.0], '1052_1030_failing_MET': [22.0, 0.0], '1052_1030_min_MET_pt': [52.74850082397461, 10000000.0], '1052_1032': [174.0, 0.0], '1052_1032_passing_MET': [170.0, 0.0], '1052_1032_failing_MET': [4.0, 0.0], '1052_1032_min_MET_pt': [88.46134185791016, 10000000.0], '726_715': [971.0, 0.0], '726_715_passing_MET': [951.0, 0.0], '726_715_failing_MET': [20.0, 0.0], '726_715_min_MET_pt': [37.52604293823242, 10000000.0], '726_716': [112.0, 0.0], '726_716_passing_MET': [109.0, 0.0], '726_716_failing_MET': [3.0, 0.0], '726_716_min_MET_pt': [73.04096984863281, 10000000.0], '1052_1020': [1218.0, 1180.0], '1052_1020_passing_MET': [1172.0, 1150.0], '1052_1020_failing_MET': [46.0, 30.0], '1052_1020_min_MET_pt': [8.774795532226562, 25.66240882873535], '526_505': [1003.0, 0.0], '526_505_passing_MET': [971.0, 0.0], '526_505_failing_MET': [32.0, 0.0], '526_505_min_MET_pt': [58.806793212890625, 10000000.0], '926_915': [1027.0, 0.0], '926_915_passing_MET': [1002.0, 0.0], '926_915_failing_MET': [25.0, 0.0], '926_915_min_MET_pt': [6.567796230316162, 10000000.0], '926_916': [115.0, 0.0], '926_916_passing_MET': [111.0, 0.0], '926_916_failing_MET': [4.0, 0.0], '926_916_min_MET_pt': [67.21780395507812, 10000000.0], '700_686': [135.0, 0.0], '700_686_passing_MET': [132.0, 0.0], '700_686_failing_MET': [3.0, 0.0], '700_686_min_MET_pt': [90.89674377441406, 10000000.0], '576_555': [2635.0, 0.0], '576_555_passing_MET': [2555.0, 0.0], '576_555_failing_MET': [80.0, 0.0], '576_555_min_MET_pt': [28.522851943969727, 10000000.0], '576_556': [418.0, 0.0], '576_556_passing_MET': [405.0, 0.0], '576_556_failing_MET': [13.0, 0.0], '576_556_min_MET_pt': [45.947025299072266, 10000000.0], '1100_1072': [189.0, 204.0], '1100_1072_passing_MET': [182.0, 199.0], '1100_1072_failing_MET': [7.0, 5.0], '1100_1072_min_MET_pt': [44.60152053833008, 9.333894729614258], '876_865': [948.0, 986.0], '876_865_passing_MET': [933.0, 964.0], '876_865_failing_MET': [15.0, 22.0], '876_865_min_MET_pt': [63.13978958129883, 28.58291244506836], '876_866': [92.0, 92.0], '876_866_passing_MET': [91.0, 87.0], '876_866_failing_MET': [1.0, 5.0], '876_866_min_MET_pt': [95.94866943359375, 66.85346221923828], '576_565': [885.0, 1739.0], '576_565_passing_MET': [859.0, 1689.0], '576_565_failing_MET': [26.0, 50.0], '576_565_min_MET_pt': [47.4672737121582, 10.50272274017334], '576_566': [96.0, 185.0], '576_566_passing_MET': [93.0, 183.0], '576_566_failing_MET': [3.0, 2.0], '576_566_min_MET_pt': [76.27536010742188, 87.05925750732422], '1100_1092': [312.0, 100.0], '1100_1092_passing_MET': [302.0, 97.0], '1100_1092_failing_MET': [10.0, 3.0], '1100_1092_min_MET_pt': [4.454136848449707, 87.50316619873047], '600_586': [115.0, 0.0], '600_586_passing_MET': [113.0, 0.0], '600_586_failing_MET': [2.0, 0.0], '600_586_min_MET_pt': [38.729827880859375, 10000000.0], '1024_1010': [0.0, 1112.0], '1024_1010_passing_MET': [0.0, 1091.0], '1024_1010_failing_MET': [0.0, 21.0], '1024_1010_min_MET_pt': [10000000.0, 27.40729331970215], '926_910': [1120.0, 1131.0], '926_910_passing_MET': [1091.0, 1102.0], '926_910_failing_MET': [29.0, 29.0], '926_910_min_MET_pt': [16.890016555786133, 49.78725814819336], '1052_1040': [1096.0, 1138.0], '1052_1040_passing_MET': [1069.0, 1119.0], '1052_1040_failing_MET': [27.0, 19.0], '1052_1040_min_MET_pt': [61.72951889038086, 25.45242691040039], '626_615': [910.0, 913.0], '626_615_passing_MET': [884.0, 883.0], '626_615_failing_MET': [26.0, 30.0], '626_615_min_MET_pt': [40.65488815307617, 41.33946228027344], '626_616': [89.0, 101.0], '626_616_passing_MET': [87.0, 97.0], '626_616_failing_MET': [2.0, 4.0], '626_616_min_MET_pt': [68.58793640136719, 55.18425369262695], '976_960': [1145.0, 0.0], '976_960_passing_MET': [1118.0, 0.0], '976_960_failing_MET': [27.0, 0.0], '976_960_min_MET_pt': [28.432024002075195, 10000000.0], '726_700': [1113.0, 1142.0], '726_700_passing_MET': [1087.0, 1117.0], '726_700_failing_MET': [26.0, 25.0], '726_700_min_MET_pt': [17.82676124572754, 36.369102478027344], '826_815': [0.0, 1042.0], '826_815_passing_MET': [0.0, 1018.0], '826_815_failing_MET': [0.0, 24.0], '826_815_min_MET_pt': [10000000.0, 36.381187438964844], '826_816': [0.0, 77.0], '826_816_passing_MET': [0.0, 77.0], '826_816_failing_MET': [0.0, 0.0], '826_816_min_MET_pt': [10000000.0, 103.15869903564453], '526_510': [0.0, 947.0], '526_510_passing_MET': [0.0, 920.0], '526_510_failing_MET': [0.0, 27.0], '526_510_min_MET_pt': [10000000.0, 37.092567443847656], '900_886': [0.0, 145.0], '900_886_passing_MET': [0.0, 145.0], '900_886_failing_MET': [0.0, 0.0], '900_886_min_MET_pt': [10000000.0, 110.97332763671875], '750_726': [0.0, 161.0], '750_726_passing_MET': [0.0, 157.0], '750_726_failing_MET': [0.0, 4.0], '750_726_min_MET_pt': [10000000.0, 70.81524658203125], '550_526': [158.0, 0.0], '550_526_passing_MET': [148.0, 0.0], '550_526_failing_MET': [10.0, 0.0], '550_526_min_MET_pt': [65.60869598388672, 10000000.0], '650_626': [0.0, 151.0], '650_626_passing_MET': [0.0, 143.0], '650_626_failing_MET': [0.0, 8.0], '650_626_min_MET_pt': [10000000.0, 43.716758728027344], '726_710': [1070.0, 0.0], '726_710_passing_MET': [1043.0, 0.0], '726_710_failing_MET': [27.0, 0.0], '726_710_min_MET_pt': [39.58363342285156, 10000000.0], '526_515': [917.0, 0.0], '526_515_passing_MET': [885.0, 0.0], '526_515_failing_MET': [32.0, 0.0], '526_515_min_MET_pt': [37.71299743652344, 10000000.0], '526_516': [81.0, 0.0], '526_516_passing_MET': [79.0, 0.0], '526_516_failing_MET': [2.0, 0.0], '526_516_min_MET_pt': [35.70122146606445, 10000000.0], '850_836': [149.0, 0.0], '850_836_passing_MET': [143.0, 0.0], '850_836_failing_MET': [6.0, 0.0], '850_836_min_MET_pt': [64.85185241699219, 10000000.0], '776_745': [0.0, 960.0], '776_745_passing_MET': [0.0, 929.0], '776_745_failing_MET': [0.0, 31.0], '776_745_min_MET_pt': [10000000.0, 38.512916564941406], '776_746': [0.0, 200.0], '776_746_passing_MET': [0.0, 191.0], '776_746_failing_MET': [0.0, 9.0], '776_746_min_MET_pt': [10000000.0, 45.07347106933594], '676_665': [0.0, 927.0], '676_665_passing_MET': [0.0, 900.0], '676_665_failing_MET': [0.0, 27.0], '676_665_min_MET_pt': [10000000.0, 31.978240966796875], '676_666': [0.0, 99.0], '676_666_passing_MET': [0.0, 97.0], '676_666_failing_MET': [0.0, 2.0], '676_666_min_MET_pt': [10000000.0, 84.88935852050781], '826_800': [1151.0, 0.0], '826_800_passing_MET': [1122.0, 0.0], '826_800_failing_MET': [29.0, 0.0], '826_800_min_MET_pt': [25.40358543395996, 10000000.0]}
nevents_from_dict =  3470270446.975302
Results saved to /afs/cern.ch/work/m/mleoncoe/private/stop_met_check/outputs_2018/nanoAOD_196.json
done
