000 (9018140.244.000) 01/06 10:56:27 Job submitted from host: <188.185.6.50:9618?addrs=188.185.6.50-9618+[2001-1458-d00-62--100-2b1]-9618&alias=bigbird25.cern.ch&noUDP&sock=schedd_1627_90ad>
...
040 (9018140.244.000) 01/06 11:01:10 Started transferring input files
	Transferring to host: <188.185.194.100:9618?addrs=188.185.194.100-9618+[2001-1458-303-21--100-60]-9618&alias=b9p20p8257.cern.ch&noUDP&sock=slot1_45_5594_3a9d_102476>
...
040 (9018140.244.000) 01/06 11:01:10 Finished transferring input files
...
001 (9018140.244.000) 01/06 11:01:11 Job executing on host: <188.185.194.100:9618?addrs=188.185.194.100-9618+[2001-1458-303-21--100-60]-9618&alias=b9p20p8257.cern.ch&noUDP&sock=startd_4418_f581>
	SlotName: slot1_45@b9p20p8257.cern.ch
	CondorScratchDir = "/pool/condor/dir_65291"
	Cpus = 1
	Disk = 3760
	GPUs = 0
	Memory = 3000
...
006 (9018140.244.000) 01/06 11:01:24 Image size of job updated: 12472
	13  -  MemoryUsage of job (MB)
	12472  -  ResidentSetSize of job (KB)
...
006 (9018140.244.000) 01/06 11:06:24 Image size of job updated: 196084
	192  -  MemoryUsage of job (MB)
	196084  -  ResidentSetSize of job (KB)
...
006 (9018140.244.000) 01/06 11:11:25 Image size of job updated: 196100
	192  -  MemoryUsage of job (MB)
	196100  -  ResidentSetSize of job (KB)
...
006 (9018140.244.000) 01/06 11:16:25 Image size of job updated: 205192
	201  -  MemoryUsage of job (MB)
	205192  -  ResidentSetSize of job (KB)
...
006 (9018140.244.000) 01/06 11:21:26 Image size of job updated: 205280
	201  -  MemoryUsage of job (MB)
	205280  -  ResidentSetSize of job (KB)
...
006 (9018140.244.000) 01/06 11:26:27 Image size of job updated: 205292
	201  -  MemoryUsage of job (MB)
	205292  -  ResidentSetSize of job (KB)
...
006 (9018140.244.000) 01/06 11:31:27 Image size of job updated: 205392
	201  -  MemoryUsage of job (MB)
	205392  -  ResidentSetSize of job (KB)
...
006 (9018140.244.000) 01/06 11:36:28 Image size of job updated: 205488
	201  -  MemoryUsage of job (MB)
	205488  -  ResidentSetSize of job (KB)
...
006 (9018140.244.000) 01/06 11:41:28 Image size of job updated: 205568
	201  -  MemoryUsage of job (MB)
	205568  -  ResidentSetSize of job (KB)
...
040 (9018140.244.000) 01/06 11:42:08 Started transferring output files
...
040 (9018140.244.000) 01/06 11:42:09 Finished transferring output files
...
005 (9018140.244.000) 01/06 11:42:09 Job terminated.
	(1) Normal termination (return value 0)
		Usr 0 00:39:41, Sys 0 00:00:04  -  Run Remote Usage
		Usr 0 00:00:00, Sys 0 00:00:00  -  Run Local Usage
		Usr 0 00:39:41, Sys 0 00:00:04  -  Total Remote Usage
		Usr 0 00:00:00, Sys 0 00:00:00  -  Total Local Usage
	35328  -  Run Bytes Sent By Job
	21436  -  Run Bytes Received By Job
	35328  -  Total Bytes Sent By Job
	21436  -  Total Bytes Received By Job
	Partitionable Resources :    Usage  Request Allocated 
	   Cpus                 :     0.99        1         1 
	   Disk (KB)            :    82          22      3760 
	   GPUs                 :                           0 
	   Memory (MB)          :   201        3000      3000 
	   TimeExecute (s)      :  2457                       
	   TimeSlotBusy (s)     :  2459                       

	Job terminated of its own accord at 2026-01-06T10:42:08Z with exit-code 0.
...
